<?xml version="1.0" encoding="utf-8"?>
<CoverageSession xmlns:xsd="http://www.w3.org/2001/XMLSchema" xmlns:xsi="http://www.w3.org/2001/XMLSchema-instance">
  <Summary numSequencePoints="8865" visitedSequencePoints="5974" numBranchPoints="3113" visitedBranchPoints="1941" sequenceCoverage="67.39" branchCoverage="62.35" maxCyclomaticComplexity="37" minCyclomaticComplexity="0" visitedClasses="197" numClasses="270" visitedMethods="935" numMethods="1429" />
  <Modules>
    <Module skippedDueTo="Filter" hash="5B-E2-5B-A6-59-D0-63-FE-93-21-3C-9B-53-D7-EB-6D-8E-5E-35-B0">
      <ModulePath>C:\WINDOWS\assembly\GAC_64\mscorlib\2.0.0.0__b77a5c561934e089\mscorlib.dll</ModulePath>
      <ModuleTime>2019-07-26T05:21:50.0427194Z</ModuleTime>
      <ModuleName>mscorlib</ModuleName>
      <Classes />
    </Module>
    <Module skippedDueTo="Filter" hash="F9-04-A8-31-CD-FB-23-72-95-63-5D-14-9A-A0-66-8E-7F-44-93-7A">
      <ModulePath>C:\WINDOWS\assembly\GAC_64\mscorlib\2.0.0.0__b77a5c561934e089\sorttbls.nlp</ModulePath>
      <ModuleTime>2019-09-23T20:15:57.2621036Z</ModuleTime>
      <ModuleName>mscorlib</ModuleName>
      <Classes />
    </Module>
    <Module skippedDueTo="Filter" hash="F9-CA-B6-79-63-CB-31-8A-0D-DC-C3-D0-43-F8-28-C3-F0-95-F9-E7">
      <ModulePath>C:\ProjectCode\Opencover\NUnit.Runners.2.6.3\tools\nunit-console.exe</ModulePath>
      <ModuleTime>2015-05-05T06:38:34Z</ModuleTime>
      <ModuleName>nunit-console</ModuleName>
      <Classes />
    </Module>
    <Module skippedDueTo="Filter" hash="2A-C4-E5-DE-F3-EE-AD-84-E1-65-84-CC-15-90-76-96-E7-01-44-4E">
      <ModulePath>C:\ProjectCode\Opencover\NUnit.Runners.2.6.3\tools\lib\nunit-console-runner.dll</ModulePath>
      <ModuleTime>2015-05-05T06:38:34Z</ModuleTime>
      <ModuleName>nunit-console-runner</ModuleName>
      <Classes />
    </Module>
    <Module skippedDueTo="Filter" hash="33-E1-CA-24-52-5A-B7-C7-C4-AF-91-2C-A9-4A-C0-37-67-0D-5B-FE">
      <ModulePath>C:\ProjectCode\Opencover\NUnit.Runners.2.6.3\tools\lib\nunit.core.dll</ModulePath>
      <ModuleTime>2015-05-05T06:38:34Z</ModuleTime>
      <ModuleName>nunit.core</ModuleName>
      <Classes />
    </Module>
    <Module skippedDueTo="Filter" hash="74-74-F6-87-59-E1-5F-4F-5F-5E-6E-82-50-E8-E2-46-D4-86-15-76">
      <ModulePath>C:\ProjectCode\Opencover\NUnit.Runners.2.6.3\tools\lib\nunit.util.dll</ModulePath>
      <ModuleTime>2015-05-05T06:38:34Z</ModuleTime>
      <ModuleName>nunit.util</ModuleName>
      <Classes />
    </Module>
    <Module skippedDueTo="Filter" hash="D3-A4-4D-85-55-F7-CE-EF-A5-90-AA-EF-58-E0-9F-B6-CC-27-99-53">
      <ModulePath>C:\ProjectCode\Opencover\NUnit.Runners.2.6.3\tools\lib\nunit.core.interfaces.dll</ModulePath>
      <ModuleTime>2015-05-05T06:38:34Z</ModuleTime>
      <ModuleName>nunit.core.interfaces</ModuleName>
      <Classes />
    </Module>
    <Module skippedDueTo="Filter" hash="E3-03-2C-62-F8-FF-7F-FC-24-B4-D5-5A-57-28-AA-A0-FF-48-6D-B6">
      <ModulePath>C:\WINDOWS\assembly\GAC_MSIL\System.Configuration\2.0.0.0__b03f5f7f11d50a3a\System.Configuration.dll</ModulePath>
      <ModuleTime>2019-09-23T20:15:55.5275817Z</ModuleTime>
      <ModuleName>System.Configuration</ModuleName>
      <Classes />
    </Module>
    <Module skippedDueTo="Filter" hash="7F-FD-76-77-DB-32-90-A4-A7-B5-EF-72-5D-9F-56-96-7D-61-70-43">
      <ModulePath>C:\WINDOWS\assembly\GAC_MSIL\System\2.0.0.0__b77a5c561934e089\System.dll</ModulePath>
      <ModuleTime>2019-07-24T12:02:40Z</ModuleTime>
      <ModuleName>System</ModuleName>
      <Classes />
    </Module>
    <Module skippedDueTo="Filter" hash="85-70-0F-21-42-EB-41-88-FD-73-1D-54-B4-21-70-0D-A8-4D-C6-58">
      <ModulePath>C:\WINDOWS\assembly\GAC_MSIL\System.Xml\2.0.0.0__b77a5c561934e089\System.Xml.dll</ModulePath>
      <ModuleTime>2019-09-23T20:15:55.4494125Z</ModuleTime>
      <ModuleName>System.Xml</ModuleName>
      <Classes />
    </Module>
    <Module skippedDueTo="Filter" hash="6E-30-2E-50-36-FB-60-2C-8E-50-C0-83-54-8B-CC-EA-A8-91-B6-CC">
      <ModulePath>C:\WINDOWS\assembly\GAC_64\mscorlib\2.0.0.0__b77a5c561934e089\sortkey.nlp</ModulePath>
      <ModuleTime>2019-09-23T20:15:56.5278661Z</ModuleTime>
      <ModuleName>mscorlib</ModuleName>
      <Classes />
    </Module>
    <Module skippedDueTo="Filter" hash="A8-45-DD-85-AD-E0-92-9F-29-1D-57-B5-FC-93-52-41-9B-B9-4F-C5">
      <ModulePath>C:\WINDOWS\assembly\GAC_MSIL\System.Runtime.Remoting\2.0.0.0__b77a5c561934e089\System.Runtime.Remoting.dll</ModulePath>
      <ModuleTime>2019-09-23T20:15:56.2306111Z</ModuleTime>
      <ModuleName>System.Runtime.Remoting</ModuleName>
      <Classes />
    </Module>
    <Module skippedDueTo="Filter" hash="22-72-56-28-28-8D-C5-22-A1-25-D2-00-A1-23-06-52-A9-2B-AA-05">
      <ModulePath>C:\WINDOWS\Microsoft.Net\assembly\GAC_64\mscorlib\v4.0_4.0.0.0__b77a5c561934e089\mscorlib.dll</ModulePath>
      <ModuleTime>2019-08-07T07:43:28.9276146Z</ModuleTime>
      <ModuleName>mscorlib</ModuleName>
      <Classes />
    </Module>
    <Module skippedDueTo="Filter" hash="87-52-C5-B2-2F-D3-F5-4F-58-BF-89-4A-88-59-6D-CE-F4-7F-6A-3B">
      <ModulePath>C:\ProjectCode\Opencover\NUnit.Runners.2.6.3\tools\nunit-agent.exe</ModulePath>
      <ModuleTime>2015-05-05T06:38:34Z</ModuleTime>
      <ModuleName>nunit-agent</ModuleName>
      <Classes />
    </Module>
    <Module skippedDueTo="Filter" hash="33-E1-CA-24-52-5A-B7-C7-C4-AF-91-2C-A9-4A-C0-37-67-0D-5B-FE">
      <ModulePath>C:\ProjectCode\Opencover\NUnit.Runners.2.6.3\tools\lib\nunit.core.dll</ModulePath>
      <ModuleTime>2015-05-05T06:38:34Z</ModuleTime>
      <ModuleName>nunit.core</ModuleName>
      <Classes />
    </Module>
    <Module skippedDueTo="Filter" hash="74-74-F6-87-59-E1-5F-4F-5F-5E-6E-82-50-E8-E2-46-D4-86-15-76">
      <ModulePath>C:\ProjectCode\Opencover\NUnit.Runners.2.6.3\tools\lib\nunit.util.dll</ModulePath>
      <ModuleTime>2015-05-05T06:38:34Z</ModuleTime>
      <ModuleName>nunit.util</ModuleName>
      <Classes />
    </Module>
    <Module skippedDueTo="Filter" hash="D3-A4-4D-85-55-F7-CE-EF-A5-90-AA-EF-58-E0-9F-B6-CC-27-99-53">
      <ModulePath>C:\ProjectCode\Opencover\NUnit.Runners.2.6.3\tools\lib\nunit.core.interfaces.dll</ModulePath>
      <ModuleTime>2015-05-05T06:38:34Z</ModuleTime>
      <ModuleName>nunit.core.interfaces</ModuleName>
      <Classes />
    </Module>
    <Module skippedDueTo="Filter" hash="4A-9D-81-85-DC-CF-74-ED-91-AC-6F-7B-37-3D-3E-0B-36-5C-56-66">
      <ModulePath>C:\WINDOWS\Microsoft.Net\assembly\GAC_MSIL\System\v4.0_4.0.0.0__b77a5c561934e089\System.dll</ModulePath>
      <ModuleTime>2019-07-24T02:58:28Z</ModuleTime>
      <ModuleName>System</ModuleName>
      <Classes />
    </Module>
    <Module skippedDueTo="Filter" hash="A7-7B-4E-D4-75-E8-13-EA-81-E3-7A-CE-3B-E3-5B-7B-B9-B9-D8-B3">
      <ModulePath>C:\WINDOWS\Microsoft.Net\assembly\GAC_MSIL\System.Runtime.Remoting\v4.0_4.0.0.0__b77a5c561934e089\System.Runtime.Remoting.dll</ModulePath>
      <ModuleTime>2019-03-19T04:46:46.6637279Z</ModuleTime>
      <ModuleName>System.Runtime.Remoting</ModuleName>
      <Classes />
    </Module>
    <Module skippedDueTo="Filter" hash="DF-C9-61-37-67-FC-86-B5-19-6B-51-39-78-82-42-F2-94-44-FD-2F">
      <ModulePath>C:\WINDOWS\Microsoft.Net\assembly\GAC_MSIL\System.Configuration\v4.0_4.0.0.0__b03f5f7f11d50a3a\System.Configuration.dll</ModulePath>
      <ModuleTime>2019-03-19T04:46:46.1168105Z</ModuleTime>
      <ModuleName>System.Configuration</ModuleName>
      <Classes />
    </Module>
    <Module skippedDueTo="Filter" hash="BA-94-4B-50-1E-D5-31-87-F3-25-6E-BA-07-71-E4-9F-22-0D-B8-34">
      <ModulePath>C:\WINDOWS\Microsoft.Net\assembly\GAC_MSIL\System.Xml\v4.0_4.0.0.0__b77a5c561934e089\System.Xml.dll</ModulePath>
      <ModuleTime>2019-03-19T04:46:51.77351Z</ModuleTime>
      <ModuleName>System.Xml</ModuleName>
      <Classes />
    </Module>
    <Module skippedDueTo="Filter" hash="69-BD-B6-4D-3A-20-F3-46-AD-F7-D9-F3-A1-03-46-1A-75-A0-A0-5F">
      <ModulePath>C:\WINDOWS\Microsoft.Net\assembly\GAC_64\System.Web\v4.0_4.0.0.0__b03f5f7f11d50a3a\System.Web.dll</ModulePath>
      <ModuleTime>2019-07-24T02:58:41.5913499Z</ModuleTime>
      <ModuleName>System.Web</ModuleName>
      <Classes />
    </Module>
    <Module skippedDueTo="Filter" hash="F2-AA-8E-E7-AE-B4-21-FF-27-23-AE-6A-42-8B-23-5F-75-E5-78-98">
      <ModulePath>C:\WINDOWS\assembly\GAC_64\System.Web\2.0.0.0__b03f5f7f11d50a3a\System.Web.dll</ModulePath>
      <ModuleTime>2019-09-23T20:15:55.4181671Z</ModuleTime>
      <ModuleName>System.Web</ModuleName>
      <Classes />
    </Module>
    <Module skippedDueTo="Filter" hash="33-E1-CA-24-52-5A-B7-C7-C4-AF-91-2C-A9-4A-C0-37-67-0D-5B-FE">
      <ModulePath>C:\ProjectCode\Opencover\NUnit.Runners.2.6.3\tools\lib\nunit.core.dll</ModulePath>
      <ModuleTime>2015-05-05T06:38:34Z</ModuleTime>
      <ModuleName>nunit.core</ModuleName>
      <Classes />
    </Module>
    <Module skippedDueTo="Filter" hash="4A-9D-81-85-DC-CF-74-ED-91-AC-6F-7B-37-3D-3E-0B-36-5C-56-66">
      <ModulePath>C:\WINDOWS\Microsoft.Net\assembly\GAC_MSIL\System\v4.0_4.0.0.0__b77a5c561934e089\System.dll</ModulePath>
      <ModuleTime>2019-07-24T02:58:28Z</ModuleTime>
      <ModuleName>System</ModuleName>
      <Classes />
    </Module>
    <Module skippedDueTo="Filter" hash="B6-96-0F-77-90-5D-5D-2F-9A-F2-9F-C4-E5-75-AD-9C-ED-57-F3-17">
      <ModulePath>C:\ProjectCode\Opencover\NUnit.Runners.2.6.3\tools\pnunit.framework.dll</ModulePath>
      <ModuleTime>2015-05-05T06:38:34Z</ModuleTime>
      <ModuleName>pnunit.framework</ModuleName>
      <Classes />
    </Module>
    <Module skippedDueTo="Filter" hash="BF-1D-D7-35-9F-DE-AD-6C-C5-85-0E-59-71-C4-80-76-13-06-73-54">
      <ModulePath>C:\ProjectCode\Opencover\NUnit.Runners.2.6.3\tools\pnunit-agent.exe</ModulePath>
      <ModuleTime>2015-05-05T06:38:34Z</ModuleTime>
      <ModuleName>pnunit-agent</ModuleName>
      <Classes />
    </Module>
    <Module skippedDueTo="Filter" hash="D3-A4-4D-85-55-F7-CE-EF-A5-90-AA-EF-58-E0-9F-B6-CC-27-99-53">
      <ModulePath>C:\ProjectCode\Opencover\NUnit.Runners.2.6.3\tools\lib\nunit.core.interfaces.dll</ModulePath>
      <ModuleTime>2015-05-05T06:38:34Z</ModuleTime>
      <ModuleName>nunit.core.interfaces</ModuleName>
      <Classes />
    </Module>
    <Module skippedDueTo="Filter" hash="19-BF-F9-9B-B3-A0-49-7B-F6-5A-23-74-08-5C-B4-D0-36-93-BE-58">
      <ModulePath>C:\ProjectCode\SportsWeb\src\test\Test.SportsWeb.Services\bin\Debug\Nunit.Test.SportsWeb.Services.Tests.dll</ModulePath>
      <ModuleTime>2019-10-14T10:37:14.0617181Z</ModuleTime>
      <ModuleName>Nunit.Test.SportsWeb.Services.Tests</ModuleName>
      <Classes />
    </Module>
    <Module skippedDueTo="Filter" hash="16-21-71-7F-B6-D2-94-AE-3B-13-A0-FD-1E-B3-D0-76-DC-B0-DA-7B">
      <ModulePath>C:\ProjectCode\SportsWeb\src\test\Test.SportsWeb.Services\bin\Debug\nunit.framework.dll</ModulePath>
      <ModuleTime>2016-06-30T06:30:16Z</ModuleTime>
      <ModuleName>nunit.framework</ModuleName>
      <Classes />
    </Module>
    <Module skippedDueTo="Filter" hash="2A-C4-E5-DE-F3-EE-AD-84-E1-65-84-CC-15-90-76-96-E7-01-44-4E">
      <ModulePath>C:\ProjectCode\Opencover\NUnit.Runners.2.6.3\tools\lib\nunit-console-runner.dll</ModulePath>
      <ModuleTime>2015-05-05T06:38:34Z</ModuleTime>
      <ModuleName>nunit-console-runner</ModuleName>
      <Classes />
    </Module>
    <Module skippedDueTo="Filter" hash="A7-7B-4E-D4-75-E8-13-EA-81-E3-7A-CE-3B-E3-5B-7B-B9-B9-D8-B3">
      <ModulePath>C:\WINDOWS\Microsoft.Net\assembly\GAC_MSIL\System.Runtime.Remoting\v4.0_4.0.0.0__b77a5c561934e089\System.Runtime.Remoting.dll</ModulePath>
      <ModuleTime>2019-03-19T04:46:46.6637279Z</ModuleTime>
      <ModuleName>System.Runtime.Remoting</ModuleName>
      <Classes />
    </Module>
    <Module skippedDueTo="Filter" hash="DF-C9-61-37-67-FC-86-B5-19-6B-51-39-78-82-42-F2-94-44-FD-2F">
      <ModulePath>C:\WINDOWS\Microsoft.Net\assembly\GAC_MSIL\System.Configuration\v4.0_4.0.0.0__b03f5f7f11d50a3a\System.Configuration.dll</ModulePath>
      <ModuleTime>2019-03-19T04:46:46.1168105Z</ModuleTime>
      <ModuleName>System.Configuration</ModuleName>
      <Classes />
    </Module>
    <Module skippedDueTo="Filter" hash="BA-94-4B-50-1E-D5-31-87-F3-25-6E-BA-07-71-E4-9F-22-0D-B8-34">
      <ModulePath>C:\WINDOWS\Microsoft.Net\assembly\GAC_MSIL\System.Xml\v4.0_4.0.0.0__b77a5c561934e089\System.Xml.dll</ModulePath>
      <ModuleTime>2019-03-19T04:46:51.77351Z</ModuleTime>
      <ModuleName>System.Xml</ModuleName>
      <Classes />
    </Module>
    <Module hash="7D-01-EB-35-9C-3D-8A-7F-33-DF-BD-82-0A-8A-E5-51-40-5E-A8-46">
      <Summary numSequencePoints="8865" visitedSequencePoints="5974" numBranchPoints="3113" visitedBranchPoints="1941" sequenceCoverage="67.39" branchCoverage="62.35" maxCyclomaticComplexity="37" minCyclomaticComplexity="0" visitedClasses="197" numClasses="270" visitedMethods="935" numMethods="1429" />
      <ModulePath>C:\ProjectCode\SportsWeb\src\test\Test.SportsWeb.Services\bin\Debug\SportsWeb.Services.dll</ModulePath>
      <ModuleTime>2019-10-14T10:36:55.6026897Z</ModuleTime>
      <ModuleName>SportsWeb.Services</ModuleName>
      <Files>
        <File uid="1" fullPath="C:\ProjectCode\SportsWeb\src\app\SportsWeb.Services\IocConfig.cs" />
        <File uid="4" fullPath="C:\ProjectCode\SportsWeb\src\app\SportsWeb.Services\IdentityServices\AccessTokenObject.cs" />
        <File uid="5" fullPath="C:\ProjectCode\SportsWeb\src\app\SportsWeb.Services\IdentityServices\UserManagement.cs" />
        <File uid="6" fullPath="C:\ProjectCode\SportsWeb\src\app\SportsWeb.Services\IdentityServices\RestModels\UserInfo.cs" />
        <File uid="10" fullPath="C:\ProjectCode\SportsWeb\src\app\SportsWeb.Services\Utils\Class1.cs" />
        <File uid="15" fullPath="C:\ProjectCode\SportsWeb\src\app\SportsWeb.Services\Utils\Sunriset.cs" />
        <File uid="16" fullPath="C:\ProjectCode\SportsWeb\src\app\SportsWeb.Services\Utils\EnumerableExtensions.cs" />
        <File uid="17" fullPath="C:\ProjectCode\SportsWeb\src\app\SportsWeb.Services\Utils\IHttpClient.cs" />
        <File uid="18" fullPath="C:\ProjectCode\SportsWeb\src\app\SportsWeb.Services\Utils\AssemblyInfo.cs" />
        <File uid="20" fullPath="C:\ProjectCode\SportsWeb\src\app\SportsWeb.Services\Utils\CommonMethods.cs" />
        <File uid="22" fullPath="C:\ProjectCode\SportsWeb\src\app\SportsWeb.Services\Utils\Constants.cs" />
        <File uid="23" fullPath="C:\ProjectCode\SportsWeb\src\app\SportsWeb.Services\Utils\DatabaseRegistryInfo.cs" />
        <File uid="25" fullPath="C:\ProjectCode\SportsWeb\src\app\SportsWeb.Services\Utils\SceneToDimLevelMapping.cs" />
        <File uid="27" fullPath="C:\ProjectCode\SportsWeb\src\app\SportsWeb.Services\Utils\TimezoneMapping.cs" />
        <File uid="28" fullPath="C:\ProjectCode\SportsWeb\src\app\SportsWeb.Services\Utils\Helpers\DimLevelServiceHelper.cs" />
        <File uid="29" fullPath="C:\ProjectCode\SportsWeb\src\app\SportsWeb.Services\Utils\Helpers\Lambda.cs" />
        <File uid="30" fullPath="C:\ProjectCode\SportsWeb\src\app\SportsWeb.Services\Utils\Helpers\ResourceHelper.cs" />
        <File uid="31" fullPath="C:\ProjectCode\SportsWeb\src\app\SportsWeb.Services\Utils\Helpers\StartUpHelpers.cs" />
        <File uid="32" fullPath="C:\ProjectCode\SportsWeb\src\app\SportsWeb.Services\Utils\Helpers\AecsEncryptorDecryptor.cs" />
        <File uid="33" fullPath="C:\ProjectCode\SportsWeb\src\app\SportsWeb.Services\Utils\Helpers\ServicesHelper.cs" />
        <File uid="34" fullPath="C:\ProjectCode\SportsWeb\src\app\SportsWeb.Services\Utils\Helpers\SafeCallContext.cs" />
        <File uid="35" fullPath="C:\ProjectCode\SportsWeb\src\app\SportsWeb.Services\Utils\ConfigReader\CloudFileReader.cs" />
        <File uid="36" fullPath="C:\ProjectCode\SportsWeb\src\app\SportsWeb.Services\Utils\ConfigReader\JsonConfigurationReader.cs" />
        <File uid="37" fullPath="C:\ProjectCode\SportsWeb\src\app\SportsWeb.Services\Utils\ConfigReader\NamedStageConfiguration.cs" />
        <File uid="38" fullPath="C:\ProjectCode\SportsWeb\src\app\SportsWeb.Services\Utils\ConfigReader\ResolveConfigurationReferenceFromS3.cs" />
        <File uid="39" fullPath="C:\ProjectCode\SportsWeb\src\app\SportsWeb.Services\Utils\ConfigReader\S3AccessConfig.cs" />
        <File uid="40" fullPath="C:\ProjectCode\SportsWeb\src\app\SportsWeb.Services\Utils\ConfigReader\SecretsBucketAddressProvider.cs" />
        <File uid="41" fullPath="C:\ProjectCode\SportsWeb\src\app\SportsWeb.Services\Utils\ConfigReader\StageConfigurationExtractor.cs" />
        <File uid="44" fullPath="C:\ProjectCode\SportsWeb\src\app\SportsWeb.Services\Services\InstallerKeypadService.cs" />
        <File uid="46" fullPath="C:\ProjectCode\SportsWeb\src\app\SportsWeb.Services\Services\InstallerPushButtonService.cs" />
        <File uid="50" fullPath="C:\ProjectCode\SportsWeb\src\app\SportsWeb.Services\Services\OpenApiUserServices.cs" />
        <File uid="51" fullPath="C:\ProjectCode\SportsWeb\src\app\SportsWeb.Services\Services\ServiceProviderService.cs" />
        <File uid="53" fullPath="C:\ProjectCode\SportsWeb\src\app\SportsWeb.Services\Services\InstallerCircuitService.cs" />
        <File uid="58" fullPath="C:\ProjectCode\SportsWeb\src\app\SportsWeb.Services\Services\InstallerCpuService.cs" />
        <File uid="60" fullPath="C:\ProjectCode\SportsWeb\src\app\SportsWeb.Services\Services\TabletPermissionService.cs" />
        <File uid="64" fullPath="C:\ProjectCode\SportsWeb\src\app\SportsWeb.Services\Services\AdminService.cs" />
        <File uid="66" fullPath="C:\ProjectCode\SportsWeb\src\app\SportsWeb.Services\Services\CustomerService.cs" />
        <File uid="68" fullPath="C:\ProjectCode\SportsWeb\src\app\SportsWeb.Services\Services\FieldServiceAmp.cs" />
        <File uid="69" fullPath="C:\ProjectCode\SportsWeb\src\app\SportsWeb.Services\Services\InstallerPitchService.cs" />
        <File uid="73" fullPath="C:\ProjectCode\SportsWeb\src\app\SportsWeb.Services\Services\InstallerSiteService.cs" />
        <File uid="81" fullPath="C:\ProjectCode\SportsWeb\src\app\SportsWeb.Services\Services\InstallerUserService.cs" />
        <File uid="83" fullPath="C:\ProjectCode\SportsWeb\src\app\SportsWeb.Services\Services\ServiceBase.cs" />
        <File uid="84" fullPath="C:\ProjectCode\SportsWeb\src\app\SportsWeb.Services\Services\SiteServiceAmp.cs" />
        <File uid="90" fullPath="C:\ProjectCode\SportsWeb\src\app\SportsWeb.Services\Services\Validation\ValidateEndUserApplicationPermission.cs" />
        <File uid="92" fullPath="C:\ProjectCode\SportsWeb\src\app\SportsWeb.Services\Services\Validation\ValidateInstallerUserPermission.cs" />
        <File uid="93" fullPath="C:\ProjectCode\SportsWeb\src\app\SportsWeb.Services\Services\Validation\ValidateTabletUserPermission.cs" />
        <File uid="95" fullPath="C:\ProjectCode\SportsWeb\src\app\SportsWeb.Services\Services\Interfaces\IFieldService.cs" />
        <File uid="96" fullPath="C:\ProjectCode\SportsWeb\src\app\SportsWeb.Services\Services\Interfaces\ISiteService.cs" />
        <File uid="99" fullPath="C:\ProjectCode\SportsWeb\src\app\SportsWeb.Services\Services\Interfaces\EndUserApplication\IUserServices.cs" />
        <File uid="100" fullPath="C:\ProjectCode\SportsWeb\src\app\SportsWeb.Services\Services\Implementation\SceneServices.cs" />
        <File uid="104" fullPath="C:\ProjectCode\SportsWeb\src\app\SportsWeb.Services\Services\Implementation\SchedulingApplication\ScheduleServices.cs" />
        <File uid="108" fullPath="C:\ProjectCode\SportsWeb\src\app\SportsWeb.Services\Services\Implementation\SchedulingApplication\MasterScheduleService.cs" />
        <File uid="115" fullPath="C:\ProjectCode\SportsWeb\src\app\SportsWeb.Services\Services\Implementation\EndUserApplication\TwilightService.cs" />
        <File uid="117" fullPath="C:\ProjectCode\SportsWeb\src\app\SportsWeb.Services\Services\Implementation\EndUserApplication\UserServices.cs" />
        <File uid="118" fullPath="C:\ProjectCode\SportsWeb\src\app\SportsWeb.Services\ServiceModels\VerifyCircuitAmpModel.cs" />
        <File uid="119" fullPath="C:\ProjectCode\SportsWeb\src\app\SportsWeb.Services\Repository\DBFunctions.cs" />
        <File uid="120" fullPath="C:\ProjectCode\SportsWeb\src\app\SportsWeb.Services\Repository\ExecuteScripts.cs" />
        <File uid="121" fullPath="C:\ProjectCode\SportsWeb\src\app\SportsWeb.Services\Repository\ConnectionStringBuilder.cs" />
        <File uid="122" fullPath="C:\ProjectCode\SportsWeb\src\app\SportsWeb.Services\Repository\ManagedSession.cs" />
        <File uid="124" fullPath="C:\ProjectCode\SportsWeb\src\app\SportsWeb.Services\Repository\Repository.cs" />
        <File uid="127" fullPath="C:\ProjectCode\SportsWeb\src\app\SportsWeb.Services\Repository\UnitOfWork.cs" />
        <File uid="130" fullPath="C:\ProjectCode\SportsWeb\src\app\SportsWeb.Services\Middleware\RequestPerformanceLogger.cs" />
        <File uid="132" fullPath="C:\ProjectCode\SportsWeb\src\app\SportsWeb.Services\Middleware\FailedSetUpMiddleware.cs" />
        <File uid="133" fullPath="C:\ProjectCode\SportsWeb\src\app\SportsWeb.Services\Middleware\GlobalExceptionMiddleware.cs" />
        <File uid="135" fullPath="C:\ProjectCode\SportsWeb\src\app\SportsWeb.Services\Middleware\RemoveServerHeaderMiddleware.cs" />
        <File uid="137" fullPath="C:\ProjectCode\SportsWeb\src\app\SportsWeb.Services\FeatureManagement\FeatureManager.cs" />
        <File uid="141" fullPath="C:\ProjectCode\SportsWeb\src\app\SportsWeb.Services\Exceptions\UserViewableException.cs" />
        <File uid="142" fullPath="C:\ProjectCode\SportsWeb\src\app\SportsWeb.Services\Exceptions\AuthorizationFailedException.cs" />
        <File uid="143" fullPath="C:\ProjectCode\SportsWeb\src\app\SportsWeb.Services\DomainModel\Commands\AddServiceProvider.cs" />
        <File uid="144" fullPath="C:\ProjectCode\SportsWeb\src\app\SportsWeb.Services\DomainModel\Commands\UpdateSiteServiceProviderStatus.cs" />
        <File uid="145" fullPath="C:\ProjectCode\SportsWeb\src\app\SportsWeb.Services\DomainModel\Commands\UpdateSitesToServiceProvider.cs" />
        <File uid="146" fullPath="C:\ProjectCode\SportsWeb\src\app\SportsWeb.Services\DomainModel\Commands\AddCustomSceneCommand.cs" />
        <File uid="147" fullPath="C:\ProjectCode\SportsWeb\src\app\SportsWeb.Services\DomainModel\Commands\UpdateCustomSceneCommand.cs" />
        <File uid="148" fullPath="C:\ProjectCode\SportsWeb\src\app\SportsWeb.Services\DomainModel\Commands\UpdateScheduleCommand.cs" />
        <File uid="149" fullPath="C:\ProjectCode\SportsWeb\src\app\SportsWeb.Services\DomainModel\Commands\AddScheduleCommand.cs" />
        <File uid="150" fullPath="C:\ProjectCode\SportsWeb\src\app\SportsWeb.Services\DomainModel\Commands\AddSceneSettingsForSite.cs" />
        <File uid="151" fullPath="C:\ProjectCode\SportsWeb\src\app\SportsWeb.Services\DomainModel\Commands\DeleteAdministratorCommand.cs" />
        <File uid="152" fullPath="C:\ProjectCode\SportsWeb\src\app\SportsWeb.Services\DomainModel\Commands\DeleteScheduleCommand.cs" />
        <File uid="153" fullPath="C:\ProjectCode\SportsWeb\src\app\SportsWeb.Services\DomainModel\Commands\UpdateCustomerUserCommand.cs" />
        <File uid="154" fullPath="C:\ProjectCode\SportsWeb\src\app\SportsWeb.Services\DomainModel\Commands\UpdateKeypadCommand.cs" />
        <File uid="155" fullPath="C:\ProjectCode\SportsWeb\src\app\SportsWeb.Services\DomainModel\Commands\AddKeypadCommand.cs" />
        <File uid="156" fullPath="C:\ProjectCode\SportsWeb\src\app\SportsWeb.Services\DomainModel\Commands\AddAmpCustomerUserCommand.cs" />
        <File uid="157" fullPath="C:\ProjectCode\SportsWeb\src\app\SportsWeb.Services\DomainModel\Commands\AddSceneChange.cs" />
        <File uid="158" fullPath="C:\ProjectCode\SportsWeb\src\app\SportsWeb.Services\DomainModel\Commands\CreateAdministratorCommand.cs" />
        <File uid="159" fullPath="C:\ProjectCode\SportsWeb\src\app\SportsWeb.Services\DomainModel\Commands\CreateCustomerCommandLegacy.cs" />
        <File uid="160" fullPath="C:\ProjectCode\SportsWeb\src\app\SportsWeb.Services\DomainModel\Commands\CreateCustomerCommand.cs" />
        <File uid="161" fullPath="C:\ProjectCode\SportsWeb\src\app\SportsWeb.Services\DomainModel\Commands\CreatePitchCommand .cs" />
        <File uid="162" fullPath="C:\ProjectCode\SportsWeb\src\app\SportsWeb.Services\DomainModel\Commands\CreateSiteCommand.cs" />
        <File uid="163" fullPath="C:\ProjectCode\SportsWeb\src\app\SportsWeb.Services\DomainModel\Commands\CreateUserCommandWithPermissions.cs" />
        <File uid="164" fullPath="C:\ProjectCode\SportsWeb\src\app\SportsWeb.Services\DomainModel\Commands\CreateUserCommand.cs" />
        <File uid="165" fullPath="C:\ProjectCode\SportsWeb\src\app\SportsWeb.Services\DomainModel\Commands\DeletePitchCommand.cs" />
        <File uid="166" fullPath="C:\ProjectCode\SportsWeb\src\app\SportsWeb.Services\DomainModel\Commands\DeleteSiteCommand.cs" />
        <File uid="167" fullPath="C:\ProjectCode\SportsWeb\src\app\SportsWeb.Services\DomainModel\Commands\DeleteUserFromSiteCommand.cs" />
        <File uid="168" fullPath="C:\ProjectCode\SportsWeb\src\app\SportsWeb.Services\DomainModel\Commands\UpdateAdministratorCommand.cs" />
        <File uid="169" fullPath="C:\ProjectCode\SportsWeb\src\app\SportsWeb.Services\DomainModel\Commands\UpdateCustomerCommand.cs" />
        <File uid="170" fullPath="C:\ProjectCode\SportsWeb\src\app\SportsWeb.Services\DomainModel\Commands\UpdatePitchCommand.cs" />
        <File uid="171" fullPath="C:\ProjectCode\SportsWeb\src\app\SportsWeb.Services\DomainModel\Commands\UpdateSiteCommand.cs" />
        <File uid="172" fullPath="C:\ProjectCode\SportsWeb\src\app\SportsWeb.Services\DomainModel\Commands\UpdateSceneSettingsForSite.cs" />
        <File uid="173" fullPath="C:\ProjectCode\SportsWeb\src\app\SportsWeb.Services\DomainModel\Commands\UpdateStateCommand.cs" />
        <File uid="174" fullPath="C:\ProjectCode\SportsWeb\src\app\SportsWeb.Services\DomainModel\Commands\UpdateUserCommandWithPermission.cs" />
        <File uid="175" fullPath="C:\ProjectCode\SportsWeb\src\app\SportsWeb.Services\DomainModel\Commands\UpdateUserCommand.cs" />
        <File uid="176" fullPath="C:\ProjectCode\SportsWeb\src\app\SportsWeb.Services\DomainModel\CommandHandlers\AddScheduleCommandHandler.cs" />
        <File uid="177" fullPath="C:\ProjectCode\SportsWeb\src\app\SportsWeb.Services\DomainModel\CommandHandlers\AddSceneSettingsForSiteCommandHandler.cs" />
        <File uid="178" fullPath="C:\ProjectCode\SportsWeb\src\app\SportsWeb.Services\DomainModel\CommandHandlers\AddServiceProviderCommandHandler.cs" />
        <File uid="179" fullPath="C:\ProjectCode\SportsWeb\src\app\SportsWeb.Services\DomainModel\CommandHandlers\UpdateSiteServiceProviderCommandHandler.cs" />
        <File uid="180" fullPath="C:\ProjectCode\SportsWeb\src\app\SportsWeb.Services\DomainModel\CommandHandlers\DeleteAdministratorCommandHandler.cs" />
        <File uid="181" fullPath="C:\ProjectCode\SportsWeb\src\app\SportsWeb.Services\DomainModel\CommandHandlers\DeleteScheduleCommandHandler.cs" />
        <File uid="182" fullPath="C:\ProjectCode\SportsWeb\src\app\SportsWeb.Services\DomainModel\CommandHandlers\UpdateCustomerUserCommandHandler.cs" />
        <File uid="183" fullPath="C:\ProjectCode\SportsWeb\src\app\SportsWeb.Services\DomainModel\CommandHandlers\UpdateCustomSceneForSiteCommandHandler.cs" />
        <File uid="184" fullPath="C:\ProjectCode\SportsWeb\src\app\SportsWeb.Services\DomainModel\CommandHandlers\UpdateKeypadCommandHandler.cs" />
        <File uid="185" fullPath="C:\ProjectCode\SportsWeb\src\app\SportsWeb.Services\DomainModel\CommandHandlers\AddKeypadCommandHandler.cs" />
        <File uid="186" fullPath="C:\ProjectCode\SportsWeb\src\app\SportsWeb.Services\DomainModel\CommandHandlers\AddAmpCustomerUserCommandHandler.cs" />
        <File uid="187" fullPath="C:\ProjectCode\SportsWeb\src\app\SportsWeb.Services\DomainModel\CommandHandlers\AddSceneChangeCommandHandler.cs" />
        <File uid="188" fullPath="C:\ProjectCode\SportsWeb\src\app\SportsWeb.Services\DomainModel\CommandHandlers\CreateCustomerCommandLegcayHandler.cs" />
        <File uid="189" fullPath="C:\ProjectCode\SportsWeb\src\app\SportsWeb.Services\DomainModel\CommandHandlers\CreateUserCommandHandlerWithPermissions.cs" />
        <File uid="191" fullPath="C:\ProjectCode\SportsWeb\src\app\SportsWeb.Services\DomainModel\CommandHandlers\DeletePitchCommandHandler.cs" />
        <File uid="192" fullPath="C:\ProjectCode\SportsWeb\src\app\SportsWeb.Services\DomainModel\CommandHandlers\DeleteSiteCommandHandler.cs" />
        <File uid="193" fullPath="C:\ProjectCode\SportsWeb\src\app\SportsWeb.Services\DomainModel\CommandHandlers\UpdateSceneSettingsForSiteCommandHandler.cs" />
        <File uid="194" fullPath="C:\ProjectCode\SportsWeb\src\app\SportsWeb.Services\DomainModel\CommandHandlers\UpdateScheduleCommandHandler.cs" />
        <File uid="195" fullPath="C:\ProjectCode\SportsWeb\src\app\SportsWeb.Services\DomainModel\CommandHandlers\UpdateSitesToServiceProviderCommandHandler.cs" />
        <File uid="197" fullPath="C:\ProjectCode\SportsWeb\src\app\SportsWeb.Services\DomainModel\CommandHandlers\UpdateUserCommandHandlerWithPermissions.cs" />
        <File uid="199" fullPath="C:\ProjectCode\SportsWeb\src\app\SportsWeb.Services\DomainModel\CommandHandlers\CreateAdministratorCommandHandler.cs" />
        <File uid="200" fullPath="C:\ProjectCode\SportsWeb\src\app\SportsWeb.Services\DomainModel\CommandHandlers\CreateCustomerCommandHandler.cs" />
        <File uid="201" fullPath="C:\ProjectCode\SportsWeb\src\app\SportsWeb.Services\DomainModel\CommandHandlers\CreatePitchCommandHandler.cs" />
        <File uid="202" fullPath="C:\ProjectCode\SportsWeb\src\app\SportsWeb.Services\DomainModel\CommandHandlers\CreateSiteCommandHandler.cs" />
        <File uid="204" fullPath="C:\ProjectCode\SportsWeb\src\app\SportsWeb.Services\DomainModel\CommandHandlers\CreateUserCommandHandler.cs" />
        <File uid="205" fullPath="C:\ProjectCode\SportsWeb\src\app\SportsWeb.Services\DomainModel\CommandHandlers\DeleteUserFromSiteCommandHandler.cs" />
        <File uid="206" fullPath="C:\ProjectCode\SportsWeb\src\app\SportsWeb.Services\DomainModel\CommandHandlers\UpdateAdministratorCommandHandler.cs" />
        <File uid="207" fullPath="C:\ProjectCode\SportsWeb\src\app\SportsWeb.Services\DomainModel\CommandHandlers\UpdateCustomerCommandHandler.cs" />
        <File uid="208" fullPath="C:\ProjectCode\SportsWeb\src\app\SportsWeb.Services\DomainModel\CommandHandlers\UpdatePitchCommandHandler.cs" />
        <File uid="209" fullPath="C:\ProjectCode\SportsWeb\src\app\SportsWeb.Services\DomainModel\CommandHandlers\UpdateSiteCommandHandler.cs" />
        <File uid="211" fullPath="C:\ProjectCode\SportsWeb\src\app\SportsWeb.Services\DomainModel\CommandHandlers\UpdateUserCommandHandler.cs" />
        <File uid="212" fullPath="C:\ProjectCode\SportsWeb\src\app\SportsWeb.Services\DomainModel\CommandHandlers\UpdateStateCommandHandler.cs" />
        <File uid="213" fullPath="C:\ProjectCode\SportsWeb\src\app\SportsWeb.Services\DomainModel\CommandHandlers\AddCustomSceneForSiteCommandHandler.cs" />
        <File uid="214" fullPath="C:\ProjectCode\SportsWeb\src\app\SportsWeb.Services\DI\SportsContainer.cs" />
        <File uid="215" fullPath="C:\ProjectCode\SportsWeb\src\app\SportsWeb.Services\Configuration\AmplightApiConfiguration.cs" />
        <File uid="216" fullPath="C:\ProjectCode\SportsWeb\src\app\SportsWeb.Services\Configuration\DatabaseConfiguration.cs" />
        <File uid="217" fullPath="C:\ProjectCode\SportsWeb\src\app\SportsWeb.Services\Configuration\GetAuthorityRootUrl.cs" />
        <File uid="218" fullPath="C:\ProjectCode\SportsWeb\src\app\SportsWeb.Services\Configuration\IDatabaseContextResolver.cs" />
        <File uid="219" fullPath="C:\ProjectCode\SportsWeb\src\app\SportsWeb.Services\Configuration\StageConfiguration.cs" />
        <File uid="220" fullPath="C:\ProjectCode\SportsWeb\src\app\SportsWeb.Services\Configuration\StageEnvironmentDetail.cs" />
        <File uid="221" fullPath="C:\ProjectCode\SportsWeb\src\app\SportsWeb.Services\CommandHandling\DefaultCommandBus.cs" />
        <File uid="222" fullPath="C:\ProjectCode\SportsWeb\src\app\SportsWeb.Services\Authentication\BearerAuthentication.cs" />
        <File uid="224" fullPath="C:\ProjectCode\SportsWeb\src\app\SportsWeb.Services\Authentication\EnforceHttpsHandler.cs" />
        <File uid="226" fullPath="C:\ProjectCode\SportsWeb\src\app\SportsWeb.Services\Authentication\JwksKeySet.cs" />
        <File uid="229" fullPath="C:\ProjectCode\SportsWeb\src\app\SportsWeb.Services\Authentication\PermissionsEvaluator.cs" />
        <File uid="231" fullPath="C:\ProjectCode\SportsWeb\src\app\SportsWeb.Services\Authentication\PrincipalHelper.cs" />
        <File uid="235" fullPath="C:\ProjectCode\SportsWeb\src\app\SportsWeb.Services\Authentication\PermissionsRegistry.cs" />
        <File uid="238" fullPath="C:\ProjectCode\SportsWeb\src\app\SportsWeb.Services\AppConfiguration\BucketAddress.cs" />
        <File uid="239" fullPath="C:\ProjectCode\SportsWeb\src\app\SportsWeb.Services\AppConfiguration\ConnectionStringProvider.cs" />
        <File uid="241" fullPath="C:\ProjectCode\SportsWeb\src\app\SportsWeb.Services\AppConfiguration\IGetS3BucketAddress.cs" />
        <File uid="242" fullPath="C:\ProjectCode\SportsWeb\src\app\SportsWeb.Services\AppConfiguration\S3ConfigurationStream.cs" />
        <File uid="243" fullPath="C:\ProjectCode\SportsWeb\src\app\SportsWeb.Services\AppConfiguration\WellKnownPorts.cs" />
        <File uid="244" fullPath="C:\ProjectCode\SportsWeb\src\app\SportsWeb.Services\Cabinate\AmpLightService\AmpLightExtensions.cs" />
        <File uid="245" fullPath="C:\ProjectCode\SportsWeb\src\app\SportsWeb.Services\Cabinate\AmpLightService\AmpWebCabinet_MasterSchedules.cs" />
        <File uid="246" fullPath="C:\ProjectCode\SportsWeb\src\app\SportsWeb.Services\Cabinate\AmpLightService\AmpWebCabinet_Site.cs" />
        <File uid="247" fullPath="C:\ProjectCode\SportsWeb\src\app\SportsWeb.Services\Cabinate\AmpLightService\AmpWebCabinet_Field.cs" />
        <File uid="248" fullPath="C:\ProjectCode\SportsWeb\src\app\SportsWeb.Services\Cabinate\AmpLightService\AmpWebCabinet_Circuits.cs" />
        <File uid="249" fullPath="C:\ProjectCode\SportsWeb\src\app\SportsWeb.Services\Cabinate\AmpLightService\AmpWebCabinet_Keypads.cs" />
        <File uid="250" fullPath="C:\ProjectCode\SportsWeb\src\app\SportsWeb.Services\Cabinate\AmpLightService\AmpWebCabinet_PushButton.cs" />
        <File uid="251" fullPath="C:\ProjectCode\SportsWeb\src\app\SportsWeb.Services\Cabinate\AmpLightService\AmpWebCabinet_Schedules.cs" />
        <File uid="252" fullPath="C:\ProjectCode\SportsWeb\src\app\SportsWeb.Services\Cabinate\AmpLightService\AmpWebCabinet.cs" />
        <File uid="270" fullPath="C:\ProjectCode\SportsWeb\src\app\SportsWeb.Services\Cabinate\AmpLightService\AmpWebClientResolver.cs" />
        <File uid="272" fullPath="C:\ProjectCode\SportsWeb\src\app\SportsWeb.Services\Cabinate\AmpLightService\AmpCabinetHelper.cs" />
        <File uid="273" fullPath="C:\ProjectCode\SportsWeb\src\app\SportsWeb.Services\Cabinate\AmpLightService\Interceptors\AmpLightRequestInterceptor.cs" />
        <File uid="274" fullPath="C:\ProjectCode\SportsWeb\src\app\SportsWeb.Services\Cabinate\AmpLightService\AmpWebApiErrorHandling\ErrorMessageContainer\ApiErrorMessageContainer_Circuits.cs" />
        <File uid="275" fullPath="C:\ProjectCode\SportsWeb\src\app\SportsWeb.Services\Cabinate\AmpLightService\AmpWebApiErrorHandling\ErrorMessageContainer\ApiErrorMessageContainer_Field.cs" />
        <File uid="276" fullPath="C:\ProjectCode\SportsWeb\src\app\SportsWeb.Services\Cabinate\AmpLightService\AmpWebApiErrorHandling\ErrorMessageContainer\ApiErrorMessageContainer_KeyPad.cs" />
        <File uid="277" fullPath="C:\ProjectCode\SportsWeb\src\app\SportsWeb.Services\Cabinate\AmpLightService\AmpWebApiErrorHandling\ErrorMessageContainer\ApiErrorMessageContainer_PushButton.cs" />
        <File uid="278" fullPath="C:\ProjectCode\SportsWeb\src\app\SportsWeb.Services\Cabinate\AmpLightService\AmpWebApiErrorHandling\ErrorMessageContainer\ApiErrorMessageContainer_Site.cs" />
        <File uid="279" fullPath="C:\ProjectCode\SportsWeb\src\app\SportsWeb.Services\Cabinate\AmpLightService\AmpWebApiErrorHandling\ErrorMessageContainer\ApiErrorMessageContainer_Schedule.cs" />
        <File uid="280" fullPath="C:\ProjectCode\SportsWeb\src\app\SportsWeb.Services\Cabinate\AmpLightService\AmpWebApiErrorHandling\ErrorMessageContainer\ApiErrorMessageContainer_MasterSchedule.cs" />
        <File uid="281" fullPath="C:\ProjectCode\SportsWeb\src\app\SportsWeb.Services\Cabinate\AmpLightService\AmpWebApiErrorHandling\ErrorMessageContainer\ApiErrorMessageContainer.cs" />
        <File uid="282" fullPath="C:\ProjectCode\SportsWeb\src\app\SportsWeb.Services\Cabinate\AmpLightService\AmpWebApiErrorHandling\ApiErrorMessage.cs" />
        <File uid="283" fullPath="C:\ProjectCode\SportsWeb\src\app\SportsWeb.Services\Cabinate\AmpLightService\AmpWebApiErrorHandling\ApiErrorResolver.cs" />
        <File uid="285" fullPath="C:\ProjectCode\SportsWeb\src\app\SportsWeb.Services\Cabinate\AmpLightService\AmpWebApiErrorHandling\ApiUserExceptionEntity.cs" />
        <File uid="286" fullPath="C:\ProjectCode\SportsWeb\src\app\SportsWeb.Services\Cabinate\AmpLightService\AmpWebApiErrorHandling\SimpleTranslator.cs" />
      </Files>
      <Classes>
        <Class>
          <Summary numSequencePoints="0" visitedSequencePoints="0" numBranchPoints="0" visitedBranchPoints="0" sequenceCoverage="0" branchCoverage="0" maxCyclomaticComplexity="0" minCyclomaticComplexity="0" visitedClasses="0" numClasses="0" visitedMethods="0" numMethods="0" />
          <FullName>&lt;Module&gt;</FullName>
          <Methods />
        </Class>
        <Class>
          <Summary numSequencePoints="0" visitedSequencePoints="0" numBranchPoints="0" visitedBranchPoints="0" sequenceCoverage="0" branchCoverage="0" maxCyclomaticComplexity="7" minCyclomaticComplexity="1" visitedClasses="0" numClasses="0" visitedMethods="0" numMethods="0" />
          <FullName>&lt;&gt;f__AnonymousType0`2</FullName>
          <Methods>
            <Method visited="false" cyclomaticComplexity="1" nPathComplexity="0" sequenceCoverage="0" branchCoverage="0" isConstructor="false" isStatic="false" isGetter="true" isSetter="false">
              <Summary numSequencePoints="0" visitedSequencePoints="0" numBranchPoints="0" visitedBranchPoints="0" sequenceCoverage="0" branchCoverage="0" maxCyclomaticComplexity="1" minCyclomaticComplexity="1" visitedClasses="0" numClasses="0" visitedMethods="0" numMethods="0" />
              <MetadataToken>100663297</MetadataToken>
              <Name>&lt;pitch&gt;j__TPar &lt;&gt;f__AnonymousType0`2::get_pitch()</Name>
              <SequencePoints />
              <BranchPoints />
              <MethodPoint vc="0" uspid="1" ordinal="0" offset="0" />
            </Method>
            <Method visited="false" cyclomaticComplexity="1" nPathComplexity="0" sequenceCoverage="0" branchCoverage="0" isConstructor="false" isStatic="false" isGetter="true" isSetter="false">
              <Summary numSequencePoints="0" visitedSequencePoints="0" numBranchPoints="0" visitedBranchPoints="0" sequenceCoverage="0" branchCoverage="0" maxCyclomaticComplexity="1" minCyclomaticComplexity="1" visitedClasses="0" numClasses="0" visitedMethods="0" numMethods="0" />
              <MetadataToken>100663298</MetadataToken>
              <Name>&lt;site&gt;j__TPar &lt;&gt;f__AnonymousType0`2::get_site()</Name>
              <SequencePoints />
              <BranchPoints />
              <MethodPoint vc="0" uspid="2" ordinal="0" offset="0" />
            </Method>
            <Method visited="false" cyclomaticComplexity="1" nPathComplexity="0" sequenceCoverage="0" branchCoverage="0" isConstructor="true" isStatic="false" isGetter="false" isSetter="false">
              <Summary numSequencePoints="0" visitedSequencePoints="0" numBranchPoints="0" visitedBranchPoints="0" sequenceCoverage="0" branchCoverage="0" maxCyclomaticComplexity="1" minCyclomaticComplexity="1" visitedClasses="0" numClasses="0" visitedMethods="0" numMethods="0" />
              <MetadataToken>100663299</MetadataToken>
              <Name>System.Void &lt;&gt;f__AnonymousType0`2::.ctor(&lt;pitch&gt;j__TPar,&lt;site&gt;j__TPar)</Name>
              <SequencePoints />
              <BranchPoints />
              <MethodPoint vc="0" uspid="3" ordinal="0" offset="0" />
            </Method>
            <Method visited="false" cyclomaticComplexity="3" nPathComplexity="0" sequenceCoverage="0" branchCoverage="0" isConstructor="false" isStatic="false" isGetter="false" isSetter="false">
              <Summary numSequencePoints="0" visitedSequencePoints="0" numBranchPoints="0" visitedBranchPoints="0" sequenceCoverage="0" branchCoverage="0" maxCyclomaticComplexity="3" minCyclomaticComplexity="3" visitedClasses="0" numClasses="0" visitedMethods="0" numMethods="0" />
              <MetadataToken>100663300</MetadataToken>
              <Name>System.Boolean &lt;&gt;f__AnonymousType0`2::Equals(System.Object)</Name>
              <SequencePoints />
              <BranchPoints />
              <MethodPoint vc="0" uspid="4" ordinal="0" offset="0" />
            </Method>
            <Method visited="false" cyclomaticComplexity="1" nPathComplexity="0" sequenceCoverage="0" branchCoverage="0" isConstructor="false" isStatic="false" isGetter="false" isSetter="false">
              <Summary numSequencePoints="0" visitedSequencePoints="0" numBranchPoints="0" visitedBranchPoints="0" sequenceCoverage="0" branchCoverage="0" maxCyclomaticComplexity="1" minCyclomaticComplexity="1" visitedClasses="0" numClasses="0" visitedMethods="0" numMethods="0" />
              <MetadataToken>100663301</MetadataToken>
              <Name>System.Int32 &lt;&gt;f__AnonymousType0`2::GetHashCode()</Name>
              <SequencePoints />
              <BranchPoints />
              <MethodPoint vc="0" uspid="5" ordinal="0" offset="0" />
            </Method>
            <Method visited="false" cyclomaticComplexity="7" nPathComplexity="0" sequenceCoverage="0" branchCoverage="0" isConstructor="false" isStatic="false" isGetter="false" isSetter="false">
              <Summary numSequencePoints="0" visitedSequencePoints="0" numBranchPoints="0" visitedBranchPoints="0" sequenceCoverage="0" branchCoverage="0" maxCyclomaticComplexity="7" minCyclomaticComplexity="7" visitedClasses="0" numClasses="0" visitedMethods="0" numMethods="0" />
              <MetadataToken>100663302</MetadataToken>
              <Name>System.String &lt;&gt;f__AnonymousType0`2::ToString()</Name>
              <SequencePoints />
              <BranchPoints />
              <MethodPoint vc="0" uspid="6" ordinal="0" offset="0" />
            </Method>
          </Methods>
        </Class>
        <Class>
          <Summary numSequencePoints="0" visitedSequencePoints="0" numBranchPoints="0" visitedBranchPoints="0" sequenceCoverage="0" branchCoverage="0" maxCyclomaticComplexity="7" minCyclomaticComplexity="1" visitedClasses="0" numClasses="0" visitedMethods="0" numMethods="0" />
          <FullName>&lt;&gt;f__AnonymousType1`2</FullName>
          <Methods>
            <Method visited="false" cyclomaticComplexity="1" nPathComplexity="0" sequenceCoverage="0" branchCoverage="0" isConstructor="false" isStatic="false" isGetter="true" isSetter="false">
              <Summary numSequencePoints="0" visitedSequencePoints="0" numBranchPoints="0" visitedBranchPoints="0" sequenceCoverage="0" branchCoverage="0" maxCyclomaticComplexity="1" minCyclomaticComplexity="1" visitedClasses="0" numClasses="0" visitedMethods="0" numMethods="0" />
              <MetadataToken>100663303</MetadataToken>
              <Name>&lt;&lt;&gt;h__TransparentIdentifier0&gt;j__TPar &lt;&gt;f__AnonymousType1`2::get_&lt;&gt;h__TransparentIdentifier0()</Name>
              <SequencePoints />
              <BranchPoints />
              <MethodPoint vc="0" uspid="7" ordinal="0" offset="0" />
            </Method>
            <Method visited="false" cyclomaticComplexity="1" nPathComplexity="0" sequenceCoverage="0" branchCoverage="0" isConstructor="false" isStatic="false" isGetter="true" isSetter="false">
              <Summary numSequencePoints="0" visitedSequencePoints="0" numBranchPoints="0" visitedBranchPoints="0" sequenceCoverage="0" branchCoverage="0" maxCyclomaticComplexity="1" minCyclomaticComplexity="1" visitedClasses="0" numClasses="0" visitedMethods="0" numMethods="0" />
              <MetadataToken>100663304</MetadataToken>
              <Name>&lt;customer&gt;j__TPar &lt;&gt;f__AnonymousType1`2::get_customer()</Name>
              <SequencePoints />
              <BranchPoints />
              <MethodPoint vc="0" uspid="8" ordinal="0" offset="0" />
            </Method>
            <Method visited="false" cyclomaticComplexity="1" nPathComplexity="0" sequenceCoverage="0" branchCoverage="0" isConstructor="true" isStatic="false" isGetter="false" isSetter="false">
              <Summary numSequencePoints="0" visitedSequencePoints="0" numBranchPoints="0" visitedBranchPoints="0" sequenceCoverage="0" branchCoverage="0" maxCyclomaticComplexity="1" minCyclomaticComplexity="1" visitedClasses="0" numClasses="0" visitedMethods="0" numMethods="0" />
              <MetadataToken>100663305</MetadataToken>
              <Name>System.Void &lt;&gt;f__AnonymousType1`2::.ctor(&lt;&lt;&gt;h__TransparentIdentifier0&gt;j__TPar,&lt;customer&gt;j__TPar)</Name>
              <SequencePoints />
              <BranchPoints />
              <MethodPoint vc="0" uspid="9" ordinal="0" offset="0" />
            </Method>
            <Method visited="false" cyclomaticComplexity="3" nPathComplexity="0" sequenceCoverage="0" branchCoverage="0" isConstructor="false" isStatic="false" isGetter="false" isSetter="false">
              <Summary numSequencePoints="0" visitedSequencePoints="0" numBranchPoints="0" visitedBranchPoints="0" sequenceCoverage="0" branchCoverage="0" maxCyclomaticComplexity="3" minCyclomaticComplexity="3" visitedClasses="0" numClasses="0" visitedMethods="0" numMethods="0" />
              <MetadataToken>100663306</MetadataToken>
              <Name>System.Boolean &lt;&gt;f__AnonymousType1`2::Equals(System.Object)</Name>
              <SequencePoints />
              <BranchPoints />
              <MethodPoint vc="0" uspid="10" ordinal="0" offset="0" />
            </Method>
            <Method visited="false" cyclomaticComplexity="1" nPathComplexity="0" sequenceCoverage="0" branchCoverage="0" isConstructor="false" isStatic="false" isGetter="false" isSetter="false">
              <Summary numSequencePoints="0" visitedSequencePoints="0" numBranchPoints="0" visitedBranchPoints="0" sequenceCoverage="0" branchCoverage="0" maxCyclomaticComplexity="1" minCyclomaticComplexity="1" visitedClasses="0" numClasses="0" visitedMethods="0" numMethods="0" />
              <MetadataToken>100663307</MetadataToken>
              <Name>System.Int32 &lt;&gt;f__AnonymousType1`2::GetHashCode()</Name>
              <SequencePoints />
              <BranchPoints />
              <MethodPoint vc="0" uspid="11" ordinal="0" offset="0" />
            </Method>
            <Method visited="false" cyclomaticComplexity="7" nPathComplexity="0" sequenceCoverage="0" branchCoverage="0" isConstructor="false" isStatic="false" isGetter="false" isSetter="false">
              <Summary numSequencePoints="0" visitedSequencePoints="0" numBranchPoints="0" visitedBranchPoints="0" sequenceCoverage="0" branchCoverage="0" maxCyclomaticComplexity="7" minCyclomaticComplexity="7" visitedClasses="0" numClasses="0" visitedMethods="0" numMethods="0" />
              <MetadataToken>100663308</MetadataToken>
              <Name>System.String &lt;&gt;f__AnonymousType1`2::ToString()</Name>
              <SequencePoints />
              <BranchPoints />
              <MethodPoint vc="0" uspid="12" ordinal="0" offset="0" />
            </Method>
          </Methods>
        </Class>
        <Class>
          <Summary numSequencePoints="0" visitedSequencePoints="0" numBranchPoints="0" visitedBranchPoints="0" sequenceCoverage="0" branchCoverage="0" maxCyclomaticComplexity="7" minCyclomaticComplexity="1" visitedClasses="0" numClasses="0" visitedMethods="0" numMethods="0" />
          <FullName>&lt;&gt;f__AnonymousType2`2</FullName>
          <Methods>
            <Method visited="false" cyclomaticComplexity="1" nPathComplexity="0" sequenceCoverage="0" branchCoverage="0" isConstructor="false" isStatic="false" isGetter="true" isSetter="false">
              <Summary numSequencePoints="0" visitedSequencePoints="0" numBranchPoints="0" visitedBranchPoints="0" sequenceCoverage="0" branchCoverage="0" maxCyclomaticComplexity="1" minCyclomaticComplexity="1" visitedClasses="0" numClasses="0" visitedMethods="0" numMethods="0" />
              <MetadataToken>100663309</MetadataToken>
              <Name>&lt;site&gt;j__TPar &lt;&gt;f__AnonymousType2`2::get_site()</Name>
              <SequencePoints />
              <BranchPoints />
              <MethodPoint vc="0" uspid="13" ordinal="0" offset="0" />
            </Method>
            <Method visited="false" cyclomaticComplexity="1" nPathComplexity="0" sequenceCoverage="0" branchCoverage="0" isConstructor="false" isStatic="false" isGetter="true" isSetter="false">
              <Summary numSequencePoints="0" visitedSequencePoints="0" numBranchPoints="0" visitedBranchPoints="0" sequenceCoverage="0" branchCoverage="0" maxCyclomaticComplexity="1" minCyclomaticComplexity="1" visitedClasses="0" numClasses="0" visitedMethods="0" numMethods="0" />
              <MetadataToken>100663310</MetadataToken>
              <Name>&lt;customer&gt;j__TPar &lt;&gt;f__AnonymousType2`2::get_customer()</Name>
              <SequencePoints />
              <BranchPoints />
              <MethodPoint vc="0" uspid="14" ordinal="0" offset="0" />
            </Method>
            <Method visited="false" cyclomaticComplexity="1" nPathComplexity="0" sequenceCoverage="0" branchCoverage="0" isConstructor="true" isStatic="false" isGetter="false" isSetter="false">
              <Summary numSequencePoints="0" visitedSequencePoints="0" numBranchPoints="0" visitedBranchPoints="0" sequenceCoverage="0" branchCoverage="0" maxCyclomaticComplexity="1" minCyclomaticComplexity="1" visitedClasses="0" numClasses="0" visitedMethods="0" numMethods="0" />
              <MetadataToken>100663311</MetadataToken>
              <Name>System.Void &lt;&gt;f__AnonymousType2`2::.ctor(&lt;site&gt;j__TPar,&lt;customer&gt;j__TPar)</Name>
              <SequencePoints />
              <BranchPoints />
              <MethodPoint vc="0" uspid="15" ordinal="0" offset="0" />
            </Method>
            <Method visited="false" cyclomaticComplexity="3" nPathComplexity="0" sequenceCoverage="0" branchCoverage="0" isConstructor="false" isStatic="false" isGetter="false" isSetter="false">
              <Summary numSequencePoints="0" visitedSequencePoints="0" numBranchPoints="0" visitedBranchPoints="0" sequenceCoverage="0" branchCoverage="0" maxCyclomaticComplexity="3" minCyclomaticComplexity="3" visitedClasses="0" numClasses="0" visitedMethods="0" numMethods="0" />
              <MetadataToken>100663312</MetadataToken>
              <Name>System.Boolean &lt;&gt;f__AnonymousType2`2::Equals(System.Object)</Name>
              <SequencePoints />
              <BranchPoints />
              <MethodPoint vc="0" uspid="16" ordinal="0" offset="0" />
            </Method>
            <Method visited="false" cyclomaticComplexity="1" nPathComplexity="0" sequenceCoverage="0" branchCoverage="0" isConstructor="false" isStatic="false" isGetter="false" isSetter="false">
              <Summary numSequencePoints="0" visitedSequencePoints="0" numBranchPoints="0" visitedBranchPoints="0" sequenceCoverage="0" branchCoverage="0" maxCyclomaticComplexity="1" minCyclomaticComplexity="1" visitedClasses="0" numClasses="0" visitedMethods="0" numMethods="0" />
              <MetadataToken>100663313</MetadataToken>
              <Name>System.Int32 &lt;&gt;f__AnonymousType2`2::GetHashCode()</Name>
              <SequencePoints />
              <BranchPoints />
              <MethodPoint vc="0" uspid="17" ordinal="0" offset="0" />
            </Method>
            <Method visited="false" cyclomaticComplexity="7" nPathComplexity="0" sequenceCoverage="0" branchCoverage="0" isConstructor="false" isStatic="false" isGetter="false" isSetter="false">
              <Summary numSequencePoints="0" visitedSequencePoints="0" numBranchPoints="0" visitedBranchPoints="0" sequenceCoverage="0" branchCoverage="0" maxCyclomaticComplexity="7" minCyclomaticComplexity="7" visitedClasses="0" numClasses="0" visitedMethods="0" numMethods="0" />
              <MetadataToken>100663314</MetadataToken>
              <Name>System.String &lt;&gt;f__AnonymousType2`2::ToString()</Name>
              <SequencePoints />
              <BranchPoints />
              <MethodPoint vc="0" uspid="18" ordinal="0" offset="0" />
            </Method>
          </Methods>
        </Class>
        <Class>
          <Summary numSequencePoints="0" visitedSequencePoints="0" numBranchPoints="0" visitedBranchPoints="0" sequenceCoverage="0" branchCoverage="0" maxCyclomaticComplexity="7" minCyclomaticComplexity="1" visitedClasses="0" numClasses="0" visitedMethods="0" numMethods="0" />
          <FullName>&lt;&gt;f__AnonymousType3`2</FullName>
          <Methods>
            <Method visited="false" cyclomaticComplexity="1" nPathComplexity="0" sequenceCoverage="0" branchCoverage="0" isConstructor="false" isStatic="false" isGetter="true" isSetter="false">
              <Summary numSequencePoints="0" visitedSequencePoints="0" numBranchPoints="0" visitedBranchPoints="0" sequenceCoverage="0" branchCoverage="0" maxCyclomaticComplexity="1" minCyclomaticComplexity="1" visitedClasses="0" numClasses="0" visitedMethods="0" numMethods="0" />
              <MetadataToken>100663315</MetadataToken>
              <Name>&lt;user&gt;j__TPar &lt;&gt;f__AnonymousType3`2::get_user()</Name>
              <SequencePoints />
              <BranchPoints />
              <MethodPoint vc="0" uspid="19" ordinal="0" offset="0" />
            </Method>
            <Method visited="false" cyclomaticComplexity="1" nPathComplexity="0" sequenceCoverage="0" branchCoverage="0" isConstructor="false" isStatic="false" isGetter="true" isSetter="false">
              <Summary numSequencePoints="0" visitedSequencePoints="0" numBranchPoints="0" visitedBranchPoints="0" sequenceCoverage="0" branchCoverage="0" maxCyclomaticComplexity="1" minCyclomaticComplexity="1" visitedClasses="0" numClasses="0" visitedMethods="0" numMethods="0" />
              <MetadataToken>100663316</MetadataToken>
              <Name>&lt;site&gt;j__TPar &lt;&gt;f__AnonymousType3`2::get_site()</Name>
              <SequencePoints />
              <BranchPoints />
              <MethodPoint vc="0" uspid="20" ordinal="0" offset="0" />
            </Method>
            <Method visited="false" cyclomaticComplexity="1" nPathComplexity="0" sequenceCoverage="0" branchCoverage="0" isConstructor="true" isStatic="false" isGetter="false" isSetter="false">
              <Summary numSequencePoints="0" visitedSequencePoints="0" numBranchPoints="0" visitedBranchPoints="0" sequenceCoverage="0" branchCoverage="0" maxCyclomaticComplexity="1" minCyclomaticComplexity="1" visitedClasses="0" numClasses="0" visitedMethods="0" numMethods="0" />
              <MetadataToken>100663317</MetadataToken>
              <Name>System.Void &lt;&gt;f__AnonymousType3`2::.ctor(&lt;user&gt;j__TPar,&lt;site&gt;j__TPar)</Name>
              <SequencePoints />
              <BranchPoints />
              <MethodPoint vc="0" uspid="21" ordinal="0" offset="0" />
            </Method>
            <Method visited="false" cyclomaticComplexity="3" nPathComplexity="0" sequenceCoverage="0" branchCoverage="0" isConstructor="false" isStatic="false" isGetter="false" isSetter="false">
              <Summary numSequencePoints="0" visitedSequencePoints="0" numBranchPoints="0" visitedBranchPoints="0" sequenceCoverage="0" branchCoverage="0" maxCyclomaticComplexity="3" minCyclomaticComplexity="3" visitedClasses="0" numClasses="0" visitedMethods="0" numMethods="0" />
              <MetadataToken>100663318</MetadataToken>
              <Name>System.Boolean &lt;&gt;f__AnonymousType3`2::Equals(System.Object)</Name>
              <SequencePoints />
              <BranchPoints />
              <MethodPoint vc="0" uspid="22" ordinal="0" offset="0" />
            </Method>
            <Method visited="false" cyclomaticComplexity="1" nPathComplexity="0" sequenceCoverage="0" branchCoverage="0" isConstructor="false" isStatic="false" isGetter="false" isSetter="false">
              <Summary numSequencePoints="0" visitedSequencePoints="0" numBranchPoints="0" visitedBranchPoints="0" sequenceCoverage="0" branchCoverage="0" maxCyclomaticComplexity="1" minCyclomaticComplexity="1" visitedClasses="0" numClasses="0" visitedMethods="0" numMethods="0" />
              <MetadataToken>100663319</MetadataToken>
              <Name>System.Int32 &lt;&gt;f__AnonymousType3`2::GetHashCode()</Name>
              <SequencePoints />
              <BranchPoints />
              <MethodPoint vc="0" uspid="23" ordinal="0" offset="0" />
            </Method>
            <Method visited="false" cyclomaticComplexity="7" nPathComplexity="0" sequenceCoverage="0" branchCoverage="0" isConstructor="false" isStatic="false" isGetter="false" isSetter="false">
              <Summary numSequencePoints="0" visitedSequencePoints="0" numBranchPoints="0" visitedBranchPoints="0" sequenceCoverage="0" branchCoverage="0" maxCyclomaticComplexity="7" minCyclomaticComplexity="7" visitedClasses="0" numClasses="0" visitedMethods="0" numMethods="0" />
              <MetadataToken>100663320</MetadataToken>
              <Name>System.String &lt;&gt;f__AnonymousType3`2::ToString()</Name>
              <SequencePoints />
              <BranchPoints />
              <MethodPoint vc="0" uspid="24" ordinal="0" offset="0" />
            </Method>
          </Methods>
        </Class>
        <Class>
          <Summary numSequencePoints="85" visitedSequencePoints="0" numBranchPoints="7" visitedBranchPoints="0" sequenceCoverage="0" branchCoverage="0" maxCyclomaticComplexity="5" minCyclomaticComplexity="1" visitedClasses="0" numClasses="1" visitedMethods="0" numMethods="5" />
          <FullName>SportsWeb.Services.IocConfig</FullName>
          <Methods>
            <Method visited="false" cyclomaticComplexity="1" nPathComplexity="0" sequenceCoverage="0" branchCoverage="0" isConstructor="false" isStatic="true" isGetter="false" isSetter="false">
              <Summary numSequencePoints="7" visitedSequencePoints="0" numBranchPoints="1" visitedBranchPoints="0" sequenceCoverage="0" branchCoverage="0" maxCyclomaticComplexity="1" minCyclomaticComplexity="1" visitedClasses="0" numClasses="0" visitedMethods="0" numMethods="1" />
              <MetadataToken>100663321</MetadataToken>
              <Name>System.Void SportsWeb.Services.IocConfig::ConfigExtractorIoc()</Name>
              <FileRef uid="1" />
              <SequencePoints>
                <SequencePoint vc="0" uspid="25" ordinal="0" offset="0" sl="32" sc="9" el="32" ec="10" bec="0" bev="0" fileid="1" />
                <SequencePoint vc="0" uspid="26" ordinal="1" offset="1" sl="33" sc="13" el="33" ec="110" bec="0" bev="0" fileid="1" />
                <SequencePoint vc="0" uspid="27" ordinal="2" offset="17" sl="34" sc="13" el="34" ec="122" bec="0" bev="0" fileid="1" />
                <SequencePoint vc="0" uspid="28" ordinal="3" offset="33" sl="36" sc="13" el="36" ec="116" bec="0" bev="0" fileid="1" />
                <SequencePoint vc="0" uspid="29" ordinal="4" offset="69" sl="38" sc="13" el="38" ec="107" bec="0" bev="0" fileid="1" />
                <SequencePoint vc="0" uspid="30" ordinal="5" offset="85" sl="39" sc="13" el="39" ec="83" bec="0" bev="0" fileid="1" />
                <SequencePoint vc="0" uspid="31" ordinal="6" offset="101" sl="41" sc="9" el="41" ec="10" bec="0" bev="0" fileid="1" />
              </SequencePoints>
              <BranchPoints />
              <MethodPoint xsi:type="SequencePoint" vc="0" uspid="25" ordinal="0" offset="0" sl="32" sc="9" el="32" ec="10" bec="0" bev="0" fileid="1" />
            </Method>
            <Method visited="false" cyclomaticComplexity="1" nPathComplexity="0" sequenceCoverage="0" branchCoverage="0" isConstructor="false" isStatic="true" isGetter="false" isSetter="false">
              <Summary numSequencePoints="22" visitedSequencePoints="0" numBranchPoints="1" visitedBranchPoints="0" sequenceCoverage="0" branchCoverage="0" maxCyclomaticComplexity="1" minCyclomaticComplexity="1" visitedClasses="0" numClasses="0" visitedMethods="0" numMethods="1" />
              <MetadataToken>100663322</MetadataToken>
              <Name>System.Void SportsWeb.Services.IocConfig::Init()</Name>
              <FileRef uid="1" />
              <SequencePoints>
                <SequencePoint vc="0" uspid="32" ordinal="0" offset="0" sl="44" sc="9" el="44" ec="10" bec="0" bev="0" fileid="1" />
                <SequencePoint vc="0" uspid="33" ordinal="1" offset="1" sl="49" sc="13" el="49" ec="115" bec="0" bev="0" fileid="1" />
                <SequencePoint vc="0" uspid="34" ordinal="2" offset="37" sl="50" sc="13" el="50" ec="118" bec="0" bev="0" fileid="1" />
                <SequencePoint vc="0" uspid="35" ordinal="3" offset="73" sl="52" sc="13" el="52" ec="85" bec="0" bev="0" fileid="1" />
                <SequencePoint vc="0" uspid="36" ordinal="4" offset="89" sl="53" sc="13" el="53" ec="86" bec="0" bev="0" fileid="1" />
                <SequencePoint vc="0" uspid="37" ordinal="5" offset="105" sl="54" sc="13" el="54" ec="78" bec="0" bev="0" fileid="1" />
                <SequencePoint vc="0" uspid="38" ordinal="6" offset="121" sl="56" sc="13" el="56" ec="98" bec="0" bev="0" fileid="1" />
                <SequencePoint vc="0" uspid="39" ordinal="7" offset="157" sl="57" sc="13" el="57" ec="104" bec="0" bev="0" fileid="1" />
                <SequencePoint vc="0" uspid="40" ordinal="8" offset="193" sl="58" sc="13" el="58" ec="104" bec="0" bev="0" fileid="1" />
                <SequencePoint vc="0" uspid="41" ordinal="9" offset="229" sl="59" sc="13" el="59" ec="107" bec="0" bev="0" fileid="1" />
                <SequencePoint vc="0" uspid="42" ordinal="10" offset="265" sl="60" sc="13" el="60" ec="94" bec="0" bev="0" fileid="1" />
                <SequencePoint vc="0" uspid="43" ordinal="11" offset="301" sl="61" sc="13" el="61" ec="86" bec="0" bev="0" fileid="1" />
                <SequencePoint vc="0" uspid="44" ordinal="12" offset="317" sl="62" sc="13" el="62" ec="80" bec="0" bev="0" fileid="1" />
                <SequencePoint vc="0" uspid="45" ordinal="13" offset="333" sl="68" sc="13" el="68" ec="120" bec="0" bev="0" fileid="1" />
                <SequencePoint vc="0" uspid="46" ordinal="14" offset="369" sl="69" sc="13" el="69" ec="98" bec="0" bev="0" fileid="1" />
                <SequencePoint vc="0" uspid="47" ordinal="15" offset="405" sl="70" sc="13" el="70" ec="90" bec="0" bev="0" fileid="1" />
                <SequencePoint vc="0" uspid="48" ordinal="16" offset="421" sl="71" sc="13" el="71" ec="90" bec="0" bev="0" fileid="1" />
                <SequencePoint vc="0" uspid="49" ordinal="17" offset="437" sl="72" sc="13" el="72" ec="84" bec="0" bev="0" fileid="1" />
                <SequencePoint vc="0" uspid="50" ordinal="18" offset="453" sl="73" sc="13" el="73" ec="78" bec="0" bev="0" fileid="1" />
                <SequencePoint vc="0" uspid="51" ordinal="19" offset="469" sl="75" sc="13" el="75" ec="32" bec="0" bev="0" fileid="1" />
                <SequencePoint vc="0" uspid="52" ordinal="20" offset="475" sl="76" sc="13" el="76" ec="34" bec="0" bev="0" fileid="1" />
                <SequencePoint vc="0" uspid="53" ordinal="21" offset="481" sl="77" sc="9" el="77" ec="10" bec="0" bev="0" fileid="1" />
              </SequencePoints>
              <BranchPoints />
              <MethodPoint xsi:type="SequencePoint" vc="0" uspid="32" ordinal="0" offset="0" sl="44" sc="9" el="44" ec="10" bec="0" bev="0" fileid="1" />
            </Method>
            <Method visited="false" cyclomaticComplexity="1" nPathComplexity="0" sequenceCoverage="0" branchCoverage="0" isConstructor="false" isStatic="true" isGetter="false" isSetter="false">
              <Summary numSequencePoints="35" visitedSequencePoints="0" numBranchPoints="1" visitedBranchPoints="0" sequenceCoverage="0" branchCoverage="0" maxCyclomaticComplexity="1" minCyclomaticComplexity="1" visitedClasses="0" numClasses="0" visitedMethods="0" numMethods="1" />
              <MetadataToken>100663323</MetadataToken>
              <Name>System.Void SportsWeb.Services.IocConfig::RegisterHandlers()</Name>
              <FileRef uid="1" />
              <SequencePoints>
                <SequencePoint vc="0" uspid="54" ordinal="0" offset="0" sl="80" sc="9" el="80" ec="10" bec="0" bev="0" fileid="1" />
                <SequencePoint vc="0" uspid="55" ordinal="1" offset="1" sl="81" sc="13" el="81" ec="131" bec="0" bev="0" fileid="1" />
                <SequencePoint vc="0" uspid="56" ordinal="2" offset="17" sl="82" sc="13" el="82" ec="113" bec="0" bev="0" fileid="1" />
                <SequencePoint vc="0" uspid="57" ordinal="3" offset="33" sl="83" sc="13" el="83" ec="133" bec="0" bev="0" fileid="1" />
                <SequencePoint vc="0" uspid="58" ordinal="4" offset="49" sl="84" sc="13" el="84" ec="123" bec="0" bev="0" fileid="1" />
                <SequencePoint vc="0" uspid="59" ordinal="5" offset="65" sl="85" sc="13" el="85" ec="135" bec="0" bev="0" fileid="1" />
                <SequencePoint vc="0" uspid="60" ordinal="6" offset="81" sl="86" sc="13" el="86" ec="117" bec="0" bev="0" fileid="1" />
                <SequencePoint vc="0" uspid="61" ordinal="7" offset="97" sl="87" sc="13" el="87" ec="115" bec="0" bev="0" fileid="1" />
                <SequencePoint vc="0" uspid="62" ordinal="8" offset="113" sl="88" sc="13" el="88" ec="115" bec="0" bev="0" fileid="1" />
                <SequencePoint vc="0" uspid="63" ordinal="9" offset="129" sl="89" sc="13" el="89" ec="145" bec="0" bev="0" fileid="1" />
                <SequencePoint vc="0" uspid="64" ordinal="10" offset="145" sl="90" sc="13" el="90" ec="133" bec="0" bev="0" fileid="1" />
                <SequencePoint vc="0" uspid="65" ordinal="11" offset="161" sl="91" sc="13" el="91" ec="117" bec="0" bev="0" fileid="1" />
                <SequencePoint vc="0" uspid="66" ordinal="12" offset="177" sl="92" sc="13" el="92" ec="115" bec="0" bev="0" fileid="1" />
                <SequencePoint vc="0" uspid="67" ordinal="13" offset="193" sl="93" sc="13" el="93" ec="131" bec="0" bev="0" fileid="1" />
                <SequencePoint vc="0" uspid="68" ordinal="14" offset="209" sl="94" sc="13" el="94" ec="133" bec="0" bev="0" fileid="1" />
                <SequencePoint vc="0" uspid="69" ordinal="15" offset="225" sl="95" sc="13" el="95" ec="123" bec="0" bev="0" fileid="1" />
                <SequencePoint vc="0" uspid="70" ordinal="16" offset="241" sl="96" sc="13" el="96" ec="119" bec="0" bev="0" fileid="1" />
                <SequencePoint vc="0" uspid="71" ordinal="17" offset="257" sl="97" sc="13" el="97" ec="117" bec="0" bev="0" fileid="1" />
                <SequencePoint vc="0" uspid="72" ordinal="18" offset="273" sl="98" sc="13" el="98" ec="115" bec="0" bev="0" fileid="1" />
                <SequencePoint vc="0" uspid="73" ordinal="19" offset="289" sl="99" sc="13" el="99" ec="117" bec="0" bev="0" fileid="1" />
                <SequencePoint vc="0" uspid="74" ordinal="20" offset="305" sl="100" sc="13" el="100" ec="115" bec="0" bev="0" fileid="1" />
                <SequencePoint vc="0" uspid="75" ordinal="21" offset="321" sl="101" sc="13" el="101" ec="144" bec="0" bev="0" fileid="1" />
                <SequencePoint vc="0" uspid="76" ordinal="22" offset="337" sl="102" sc="13" el="102" ec="116" bec="0" bev="0" fileid="1" />
                <SequencePoint vc="0" uspid="77" ordinal="23" offset="353" sl="103" sc="13" el="103" ec="134" bec="0" bev="0" fileid="1" />
                <SequencePoint vc="0" uspid="78" ordinal="24" offset="369" sl="104" sc="13" el="104" ec="140" bec="0" bev="0" fileid="1" />
                <SequencePoint vc="0" uspid="79" ordinal="25" offset="385" sl="105" sc="13" el="105" ec="117" bec="0" bev="0" fileid="1" />
                <SequencePoint vc="0" uspid="80" ordinal="26" offset="401" sl="106" sc="13" el="106" ec="123" bec="0" bev="0" fileid="1" />
                <SequencePoint vc="0" uspid="81" ordinal="27" offset="417" sl="107" sc="13" el="107" ec="123" bec="0" bev="0" fileid="1" />
                <SequencePoint vc="0" uspid="82" ordinal="28" offset="433" sl="108" sc="13" el="109" ec="103" bec="0" bev="0" fileid="1" />
                <SequencePoint vc="0" uspid="83" ordinal="29" offset="449" sl="110" sc="13" el="110" ec="130" bec="0" bev="0" fileid="1" />
                <SequencePoint vc="0" uspid="84" ordinal="30" offset="465" sl="111" sc="13" el="111" ec="136" bec="0" bev="0" fileid="1" />
                <SequencePoint vc="0" uspid="85" ordinal="31" offset="481" sl="114" sc="13" el="114" ec="124" bec="0" bev="0" fileid="1" />
                <SequencePoint vc="0" uspid="86" ordinal="32" offset="497" sl="115" sc="13" el="115" ec="144" bec="0" bev="0" fileid="1" />
                <SequencePoint vc="0" uspid="87" ordinal="33" offset="513" sl="116" sc="13" el="116" ec="144" bec="0" bev="0" fileid="1" />
                <SequencePoint vc="0" uspid="88" ordinal="34" offset="529" sl="119" sc="9" el="119" ec="10" bec="0" bev="0" fileid="1" />
              </SequencePoints>
              <BranchPoints />
              <MethodPoint xsi:type="SequencePoint" vc="0" uspid="54" ordinal="0" offset="0" sl="80" sc="9" el="80" ec="10" bec="0" bev="0" fileid="1" />
            </Method>
            <Method visited="false" cyclomaticComplexity="5" nPathComplexity="2" sequenceCoverage="0" branchCoverage="0" isConstructor="false" isStatic="true" isGetter="false" isSetter="false">
              <Summary numSequencePoints="17" visitedSequencePoints="0" numBranchPoints="3" visitedBranchPoints="0" sequenceCoverage="0" branchCoverage="0" maxCyclomaticComplexity="5" minCyclomaticComplexity="5" visitedClasses="0" numClasses="0" visitedMethods="0" numMethods="1" />
              <MetadataToken>100663324</MetadataToken>
              <Name>System.Void SportsWeb.Services.IocConfig::RegisterCommandHandler()</Name>
              <FileRef uid="1" />
              <SequencePoints>
                <SequencePoint vc="0" uspid="89" ordinal="0" offset="0" sl="122" sc="9" el="122" ec="10" bec="0" bev="0" fileid="1" />
                <SequencePoint vc="0" uspid="90" ordinal="1" offset="1" sl="123" sc="13" el="123" ec="69" bec="0" bev="0" fileid="1" />
                <SequencePoint vc="0" uspid="91" ordinal="2" offset="17" sl="126" sc="13" el="126" ec="14" bec="0" bev="0" fileid="1" />
                <SequencePoint vc="0" uspid="92" ordinal="3" offset="18" sl="127" sc="17" el="127" ec="128" bec="0" bev="0" fileid="1" />
                <SequencePoint vc="0" uspid="93" ordinal="4" offset="66" sl="128" sc="17" el="130" ec="28" bec="0" bev="0" fileid="1" />
                <SequencePoint vc="0" uspid="94" ordinal="5" offset="114" sl="132" sc="17" el="132" ec="24" bec="0" bev="0" fileid="1" />
                <SequencePoint vc="0" uspid="95" ordinal="6" offset="115" sl="132" sc="40" el="132" ec="48" bec="0" bev="0" fileid="1" />
                <SequencePoint vc="0" uspid="96" ordinal="7" offset="124" sl="132" sc="26" el="132" ec="36" bec="0" bev="0" fileid="1" />
                <SequencePoint vc="0" uspid="97" ordinal="8" offset="133" sl="133" sc="17" el="133" ec="18" bec="0" bev="0" fileid="1" />
                <SequencePoint vc="0" uspid="98" ordinal="9" offset="134" sl="134" sc="21" el="134" ec="61" bec="0" bev="0" fileid="1" />
                <SequencePoint vc="0" uspid="99" ordinal="10" offset="143" sl="135" sc="21" el="135" ec="41" bec="2" bev="0" fileid="1" />
                <SequencePoint vc="0" uspid="100" ordinal="11" offset="155" sl="136" sc="21" el="136" ec="22" bec="0" bev="0" fileid="1" />
                <SequencePoint vc="0" uspid="101" ordinal="12" offset="156" sl="138" sc="21" el="138" ec="22" bec="0" bev="0" fileid="1" />
                <SequencePoint vc="0" uspid="102" ordinal="13" offset="157" sl="139" sc="17" el="139" ec="18" bec="0" bev="0" fileid="1" />
                <SequencePoint vc="0" uspid="103" ordinal="14" offset="158" sl="132" sc="37" el="132" ec="39" bec="0" bev="0" fileid="1" />
                <SequencePoint vc="0" uspid="104" ordinal="15" offset="184" sl="140" sc="13" el="140" ec="14" bec="0" bev="0" fileid="1" />
                <SequencePoint vc="0" uspid="105" ordinal="16" offset="185" sl="141" sc="9" el="141" ec="10" bec="0" bev="0" fileid="1" />
              </SequencePoints>
              <BranchPoints>
                <BranchPoint vc="0" uspid="110" ordinal="4" offset="153" sl="135" path="0" offsetend="155" fileid="1" />
                <BranchPoint vc="0" uspid="111" ordinal="5" offset="153" sl="135" path="1" offsetend="157" fileid="1" />
              </BranchPoints>
              <MethodPoint xsi:type="SequencePoint" vc="0" uspid="89" ordinal="0" offset="0" sl="122" sc="9" el="122" ec="10" bec="0" bev="0" fileid="1" />
            </Method>
            <Method visited="false" cyclomaticComplexity="1" nPathComplexity="0" sequenceCoverage="0" branchCoverage="0" isConstructor="false" isStatic="true" isGetter="false" isSetter="false">
              <Summary numSequencePoints="4" visitedSequencePoints="0" numBranchPoints="1" visitedBranchPoints="0" sequenceCoverage="0" branchCoverage="0" maxCyclomaticComplexity="1" minCyclomaticComplexity="1" visitedClasses="0" numClasses="0" visitedMethods="0" numMethods="1" />
              <MetadataToken>100663325</MetadataToken>
              <Name>System.Void SportsWeb.Services.IocConfig::FeatureInit(System.String)</Name>
              <FileRef uid="1" />
              <SequencePoints>
                <SequencePoint vc="0" uspid="114" ordinal="0" offset="0" sl="144" sc="9" el="144" ec="10" bec="0" bev="0" fileid="1" />
                <SequencePoint vc="0" uspid="115" ordinal="1" offset="1" sl="145" sc="13" el="146" ec="100" bec="0" bev="0" fileid="1" />
                <SequencePoint vc="0" uspid="116" ordinal="2" offset="13" sl="147" sc="13" el="147" ec="71" bec="0" bev="0" fileid="1" />
                <SequencePoint vc="0" uspid="117" ordinal="3" offset="25" sl="148" sc="9" el="148" ec="10" bec="0" bev="0" fileid="1" />
              </SequencePoints>
              <BranchPoints />
              <MethodPoint xsi:type="SequencePoint" vc="0" uspid="114" ordinal="0" offset="0" sl="144" sc="9" el="144" ec="10" bec="0" bev="0" fileid="1" />
            </Method>
          </Methods>
        </Class>
        <Class>
          <Summary numSequencePoints="3" visitedSequencePoints="0" numBranchPoints="3" visitedBranchPoints="0" sequenceCoverage="0" branchCoverage="0" maxCyclomaticComplexity="2" minCyclomaticComplexity="1" visitedClasses="0" numClasses="1" visitedMethods="0" numMethods="3" />
          <FullName>SportsWeb.Services.IocConfig/&lt;&gt;c</FullName>
          <Methods>
            <Method visited="false" cyclomaticComplexity="1" nPathComplexity="0" sequenceCoverage="0" branchCoverage="0" isConstructor="true" isStatic="true" isGetter="false" isSetter="false">
              <Summary numSequencePoints="0" visitedSequencePoints="0" numBranchPoints="0" visitedBranchPoints="0" sequenceCoverage="0" branchCoverage="0" maxCyclomaticComplexity="1" minCyclomaticComplexity="1" visitedClasses="0" numClasses="0" visitedMethods="0" numMethods="0" />
              <MetadataToken>100666800</MetadataToken>
              <Name>System.Void SportsWeb.Services.IocConfig/&lt;&gt;c::.cctor()</Name>
              <SequencePoints />
              <BranchPoints />
              <MethodPoint vc="0" uspid="118" ordinal="0" offset="0" />
            </Method>
            <Method visited="false" cyclomaticComplexity="1" nPathComplexity="0" sequenceCoverage="0" branchCoverage="0" isConstructor="true" isStatic="false" isGetter="false" isSetter="false">
              <Summary numSequencePoints="0" visitedSequencePoints="0" numBranchPoints="0" visitedBranchPoints="0" sequenceCoverage="0" branchCoverage="0" maxCyclomaticComplexity="1" minCyclomaticComplexity="1" visitedClasses="0" numClasses="0" visitedMethods="0" numMethods="0" />
              <MetadataToken>100666801</MetadataToken>
              <Name>System.Void SportsWeb.Services.IocConfig/&lt;&gt;c::.ctor()</Name>
              <SequencePoints />
              <BranchPoints />
              <MethodPoint vc="0" uspid="119" ordinal="0" offset="0" />
            </Method>
            <Method visited="false" cyclomaticComplexity="1" nPathComplexity="0" sequenceCoverage="0" branchCoverage="0" isConstructor="false" isStatic="false" isGetter="false" isSetter="false">
              <Summary numSequencePoints="1" visitedSequencePoints="0" numBranchPoints="1" visitedBranchPoints="0" sequenceCoverage="0" branchCoverage="0" maxCyclomaticComplexity="1" minCyclomaticComplexity="1" visitedClasses="0" numClasses="0" visitedMethods="0" numMethods="1" />
              <MetadataToken>100666802</MetadataToken>
              <Name>System.Boolean SportsWeb.Services.IocConfig/&lt;&gt;c::&lt;RegisterCommandHandler&gt;b__3_0(System.Type)</Name>
              <FileRef uid="1" />
              <SequencePoints>
                <SequencePoint vc="0" uspid="120" ordinal="0" offset="0" sl="127" sc="72" el="127" ec="117" bec="0" bev="0" fileid="1" />
              </SequencePoints>
              <BranchPoints />
              <MethodPoint xsi:type="SequencePoint" vc="0" uspid="120" ordinal="0" offset="0" sl="127" sc="72" el="127" ec="117" bec="0" bev="0" fileid="1" />
            </Method>
            <Method visited="false" cyclomaticComplexity="2" nPathComplexity="0" sequenceCoverage="0" branchCoverage="0" isConstructor="false" isStatic="false" isGetter="false" isSetter="false">
              <Summary numSequencePoints="1" visitedSequencePoints="0" numBranchPoints="1" visitedBranchPoints="0" sequenceCoverage="0" branchCoverage="0" maxCyclomaticComplexity="2" minCyclomaticComplexity="2" visitedClasses="0" numClasses="0" visitedMethods="0" numMethods="1" />
              <MetadataToken>100666803</MetadataToken>
              <Name>System.Boolean SportsWeb.Services.IocConfig/&lt;&gt;c::&lt;RegisterCommandHandler&gt;b__3_1(System.Type)</Name>
              <FileRef uid="1" />
              <SequencePoints>
                <SequencePoint vc="0" uspid="121" ordinal="0" offset="0" sl="129" sc="21" el="129" ec="99" bec="0" bev="0" fileid="1" />
              </SequencePoints>
              <BranchPoints />
              <MethodPoint xsi:type="SequencePoint" vc="0" uspid="121" ordinal="0" offset="0" sl="129" sc="21" el="129" ec="99" bec="0" bev="0" fileid="1" />
            </Method>
            <Method visited="false" cyclomaticComplexity="1" nPathComplexity="0" sequenceCoverage="0" branchCoverage="0" isConstructor="false" isStatic="false" isGetter="false" isSetter="false">
              <Summary numSequencePoints="1" visitedSequencePoints="0" numBranchPoints="1" visitedBranchPoints="0" sequenceCoverage="0" branchCoverage="0" maxCyclomaticComplexity="1" minCyclomaticComplexity="1" visitedClasses="0" numClasses="0" visitedMethods="0" numMethods="1" />
              <MetadataToken>100666804</MetadataToken>
              <Name>System.Boolean SportsWeb.Services.IocConfig/&lt;&gt;c::&lt;RegisterCommandHandler&gt;b__3_2(System.Type)</Name>
              <FileRef uid="1" />
              <SequencePoints>
                <SequencePoint vc="0" uspid="124" ordinal="0" offset="0" sl="129" sc="50" el="129" ec="86" bec="0" bev="0" fileid="1" />
              </SequencePoints>
              <BranchPoints />
              <MethodPoint xsi:type="SequencePoint" vc="0" uspid="124" ordinal="0" offset="0" sl="129" sc="50" el="129" ec="86" bec="0" bev="0" fileid="1" />
            </Method>
          </Methods>
        </Class>
        <Class>
          <Summary numSequencePoints="8" visitedSequencePoints="8" numBranchPoints="2" visitedBranchPoints="2" sequenceCoverage="100" branchCoverage="100" maxCyclomaticComplexity="1" minCyclomaticComplexity="1" visitedClasses="1" numClasses="1" visitedMethods="2" numMethods="2" />
          <FullName>SportsWeb.Services.ContainerExtensions</FullName>
          <Methods>
            <Method visited="true" cyclomaticComplexity="1" nPathComplexity="0" sequenceCoverage="100" branchCoverage="100" isConstructor="false" isStatic="true" isGetter="false" isSetter="false">
              <Summary numSequencePoints="4" visitedSequencePoints="4" numBranchPoints="1" visitedBranchPoints="1" sequenceCoverage="100" branchCoverage="100" maxCyclomaticComplexity="1" minCyclomaticComplexity="1" visitedClasses="0" numClasses="0" visitedMethods="1" numMethods="1" />
              <MetadataToken>100663326</MetadataToken>
              <Name>SportsWeb.Services.Cabinate.AmpLightService.AmpWebApiErrorHandling.ISimpleTranslator SportsWeb.Services.ContainerExtensions::ResolveCoreTranslator(Unity.IUnityContainer,System.Globalization.CultureInfo)</Name>
              <FileRef uid="1" />
              <SequencePoints>
                <SequencePoint vc="282" uspid="125" ordinal="0" offset="0" sl="154" sc="9" el="154" ec="10" bec="0" bev="0" fileid="1" />
                <SequencePoint vc="282" uspid="126" ordinal="1" offset="1" sl="155" sc="13" el="155" ec="110" bec="0" bev="0" fileid="1" />
                <SequencePoint vc="282" uspid="127" ordinal="2" offset="13" sl="156" sc="13" el="156" ec="69" bec="0" bev="0" fileid="1" />
                <SequencePoint vc="282" uspid="128" ordinal="3" offset="24" sl="157" sc="9" el="157" ec="10" bec="0" bev="0" fileid="1" />
              </SequencePoints>
              <BranchPoints />
              <MethodPoint xsi:type="SequencePoint" vc="282" uspid="125" ordinal="0" offset="0" sl="154" sc="9" el="154" ec="10" bec="0" bev="0" fileid="1" />
            </Method>
            <Method visited="true" cyclomaticComplexity="1" nPathComplexity="0" sequenceCoverage="100" branchCoverage="100" isConstructor="false" isStatic="true" isGetter="false" isSetter="false">
              <Summary numSequencePoints="4" visitedSequencePoints="4" numBranchPoints="1" visitedBranchPoints="1" sequenceCoverage="100" branchCoverage="100" maxCyclomaticComplexity="1" minCyclomaticComplexity="1" visitedClasses="0" numClasses="0" visitedMethods="1" numMethods="1" />
              <MetadataToken>100663327</MetadataToken>
              <Name>SportsWeb.Services.Cabinate.AmpLightService.AmpWebApiErrorHandling.ISimpleTranslator SportsWeb.Services.ContainerExtensions::ResolveTranslator(Unity.IUnityContainer,System.Globalization.CultureInfo,System.Collections.Generic.Dictionary`2&lt;System.String,System.String&gt;)</Name>
              <FileRef uid="1" />
              <SequencePoints>
                <SequencePoint vc="282" uspid="129" ordinal="0" offset="0" sl="161" sc="9" el="161" ec="10" bec="0" bev="0" fileid="1" />
                <SequencePoint vc="282" uspid="130" ordinal="1" offset="1" sl="162" sc="13" el="165" ec="15" bec="0" bev="0" fileid="1" />
                <SequencePoint vc="282" uspid="131" ordinal="2" offset="46" sl="166" sc="13" el="166" ec="37" bec="0" bev="0" fileid="1" />
                <SequencePoint vc="282" uspid="132" ordinal="3" offset="50" sl="167" sc="9" el="167" ec="10" bec="0" bev="0" fileid="1" />
              </SequencePoints>
              <BranchPoints />
              <MethodPoint xsi:type="SequencePoint" vc="282" uspid="129" ordinal="0" offset="0" sl="161" sc="9" el="161" ec="10" bec="0" bev="0" fileid="1" />
            </Method>
          </Methods>
        </Class>
        <Class>
          <Summary numSequencePoints="6" visitedSequencePoints="0" numBranchPoints="6" visitedBranchPoints="0" sequenceCoverage="0" branchCoverage="0" maxCyclomaticComplexity="1" minCyclomaticComplexity="1" visitedClasses="0" numClasses="1" visitedMethods="0" numMethods="6" />
          <FullName>SportsWeb.Services.IdentityServices.AccessTokenObject</FullName>
          <Methods>
            <Method visited="false" cyclomaticComplexity="1" nPathComplexity="0" sequenceCoverage="0" branchCoverage="0" isConstructor="false" isStatic="false" isGetter="true" isSetter="false">
              <Summary numSequencePoints="1" visitedSequencePoints="0" numBranchPoints="1" visitedBranchPoints="0" sequenceCoverage="0" branchCoverage="0" maxCyclomaticComplexity="1" minCyclomaticComplexity="1" visitedClasses="0" numClasses="0" visitedMethods="0" numMethods="1" />
              <MetadataToken>100663328</MetadataToken>
              <Name>System.String SportsWeb.Services.IdentityServices.AccessTokenObject::get_access_token()</Name>
              <FileRef uid="4" />
              <SequencePoints>
                <SequencePoint vc="0" uspid="133" ordinal="0" offset="0" sl="5" sc="38" el="5" ec="42" bec="0" bev="0" fileid="4" />
              </SequencePoints>
              <BranchPoints />
              <MethodPoint xsi:type="SequencePoint" vc="0" uspid="133" ordinal="0" offset="0" sl="5" sc="38" el="5" ec="42" bec="0" bev="0" fileid="4" />
            </Method>
            <Method visited="false" cyclomaticComplexity="1" nPathComplexity="0" sequenceCoverage="0" branchCoverage="0" isConstructor="false" isStatic="false" isGetter="false" isSetter="true">
              <Summary numSequencePoints="1" visitedSequencePoints="0" numBranchPoints="1" visitedBranchPoints="0" sequenceCoverage="0" branchCoverage="0" maxCyclomaticComplexity="1" minCyclomaticComplexity="1" visitedClasses="0" numClasses="0" visitedMethods="0" numMethods="1" />
              <MetadataToken>100663329</MetadataToken>
              <Name>System.Void SportsWeb.Services.IdentityServices.AccessTokenObject::set_access_token(System.String)</Name>
              <FileRef uid="4" />
              <SequencePoints>
                <SequencePoint vc="0" uspid="134" ordinal="0" offset="0" sl="5" sc="43" el="5" ec="47" bec="0" bev="0" fileid="4" />
              </SequencePoints>
              <BranchPoints />
              <MethodPoint xsi:type="SequencePoint" vc="0" uspid="134" ordinal="0" offset="0" sl="5" sc="43" el="5" ec="47" bec="0" bev="0" fileid="4" />
            </Method>
            <Method visited="false" cyclomaticComplexity="1" nPathComplexity="0" sequenceCoverage="0" branchCoverage="0" isConstructor="false" isStatic="false" isGetter="true" isSetter="false">
              <Summary numSequencePoints="1" visitedSequencePoints="0" numBranchPoints="1" visitedBranchPoints="0" sequenceCoverage="0" branchCoverage="0" maxCyclomaticComplexity="1" minCyclomaticComplexity="1" visitedClasses="0" numClasses="0" visitedMethods="0" numMethods="1" />
              <MetadataToken>100663330</MetadataToken>
              <Name>System.Int32 SportsWeb.Services.IdentityServices.AccessTokenObject::get_expires_in()</Name>
              <FileRef uid="4" />
              <SequencePoints>
                <SequencePoint vc="0" uspid="135" ordinal="0" offset="0" sl="6" sc="33" el="6" ec="37" bec="0" bev="0" fileid="4" />
              </SequencePoints>
              <BranchPoints />
              <MethodPoint xsi:type="SequencePoint" vc="0" uspid="135" ordinal="0" offset="0" sl="6" sc="33" el="6" ec="37" bec="0" bev="0" fileid="4" />
            </Method>
            <Method visited="false" cyclomaticComplexity="1" nPathComplexity="0" sequenceCoverage="0" branchCoverage="0" isConstructor="false" isStatic="false" isGetter="false" isSetter="true">
              <Summary numSequencePoints="1" visitedSequencePoints="0" numBranchPoints="1" visitedBranchPoints="0" sequenceCoverage="0" branchCoverage="0" maxCyclomaticComplexity="1" minCyclomaticComplexity="1" visitedClasses="0" numClasses="0" visitedMethods="0" numMethods="1" />
              <MetadataToken>100663331</MetadataToken>
              <Name>System.Void SportsWeb.Services.IdentityServices.AccessTokenObject::set_expires_in(System.Int32)</Name>
              <FileRef uid="4" />
              <SequencePoints>
                <SequencePoint vc="0" uspid="136" ordinal="0" offset="0" sl="6" sc="38" el="6" ec="42" bec="0" bev="0" fileid="4" />
              </SequencePoints>
              <BranchPoints />
              <MethodPoint xsi:type="SequencePoint" vc="0" uspid="136" ordinal="0" offset="0" sl="6" sc="38" el="6" ec="42" bec="0" bev="0" fileid="4" />
            </Method>
            <Method visited="false" cyclomaticComplexity="1" nPathComplexity="0" sequenceCoverage="0" branchCoverage="0" isConstructor="false" isStatic="false" isGetter="true" isSetter="false">
              <Summary numSequencePoints="1" visitedSequencePoints="0" numBranchPoints="1" visitedBranchPoints="0" sequenceCoverage="0" branchCoverage="0" maxCyclomaticComplexity="1" minCyclomaticComplexity="1" visitedClasses="0" numClasses="0" visitedMethods="0" numMethods="1" />
              <MetadataToken>100663332</MetadataToken>
              <Name>System.String SportsWeb.Services.IdentityServices.AccessTokenObject::get_token_type()</Name>
              <FileRef uid="4" />
              <SequencePoints>
                <SequencePoint vc="0" uspid="137" ordinal="0" offset="0" sl="7" sc="36" el="7" ec="40" bec="0" bev="0" fileid="4" />
              </SequencePoints>
              <BranchPoints />
              <MethodPoint xsi:type="SequencePoint" vc="0" uspid="137" ordinal="0" offset="0" sl="7" sc="36" el="7" ec="40" bec="0" bev="0" fileid="4" />
            </Method>
            <Method visited="false" cyclomaticComplexity="1" nPathComplexity="0" sequenceCoverage="0" branchCoverage="0" isConstructor="false" isStatic="false" isGetter="false" isSetter="true">
              <Summary numSequencePoints="1" visitedSequencePoints="0" numBranchPoints="1" visitedBranchPoints="0" sequenceCoverage="0" branchCoverage="0" maxCyclomaticComplexity="1" minCyclomaticComplexity="1" visitedClasses="0" numClasses="0" visitedMethods="0" numMethods="1" />
              <MetadataToken>100663333</MetadataToken>
              <Name>System.Void SportsWeb.Services.IdentityServices.AccessTokenObject::set_token_type(System.String)</Name>
              <FileRef uid="4" />
              <SequencePoints>
                <SequencePoint vc="0" uspid="138" ordinal="0" offset="0" sl="7" sc="41" el="7" ec="45" bec="0" bev="0" fileid="4" />
              </SequencePoints>
              <BranchPoints />
              <MethodPoint xsi:type="SequencePoint" vc="0" uspid="138" ordinal="0" offset="0" sl="7" sc="41" el="7" ec="45" bec="0" bev="0" fileid="4" />
            </Method>
            <Method visited="false" cyclomaticComplexity="1" nPathComplexity="0" sequenceCoverage="0" branchCoverage="0" isConstructor="true" isStatic="false" isGetter="false" isSetter="false">
              <Summary numSequencePoints="0" visitedSequencePoints="0" numBranchPoints="0" visitedBranchPoints="0" sequenceCoverage="0" branchCoverage="0" maxCyclomaticComplexity="1" minCyclomaticComplexity="1" visitedClasses="0" numClasses="0" visitedMethods="0" numMethods="0" />
              <MetadataToken>100663334</MetadataToken>
              <Name>System.Void SportsWeb.Services.IdentityServices.AccessTokenObject::.ctor()</Name>
              <SequencePoints />
              <BranchPoints />
              <MethodPoint vc="0" uspid="139" ordinal="0" offset="0" />
            </Method>
          </Methods>
        </Class>
        <Class>
          <Summary numSequencePoints="72" visitedSequencePoints="0" numBranchPoints="15" visitedBranchPoints="0" sequenceCoverage="0" branchCoverage="0" maxCyclomaticComplexity="5" minCyclomaticComplexity="1" visitedClasses="0" numClasses="1" visitedMethods="0" numMethods="5" />
          <FullName>SportsWeb.Services.IdentityServices.UserManagementRestClient</FullName>
          <Methods>
            <Method visited="false" cyclomaticComplexity="4" nPathComplexity="4" sequenceCoverage="0" branchCoverage="0" isConstructor="false" isStatic="false" isGetter="false" isSetter="false">
              <Summary numSequencePoints="24" visitedSequencePoints="0" numBranchPoints="5" visitedBranchPoints="0" sequenceCoverage="0" branchCoverage="0" maxCyclomaticComplexity="4" minCyclomaticComplexity="4" visitedClasses="0" numClasses="0" visitedMethods="0" numMethods="1" />
              <MetadataToken>100663337</MetadataToken>
              <Name>SportsWeb.Services.IdentityServices.AccessTokenObject SportsWeb.Services.IdentityServices.UserManagementRestClient::GetIdentityToken()</Name>
              <FileRef uid="5" />
              <SequencePoints>
                <SequencePoint vc="0" uspid="140" ordinal="0" offset="0" sl="31" sc="9" el="31" ec="10" bec="0" bev="0" fileid="5" />
                <SequencePoint vc="0" uspid="141" ordinal="1" offset="1" sl="33" sc="13" el="33" ec="14" bec="0" bev="0" fileid="5" />
                <SequencePoint vc="0" uspid="142" ordinal="2" offset="2" sl="35" sc="17" el="35" ec="99" bec="0" bev="0" fileid="5" />
                <SequencePoint vc="0" uspid="143" ordinal="3" offset="18" sl="36" sc="17" el="36" ec="48" bec="2" bev="0" fileid="5" />
                <SequencePoint vc="0" uspid="144" ordinal="4" offset="33" sl="37" sc="21" el="37" ec="73" bec="0" bev="0" fileid="5" />
                <SequencePoint vc="0" uspid="145" ordinal="5" offset="50" sl="39" sc="17" el="42" ec="19" bec="0" bev="0" fileid="5" />
                <SequencePoint vc="0" uspid="146" ordinal="6" offset="79" sl="44" sc="17" el="50" ec="19" bec="0" bev="0" fileid="5" />
                <SequencePoint vc="0" uspid="147" ordinal="7" offset="197" sl="52" sc="17" el="53" ec="67" bec="0" bev="0" fileid="5" />
                <SequencePoint vc="0" uspid="148" ordinal="8" offset="226" sl="55" sc="17" el="57" ec="56" bec="0" bev="0" fileid="5" />
                <SequencePoint vc="0" uspid="149" ordinal="9" offset="257" sl="59" sc="17" el="59" ec="50" bec="2" bev="0" fileid="5" />
                <SequencePoint vc="0" uspid="150" ordinal="10" offset="270" sl="60" sc="17" el="60" ec="18" bec="0" bev="0" fileid="5" />
                <SequencePoint vc="0" uspid="151" ordinal="11" offset="271" sl="61" sc="21" el="62" ec="120" bec="0" bev="0" fileid="5" />
                <SequencePoint vc="0" uspid="152" ordinal="12" offset="287" sl="63" sc="21" el="64" ec="70" bec="0" bev="0" fileid="5" />
                <SequencePoint vc="0" uspid="153" ordinal="13" offset="310" sl="66" sc="17" el="66" ec="18" bec="0" bev="0" fileid="5" />
                <SequencePoint vc="0" uspid="154" ordinal="14" offset="313" sl="68" sc="17" el="68" ec="18" bec="0" bev="0" fileid="5" />
                <SequencePoint vc="0" uspid="155" ordinal="15" offset="314" sl="70" sc="21" el="71" ec="116" bec="0" bev="0" fileid="5" />
                <SequencePoint vc="0" uspid="156" ordinal="16" offset="338" sl="72" sc="21" el="72" ec="43" bec="0" bev="0" fileid="5" />
                <SequencePoint vc="0" uspid="157" ordinal="17" offset="350" sl="73" sc="21" el="73" ec="122" bec="0" bev="0" fileid="5" />
                <SequencePoint vc="0" uspid="158" ordinal="18" offset="378" sl="76" sc="17" el="76" ec="36" bec="0" bev="0" fileid="5" />
                <SequencePoint vc="0" uspid="159" ordinal="19" offset="383" sl="78" sc="13" el="78" ec="33" bec="0" bev="0" fileid="5" />
                <SequencePoint vc="0" uspid="160" ordinal="20" offset="385" sl="79" sc="13" el="79" ec="14" bec="0" bev="0" fileid="5" />
                <SequencePoint vc="0" uspid="161" ordinal="21" offset="386" sl="80" sc="17" el="80" ec="83" bec="0" bev="0" fileid="5" />
                <SequencePoint vc="0" uspid="162" ordinal="22" offset="409" sl="81" sc="17" el="81" ec="23" bec="0" bev="0" fileid="5" />
                <SequencePoint vc="0" uspid="163" ordinal="23" offset="411" sl="83" sc="9" el="83" ec="10" bec="0" bev="0" fileid="5" />
              </SequencePoints>
              <BranchPoints>
                <BranchPoint vc="0" uspid="164" ordinal="0" offset="31" sl="36" path="0" offsetend="33" fileid="5" />
                <BranchPoint vc="0" uspid="165" ordinal="1" offset="31" sl="36" path="1" offsetend="50" fileid="5" />
                <BranchPoint vc="0" uspid="168" ordinal="4" offset="268" sl="59" path="0" offsetend="270" fileid="5" />
                <BranchPoint vc="0" uspid="169" ordinal="5" offset="268" sl="59" path="1" offsetend="313" fileid="5" />
              </BranchPoints>
              <MethodPoint xsi:type="SequencePoint" vc="0" uspid="140" ordinal="0" offset="0" sl="31" sc="9" el="31" ec="10" bec="0" bev="0" fileid="5" />
            </Method>
            <Method visited="false" cyclomaticComplexity="5" nPathComplexity="8" sequenceCoverage="0" branchCoverage="0" isConstructor="false" isStatic="false" isGetter="false" isSetter="false">
              <Summary numSequencePoints="38" visitedSequencePoints="0" numBranchPoints="7" visitedBranchPoints="0" sequenceCoverage="0" branchCoverage="0" maxCyclomaticComplexity="5" minCyclomaticComplexity="5" visitedClasses="0" numClasses="0" visitedMethods="0" numMethods="1" />
              <MetadataToken>100663338</MetadataToken>
              <Name>System.Boolean SportsWeb.Services.IdentityServices.UserManagementRestClient::CreateUserWithActivationEmail(SportsWeb.Services.IdentityServices.RestModels.UserWithEmailActivationInfo)</Name>
              <FileRef uid="5" />
              <SequencePoints>
                <SequencePoint vc="0" uspid="170" ordinal="0" offset="0" sl="86" sc="9" el="86" ec="10" bec="0" bev="0" fileid="5" />
                <SequencePoint vc="0" uspid="171" ordinal="1" offset="1" sl="88" sc="13" el="88" ec="14" bec="0" bev="0" fileid="5" />
                <SequencePoint vc="0" uspid="172" ordinal="2" offset="2" sl="89" sc="17" el="90" ec="88" bec="2" bev="0" fileid="5" />
                <SequencePoint vc="0" uspid="173" ordinal="3" offset="28" sl="91" sc="17" el="91" ec="18" bec="0" bev="0" fileid="5" />
                <SequencePoint vc="0" uspid="174" ordinal="4" offset="29" sl="92" sc="21" el="92" ec="62" bec="0" bev="0" fileid="5" />
                <SequencePoint vc="0" uspid="175" ordinal="5" offset="36" sl="93" sc="17" el="93" ec="18" bec="0" bev="0" fileid="5" />
                <SequencePoint vc="0" uspid="176" ordinal="6" offset="37" sl="95" sc="17" el="95" ec="68" bec="0" bev="0" fileid="5" />
                <SequencePoint vc="0" uspid="177" ordinal="7" offset="44" sl="96" sc="17" el="96" ec="69" bec="0" bev="0" fileid="5" />
                <SequencePoint vc="0" uspid="178" ordinal="8" offset="61" sl="98" sc="17" el="98" ec="54" bec="0" bev="0" fileid="5" />
                <SequencePoint vc="0" uspid="179" ordinal="9" offset="67" sl="99" sc="17" el="99" ec="93" bec="0" bev="0" fileid="5" />
                <SequencePoint vc="0" uspid="180" ordinal="10" offset="94" sl="101" sc="17" el="102" ec="101" bec="0" bev="0" fileid="5" />
                <SequencePoint vc="0" uspid="181" ordinal="11" offset="123" sl="103" sc="17" el="103" ec="103" bec="0" bev="0" fileid="5" />
                <SequencePoint vc="0" uspid="182" ordinal="12" offset="157" sl="104" sc="17" el="105" ec="115" bec="0" bev="0" fileid="5" />
                <SequencePoint vc="0" uspid="183" ordinal="13" offset="190" sl="107" sc="17" el="108" ec="101" bec="0" bev="0" fileid="5" />
                <SequencePoint vc="0" uspid="184" ordinal="14" offset="219" sl="110" sc="17" el="116" ec="19" bec="0" bev="0" fileid="5" />
                <SequencePoint vc="0" uspid="185" ordinal="15" offset="265" sl="118" sc="17" el="118" ec="77" bec="0" bev="0" fileid="5" />
                <SequencePoint vc="0" uspid="186" ordinal="16" offset="284" sl="119" sc="17" el="121" ec="56" bec="0" bev="0" fileid="5" />
                <SequencePoint vc="0" uspid="187" ordinal="17" offset="317" sl="122" sc="17" el="122" ec="50" bec="2" bev="0" fileid="5" />
                <SequencePoint vc="0" uspid="188" ordinal="18" offset="330" sl="123" sc="17" el="123" ec="18" bec="0" bev="0" fileid="5" />
                <SequencePoint vc="0" uspid="189" ordinal="19" offset="331" sl="124" sc="21" el="124" ec="108" bec="0" bev="0" fileid="5" />
                <SequencePoint vc="0" uspid="190" ordinal="20" offset="347" sl="125" sc="21" el="125" ec="33" bec="0" bev="0" fileid="5" />
                <SequencePoint vc="0" uspid="191" ordinal="21" offset="355" sl="127" sc="22" el="127" ec="73" bec="2" bev="0" fileid="5" />
                <SequencePoint vc="0" uspid="192" ordinal="22" offset="375" sl="128" sc="17" el="128" ec="18" bec="0" bev="0" fileid="5" />
                <SequencePoint vc="0" uspid="193" ordinal="23" offset="376" sl="129" sc="21" el="129" ec="101" bec="0" bev="0" fileid="5" />
                <SequencePoint vc="0" uspid="194" ordinal="24" offset="392" sl="130" sc="21" el="130" ec="33" bec="0" bev="0" fileid="5" />
                <SequencePoint vc="0" uspid="195" ordinal="25" offset="400" sl="133" sc="17" el="133" ec="18" bec="0" bev="0" fileid="5" />
                <SequencePoint vc="0" uspid="196" ordinal="26" offset="401" sl="134" sc="21" el="134" ec="84" bec="0" bev="0" fileid="5" />
                <SequencePoint vc="0" uspid="197" ordinal="27" offset="420" sl="135" sc="21" el="135" ec="47" bec="0" bev="0" fileid="5" />
                <SequencePoint vc="0" uspid="198" ordinal="28" offset="433" sl="136" sc="21" el="136" ec="109" bec="0" bev="0" fileid="5" />
                <SequencePoint vc="0" uspid="199" ordinal="29" offset="449" sl="137" sc="21" el="137" ec="86" bec="0" bev="0" fileid="5" />
                <SequencePoint vc="0" uspid="200" ordinal="30" offset="472" sl="138" sc="21" el="138" ec="71" bec="0" bev="0" fileid="5" />
                <SequencePoint vc="0" uspid="201" ordinal="31" offset="495" sl="139" sc="21" el="139" ec="94" bec="0" bev="0" fileid="5" />
                <SequencePoint vc="0" uspid="202" ordinal="32" offset="518" sl="140" sc="21" el="140" ec="34" bec="0" bev="0" fileid="5" />
                <SequencePoint vc="0" uspid="203" ordinal="33" offset="523" sl="143" sc="13" el="143" ec="33" bec="0" bev="0" fileid="5" />
                <SequencePoint vc="0" uspid="204" ordinal="34" offset="525" sl="144" sc="13" el="144" ec="14" bec="0" bev="0" fileid="5" />
                <SequencePoint vc="0" uspid="205" ordinal="35" offset="526" sl="145" sc="17" el="145" ec="96" bec="0" bev="0" fileid="5" />
                <SequencePoint vc="0" uspid="206" ordinal="36" offset="549" sl="146" sc="17" el="146" ec="23" bec="0" bev="0" fileid="5" />
                <SequencePoint vc="0" uspid="207" ordinal="37" offset="551" sl="148" sc="9" el="148" ec="10" bec="0" bev="0" fileid="5" />
              </SequencePoints>
              <BranchPoints>
                <BranchPoint vc="0" uspid="208" ordinal="0" offset="26" sl="89" path="0" offsetend="28" fileid="5" />
                <BranchPoint vc="0" uspid="209" ordinal="1" offset="26" sl="89" path="1" offsetend="37" fileid="5" />
                <BranchPoint vc="0" uspid="212" ordinal="4" offset="328" sl="122" path="0" offsetend="330" fileid="5" />
                <BranchPoint vc="0" uspid="213" ordinal="5" offset="328" sl="122" path="1" offsetend="355" fileid="5" />
                <BranchPoint vc="0" uspid="214" ordinal="6" offset="373" sl="127" path="0" offsetend="375" fileid="5" />
                <BranchPoint vc="0" uspid="215" ordinal="7" offset="373" sl="127" path="1" offsetend="400" fileid="5" />
              </BranchPoints>
              <MethodPoint xsi:type="SequencePoint" vc="0" uspid="170" ordinal="0" offset="0" sl="86" sc="9" el="86" ec="10" bec="0" bev="0" fileid="5" />
            </Method>
            <Method visited="false" cyclomaticComplexity="1" nPathComplexity="0" sequenceCoverage="0" branchCoverage="0" isConstructor="false" isStatic="true" isGetter="false" isSetter="false">
              <Summary numSequencePoints="8" visitedSequencePoints="0" numBranchPoints="1" visitedBranchPoints="0" sequenceCoverage="0" branchCoverage="0" maxCyclomaticComplexity="1" minCyclomaticComplexity="1" visitedClasses="0" numClasses="0" visitedMethods="0" numMethods="1" />
              <MetadataToken>100663339</MetadataToken>
              <Name>System.Net.Http.HttpResponseMessage SportsWeb.Services.IdentityServices.UserManagementRestClient::ExecuteApi(System.Net.Http.HttpClient,System.Net.Http.HttpRequestMessage)</Name>
              <FileRef uid="5" />
              <SequencePoints>
                <SequencePoint vc="0" uspid="216" ordinal="0" offset="0" sl="151" sc="9" el="151" ec="10" bec="0" bev="0" fileid="5" />
                <SequencePoint vc="0" uspid="217" ordinal="1" offset="1" sl="152" sc="13" el="152" ec="49" bec="0" bev="0" fileid="5" />
                <SequencePoint vc="0" uspid="218" ordinal="2" offset="7" sl="153" sc="13" el="153" ec="24" bec="0" bev="0" fileid="5" />
                <SequencePoint vc="0" uspid="219" ordinal="3" offset="14" sl="154" sc="13" el="154" ec="61" bec="0" bev="0" fileid="5" />
                <SequencePoint vc="0" uspid="220" ordinal="4" offset="27" sl="155" sc="13" el="155" ec="23" bec="0" bev="0" fileid="5" />
                <SequencePoint vc="0" uspid="221" ordinal="5" offset="34" sl="157" sc="13" el="158" ec="128" bec="0" bev="0" fileid="5" />
                <SequencePoint vc="0" uspid="222" ordinal="6" offset="72" sl="159" sc="13" el="159" ec="29" bec="0" bev="0" fileid="5" />
                <SequencePoint vc="0" uspid="223" ordinal="7" offset="76" sl="160" sc="9" el="160" ec="10" bec="0" bev="0" fileid="5" />
              </SequencePoints>
              <BranchPoints />
              <MethodPoint xsi:type="SequencePoint" vc="0" uspid="216" ordinal="0" offset="0" sl="151" sc="9" el="151" ec="10" bec="0" bev="0" fileid="5" />
            </Method>
            <Method visited="false" cyclomaticComplexity="1" nPathComplexity="0" sequenceCoverage="0" branchCoverage="0" isConstructor="true" isStatic="false" isGetter="false" isSetter="false">
              <Summary numSequencePoints="1" visitedSequencePoints="0" numBranchPoints="1" visitedBranchPoints="0" sequenceCoverage="0" branchCoverage="0" maxCyclomaticComplexity="1" minCyclomaticComplexity="1" visitedClasses="0" numClasses="0" visitedMethods="0" numMethods="1" />
              <MetadataToken>100663340</MetadataToken>
              <Name>System.Void SportsWeb.Services.IdentityServices.UserManagementRestClient::.ctor()</Name>
              <FileRef uid="5" />
              <SequencePoints>
                <SequencePoint vc="0" uspid="224" ordinal="0" offset="0" sl="24" sc="9" el="24" ec="100" bec="0" bev="0" fileid="5" />
              </SequencePoints>
              <BranchPoints />
              <MethodPoint xsi:type="SequencePoint" vc="0" uspid="224" ordinal="0" offset="0" sl="24" sc="9" el="24" ec="100" bec="0" bev="0" fileid="5" />
            </Method>
            <Method visited="false" cyclomaticComplexity="1" nPathComplexity="0" sequenceCoverage="0" branchCoverage="0" isConstructor="true" isStatic="true" isGetter="false" isSetter="false">
              <Summary numSequencePoints="1" visitedSequencePoints="0" numBranchPoints="1" visitedBranchPoints="0" sequenceCoverage="0" branchCoverage="0" maxCyclomaticComplexity="1" minCyclomaticComplexity="1" visitedClasses="0" numClasses="0" visitedMethods="0" numMethods="1" />
              <MetadataToken>100663341</MetadataToken>
              <Name>System.Void SportsWeb.Services.IdentityServices.UserManagementRestClient::.cctor()</Name>
              <FileRef uid="5" />
              <SequencePoints>
                <SequencePoint vc="0" uspid="225" ordinal="0" offset="0" sl="25" sc="9" el="25" ec="102" bec="0" bev="0" fileid="5" />
              </SequencePoints>
              <BranchPoints />
              <MethodPoint xsi:type="SequencePoint" vc="0" uspid="225" ordinal="0" offset="0" sl="25" sc="9" el="25" ec="102" bec="0" bev="0" fileid="5" />
            </Method>
          </Methods>
        </Class>
        <Class>
          <Summary numSequencePoints="73" visitedSequencePoints="13" numBranchPoints="69" visitedBranchPoints="9" sequenceCoverage="17.81" branchCoverage="13.04" maxCyclomaticComplexity="1" minCyclomaticComplexity="1" visitedClasses="1" numClasses="1" visitedMethods="9" numMethods="69" />
          <FullName>SportsWeb.Services.IdentityServices.RestModels.UserInfo</FullName>
          <Methods>
            <Method visited="false" cyclomaticComplexity="1" nPathComplexity="0" sequenceCoverage="0" branchCoverage="0" isConstructor="false" isStatic="false" isGetter="true" isSetter="false">
              <Summary numSequencePoints="1" visitedSequencePoints="0" numBranchPoints="1" visitedBranchPoints="0" sequenceCoverage="0" branchCoverage="0" maxCyclomaticComplexity="1" minCyclomaticComplexity="1" visitedClasses="0" numClasses="0" visitedMethods="0" numMethods="1" />
              <MetadataToken>100663343</MetadataToken>
              <Name>System.String SportsWeb.Services.IdentityServices.RestModels.UserInfo::get_name()</Name>
              <FileRef uid="6" />
              <SequencePoints>
                <SequencePoint vc="0" uspid="226" ordinal="0" offset="0" sl="16" sc="30" el="16" ec="34" bec="0" bev="0" fileid="6" />
              </SequencePoints>
              <BranchPoints />
              <MethodPoint xsi:type="SequencePoint" vc="0" uspid="226" ordinal="0" offset="0" sl="16" sc="30" el="16" ec="34" bec="0" bev="0" fileid="6" />
            </Method>
            <Method visited="true" cyclomaticComplexity="1" nPathComplexity="0" sequenceCoverage="100" branchCoverage="100" isConstructor="false" isStatic="false" isGetter="false" isSetter="true">
              <Summary numSequencePoints="1" visitedSequencePoints="1" numBranchPoints="1" visitedBranchPoints="1" sequenceCoverage="100" branchCoverage="100" maxCyclomaticComplexity="1" minCyclomaticComplexity="1" visitedClasses="0" numClasses="0" visitedMethods="1" numMethods="1" />
              <MetadataToken>100663344</MetadataToken>
              <Name>System.Void SportsWeb.Services.IdentityServices.RestModels.UserInfo::set_name(System.String)</Name>
              <FileRef uid="6" />
              <SequencePoints>
                <SequencePoint vc="10" uspid="227" ordinal="0" offset="0" sl="16" sc="35" el="16" ec="39" bec="0" bev="0" fileid="6" />
              </SequencePoints>
              <BranchPoints />
              <MethodPoint xsi:type="SequencePoint" vc="10" uspid="227" ordinal="0" offset="0" sl="16" sc="35" el="16" ec="39" bec="0" bev="0" fileid="6" />
            </Method>
            <Method visited="false" cyclomaticComplexity="1" nPathComplexity="0" sequenceCoverage="0" branchCoverage="0" isConstructor="false" isStatic="false" isGetter="true" isSetter="false">
              <Summary numSequencePoints="1" visitedSequencePoints="0" numBranchPoints="1" visitedBranchPoints="0" sequenceCoverage="0" branchCoverage="0" maxCyclomaticComplexity="1" minCyclomaticComplexity="1" visitedClasses="0" numClasses="0" visitedMethods="0" numMethods="1" />
              <MetadataToken>100663345</MetadataToken>
              <Name>System.String SportsWeb.Services.IdentityServices.RestModels.UserInfo::get_email()</Name>
              <FileRef uid="6" />
              <SequencePoints>
                <SequencePoint vc="0" uspid="228" ordinal="0" offset="0" sl="23" sc="31" el="23" ec="35" bec="0" bev="0" fileid="6" />
              </SequencePoints>
              <BranchPoints />
              <MethodPoint xsi:type="SequencePoint" vc="0" uspid="228" ordinal="0" offset="0" sl="23" sc="31" el="23" ec="35" bec="0" bev="0" fileid="6" />
            </Method>
            <Method visited="true" cyclomaticComplexity="1" nPathComplexity="0" sequenceCoverage="100" branchCoverage="100" isConstructor="false" isStatic="false" isGetter="false" isSetter="true">
              <Summary numSequencePoints="1" visitedSequencePoints="1" numBranchPoints="1" visitedBranchPoints="1" sequenceCoverage="100" branchCoverage="100" maxCyclomaticComplexity="1" minCyclomaticComplexity="1" visitedClasses="0" numClasses="0" visitedMethods="1" numMethods="1" />
              <MetadataToken>100663346</MetadataToken>
              <Name>System.Void SportsWeb.Services.IdentityServices.RestModels.UserInfo::set_email(System.String)</Name>
              <FileRef uid="6" />
              <SequencePoints>
                <SequencePoint vc="10" uspid="229" ordinal="0" offset="0" sl="23" sc="36" el="23" ec="40" bec="0" bev="0" fileid="6" />
              </SequencePoints>
              <BranchPoints />
              <MethodPoint xsi:type="SequencePoint" vc="10" uspid="229" ordinal="0" offset="0" sl="23" sc="36" el="23" ec="40" bec="0" bev="0" fileid="6" />
            </Method>
            <Method visited="false" cyclomaticComplexity="1" nPathComplexity="0" sequenceCoverage="0" branchCoverage="0" isConstructor="false" isStatic="false" isGetter="true" isSetter="false">
              <Summary numSequencePoints="1" visitedSequencePoints="0" numBranchPoints="1" visitedBranchPoints="0" sequenceCoverage="0" branchCoverage="0" maxCyclomaticComplexity="1" minCyclomaticComplexity="1" visitedClasses="0" numClasses="0" visitedMethods="0" numMethods="1" />
              <MetadataToken>100663347</MetadataToken>
              <Name>System.String SportsWeb.Services.IdentityServices.RestModels.UserInfo::get_application()</Name>
              <FileRef uid="6" />
              <SequencePoints>
                <SequencePoint vc="0" uspid="230" ordinal="0" offset="0" sl="28" sc="37" el="28" ec="41" bec="0" bev="0" fileid="6" />
              </SequencePoints>
              <BranchPoints />
              <MethodPoint xsi:type="SequencePoint" vc="0" uspid="230" ordinal="0" offset="0" sl="28" sc="37" el="28" ec="41" bec="0" bev="0" fileid="6" />
            </Method>
            <Method visited="true" cyclomaticComplexity="1" nPathComplexity="0" sequenceCoverage="100" branchCoverage="100" isConstructor="false" isStatic="false" isGetter="false" isSetter="true">
              <Summary numSequencePoints="1" visitedSequencePoints="1" numBranchPoints="1" visitedBranchPoints="1" sequenceCoverage="100" branchCoverage="100" maxCyclomaticComplexity="1" minCyclomaticComplexity="1" visitedClasses="0" numClasses="0" visitedMethods="1" numMethods="1" />
              <MetadataToken>100663348</MetadataToken>
              <Name>System.Void SportsWeb.Services.IdentityServices.RestModels.UserInfo::set_application(System.String)</Name>
              <FileRef uid="6" />
              <SequencePoints>
                <SequencePoint vc="10" uspid="231" ordinal="0" offset="0" sl="28" sc="42" el="28" ec="46" bec="0" bev="0" fileid="6" />
              </SequencePoints>
              <BranchPoints />
              <MethodPoint xsi:type="SequencePoint" vc="10" uspid="231" ordinal="0" offset="0" sl="28" sc="42" el="28" ec="46" bec="0" bev="0" fileid="6" />
            </Method>
            <Method visited="false" cyclomaticComplexity="1" nPathComplexity="0" sequenceCoverage="0" branchCoverage="0" isConstructor="false" isStatic="false" isGetter="true" isSetter="false">
              <Summary numSequencePoints="1" visitedSequencePoints="0" numBranchPoints="1" visitedBranchPoints="0" sequenceCoverage="0" branchCoverage="0" maxCyclomaticComplexity="1" minCyclomaticComplexity="1" visitedClasses="0" numClasses="0" visitedMethods="0" numMethods="1" />
              <MetadataToken>100663349</MetadataToken>
              <Name>System.Boolean SportsWeb.Services.IdentityServices.RestModels.UserInfo::get_is_silicon_only()</Name>
              <FileRef uid="6" />
              <SequencePoints>
                <SequencePoint vc="0" uspid="232" ordinal="0" offset="0" sl="33" sc="39" el="33" ec="43" bec="0" bev="0" fileid="6" />
              </SequencePoints>
              <BranchPoints />
              <MethodPoint xsi:type="SequencePoint" vc="0" uspid="232" ordinal="0" offset="0" sl="33" sc="39" el="33" ec="43" bec="0" bev="0" fileid="6" />
            </Method>
            <Method visited="true" cyclomaticComplexity="1" nPathComplexity="0" sequenceCoverage="100" branchCoverage="100" isConstructor="false" isStatic="false" isGetter="false" isSetter="true">
              <Summary numSequencePoints="1" visitedSequencePoints="1" numBranchPoints="1" visitedBranchPoints="1" sequenceCoverage="100" branchCoverage="100" maxCyclomaticComplexity="1" minCyclomaticComplexity="1" visitedClasses="0" numClasses="0" visitedMethods="1" numMethods="1" />
              <MetadataToken>100663350</MetadataToken>
              <Name>System.Void SportsWeb.Services.IdentityServices.RestModels.UserInfo::set_is_silicon_only(System.Boolean)</Name>
              <FileRef uid="6" />
              <SequencePoints>
                <SequencePoint vc="10" uspid="233" ordinal="0" offset="0" sl="33" sc="44" el="33" ec="48" bec="0" bev="0" fileid="6" />
              </SequencePoints>
              <BranchPoints />
              <MethodPoint xsi:type="SequencePoint" vc="10" uspid="233" ordinal="0" offset="0" sl="33" sc="44" el="33" ec="48" bec="0" bev="0" fileid="6" />
            </Method>
            <Method visited="false" cyclomaticComplexity="1" nPathComplexity="0" sequenceCoverage="0" branchCoverage="0" isConstructor="false" isStatic="false" isGetter="true" isSetter="false">
              <Summary numSequencePoints="1" visitedSequencePoints="0" numBranchPoints="1" visitedBranchPoints="0" sequenceCoverage="0" branchCoverage="0" maxCyclomaticComplexity="1" minCyclomaticComplexity="1" visitedClasses="0" numClasses="0" visitedMethods="0" numMethods="1" />
              <MetadataToken>100663351</MetadataToken>
              <Name>System.String SportsWeb.Services.IdentityServices.RestModels.UserInfo::get_sub()</Name>
              <FileRef uid="6" />
              <SequencePoints>
                <SequencePoint vc="0" uspid="234" ordinal="0" offset="0" sl="39" sc="29" el="39" ec="33" bec="0" bev="0" fileid="6" />
              </SequencePoints>
              <BranchPoints />
              <MethodPoint xsi:type="SequencePoint" vc="0" uspid="234" ordinal="0" offset="0" sl="39" sc="29" el="39" ec="33" bec="0" bev="0" fileid="6" />
            </Method>
            <Method visited="false" cyclomaticComplexity="1" nPathComplexity="0" sequenceCoverage="0" branchCoverage="0" isConstructor="false" isStatic="false" isGetter="false" isSetter="true">
              <Summary numSequencePoints="1" visitedSequencePoints="0" numBranchPoints="1" visitedBranchPoints="0" sequenceCoverage="0" branchCoverage="0" maxCyclomaticComplexity="1" minCyclomaticComplexity="1" visitedClasses="0" numClasses="0" visitedMethods="0" numMethods="1" />
              <MetadataToken>100663352</MetadataToken>
              <Name>System.Void SportsWeb.Services.IdentityServices.RestModels.UserInfo::set_sub(System.String)</Name>
              <FileRef uid="6" />
              <SequencePoints>
                <SequencePoint vc="0" uspid="235" ordinal="0" offset="0" sl="39" sc="34" el="39" ec="38" bec="0" bev="0" fileid="6" />
              </SequencePoints>
              <BranchPoints />
              <MethodPoint xsi:type="SequencePoint" vc="0" uspid="235" ordinal="0" offset="0" sl="39" sc="34" el="39" ec="38" bec="0" bev="0" fileid="6" />
            </Method>
            <Method visited="false" cyclomaticComplexity="1" nPathComplexity="0" sequenceCoverage="0" branchCoverage="0" isConstructor="false" isStatic="false" isGetter="true" isSetter="false">
              <Summary numSequencePoints="1" visitedSequencePoints="0" numBranchPoints="1" visitedBranchPoints="0" sequenceCoverage="0" branchCoverage="0" maxCyclomaticComplexity="1" minCyclomaticComplexity="1" visitedClasses="0" numClasses="0" visitedMethods="0" numMethods="1" />
              <MetadataToken>100663353</MetadataToken>
              <Name>System.String SportsWeb.Services.IdentityServices.RestModels.UserInfo::get_comment()</Name>
              <FileRef uid="6" />
              <SequencePoints>
                <SequencePoint vc="0" uspid="236" ordinal="0" offset="0" sl="41" sc="33" el="41" ec="37" bec="0" bev="0" fileid="6" />
              </SequencePoints>
              <BranchPoints />
              <MethodPoint xsi:type="SequencePoint" vc="0" uspid="236" ordinal="0" offset="0" sl="41" sc="33" el="41" ec="37" bec="0" bev="0" fileid="6" />
            </Method>
            <Method visited="false" cyclomaticComplexity="1" nPathComplexity="0" sequenceCoverage="0" branchCoverage="0" isConstructor="false" isStatic="false" isGetter="false" isSetter="true">
              <Summary numSequencePoints="1" visitedSequencePoints="0" numBranchPoints="1" visitedBranchPoints="0" sequenceCoverage="0" branchCoverage="0" maxCyclomaticComplexity="1" minCyclomaticComplexity="1" visitedClasses="0" numClasses="0" visitedMethods="0" numMethods="1" />
              <MetadataToken>100663354</MetadataToken>
              <Name>System.Void SportsWeb.Services.IdentityServices.RestModels.UserInfo::set_comment(System.String)</Name>
              <FileRef uid="6" />
              <SequencePoints>
                <SequencePoint vc="0" uspid="237" ordinal="0" offset="0" sl="41" sc="38" el="41" ec="42" bec="0" bev="0" fileid="6" />
              </SequencePoints>
              <BranchPoints />
              <MethodPoint xsi:type="SequencePoint" vc="0" uspid="237" ordinal="0" offset="0" sl="41" sc="38" el="41" ec="42" bec="0" bev="0" fileid="6" />
            </Method>
            <Method visited="false" cyclomaticComplexity="1" nPathComplexity="0" sequenceCoverage="0" branchCoverage="0" isConstructor="false" isStatic="false" isGetter="true" isSetter="false">
              <Summary numSequencePoints="1" visitedSequencePoints="0" numBranchPoints="1" visitedBranchPoints="0" sequenceCoverage="0" branchCoverage="0" maxCyclomaticComplexity="1" minCyclomaticComplexity="1" visitedClasses="0" numClasses="0" visitedMethods="0" numMethods="1" />
              <MetadataToken>100663355</MetadataToken>
              <Name>System.String SportsWeb.Services.IdentityServices.RestModels.UserInfo::get_locale()</Name>
              <FileRef uid="6" />
              <SequencePoints>
                <SequencePoint vc="0" uspid="238" ordinal="0" offset="0" sl="46" sc="32" el="46" ec="36" bec="0" bev="0" fileid="6" />
              </SequencePoints>
              <BranchPoints />
              <MethodPoint xsi:type="SequencePoint" vc="0" uspid="238" ordinal="0" offset="0" sl="46" sc="32" el="46" ec="36" bec="0" bev="0" fileid="6" />
            </Method>
            <Method visited="false" cyclomaticComplexity="1" nPathComplexity="0" sequenceCoverage="0" branchCoverage="0" isConstructor="false" isStatic="false" isGetter="false" isSetter="true">
              <Summary numSequencePoints="1" visitedSequencePoints="0" numBranchPoints="1" visitedBranchPoints="0" sequenceCoverage="0" branchCoverage="0" maxCyclomaticComplexity="1" minCyclomaticComplexity="1" visitedClasses="0" numClasses="0" visitedMethods="0" numMethods="1" />
              <MetadataToken>100663356</MetadataToken>
              <Name>System.Void SportsWeb.Services.IdentityServices.RestModels.UserInfo::set_locale(System.String)</Name>
              <FileRef uid="6" />
              <SequencePoints>
                <SequencePoint vc="0" uspid="239" ordinal="0" offset="0" sl="46" sc="37" el="46" ec="41" bec="0" bev="0" fileid="6" />
              </SequencePoints>
              <BranchPoints />
              <MethodPoint xsi:type="SequencePoint" vc="0" uspid="239" ordinal="0" offset="0" sl="46" sc="37" el="46" ec="41" bec="0" bev="0" fileid="6" />
            </Method>
            <Method visited="false" cyclomaticComplexity="1" nPathComplexity="0" sequenceCoverage="0" branchCoverage="0" isConstructor="false" isStatic="false" isGetter="true" isSetter="false">
              <Summary numSequencePoints="1" visitedSequencePoints="0" numBranchPoints="1" visitedBranchPoints="0" sequenceCoverage="0" branchCoverage="0" maxCyclomaticComplexity="1" minCyclomaticComplexity="1" visitedClasses="0" numClasses="0" visitedMethods="0" numMethods="1" />
              <MetadataToken>100663357</MetadataToken>
              <Name>System.String SportsWeb.Services.IdentityServices.RestModels.UserInfo::get_given_name()</Name>
              <FileRef uid="6" />
              <SequencePoints>
                <SequencePoint vc="0" uspid="240" ordinal="0" offset="0" sl="47" sc="36" el="47" ec="40" bec="0" bev="0" fileid="6" />
              </SequencePoints>
              <BranchPoints />
              <MethodPoint xsi:type="SequencePoint" vc="0" uspid="240" ordinal="0" offset="0" sl="47" sc="36" el="47" ec="40" bec="0" bev="0" fileid="6" />
            </Method>
            <Method visited="false" cyclomaticComplexity="1" nPathComplexity="0" sequenceCoverage="0" branchCoverage="0" isConstructor="false" isStatic="false" isGetter="false" isSetter="true">
              <Summary numSequencePoints="1" visitedSequencePoints="0" numBranchPoints="1" visitedBranchPoints="0" sequenceCoverage="0" branchCoverage="0" maxCyclomaticComplexity="1" minCyclomaticComplexity="1" visitedClasses="0" numClasses="0" visitedMethods="0" numMethods="1" />
              <MetadataToken>100663358</MetadataToken>
              <Name>System.Void SportsWeb.Services.IdentityServices.RestModels.UserInfo::set_given_name(System.String)</Name>
              <FileRef uid="6" />
              <SequencePoints>
                <SequencePoint vc="0" uspid="241" ordinal="0" offset="0" sl="47" sc="41" el="47" ec="45" bec="0" bev="0" fileid="6" />
              </SequencePoints>
              <BranchPoints />
              <MethodPoint xsi:type="SequencePoint" vc="0" uspid="241" ordinal="0" offset="0" sl="47" sc="41" el="47" ec="45" bec="0" bev="0" fileid="6" />
            </Method>
            <Method visited="false" cyclomaticComplexity="1" nPathComplexity="0" sequenceCoverage="0" branchCoverage="0" isConstructor="false" isStatic="false" isGetter="true" isSetter="false">
              <Summary numSequencePoints="1" visitedSequencePoints="0" numBranchPoints="1" visitedBranchPoints="0" sequenceCoverage="0" branchCoverage="0" maxCyclomaticComplexity="1" minCyclomaticComplexity="1" visitedClasses="0" numClasses="0" visitedMethods="0" numMethods="1" />
              <MetadataToken>100663359</MetadataToken>
              <Name>System.String SportsWeb.Services.IdentityServices.RestModels.UserInfo::get_family_name()</Name>
              <FileRef uid="6" />
              <SequencePoints>
                <SequencePoint vc="0" uspid="242" ordinal="0" offset="0" sl="48" sc="37" el="48" ec="41" bec="0" bev="0" fileid="6" />
              </SequencePoints>
              <BranchPoints />
              <MethodPoint xsi:type="SequencePoint" vc="0" uspid="242" ordinal="0" offset="0" sl="48" sc="37" el="48" ec="41" bec="0" bev="0" fileid="6" />
            </Method>
            <Method visited="false" cyclomaticComplexity="1" nPathComplexity="0" sequenceCoverage="0" branchCoverage="0" isConstructor="false" isStatic="false" isGetter="false" isSetter="true">
              <Summary numSequencePoints="1" visitedSequencePoints="0" numBranchPoints="1" visitedBranchPoints="0" sequenceCoverage="0" branchCoverage="0" maxCyclomaticComplexity="1" minCyclomaticComplexity="1" visitedClasses="0" numClasses="0" visitedMethods="0" numMethods="1" />
              <MetadataToken>100663360</MetadataToken>
              <Name>System.Void SportsWeb.Services.IdentityServices.RestModels.UserInfo::set_family_name(System.String)</Name>
              <FileRef uid="6" />
              <SequencePoints>
                <SequencePoint vc="0" uspid="243" ordinal="0" offset="0" sl="48" sc="42" el="48" ec="46" bec="0" bev="0" fileid="6" />
              </SequencePoints>
              <BranchPoints />
              <MethodPoint xsi:type="SequencePoint" vc="0" uspid="243" ordinal="0" offset="0" sl="48" sc="42" el="48" ec="46" bec="0" bev="0" fileid="6" />
            </Method>
            <Method visited="false" cyclomaticComplexity="1" nPathComplexity="0" sequenceCoverage="0" branchCoverage="0" isConstructor="false" isStatic="false" isGetter="true" isSetter="false">
              <Summary numSequencePoints="1" visitedSequencePoints="0" numBranchPoints="1" visitedBranchPoints="0" sequenceCoverage="0" branchCoverage="0" maxCyclomaticComplexity="1" minCyclomaticComplexity="1" visitedClasses="0" numClasses="0" visitedMethods="0" numMethods="1" />
              <MetadataToken>100663361</MetadataToken>
              <Name>System.String SportsWeb.Services.IdentityServices.RestModels.UserInfo::get_middle_name()</Name>
              <FileRef uid="6" />
              <SequencePoints>
                <SequencePoint vc="0" uspid="244" ordinal="0" offset="0" sl="49" sc="37" el="49" ec="41" bec="0" bev="0" fileid="6" />
              </SequencePoints>
              <BranchPoints />
              <MethodPoint xsi:type="SequencePoint" vc="0" uspid="244" ordinal="0" offset="0" sl="49" sc="37" el="49" ec="41" bec="0" bev="0" fileid="6" />
            </Method>
            <Method visited="false" cyclomaticComplexity="1" nPathComplexity="0" sequenceCoverage="0" branchCoverage="0" isConstructor="false" isStatic="false" isGetter="false" isSetter="true">
              <Summary numSequencePoints="1" visitedSequencePoints="0" numBranchPoints="1" visitedBranchPoints="0" sequenceCoverage="0" branchCoverage="0" maxCyclomaticComplexity="1" minCyclomaticComplexity="1" visitedClasses="0" numClasses="0" visitedMethods="0" numMethods="1" />
              <MetadataToken>100663362</MetadataToken>
              <Name>System.Void SportsWeb.Services.IdentityServices.RestModels.UserInfo::set_middle_name(System.String)</Name>
              <FileRef uid="6" />
              <SequencePoints>
                <SequencePoint vc="0" uspid="245" ordinal="0" offset="0" sl="49" sc="42" el="49" ec="46" bec="0" bev="0" fileid="6" />
              </SequencePoints>
              <BranchPoints />
              <MethodPoint xsi:type="SequencePoint" vc="0" uspid="245" ordinal="0" offset="0" sl="49" sc="42" el="49" ec="46" bec="0" bev="0" fileid="6" />
            </Method>
            <Method visited="false" cyclomaticComplexity="1" nPathComplexity="0" sequenceCoverage="0" branchCoverage="0" isConstructor="false" isStatic="false" isGetter="true" isSetter="false">
              <Summary numSequencePoints="1" visitedSequencePoints="0" numBranchPoints="1" visitedBranchPoints="0" sequenceCoverage="0" branchCoverage="0" maxCyclomaticComplexity="1" minCyclomaticComplexity="1" visitedClasses="0" numClasses="0" visitedMethods="0" numMethods="1" />
              <MetadataToken>100663363</MetadataToken>
              <Name>System.String SportsWeb.Services.IdentityServices.RestModels.UserInfo::get_nickname()</Name>
              <FileRef uid="6" />
              <SequencePoints>
                <SequencePoint vc="0" uspid="246" ordinal="0" offset="0" sl="50" sc="34" el="50" ec="38" bec="0" bev="0" fileid="6" />
              </SequencePoints>
              <BranchPoints />
              <MethodPoint xsi:type="SequencePoint" vc="0" uspid="246" ordinal="0" offset="0" sl="50" sc="34" el="50" ec="38" bec="0" bev="0" fileid="6" />
            </Method>
            <Method visited="false" cyclomaticComplexity="1" nPathComplexity="0" sequenceCoverage="0" branchCoverage="0" isConstructor="false" isStatic="false" isGetter="false" isSetter="true">
              <Summary numSequencePoints="1" visitedSequencePoints="0" numBranchPoints="1" visitedBranchPoints="0" sequenceCoverage="0" branchCoverage="0" maxCyclomaticComplexity="1" minCyclomaticComplexity="1" visitedClasses="0" numClasses="0" visitedMethods="0" numMethods="1" />
              <MetadataToken>100663364</MetadataToken>
              <Name>System.Void SportsWeb.Services.IdentityServices.RestModels.UserInfo::set_nickname(System.String)</Name>
              <FileRef uid="6" />
              <SequencePoints>
                <SequencePoint vc="0" uspid="247" ordinal="0" offset="0" sl="50" sc="39" el="50" ec="43" bec="0" bev="0" fileid="6" />
              </SequencePoints>
              <BranchPoints />
              <MethodPoint xsi:type="SequencePoint" vc="0" uspid="247" ordinal="0" offset="0" sl="50" sc="39" el="50" ec="43" bec="0" bev="0" fileid="6" />
            </Method>
            <Method visited="false" cyclomaticComplexity="1" nPathComplexity="0" sequenceCoverage="0" branchCoverage="0" isConstructor="false" isStatic="false" isGetter="true" isSetter="false">
              <Summary numSequencePoints="1" visitedSequencePoints="0" numBranchPoints="1" visitedBranchPoints="0" sequenceCoverage="0" branchCoverage="0" maxCyclomaticComplexity="1" minCyclomaticComplexity="1" visitedClasses="0" numClasses="0" visitedMethods="0" numMethods="1" />
              <MetadataToken>100663365</MetadataToken>
              <Name>System.String SportsWeb.Services.IdentityServices.RestModels.UserInfo::get_preferred_username()</Name>
              <FileRef uid="6" />
              <SequencePoints>
                <SequencePoint vc="0" uspid="248" ordinal="0" offset="0" sl="51" sc="44" el="51" ec="48" bec="0" bev="0" fileid="6" />
              </SequencePoints>
              <BranchPoints />
              <MethodPoint xsi:type="SequencePoint" vc="0" uspid="248" ordinal="0" offset="0" sl="51" sc="44" el="51" ec="48" bec="0" bev="0" fileid="6" />
            </Method>
            <Method visited="false" cyclomaticComplexity="1" nPathComplexity="0" sequenceCoverage="0" branchCoverage="0" isConstructor="false" isStatic="false" isGetter="false" isSetter="true">
              <Summary numSequencePoints="1" visitedSequencePoints="0" numBranchPoints="1" visitedBranchPoints="0" sequenceCoverage="0" branchCoverage="0" maxCyclomaticComplexity="1" minCyclomaticComplexity="1" visitedClasses="0" numClasses="0" visitedMethods="0" numMethods="1" />
              <MetadataToken>100663366</MetadataToken>
              <Name>System.Void SportsWeb.Services.IdentityServices.RestModels.UserInfo::set_preferred_username(System.String)</Name>
              <FileRef uid="6" />
              <SequencePoints>
                <SequencePoint vc="0" uspid="249" ordinal="0" offset="0" sl="51" sc="49" el="51" ec="53" bec="0" bev="0" fileid="6" />
              </SequencePoints>
              <BranchPoints />
              <MethodPoint xsi:type="SequencePoint" vc="0" uspid="249" ordinal="0" offset="0" sl="51" sc="49" el="51" ec="53" bec="0" bev="0" fileid="6" />
            </Method>
            <Method visited="false" cyclomaticComplexity="1" nPathComplexity="0" sequenceCoverage="0" branchCoverage="0" isConstructor="false" isStatic="false" isGetter="true" isSetter="false">
              <Summary numSequencePoints="1" visitedSequencePoints="0" numBranchPoints="1" visitedBranchPoints="0" sequenceCoverage="0" branchCoverage="0" maxCyclomaticComplexity="1" minCyclomaticComplexity="1" visitedClasses="0" numClasses="0" visitedMethods="0" numMethods="1" />
              <MetadataToken>100663367</MetadataToken>
              <Name>System.String SportsWeb.Services.IdentityServices.RestModels.UserInfo::get_profile()</Name>
              <FileRef uid="6" />
              <SequencePoints>
                <SequencePoint vc="0" uspid="250" ordinal="0" offset="0" sl="52" sc="33" el="52" ec="37" bec="0" bev="0" fileid="6" />
              </SequencePoints>
              <BranchPoints />
              <MethodPoint xsi:type="SequencePoint" vc="0" uspid="250" ordinal="0" offset="0" sl="52" sc="33" el="52" ec="37" bec="0" bev="0" fileid="6" />
            </Method>
            <Method visited="false" cyclomaticComplexity="1" nPathComplexity="0" sequenceCoverage="0" branchCoverage="0" isConstructor="false" isStatic="false" isGetter="false" isSetter="true">
              <Summary numSequencePoints="1" visitedSequencePoints="0" numBranchPoints="1" visitedBranchPoints="0" sequenceCoverage="0" branchCoverage="0" maxCyclomaticComplexity="1" minCyclomaticComplexity="1" visitedClasses="0" numClasses="0" visitedMethods="0" numMethods="1" />
              <MetadataToken>100663368</MetadataToken>
              <Name>System.Void SportsWeb.Services.IdentityServices.RestModels.UserInfo::set_profile(System.String)</Name>
              <FileRef uid="6" />
              <SequencePoints>
                <SequencePoint vc="0" uspid="251" ordinal="0" offset="0" sl="52" sc="38" el="52" ec="42" bec="0" bev="0" fileid="6" />
              </SequencePoints>
              <BranchPoints />
              <MethodPoint xsi:type="SequencePoint" vc="0" uspid="251" ordinal="0" offset="0" sl="52" sc="38" el="52" ec="42" bec="0" bev="0" fileid="6" />
            </Method>
            <Method visited="false" cyclomaticComplexity="1" nPathComplexity="0" sequenceCoverage="0" branchCoverage="0" isConstructor="false" isStatic="false" isGetter="true" isSetter="false">
              <Summary numSequencePoints="1" visitedSequencePoints="0" numBranchPoints="1" visitedBranchPoints="0" sequenceCoverage="0" branchCoverage="0" maxCyclomaticComplexity="1" minCyclomaticComplexity="1" visitedClasses="0" numClasses="0" visitedMethods="0" numMethods="1" />
              <MetadataToken>100663369</MetadataToken>
              <Name>System.String SportsWeb.Services.IdentityServices.RestModels.UserInfo::get_picture()</Name>
              <FileRef uid="6" />
              <SequencePoints>
                <SequencePoint vc="0" uspid="252" ordinal="0" offset="0" sl="53" sc="33" el="53" ec="37" bec="0" bev="0" fileid="6" />
              </SequencePoints>
              <BranchPoints />
              <MethodPoint xsi:type="SequencePoint" vc="0" uspid="252" ordinal="0" offset="0" sl="53" sc="33" el="53" ec="37" bec="0" bev="0" fileid="6" />
            </Method>
            <Method visited="false" cyclomaticComplexity="1" nPathComplexity="0" sequenceCoverage="0" branchCoverage="0" isConstructor="false" isStatic="false" isGetter="false" isSetter="true">
              <Summary numSequencePoints="1" visitedSequencePoints="0" numBranchPoints="1" visitedBranchPoints="0" sequenceCoverage="0" branchCoverage="0" maxCyclomaticComplexity="1" minCyclomaticComplexity="1" visitedClasses="0" numClasses="0" visitedMethods="0" numMethods="1" />
              <MetadataToken>100663370</MetadataToken>
              <Name>System.Void SportsWeb.Services.IdentityServices.RestModels.UserInfo::set_picture(System.String)</Name>
              <FileRef uid="6" />
              <SequencePoints>
                <SequencePoint vc="0" uspid="253" ordinal="0" offset="0" sl="53" sc="38" el="53" ec="42" bec="0" bev="0" fileid="6" />
              </SequencePoints>
              <BranchPoints />
              <MethodPoint xsi:type="SequencePoint" vc="0" uspid="253" ordinal="0" offset="0" sl="53" sc="38" el="53" ec="42" bec="0" bev="0" fileid="6" />
            </Method>
            <Method visited="false" cyclomaticComplexity="1" nPathComplexity="0" sequenceCoverage="0" branchCoverage="0" isConstructor="false" isStatic="false" isGetter="true" isSetter="false">
              <Summary numSequencePoints="1" visitedSequencePoints="0" numBranchPoints="1" visitedBranchPoints="0" sequenceCoverage="0" branchCoverage="0" maxCyclomaticComplexity="1" minCyclomaticComplexity="1" visitedClasses="0" numClasses="0" visitedMethods="0" numMethods="1" />
              <MetadataToken>100663371</MetadataToken>
              <Name>System.String SportsWeb.Services.IdentityServices.RestModels.UserInfo::get_website()</Name>
              <FileRef uid="6" />
              <SequencePoints>
                <SequencePoint vc="0" uspid="254" ordinal="0" offset="0" sl="54" sc="33" el="54" ec="37" bec="0" bev="0" fileid="6" />
              </SequencePoints>
              <BranchPoints />
              <MethodPoint xsi:type="SequencePoint" vc="0" uspid="254" ordinal="0" offset="0" sl="54" sc="33" el="54" ec="37" bec="0" bev="0" fileid="6" />
            </Method>
            <Method visited="false" cyclomaticComplexity="1" nPathComplexity="0" sequenceCoverage="0" branchCoverage="0" isConstructor="false" isStatic="false" isGetter="false" isSetter="true">
              <Summary numSequencePoints="1" visitedSequencePoints="0" numBranchPoints="1" visitedBranchPoints="0" sequenceCoverage="0" branchCoverage="0" maxCyclomaticComplexity="1" minCyclomaticComplexity="1" visitedClasses="0" numClasses="0" visitedMethods="0" numMethods="1" />
              <MetadataToken>100663372</MetadataToken>
              <Name>System.Void SportsWeb.Services.IdentityServices.RestModels.UserInfo::set_website(System.String)</Name>
              <FileRef uid="6" />
              <SequencePoints>
                <SequencePoint vc="0" uspid="255" ordinal="0" offset="0" sl="54" sc="38" el="54" ec="42" bec="0" bev="0" fileid="6" />
              </SequencePoints>
              <BranchPoints />
              <MethodPoint xsi:type="SequencePoint" vc="0" uspid="255" ordinal="0" offset="0" sl="54" sc="38" el="54" ec="42" bec="0" bev="0" fileid="6" />
            </Method>
            <Method visited="false" cyclomaticComplexity="1" nPathComplexity="0" sequenceCoverage="0" branchCoverage="0" isConstructor="false" isStatic="false" isGetter="true" isSetter="false">
              <Summary numSequencePoints="1" visitedSequencePoints="0" numBranchPoints="1" visitedBranchPoints="0" sequenceCoverage="0" branchCoverage="0" maxCyclomaticComplexity="1" minCyclomaticComplexity="1" visitedClasses="0" numClasses="0" visitedMethods="0" numMethods="1" />
              <MetadataToken>100663373</MetadataToken>
              <Name>System.Boolean SportsWeb.Services.IdentityServices.RestModels.UserInfo::get_email_verified()</Name>
              <FileRef uid="6" />
              <SequencePoints>
                <SequencePoint vc="0" uspid="256" ordinal="0" offset="0" sl="55" sc="38" el="55" ec="42" bec="0" bev="0" fileid="6" />
              </SequencePoints>
              <BranchPoints />
              <MethodPoint xsi:type="SequencePoint" vc="0" uspid="256" ordinal="0" offset="0" sl="55" sc="38" el="55" ec="42" bec="0" bev="0" fileid="6" />
            </Method>
            <Method visited="true" cyclomaticComplexity="1" nPathComplexity="0" sequenceCoverage="100" branchCoverage="100" isConstructor="false" isStatic="false" isGetter="false" isSetter="true">
              <Summary numSequencePoints="1" visitedSequencePoints="1" numBranchPoints="1" visitedBranchPoints="1" sequenceCoverage="100" branchCoverage="100" maxCyclomaticComplexity="1" minCyclomaticComplexity="1" visitedClasses="0" numClasses="0" visitedMethods="1" numMethods="1" />
              <MetadataToken>100663374</MetadataToken>
              <Name>System.Void SportsWeb.Services.IdentityServices.RestModels.UserInfo::set_email_verified(System.Boolean)</Name>
              <FileRef uid="6" />
              <SequencePoints>
                <SequencePoint vc="10" uspid="257" ordinal="0" offset="0" sl="55" sc="43" el="55" ec="47" bec="0" bev="0" fileid="6" />
              </SequencePoints>
              <BranchPoints />
              <MethodPoint xsi:type="SequencePoint" vc="10" uspid="257" ordinal="0" offset="0" sl="55" sc="43" el="55" ec="47" bec="0" bev="0" fileid="6" />
            </Method>
            <Method visited="false" cyclomaticComplexity="1" nPathComplexity="0" sequenceCoverage="0" branchCoverage="0" isConstructor="false" isStatic="false" isGetter="true" isSetter="false">
              <Summary numSequencePoints="1" visitedSequencePoints="0" numBranchPoints="1" visitedBranchPoints="0" sequenceCoverage="0" branchCoverage="0" maxCyclomaticComplexity="1" minCyclomaticComplexity="1" visitedClasses="0" numClasses="0" visitedMethods="0" numMethods="1" />
              <MetadataToken>100663375</MetadataToken>
              <Name>System.String SportsWeb.Services.IdentityServices.RestModels.UserInfo::get_gender()</Name>
              <FileRef uid="6" />
              <SequencePoints>
                <SequencePoint vc="0" uspid="258" ordinal="0" offset="0" sl="56" sc="32" el="56" ec="36" bec="0" bev="0" fileid="6" />
              </SequencePoints>
              <BranchPoints />
              <MethodPoint xsi:type="SequencePoint" vc="0" uspid="258" ordinal="0" offset="0" sl="56" sc="32" el="56" ec="36" bec="0" bev="0" fileid="6" />
            </Method>
            <Method visited="false" cyclomaticComplexity="1" nPathComplexity="0" sequenceCoverage="0" branchCoverage="0" isConstructor="false" isStatic="false" isGetter="false" isSetter="true">
              <Summary numSequencePoints="1" visitedSequencePoints="0" numBranchPoints="1" visitedBranchPoints="0" sequenceCoverage="0" branchCoverage="0" maxCyclomaticComplexity="1" minCyclomaticComplexity="1" visitedClasses="0" numClasses="0" visitedMethods="0" numMethods="1" />
              <MetadataToken>100663376</MetadataToken>
              <Name>System.Void SportsWeb.Services.IdentityServices.RestModels.UserInfo::set_gender(System.String)</Name>
              <FileRef uid="6" />
              <SequencePoints>
                <SequencePoint vc="0" uspid="259" ordinal="0" offset="0" sl="56" sc="37" el="56" ec="41" bec="0" bev="0" fileid="6" />
              </SequencePoints>
              <BranchPoints />
              <MethodPoint xsi:type="SequencePoint" vc="0" uspid="259" ordinal="0" offset="0" sl="56" sc="37" el="56" ec="41" bec="0" bev="0" fileid="6" />
            </Method>
            <Method visited="false" cyclomaticComplexity="1" nPathComplexity="0" sequenceCoverage="0" branchCoverage="0" isConstructor="false" isStatic="false" isGetter="true" isSetter="false">
              <Summary numSequencePoints="1" visitedSequencePoints="0" numBranchPoints="1" visitedBranchPoints="0" sequenceCoverage="0" branchCoverage="0" maxCyclomaticComplexity="1" minCyclomaticComplexity="1" visitedClasses="0" numClasses="0" visitedMethods="0" numMethods="1" />
              <MetadataToken>100663377</MetadataToken>
              <Name>System.String SportsWeb.Services.IdentityServices.RestModels.UserInfo::get_birthdate()</Name>
              <FileRef uid="6" />
              <SequencePoints>
                <SequencePoint vc="0" uspid="260" ordinal="0" offset="0" sl="57" sc="35" el="57" ec="39" bec="0" bev="0" fileid="6" />
              </SequencePoints>
              <BranchPoints />
              <MethodPoint xsi:type="SequencePoint" vc="0" uspid="260" ordinal="0" offset="0" sl="57" sc="35" el="57" ec="39" bec="0" bev="0" fileid="6" />
            </Method>
            <Method visited="false" cyclomaticComplexity="1" nPathComplexity="0" sequenceCoverage="0" branchCoverage="0" isConstructor="false" isStatic="false" isGetter="false" isSetter="true">
              <Summary numSequencePoints="1" visitedSequencePoints="0" numBranchPoints="1" visitedBranchPoints="0" sequenceCoverage="0" branchCoverage="0" maxCyclomaticComplexity="1" minCyclomaticComplexity="1" visitedClasses="0" numClasses="0" visitedMethods="0" numMethods="1" />
              <MetadataToken>100663378</MetadataToken>
              <Name>System.Void SportsWeb.Services.IdentityServices.RestModels.UserInfo::set_birthdate(System.String)</Name>
              <FileRef uid="6" />
              <SequencePoints>
                <SequencePoint vc="0" uspid="261" ordinal="0" offset="0" sl="57" sc="40" el="57" ec="44" bec="0" bev="0" fileid="6" />
              </SequencePoints>
              <BranchPoints />
              <MethodPoint xsi:type="SequencePoint" vc="0" uspid="261" ordinal="0" offset="0" sl="57" sc="40" el="57" ec="44" bec="0" bev="0" fileid="6" />
            </Method>
            <Method visited="false" cyclomaticComplexity="1" nPathComplexity="0" sequenceCoverage="0" branchCoverage="0" isConstructor="false" isStatic="false" isGetter="true" isSetter="false">
              <Summary numSequencePoints="1" visitedSequencePoints="0" numBranchPoints="1" visitedBranchPoints="0" sequenceCoverage="0" branchCoverage="0" maxCyclomaticComplexity="1" minCyclomaticComplexity="1" visitedClasses="0" numClasses="0" visitedMethods="0" numMethods="1" />
              <MetadataToken>100663379</MetadataToken>
              <Name>System.String SportsWeb.Services.IdentityServices.RestModels.UserInfo::get_zoneinfo()</Name>
              <FileRef uid="6" />
              <SequencePoints>
                <SequencePoint vc="0" uspid="262" ordinal="0" offset="0" sl="58" sc="34" el="58" ec="38" bec="0" bev="0" fileid="6" />
              </SequencePoints>
              <BranchPoints />
              <MethodPoint xsi:type="SequencePoint" vc="0" uspid="262" ordinal="0" offset="0" sl="58" sc="34" el="58" ec="38" bec="0" bev="0" fileid="6" />
            </Method>
            <Method visited="false" cyclomaticComplexity="1" nPathComplexity="0" sequenceCoverage="0" branchCoverage="0" isConstructor="false" isStatic="false" isGetter="false" isSetter="true">
              <Summary numSequencePoints="1" visitedSequencePoints="0" numBranchPoints="1" visitedBranchPoints="0" sequenceCoverage="0" branchCoverage="0" maxCyclomaticComplexity="1" minCyclomaticComplexity="1" visitedClasses="0" numClasses="0" visitedMethods="0" numMethods="1" />
              <MetadataToken>100663380</MetadataToken>
              <Name>System.Void SportsWeb.Services.IdentityServices.RestModels.UserInfo::set_zoneinfo(System.String)</Name>
              <FileRef uid="6" />
              <SequencePoints>
                <SequencePoint vc="0" uspid="263" ordinal="0" offset="0" sl="58" sc="39" el="58" ec="43" bec="0" bev="0" fileid="6" />
              </SequencePoints>
              <BranchPoints />
              <MethodPoint xsi:type="SequencePoint" vc="0" uspid="263" ordinal="0" offset="0" sl="58" sc="39" el="58" ec="43" bec="0" bev="0" fileid="6" />
            </Method>
            <Method visited="false" cyclomaticComplexity="1" nPathComplexity="0" sequenceCoverage="0" branchCoverage="0" isConstructor="false" isStatic="false" isGetter="true" isSetter="false">
              <Summary numSequencePoints="1" visitedSequencePoints="0" numBranchPoints="1" visitedBranchPoints="0" sequenceCoverage="0" branchCoverage="0" maxCyclomaticComplexity="1" minCyclomaticComplexity="1" visitedClasses="0" numClasses="0" visitedMethods="0" numMethods="1" />
              <MetadataToken>100663381</MetadataToken>
              <Name>System.String SportsWeb.Services.IdentityServices.RestModels.UserInfo::get_phone_number()</Name>
              <FileRef uid="6" />
              <SequencePoints>
                <SequencePoint vc="0" uspid="264" ordinal="0" offset="0" sl="59" sc="38" el="59" ec="42" bec="0" bev="0" fileid="6" />
              </SequencePoints>
              <BranchPoints />
              <MethodPoint xsi:type="SequencePoint" vc="0" uspid="264" ordinal="0" offset="0" sl="59" sc="38" el="59" ec="42" bec="0" bev="0" fileid="6" />
            </Method>
            <Method visited="false" cyclomaticComplexity="1" nPathComplexity="0" sequenceCoverage="0" branchCoverage="0" isConstructor="false" isStatic="false" isGetter="false" isSetter="true">
              <Summary numSequencePoints="1" visitedSequencePoints="0" numBranchPoints="1" visitedBranchPoints="0" sequenceCoverage="0" branchCoverage="0" maxCyclomaticComplexity="1" minCyclomaticComplexity="1" visitedClasses="0" numClasses="0" visitedMethods="0" numMethods="1" />
              <MetadataToken>100663382</MetadataToken>
              <Name>System.Void SportsWeb.Services.IdentityServices.RestModels.UserInfo::set_phone_number(System.String)</Name>
              <FileRef uid="6" />
              <SequencePoints>
                <SequencePoint vc="0" uspid="265" ordinal="0" offset="0" sl="59" sc="43" el="59" ec="47" bec="0" bev="0" fileid="6" />
              </SequencePoints>
              <BranchPoints />
              <MethodPoint xsi:type="SequencePoint" vc="0" uspid="265" ordinal="0" offset="0" sl="59" sc="43" el="59" ec="47" bec="0" bev="0" fileid="6" />
            </Method>
            <Method visited="false" cyclomaticComplexity="1" nPathComplexity="0" sequenceCoverage="0" branchCoverage="0" isConstructor="false" isStatic="false" isGetter="true" isSetter="false">
              <Summary numSequencePoints="1" visitedSequencePoints="0" numBranchPoints="1" visitedBranchPoints="0" sequenceCoverage="0" branchCoverage="0" maxCyclomaticComplexity="1" minCyclomaticComplexity="1" visitedClasses="0" numClasses="0" visitedMethods="0" numMethods="1" />
              <MetadataToken>100663383</MetadataToken>
              <Name>System.Boolean SportsWeb.Services.IdentityServices.RestModels.UserInfo::get_phone_number_verified()</Name>
              <FileRef uid="6" />
              <SequencePoints>
                <SequencePoint vc="0" uspid="266" ordinal="0" offset="0" sl="60" sc="45" el="60" ec="49" bec="0" bev="0" fileid="6" />
              </SequencePoints>
              <BranchPoints />
              <MethodPoint xsi:type="SequencePoint" vc="0" uspid="266" ordinal="0" offset="0" sl="60" sc="45" el="60" ec="49" bec="0" bev="0" fileid="6" />
            </Method>
            <Method visited="false" cyclomaticComplexity="1" nPathComplexity="0" sequenceCoverage="0" branchCoverage="0" isConstructor="false" isStatic="false" isGetter="false" isSetter="true">
              <Summary numSequencePoints="1" visitedSequencePoints="0" numBranchPoints="1" visitedBranchPoints="0" sequenceCoverage="0" branchCoverage="0" maxCyclomaticComplexity="1" minCyclomaticComplexity="1" visitedClasses="0" numClasses="0" visitedMethods="0" numMethods="1" />
              <MetadataToken>100663384</MetadataToken>
              <Name>System.Void SportsWeb.Services.IdentityServices.RestModels.UserInfo::set_phone_number_verified(System.Boolean)</Name>
              <FileRef uid="6" />
              <SequencePoints>
                <SequencePoint vc="0" uspid="267" ordinal="0" offset="0" sl="60" sc="50" el="60" ec="54" bec="0" bev="0" fileid="6" />
              </SequencePoints>
              <BranchPoints />
              <MethodPoint xsi:type="SequencePoint" vc="0" uspid="267" ordinal="0" offset="0" sl="60" sc="50" el="60" ec="54" bec="0" bev="0" fileid="6" />
            </Method>
            <Method visited="false" cyclomaticComplexity="1" nPathComplexity="0" sequenceCoverage="0" branchCoverage="0" isConstructor="false" isStatic="false" isGetter="true" isSetter="false">
              <Summary numSequencePoints="1" visitedSequencePoints="0" numBranchPoints="1" visitedBranchPoints="0" sequenceCoverage="0" branchCoverage="0" maxCyclomaticComplexity="1" minCyclomaticComplexity="1" visitedClasses="0" numClasses="0" visitedMethods="0" numMethods="1" />
              <MetadataToken>100663385</MetadataToken>
              <Name>SportsWeb.Services.IdentityServices.RestModels.Address SportsWeb.Services.IdentityServices.RestModels.UserInfo::get_address()</Name>
              <FileRef uid="6" />
              <SequencePoints>
                <SequencePoint vc="0" uspid="268" ordinal="0" offset="0" sl="61" sc="34" el="61" ec="38" bec="0" bev="0" fileid="6" />
              </SequencePoints>
              <BranchPoints />
              <MethodPoint xsi:type="SequencePoint" vc="0" uspid="268" ordinal="0" offset="0" sl="61" sc="34" el="61" ec="38" bec="0" bev="0" fileid="6" />
            </Method>
            <Method visited="true" cyclomaticComplexity="1" nPathComplexity="0" sequenceCoverage="100" branchCoverage="100" isConstructor="false" isStatic="false" isGetter="false" isSetter="true">
              <Summary numSequencePoints="1" visitedSequencePoints="1" numBranchPoints="1" visitedBranchPoints="1" sequenceCoverage="100" branchCoverage="100" maxCyclomaticComplexity="1" minCyclomaticComplexity="1" visitedClasses="0" numClasses="0" visitedMethods="1" numMethods="1" />
              <MetadataToken>100663386</MetadataToken>
              <Name>System.Void SportsWeb.Services.IdentityServices.RestModels.UserInfo::set_address(SportsWeb.Services.IdentityServices.RestModels.Address)</Name>
              <FileRef uid="6" />
              <SequencePoints>
                <SequencePoint vc="10" uspid="269" ordinal="0" offset="0" sl="61" sc="39" el="61" ec="43" bec="0" bev="0" fileid="6" />
              </SequencePoints>
              <BranchPoints />
              <MethodPoint xsi:type="SequencePoint" vc="10" uspid="269" ordinal="0" offset="0" sl="61" sc="39" el="61" ec="43" bec="0" bev="0" fileid="6" />
            </Method>
            <Method visited="false" cyclomaticComplexity="1" nPathComplexity="0" sequenceCoverage="0" branchCoverage="0" isConstructor="false" isStatic="false" isGetter="true" isSetter="false">
              <Summary numSequencePoints="1" visitedSequencePoints="0" numBranchPoints="1" visitedBranchPoints="0" sequenceCoverage="0" branchCoverage="0" maxCyclomaticComplexity="1" minCyclomaticComplexity="1" visitedClasses="0" numClasses="0" visitedMethods="0" numMethods="1" />
              <MetadataToken>100663387</MetadataToken>
              <Name>System.Int32 SportsWeb.Services.IdentityServices.RestModels.UserInfo::get_updated_at()</Name>
              <FileRef uid="6" />
              <SequencePoints>
                <SequencePoint vc="0" uspid="270" ordinal="0" offset="0" sl="62" sc="33" el="62" ec="37" bec="0" bev="0" fileid="6" />
              </SequencePoints>
              <BranchPoints />
              <MethodPoint xsi:type="SequencePoint" vc="0" uspid="270" ordinal="0" offset="0" sl="62" sc="33" el="62" ec="37" bec="0" bev="0" fileid="6" />
            </Method>
            <Method visited="false" cyclomaticComplexity="1" nPathComplexity="0" sequenceCoverage="0" branchCoverage="0" isConstructor="false" isStatic="false" isGetter="false" isSetter="true">
              <Summary numSequencePoints="1" visitedSequencePoints="0" numBranchPoints="1" visitedBranchPoints="0" sequenceCoverage="0" branchCoverage="0" maxCyclomaticComplexity="1" minCyclomaticComplexity="1" visitedClasses="0" numClasses="0" visitedMethods="0" numMethods="1" />
              <MetadataToken>100663388</MetadataToken>
              <Name>System.Void SportsWeb.Services.IdentityServices.RestModels.UserInfo::set_updated_at(System.Int32)</Name>
              <FileRef uid="6" />
              <SequencePoints>
                <SequencePoint vc="0" uspid="271" ordinal="0" offset="0" sl="62" sc="38" el="62" ec="42" bec="0" bev="0" fileid="6" />
              </SequencePoints>
              <BranchPoints />
              <MethodPoint xsi:type="SequencePoint" vc="0" uspid="271" ordinal="0" offset="0" sl="62" sc="38" el="62" ec="42" bec="0" bev="0" fileid="6" />
            </Method>
            <Method visited="false" cyclomaticComplexity="1" nPathComplexity="0" sequenceCoverage="0" branchCoverage="0" isConstructor="false" isStatic="false" isGetter="true" isSetter="false">
              <Summary numSequencePoints="1" visitedSequencePoints="0" numBranchPoints="1" visitedBranchPoints="0" sequenceCoverage="0" branchCoverage="0" maxCyclomaticComplexity="1" minCyclomaticComplexity="1" visitedClasses="0" numClasses="0" visitedMethods="0" numMethods="1" />
              <MetadataToken>100663389</MetadataToken>
              <Name>System.String SportsWeb.Services.IdentityServices.RestModels.UserInfo::get_company()</Name>
              <FileRef uid="6" />
              <SequencePoints>
                <SequencePoint vc="0" uspid="272" ordinal="0" offset="0" sl="64" sc="33" el="64" ec="37" bec="0" bev="0" fileid="6" />
              </SequencePoints>
              <BranchPoints />
              <MethodPoint xsi:type="SequencePoint" vc="0" uspid="272" ordinal="0" offset="0" sl="64" sc="33" el="64" ec="37" bec="0" bev="0" fileid="6" />
            </Method>
            <Method visited="false" cyclomaticComplexity="1" nPathComplexity="0" sequenceCoverage="0" branchCoverage="0" isConstructor="false" isStatic="false" isGetter="false" isSetter="true">
              <Summary numSequencePoints="1" visitedSequencePoints="0" numBranchPoints="1" visitedBranchPoints="0" sequenceCoverage="0" branchCoverage="0" maxCyclomaticComplexity="1" minCyclomaticComplexity="1" visitedClasses="0" numClasses="0" visitedMethods="0" numMethods="1" />
              <MetadataToken>100663390</MetadataToken>
              <Name>System.Void SportsWeb.Services.IdentityServices.RestModels.UserInfo::set_company(System.String)</Name>
              <FileRef uid="6" />
              <SequencePoints>
                <SequencePoint vc="0" uspid="273" ordinal="0" offset="0" sl="64" sc="38" el="64" ec="42" bec="0" bev="0" fileid="6" />
              </SequencePoints>
              <BranchPoints />
              <MethodPoint xsi:type="SequencePoint" vc="0" uspid="273" ordinal="0" offset="0" sl="64" sc="38" el="64" ec="42" bec="0" bev="0" fileid="6" />
            </Method>
            <Method visited="false" cyclomaticComplexity="1" nPathComplexity="0" sequenceCoverage="0" branchCoverage="0" isConstructor="false" isStatic="false" isGetter="true" isSetter="false">
              <Summary numSequencePoints="1" visitedSequencePoints="0" numBranchPoints="1" visitedBranchPoints="0" sequenceCoverage="0" branchCoverage="0" maxCyclomaticComplexity="1" minCyclomaticComplexity="1" visitedClasses="0" numClasses="0" visitedMethods="0" numMethods="1" />
              <MetadataToken>100663391</MetadataToken>
              <Name>System.String SportsWeb.Services.IdentityServices.RestModels.UserInfo::get_job_title()</Name>
              <FileRef uid="6" />
              <SequencePoints>
                <SequencePoint vc="0" uspid="274" ordinal="0" offset="0" sl="65" sc="35" el="65" ec="39" bec="0" bev="0" fileid="6" />
              </SequencePoints>
              <BranchPoints />
              <MethodPoint xsi:type="SequencePoint" vc="0" uspid="274" ordinal="0" offset="0" sl="65" sc="35" el="65" ec="39" bec="0" bev="0" fileid="6" />
            </Method>
            <Method visited="false" cyclomaticComplexity="1" nPathComplexity="0" sequenceCoverage="0" branchCoverage="0" isConstructor="false" isStatic="false" isGetter="false" isSetter="true">
              <Summary numSequencePoints="1" visitedSequencePoints="0" numBranchPoints="1" visitedBranchPoints="0" sequenceCoverage="0" branchCoverage="0" maxCyclomaticComplexity="1" minCyclomaticComplexity="1" visitedClasses="0" numClasses="0" visitedMethods="0" numMethods="1" />
              <MetadataToken>100663392</MetadataToken>
              <Name>System.Void SportsWeb.Services.IdentityServices.RestModels.UserInfo::set_job_title(System.String)</Name>
              <FileRef uid="6" />
              <SequencePoints>
                <SequencePoint vc="0" uspid="275" ordinal="0" offset="0" sl="65" sc="40" el="65" ec="44" bec="0" bev="0" fileid="6" />
              </SequencePoints>
              <BranchPoints />
              <MethodPoint xsi:type="SequencePoint" vc="0" uspid="275" ordinal="0" offset="0" sl="65" sc="40" el="65" ec="44" bec="0" bev="0" fileid="6" />
            </Method>
            <Method visited="false" cyclomaticComplexity="1" nPathComplexity="0" sequenceCoverage="0" branchCoverage="0" isConstructor="false" isStatic="false" isGetter="true" isSetter="false">
              <Summary numSequencePoints="1" visitedSequencePoints="0" numBranchPoints="1" visitedBranchPoints="0" sequenceCoverage="0" branchCoverage="0" maxCyclomaticComplexity="1" minCyclomaticComplexity="1" visitedClasses="0" numClasses="0" visitedMethods="0" numMethods="1" />
              <MetadataToken>100663393</MetadataToken>
              <Name>System.Boolean SportsWeb.Services.IdentityServices.RestModels.UserInfo::get_use_second_factor()</Name>
              <FileRef uid="6" />
              <SequencePoints>
                <SequencePoint vc="0" uspid="276" ordinal="0" offset="0" sl="71" sc="41" el="71" ec="45" bec="0" bev="0" fileid="6" />
              </SequencePoints>
              <BranchPoints />
              <MethodPoint xsi:type="SequencePoint" vc="0" uspid="276" ordinal="0" offset="0" sl="71" sc="41" el="71" ec="45" bec="0" bev="0" fileid="6" />
            </Method>
            <Method visited="false" cyclomaticComplexity="1" nPathComplexity="0" sequenceCoverage="0" branchCoverage="0" isConstructor="false" isStatic="false" isGetter="false" isSetter="true">
              <Summary numSequencePoints="1" visitedSequencePoints="0" numBranchPoints="1" visitedBranchPoints="0" sequenceCoverage="0" branchCoverage="0" maxCyclomaticComplexity="1" minCyclomaticComplexity="1" visitedClasses="0" numClasses="0" visitedMethods="0" numMethods="1" />
              <MetadataToken>100663394</MetadataToken>
              <Name>System.Void SportsWeb.Services.IdentityServices.RestModels.UserInfo::set_use_second_factor(System.Boolean)</Name>
              <FileRef uid="6" />
              <SequencePoints>
                <SequencePoint vc="0" uspid="277" ordinal="0" offset="0" sl="71" sc="46" el="71" ec="50" bec="0" bev="0" fileid="6" />
              </SequencePoints>
              <BranchPoints />
              <MethodPoint xsi:type="SequencePoint" vc="0" uspid="277" ordinal="0" offset="0" sl="71" sc="46" el="71" ec="50" bec="0" bev="0" fileid="6" />
            </Method>
            <Method visited="false" cyclomaticComplexity="1" nPathComplexity="0" sequenceCoverage="0" branchCoverage="0" isConstructor="false" isStatic="false" isGetter="true" isSetter="false">
              <Summary numSequencePoints="1" visitedSequencePoints="0" numBranchPoints="1" visitedBranchPoints="0" sequenceCoverage="0" branchCoverage="0" maxCyclomaticComplexity="1" minCyclomaticComplexity="1" visitedClasses="0" numClasses="0" visitedMethods="0" numMethods="1" />
              <MetadataToken>100663395</MetadataToken>
              <Name>System.String SportsWeb.Services.IdentityServices.RestModels.UserInfo::get_second_email()</Name>
              <FileRef uid="6" />
              <SequencePoints>
                <SequencePoint vc="0" uspid="278" ordinal="0" offset="0" sl="77" sc="38" el="77" ec="42" bec="0" bev="0" fileid="6" />
              </SequencePoints>
              <BranchPoints />
              <MethodPoint xsi:type="SequencePoint" vc="0" uspid="278" ordinal="0" offset="0" sl="77" sc="38" el="77" ec="42" bec="0" bev="0" fileid="6" />
            </Method>
            <Method visited="false" cyclomaticComplexity="1" nPathComplexity="0" sequenceCoverage="0" branchCoverage="0" isConstructor="false" isStatic="false" isGetter="false" isSetter="true">
              <Summary numSequencePoints="1" visitedSequencePoints="0" numBranchPoints="1" visitedBranchPoints="0" sequenceCoverage="0" branchCoverage="0" maxCyclomaticComplexity="1" minCyclomaticComplexity="1" visitedClasses="0" numClasses="0" visitedMethods="0" numMethods="1" />
              <MetadataToken>100663396</MetadataToken>
              <Name>System.Void SportsWeb.Services.IdentityServices.RestModels.UserInfo::set_second_email(System.String)</Name>
              <FileRef uid="6" />
              <SequencePoints>
                <SequencePoint vc="0" uspid="279" ordinal="0" offset="0" sl="77" sc="43" el="77" ec="47" bec="0" bev="0" fileid="6" />
              </SequencePoints>
              <BranchPoints />
              <MethodPoint xsi:type="SequencePoint" vc="0" uspid="279" ordinal="0" offset="0" sl="77" sc="43" el="77" ec="47" bec="0" bev="0" fileid="6" />
            </Method>
            <Method visited="false" cyclomaticComplexity="1" nPathComplexity="0" sequenceCoverage="0" branchCoverage="0" isConstructor="false" isStatic="false" isGetter="true" isSetter="false">
              <Summary numSequencePoints="1" visitedSequencePoints="0" numBranchPoints="1" visitedBranchPoints="0" sequenceCoverage="0" branchCoverage="0" maxCyclomaticComplexity="1" minCyclomaticComplexity="1" visitedClasses="0" numClasses="0" visitedMethods="0" numMethods="1" />
              <MetadataToken>100663397</MetadataToken>
              <Name>System.String SportsWeb.Services.IdentityServices.RestModels.UserInfo::get_second_factor_mode()</Name>
              <FileRef uid="6" />
              <SequencePoints>
                <SequencePoint vc="0" uspid="280" ordinal="0" offset="0" sl="79" sc="44" el="79" ec="48" bec="0" bev="0" fileid="6" />
              </SequencePoints>
              <BranchPoints />
              <MethodPoint xsi:type="SequencePoint" vc="0" uspid="280" ordinal="0" offset="0" sl="79" sc="44" el="79" ec="48" bec="0" bev="0" fileid="6" />
            </Method>
            <Method visited="false" cyclomaticComplexity="1" nPathComplexity="0" sequenceCoverage="0" branchCoverage="0" isConstructor="false" isStatic="false" isGetter="false" isSetter="true">
              <Summary numSequencePoints="1" visitedSequencePoints="0" numBranchPoints="1" visitedBranchPoints="0" sequenceCoverage="0" branchCoverage="0" maxCyclomaticComplexity="1" minCyclomaticComplexity="1" visitedClasses="0" numClasses="0" visitedMethods="0" numMethods="1" />
              <MetadataToken>100663398</MetadataToken>
              <Name>System.Void SportsWeb.Services.IdentityServices.RestModels.UserInfo::set_second_factor_mode(System.String)</Name>
              <FileRef uid="6" />
              <SequencePoints>
                <SequencePoint vc="0" uspid="281" ordinal="0" offset="0" sl="79" sc="49" el="79" ec="53" bec="0" bev="0" fileid="6" />
              </SequencePoints>
              <BranchPoints />
              <MethodPoint xsi:type="SequencePoint" vc="0" uspid="281" ordinal="0" offset="0" sl="79" sc="49" el="79" ec="53" bec="0" bev="0" fileid="6" />
            </Method>
            <Method visited="false" cyclomaticComplexity="1" nPathComplexity="0" sequenceCoverage="0" branchCoverage="0" isConstructor="false" isStatic="false" isGetter="true" isSetter="false">
              <Summary numSequencePoints="1" visitedSequencePoints="0" numBranchPoints="1" visitedBranchPoints="0" sequenceCoverage="0" branchCoverage="0" maxCyclomaticComplexity="1" minCyclomaticComplexity="1" visitedClasses="0" numClasses="0" visitedMethods="0" numMethods="1" />
              <MetadataToken>100663399</MetadataToken>
              <Name>System.String SportsWeb.Services.IdentityServices.RestModels.UserInfo::get_phone_number_sms()</Name>
              <FileRef uid="6" />
              <SequencePoints>
                <SequencePoint vc="0" uspid="282" ordinal="0" offset="0" sl="81" sc="42" el="81" ec="46" bec="0" bev="0" fileid="6" />
              </SequencePoints>
              <BranchPoints />
              <MethodPoint xsi:type="SequencePoint" vc="0" uspid="282" ordinal="0" offset="0" sl="81" sc="42" el="81" ec="46" bec="0" bev="0" fileid="6" />
            </Method>
            <Method visited="false" cyclomaticComplexity="1" nPathComplexity="0" sequenceCoverage="0" branchCoverage="0" isConstructor="false" isStatic="false" isGetter="false" isSetter="true">
              <Summary numSequencePoints="1" visitedSequencePoints="0" numBranchPoints="1" visitedBranchPoints="0" sequenceCoverage="0" branchCoverage="0" maxCyclomaticComplexity="1" minCyclomaticComplexity="1" visitedClasses="0" numClasses="0" visitedMethods="0" numMethods="1" />
              <MetadataToken>100663400</MetadataToken>
              <Name>System.Void SportsWeb.Services.IdentityServices.RestModels.UserInfo::set_phone_number_sms(System.String)</Name>
              <FileRef uid="6" />
              <SequencePoints>
                <SequencePoint vc="0" uspid="283" ordinal="0" offset="0" sl="81" sc="47" el="81" ec="51" bec="0" bev="0" fileid="6" />
              </SequencePoints>
              <BranchPoints />
              <MethodPoint xsi:type="SequencePoint" vc="0" uspid="283" ordinal="0" offset="0" sl="81" sc="47" el="81" ec="51" bec="0" bev="0" fileid="6" />
            </Method>
            <Method visited="false" cyclomaticComplexity="1" nPathComplexity="0" sequenceCoverage="0" branchCoverage="0" isConstructor="false" isStatic="false" isGetter="true" isSetter="false">
              <Summary numSequencePoints="1" visitedSequencePoints="0" numBranchPoints="1" visitedBranchPoints="0" sequenceCoverage="0" branchCoverage="0" maxCyclomaticComplexity="1" minCyclomaticComplexity="1" visitedClasses="0" numClasses="0" visitedMethods="0" numMethods="1" />
              <MetadataToken>100663401</MetadataToken>
              <Name>System.Boolean SportsWeb.Services.IdentityServices.RestModels.UserInfo::get_limit_session_to_single_ip()</Name>
              <FileRef uid="6" />
              <SequencePoints>
                <SequencePoint vc="0" uspid="284" ordinal="0" offset="0" sl="83" sc="50" el="83" ec="54" bec="0" bev="0" fileid="6" />
              </SequencePoints>
              <BranchPoints />
              <MethodPoint xsi:type="SequencePoint" vc="0" uspid="284" ordinal="0" offset="0" sl="83" sc="50" el="83" ec="54" bec="0" bev="0" fileid="6" />
            </Method>
            <Method visited="false" cyclomaticComplexity="1" nPathComplexity="0" sequenceCoverage="0" branchCoverage="0" isConstructor="false" isStatic="false" isGetter="false" isSetter="true">
              <Summary numSequencePoints="1" visitedSequencePoints="0" numBranchPoints="1" visitedBranchPoints="0" sequenceCoverage="0" branchCoverage="0" maxCyclomaticComplexity="1" minCyclomaticComplexity="1" visitedClasses="0" numClasses="0" visitedMethods="0" numMethods="1" />
              <MetadataToken>100663402</MetadataToken>
              <Name>System.Void SportsWeb.Services.IdentityServices.RestModels.UserInfo::set_limit_session_to_single_ip(System.Boolean)</Name>
              <FileRef uid="6" />
              <SequencePoints>
                <SequencePoint vc="0" uspid="285" ordinal="0" offset="0" sl="83" sc="55" el="83" ec="59" bec="0" bev="0" fileid="6" />
              </SequencePoints>
              <BranchPoints />
              <MethodPoint xsi:type="SequencePoint" vc="0" uspid="285" ordinal="0" offset="0" sl="83" sc="55" el="83" ec="59" bec="0" bev="0" fileid="6" />
            </Method>
            <Method visited="false" cyclomaticComplexity="1" nPathComplexity="0" sequenceCoverage="0" branchCoverage="0" isConstructor="false" isStatic="false" isGetter="true" isSetter="false">
              <Summary numSequencePoints="1" visitedSequencePoints="0" numBranchPoints="1" visitedBranchPoints="0" sequenceCoverage="0" branchCoverage="0" maxCyclomaticComplexity="1" minCyclomaticComplexity="1" visitedClasses="0" numClasses="0" visitedMethods="0" numMethods="1" />
              <MetadataToken>100663403</MetadataToken>
              <Name>System.Boolean SportsWeb.Services.IdentityServices.RestModels.UserInfo::get_is_locked_out()</Name>
              <FileRef uid="6" />
              <SequencePoints>
                <SequencePoint vc="0" uspid="286" ordinal="0" offset="0" sl="89" sc="37" el="89" ec="41" bec="0" bev="0" fileid="6" />
              </SequencePoints>
              <BranchPoints />
              <MethodPoint xsi:type="SequencePoint" vc="0" uspid="286" ordinal="0" offset="0" sl="89" sc="37" el="89" ec="41" bec="0" bev="0" fileid="6" />
            </Method>
            <Method visited="false" cyclomaticComplexity="1" nPathComplexity="0" sequenceCoverage="0" branchCoverage="0" isConstructor="false" isStatic="false" isGetter="false" isSetter="true">
              <Summary numSequencePoints="1" visitedSequencePoints="0" numBranchPoints="1" visitedBranchPoints="0" sequenceCoverage="0" branchCoverage="0" maxCyclomaticComplexity="1" minCyclomaticComplexity="1" visitedClasses="0" numClasses="0" visitedMethods="0" numMethods="1" />
              <MetadataToken>100663404</MetadataToken>
              <Name>System.Void SportsWeb.Services.IdentityServices.RestModels.UserInfo::set_is_locked_out(System.Boolean)</Name>
              <FileRef uid="6" />
              <SequencePoints>
                <SequencePoint vc="0" uspid="287" ordinal="0" offset="0" sl="89" sc="42" el="89" ec="46" bec="0" bev="0" fileid="6" />
              </SequencePoints>
              <BranchPoints />
              <MethodPoint xsi:type="SequencePoint" vc="0" uspid="287" ordinal="0" offset="0" sl="89" sc="42" el="89" ec="46" bec="0" bev="0" fileid="6" />
            </Method>
            <Method visited="false" cyclomaticComplexity="1" nPathComplexity="0" sequenceCoverage="0" branchCoverage="0" isConstructor="false" isStatic="false" isGetter="true" isSetter="false">
              <Summary numSequencePoints="1" visitedSequencePoints="0" numBranchPoints="1" visitedBranchPoints="0" sequenceCoverage="0" branchCoverage="0" maxCyclomaticComplexity="1" minCyclomaticComplexity="1" visitedClasses="0" numClasses="0" visitedMethods="0" numMethods="1" />
              <MetadataToken>100663405</MetadataToken>
              <Name>System.String SportsWeb.Services.IdentityServices.RestModels.UserInfo::get_created_by()</Name>
              <FileRef uid="6" />
              <SequencePoints>
                <SequencePoint vc="0" uspid="288" ordinal="0" offset="0" sl="91" sc="36" el="91" ec="40" bec="0" bev="0" fileid="6" />
              </SequencePoints>
              <BranchPoints />
              <MethodPoint xsi:type="SequencePoint" vc="0" uspid="288" ordinal="0" offset="0" sl="91" sc="36" el="91" ec="40" bec="0" bev="0" fileid="6" />
            </Method>
            <Method visited="true" cyclomaticComplexity="1" nPathComplexity="0" sequenceCoverage="100" branchCoverage="100" isConstructor="false" isStatic="false" isGetter="false" isSetter="true">
              <Summary numSequencePoints="1" visitedSequencePoints="1" numBranchPoints="1" visitedBranchPoints="1" sequenceCoverage="100" branchCoverage="100" maxCyclomaticComplexity="1" minCyclomaticComplexity="1" visitedClasses="0" numClasses="0" visitedMethods="1" numMethods="1" />
              <MetadataToken>100663406</MetadataToken>
              <Name>System.Void SportsWeb.Services.IdentityServices.RestModels.UserInfo::set_created_by(System.String)</Name>
              <FileRef uid="6" />
              <SequencePoints>
                <SequencePoint vc="10" uspid="289" ordinal="0" offset="0" sl="91" sc="41" el="91" ec="45" bec="0" bev="0" fileid="6" />
              </SequencePoints>
              <BranchPoints />
              <MethodPoint xsi:type="SequencePoint" vc="10" uspid="289" ordinal="0" offset="0" sl="91" sc="41" el="91" ec="45" bec="0" bev="0" fileid="6" />
            </Method>
            <Method visited="false" cyclomaticComplexity="1" nPathComplexity="0" sequenceCoverage="0" branchCoverage="0" isConstructor="false" isStatic="false" isGetter="true" isSetter="false">
              <Summary numSequencePoints="1" visitedSequencePoints="0" numBranchPoints="1" visitedBranchPoints="0" sequenceCoverage="0" branchCoverage="0" maxCyclomaticComplexity="1" minCyclomaticComplexity="1" visitedClasses="0" numClasses="0" visitedMethods="0" numMethods="1" />
              <MetadataToken>100663407</MetadataToken>
              <Name>System.Int32 SportsWeb.Services.IdentityServices.RestModels.UserInfo::get_created_at()</Name>
              <FileRef uid="6" />
              <SequencePoints>
                <SequencePoint vc="0" uspid="290" ordinal="0" offset="0" sl="92" sc="33" el="92" ec="37" bec="0" bev="0" fileid="6" />
              </SequencePoints>
              <BranchPoints />
              <MethodPoint xsi:type="SequencePoint" vc="0" uspid="290" ordinal="0" offset="0" sl="92" sc="33" el="92" ec="37" bec="0" bev="0" fileid="6" />
            </Method>
            <Method visited="false" cyclomaticComplexity="1" nPathComplexity="0" sequenceCoverage="0" branchCoverage="0" isConstructor="false" isStatic="false" isGetter="false" isSetter="true">
              <Summary numSequencePoints="1" visitedSequencePoints="0" numBranchPoints="1" visitedBranchPoints="0" sequenceCoverage="0" branchCoverage="0" maxCyclomaticComplexity="1" minCyclomaticComplexity="1" visitedClasses="0" numClasses="0" visitedMethods="0" numMethods="1" />
              <MetadataToken>100663408</MetadataToken>
              <Name>System.Void SportsWeb.Services.IdentityServices.RestModels.UserInfo::set_created_at(System.Int32)</Name>
              <FileRef uid="6" />
              <SequencePoints>
                <SequencePoint vc="0" uspid="291" ordinal="0" offset="0" sl="92" sc="38" el="92" ec="42" bec="0" bev="0" fileid="6" />
              </SequencePoints>
              <BranchPoints />
              <MethodPoint xsi:type="SequencePoint" vc="0" uspid="291" ordinal="0" offset="0" sl="92" sc="38" el="92" ec="42" bec="0" bev="0" fileid="6" />
            </Method>
            <Method visited="false" cyclomaticComplexity="1" nPathComplexity="0" sequenceCoverage="0" branchCoverage="0" isConstructor="false" isStatic="false" isGetter="true" isSetter="false">
              <Summary numSequencePoints="1" visitedSequencePoints="0" numBranchPoints="1" visitedBranchPoints="0" sequenceCoverage="0" branchCoverage="0" maxCyclomaticComplexity="1" minCyclomaticComplexity="1" visitedClasses="0" numClasses="0" visitedMethods="0" numMethods="1" />
              <MetadataToken>100663409</MetadataToken>
              <Name>System.Collections.Generic.List`1&lt;System.String&gt; SportsWeb.Services.IdentityServices.RestModels.UserInfo::get_identity_server_roles()</Name>
              <FileRef uid="6" />
              <SequencePoints>
                <SequencePoint vc="0" uspid="292" ordinal="0" offset="0" sl="94" sc="53" el="94" ec="57" bec="0" bev="0" fileid="6" />
              </SequencePoints>
              <BranchPoints />
              <MethodPoint xsi:type="SequencePoint" vc="0" uspid="292" ordinal="0" offset="0" sl="94" sc="53" el="94" ec="57" bec="0" bev="0" fileid="6" />
            </Method>
            <Method visited="true" cyclomaticComplexity="1" nPathComplexity="0" sequenceCoverage="100" branchCoverage="100" isConstructor="false" isStatic="false" isGetter="false" isSetter="true">
              <Summary numSequencePoints="1" visitedSequencePoints="1" numBranchPoints="1" visitedBranchPoints="1" sequenceCoverage="100" branchCoverage="100" maxCyclomaticComplexity="1" minCyclomaticComplexity="1" visitedClasses="0" numClasses="0" visitedMethods="1" numMethods="1" />
              <MetadataToken>100663410</MetadataToken>
              <Name>System.Void SportsWeb.Services.IdentityServices.RestModels.UserInfo::set_identity_server_roles(System.Collections.Generic.List`1&lt;System.String&gt;)</Name>
              <FileRef uid="6" />
              <SequencePoints>
                <SequencePoint vc="20" uspid="293" ordinal="0" offset="0" sl="94" sc="58" el="94" ec="62" bec="0" bev="0" fileid="6" />
              </SequencePoints>
              <BranchPoints />
              <MethodPoint xsi:type="SequencePoint" vc="20" uspid="293" ordinal="0" offset="0" sl="94" sc="58" el="94" ec="62" bec="0" bev="0" fileid="6" />
            </Method>
            <Method visited="true" cyclomaticComplexity="1" nPathComplexity="0" sequenceCoverage="100" branchCoverage="100" isConstructor="true" isStatic="false" isGetter="false" isSetter="false">
              <Summary numSequencePoints="5" visitedSequencePoints="5" numBranchPoints="1" visitedBranchPoints="1" sequenceCoverage="100" branchCoverage="100" maxCyclomaticComplexity="1" minCyclomaticComplexity="1" visitedClasses="0" numClasses="0" visitedMethods="1" numMethods="1" />
              <MetadataToken>100663342</MetadataToken>
              <Name>System.Void SportsWeb.Services.IdentityServices.RestModels.UserInfo::.ctor()</Name>
              <FileRef uid="6" />
              <SequencePoints>
                <SequencePoint vc="10" uspid="294" ordinal="0" offset="0" sl="7" sc="9" el="7" ec="26" bec="0" bev="0" fileid="6" />
                <SequencePoint vc="10" uspid="295" ordinal="1" offset="7" sl="8" sc="9" el="8" ec="10" bec="0" bev="0" fileid="6" />
                <SequencePoint vc="10" uspid="296" ordinal="2" offset="8" sl="9" sc="13" el="9" ec="37" bec="0" bev="0" fileid="6" />
                <SequencePoint vc="10" uspid="297" ordinal="3" offset="20" sl="10" sc="13" el="10" ec="56" bec="0" bev="0" fileid="6" />
                <SequencePoint vc="10" uspid="298" ordinal="4" offset="32" sl="11" sc="9" el="11" ec="10" bec="0" bev="0" fileid="6" />
              </SequencePoints>
              <BranchPoints />
              <MethodPoint xsi:type="SequencePoint" vc="10" uspid="294" ordinal="0" offset="0" sl="7" sc="9" el="7" ec="26" bec="0" bev="0" fileid="6" />
            </Method>
          </Methods>
        </Class>
        <Class>
          <Summary numSequencePoints="10" visitedSequencePoints="0" numBranchPoints="10" visitedBranchPoints="0" sequenceCoverage="0" branchCoverage="0" maxCyclomaticComplexity="1" minCyclomaticComplexity="1" visitedClasses="0" numClasses="1" visitedMethods="0" numMethods="10" />
          <FullName>SportsWeb.Services.IdentityServices.RestModels.Address</FullName>
          <Methods>
            <Method visited="false" cyclomaticComplexity="1" nPathComplexity="0" sequenceCoverage="0" branchCoverage="0" isConstructor="false" isStatic="false" isGetter="true" isSetter="false">
              <Summary numSequencePoints="1" visitedSequencePoints="0" numBranchPoints="1" visitedBranchPoints="0" sequenceCoverage="0" branchCoverage="0" maxCyclomaticComplexity="1" minCyclomaticComplexity="1" visitedClasses="0" numClasses="0" visitedMethods="0" numMethods="1" />
              <MetadataToken>100663411</MetadataToken>
              <Name>System.String SportsWeb.Services.IdentityServices.RestModels.Address::get_street_address()</Name>
              <FileRef uid="6" />
              <SequencePoints>
                <SequencePoint vc="0" uspid="299" ordinal="0" offset="0" sl="101" sc="40" el="101" ec="44" bec="0" bev="0" fileid="6" />
              </SequencePoints>
              <BranchPoints />
              <MethodPoint xsi:type="SequencePoint" vc="0" uspid="299" ordinal="0" offset="0" sl="101" sc="40" el="101" ec="44" bec="0" bev="0" fileid="6" />
            </Method>
            <Method visited="false" cyclomaticComplexity="1" nPathComplexity="0" sequenceCoverage="0" branchCoverage="0" isConstructor="false" isStatic="false" isGetter="false" isSetter="true">
              <Summary numSequencePoints="1" visitedSequencePoints="0" numBranchPoints="1" visitedBranchPoints="0" sequenceCoverage="0" branchCoverage="0" maxCyclomaticComplexity="1" minCyclomaticComplexity="1" visitedClasses="0" numClasses="0" visitedMethods="0" numMethods="1" />
              <MetadataToken>100663412</MetadataToken>
              <Name>System.Void SportsWeb.Services.IdentityServices.RestModels.Address::set_street_address(System.String)</Name>
              <FileRef uid="6" />
              <SequencePoints>
                <SequencePoint vc="0" uspid="300" ordinal="0" offset="0" sl="101" sc="45" el="101" ec="49" bec="0" bev="0" fileid="6" />
              </SequencePoints>
              <BranchPoints />
              <MethodPoint xsi:type="SequencePoint" vc="0" uspid="300" ordinal="0" offset="0" sl="101" sc="45" el="101" ec="49" bec="0" bev="0" fileid="6" />
            </Method>
            <Method visited="false" cyclomaticComplexity="1" nPathComplexity="0" sequenceCoverage="0" branchCoverage="0" isConstructor="false" isStatic="false" isGetter="true" isSetter="false">
              <Summary numSequencePoints="1" visitedSequencePoints="0" numBranchPoints="1" visitedBranchPoints="0" sequenceCoverage="0" branchCoverage="0" maxCyclomaticComplexity="1" minCyclomaticComplexity="1" visitedClasses="0" numClasses="0" visitedMethods="0" numMethods="1" />
              <MetadataToken>100663413</MetadataToken>
              <Name>System.String SportsWeb.Services.IdentityServices.RestModels.Address::get_locality()</Name>
              <FileRef uid="6" />
              <SequencePoints>
                <SequencePoint vc="0" uspid="301" ordinal="0" offset="0" sl="102" sc="34" el="102" ec="38" bec="0" bev="0" fileid="6" />
              </SequencePoints>
              <BranchPoints />
              <MethodPoint xsi:type="SequencePoint" vc="0" uspid="301" ordinal="0" offset="0" sl="102" sc="34" el="102" ec="38" bec="0" bev="0" fileid="6" />
            </Method>
            <Method visited="false" cyclomaticComplexity="1" nPathComplexity="0" sequenceCoverage="0" branchCoverage="0" isConstructor="false" isStatic="false" isGetter="false" isSetter="true">
              <Summary numSequencePoints="1" visitedSequencePoints="0" numBranchPoints="1" visitedBranchPoints="0" sequenceCoverage="0" branchCoverage="0" maxCyclomaticComplexity="1" minCyclomaticComplexity="1" visitedClasses="0" numClasses="0" visitedMethods="0" numMethods="1" />
              <MetadataToken>100663414</MetadataToken>
              <Name>System.Void SportsWeb.Services.IdentityServices.RestModels.Address::set_locality(System.String)</Name>
              <FileRef uid="6" />
              <SequencePoints>
                <SequencePoint vc="0" uspid="302" ordinal="0" offset="0" sl="102" sc="39" el="102" ec="43" bec="0" bev="0" fileid="6" />
              </SequencePoints>
              <BranchPoints />
              <MethodPoint xsi:type="SequencePoint" vc="0" uspid="302" ordinal="0" offset="0" sl="102" sc="39" el="102" ec="43" bec="0" bev="0" fileid="6" />
            </Method>
            <Method visited="false" cyclomaticComplexity="1" nPathComplexity="0" sequenceCoverage="0" branchCoverage="0" isConstructor="false" isStatic="false" isGetter="true" isSetter="false">
              <Summary numSequencePoints="1" visitedSequencePoints="0" numBranchPoints="1" visitedBranchPoints="0" sequenceCoverage="0" branchCoverage="0" maxCyclomaticComplexity="1" minCyclomaticComplexity="1" visitedClasses="0" numClasses="0" visitedMethods="0" numMethods="1" />
              <MetadataToken>100663415</MetadataToken>
              <Name>System.String SportsWeb.Services.IdentityServices.RestModels.Address::get_region()</Name>
              <FileRef uid="6" />
              <SequencePoints>
                <SequencePoint vc="0" uspid="303" ordinal="0" offset="0" sl="103" sc="32" el="103" ec="36" bec="0" bev="0" fileid="6" />
              </SequencePoints>
              <BranchPoints />
              <MethodPoint xsi:type="SequencePoint" vc="0" uspid="303" ordinal="0" offset="0" sl="103" sc="32" el="103" ec="36" bec="0" bev="0" fileid="6" />
            </Method>
            <Method visited="false" cyclomaticComplexity="1" nPathComplexity="0" sequenceCoverage="0" branchCoverage="0" isConstructor="false" isStatic="false" isGetter="false" isSetter="true">
              <Summary numSequencePoints="1" visitedSequencePoints="0" numBranchPoints="1" visitedBranchPoints="0" sequenceCoverage="0" branchCoverage="0" maxCyclomaticComplexity="1" minCyclomaticComplexity="1" visitedClasses="0" numClasses="0" visitedMethods="0" numMethods="1" />
              <MetadataToken>100663416</MetadataToken>
              <Name>System.Void SportsWeb.Services.IdentityServices.RestModels.Address::set_region(System.String)</Name>
              <FileRef uid="6" />
              <SequencePoints>
                <SequencePoint vc="0" uspid="304" ordinal="0" offset="0" sl="103" sc="37" el="103" ec="41" bec="0" bev="0" fileid="6" />
              </SequencePoints>
              <BranchPoints />
              <MethodPoint xsi:type="SequencePoint" vc="0" uspid="304" ordinal="0" offset="0" sl="103" sc="37" el="103" ec="41" bec="0" bev="0" fileid="6" />
            </Method>
            <Method visited="false" cyclomaticComplexity="1" nPathComplexity="0" sequenceCoverage="0" branchCoverage="0" isConstructor="false" isStatic="false" isGetter="true" isSetter="false">
              <Summary numSequencePoints="1" visitedSequencePoints="0" numBranchPoints="1" visitedBranchPoints="0" sequenceCoverage="0" branchCoverage="0" maxCyclomaticComplexity="1" minCyclomaticComplexity="1" visitedClasses="0" numClasses="0" visitedMethods="0" numMethods="1" />
              <MetadataToken>100663417</MetadataToken>
              <Name>System.String SportsWeb.Services.IdentityServices.RestModels.Address::get_postal_code()</Name>
              <FileRef uid="6" />
              <SequencePoints>
                <SequencePoint vc="0" uspid="305" ordinal="0" offset="0" sl="104" sc="37" el="104" ec="41" bec="0" bev="0" fileid="6" />
              </SequencePoints>
              <BranchPoints />
              <MethodPoint xsi:type="SequencePoint" vc="0" uspid="305" ordinal="0" offset="0" sl="104" sc="37" el="104" ec="41" bec="0" bev="0" fileid="6" />
            </Method>
            <Method visited="false" cyclomaticComplexity="1" nPathComplexity="0" sequenceCoverage="0" branchCoverage="0" isConstructor="false" isStatic="false" isGetter="false" isSetter="true">
              <Summary numSequencePoints="1" visitedSequencePoints="0" numBranchPoints="1" visitedBranchPoints="0" sequenceCoverage="0" branchCoverage="0" maxCyclomaticComplexity="1" minCyclomaticComplexity="1" visitedClasses="0" numClasses="0" visitedMethods="0" numMethods="1" />
              <MetadataToken>100663418</MetadataToken>
              <Name>System.Void SportsWeb.Services.IdentityServices.RestModels.Address::set_postal_code(System.String)</Name>
              <FileRef uid="6" />
              <SequencePoints>
                <SequencePoint vc="0" uspid="306" ordinal="0" offset="0" sl="104" sc="42" el="104" ec="46" bec="0" bev="0" fileid="6" />
              </SequencePoints>
              <BranchPoints />
              <MethodPoint xsi:type="SequencePoint" vc="0" uspid="306" ordinal="0" offset="0" sl="104" sc="42" el="104" ec="46" bec="0" bev="0" fileid="6" />
            </Method>
            <Method visited="false" cyclomaticComplexity="1" nPathComplexity="0" sequenceCoverage="0" branchCoverage="0" isConstructor="false" isStatic="false" isGetter="true" isSetter="false">
              <Summary numSequencePoints="1" visitedSequencePoints="0" numBranchPoints="1" visitedBranchPoints="0" sequenceCoverage="0" branchCoverage="0" maxCyclomaticComplexity="1" minCyclomaticComplexity="1" visitedClasses="0" numClasses="0" visitedMethods="0" numMethods="1" />
              <MetadataToken>100663419</MetadataToken>
              <Name>System.String SportsWeb.Services.IdentityServices.RestModels.Address::get_country()</Name>
              <FileRef uid="6" />
              <SequencePoints>
                <SequencePoint vc="0" uspid="307" ordinal="0" offset="0" sl="105" sc="33" el="105" ec="37" bec="0" bev="0" fileid="6" />
              </SequencePoints>
              <BranchPoints />
              <MethodPoint xsi:type="SequencePoint" vc="0" uspid="307" ordinal="0" offset="0" sl="105" sc="33" el="105" ec="37" bec="0" bev="0" fileid="6" />
            </Method>
            <Method visited="false" cyclomaticComplexity="1" nPathComplexity="0" sequenceCoverage="0" branchCoverage="0" isConstructor="false" isStatic="false" isGetter="false" isSetter="true">
              <Summary numSequencePoints="1" visitedSequencePoints="0" numBranchPoints="1" visitedBranchPoints="0" sequenceCoverage="0" branchCoverage="0" maxCyclomaticComplexity="1" minCyclomaticComplexity="1" visitedClasses="0" numClasses="0" visitedMethods="0" numMethods="1" />
              <MetadataToken>100663420</MetadataToken>
              <Name>System.Void SportsWeb.Services.IdentityServices.RestModels.Address::set_country(System.String)</Name>
              <FileRef uid="6" />
              <SequencePoints>
                <SequencePoint vc="0" uspid="308" ordinal="0" offset="0" sl="105" sc="38" el="105" ec="42" bec="0" bev="0" fileid="6" />
              </SequencePoints>
              <BranchPoints />
              <MethodPoint xsi:type="SequencePoint" vc="0" uspid="308" ordinal="0" offset="0" sl="105" sc="38" el="105" ec="42" bec="0" bev="0" fileid="6" />
            </Method>
            <Method visited="true" cyclomaticComplexity="1" nPathComplexity="0" sequenceCoverage="0" branchCoverage="0" isConstructor="true" isStatic="false" isGetter="false" isSetter="false">
              <Summary numSequencePoints="0" visitedSequencePoints="0" numBranchPoints="0" visitedBranchPoints="0" sequenceCoverage="0" branchCoverage="0" maxCyclomaticComplexity="1" minCyclomaticComplexity="1" visitedClasses="0" numClasses="0" visitedMethods="0" numMethods="0" />
              <MetadataToken>100663421</MetadataToken>
              <Name>System.Void SportsWeb.Services.IdentityServices.RestModels.Address::.ctor()</Name>
              <SequencePoints />
              <BranchPoints />
              <MethodPoint vc="10" uspid="309" ordinal="0" offset="0" />
            </Method>
          </Methods>
        </Class>
        <Class>
          <Summary numSequencePoints="6" visitedSequencePoints="3" numBranchPoints="6" visitedBranchPoints="3" sequenceCoverage="50" branchCoverage="50" maxCyclomaticComplexity="1" minCyclomaticComplexity="1" visitedClasses="1" numClasses="1" visitedMethods="3" numMethods="6" />
          <FullName>SportsWeb.Services.IdentityServices.RestModels.UserWithEmailActivationInfo</FullName>
          <Methods>
            <Method visited="false" cyclomaticComplexity="1" nPathComplexity="0" sequenceCoverage="0" branchCoverage="0" isConstructor="false" isStatic="false" isGetter="true" isSetter="false">
              <Summary numSequencePoints="1" visitedSequencePoints="0" numBranchPoints="1" visitedBranchPoints="0" sequenceCoverage="0" branchCoverage="0" maxCyclomaticComplexity="1" minCyclomaticComplexity="1" visitedClasses="0" numClasses="0" visitedMethods="0" numMethods="1" />
              <MetadataToken>100663422</MetadataToken>
              <Name>SportsWeb.Services.IdentityServices.RestModels.UserInfo SportsWeb.Services.IdentityServices.RestModels.UserWithEmailActivationInfo::get_UserInfo()</Name>
              <FileRef uid="6" />
              <SequencePoints>
                <SequencePoint vc="0" uspid="310" ordinal="0" offset="0" sl="110" sc="36" el="110" ec="40" bec="0" bev="0" fileid="6" />
              </SequencePoints>
              <BranchPoints />
              <MethodPoint xsi:type="SequencePoint" vc="0" uspid="310" ordinal="0" offset="0" sl="110" sc="36" el="110" ec="40" bec="0" bev="0" fileid="6" />
            </Method>
            <Method visited="true" cyclomaticComplexity="1" nPathComplexity="0" sequenceCoverage="100" branchCoverage="100" isConstructor="false" isStatic="false" isGetter="false" isSetter="true">
              <Summary numSequencePoints="1" visitedSequencePoints="1" numBranchPoints="1" visitedBranchPoints="1" sequenceCoverage="100" branchCoverage="100" maxCyclomaticComplexity="1" minCyclomaticComplexity="1" visitedClasses="0" numClasses="0" visitedMethods="1" numMethods="1" />
              <MetadataToken>100663423</MetadataToken>
              <Name>System.Void SportsWeb.Services.IdentityServices.RestModels.UserWithEmailActivationInfo::set_UserInfo(SportsWeb.Services.IdentityServices.RestModels.UserInfo)</Name>
              <FileRef uid="6" />
              <SequencePoints>
                <SequencePoint vc="10" uspid="311" ordinal="0" offset="0" sl="110" sc="41" el="110" ec="45" bec="0" bev="0" fileid="6" />
              </SequencePoints>
              <BranchPoints />
              <MethodPoint xsi:type="SequencePoint" vc="10" uspid="311" ordinal="0" offset="0" sl="110" sc="41" el="110" ec="45" bec="0" bev="0" fileid="6" />
            </Method>
            <Method visited="false" cyclomaticComplexity="1" nPathComplexity="0" sequenceCoverage="0" branchCoverage="0" isConstructor="false" isStatic="false" isGetter="true" isSetter="false">
              <Summary numSequencePoints="1" visitedSequencePoints="0" numBranchPoints="1" visitedBranchPoints="0" sequenceCoverage="0" branchCoverage="0" maxCyclomaticComplexity="1" minCyclomaticComplexity="1" visitedClasses="0" numClasses="0" visitedMethods="0" numMethods="1" />
              <MetadataToken>100663424</MetadataToken>
              <Name>SportsWeb.Services.IdentityServices.RestModels.EmailInfoTemplate SportsWeb.Services.IdentityServices.RestModels.UserWithEmailActivationInfo::get_EmailInfoTemplate()</Name>
              <FileRef uid="6" />
              <SequencePoints>
                <SequencePoint vc="0" uspid="312" ordinal="0" offset="0" sl="111" sc="54" el="111" ec="58" bec="0" bev="0" fileid="6" />
              </SequencePoints>
              <BranchPoints />
              <MethodPoint xsi:type="SequencePoint" vc="0" uspid="312" ordinal="0" offset="0" sl="111" sc="54" el="111" ec="58" bec="0" bev="0" fileid="6" />
            </Method>
            <Method visited="true" cyclomaticComplexity="1" nPathComplexity="0" sequenceCoverage="100" branchCoverage="100" isConstructor="false" isStatic="false" isGetter="false" isSetter="true">
              <Summary numSequencePoints="1" visitedSequencePoints="1" numBranchPoints="1" visitedBranchPoints="1" sequenceCoverage="100" branchCoverage="100" maxCyclomaticComplexity="1" minCyclomaticComplexity="1" visitedClasses="0" numClasses="0" visitedMethods="1" numMethods="1" />
              <MetadataToken>100663425</MetadataToken>
              <Name>System.Void SportsWeb.Services.IdentityServices.RestModels.UserWithEmailActivationInfo::set_EmailInfoTemplate(SportsWeb.Services.IdentityServices.RestModels.EmailInfoTemplate)</Name>
              <FileRef uid="6" />
              <SequencePoints>
                <SequencePoint vc="10" uspid="313" ordinal="0" offset="0" sl="111" sc="59" el="111" ec="63" bec="0" bev="0" fileid="6" />
              </SequencePoints>
              <BranchPoints />
              <MethodPoint xsi:type="SequencePoint" vc="10" uspid="313" ordinal="0" offset="0" sl="111" sc="59" el="111" ec="63" bec="0" bev="0" fileid="6" />
            </Method>
            <Method visited="false" cyclomaticComplexity="1" nPathComplexity="0" sequenceCoverage="0" branchCoverage="0" isConstructor="false" isStatic="false" isGetter="true" isSetter="false">
              <Summary numSequencePoints="1" visitedSequencePoints="0" numBranchPoints="1" visitedBranchPoints="0" sequenceCoverage="0" branchCoverage="0" maxCyclomaticComplexity="1" minCyclomaticComplexity="1" visitedClasses="0" numClasses="0" visitedMethods="0" numMethods="1" />
              <MetadataToken>100663426</MetadataToken>
              <Name>System.String SportsWeb.Services.IdentityServices.RestModels.UserWithEmailActivationInfo::get_HomeUri()</Name>
              <FileRef uid="6" />
              <SequencePoints>
                <SequencePoint vc="0" uspid="314" ordinal="0" offset="0" sl="113" sc="33" el="113" ec="37" bec="0" bev="0" fileid="6" />
              </SequencePoints>
              <BranchPoints />
              <MethodPoint xsi:type="SequencePoint" vc="0" uspid="314" ordinal="0" offset="0" sl="113" sc="33" el="113" ec="37" bec="0" bev="0" fileid="6" />
            </Method>
            <Method visited="true" cyclomaticComplexity="1" nPathComplexity="0" sequenceCoverage="100" branchCoverage="100" isConstructor="false" isStatic="false" isGetter="false" isSetter="true">
              <Summary numSequencePoints="1" visitedSequencePoints="1" numBranchPoints="1" visitedBranchPoints="1" sequenceCoverage="100" branchCoverage="100" maxCyclomaticComplexity="1" minCyclomaticComplexity="1" visitedClasses="0" numClasses="0" visitedMethods="1" numMethods="1" />
              <MetadataToken>100663427</MetadataToken>
              <Name>System.Void SportsWeb.Services.IdentityServices.RestModels.UserWithEmailActivationInfo::set_HomeUri(System.String)</Name>
              <FileRef uid="6" />
              <SequencePoints>
                <SequencePoint vc="10" uspid="315" ordinal="0" offset="0" sl="113" sc="38" el="113" ec="42" bec="0" bev="0" fileid="6" />
              </SequencePoints>
              <BranchPoints />
              <MethodPoint xsi:type="SequencePoint" vc="10" uspid="315" ordinal="0" offset="0" sl="113" sc="38" el="113" ec="42" bec="0" bev="0" fileid="6" />
            </Method>
            <Method visited="true" cyclomaticComplexity="1" nPathComplexity="0" sequenceCoverage="0" branchCoverage="0" isConstructor="true" isStatic="false" isGetter="false" isSetter="false">
              <Summary numSequencePoints="0" visitedSequencePoints="0" numBranchPoints="0" visitedBranchPoints="0" sequenceCoverage="0" branchCoverage="0" maxCyclomaticComplexity="1" minCyclomaticComplexity="1" visitedClasses="0" numClasses="0" visitedMethods="0" numMethods="0" />
              <MetadataToken>100663428</MetadataToken>
              <Name>System.Void SportsWeb.Services.IdentityServices.RestModels.UserWithEmailActivationInfo::.ctor()</Name>
              <SequencePoints />
              <BranchPoints />
              <MethodPoint vc="10" uspid="316" ordinal="0" offset="0" />
            </Method>
          </Methods>
        </Class>
        <Class>
          <Summary numSequencePoints="6" visitedSequencePoints="2" numBranchPoints="6" visitedBranchPoints="2" sequenceCoverage="33.33" branchCoverage="33.33" maxCyclomaticComplexity="1" minCyclomaticComplexity="1" visitedClasses="1" numClasses="1" visitedMethods="2" numMethods="6" />
          <FullName>SportsWeb.Services.IdentityServices.RestModels.EmailInfoTemplate</FullName>
          <Methods>
            <Method visited="false" cyclomaticComplexity="1" nPathComplexity="0" sequenceCoverage="0" branchCoverage="0" isConstructor="false" isStatic="false" isGetter="true" isSetter="false">
              <Summary numSequencePoints="1" visitedSequencePoints="0" numBranchPoints="1" visitedBranchPoints="0" sequenceCoverage="0" branchCoverage="0" maxCyclomaticComplexity="1" minCyclomaticComplexity="1" visitedClasses="0" numClasses="0" visitedMethods="0" numMethods="1" />
              <MetadataToken>100663429</MetadataToken>
              <Name>System.String SportsWeb.Services.IdentityServices.RestModels.EmailInfoTemplate::get_Subject()</Name>
              <FileRef uid="6" />
              <SequencePoints>
                <SequencePoint vc="0" uspid="317" ordinal="0" offset="0" sl="118" sc="33" el="118" ec="37" bec="0" bev="0" fileid="6" />
              </SequencePoints>
              <BranchPoints />
              <MethodPoint xsi:type="SequencePoint" vc="0" uspid="317" ordinal="0" offset="0" sl="118" sc="33" el="118" ec="37" bec="0" bev="0" fileid="6" />
            </Method>
            <Method visited="true" cyclomaticComplexity="1" nPathComplexity="0" sequenceCoverage="100" branchCoverage="100" isConstructor="false" isStatic="false" isGetter="false" isSetter="true">
              <Summary numSequencePoints="1" visitedSequencePoints="1" numBranchPoints="1" visitedBranchPoints="1" sequenceCoverage="100" branchCoverage="100" maxCyclomaticComplexity="1" minCyclomaticComplexity="1" visitedClasses="0" numClasses="0" visitedMethods="1" numMethods="1" />
              <MetadataToken>100663430</MetadataToken>
              <Name>System.Void SportsWeb.Services.IdentityServices.RestModels.EmailInfoTemplate::set_Subject(System.String)</Name>
              <FileRef uid="6" />
              <SequencePoints>
                <SequencePoint vc="10" uspid="318" ordinal="0" offset="0" sl="118" sc="38" el="118" ec="42" bec="0" bev="0" fileid="6" />
              </SequencePoints>
              <BranchPoints />
              <MethodPoint xsi:type="SequencePoint" vc="10" uspid="318" ordinal="0" offset="0" sl="118" sc="38" el="118" ec="42" bec="0" bev="0" fileid="6" />
            </Method>
            <Method visited="false" cyclomaticComplexity="1" nPathComplexity="0" sequenceCoverage="0" branchCoverage="0" isConstructor="false" isStatic="false" isGetter="true" isSetter="false">
              <Summary numSequencePoints="1" visitedSequencePoints="0" numBranchPoints="1" visitedBranchPoints="0" sequenceCoverage="0" branchCoverage="0" maxCyclomaticComplexity="1" minCyclomaticComplexity="1" visitedClasses="0" numClasses="0" visitedMethods="0" numMethods="1" />
              <MetadataToken>100663431</MetadataToken>
              <Name>System.String SportsWeb.Services.IdentityServices.RestModels.EmailInfoTemplate::get_TextBody()</Name>
              <FileRef uid="6" />
              <SequencePoints>
                <SequencePoint vc="0" uspid="319" ordinal="0" offset="0" sl="119" sc="34" el="119" ec="38" bec="0" bev="0" fileid="6" />
              </SequencePoints>
              <BranchPoints />
              <MethodPoint xsi:type="SequencePoint" vc="0" uspid="319" ordinal="0" offset="0" sl="119" sc="34" el="119" ec="38" bec="0" bev="0" fileid="6" />
            </Method>
            <Method visited="false" cyclomaticComplexity="1" nPathComplexity="0" sequenceCoverage="0" branchCoverage="0" isConstructor="false" isStatic="false" isGetter="false" isSetter="true">
              <Summary numSequencePoints="1" visitedSequencePoints="0" numBranchPoints="1" visitedBranchPoints="0" sequenceCoverage="0" branchCoverage="0" maxCyclomaticComplexity="1" minCyclomaticComplexity="1" visitedClasses="0" numClasses="0" visitedMethods="0" numMethods="1" />
              <MetadataToken>100663432</MetadataToken>
              <Name>System.Void SportsWeb.Services.IdentityServices.RestModels.EmailInfoTemplate::set_TextBody(System.String)</Name>
              <FileRef uid="6" />
              <SequencePoints>
                <SequencePoint vc="0" uspid="320" ordinal="0" offset="0" sl="119" sc="39" el="119" ec="43" bec="0" bev="0" fileid="6" />
              </SequencePoints>
              <BranchPoints />
              <MethodPoint xsi:type="SequencePoint" vc="0" uspid="320" ordinal="0" offset="0" sl="119" sc="39" el="119" ec="43" bec="0" bev="0" fileid="6" />
            </Method>
            <Method visited="false" cyclomaticComplexity="1" nPathComplexity="0" sequenceCoverage="0" branchCoverage="0" isConstructor="false" isStatic="false" isGetter="true" isSetter="false">
              <Summary numSequencePoints="1" visitedSequencePoints="0" numBranchPoints="1" visitedBranchPoints="0" sequenceCoverage="0" branchCoverage="0" maxCyclomaticComplexity="1" minCyclomaticComplexity="1" visitedClasses="0" numClasses="0" visitedMethods="0" numMethods="1" />
              <MetadataToken>100663433</MetadataToken>
              <Name>System.String SportsWeb.Services.IdentityServices.RestModels.EmailInfoTemplate::get_HtmlBody()</Name>
              <FileRef uid="6" />
              <SequencePoints>
                <SequencePoint vc="0" uspid="321" ordinal="0" offset="0" sl="120" sc="34" el="120" ec="38" bec="0" bev="0" fileid="6" />
              </SequencePoints>
              <BranchPoints />
              <MethodPoint xsi:type="SequencePoint" vc="0" uspid="321" ordinal="0" offset="0" sl="120" sc="34" el="120" ec="38" bec="0" bev="0" fileid="6" />
            </Method>
            <Method visited="true" cyclomaticComplexity="1" nPathComplexity="0" sequenceCoverage="100" branchCoverage="100" isConstructor="false" isStatic="false" isGetter="false" isSetter="true">
              <Summary numSequencePoints="1" visitedSequencePoints="1" numBranchPoints="1" visitedBranchPoints="1" sequenceCoverage="100" branchCoverage="100" maxCyclomaticComplexity="1" minCyclomaticComplexity="1" visitedClasses="0" numClasses="0" visitedMethods="1" numMethods="1" />
              <MetadataToken>100663434</MetadataToken>
              <Name>System.Void SportsWeb.Services.IdentityServices.RestModels.EmailInfoTemplate::set_HtmlBody(System.String)</Name>
              <FileRef uid="6" />
              <SequencePoints>
                <SequencePoint vc="10" uspid="322" ordinal="0" offset="0" sl="120" sc="39" el="120" ec="43" bec="0" bev="0" fileid="6" />
              </SequencePoints>
              <BranchPoints />
              <MethodPoint xsi:type="SequencePoint" vc="10" uspid="322" ordinal="0" offset="0" sl="120" sc="39" el="120" ec="43" bec="0" bev="0" fileid="6" />
            </Method>
            <Method visited="true" cyclomaticComplexity="1" nPathComplexity="0" sequenceCoverage="0" branchCoverage="0" isConstructor="true" isStatic="false" isGetter="false" isSetter="false">
              <Summary numSequencePoints="0" visitedSequencePoints="0" numBranchPoints="0" visitedBranchPoints="0" sequenceCoverage="0" branchCoverage="0" maxCyclomaticComplexity="1" minCyclomaticComplexity="1" visitedClasses="0" numClasses="0" visitedMethods="0" numMethods="0" />
              <MetadataToken>100663435</MetadataToken>
              <Name>System.Void SportsWeb.Services.IdentityServices.RestModels.EmailInfoTemplate::.ctor()</Name>
              <SequencePoints />
              <BranchPoints />
              <MethodPoint vc="10" uspid="323" ordinal="0" offset="0" />
            </Method>
          </Methods>
        </Class>
        <Class>
          <Summary numSequencePoints="4" visitedSequencePoints="0" numBranchPoints="4" visitedBranchPoints="0" sequenceCoverage="0" branchCoverage="0" maxCyclomaticComplexity="1" minCyclomaticComplexity="1" visitedClasses="0" numClasses="1" visitedMethods="0" numMethods="4" />
          <FullName>SportsWeb.Services.Utils.SunEvent</FullName>
          <Methods>
            <Method visited="false" cyclomaticComplexity="1" nPathComplexity="0" sequenceCoverage="0" branchCoverage="0" isConstructor="false" isStatic="false" isGetter="true" isSetter="false">
              <Summary numSequencePoints="1" visitedSequencePoints="0" numBranchPoints="1" visitedBranchPoints="0" sequenceCoverage="0" branchCoverage="0" maxCyclomaticComplexity="1" minCyclomaticComplexity="1" visitedClasses="0" numClasses="0" visitedMethods="0" numMethods="1" />
              <MetadataToken>100663436</MetadataToken>
              <Name>System.DateTime SportsWeb.Services.Utils.SunEvent::get_TimestampUtc()</Name>
              <FileRef uid="10" />
              <SequencePoints>
                <SequencePoint vc="0" uspid="324" ordinal="0" offset="0" sl="38" sc="40" el="38" ec="44" bec="0" bev="0" fileid="10" />
              </SequencePoints>
              <BranchPoints />
              <MethodPoint xsi:type="SequencePoint" vc="0" uspid="324" ordinal="0" offset="0" sl="38" sc="40" el="38" ec="44" bec="0" bev="0" fileid="10" />
            </Method>
            <Method visited="false" cyclomaticComplexity="1" nPathComplexity="0" sequenceCoverage="0" branchCoverage="0" isConstructor="false" isStatic="false" isGetter="false" isSetter="true">
              <Summary numSequencePoints="1" visitedSequencePoints="0" numBranchPoints="1" visitedBranchPoints="0" sequenceCoverage="0" branchCoverage="0" maxCyclomaticComplexity="1" minCyclomaticComplexity="1" visitedClasses="0" numClasses="0" visitedMethods="0" numMethods="1" />
              <MetadataToken>100663437</MetadataToken>
              <Name>System.Void SportsWeb.Services.Utils.SunEvent::set_TimestampUtc(System.DateTime)</Name>
              <FileRef uid="10" />
              <SequencePoints>
                <SequencePoint vc="0" uspid="325" ordinal="0" offset="0" sl="38" sc="45" el="38" ec="49" bec="0" bev="0" fileid="10" />
              </SequencePoints>
              <BranchPoints />
              <MethodPoint xsi:type="SequencePoint" vc="0" uspid="325" ordinal="0" offset="0" sl="38" sc="45" el="38" ec="49" bec="0" bev="0" fileid="10" />
            </Method>
            <Method visited="false" cyclomaticComplexity="1" nPathComplexity="0" sequenceCoverage="0" branchCoverage="0" isConstructor="false" isStatic="false" isGetter="true" isSetter="false">
              <Summary numSequencePoints="1" visitedSequencePoints="0" numBranchPoints="1" visitedBranchPoints="0" sequenceCoverage="0" branchCoverage="0" maxCyclomaticComplexity="1" minCyclomaticComplexity="1" visitedClasses="0" numClasses="0" visitedMethods="0" numMethods="1" />
              <MetadataToken>100663438</MetadataToken>
              <Name>SportsWeb.Services.Utils.SunEventType SportsWeb.Services.Utils.SunEvent::get_Type()</Name>
              <FileRef uid="10" />
              <SequencePoints>
                <SequencePoint vc="0" uspid="326" ordinal="0" offset="0" sl="39" sc="36" el="39" ec="40" bec="0" bev="0" fileid="10" />
              </SequencePoints>
              <BranchPoints />
              <MethodPoint xsi:type="SequencePoint" vc="0" uspid="326" ordinal="0" offset="0" sl="39" sc="36" el="39" ec="40" bec="0" bev="0" fileid="10" />
            </Method>
            <Method visited="false" cyclomaticComplexity="1" nPathComplexity="0" sequenceCoverage="0" branchCoverage="0" isConstructor="false" isStatic="false" isGetter="false" isSetter="true">
              <Summary numSequencePoints="1" visitedSequencePoints="0" numBranchPoints="1" visitedBranchPoints="0" sequenceCoverage="0" branchCoverage="0" maxCyclomaticComplexity="1" minCyclomaticComplexity="1" visitedClasses="0" numClasses="0" visitedMethods="0" numMethods="1" />
              <MetadataToken>100663439</MetadataToken>
              <Name>System.Void SportsWeb.Services.Utils.SunEvent::set_Type(SportsWeb.Services.Utils.SunEventType)</Name>
              <FileRef uid="10" />
              <SequencePoints>
                <SequencePoint vc="0" uspid="327" ordinal="0" offset="0" sl="39" sc="41" el="39" ec="45" bec="0" bev="0" fileid="10" />
              </SequencePoints>
              <BranchPoints />
              <MethodPoint xsi:type="SequencePoint" vc="0" uspid="327" ordinal="0" offset="0" sl="39" sc="41" el="39" ec="45" bec="0" bev="0" fileid="10" />
            </Method>
            <Method visited="false" cyclomaticComplexity="1" nPathComplexity="0" sequenceCoverage="0" branchCoverage="0" isConstructor="true" isStatic="false" isGetter="false" isSetter="false">
              <Summary numSequencePoints="0" visitedSequencePoints="0" numBranchPoints="0" visitedBranchPoints="0" sequenceCoverage="0" branchCoverage="0" maxCyclomaticComplexity="1" minCyclomaticComplexity="1" visitedClasses="0" numClasses="0" visitedMethods="0" numMethods="0" />
              <MetadataToken>100663440</MetadataToken>
              <Name>System.Void SportsWeb.Services.Utils.SunEvent::.ctor()</Name>
              <SequencePoints />
              <BranchPoints />
              <MethodPoint vc="0" uspid="328" ordinal="0" offset="0" />
            </Method>
          </Methods>
        </Class>
        <Class>
          <Summary numSequencePoints="31" visitedSequencePoints="26" numBranchPoints="17" visitedBranchPoints="16" sequenceCoverage="83.87" branchCoverage="94.12" maxCyclomaticComplexity="1" minCyclomaticComplexity="1" visitedClasses="1" numClasses="1" visitedMethods="16" numMethods="17" />
          <FullName>SportsWeb.Services.Utils.SunRiseAndSunSet</FullName>
          <Methods>
            <Method visited="true" cyclomaticComplexity="1" nPathComplexity="0" sequenceCoverage="100" branchCoverage="100" isConstructor="false" isStatic="false" isGetter="true" isSetter="false">
              <Summary numSequencePoints="1" visitedSequencePoints="1" numBranchPoints="1" visitedBranchPoints="1" sequenceCoverage="100" branchCoverage="100" maxCyclomaticComplexity="1" minCyclomaticComplexity="1" visitedClasses="0" numClasses="0" visitedMethods="1" numMethods="1" />
              <MetadataToken>100663444</MetadataToken>
              <Name>System.Nullable`1&lt;System.DateTime&gt; SportsWeb.Services.Utils.SunRiseAndSunSet::get_SunRise()</Name>
              <FileRef uid="10" />
              <SequencePoints>
                <SequencePoint vc="1095" uspid="329" ordinal="0" offset="0" sl="64" sc="36" el="64" ec="40" bec="0" bev="0" fileid="10" />
              </SequencePoints>
              <BranchPoints />
              <MethodPoint xsi:type="SequencePoint" vc="1095" uspid="329" ordinal="0" offset="0" sl="64" sc="36" el="64" ec="40" bec="0" bev="0" fileid="10" />
            </Method>
            <Method visited="true" cyclomaticComplexity="1" nPathComplexity="0" sequenceCoverage="100" branchCoverage="100" isConstructor="false" isStatic="false" isGetter="false" isSetter="true">
              <Summary numSequencePoints="1" visitedSequencePoints="1" numBranchPoints="1" visitedBranchPoints="1" sequenceCoverage="100" branchCoverage="100" maxCyclomaticComplexity="1" minCyclomaticComplexity="1" visitedClasses="0" numClasses="0" visitedMethods="1" numMethods="1" />
              <MetadataToken>100663445</MetadataToken>
              <Name>System.Void SportsWeb.Services.Utils.SunRiseAndSunSet::set_SunRise(System.Nullable`1&lt;System.DateTime&gt;)</Name>
              <FileRef uid="10" />
              <SequencePoints>
                <SequencePoint vc="1356" uspid="330" ordinal="0" offset="0" sl="64" sc="41" el="64" ec="45" bec="0" bev="0" fileid="10" />
              </SequencePoints>
              <BranchPoints />
              <MethodPoint xsi:type="SequencePoint" vc="1356" uspid="330" ordinal="0" offset="0" sl="64" sc="41" el="64" ec="45" bec="0" bev="0" fileid="10" />
            </Method>
            <Method visited="true" cyclomaticComplexity="1" nPathComplexity="0" sequenceCoverage="100" branchCoverage="100" isConstructor="false" isStatic="false" isGetter="true" isSetter="false">
              <Summary numSequencePoints="1" visitedSequencePoints="1" numBranchPoints="1" visitedBranchPoints="1" sequenceCoverage="100" branchCoverage="100" maxCyclomaticComplexity="1" minCyclomaticComplexity="1" visitedClasses="0" numClasses="0" visitedMethods="1" numMethods="1" />
              <MetadataToken>100663446</MetadataToken>
              <Name>System.Nullable`1&lt;System.DateTime&gt; SportsWeb.Services.Utils.SunRiseAndSunSet::get_SunSet()</Name>
              <FileRef uid="10" />
              <SequencePoints>
                <SequencePoint vc="1095" uspid="331" ordinal="0" offset="0" sl="66" sc="35" el="66" ec="39" bec="0" bev="0" fileid="10" />
              </SequencePoints>
              <BranchPoints />
              <MethodPoint xsi:type="SequencePoint" vc="1095" uspid="331" ordinal="0" offset="0" sl="66" sc="35" el="66" ec="39" bec="0" bev="0" fileid="10" />
            </Method>
            <Method visited="true" cyclomaticComplexity="1" nPathComplexity="0" sequenceCoverage="100" branchCoverage="100" isConstructor="false" isStatic="false" isGetter="false" isSetter="true">
              <Summary numSequencePoints="1" visitedSequencePoints="1" numBranchPoints="1" visitedBranchPoints="1" sequenceCoverage="100" branchCoverage="100" maxCyclomaticComplexity="1" minCyclomaticComplexity="1" visitedClasses="0" numClasses="0" visitedMethods="1" numMethods="1" />
              <MetadataToken>100663447</MetadataToken>
              <Name>System.Void SportsWeb.Services.Utils.SunRiseAndSunSet::set_SunSet(System.Nullable`1&lt;System.DateTime&gt;)</Name>
              <FileRef uid="10" />
              <SequencePoints>
                <SequencePoint vc="1356" uspid="332" ordinal="0" offset="0" sl="66" sc="40" el="66" ec="44" bec="0" bev="0" fileid="10" />
              </SequencePoints>
              <BranchPoints />
              <MethodPoint xsi:type="SequencePoint" vc="1356" uspid="332" ordinal="0" offset="0" sl="66" sc="40" el="66" ec="44" bec="0" bev="0" fileid="10" />
            </Method>
            <Method visited="true" cyclomaticComplexity="1" nPathComplexity="0" sequenceCoverage="100" branchCoverage="100" isConstructor="false" isStatic="false" isGetter="true" isSetter="false">
              <Summary numSequencePoints="1" visitedSequencePoints="1" numBranchPoints="1" visitedBranchPoints="1" sequenceCoverage="100" branchCoverage="100" maxCyclomaticComplexity="1" minCyclomaticComplexity="1" visitedClasses="0" numClasses="0" visitedMethods="1" numMethods="1" />
              <MetadataToken>100663448</MetadataToken>
              <Name>System.Double SportsWeb.Services.Utils.SunRiseAndSunSet::get_RiseAzimuth()</Name>
              <FileRef uid="10" />
              <SequencePoints>
                <SequencePoint vc="365" uspid="333" ordinal="0" offset="0" sl="68" sc="37" el="68" ec="41" bec="0" bev="0" fileid="10" />
              </SequencePoints>
              <BranchPoints />
              <MethodPoint xsi:type="SequencePoint" vc="365" uspid="333" ordinal="0" offset="0" sl="68" sc="37" el="68" ec="41" bec="0" bev="0" fileid="10" />
            </Method>
            <Method visited="true" cyclomaticComplexity="1" nPathComplexity="0" sequenceCoverage="100" branchCoverage="100" isConstructor="false" isStatic="false" isGetter="false" isSetter="true">
              <Summary numSequencePoints="1" visitedSequencePoints="1" numBranchPoints="1" visitedBranchPoints="1" sequenceCoverage="100" branchCoverage="100" maxCyclomaticComplexity="1" minCyclomaticComplexity="1" visitedClasses="0" numClasses="0" visitedMethods="1" numMethods="1" />
              <MetadataToken>100663449</MetadataToken>
              <Name>System.Void SportsWeb.Services.Utils.SunRiseAndSunSet::set_RiseAzimuth(System.Double)</Name>
              <FileRef uid="10" />
              <SequencePoints>
                <SequencePoint vc="626" uspid="334" ordinal="0" offset="0" sl="68" sc="42" el="68" ec="46" bec="0" bev="0" fileid="10" />
              </SequencePoints>
              <BranchPoints />
              <MethodPoint xsi:type="SequencePoint" vc="626" uspid="334" ordinal="0" offset="0" sl="68" sc="42" el="68" ec="46" bec="0" bev="0" fileid="10" />
            </Method>
            <Method visited="true" cyclomaticComplexity="1" nPathComplexity="0" sequenceCoverage="100" branchCoverage="100" isConstructor="false" isStatic="false" isGetter="true" isSetter="false">
              <Summary numSequencePoints="1" visitedSequencePoints="1" numBranchPoints="1" visitedBranchPoints="1" sequenceCoverage="100" branchCoverage="100" maxCyclomaticComplexity="1" minCyclomaticComplexity="1" visitedClasses="0" numClasses="0" visitedMethods="1" numMethods="1" />
              <MetadataToken>100663450</MetadataToken>
              <Name>System.Double SportsWeb.Services.Utils.SunRiseAndSunSet::get_SetAzimuth()</Name>
              <FileRef uid="10" />
              <SequencePoints>
                <SequencePoint vc="365" uspid="335" ordinal="0" offset="0" sl="69" sc="36" el="69" ec="40" bec="0" bev="0" fileid="10" />
              </SequencePoints>
              <BranchPoints />
              <MethodPoint xsi:type="SequencePoint" vc="365" uspid="335" ordinal="0" offset="0" sl="69" sc="36" el="69" ec="40" bec="0" bev="0" fileid="10" />
            </Method>
            <Method visited="true" cyclomaticComplexity="1" nPathComplexity="0" sequenceCoverage="100" branchCoverage="100" isConstructor="false" isStatic="false" isGetter="false" isSetter="true">
              <Summary numSequencePoints="1" visitedSequencePoints="1" numBranchPoints="1" visitedBranchPoints="1" sequenceCoverage="100" branchCoverage="100" maxCyclomaticComplexity="1" minCyclomaticComplexity="1" visitedClasses="0" numClasses="0" visitedMethods="1" numMethods="1" />
              <MetadataToken>100663451</MetadataToken>
              <Name>System.Void SportsWeb.Services.Utils.SunRiseAndSunSet::set_SetAzimuth(System.Double)</Name>
              <FileRef uid="10" />
              <SequencePoints>
                <SequencePoint vc="626" uspid="336" ordinal="0" offset="0" sl="69" sc="41" el="69" ec="45" bec="0" bev="0" fileid="10" />
              </SequencePoints>
              <BranchPoints />
              <MethodPoint xsi:type="SequencePoint" vc="626" uspid="336" ordinal="0" offset="0" sl="69" sc="41" el="69" ec="45" bec="0" bev="0" fileid="10" />
            </Method>
            <Method visited="true" cyclomaticComplexity="1" nPathComplexity="0" sequenceCoverage="100" branchCoverage="100" isConstructor="false" isStatic="false" isGetter="true" isSetter="false">
              <Summary numSequencePoints="3" visitedSequencePoints="3" numBranchPoints="1" visitedBranchPoints="1" sequenceCoverage="100" branchCoverage="100" maxCyclomaticComplexity="1" minCyclomaticComplexity="1" visitedClasses="0" numClasses="0" visitedMethods="1" numMethods="1" />
              <MetadataToken>100663452</MetadataToken>
              <Name>System.Boolean SportsWeb.Services.Utils.SunRiseAndSunSet::get_IsMidnightSun()</Name>
              <FileRef uid="10" />
              <SequencePoints>
                <SequencePoint vc="365" uspid="337" ordinal="0" offset="0" sl="73" sc="17" el="73" ec="18" bec="0" bev="0" fileid="10" />
                <SequencePoint vc="365" uspid="338" ordinal="1" offset="1" sl="73" sc="19" el="73" ec="41" bec="0" bev="0" fileid="10" />
                <SequencePoint vc="365" uspid="339" ordinal="2" offset="21" sl="73" sc="42" el="73" ec="43" bec="0" bev="0" fileid="10" />
              </SequencePoints>
              <BranchPoints />
              <MethodPoint xsi:type="SequencePoint" vc="365" uspid="337" ordinal="0" offset="0" sl="73" sc="17" el="73" ec="18" bec="0" bev="0" fileid="10" />
            </Method>
            <Method visited="true" cyclomaticComplexity="1" nPathComplexity="0" sequenceCoverage="100" branchCoverage="100" isConstructor="false" isStatic="false" isGetter="true" isSetter="false">
              <Summary numSequencePoints="3" visitedSequencePoints="3" numBranchPoints="1" visitedBranchPoints="1" sequenceCoverage="100" branchCoverage="100" maxCyclomaticComplexity="1" minCyclomaticComplexity="1" visitedClasses="0" numClasses="0" visitedMethods="1" numMethods="1" />
              <MetadataToken>100663453</MetadataToken>
              <Name>System.Boolean SportsWeb.Services.Utils.SunRiseAndSunSet::get_IsPolarNight()</Name>
              <FileRef uid="10" />
              <SequencePoints>
                <SequencePoint vc="365" uspid="340" ordinal="0" offset="0" sl="78" sc="17" el="78" ec="18" bec="0" bev="0" fileid="10" />
                <SequencePoint vc="365" uspid="341" ordinal="1" offset="1" sl="78" sc="19" el="78" ec="42" bec="0" bev="0" fileid="10" />
                <SequencePoint vc="365" uspid="342" ordinal="2" offset="21" sl="78" sc="43" el="78" ec="44" bec="0" bev="0" fileid="10" />
              </SequencePoints>
              <BranchPoints />
              <MethodPoint xsi:type="SequencePoint" vc="365" uspid="340" ordinal="0" offset="0" sl="78" sc="17" el="78" ec="18" bec="0" bev="0" fileid="10" />
            </Method>
            <Method visited="true" cyclomaticComplexity="1" nPathComplexity="0" sequenceCoverage="100" branchCoverage="100" isConstructor="false" isStatic="false" isGetter="true" isSetter="false">
              <Summary numSequencePoints="1" visitedSequencePoints="1" numBranchPoints="1" visitedBranchPoints="1" sequenceCoverage="100" branchCoverage="100" maxCyclomaticComplexity="1" minCyclomaticComplexity="1" visitedClasses="0" numClasses="0" visitedMethods="1" numMethods="1" />
              <MetadataToken>100663454</MetadataToken>
              <Name>System.Boolean SportsWeb.Services.Utils.SunRiseAndSunSet::get_HasSunRise()</Name>
              <FileRef uid="10" />
              <SequencePoints>
                <SequencePoint vc="991" uspid="343" ordinal="0" offset="0" sl="81" sc="34" el="81" ec="38" bec="0" bev="0" fileid="10" />
              </SequencePoints>
              <BranchPoints />
              <MethodPoint xsi:type="SequencePoint" vc="991" uspid="343" ordinal="0" offset="0" sl="81" sc="34" el="81" ec="38" bec="0" bev="0" fileid="10" />
            </Method>
            <Method visited="true" cyclomaticComplexity="1" nPathComplexity="0" sequenceCoverage="100" branchCoverage="100" isConstructor="false" isStatic="false" isGetter="false" isSetter="true">
              <Summary numSequencePoints="1" visitedSequencePoints="1" numBranchPoints="1" visitedBranchPoints="1" sequenceCoverage="100" branchCoverage="100" maxCyclomaticComplexity="1" minCyclomaticComplexity="1" visitedClasses="0" numClasses="0" visitedMethods="1" numMethods="1" />
              <MetadataToken>100663455</MetadataToken>
              <Name>System.Void SportsWeb.Services.Utils.SunRiseAndSunSet::set_HasSunRise(System.Boolean)</Name>
              <FileRef uid="10" />
              <SequencePoints>
                <SequencePoint vc="626" uspid="344" ordinal="0" offset="0" sl="81" sc="39" el="81" ec="43" bec="0" bev="0" fileid="10" />
              </SequencePoints>
              <BranchPoints />
              <MethodPoint xsi:type="SequencePoint" vc="626" uspid="344" ordinal="0" offset="0" sl="81" sc="39" el="81" ec="43" bec="0" bev="0" fileid="10" />
            </Method>
            <Method visited="true" cyclomaticComplexity="1" nPathComplexity="0" sequenceCoverage="100" branchCoverage="100" isConstructor="false" isStatic="false" isGetter="true" isSetter="false">
              <Summary numSequencePoints="1" visitedSequencePoints="1" numBranchPoints="1" visitedBranchPoints="1" sequenceCoverage="100" branchCoverage="100" maxCyclomaticComplexity="1" minCyclomaticComplexity="1" visitedClasses="0" numClasses="0" visitedMethods="1" numMethods="1" />
              <MetadataToken>100663456</MetadataToken>
              <Name>System.Boolean SportsWeb.Services.Utils.SunRiseAndSunSet::get_HasSunSet()</Name>
              <FileRef uid="10" />
              <SequencePoints>
                <SequencePoint vc="365" uspid="345" ordinal="0" offset="0" sl="83" sc="33" el="83" ec="37" bec="0" bev="0" fileid="10" />
              </SequencePoints>
              <BranchPoints />
              <MethodPoint xsi:type="SequencePoint" vc="365" uspid="345" ordinal="0" offset="0" sl="83" sc="33" el="83" ec="37" bec="0" bev="0" fileid="10" />
            </Method>
            <Method visited="true" cyclomaticComplexity="1" nPathComplexity="0" sequenceCoverage="100" branchCoverage="100" isConstructor="false" isStatic="false" isGetter="false" isSetter="true">
              <Summary numSequencePoints="1" visitedSequencePoints="1" numBranchPoints="1" visitedBranchPoints="1" sequenceCoverage="100" branchCoverage="100" maxCyclomaticComplexity="1" minCyclomaticComplexity="1" visitedClasses="0" numClasses="0" visitedMethods="1" numMethods="1" />
              <MetadataToken>100663457</MetadataToken>
              <Name>System.Void SportsWeb.Services.Utils.SunRiseAndSunSet::set_HasSunSet(System.Boolean)</Name>
              <FileRef uid="10" />
              <SequencePoints>
                <SequencePoint vc="626" uspid="346" ordinal="0" offset="0" sl="83" sc="38" el="83" ec="42" bec="0" bev="0" fileid="10" />
              </SequencePoints>
              <BranchPoints />
              <MethodPoint xsi:type="SequencePoint" vc="626" uspid="346" ordinal="0" offset="0" sl="83" sc="38" el="83" ec="42" bec="0" bev="0" fileid="10" />
            </Method>
            <Method visited="true" cyclomaticComplexity="1" nPathComplexity="0" sequenceCoverage="100" branchCoverage="100" isConstructor="true" isStatic="false" isGetter="false" isSetter="false">
              <Summary numSequencePoints="3" visitedSequencePoints="3" numBranchPoints="1" visitedBranchPoints="1" sequenceCoverage="100" branchCoverage="100" maxCyclomaticComplexity="1" minCyclomaticComplexity="1" visitedClasses="0" numClasses="0" visitedMethods="1" numMethods="1" />
              <MetadataToken>100663441</MetadataToken>
              <Name>System.Void SportsWeb.Services.Utils.SunRiseAndSunSet::.ctor()</Name>
              <FileRef uid="10" />
              <SequencePoints>
                <SequencePoint vc="730" uspid="347" ordinal="0" offset="0" sl="49" sc="37" el="49" ec="53" bec="0" bev="0" fileid="10" />
                <SequencePoint vc="730" uspid="348" ordinal="1" offset="25" sl="49" sc="54" el="49" ec="55" bec="0" bev="0" fileid="10" />
                <SequencePoint vc="730" uspid="349" ordinal="2" offset="26" sl="49" sc="56" el="49" ec="57" bec="0" bev="0" fileid="10" />
              </SequencePoints>
              <BranchPoints />
              <MethodPoint xsi:type="SequencePoint" vc="730" uspid="347" ordinal="0" offset="0" sl="49" sc="37" el="49" ec="53" bec="0" bev="0" fileid="10" />
            </Method>
            <Method visited="true" cyclomaticComplexity="1" nPathComplexity="0" sequenceCoverage="100" branchCoverage="100" isConstructor="true" isStatic="false" isGetter="false" isSetter="false">
              <Summary numSequencePoints="5" visitedSequencePoints="5" numBranchPoints="1" visitedBranchPoints="1" sequenceCoverage="100" branchCoverage="100" maxCyclomaticComplexity="1" minCyclomaticComplexity="1" visitedClasses="0" numClasses="0" visitedMethods="1" numMethods="1" />
              <MetadataToken>100663442</MetadataToken>
              <Name>System.Void SportsWeb.Services.Utils.SunRiseAndSunSet::.ctor(System.Nullable`1&lt;System.DateTime&gt;,System.Nullable`1&lt;System.DateTime&gt;)</Name>
              <FileRef uid="10" />
              <SequencePoints>
                <SequencePoint vc="730" uspid="350" ordinal="0" offset="0" sl="51" sc="9" el="51" ec="69" bec="0" bev="0" fileid="10" />
                <SequencePoint vc="730" uspid="351" ordinal="1" offset="7" sl="52" sc="9" el="52" ec="10" bec="0" bev="0" fileid="10" />
                <SequencePoint vc="730" uspid="352" ordinal="2" offset="8" sl="53" sc="13" el="53" ec="31" bec="0" bev="0" fileid="10" />
                <SequencePoint vc="730" uspid="353" ordinal="3" offset="16" sl="54" sc="13" el="54" ec="29" bec="0" bev="0" fileid="10" />
                <SequencePoint vc="730" uspid="354" ordinal="4" offset="24" sl="55" sc="9" el="55" ec="10" bec="0" bev="0" fileid="10" />
              </SequencePoints>
              <BranchPoints />
              <MethodPoint xsi:type="SequencePoint" vc="730" uspid="350" ordinal="0" offset="0" sl="51" sc="9" el="51" ec="69" bec="0" bev="0" fileid="10" />
            </Method>
            <Method visited="false" cyclomaticComplexity="1" nPathComplexity="0" sequenceCoverage="0" branchCoverage="0" isConstructor="true" isStatic="false" isGetter="false" isSetter="false">
              <Summary numSequencePoints="5" visitedSequencePoints="0" numBranchPoints="1" visitedBranchPoints="0" sequenceCoverage="0" branchCoverage="0" maxCyclomaticComplexity="1" minCyclomaticComplexity="1" visitedClasses="0" numClasses="0" visitedMethods="0" numMethods="1" />
              <MetadataToken>100663443</MetadataToken>
              <Name>System.Void SportsWeb.Services.Utils.SunRiseAndSunSet::.ctor(System.Nullable`1&lt;System.DateTime&gt;,System.Nullable`1&lt;System.DateTime&gt;,System.Boolean,System.Boolean)</Name>
              <FileRef uid="10" />
              <SequencePoints>
                <SequencePoint vc="0" uspid="355" ordinal="0" offset="0" sl="58" sc="15" el="58" ec="36" bec="0" bev="0" fileid="10" />
                <SequencePoint vc="0" uspid="356" ordinal="1" offset="9" sl="59" sc="9" el="59" ec="10" bec="0" bev="0" fileid="10" />
                <SequencePoint vc="0" uspid="357" ordinal="2" offset="10" sl="60" sc="13" el="60" ec="36" bec="0" bev="0" fileid="10" />
                <SequencePoint vc="0" uspid="358" ordinal="3" offset="18" sl="61" sc="13" el="61" ec="34" bec="0" bev="0" fileid="10" />
                <SequencePoint vc="0" uspid="359" ordinal="4" offset="27" sl="62" sc="9" el="62" ec="10" bec="0" bev="0" fileid="10" />
              </SequencePoints>
              <BranchPoints />
              <MethodPoint xsi:type="SequencePoint" vc="0" uspid="355" ordinal="0" offset="0" sl="58" sc="15" el="58" ec="36" bec="0" bev="0" fileid="10" />
            </Method>
          </Methods>
        </Class>
        <Class>
          <Summary numSequencePoints="4" visitedSequencePoints="4" numBranchPoints="1" visitedBranchPoints="1" sequenceCoverage="100" branchCoverage="100" maxCyclomaticComplexity="1" minCyclomaticComplexity="1" visitedClasses="1" numClasses="1" visitedMethods="1" numMethods="1" />
          <FullName>SportsWeb.Services.Utils.SunPositionInSky</FullName>
          <Methods>
            <Method visited="true" cyclomaticComplexity="1" nPathComplexity="0" sequenceCoverage="100" branchCoverage="100" isConstructor="true" isStatic="false" isGetter="false" isSetter="false">
              <Summary numSequencePoints="4" visitedSequencePoints="4" numBranchPoints="1" visitedBranchPoints="1" sequenceCoverage="100" branchCoverage="100" maxCyclomaticComplexity="1" minCyclomaticComplexity="1" visitedClasses="0" numClasses="0" visitedMethods="1" numMethods="1" />
              <MetadataToken>100663458</MetadataToken>
              <Name>System.Void SportsWeb.Services.Utils.SunPositionInSky::.ctor(System.Double,System.Double)</Name>
              <FileRef uid="10" />
              <SequencePoints>
                <SequencePoint vc="1460" uspid="360" ordinal="0" offset="0" sl="92" sc="9" el="92" ec="10" bec="0" bev="0" fileid="10" />
                <SequencePoint vc="1460" uspid="361" ordinal="1" offset="1" sl="93" sc="13" el="93" ec="29" bec="0" bev="0" fileid="10" />
                <SequencePoint vc="1460" uspid="362" ordinal="2" offset="8" sl="94" sc="13" el="94" ec="31" bec="0" bev="0" fileid="10" />
                <SequencePoint vc="1460" uspid="363" ordinal="3" offset="15" sl="95" sc="9" el="95" ec="10" bec="0" bev="0" fileid="10" />
              </SequencePoints>
              <BranchPoints />
              <MethodPoint xsi:type="SequencePoint" vc="1460" uspid="360" ordinal="0" offset="0" sl="92" sc="9" el="92" ec="10" bec="0" bev="0" fileid="10" />
            </Method>
          </Methods>
        </Class>
        <Class>
          <Summary numSequencePoints="92" visitedSequencePoints="28" numBranchPoints="46" visitedBranchPoints="13" sequenceCoverage="30.43" branchCoverage="28.26" maxCyclomaticComplexity="5" minCyclomaticComplexity="1" visitedClasses="1" numClasses="1" visitedMethods="7" numMethods="18" />
          <FullName>SportsWeb.Services.Utils.GeoLocationService</FullName>
          <Methods>
            <Method visited="true" cyclomaticComplexity="1" nPathComplexity="0" sequenceCoverage="100" branchCoverage="100" isConstructor="false" isStatic="false" isGetter="true" isSetter="false">
              <Summary numSequencePoints="3" visitedSequencePoints="3" numBranchPoints="1" visitedBranchPoints="1" sequenceCoverage="100" branchCoverage="100" maxCyclomaticComplexity="1" minCyclomaticComplexity="1" visitedClasses="0" numClasses="0" visitedMethods="1" numMethods="1" />
              <MetadataToken>100663459</MetadataToken>
              <Name>System.Double SportsWeb.Services.Utils.GeoLocationService::get_Latitude()</Name>
              <FileRef uid="10" />
              <SequencePoints>
                <SequencePoint vc="17520" uspid="364" ordinal="0" offset="0" sl="108" sc="17" el="108" ec="18" bec="0" bev="0" fileid="10" />
                <SequencePoint vc="17520" uspid="365" ordinal="1" offset="1" sl="108" sc="19" el="108" ec="35" bec="0" bev="0" fileid="10" />
                <SequencePoint vc="17520" uspid="366" ordinal="2" offset="10" sl="108" sc="36" el="108" ec="37" bec="0" bev="0" fileid="10" />
              </SequencePoints>
              <BranchPoints />
              <MethodPoint xsi:type="SequencePoint" vc="17520" uspid="364" ordinal="0" offset="0" sl="108" sc="17" el="108" ec="18" bec="0" bev="0" fileid="10" />
            </Method>
            <Method visited="true" cyclomaticComplexity="1" nPathComplexity="0" sequenceCoverage="100" branchCoverage="100" isConstructor="false" isStatic="false" isGetter="false" isSetter="true">
              <Summary numSequencePoints="3" visitedSequencePoints="3" numBranchPoints="1" visitedBranchPoints="1" sequenceCoverage="100" branchCoverage="100" maxCyclomaticComplexity="1" minCyclomaticComplexity="1" visitedClasses="0" numClasses="0" visitedMethods="1" numMethods="1" />
              <MetadataToken>100663460</MetadataToken>
              <Name>System.Void SportsWeb.Services.Utils.GeoLocationService::set_Latitude(System.Double)</Name>
              <FileRef uid="10" />
              <SequencePoints>
                <SequencePoint vc="2" uspid="367" ordinal="0" offset="0" sl="109" sc="17" el="109" ec="18" bec="0" bev="0" fileid="10" />
                <SequencePoint vc="2" uspid="368" ordinal="1" offset="1" sl="109" sc="19" el="109" ec="51" bec="0" bev="0" fileid="10" />
                <SequencePoint vc="2" uspid="369" ordinal="2" offset="13" sl="109" sc="52" el="109" ec="53" bec="0" bev="0" fileid="10" />
              </SequencePoints>
              <BranchPoints />
              <MethodPoint xsi:type="SequencePoint" vc="2" uspid="367" ordinal="0" offset="0" sl="109" sc="17" el="109" ec="18" bec="0" bev="0" fileid="10" />
            </Method>
            <Method visited="true" cyclomaticComplexity="1" nPathComplexity="0" sequenceCoverage="100" branchCoverage="100" isConstructor="false" isStatic="false" isGetter="true" isSetter="false">
              <Summary numSequencePoints="3" visitedSequencePoints="3" numBranchPoints="1" visitedBranchPoints="1" sequenceCoverage="100" branchCoverage="100" maxCyclomaticComplexity="1" minCyclomaticComplexity="1" visitedClasses="0" numClasses="0" visitedMethods="1" numMethods="1" />
              <MetadataToken>100663461</MetadataToken>
              <Name>System.Double SportsWeb.Services.Utils.GeoLocationService::get_Longitude()</Name>
              <FileRef uid="10" />
              <SequencePoints>
                <SequencePoint vc="730" uspid="370" ordinal="0" offset="0" sl="119" sc="17" el="119" ec="18" bec="0" bev="0" fileid="10" />
                <SequencePoint vc="730" uspid="371" ordinal="1" offset="1" sl="119" sc="19" el="119" ec="36" bec="0" bev="0" fileid="10" />
                <SequencePoint vc="730" uspid="372" ordinal="2" offset="10" sl="119" sc="37" el="119" ec="38" bec="0" bev="0" fileid="10" />
              </SequencePoints>
              <BranchPoints />
              <MethodPoint xsi:type="SequencePoint" vc="730" uspid="370" ordinal="0" offset="0" sl="119" sc="17" el="119" ec="18" bec="0" bev="0" fileid="10" />
            </Method>
            <Method visited="true" cyclomaticComplexity="3" nPathComplexity="4" sequenceCoverage="29.41" branchCoverage="60" isConstructor="false" isStatic="false" isGetter="false" isSetter="true">
              <Summary numSequencePoints="17" visitedSequencePoints="5" numBranchPoints="5" visitedBranchPoints="3" sequenceCoverage="29.41" branchCoverage="60" maxCyclomaticComplexity="3" minCyclomaticComplexity="3" visitedClasses="0" numClasses="0" visitedMethods="1" numMethods="1" />
              <MetadataToken>100663462</MetadataToken>
              <Name>System.Void SportsWeb.Services.Utils.GeoLocationService::set_Longitude(System.Double)</Name>
              <FileRef uid="10" />
              <SequencePoints>
                <SequencePoint vc="2" uspid="373" ordinal="0" offset="0" sl="121" sc="13" el="121" ec="14" bec="0" bev="0" fileid="10" />
                <SequencePoint vc="2" uspid="374" ordinal="1" offset="1" sl="122" sc="17" el="122" ec="35" bec="2" bev="1" fileid="10" />
                <SequencePoint vc="0" uspid="375" ordinal="2" offset="17" sl="123" sc="17" el="123" ec="18" bec="0" bev="0" fileid="10" />
                <SequencePoint vc="0" uspid="376" ordinal="3" offset="18" sl="124" sc="21" el="124" ec="47" bec="0" bev="0" fileid="10" />
                <SequencePoint vc="0" uspid="377" ordinal="4" offset="30" sl="125" sc="21" el="125" ec="61" bec="0" bev="0" fileid="10" />
                <SequencePoint vc="0" uspid="378" ordinal="5" offset="47" sl="126" sc="21" el="126" ec="49" bec="0" bev="0" fileid="10" />
                <SequencePoint vc="0" uspid="379" ordinal="6" offset="61" sl="128" sc="21" el="128" ec="42" bec="0" bev="0" fileid="10" />
                <SequencePoint vc="0" uspid="380" ordinal="7" offset="74" sl="129" sc="17" el="129" ec="18" bec="0" bev="0" fileid="10" />
                <SequencePoint vc="2" uspid="381" ordinal="8" offset="75" sl="130" sc="17" el="130" ec="36" bec="2" bev="1" fileid="10" />
                <SequencePoint vc="0" uspid="382" ordinal="9" offset="91" sl="131" sc="17" el="131" ec="18" bec="0" bev="0" fileid="10" />
                <SequencePoint vc="0" uspid="383" ordinal="10" offset="92" sl="132" sc="21" el="132" ec="47" bec="0" bev="0" fileid="10" />
                <SequencePoint vc="0" uspid="384" ordinal="11" offset="105" sl="133" sc="21" el="133" ec="63" bec="0" bev="0" fileid="10" />
                <SequencePoint vc="0" uspid="385" ordinal="12" offset="126" sl="134" sc="21" el="134" ec="49" bec="0" bev="0" fileid="10" />
                <SequencePoint vc="0" uspid="386" ordinal="13" offset="143" sl="136" sc="21" el="136" ec="42" bec="0" bev="0" fileid="10" />
                <SequencePoint vc="0" uspid="387" ordinal="14" offset="157" sl="137" sc="17" el="137" ec="18" bec="0" bev="0" fileid="10" />
                <SequencePoint vc="2" uspid="388" ordinal="15" offset="158" sl="138" sc="17" el="138" ec="35" bec="0" bev="0" fileid="10" />
                <SequencePoint vc="2" uspid="389" ordinal="16" offset="165" sl="139" sc="13" el="139" ec="14" bec="0" bev="0" fileid="10" />
              </SequencePoints>
              <BranchPoints>
                <BranchPoint vc="0" uspid="390" ordinal="0" offset="15" sl="122" path="0" offsetend="17" fileid="10" />
                <BranchPoint vc="2" uspid="391" ordinal="1" offset="15" sl="122" path="1" offsetend="75" fileid="10" />
                <BranchPoint vc="0" uspid="392" ordinal="2" offset="89" sl="130" path="0" offsetend="91" fileid="10" />
                <BranchPoint vc="2" uspid="393" ordinal="3" offset="89" sl="130" path="1" offsetend="158" fileid="10" />
              </BranchPoints>
              <MethodPoint xsi:type="SequencePoint" vc="2" uspid="373" ordinal="0" offset="0" sl="121" sc="13" el="121" ec="14" bec="0" bev="0" fileid="10" />
            </Method>
            <Method visited="false" cyclomaticComplexity="1" nPathComplexity="0" sequenceCoverage="0" branchCoverage="0" isConstructor="true" isStatic="false" isGetter="false" isSetter="false">
              <Summary numSequencePoints="5" visitedSequencePoints="0" numBranchPoints="1" visitedBranchPoints="0" sequenceCoverage="0" branchCoverage="0" maxCyclomaticComplexity="1" minCyclomaticComplexity="1" visitedClasses="0" numClasses="0" visitedMethods="0" numMethods="1" />
              <MetadataToken>100663463</MetadataToken>
              <Name>System.Void SportsWeb.Services.Utils.GeoLocationService::.ctor(System.Double,System.Double)</Name>
              <FileRef uid="10" />
              <SequencePoints>
                <SequencePoint vc="0" uspid="394" ordinal="0" offset="0" sl="145" sc="9" el="145" ec="69" bec="0" bev="0" fileid="10" />
                <SequencePoint vc="0" uspid="395" ordinal="1" offset="7" sl="146" sc="9" el="146" ec="10" bec="0" bev="0" fileid="10" />
                <SequencePoint vc="0" uspid="396" ordinal="2" offset="8" sl="147" sc="13" el="147" ec="33" bec="0" bev="0" fileid="10" />
                <SequencePoint vc="0" uspid="397" ordinal="3" offset="16" sl="148" sc="13" el="148" ec="35" bec="0" bev="0" fileid="10" />
                <SequencePoint vc="0" uspid="398" ordinal="4" offset="24" sl="149" sc="9" el="149" ec="10" bec="0" bev="0" fileid="10" />
              </SequencePoints>
              <BranchPoints />
              <MethodPoint xsi:type="SequencePoint" vc="0" uspid="394" ordinal="0" offset="0" sl="145" sc="9" el="145" ec="69" bec="0" bev="0" fileid="10" />
            </Method>
            <Method visited="true" cyclomaticComplexity="1" nPathComplexity="0" sequenceCoverage="100" branchCoverage="100" isConstructor="true" isStatic="false" isGetter="false" isSetter="false">
              <Summary numSequencePoints="3" visitedSequencePoints="3" numBranchPoints="1" visitedBranchPoints="1" sequenceCoverage="100" branchCoverage="100" maxCyclomaticComplexity="1" minCyclomaticComplexity="1" visitedClasses="0" numClasses="0" visitedMethods="1" numMethods="1" />
              <MetadataToken>100663464</MetadataToken>
              <Name>System.Void SportsWeb.Services.Utils.GeoLocationService::.ctor()</Name>
              <FileRef uid="10" />
              <SequencePoints>
                <SequencePoint vc="2" uspid="399" ordinal="0" offset="0" sl="154" sc="9" el="154" ec="36" bec="0" bev="0" fileid="10" />
                <SequencePoint vc="2" uspid="400" ordinal="1" offset="7" sl="155" sc="9" el="155" ec="10" bec="0" bev="0" fileid="10" />
                <SequencePoint vc="2" uspid="401" ordinal="2" offset="8" sl="156" sc="9" el="156" ec="10" bec="0" bev="0" fileid="10" />
              </SequencePoints>
              <BranchPoints />
              <MethodPoint xsi:type="SequencePoint" vc="2" uspid="399" ordinal="0" offset="0" sl="154" sc="9" el="154" ec="36" bec="0" bev="0" fileid="10" />
            </Method>
            <Method visited="true" cyclomaticComplexity="5" nPathComplexity="4" sequenceCoverage="71.43" branchCoverage="60" isConstructor="false" isStatic="true" isGetter="false" isSetter="false">
              <Summary numSequencePoints="7" visitedSequencePoints="5" numBranchPoints="5" visitedBranchPoints="3" sequenceCoverage="71.43" branchCoverage="60" maxCyclomaticComplexity="5" minCyclomaticComplexity="5" visitedClasses="0" numClasses="0" visitedMethods="1" numMethods="1" />
              <MetadataToken>100663465</MetadataToken>
              <Name>System.Boolean SportsWeb.Services.Utils.GeoLocationService::op_Equality(SportsWeb.Services.Utils.GeoLocationService,SportsWeb.Services.Utils.GeoLocationService)</Name>
              <FileRef uid="10" />
              <SequencePoints>
                <SequencePoint vc="730" uspid="402" ordinal="0" offset="0" sl="159" sc="9" el="159" ec="10" bec="0" bev="0" fileid="10" />
                <SequencePoint vc="730" uspid="403" ordinal="1" offset="1" sl="160" sc="13" el="160" ec="53" bec="2" bev="1" fileid="10" />
                <SequencePoint vc="0" uspid="404" ordinal="2" offset="9" sl="161" sc="17" el="161" ec="29" bec="0" bev="0" fileid="10" />
                <SequencePoint vc="730" uspid="405" ordinal="3" offset="13" sl="163" sc="13" el="163" ec="60" bec="2" bev="1" fileid="10" />
                <SequencePoint vc="730" uspid="406" ordinal="4" offset="27" sl="164" sc="17" el="164" ec="30" bec="0" bev="0" fileid="10" />
                <SequencePoint vc="0" uspid="407" ordinal="5" offset="31" sl="166" sc="13" el="166" ec="77" bec="0" bev="0" fileid="10" />
                <SequencePoint vc="730" uspid="408" ordinal="6" offset="65" sl="167" sc="9" el="167" ec="10" bec="0" bev="0" fileid="10" />
              </SequencePoints>
              <BranchPoints>
                <BranchPoint vc="0" uspid="409" ordinal="0" offset="7" sl="160" path="0" offsetend="9" fileid="10" />
                <BranchPoint vc="730" uspid="410" ordinal="1" offset="7" sl="160" path="1" offsetend="13" fileid="10" />
                <BranchPoint vc="730" uspid="413" ordinal="4" offset="25" sl="163" path="0" offsetend="27" fileid="10" />
                <BranchPoint vc="0" uspid="414" ordinal="5" offset="25" sl="163" path="1" offsetend="31" fileid="10" />
              </BranchPoints>
              <MethodPoint xsi:type="SequencePoint" vc="730" uspid="402" ordinal="0" offset="0" sl="159" sc="9" el="159" ec="10" bec="0" bev="0" fileid="10" />
            </Method>
            <Method visited="false" cyclomaticComplexity="1" nPathComplexity="0" sequenceCoverage="0" branchCoverage="0" isConstructor="false" isStatic="true" isGetter="false" isSetter="false">
              <Summary numSequencePoints="3" visitedSequencePoints="0" numBranchPoints="1" visitedBranchPoints="0" sequenceCoverage="0" branchCoverage="0" maxCyclomaticComplexity="1" minCyclomaticComplexity="1" visitedClasses="0" numClasses="0" visitedMethods="0" numMethods="1" />
              <MetadataToken>100663466</MetadataToken>
              <Name>System.Boolean SportsWeb.Services.Utils.GeoLocationService::op_Inequality(SportsWeb.Services.Utils.GeoLocationService,SportsWeb.Services.Utils.GeoLocationService)</Name>
              <FileRef uid="10" />
              <SequencePoints>
                <SequencePoint vc="0" uspid="417" ordinal="0" offset="0" sl="170" sc="9" el="170" ec="10" bec="0" bev="0" fileid="10" />
                <SequencePoint vc="0" uspid="418" ordinal="1" offset="1" sl="171" sc="13" el="171" ec="30" bec="0" bev="0" fileid="10" />
                <SequencePoint vc="0" uspid="419" ordinal="2" offset="14" sl="172" sc="9" el="172" ec="10" bec="0" bev="0" fileid="10" />
              </SequencePoints>
              <BranchPoints />
              <MethodPoint xsi:type="SequencePoint" vc="0" uspid="417" ordinal="0" offset="0" sl="170" sc="9" el="170" ec="10" bec="0" bev="0" fileid="10" />
            </Method>
            <Method visited="false" cyclomaticComplexity="3" nPathComplexity="2" sequenceCoverage="0" branchCoverage="0" isConstructor="false" isStatic="false" isGetter="false" isSetter="false">
              <Summary numSequencePoints="6" visitedSequencePoints="0" numBranchPoints="3" visitedBranchPoints="0" sequenceCoverage="0" branchCoverage="0" maxCyclomaticComplexity="3" minCyclomaticComplexity="3" visitedClasses="0" numClasses="0" visitedMethods="0" numMethods="1" />
              <MetadataToken>100663467</MetadataToken>
              <Name>System.Boolean SportsWeb.Services.Utils.GeoLocationService::Equals(System.Object)</Name>
              <FileRef uid="10" />
              <SequencePoints>
                <SequencePoint vc="0" uspid="420" ordinal="0" offset="0" sl="175" sc="9" el="175" ec="10" bec="0" bev="0" fileid="10" />
                <SequencePoint vc="0" uspid="421" ordinal="1" offset="1" sl="176" sc="13" el="176" ec="66" bec="0" bev="0" fileid="10" />
                <SequencePoint vc="0" uspid="422" ordinal="2" offset="8" sl="177" sc="13" el="177" ec="31" bec="2" bev="0" fileid="10" />
                <SequencePoint vc="0" uspid="423" ordinal="3" offset="19" sl="178" sc="17" el="178" ec="85" bec="0" bev="0" fileid="10" />
                <SequencePoint vc="0" uspid="424" ordinal="4" offset="53" sl="179" sc="13" el="179" ec="26" bec="0" bev="0" fileid="10" />
                <SequencePoint vc="0" uspid="425" ordinal="5" offset="57" sl="180" sc="9" el="180" ec="10" bec="0" bev="0" fileid="10" />
              </SequencePoints>
              <BranchPoints>
                <BranchPoint vc="0" uspid="426" ordinal="0" offset="17" sl="177" path="0" offsetend="19" fileid="10" />
                <BranchPoint vc="0" uspid="427" ordinal="1" offset="17" sl="177" path="1" offsetend="53" fileid="10" />
              </BranchPoints>
              <MethodPoint xsi:type="SequencePoint" vc="0" uspid="420" ordinal="0" offset="0" sl="175" sc="9" el="175" ec="10" bec="0" bev="0" fileid="10" />
            </Method>
            <Method visited="false" cyclomaticComplexity="3" nPathComplexity="2" sequenceCoverage="0" branchCoverage="0" isConstructor="false" isStatic="false" isGetter="false" isSetter="false">
              <Summary numSequencePoints="6" visitedSequencePoints="0" numBranchPoints="3" visitedBranchPoints="0" sequenceCoverage="0" branchCoverage="0" maxCyclomaticComplexity="3" minCyclomaticComplexity="3" visitedClasses="0" numClasses="0" visitedMethods="0" numMethods="1" />
              <MetadataToken>100663468</MetadataToken>
              <Name>System.Boolean SportsWeb.Services.Utils.GeoLocationService::Equals(System.Object,System.Double)</Name>
              <FileRef uid="10" />
              <SequencePoints>
                <SequencePoint vc="0" uspid="430" ordinal="0" offset="0" sl="183" sc="9" el="183" ec="10" bec="0" bev="0" fileid="10" />
                <SequencePoint vc="0" uspid="431" ordinal="1" offset="1" sl="184" sc="13" el="184" ec="66" bec="0" bev="0" fileid="10" />
                <SequencePoint vc="0" uspid="432" ordinal="2" offset="8" sl="185" sc="13" el="185" ec="31" bec="2" bev="0" fileid="10" />
                <SequencePoint vc="0" uspid="433" ordinal="3" offset="19" sl="186" sc="17" el="186" ec="121" bec="0" bev="0" fileid="10" />
                <SequencePoint vc="0" uspid="434" ordinal="4" offset="70" sl="187" sc="13" el="187" ec="26" bec="0" bev="0" fileid="10" />
                <SequencePoint vc="0" uspid="435" ordinal="5" offset="74" sl="188" sc="9" el="188" ec="10" bec="0" bev="0" fileid="10" />
              </SequencePoints>
              <BranchPoints>
                <BranchPoint vc="0" uspid="436" ordinal="0" offset="17" sl="185" path="0" offsetend="19" fileid="10" />
                <BranchPoint vc="0" uspid="437" ordinal="1" offset="17" sl="185" path="1" offsetend="70" fileid="10" />
              </BranchPoints>
              <MethodPoint xsi:type="SequencePoint" vc="0" uspid="430" ordinal="0" offset="0" sl="183" sc="9" el="183" ec="10" bec="0" bev="0" fileid="10" />
            </Method>
            <Method visited="false" cyclomaticComplexity="1" nPathComplexity="0" sequenceCoverage="0" branchCoverage="0" isConstructor="false" isStatic="false" isGetter="false" isSetter="false">
              <Summary numSequencePoints="6" visitedSequencePoints="0" numBranchPoints="1" visitedBranchPoints="0" sequenceCoverage="0" branchCoverage="0" maxCyclomaticComplexity="1" minCyclomaticComplexity="1" visitedClasses="0" numClasses="0" visitedMethods="0" numMethods="1" />
              <MetadataToken>100663469</MetadataToken>
              <Name>System.Int32 SportsWeb.Services.Utils.GeoLocationService::GetHashCode()</Name>
              <FileRef uid="10" />
              <SequencePoints>
                <SequencePoint vc="0" uspid="440" ordinal="0" offset="0" sl="191" sc="9" el="191" ec="10" bec="0" bev="0" fileid="10" />
                <SequencePoint vc="0" uspid="441" ordinal="1" offset="1" sl="194" sc="13" el="194" ec="27" bec="0" bev="0" fileid="10" />
                <SequencePoint vc="0" uspid="442" ordinal="2" offset="4" sl="195" sc="13" el="195" ec="55" bec="0" bev="0" fileid="10" />
                <SequencePoint vc="0" uspid="443" ordinal="3" offset="21" sl="196" sc="13" el="196" ec="56" bec="0" bev="0" fileid="10" />
                <SequencePoint vc="0" uspid="444" ordinal="4" offset="38" sl="197" sc="13" el="197" ec="25" bec="0" bev="0" fileid="10" />
                <SequencePoint vc="0" uspid="445" ordinal="5" offset="42" sl="198" sc="9" el="198" ec="10" bec="0" bev="0" fileid="10" />
              </SequencePoints>
              <BranchPoints />
              <MethodPoint xsi:type="SequencePoint" vc="0" uspid="440" ordinal="0" offset="0" sl="191" sc="9" el="191" ec="10" bec="0" bev="0" fileid="10" />
            </Method>
            <Method visited="false" cyclomaticComplexity="5" nPathComplexity="4" sequenceCoverage="0" branchCoverage="0" isConstructor="false" isStatic="false" isGetter="false" isSetter="false">
              <Summary numSequencePoints="3" visitedSequencePoints="0" numBranchPoints="5" visitedBranchPoints="0" sequenceCoverage="0" branchCoverage="0" maxCyclomaticComplexity="5" minCyclomaticComplexity="5" visitedClasses="0" numClasses="0" visitedMethods="0" numMethods="1" />
              <MetadataToken>100663470</MetadataToken>
              <Name>System.String SportsWeb.Services.Utils.GeoLocationService::ToString()</Name>
              <FileRef uid="10" />
              <SequencePoints>
                <SequencePoint vc="0" uspid="446" ordinal="0" offset="0" sl="201" sc="9" el="201" ec="10" bec="0" bev="0" fileid="10" />
                <SequencePoint vc="0" uspid="447" ordinal="1" offset="1" sl="202" sc="13" el="205" ec="19" bec="4" bev="0" fileid="10" />
                <SequencePoint vc="0" uspid="448" ordinal="2" offset="127" sl="206" sc="9" el="206" ec="10" bec="0" bev="0" fileid="10" />
              </SequencePoints>
              <BranchPoints>
                <BranchPoint vc="0" uspid="449" ordinal="0" offset="53" sl="202" path="0" offsetend="55" fileid="10" />
                <BranchPoint vc="0" uspid="450" ordinal="1" offset="53" sl="202" path="1" offsetend="62" fileid="10" />
                <BranchPoint vc="0" uspid="451" ordinal="2" offset="104" sl="202" path="0" offsetend="106" fileid="10" />
                <BranchPoint vc="0" uspid="452" ordinal="3" offset="104" sl="202" path="1" offsetend="113" fileid="10" />
              </BranchPoints>
              <MethodPoint xsi:type="SequencePoint" vc="0" uspid="446" ordinal="0" offset="0" sl="201" sc="9" el="201" ec="10" bec="0" bev="0" fileid="10" />
            </Method>
            <Method visited="false" cyclomaticComplexity="1" nPathComplexity="0" sequenceCoverage="0" branchCoverage="0" isConstructor="false" isStatic="false" isGetter="false" isSetter="false">
              <Summary numSequencePoints="3" visitedSequencePoints="0" numBranchPoints="1" visitedBranchPoints="0" sequenceCoverage="0" branchCoverage="0" maxCyclomaticComplexity="1" minCyclomaticComplexity="1" visitedClasses="0" numClasses="0" visitedMethods="0" numMethods="1" />
              <MetadataToken>100663471</MetadataToken>
              <Name>System.String SportsWeb.Services.Utils.GeoLocationService::ToDoubleNumberString()</Name>
              <FileRef uid="10" />
              <SequencePoints>
                <SequencePoint vc="0" uspid="453" ordinal="0" offset="0" sl="209" sc="9" el="209" ec="10" bec="0" bev="0" fileid="10" />
                <SequencePoint vc="0" uspid="454" ordinal="1" offset="1" sl="210" sc="13" el="210" ec="116" bec="0" bev="0" fileid="10" />
                <SequencePoint vc="0" uspid="455" ordinal="2" offset="41" sl="211" sc="9" el="211" ec="10" bec="0" bev="0" fileid="10" />
              </SequencePoints>
              <BranchPoints />
              <MethodPoint xsi:type="SequencePoint" vc="0" uspid="453" ordinal="0" offset="0" sl="209" sc="9" el="209" ec="10" bec="0" bev="0" fileid="10" />
            </Method>
            <Method visited="false" cyclomaticComplexity="1" nPathComplexity="0" sequenceCoverage="0" branchCoverage="0" isConstructor="false" isStatic="false" isGetter="false" isSetter="false">
              <Summary numSequencePoints="3" visitedSequencePoints="0" numBranchPoints="1" visitedBranchPoints="0" sequenceCoverage="0" branchCoverage="0" maxCyclomaticComplexity="1" minCyclomaticComplexity="1" visitedClasses="0" numClasses="0" visitedMethods="0" numMethods="1" />
              <MetadataToken>100663472</MetadataToken>
              <Name>System.String SportsWeb.Services.Utils.GeoLocationService::ToLocalizedString()</Name>
              <FileRef uid="10" />
              <SequencePoints>
                <SequencePoint vc="0" uspid="456" ordinal="0" offset="0" sl="218" sc="9" el="218" ec="10" bec="0" bev="0" fileid="10" />
                <SequencePoint vc="0" uspid="457" ordinal="1" offset="1" sl="219" sc="13" el="219" ec="106" bec="0" bev="0" fileid="10" />
                <SequencePoint vc="0" uspid="458" ordinal="2" offset="36" sl="220" sc="9" el="220" ec="10" bec="0" bev="0" fileid="10" />
              </SequencePoints>
              <BranchPoints />
              <MethodPoint xsi:type="SequencePoint" vc="0" uspid="456" ordinal="0" offset="0" sl="218" sc="9" el="218" ec="10" bec="0" bev="0" fileid="10" />
            </Method>
            <Method visited="false" cyclomaticComplexity="3" nPathComplexity="2" sequenceCoverage="0" branchCoverage="0" isConstructor="false" isStatic="true" isGetter="false" isSetter="false">
              <Summary numSequencePoints="3" visitedSequencePoints="0" numBranchPoints="3" visitedBranchPoints="0" sequenceCoverage="0" branchCoverage="0" maxCyclomaticComplexity="3" minCyclomaticComplexity="3" visitedClasses="0" numClasses="0" visitedMethods="0" numMethods="1" />
              <MetadataToken>100663473</MetadataToken>
              <Name>System.String SportsWeb.Services.Utils.GeoLocationService::LatitudeToString(System.Double)</Name>
              <FileRef uid="10" />
              <SequencePoints>
                <SequencePoint vc="0" uspid="459" ordinal="0" offset="0" sl="226" sc="9" el="226" ec="10" bec="0" bev="0" fileid="10" />
                <SequencePoint vc="0" uspid="460" ordinal="1" offset="1" sl="227" sc="13" el="227" ec="123" bec="2" bev="0" fileid="10" />
                <SequencePoint vc="0" uspid="461" ordinal="2" offset="54" sl="228" sc="9" el="228" ec="10" bec="0" bev="0" fileid="10" />
              </SequencePoints>
              <BranchPoints>
                <BranchPoint vc="0" uspid="462" ordinal="0" offset="32" sl="227" path="0" offsetend="34" fileid="10" />
                <BranchPoint vc="0" uspid="463" ordinal="1" offset="32" sl="227" path="1" offsetend="41" fileid="10" />
              </BranchPoints>
              <MethodPoint xsi:type="SequencePoint" vc="0" uspid="459" ordinal="0" offset="0" sl="226" sc="9" el="226" ec="10" bec="0" bev="0" fileid="10" />
            </Method>
            <Method visited="false" cyclomaticComplexity="3" nPathComplexity="2" sequenceCoverage="0" branchCoverage="0" isConstructor="false" isStatic="true" isGetter="false" isSetter="false">
              <Summary numSequencePoints="3" visitedSequencePoints="0" numBranchPoints="3" visitedBranchPoints="0" sequenceCoverage="0" branchCoverage="0" maxCyclomaticComplexity="3" minCyclomaticComplexity="3" visitedClasses="0" numClasses="0" visitedMethods="0" numMethods="1" />
              <MetadataToken>100663474</MetadataToken>
              <Name>System.String SportsWeb.Services.Utils.GeoLocationService::LongitudeToString(System.Double)</Name>
              <FileRef uid="10" />
              <SequencePoints>
                <SequencePoint vc="0" uspid="464" ordinal="0" offset="0" sl="234" sc="9" el="234" ec="10" bec="0" bev="0" fileid="10" />
                <SequencePoint vc="0" uspid="465" ordinal="1" offset="1" sl="235" sc="13" el="235" ec="125" bec="2" bev="0" fileid="10" />
                <SequencePoint vc="0" uspid="466" ordinal="2" offset="54" sl="236" sc="9" el="236" ec="10" bec="0" bev="0" fileid="10" />
              </SequencePoints>
              <BranchPoints>
                <BranchPoint vc="0" uspid="467" ordinal="0" offset="32" sl="235" path="0" offsetend="34" fileid="10" />
                <BranchPoint vc="0" uspid="468" ordinal="1" offset="32" sl="235" path="1" offsetend="41" fileid="10" />
              </BranchPoints>
              <MethodPoint xsi:type="SequencePoint" vc="0" uspid="464" ordinal="0" offset="0" sl="234" sc="9" el="234" ec="10" bec="0" bev="0" fileid="10" />
            </Method>
            <Method visited="true" cyclomaticComplexity="3" nPathComplexity="4" sequenceCoverage="75" branchCoverage="60" isConstructor="false" isStatic="true" isGetter="false" isSetter="false">
              <Summary numSequencePoints="8" visitedSequencePoints="6" numBranchPoints="5" visitedBranchPoints="3" sequenceCoverage="75" branchCoverage="60" maxCyclomaticComplexity="3" minCyclomaticComplexity="3" visitedClasses="0" numClasses="0" visitedMethods="1" numMethods="1" />
              <MetadataToken>100663475</MetadataToken>
              <Name>System.Double SportsWeb.Services.Utils.GeoLocationService::ClampLatitude(System.Double)</Name>
              <FileRef uid="10" />
              <SequencePoints>
                <SequencePoint vc="2" uspid="469" ordinal="0" offset="0" sl="239" sc="9" el="239" ec="10" bec="0" bev="0" fileid="10" />
                <SequencePoint vc="2" uspid="470" ordinal="1" offset="1" sl="240" sc="13" el="240" ec="31" bec="0" bev="0" fileid="10" />
                <SequencePoint vc="2" uspid="471" ordinal="2" offset="3" sl="241" sc="13" el="241" ec="29" bec="2" bev="1" fileid="10" />
                <SequencePoint vc="0" uspid="472" ordinal="3" offset="19" sl="241" sc="30" el="241" ec="42" bec="0" bev="0" fileid="10" />
                <SequencePoint vc="2" uspid="473" ordinal="4" offset="31" sl="242" sc="18" el="242" ec="36" bec="2" bev="1" fileid="10" />
                <SequencePoint vc="0" uspid="474" ordinal="5" offset="50" sl="242" sc="37" el="242" ec="50" bec="0" bev="0" fileid="10" />
                <SequencePoint vc="2" uspid="475" ordinal="6" offset="60" sl="243" sc="13" el="243" ec="25" bec="0" bev="0" fileid="10" />
                <SequencePoint vc="2" uspid="476" ordinal="7" offset="64" sl="244" sc="9" el="244" ec="10" bec="0" bev="0" fileid="10" />
              </SequencePoints>
              <BranchPoints>
                <BranchPoint vc="0" uspid="477" ordinal="0" offset="17" sl="241" path="0" offsetend="19" fileid="10" />
                <BranchPoint vc="2" uspid="478" ordinal="1" offset="17" sl="241" path="1" offsetend="31" fileid="10" />
                <BranchPoint vc="0" uspid="479" ordinal="2" offset="48" sl="242" path="0" offsetend="50" fileid="10" />
                <BranchPoint vc="2" uspid="480" ordinal="3" offset="48" sl="242" path="1" offsetend="60" fileid="10" />
              </BranchPoints>
              <MethodPoint xsi:type="SequencePoint" vc="2" uspid="469" ordinal="0" offset="0" sl="239" sc="9" el="239" ec="10" bec="0" bev="0" fileid="10" />
            </Method>
            <Method visited="false" cyclomaticComplexity="3" nPathComplexity="4" sequenceCoverage="0" branchCoverage="0" isConstructor="false" isStatic="true" isGetter="false" isSetter="false">
              <Summary numSequencePoints="7" visitedSequencePoints="0" numBranchPoints="5" visitedBranchPoints="0" sequenceCoverage="0" branchCoverage="0" maxCyclomaticComplexity="3" minCyclomaticComplexity="3" visitedClasses="0" numClasses="0" visitedMethods="0" numMethods="1" />
              <MetadataToken>100663476</MetadataToken>
              <Name>System.Double SportsWeb.Services.Utils.GeoLocationService::ClampLongitude(System.Double)</Name>
              <FileRef uid="10" />
              <SequencePoints>
                <SequencePoint vc="0" uspid="481" ordinal="0" offset="0" sl="247" sc="9" el="247" ec="10" bec="0" bev="0" fileid="10" />
                <SequencePoint vc="0" uspid="482" ordinal="1" offset="1" sl="248" sc="13" el="248" ec="35" bec="2" bev="0" fileid="10" />
                <SequencePoint vc="0" uspid="483" ordinal="2" offset="17" sl="248" sc="36" el="248" ec="49" bec="0" bev="0" fileid="10" />
                <SequencePoint vc="0" uspid="484" ordinal="3" offset="29" sl="249" sc="13" el="249" ec="36" bec="2" bev="0" fileid="10" />
                <SequencePoint vc="0" uspid="485" ordinal="4" offset="45" sl="249" sc="37" el="249" ec="51" bec="0" bev="0" fileid="10" />
                <SequencePoint vc="0" uspid="486" ordinal="5" offset="57" sl="250" sc="13" el="250" ec="30" bec="0" bev="0" fileid="10" />
                <SequencePoint vc="0" uspid="487" ordinal="6" offset="61" sl="251" sc="9" el="251" ec="10" bec="0" bev="0" fileid="10" />
              </SequencePoints>
              <BranchPoints>
                <BranchPoint vc="0" uspid="488" ordinal="0" offset="15" sl="248" path="0" offsetend="17" fileid="10" />
                <BranchPoint vc="0" uspid="489" ordinal="1" offset="15" sl="248" path="1" offsetend="29" fileid="10" />
                <BranchPoint vc="0" uspid="490" ordinal="2" offset="43" sl="249" path="0" offsetend="45" fileid="10" />
                <BranchPoint vc="0" uspid="491" ordinal="3" offset="43" sl="249" path="1" offsetend="57" fileid="10" />
              </BranchPoints>
              <MethodPoint xsi:type="SequencePoint" vc="0" uspid="481" ordinal="0" offset="0" sl="247" sc="9" el="247" ec="10" bec="0" bev="0" fileid="10" />
            </Method>
          </Methods>
        </Class>
        <Class>
          <Summary numSequencePoints="141" visitedSequencePoints="134" numBranchPoints="41" visitedBranchPoints="34" sequenceCoverage="95.04" branchCoverage="82.93" maxCyclomaticComplexity="14" minCyclomaticComplexity="1" visitedClasses="1" numClasses="1" visitedMethods="7" numMethods="7" />
          <FullName>SportsWeb.Services.Utils.SunRiseAndSetCalculator</FullName>
          <Methods>
            <Method visited="true" cyclomaticComplexity="4" nPathComplexity="4" sequenceCoverage="93.75" branchCoverage="80" isConstructor="false" isStatic="true" isGetter="false" isSetter="false">
              <Summary numSequencePoints="16" visitedSequencePoints="15" numBranchPoints="5" visitedBranchPoints="4" sequenceCoverage="93.75" branchCoverage="80" maxCyclomaticComplexity="4" minCyclomaticComplexity="4" visitedClasses="0" numClasses="0" visitedMethods="1" numMethods="1" />
              <MetadataToken>100663477</MetadataToken>
              <Name>System.Double SportsWeb.Services.Utils.SunRiseAndSetCalculator::GetJulianDay(System.DateTime)</Name>
              <FileRef uid="10" />
              <SequencePoints>
                <SequencePoint vc="730" uspid="492" ordinal="0" offset="0" sl="273" sc="9" el="273" ec="10" bec="0" bev="0" fileid="10" />
                <SequencePoint vc="730" uspid="493" ordinal="1" offset="1" sl="276" sc="13" el="276" ec="38" bec="0" bev="0" fileid="10" />
                <SequencePoint vc="730" uspid="494" ordinal="2" offset="9" sl="277" sc="13" el="277" ec="40" bec="0" bev="0" fileid="10" />
                <SequencePoint vc="730" uspid="495" ordinal="3" offset="17" sl="278" sc="13" el="278" ec="36" bec="0" bev="0" fileid="10" />
                <SequencePoint vc="730" uspid="496" ordinal="4" offset="25" sl="280" sc="13" el="280" ec="64" bec="0" bev="0" fileid="10" />
                <SequencePoint vc="730" uspid="497" ordinal="5" offset="34" sl="282" sc="13" el="282" ec="46" bec="2" bev="2" fileid="10" />
                <SequencePoint vc="118" uspid="498" ordinal="6" offset="51" sl="283" sc="13" el="283" ec="14" bec="0" bev="0" fileid="10" />
                <SequencePoint vc="118" uspid="499" ordinal="7" offset="52" sl="284" sc="17" el="284" ec="24" bec="0" bev="0" fileid="10" />
                <SequencePoint vc="118" uspid="500" ordinal="8" offset="56" sl="285" sc="17" el="285" ec="29" bec="0" bev="0" fileid="10" />
                <SequencePoint vc="118" uspid="501" ordinal="9" offset="61" sl="286" sc="13" el="286" ec="14" bec="0" bev="0" fileid="10" />
                <SequencePoint vc="730" uspid="502" ordinal="10" offset="62" sl="288" sc="13" el="288" ec="52" bec="0" bev="0" fileid="10" />
                <SequencePoint vc="730" uspid="503" ordinal="11" offset="81" sl="291" sc="13" el="291" ec="27" bec="2" bev="1" fileid="10" />
                <SequencePoint vc="730" uspid="504" ordinal="12" offset="88" sl="292" sc="17" el="292" ec="47" bec="0" bev="0" fileid="10" />
                <SequencePoint vc="0" uspid="505" ordinal="13" offset="122" sl="294" sc="17" el="294" ec="25" bec="0" bev="0" fileid="10" />
                <SequencePoint vc="730" uspid="506" ordinal="14" offset="133" sl="296" sc="13" el="296" ec="110" bec="0" bev="0" fileid="10" />
                <SequencePoint vc="730" uspid="507" ordinal="15" offset="196" sl="297" sc="9" el="297" ec="10" bec="0" bev="0" fileid="10" />
              </SequencePoints>
              <BranchPoints>
                <BranchPoint vc="118" uspid="510" ordinal="2" offset="49" sl="282" path="0" offsetend="51" fileid="10" />
                <BranchPoint vc="612" uspid="511" ordinal="3" offset="49" sl="282" path="1" offsetend="62" fileid="10" />
                <BranchPoint vc="730" uspid="512" ordinal="4" offset="86" sl="291" path="0" offsetend="88" fileid="10" />
                <BranchPoint vc="0" uspid="513" ordinal="5" offset="86" sl="291" path="1" offsetend="122" fileid="10" />
              </BranchPoints>
              <MethodPoint xsi:type="SequencePoint" vc="730" uspid="492" ordinal="0" offset="0" sl="273" sc="9" el="273" ec="10" bec="0" bev="0" fileid="10" />
            </Method>
            <Method visited="true" cyclomaticComplexity="1" nPathComplexity="0" sequenceCoverage="100" branchCoverage="100" isConstructor="false" isStatic="true" isGetter="false" isSetter="false">
              <Summary numSequencePoints="6" visitedSequencePoints="6" numBranchPoints="1" visitedBranchPoints="1" sequenceCoverage="100" branchCoverage="100" maxCyclomaticComplexity="1" minCyclomaticComplexity="1" visitedClasses="0" numClasses="0" visitedMethods="1" numMethods="1" />
              <MetadataToken>100663478</MetadataToken>
              <Name>System.Double SportsWeb.Services.Utils.SunRiseAndSetCalculator::LocalSiderealTimeForTimeZone(System.Double,System.Double,System.Double)</Name>
              <FileRef uid="10" />
              <SequencePoints>
                <SequencePoint vc="730" uspid="514" ordinal="0" offset="0" sl="300" sc="9" el="300" ec="10" bec="0" bev="0" fileid="10" />
                <SequencePoint vc="730" uspid="515" ordinal="1" offset="1" sl="301" sc="13" el="301" ec="90" bec="0" bev="0" fileid="10" />
                <SequencePoint vc="730" uspid="516" ordinal="2" offset="57" sl="302" sc="13" el="302" ec="27" bec="0" bev="0" fileid="10" />
                <SequencePoint vc="730" uspid="517" ordinal="3" offset="69" sl="303" sc="13" el="303" ec="35" bec="0" bev="0" fileid="10" />
                <SequencePoint vc="730" uspid="518" ordinal="4" offset="78" sl="304" sc="13" el="304" ec="42" bec="0" bev="0" fileid="10" />
                <SequencePoint vc="730" uspid="519" ordinal="5" offset="102" sl="305" sc="9" el="305" ec="10" bec="0" bev="0" fileid="10" />
              </SequencePoints>
              <BranchPoints />
              <MethodPoint xsi:type="SequencePoint" vc="730" uspid="514" ordinal="0" offset="0" sl="300" sc="9" el="300" ec="10" bec="0" bev="0" fileid="10" />
            </Method>
            <Method visited="true" cyclomaticComplexity="3" nPathComplexity="4" sequenceCoverage="87.5" branchCoverage="80" isConstructor="false" isStatic="true" isGetter="false" isSetter="false">
              <Summary numSequencePoints="8" visitedSequencePoints="7" numBranchPoints="5" visitedBranchPoints="4" sequenceCoverage="87.5" branchCoverage="80" maxCyclomaticComplexity="3" minCyclomaticComplexity="3" visitedClasses="0" numClasses="0" visitedMethods="1" numMethods="1" />
              <MetadataToken>100663479</MetadataToken>
              <Name>System.Int32 SportsWeb.Services.Utils.SunRiseAndSetCalculator::Sign(System.Double)</Name>
              <FileRef uid="10" />
              <SequencePoints>
                <SequencePoint vc="35040" uspid="520" ordinal="0" offset="0" sl="308" sc="9" el="308" ec="10" bec="0" bev="0" fileid="10" />
                <SequencePoint vc="35040" uspid="521" ordinal="1" offset="1" sl="311" sc="13" el="311" ec="29" bec="2" bev="2" fileid="10" />
                <SequencePoint vc="17964" uspid="522" ordinal="2" offset="17" sl="312" sc="17" el="312" ec="24" bec="0" bev="0" fileid="10" />
                <SequencePoint vc="17076" uspid="523" ordinal="3" offset="21" sl="313" sc="18" el="313" ec="34" bec="2" bev="1" fileid="10" />
                <SequencePoint vc="17076" uspid="524" ordinal="4" offset="37" sl="314" sc="17" el="314" ec="25" bec="0" bev="0" fileid="10" />
                <SequencePoint vc="0" uspid="525" ordinal="5" offset="41" sl="315" sc="18" el="315" ec="25" bec="0" bev="0" fileid="10" />
                <SequencePoint vc="35040" uspid="526" ordinal="6" offset="43" sl="317" sc="13" el="317" ec="23" bec="0" bev="0" fileid="10" />
                <SequencePoint vc="35040" uspid="527" ordinal="7" offset="47" sl="318" sc="9" el="318" ec="10" bec="0" bev="0" fileid="10" />
              </SequencePoints>
              <BranchPoints>
                <BranchPoint vc="17964" uspid="528" ordinal="0" offset="15" sl="311" path="0" offsetend="17" fileid="10" />
                <BranchPoint vc="17076" uspid="529" ordinal="1" offset="15" sl="311" path="1" offsetend="21" fileid="10" />
                <BranchPoint vc="17076" uspid="530" ordinal="2" offset="35" sl="313" path="0" offsetend="37" fileid="10" />
                <BranchPoint vc="0" uspid="531" ordinal="3" offset="35" sl="313" path="1" offsetend="41" fileid="10" />
              </BranchPoints>
              <MethodPoint xsi:type="SequencePoint" vc="35040" uspid="520" ordinal="0" offset="0" sl="308" sc="9" el="308" ec="10" bec="0" bev="0" fileid="10" />
            </Method>
            <Method visited="true" cyclomaticComplexity="1" nPathComplexity="0" sequenceCoverage="100" branchCoverage="100" isConstructor="false" isStatic="true" isGetter="false" isSetter="false">
              <Summary numSequencePoints="25" visitedSequencePoints="25" numBranchPoints="1" visitedBranchPoints="1" sequenceCoverage="100" branchCoverage="100" maxCyclomaticComplexity="1" minCyclomaticComplexity="1" visitedClasses="0" numClasses="0" visitedMethods="1" numMethods="1" />
              <MetadataToken>100663480</MetadataToken>
              <Name>SportsWeb.Services.Utils.SunPositionInSky SportsWeb.Services.Utils.SunRiseAndSetCalculator::CalculateSunPositionInSky(System.Double,System.Double)</Name>
              <FileRef uid="10" />
              <SequencePoints>
                <SequencePoint vc="1460" uspid="532" ordinal="0" offset="0" sl="328" sc="9" el="328" ec="10" bec="0" bev="0" fileid="10" />
                <SequencePoint vc="1460" uspid="533" ordinal="1" offset="1" sl="329" sc="13" el="329" ec="59" bec="0" bev="0" fileid="10" />
                <SequencePoint vc="1460" uspid="534" ordinal="2" offset="23" sl="330" sc="13" el="330" ec="38" bec="0" bev="0" fileid="10" />
                <SequencePoint vc="1460" uspid="535" ordinal="3" offset="32" sl="331" sc="13" el="331" ec="35" bec="0" bev="0" fileid="10" />
                <SequencePoint vc="1460" uspid="536" ordinal="4" offset="54" sl="333" sc="13" el="333" ec="57" bec="0" bev="0" fileid="10" />
                <SequencePoint vc="1460" uspid="537" ordinal="5" offset="76" sl="334" sc="13" el="334" ec="35" bec="0" bev="0" fileid="10" />
                <SequencePoint vc="1460" uspid="538" ordinal="6" offset="85" sl="335" sc="13" el="335" ec="33" bec="0" bev="0" fileid="10" />
                <SequencePoint vc="1460" uspid="539" ordinal="7" offset="107" sl="337" sc="13" el="337" ec="44" bec="0" bev="0" fileid="10" />
                <SequencePoint vc="1460" uspid="540" ordinal="8" offset="124" sl="338" sc="13" el="338" ec="45" bec="0" bev="0" fileid="10" />
                <SequencePoint vc="1460" uspid="541" ordinal="9" offset="145" sl="339" sc="13" el="339" ec="48" bec="0" bev="0" fileid="10" />
                <SequencePoint vc="1460" uspid="542" ordinal="10" offset="166" sl="340" sc="13" el="340" ec="54" bec="0" bev="0" fileid="10" />
                <SequencePoint vc="1460" uspid="543" ordinal="11" offset="187" sl="342" sc="13" el="342" ec="47" bec="0" bev="0" fileid="10" />
                <SequencePoint vc="1460" uspid="544" ordinal="12" offset="214" sl="343" sc="13" el="343" ec="48" bec="0" bev="0" fileid="10" />
                <SequencePoint vc="1460" uspid="545" ordinal="13" offset="243" sl="344" sc="13" el="344" ec="44" bec="0" bev="0" fileid="10" />
                <SequencePoint vc="1460" uspid="546" ordinal="14" offset="262" sl="346" sc="13" el="346" ec="58" bec="0" bev="0" fileid="10" />
                <SequencePoint vc="1460" uspid="547" ordinal="15" offset="300" sl="347" sc="13" el="347" ec="43" bec="0" bev="0" fileid="10" />
                <SequencePoint vc="1460" uspid="548" ordinal="16" offset="321" sl="348" sc="13" el="348" ec="52" bec="0" bev="0" fileid="10" />
                <SequencePoint vc="1460" uspid="549" ordinal="17" offset="354" sl="349" sc="13" el="349" ec="52" bec="0" bev="0" fileid="10" />
                <SequencePoint vc="1460" uspid="550" ordinal="18" offset="387" sl="350" sc="13" el="350" ec="53" bec="0" bev="0" fileid="10" />
                <SequencePoint vc="1460" uspid="551" ordinal="19" offset="410" sl="353" sc="13" el="353" ec="46" bec="0" bev="0" fileid="10" />
                <SequencePoint vc="1460" uspid="552" ordinal="20" offset="425" sl="354" sc="13" el="354" ec="64" bec="0" bev="0" fileid="10" />
                <SequencePoint vc="1460" uspid="553" ordinal="21" offset="457" sl="357" sc="13" el="357" ec="34" bec="0" bev="0" fileid="10" />
                <SequencePoint vc="1460" uspid="554" ordinal="22" offset="467" sl="358" sc="13" el="358" ec="59" bec="0" bev="0" fileid="10" />
                <SequencePoint vc="1460" uspid="555" ordinal="23" offset="497" sl="360" sc="13" el="360" ec="51" bec="0" bev="0" fileid="10" />
                <SequencePoint vc="1460" uspid="556" ordinal="24" offset="510" sl="361" sc="9" el="361" ec="10" bec="0" bev="0" fileid="10" />
              </SequencePoints>
              <BranchPoints />
              <MethodPoint xsi:type="SequencePoint" vc="1460" uspid="532" ordinal="0" offset="0" sl="328" sc="9" el="328" ec="10" bec="0" bev="0" fileid="10" />
            </Method>
            <Method visited="true" cyclomaticComplexity="5" nPathComplexity="16" sequenceCoverage="93.94" branchCoverage="77.78" isConstructor="false" isStatic="true" isGetter="false" isSetter="false">
              <Summary numSequencePoints="33" visitedSequencePoints="31" numBranchPoints="9" visitedBranchPoints="7" sequenceCoverage="93.94" branchCoverage="77.78" maxCyclomaticComplexity="5" minCyclomaticComplexity="5" visitedClasses="0" numClasses="0" visitedMethods="1" numMethods="1" />
              <MetadataToken>100663481</MetadataToken>
              <Name>SportsWeb.Services.Utils.SunRiseAndSunSet SportsWeb.Services.Utils.SunRiseAndSetCalculator::CalculateSunRiseAndSunSet(SportsWeb.Services.Utils.GeoLocationService,System.TimeZoneInfo,System.DateTime)</Name>
              <FileRef uid="10" />
              <SequencePoints>
                <SequencePoint vc="730" uspid="557" ordinal="0" offset="0" sl="364" sc="9" el="364" ec="10" bec="0" bev="0" fileid="10" />
                <SequencePoint vc="730" uspid="558" ordinal="1" offset="1" sl="365" sc="13" el="365" ec="34" bec="2" bev="1" fileid="10" />
                <SequencePoint vc="0" uspid="559" ordinal="2" offset="14" sl="365" sc="35" el="365" ec="85" bec="0" bev="0" fileid="10" />
                <SequencePoint vc="730" uspid="560" ordinal="3" offset="25" sl="366" sc="13" el="366" ec="38" bec="2" bev="1" fileid="10" />
                <SequencePoint vc="0" uspid="561" ordinal="4" offset="35" sl="366" sc="39" el="366" ec="93" bec="0" bev="0" fileid="10" />
                <SequencePoint vc="730" uspid="562" ordinal="5" offset="46" sl="367" sc="13" el="367" ec="48" bec="0" bev="0" fileid="10" />
                <SequencePoint vc="730" uspid="563" ordinal="6" offset="53" sl="369" sc="13" el="369" ec="37" bec="0" bev="0" fileid="10" />
                <SequencePoint vc="730" uspid="564" ordinal="7" offset="60" sl="371" sc="13" el="371" ec="143" bec="0" bev="0" fileid="10" />
                <SequencePoint vc="730" uspid="565" ordinal="8" offset="117" sl="373" sc="13" el="373" ec="63" bec="0" bev="0" fileid="10" />
                <SequencePoint vc="730" uspid="566" ordinal="9" offset="123" sl="376" sc="13" el="376" ec="107" bec="0" bev="0" fileid="10" />
                <SequencePoint vc="730" uspid="567" ordinal="10" offset="171" sl="377" sc="13" el="377" ec="58" bec="0" bev="0" fileid="10" />
                <SequencePoint vc="730" uspid="568" ordinal="11" offset="189" sl="379" sc="13" el="379" ec="41" bec="0" bev="0" fileid="10" />
                <SequencePoint vc="730" uspid="569" ordinal="12" offset="201" sl="381" sc="13" el="381" ec="38" bec="0" bev="0" fileid="10" />
                <SequencePoint vc="730" uspid="570" ordinal="13" offset="215" sl="382" sc="13" el="382" ec="49" bec="0" bev="0" fileid="10" />
                <SequencePoint vc="730" uspid="571" ordinal="14" offset="239" sl="383" sc="13" el="383" ec="83" bec="0" bev="0" fileid="10" />
                <SequencePoint vc="730" uspid="572" ordinal="15" offset="251" sl="386" sc="13" el="386" ec="35" bec="0" bev="0" fileid="10" />
                <SequencePoint vc="730" uspid="573" ordinal="16" offset="258" sl="387" sc="13" el="387" ec="83" bec="0" bev="0" fileid="10" />
                <SequencePoint vc="730" uspid="574" ordinal="17" offset="269" sl="390" sc="13" el="390" ec="28" bec="0" bev="0" fileid="10" />
                <SequencePoint vc="730" uspid="575" ordinal="18" offset="283" sl="391" sc="13" el="391" ec="83" bec="0" bev="0" fileid="10" />
                <SequencePoint vc="730" uspid="576" ordinal="19" offset="294" sl="393" sc="13" el="393" ec="75" bec="2" bev="2" fileid="10" />
                <SequencePoint vc="2" uspid="577" ordinal="20" offset="316" sl="394" sc="17" el="394" ec="60" bec="0" bev="0" fileid="10" />
                <SequencePoint vc="730" uspid="578" ordinal="21" offset="336" sl="396" sc="13" el="400" ec="15" bec="0" bev="0" fileid="10" />
                <SequencePoint vc="730" uspid="579" ordinal="22" offset="382" sl="403" sc="18" el="403" ec="27" bec="0" bev="0" fileid="10" />
                <SequencePoint vc="17520" uspid="580" ordinal="23" offset="390" sl="404" sc="13" el="404" ec="14" bec="0" bev="0" fileid="10" />
                <SequencePoint vc="17520" uspid="581" ordinal="24" offset="391" sl="405" sc="17" el="411" ec="19" bec="0" bev="0" fileid="10" />
                <SequencePoint vc="17520" uspid="582" ordinal="25" offset="501" sl="412" sc="17" el="412" ec="113" bec="0" bev="0" fileid="10" />
                <SequencePoint vc="17520" uspid="583" ordinal="26" offset="523" sl="413" sc="17" el="413" ec="51" bec="0" bev="0" fileid="10" />
                <SequencePoint vc="17520" uspid="584" ordinal="27" offset="538" sl="414" sc="17" el="414" ec="33" bec="0" bev="0" fileid="10" />
                <SequencePoint vc="17520" uspid="585" ordinal="28" offset="544" sl="415" sc="13" el="415" ec="14" bec="0" bev="0" fileid="10" />
                <SequencePoint vc="17520" uspid="586" ordinal="29" offset="545" sl="403" sc="37" el="403" ec="40" bec="0" bev="0" fileid="10" />
                <SequencePoint vc="18250" uspid="587" ordinal="30" offset="551" sl="403" sc="29" el="403" ec="35" bec="2" bev="2" fileid="10" />
                <SequencePoint vc="730" uspid="588" ordinal="31" offset="566" sl="417" sc="13" el="417" ec="41" bec="0" bev="0" fileid="10" />
                <SequencePoint vc="730" uspid="589" ordinal="32" offset="571" sl="418" sc="9" el="418" ec="10" bec="0" bev="0" fileid="10" />
              </SequencePoints>
              <BranchPoints>
                <BranchPoint vc="0" uspid="590" ordinal="0" offset="12" sl="365" path="0" offsetend="14" fileid="10" />
                <BranchPoint vc="730" uspid="591" ordinal="1" offset="12" sl="365" path="1" offsetend="25" fileid="10" />
                <BranchPoint vc="0" uspid="592" ordinal="2" offset="33" sl="366" path="0" offsetend="35" fileid="10" />
                <BranchPoint vc="730" uspid="593" ordinal="3" offset="33" sl="366" path="1" offsetend="46" fileid="10" />
                <BranchPoint vc="2" uspid="594" ordinal="4" offset="314" sl="393" path="0" offsetend="316" fileid="10" />
                <BranchPoint vc="728" uspid="595" ordinal="5" offset="314" sl="393" path="1" offsetend="336" fileid="10" />
                <BranchPoint vc="730" uspid="596" ordinal="6" offset="561" sl="403" path="0" offsetend="566" fileid="10" />
                <BranchPoint vc="17520" uspid="597" ordinal="7" offset="561" sl="403" path="1" offsetend="390" fileid="10" />
              </BranchPoints>
              <MethodPoint xsi:type="SequencePoint" vc="730" uspid="557" ordinal="0" offset="0" sl="364" sc="9" el="364" ec="10" bec="0" bev="0" fileid="10" />
            </Method>
            <Method visited="true" cyclomaticComplexity="14" nPathComplexity="512" sequenceCoverage="94.23" branchCoverage="84.21" isConstructor="false" isStatic="true" isGetter="false" isSetter="false">
              <Summary numSequencePoints="52" visitedSequencePoints="49" numBranchPoints="19" visitedBranchPoints="16" sequenceCoverage="94.23" branchCoverage="84.21" maxCyclomaticComplexity="14" minCyclomaticComplexity="14" visitedClasses="0" numClasses="0" visitedMethods="1" numMethods="1" />
              <MetadataToken>100663482</MetadataToken>
              <Name>System.Double SportsWeb.Services.Utils.SunRiseAndSetCalculator::CalculateHour(SportsWeb.Services.Utils.SunRiseAndSunSet,System.Int32,System.Double,System.Double,System.DateTime,System.Collections.Generic.IList`1&lt;SportsWeb.Services.Utils.SunPositionInSky&gt;,System.Double[])</Name>
              <FileRef uid="10" />
              <SequencePoints>
                <SequencePoint vc="17520" uspid="598" ordinal="0" offset="0" sl="422" sc="9" el="422" ec="10" bec="0" bev="0" fileid="10" />
                <SequencePoint vc="17520" uspid="599" ordinal="1" offset="1" sl="423" sc="13" el="423" ec="38" bec="2" bev="1" fileid="10" />
                <SequencePoint vc="0" uspid="600" ordinal="2" offset="12" sl="423" sc="39" el="423" ec="87" bec="0" bev="0" fileid="10" />
                <SequencePoint vc="17520" uspid="601" ordinal="3" offset="23" sl="424" sc="13" el="424" ec="29" bec="2" bev="1" fileid="10" />
                <SequencePoint vc="0" uspid="602" ordinal="4" offset="34" sl="424" sc="30" el="424" ec="69" bec="0" bev="0" fileid="10" />
                <SequencePoint vc="17520" uspid="603" ordinal="5" offset="45" sl="425" sc="13" el="425" ec="36" bec="0" bev="0" fileid="10" />
                <SequencePoint vc="17520" uspid="604" ordinal="6" offset="52" sl="427" sc="13" el="427" ec="64" bec="0" bev="0" fileid="10" />
                <SequencePoint vc="17520" uspid="605" ordinal="7" offset="83" sl="428" sc="13" el="428" ec="72" bec="0" bev="0" fileid="10" />
                <SequencePoint vc="17520" uspid="606" ordinal="8" offset="124" sl="430" sc="13" el="430" ec="41" bec="0" bev="0" fileid="10" />
                <SequencePoint vc="17520" uspid="607" ordinal="9" offset="144" sl="431" sc="13" el="434" ec="15" bec="0" bev="0" fileid="10" />
                <SequencePoint vc="17520" uspid="608" ordinal="10" offset="207" sl="436" sc="13" el="436" ec="49" bec="0" bev="0" fileid="10" />
                <SequencePoint vc="17520" uspid="609" ordinal="11" offset="224" sl="437" sc="13" el="437" ec="49" bec="0" bev="0" fileid="10" />
                <SequencePoint vc="17520" uspid="610" ordinal="12" offset="241" sl="438" sc="13" el="438" ec="52" bec="0" bev="0" fileid="10" />
                <SequencePoint vc="17520" uspid="611" ordinal="13" offset="256" sl="440" sc="13" el="440" ec="24" bec="2" bev="2" fileid="10" />
                <SequencePoint vc="730" uspid="612" ordinal="14" offset="269" sl="441" sc="17" el="442" ec="90" bec="0" bev="0" fileid="10" />
                <SequencePoint vc="17520" uspid="613" ordinal="15" offset="325" sl="444" sc="13" el="445" ec="24" bec="0" bev="0" fileid="10" />
                <SequencePoint vc="17520" uspid="614" ordinal="16" offset="381" sl="447" sc="13" el="447" ec="46" bec="2" bev="2" fileid="10" />
                <SequencePoint vc="16268" uspid="615" ordinal="17" offset="407" sl="448" sc="17" el="448" ec="31" bec="0" bev="0" fileid="10" />
                <SequencePoint vc="1252" uspid="616" ordinal="18" offset="418" sl="450" sc="13" el="451" ec="24" bec="0" bev="0" fileid="10" />
                <SequencePoint vc="1252" uspid="617" ordinal="19" offset="474" sl="453" sc="13" el="453" ec="58" bec="0" bev="0" fileid="10" />
                <SequencePoint vc="1252" uspid="618" ordinal="20" offset="520" sl="454" sc="13" el="454" ec="55" bec="0" bev="0" fileid="10" />
                <SequencePoint vc="1252" uspid="619" ordinal="21" offset="556" sl="455" sc="13" el="455" ec="44" bec="0" bev="0" fileid="10" />
                <SequencePoint vc="1252" uspid="620" ordinal="22" offset="581" sl="457" sc="13" el="457" ec="23" bec="2" bev="1" fileid="10" />
                <SequencePoint vc="0" uspid="621" ordinal="23" offset="600" sl="458" sc="17" el="458" ec="31" bec="0" bev="0" fileid="10" />
                <SequencePoint vc="1252" uspid="622" ordinal="24" offset="611" sl="460" sc="13" el="460" ec="30" bec="0" bev="0" fileid="10" />
                <SequencePoint vc="1252" uspid="623" ordinal="25" offset="620" sl="461" sc="13" el="461" ec="40" bec="0" bev="0" fileid="10" />
                <SequencePoint vc="1252" uspid="624" ordinal="26" offset="641" sl="463" sc="13" el="463" ec="36" bec="2" bev="2" fileid="10" />
                <SequencePoint vc="626" uspid="625" ordinal="27" offset="676" sl="464" sc="17" el="464" ec="40" bec="0" bev="0" fileid="10" />
                <SequencePoint vc="1252" uspid="626" ordinal="28" offset="697" sl="466" sc="13" el="466" ec="43" bec="0" bev="0" fileid="10" />
                <SequencePoint vc="1252" uspid="627" ordinal="29" offset="714" sl="468" sc="13" el="468" ec="55" bec="0" bev="0" fileid="10" />
                <SequencePoint vc="1252" uspid="628" ordinal="30" offset="734" sl="470" sc="13" el="470" ec="50" bec="0" bev="0" fileid="10" />
                <SequencePoint vc="1252" uspid="629" ordinal="31" offset="750" sl="471" sc="13" el="471" ec="76" bec="0" bev="0" fileid="10" />
                <SequencePoint vc="1252" uspid="630" ordinal="32" offset="779" sl="472" sc="13" el="472" ec="123" bec="0" bev="0" fileid="10" />
                <SequencePoint vc="1252" uspid="631" ordinal="33" offset="830" sl="473" sc="13" el="473" ec="55" bec="0" bev="0" fileid="10" />
                <SequencePoint vc="1252" uspid="632" ordinal="34" offset="851" sl="474" sc="13" el="474" ec="24" bec="2" bev="2" fileid="10" />
                <SequencePoint vc="626" uspid="633" ordinal="35" offset="870" sl="474" sc="25" el="474" ec="39" bec="0" bev="0" fileid="10" />
                <SequencePoint vc="1252" uspid="634" ordinal="36" offset="884" sl="476" sc="13" el="476" ec="95" bec="0" bev="0" fileid="10" />
                <SequencePoint vc="1252" uspid="635" ordinal="37" offset="924" sl="478" sc="13" el="478" ec="46" bec="2" bev="2" fileid="10" />
                <SequencePoint vc="626" uspid="636" ordinal="38" offset="963" sl="479" sc="13" el="479" ec="14" bec="0" bev="0" fileid="10" />
                <SequencePoint vc="626" uspid="637" ordinal="39" offset="964" sl="480" sc="17" el="480" ec="57" bec="0" bev="0" fileid="10" />
                <SequencePoint vc="626" uspid="638" ordinal="40" offset="978" sl="481" sc="17" el="481" ec="56" bec="0" bev="0" fileid="10" />
                <SequencePoint vc="626" uspid="639" ordinal="41" offset="986" sl="482" sc="17" el="482" ec="55" bec="0" bev="0" fileid="10" />
                <SequencePoint vc="626" uspid="640" ordinal="42" offset="995" sl="483" sc="13" el="483" ec="14" bec="0" bev="0" fileid="10" />
                <SequencePoint vc="1252" uspid="641" ordinal="43" offset="996" sl="485" sc="13" el="485" ec="46" bec="2" bev="2" fileid="10" />
                <SequencePoint vc="626" uspid="642" ordinal="44" offset="1035" sl="486" sc="13" el="486" ec="14" bec="0" bev="0" fileid="10" />
                <SequencePoint vc="626" uspid="643" ordinal="45" offset="1036" sl="487" sc="17" el="487" ec="64" bec="0" bev="0" fileid="10" />
                <SequencePoint vc="626" uspid="644" ordinal="46" offset="1048" sl="488" sc="17" el="490" ec="50" bec="0" bev="0" fileid="10" />
                <SequencePoint vc="626" uspid="645" ordinal="47" offset="1092" sl="491" sc="17" el="491" ec="55" bec="0" bev="0" fileid="10" />
                <SequencePoint vc="626" uspid="646" ordinal="48" offset="1100" sl="492" sc="17" el="492" ec="54" bec="0" bev="0" fileid="10" />
                <SequencePoint vc="626" uspid="647" ordinal="49" offset="1109" sl="493" sc="13" el="493" ec="14" bec="0" bev="0" fileid="10" />
                <SequencePoint vc="1252" uspid="648" ordinal="50" offset="1110" sl="495" sc="13" el="495" ec="27" bec="0" bev="0" fileid="10" />
                <SequencePoint vc="17520" uspid="649" ordinal="51" offset="1118" sl="496" sc="9" el="496" ec="10" bec="0" bev="0" fileid="10" />
              </SequencePoints>
              <BranchPoints>
                <BranchPoint vc="0" uspid="650" ordinal="0" offset="10" sl="423" path="0" offsetend="12" fileid="10" />
                <BranchPoint vc="17520" uspid="651" ordinal="1" offset="10" sl="423" path="1" offsetend="23" fileid="10" />
                <BranchPoint vc="0" uspid="652" ordinal="2" offset="32" sl="424" path="0" offsetend="34" fileid="10" />
                <BranchPoint vc="17520" uspid="653" ordinal="3" offset="32" sl="424" path="1" offsetend="45" fileid="10" />
                <BranchPoint vc="730" uspid="654" ordinal="4" offset="267" sl="440" path="0" offsetend="269" fileid="10" />
                <BranchPoint vc="16790" uspid="655" ordinal="5" offset="267" sl="440" path="1" offsetend="325" fileid="10" />
                <BranchPoint vc="16268" uspid="656" ordinal="6" offset="405" sl="447" path="0" offsetend="407" fileid="10" />
                <BranchPoint vc="1252" uspid="657" ordinal="7" offset="405" sl="447" path="1" offsetend="418" fileid="10" />
                <BranchPoint vc="0" uspid="658" ordinal="8" offset="598" sl="457" path="0" offsetend="600" fileid="10" />
                <BranchPoint vc="1252" uspid="659" ordinal="9" offset="598" sl="457" path="1" offsetend="611" fileid="10" />
                <BranchPoint vc="626" uspid="662" ordinal="12" offset="674" sl="463" path="0" offsetend="676" fileid="10" />
                <BranchPoint vc="626" uspid="663" ordinal="13" offset="674" sl="463" path="1" offsetend="697" fileid="10" />
                <BranchPoint vc="626" uspid="664" ordinal="14" offset="868" sl="474" path="0" offsetend="870" fileid="10" />
                <BranchPoint vc="626" uspid="665" ordinal="15" offset="868" sl="474" path="1" offsetend="884" fileid="10" />
                <BranchPoint vc="626" uspid="668" ordinal="18" offset="961" sl="478" path="0" offsetend="963" fileid="10" />
                <BranchPoint vc="626" uspid="669" ordinal="19" offset="961" sl="478" path="1" offsetend="996" fileid="10" />
                <BranchPoint vc="626" uspid="672" ordinal="22" offset="1033" sl="485" path="0" offsetend="1035" fileid="10" />
                <BranchPoint vc="626" uspid="673" ordinal="23" offset="1033" sl="485" path="1" offsetend="1110" fileid="10" />
              </BranchPoints>
              <MethodPoint xsi:type="SequencePoint" vc="17520" uspid="598" ordinal="0" offset="0" sl="422" sc="9" el="422" ec="10" bec="0" bev="0" fileid="10" />
            </Method>
            <Method visited="false" cyclomaticComplexity="1" nPathComplexity="0" sequenceCoverage="0" branchCoverage="0" isConstructor="true" isStatic="false" isGetter="false" isSetter="false">
              <Summary numSequencePoints="0" visitedSequencePoints="0" numBranchPoints="0" visitedBranchPoints="0" sequenceCoverage="0" branchCoverage="0" maxCyclomaticComplexity="1" minCyclomaticComplexity="1" visitedClasses="0" numClasses="0" visitedMethods="0" numMethods="0" />
              <MetadataToken>100663483</MetadataToken>
              <Name>System.Void SportsWeb.Services.Utils.SunRiseAndSetCalculator::.ctor()</Name>
              <SequencePoints />
              <BranchPoints />
              <MethodPoint vc="0" uspid="676" ordinal="0" offset="0" />
            </Method>
            <Method visited="true" cyclomaticComplexity="1" nPathComplexity="0" sequenceCoverage="100" branchCoverage="100" isConstructor="true" isStatic="true" isGetter="false" isSetter="false">
              <Summary numSequencePoints="1" visitedSequencePoints="1" numBranchPoints="1" visitedBranchPoints="1" sequenceCoverage="100" branchCoverage="100" maxCyclomaticComplexity="1" minCyclomaticComplexity="1" visitedClasses="0" numClasses="0" visitedMethods="1" numMethods="1" />
              <MetadataToken>100663484</MetadataToken>
              <Name>System.Void SportsWeb.Services.Utils.SunRiseAndSetCalculator::.cctor()</Name>
              <FileRef uid="10" />
              <SequencePoints>
                <SequencePoint vc="1" uspid="677" ordinal="0" offset="0" sl="260" sc="9" el="260" ec="117" bec="0" bev="0" fileid="10" />
              </SequencePoints>
              <BranchPoints />
              <MethodPoint xsi:type="SequencePoint" vc="1" uspid="677" ordinal="0" offset="0" sl="260" sc="9" el="260" ec="117" bec="0" bev="0" fileid="10" />
            </Method>
          </Methods>
        </Class>
        <Class>
          <Summary numSequencePoints="128" visitedSequencePoints="91" numBranchPoints="34" visitedBranchPoints="23" sequenceCoverage="71.09" branchCoverage="67.65" maxCyclomaticComplexity="4" minCyclomaticComplexity="1" visitedClasses="1" numClasses="1" visitedMethods="15" numMethods="20" />
          <FullName>SportsWeb.Services.Utils.Sunriset</FullName>
          <Methods>
            <Method visited="false" cyclomaticComplexity="1" nPathComplexity="0" sequenceCoverage="0" branchCoverage="0" isConstructor="true" isStatic="false" isGetter="false" isSetter="false">
              <Summary numSequencePoints="3" visitedSequencePoints="0" numBranchPoints="1" visitedBranchPoints="0" sequenceCoverage="0" branchCoverage="0" maxCyclomaticComplexity="1" minCyclomaticComplexity="1" visitedClasses="0" numClasses="0" visitedMethods="0" numMethods="1" />
              <MetadataToken>100663485</MetadataToken>
              <Name>System.Void SportsWeb.Services.Utils.Sunriset::.ctor()</Name>
              <FileRef uid="15" />
              <SequencePoints>
                <SequencePoint vc="0" uspid="678" ordinal="0" offset="0" sl="10" sc="9" el="10" ec="27" bec="0" bev="0" fileid="15" />
                <SequencePoint vc="0" uspid="679" ordinal="1" offset="7" sl="11" sc="9" el="11" ec="10" bec="0" bev="0" fileid="15" />
                <SequencePoint vc="0" uspid="680" ordinal="2" offset="8" sl="13" sc="9" el="13" ec="10" bec="0" bev="0" fileid="15" />
              </SequencePoints>
              <BranchPoints />
              <MethodPoint xsi:type="SequencePoint" vc="0" uspid="678" ordinal="0" offset="0" sl="10" sc="9" el="10" ec="27" bec="0" bev="0" fileid="15" />
            </Method>
            <Method visited="true" cyclomaticComplexity="1" nPathComplexity="0" sequenceCoverage="100" branchCoverage="100" isConstructor="false" isStatic="true" isGetter="false" isSetter="false">
              <Summary numSequencePoints="3" visitedSequencePoints="3" numBranchPoints="1" visitedBranchPoints="1" sequenceCoverage="100" branchCoverage="100" maxCyclomaticComplexity="1" minCyclomaticComplexity="1" visitedClasses="0" numClasses="0" visitedMethods="1" numMethods="1" />
              <MetadataToken>100663486</MetadataToken>
              <Name>System.Void SportsWeb.Services.Utils.Sunriset::SunriseSunset(System.Int32,System.Int32,System.Int32,System.Double,System.Double,System.Double&amp;,System.Double&amp;)</Name>
              <FileRef uid="15" />
              <SequencePoints>
                <SequencePoint vc="1095" uspid="681" ordinal="0" offset="0" sl="31" sc="9" el="31" ec="10" bec="0" bev="0" fileid="15" />
                <SequencePoint vc="1095" uspid="682" ordinal="1" offset="1" sl="32" sc="13" el="32" ec="111" bec="0" bev="0" fileid="15" />
                <SequencePoint vc="1095" uspid="683" ordinal="2" offset="27" sl="33" sc="9" el="33" ec="10" bec="0" bev="0" fileid="15" />
              </SequencePoints>
              <BranchPoints />
              <MethodPoint xsi:type="SequencePoint" vc="1095" uspid="681" ordinal="0" offset="0" sl="31" sc="9" el="31" ec="10" bec="0" bev="0" fileid="15" />
            </Method>
            <Method visited="true" cyclomaticComplexity="1" nPathComplexity="0" sequenceCoverage="100" branchCoverage="100" isConstructor="false" isStatic="true" isGetter="false" isSetter="false">
              <Summary numSequencePoints="3" visitedSequencePoints="3" numBranchPoints="1" visitedBranchPoints="1" sequenceCoverage="100" branchCoverage="100" maxCyclomaticComplexity="1" minCyclomaticComplexity="1" visitedClasses="0" numClasses="0" visitedMethods="1" numMethods="1" />
              <MetadataToken>100663487</MetadataToken>
              <Name>System.Void SportsWeb.Services.Utils.Sunriset::CivilTwilight(System.Int32,System.Int32,System.Int32,System.Double,System.Double,System.Double&amp;,System.Double&amp;)</Name>
              <FileRef uid="15" />
              <SequencePoints>
                <SequencePoint vc="1095" uspid="684" ordinal="0" offset="0" sl="46" sc="9" el="46" ec="10" bec="0" bev="0" fileid="15" />
                <SequencePoint vc="1095" uspid="685" ordinal="1" offset="1" sl="47" sc="13" el="47" ec="112" bec="0" bev="0" fileid="15" />
                <SequencePoint vc="1095" uspid="686" ordinal="2" offset="27" sl="48" sc="9" el="48" ec="10" bec="0" bev="0" fileid="15" />
              </SequencePoints>
              <BranchPoints />
              <MethodPoint xsi:type="SequencePoint" vc="1095" uspid="684" ordinal="0" offset="0" sl="46" sc="9" el="46" ec="10" bec="0" bev="0" fileid="15" />
            </Method>
            <Method visited="true" cyclomaticComplexity="1" nPathComplexity="0" sequenceCoverage="100" branchCoverage="100" isConstructor="false" isStatic="true" isGetter="false" isSetter="false">
              <Summary numSequencePoints="3" visitedSequencePoints="3" numBranchPoints="1" visitedBranchPoints="1" sequenceCoverage="100" branchCoverage="100" maxCyclomaticComplexity="1" minCyclomaticComplexity="1" visitedClasses="0" numClasses="0" visitedMethods="1" numMethods="1" />
              <MetadataToken>100663488</MetadataToken>
              <Name>System.Void SportsWeb.Services.Utils.Sunriset::NauticalTwilight(System.Int32,System.Int32,System.Int32,System.Double,System.Double,System.Double&amp;,System.Double&amp;)</Name>
              <FileRef uid="15" />
              <SequencePoints>
                <SequencePoint vc="1095" uspid="687" ordinal="0" offset="0" sl="61" sc="9" el="61" ec="10" bec="0" bev="0" fileid="15" />
                <SequencePoint vc="1095" uspid="688" ordinal="1" offset="1" sl="62" sc="13" el="62" ec="115" bec="0" bev="0" fileid="15" />
                <SequencePoint vc="1095" uspid="689" ordinal="2" offset="27" sl="63" sc="9" el="63" ec="10" bec="0" bev="0" fileid="15" />
              </SequencePoints>
              <BranchPoints />
              <MethodPoint xsi:type="SequencePoint" vc="1095" uspid="687" ordinal="0" offset="0" sl="61" sc="9" el="61" ec="10" bec="0" bev="0" fileid="15" />
            </Method>
            <Method visited="true" cyclomaticComplexity="1" nPathComplexity="0" sequenceCoverage="100" branchCoverage="100" isConstructor="false" isStatic="true" isGetter="false" isSetter="false">
              <Summary numSequencePoints="3" visitedSequencePoints="3" numBranchPoints="1" visitedBranchPoints="1" sequenceCoverage="100" branchCoverage="100" maxCyclomaticComplexity="1" minCyclomaticComplexity="1" visitedClasses="0" numClasses="0" visitedMethods="1" numMethods="1" />
              <MetadataToken>100663489</MetadataToken>
              <Name>System.Void SportsWeb.Services.Utils.Sunriset::AstronomicalTwilight(System.Int32,System.Int32,System.Int32,System.Double,System.Double,System.Double&amp;,System.Double&amp;)</Name>
              <FileRef uid="15" />
              <SequencePoints>
                <SequencePoint vc="1095" uspid="690" ordinal="0" offset="0" sl="76" sc="9" el="76" ec="10" bec="0" bev="0" fileid="15" />
                <SequencePoint vc="1095" uspid="691" ordinal="1" offset="1" sl="77" sc="13" el="77" ec="119" bec="0" bev="0" fileid="15" />
                <SequencePoint vc="1095" uspid="692" ordinal="2" offset="27" sl="78" sc="9" el="78" ec="10" bec="0" bev="0" fileid="15" />
              </SequencePoints>
              <BranchPoints />
              <MethodPoint xsi:type="SequencePoint" vc="1095" uspid="690" ordinal="0" offset="0" sl="76" sc="9" el="76" ec="10" bec="0" bev="0" fileid="15" />
            </Method>
            <Method visited="true" cyclomaticComplexity="1" nPathComplexity="0" sequenceCoverage="100" branchCoverage="100" isConstructor="false" isStatic="true" isGetter="false" isSetter="false">
              <Summary numSequencePoints="3" visitedSequencePoints="3" numBranchPoints="1" visitedBranchPoints="1" sequenceCoverage="100" branchCoverage="100" maxCyclomaticComplexity="1" minCyclomaticComplexity="1" visitedClasses="0" numClasses="0" visitedMethods="1" numMethods="1" />
              <MetadataToken>100663490</MetadataToken>
              <Name>System.Int64 SportsWeb.Services.Utils.Sunriset::daysSince2000Jan0(System.Int32,System.Int32,System.Int32)</Name>
              <FileRef uid="15" />
              <SequencePoints>
                <SequencePoint vc="4380" uspid="693" ordinal="0" offset="0" sl="103" sc="9" el="103" ec="10" bec="0" bev="0" fileid="15" />
                <SequencePoint vc="4380" uspid="694" ordinal="1" offset="1" sl="104" sc="13" el="104" ec="98" bec="0" bev="0" fileid="15" />
                <SequencePoint vc="4380" uspid="695" ordinal="2" offset="50" sl="105" sc="9" el="105" ec="10" bec="0" bev="0" fileid="15" />
              </SequencePoints>
              <BranchPoints />
              <MethodPoint xsi:type="SequencePoint" vc="4380" uspid="693" ordinal="0" offset="0" sl="103" sc="9" el="103" ec="10" bec="0" bev="0" fileid="15" />
            </Method>
            <Method visited="true" cyclomaticComplexity="1" nPathComplexity="0" sequenceCoverage="100" branchCoverage="100" isConstructor="false" isStatic="true" isGetter="false" isSetter="false">
              <Summary numSequencePoints="3" visitedSequencePoints="3" numBranchPoints="1" visitedBranchPoints="1" sequenceCoverage="100" branchCoverage="100" maxCyclomaticComplexity="1" minCyclomaticComplexity="1" visitedClasses="0" numClasses="0" visitedMethods="1" numMethods="1" />
              <MetadataToken>100663491</MetadataToken>
              <Name>System.Double SportsWeb.Services.Utils.Sunriset::sind(System.Double)</Name>
              <FileRef uid="15" />
              <SequencePoints>
                <SequencePoint vc="30660" uspid="696" ordinal="0" offset="0" sl="113" sc="9" el="113" ec="10" bec="0" bev="0" fileid="15" />
                <SequencePoint vc="30660" uspid="697" ordinal="1" offset="1" sl="114" sc="13" el="114" ec="41" bec="0" bev="0" fileid="15" />
                <SequencePoint vc="30660" uspid="698" ordinal="2" offset="20" sl="115" sc="9" el="115" ec="10" bec="0" bev="0" fileid="15" />
              </SequencePoints>
              <BranchPoints />
              <MethodPoint xsi:type="SequencePoint" vc="30660" uspid="696" ordinal="0" offset="0" sl="113" sc="9" el="113" ec="10" bec="0" bev="0" fileid="15" />
            </Method>
            <Method visited="true" cyclomaticComplexity="1" nPathComplexity="0" sequenceCoverage="100" branchCoverage="100" isConstructor="false" isStatic="true" isGetter="false" isSetter="false">
              <Summary numSequencePoints="3" visitedSequencePoints="3" numBranchPoints="1" visitedBranchPoints="1" sequenceCoverage="100" branchCoverage="100" maxCyclomaticComplexity="1" minCyclomaticComplexity="1" visitedClasses="0" numClasses="0" visitedMethods="1" numMethods="1" />
              <MetadataToken>100663492</MetadataToken>
              <Name>System.Double SportsWeb.Services.Utils.Sunriset::cosd(System.Double)</Name>
              <FileRef uid="15" />
              <SequencePoints>
                <SequencePoint vc="26280" uspid="699" ordinal="0" offset="0" sl="118" sc="9" el="118" ec="10" bec="0" bev="0" fileid="15" />
                <SequencePoint vc="26280" uspid="700" ordinal="1" offset="1" sl="119" sc="13" el="119" ec="41" bec="0" bev="0" fileid="15" />
                <SequencePoint vc="26280" uspid="701" ordinal="2" offset="20" sl="120" sc="9" el="120" ec="10" bec="0" bev="0" fileid="15" />
              </SequencePoints>
              <BranchPoints />
              <MethodPoint xsi:type="SequencePoint" vc="26280" uspid="699" ordinal="0" offset="0" sl="118" sc="9" el="118" ec="10" bec="0" bev="0" fileid="15" />
            </Method>
            <Method visited="false" cyclomaticComplexity="1" nPathComplexity="0" sequenceCoverage="0" branchCoverage="0" isConstructor="false" isStatic="true" isGetter="false" isSetter="false">
              <Summary numSequencePoints="3" visitedSequencePoints="0" numBranchPoints="1" visitedBranchPoints="0" sequenceCoverage="0" branchCoverage="0" maxCyclomaticComplexity="1" minCyclomaticComplexity="1" visitedClasses="0" numClasses="0" visitedMethods="0" numMethods="1" />
              <MetadataToken>100663493</MetadataToken>
              <Name>System.Double SportsWeb.Services.Utils.Sunriset::tand(System.Double)</Name>
              <FileRef uid="15" />
              <SequencePoints>
                <SequencePoint vc="0" uspid="702" ordinal="0" offset="0" sl="123" sc="9" el="123" ec="10" bec="0" bev="0" fileid="15" />
                <SequencePoint vc="0" uspid="703" ordinal="1" offset="1" sl="124" sc="13" el="124" ec="41" bec="0" bev="0" fileid="15" />
                <SequencePoint vc="0" uspid="704" ordinal="2" offset="20" sl="125" sc="9" el="125" ec="10" bec="0" bev="0" fileid="15" />
              </SequencePoints>
              <BranchPoints />
              <MethodPoint xsi:type="SequencePoint" vc="0" uspid="702" ordinal="0" offset="0" sl="123" sc="9" el="123" ec="10" bec="0" bev="0" fileid="15" />
            </Method>
            <Method visited="false" cyclomaticComplexity="1" nPathComplexity="0" sequenceCoverage="0" branchCoverage="0" isConstructor="false" isStatic="true" isGetter="false" isSetter="false">
              <Summary numSequencePoints="3" visitedSequencePoints="0" numBranchPoints="1" visitedBranchPoints="0" sequenceCoverage="0" branchCoverage="0" maxCyclomaticComplexity="1" minCyclomaticComplexity="1" visitedClasses="0" numClasses="0" visitedMethods="0" numMethods="1" />
              <MetadataToken>100663494</MetadataToken>
              <Name>System.Double SportsWeb.Services.Utils.Sunriset::atand(System.Double)</Name>
              <FileRef uid="15" />
              <SequencePoints>
                <SequencePoint vc="0" uspid="705" ordinal="0" offset="0" sl="128" sc="9" el="128" ec="10" bec="0" bev="0" fileid="15" />
                <SequencePoint vc="0" uspid="706" ordinal="1" offset="1" sl="129" sc="13" el="129" ec="42" bec="0" bev="0" fileid="15" />
                <SequencePoint vc="0" uspid="707" ordinal="2" offset="20" sl="130" sc="9" el="130" ec="10" bec="0" bev="0" fileid="15" />
              </SequencePoints>
              <BranchPoints />
              <MethodPoint xsi:type="SequencePoint" vc="0" uspid="705" ordinal="0" offset="0" sl="128" sc="9" el="128" ec="10" bec="0" bev="0" fileid="15" />
            </Method>
            <Method visited="false" cyclomaticComplexity="1" nPathComplexity="0" sequenceCoverage="0" branchCoverage="0" isConstructor="false" isStatic="true" isGetter="false" isSetter="false">
              <Summary numSequencePoints="3" visitedSequencePoints="0" numBranchPoints="1" visitedBranchPoints="0" sequenceCoverage="0" branchCoverage="0" maxCyclomaticComplexity="1" minCyclomaticComplexity="1" visitedClasses="0" numClasses="0" visitedMethods="0" numMethods="1" />
              <MetadataToken>100663495</MetadataToken>
              <Name>System.Double SportsWeb.Services.Utils.Sunriset::asind(System.Double)</Name>
              <FileRef uid="15" />
              <SequencePoints>
                <SequencePoint vc="0" uspid="708" ordinal="0" offset="0" sl="133" sc="9" el="133" ec="10" bec="0" bev="0" fileid="15" />
                <SequencePoint vc="0" uspid="709" ordinal="1" offset="1" sl="134" sc="13" el="134" ec="42" bec="0" bev="0" fileid="15" />
                <SequencePoint vc="0" uspid="710" ordinal="2" offset="20" sl="135" sc="9" el="135" ec="10" bec="0" bev="0" fileid="15" />
              </SequencePoints>
              <BranchPoints />
              <MethodPoint xsi:type="SequencePoint" vc="0" uspid="708" ordinal="0" offset="0" sl="133" sc="9" el="133" ec="10" bec="0" bev="0" fileid="15" />
            </Method>
            <Method visited="true" cyclomaticComplexity="1" nPathComplexity="0" sequenceCoverage="100" branchCoverage="100" isConstructor="false" isStatic="true" isGetter="false" isSetter="false">
              <Summary numSequencePoints="3" visitedSequencePoints="3" numBranchPoints="1" visitedBranchPoints="1" sequenceCoverage="100" branchCoverage="100" maxCyclomaticComplexity="1" minCyclomaticComplexity="1" visitedClasses="0" numClasses="0" visitedMethods="1" numMethods="1" />
              <MetadataToken>100663496</MetadataToken>
              <Name>System.Double SportsWeb.Services.Utils.Sunriset::acosd(System.Double)</Name>
              <FileRef uid="15" />
              <SequencePoints>
                <SequencePoint vc="3865" uspid="711" ordinal="0" offset="0" sl="138" sc="9" el="138" ec="10" bec="0" bev="0" fileid="15" />
                <SequencePoint vc="3865" uspid="712" ordinal="1" offset="1" sl="139" sc="13" el="139" ec="42" bec="0" bev="0" fileid="15" />
                <SequencePoint vc="3865" uspid="713" ordinal="2" offset="20" sl="140" sc="9" el="140" ec="10" bec="0" bev="0" fileid="15" />
              </SequencePoints>
              <BranchPoints />
              <MethodPoint xsi:type="SequencePoint" vc="3865" uspid="711" ordinal="0" offset="0" sl="138" sc="9" el="138" ec="10" bec="0" bev="0" fileid="15" />
            </Method>
            <Method visited="true" cyclomaticComplexity="1" nPathComplexity="0" sequenceCoverage="100" branchCoverage="100" isConstructor="false" isStatic="true" isGetter="false" isSetter="false">
              <Summary numSequencePoints="3" visitedSequencePoints="3" numBranchPoints="1" visitedBranchPoints="1" sequenceCoverage="100" branchCoverage="100" maxCyclomaticComplexity="1" minCyclomaticComplexity="1" visitedClasses="0" numClasses="0" visitedMethods="1" numMethods="1" />
              <MetadataToken>100663497</MetadataToken>
              <Name>System.Double SportsWeb.Services.Utils.Sunriset::atan2d(System.Double,System.Double)</Name>
              <FileRef uid="15" />
              <SequencePoints>
                <SequencePoint vc="13140" uspid="714" ordinal="0" offset="0" sl="143" sc="9" el="143" ec="10" bec="0" bev="0" fileid="15" />
                <SequencePoint vc="13140" uspid="715" ordinal="1" offset="1" sl="144" sc="13" el="144" ec="46" bec="0" bev="0" fileid="15" />
                <SequencePoint vc="13140" uspid="716" ordinal="2" offset="21" sl="145" sc="9" el="145" ec="10" bec="0" bev="0" fileid="15" />
              </SequencePoints>
              <BranchPoints />
              <MethodPoint xsi:type="SequencePoint" vc="13140" uspid="714" ordinal="0" offset="0" sl="143" sc="9" el="143" ec="10" bec="0" bev="0" fileid="15" />
            </Method>
            <Method visited="true" cyclomaticComplexity="4" nPathComplexity="8" sequenceCoverage="100" branchCoverage="100" isConstructor="false" isStatic="true" isGetter="false" isSetter="false">
              <Summary numSequencePoints="29" visitedSequencePoints="29" numBranchPoints="7" visitedBranchPoints="7" sequenceCoverage="100" branchCoverage="100" maxCyclomaticComplexity="4" minCyclomaticComplexity="4" visitedClasses="0" numClasses="0" visitedMethods="1" numMethods="1" />
              <MetadataToken>100663498</MetadataToken>
              <Name>System.Int32 SportsWeb.Services.Utils.Sunriset::SunriseSunset(System.Int32,System.Int32,System.Int32,System.Double,System.Double,System.Double,System.Boolean,System.Double&amp;,System.Double&amp;)</Name>
              <FileRef uid="15" />
              <SequencePoints>
                <SequencePoint vc="4380" uspid="717" ordinal="0" offset="0" sl="184" sc="9" el="184" ec="10" bec="0" bev="0" fileid="15" />
                <SequencePoint vc="4380" uspid="718" ordinal="1" offset="1" sl="194" sc="13" el="194" ec="24" bec="0" bev="0" fileid="15" />
                <SequencePoint vc="4380" uspid="719" ordinal="2" offset="4" sl="197" sc="13" el="197" ec="73" bec="0" bev="0" fileid="15" />
                <SequencePoint vc="4380" uspid="720" ordinal="3" offset="36" sl="200" sc="13" el="200" ec="58" bec="0" bev="0" fileid="15" />
                <SequencePoint vc="4380" uspid="721" ordinal="4" offset="61" sl="203" sc="13" el="203" ec="54" bec="0" bev="0" fileid="15" />
                <SequencePoint vc="4380" uspid="722" ordinal="5" offset="74" sl="206" sc="13" el="206" ec="58" bec="0" bev="0" fileid="15" />
                <SequencePoint vc="4380" uspid="723" ordinal="6" offset="105" sl="209" sc="13" el="209" ec="35" bec="0" bev="0" fileid="15" />
                <SequencePoint vc="4380" uspid="724" ordinal="7" offset="118" sl="212" sc="13" el="212" ec="28" bec="2" bev="2" fileid="15" />
                <SequencePoint vc="1095" uspid="725" ordinal="8" offset="126" sl="213" sc="17" el="213" ec="34" bec="0" bev="0" fileid="15" />
                <SequencePoint vc="4380" uspid="726" ordinal="9" offset="133" sl="217" sc="13" el="217" ec="14" bec="0" bev="0" fileid="15" />
                <SequencePoint vc="4380" uspid="727" ordinal="10" offset="134" sl="219" sc="17" el="220" ec="42" bec="0" bev="0" fileid="15" />
                <SequencePoint vc="4380" uspid="728" ordinal="11" offset="173" sl="221" sc="17" el="221" ec="33" bec="2" bev="2" fileid="15" />
                <SequencePoint vc="40" uspid="729" ordinal="12" offset="195" sl="222" sc="17" el="222" ec="18" bec="0" bev="0" fileid="15" />
                <SequencePoint vc="40" uspid="730" ordinal="13" offset="196" sl="223" sc="21" el="223" ec="29" bec="0" bev="0" fileid="15" />
                <SequencePoint vc="40" uspid="731" ordinal="14" offset="199" sl="224" sc="21" el="224" ec="29" bec="0" bev="0" fileid="15" />
                <SequencePoint vc="40" uspid="732" ordinal="15" offset="210" sl="225" sc="17" el="225" ec="18" bec="0" bev="0" fileid="15" />
                <SequencePoint vc="4340" uspid="733" ordinal="16" offset="213" sl="226" sc="22" el="226" ec="39" bec="2" bev="2" fileid="15" />
                <SequencePoint vc="475" uspid="734" ordinal="17" offset="235" sl="227" sc="17" el="227" ec="18" bec="0" bev="0" fileid="15" />
                <SequencePoint vc="475" uspid="735" ordinal="18" offset="236" sl="228" sc="21" el="228" ec="29" bec="0" bev="0" fileid="15" />
                <SequencePoint vc="475" uspid="736" ordinal="19" offset="239" sl="229" sc="21" el="229" ec="30" bec="0" bev="0" fileid="15" />
                <SequencePoint vc="475" uspid="737" ordinal="20" offset="250" sl="230" sc="17" el="230" ec="18" bec="0" bev="0" fileid="15" />
                <SequencePoint vc="3865" uspid="738" ordinal="21" offset="253" sl="232" sc="17" el="232" ec="18" bec="0" bev="0" fileid="15" />
                <SequencePoint vc="3865" uspid="739" ordinal="22" offset="254" sl="233" sc="21" el="233" ec="44" bec="0" bev="0" fileid="15" />
                <SequencePoint vc="3865" uspid="740" ordinal="23" offset="273" sl="234" sc="17" el="234" ec="18" bec="0" bev="0" fileid="15" />
                <SequencePoint vc="4380" uspid="741" ordinal="24" offset="274" sl="235" sc="13" el="235" ec="14" bec="0" bev="0" fileid="15" />
                <SequencePoint vc="4380" uspid="742" ordinal="25" offset="275" sl="238" sc="13" el="238" ec="32" bec="0" bev="0" fileid="15" />
                <SequencePoint vc="4380" uspid="743" ordinal="26" offset="283" sl="239" sc="13" el="239" ec="31" bec="0" bev="0" fileid="15" />
                <SequencePoint vc="4380" uspid="744" ordinal="27" offset="291" sl="241" sc="13" el="241" ec="23" bec="0" bev="0" fileid="15" />
                <SequencePoint vc="4380" uspid="745" ordinal="28" offset="297" sl="242" sc="9" el="242" ec="10" bec="0" bev="0" fileid="15" />
              </SequencePoints>
              <BranchPoints>
                <BranchPoint vc="1095" uspid="746" ordinal="0" offset="124" sl="212" path="0" offsetend="126" fileid="15" />
                <BranchPoint vc="3285" uspid="747" ordinal="1" offset="124" sl="212" path="1" offsetend="133" fileid="15" />
                <BranchPoint vc="40" uspid="748" ordinal="2" offset="193" sl="221" path="0" offsetend="195" fileid="15" />
                <BranchPoint vc="4340" uspid="749" ordinal="3" offset="193" sl="221" path="1" offsetend="213" fileid="15" />
                <BranchPoint vc="475" uspid="750" ordinal="4" offset="233" sl="226" path="0" offsetend="235" fileid="15" />
                <BranchPoint vc="3865" uspid="751" ordinal="5" offset="233" sl="226" path="1" offsetend="253" fileid="15" />
              </BranchPoints>
              <MethodPoint xsi:type="SequencePoint" vc="4380" uspid="717" ordinal="0" offset="0" sl="184" sc="9" el="184" ec="10" bec="0" bev="0" fileid="15" />
            </Method>
            <Method visited="false" cyclomaticComplexity="4" nPathComplexity="8" sequenceCoverage="0" branchCoverage="0" isConstructor="false" isStatic="true" isGetter="false" isSetter="false">
              <Summary numSequencePoints="25" visitedSequencePoints="0" numBranchPoints="7" visitedBranchPoints="0" sequenceCoverage="0" branchCoverage="0" maxCyclomaticComplexity="4" minCyclomaticComplexity="4" visitedClasses="0" numClasses="0" visitedMethods="0" numMethods="1" />
              <MetadataToken>100663499</MetadataToken>
              <Name>System.Double SportsWeb.Services.Utils.Sunriset::DayLen(System.Int32,System.Int32,System.Int32,System.Double,System.Double,System.Double,System.Boolean)</Name>
              <FileRef uid="15" />
              <SequencePoints>
                <SequencePoint vc="0" uspid="752" ordinal="0" offset="0" sl="270" sc="9" el="270" ec="10" bec="0" bev="0" fileid="15" />
                <SequencePoint vc="0" uspid="753" ordinal="1" offset="1" sl="281" sc="13" el="281" ec="73" bec="0" bev="0" fileid="15" />
                <SequencePoint vc="0" uspid="754" ordinal="2" offset="33" sl="284" sc="13" el="284" ec="46" bec="0" bev="0" fileid="15" />
                <SequencePoint vc="0" uspid="755" ordinal="3" offset="55" sl="287" sc="13" el="287" ec="41" bec="0" bev="0" fileid="15" />
                <SequencePoint vc="0" uspid="756" ordinal="4" offset="66" sl="290" sc="13" el="290" ec="52" bec="0" bev="0" fileid="15" />
                <SequencePoint vc="0" uspid="757" ordinal="5" offset="81" sl="291" sc="13" el="291" ec="64" bec="0" bev="0" fileid="15" />
                <SequencePoint vc="0" uspid="758" ordinal="6" offset="103" sl="294" sc="13" el="294" ec="35" bec="0" bev="0" fileid="15" />
                <SequencePoint vc="0" uspid="759" ordinal="7" offset="116" sl="297" sc="13" el="297" ec="28" bec="2" bev="0" fileid="15" />
                <SequencePoint vc="0" uspid="760" ordinal="8" offset="124" sl="298" sc="13" el="298" ec="14" bec="0" bev="0" fileid="15" />
                <SequencePoint vc="0" uspid="761" ordinal="9" offset="125" sl="299" sc="17" el="299" ec="34" bec="0" bev="0" fileid="15" />
                <SequencePoint vc="0" uspid="762" ordinal="10" offset="132" sl="300" sc="13" el="300" ec="14" bec="0" bev="0" fileid="15" />
                <SequencePoint vc="0" uspid="763" ordinal="11" offset="133" sl="304" sc="13" el="304" ec="91" bec="0" bev="0" fileid="15" />
                <SequencePoint vc="0" uspid="764" ordinal="12" offset="164" sl="307" sc="13" el="307" ec="29" bec="2" bev="0" fileid="15" />
                <SequencePoint vc="0" uspid="765" ordinal="13" offset="186" sl="308" sc="13" el="308" ec="14" bec="0" bev="0" fileid="15" />
                <SequencePoint vc="0" uspid="766" ordinal="14" offset="187" sl="309" sc="17" el="309" ec="25" bec="0" bev="0" fileid="15" />
                <SequencePoint vc="0" uspid="767" ordinal="15" offset="198" sl="310" sc="13" el="310" ec="14" bec="0" bev="0" fileid="15" />
                <SequencePoint vc="0" uspid="768" ordinal="16" offset="201" sl="312" sc="18" el="312" ec="35" bec="2" bev="0" fileid="15" />
                <SequencePoint vc="0" uspid="769" ordinal="17" offset="223" sl="313" sc="13" el="313" ec="14" bec="0" bev="0" fileid="15" />
                <SequencePoint vc="0" uspid="770" ordinal="18" offset="224" sl="314" sc="17" el="314" ec="26" bec="0" bev="0" fileid="15" />
                <SequencePoint vc="0" uspid="771" ordinal="19" offset="235" sl="315" sc="13" el="315" ec="14" bec="0" bev="0" fileid="15" />
                <SequencePoint vc="0" uspid="772" ordinal="20" offset="238" sl="318" sc="13" el="318" ec="14" bec="0" bev="0" fileid="15" />
                <SequencePoint vc="0" uspid="773" ordinal="21" offset="239" sl="319" sc="17" el="319" ec="48" bec="0" bev="0" fileid="15" />
                <SequencePoint vc="0" uspid="774" ordinal="22" offset="258" sl="320" sc="13" el="320" ec="14" bec="0" bev="0" fileid="15" />
                <SequencePoint vc="0" uspid="775" ordinal="23" offset="259" sl="322" sc="13" el="322" ec="22" bec="0" bev="0" fileid="15" />
                <SequencePoint vc="0" uspid="776" ordinal="24" offset="265" sl="323" sc="9" el="323" ec="10" bec="0" bev="0" fileid="15" />
              </SequencePoints>
              <BranchPoints>
                <BranchPoint vc="0" uspid="777" ordinal="0" offset="122" sl="297" path="0" offsetend="124" fileid="15" />
                <BranchPoint vc="0" uspid="778" ordinal="1" offset="122" sl="297" path="1" offsetend="133" fileid="15" />
                <BranchPoint vc="0" uspid="779" ordinal="2" offset="184" sl="307" path="0" offsetend="186" fileid="15" />
                <BranchPoint vc="0" uspid="780" ordinal="3" offset="184" sl="307" path="1" offsetend="201" fileid="15" />
                <BranchPoint vc="0" uspid="781" ordinal="4" offset="221" sl="312" path="0" offsetend="223" fileid="15" />
                <BranchPoint vc="0" uspid="782" ordinal="5" offset="221" sl="312" path="1" offsetend="238" fileid="15" />
              </BranchPoints>
              <MethodPoint xsi:type="SequencePoint" vc="0" uspid="752" ordinal="0" offset="0" sl="270" sc="9" el="270" ec="10" bec="0" bev="0" fileid="15" />
            </Method>
            <Method visited="true" cyclomaticComplexity="2" nPathComplexity="2" sequenceCoverage="100" branchCoverage="100" isConstructor="false" isStatic="true" isGetter="false" isSetter="false">
              <Summary numSequencePoints="15" visitedSequencePoints="15" numBranchPoints="3" visitedBranchPoints="3" sequenceCoverage="100" branchCoverage="100" maxCyclomaticComplexity="2" minCyclomaticComplexity="2" visitedClasses="0" numClasses="0" visitedMethods="1" numMethods="1" />
              <MetadataToken>100663500</MetadataToken>
              <Name>System.Void SportsWeb.Services.Utils.Sunriset::sunpos(System.Double,System.Double&amp;,System.Double&amp;)</Name>
              <FileRef uid="15" />
              <SequencePoints>
                <SequencePoint vc="4380" uspid="783" ordinal="0" offset="0" sl="335" sc="9" el="335" ec="10" bec="0" bev="0" fileid="15" />
                <SequencePoint vc="4380" uspid="784" ordinal="1" offset="1" sl="345" sc="13" el="345" ec="57" bec="0" bev="0" fileid="15" />
                <SequencePoint vc="4380" uspid="785" ordinal="2" offset="28" sl="346" sc="13" el="346" ec="43" bec="0" bev="0" fileid="15" />
                <SequencePoint vc="4380" uspid="786" ordinal="3" offset="50" sl="347" sc="13" el="347" ec="41" bec="0" bev="0" fileid="15" />
                <SequencePoint vc="4380" uspid="787" ordinal="4" offset="72" sl="350" sc="13" el="350" ec="64" bec="0" bev="0" fileid="15" />
                <SequencePoint vc="4380" uspid="788" ordinal="5" offset="112" sl="351" sc="13" el="351" ec="29" bec="0" bev="0" fileid="15" />
                <SequencePoint vc="4380" uspid="789" ordinal="6" offset="122" sl="352" sc="13" el="352" ec="50" bec="0" bev="0" fileid="15" />
                <SequencePoint vc="4380" uspid="790" ordinal="7" offset="149" sl="353" sc="13" el="353" ec="42" bec="0" bev="0" fileid="15" />
                <SequencePoint vc="4380" uspid="791" ordinal="8" offset="167" sl="354" sc="13" el="354" ec="30" bec="0" bev="0" fileid="15" />
                <SequencePoint vc="4380" uspid="792" ordinal="9" offset="178" sl="355" sc="13" el="355" ec="25" bec="0" bev="0" fileid="15" />
                <SequencePoint vc="4380" uspid="793" ordinal="10" offset="184" sl="356" sc="13" el="356" ec="30" bec="2" bev="2" fileid="15" />
                <SequencePoint vc="1284" uspid="794" ordinal="11" offset="206" sl="357" sc="13" el="357" ec="14" bec="0" bev="0" fileid="15" />
                <SequencePoint vc="1284" uspid="795" ordinal="12" offset="207" sl="358" sc="17" el="358" ec="30" bec="0" bev="0" fileid="15" />
                <SequencePoint vc="1284" uspid="796" ordinal="13" offset="221" sl="359" sc="13" el="359" ec="14" bec="0" bev="0" fileid="15" />
                <SequencePoint vc="4380" uspid="797" ordinal="14" offset="222" sl="360" sc="9" el="360" ec="10" bec="0" bev="0" fileid="15" />
              </SequencePoints>
              <BranchPoints>
                <BranchPoint vc="1284" uspid="798" ordinal="0" offset="204" sl="356" path="0" offsetend="206" fileid="15" />
                <BranchPoint vc="3096" uspid="799" ordinal="1" offset="204" sl="356" path="1" offsetend="222" fileid="15" />
              </BranchPoints>
              <MethodPoint xsi:type="SequencePoint" vc="4380" uspid="783" ordinal="0" offset="0" sl="335" sc="9" el="335" ec="10" bec="0" bev="0" fileid="15" />
            </Method>
            <Method visited="true" cyclomaticComplexity="1" nPathComplexity="0" sequenceCoverage="100" branchCoverage="100" isConstructor="false" isStatic="true" isGetter="false" isSetter="false">
              <Summary numSequencePoints="10" visitedSequencePoints="10" numBranchPoints="1" visitedBranchPoints="1" sequenceCoverage="100" branchCoverage="100" maxCyclomaticComplexity="1" minCyclomaticComplexity="1" visitedClasses="0" numClasses="0" visitedMethods="1" numMethods="1" />
              <MetadataToken>100663501</MetadataToken>
              <Name>System.Void SportsWeb.Services.Utils.Sunriset::sun_RA_dec(System.Double,System.Double&amp;,System.Double&amp;,System.Double&amp;)</Name>
              <FileRef uid="15" />
              <SequencePoints>
                <SequencePoint vc="4380" uspid="800" ordinal="0" offset="0" sl="372" sc="9" el="372" ec="10" bec="0" bev="0" fileid="15" />
                <SequencePoint vc="4380" uspid="801" ordinal="1" offset="1" sl="376" sc="13" el="376" ec="39" bec="0" bev="0" fileid="15" />
                <SequencePoint vc="4380" uspid="802" ordinal="2" offset="11" sl="379" sc="13" el="379" ec="31" bec="0" bev="0" fileid="15" />
                <SequencePoint vc="4380" uspid="803" ordinal="3" offset="21" sl="380" sc="13" el="380" ec="31" bec="0" bev="0" fileid="15" />
                <SequencePoint vc="4380" uspid="804" ordinal="4" offset="31" sl="383" sc="13" el="383" ec="46" bec="0" bev="0" fileid="15" />
                <SequencePoint vc="4380" uspid="805" ordinal="5" offset="53" sl="386" sc="13" el="386" ec="35" bec="0" bev="0" fileid="15" />
                <SequencePoint vc="4380" uspid="806" ordinal="6" offset="63" sl="387" sc="13" el="387" ec="35" bec="0" bev="0" fileid="15" />
                <SequencePoint vc="4380" uspid="807" ordinal="7" offset="72" sl="390" sc="13" el="390" ec="31" bec="0" bev="0" fileid="15" />
                <SequencePoint vc="4380" uspid="808" ordinal="8" offset="81" sl="391" sc="13" el="391" ec="55" bec="0" bev="0" fileid="15" />
                <SequencePoint vc="4380" uspid="809" ordinal="9" offset="102" sl="392" sc="9" el="392" ec="10" bec="0" bev="0" fileid="15" />
              </SequencePoints>
              <BranchPoints />
              <MethodPoint xsi:type="SequencePoint" vc="4380" uspid="800" ordinal="0" offset="0" sl="372" sc="9" el="372" ec="10" bec="0" bev="0" fileid="15" />
            </Method>
            <Method visited="true" cyclomaticComplexity="1" nPathComplexity="0" sequenceCoverage="100" branchCoverage="100" isConstructor="false" isStatic="true" isGetter="false" isSetter="false">
              <Summary numSequencePoints="3" visitedSequencePoints="3" numBranchPoints="1" visitedBranchPoints="1" sequenceCoverage="100" branchCoverage="100" maxCyclomaticComplexity="1" minCyclomaticComplexity="1" visitedClasses="0" numClasses="0" visitedMethods="1" numMethods="1" />
              <MetadataToken>100663502</MetadataToken>
              <Name>System.Double SportsWeb.Services.Utils.Sunriset::revolution(System.Double)</Name>
              <FileRef uid="15" />
              <SequencePoints>
                <SequencePoint vc="13140" uspid="810" ordinal="0" offset="0" sl="404" sc="9" el="404" ec="10" bec="0" bev="0" fileid="15" />
                <SequencePoint vc="13140" uspid="811" ordinal="1" offset="1" sl="405" sc="13" el="405" ec="57" bec="0" bev="0" fileid="15" />
                <SequencePoint vc="13140" uspid="812" ordinal="2" offset="32" sl="406" sc="9" el="406" ec="10" bec="0" bev="0" fileid="15" />
              </SequencePoints>
              <BranchPoints />
              <MethodPoint xsi:type="SequencePoint" vc="13140" uspid="810" ordinal="0" offset="0" sl="404" sc="9" el="404" ec="10" bec="0" bev="0" fileid="15" />
            </Method>
            <Method visited="true" cyclomaticComplexity="1" nPathComplexity="0" sequenceCoverage="100" branchCoverage="100" isConstructor="false" isStatic="true" isGetter="false" isSetter="false">
              <Summary numSequencePoints="3" visitedSequencePoints="3" numBranchPoints="1" visitedBranchPoints="1" sequenceCoverage="100" branchCoverage="100" maxCyclomaticComplexity="1" minCyclomaticComplexity="1" visitedClasses="0" numClasses="0" visitedMethods="1" numMethods="1" />
              <MetadataToken>100663503</MetadataToken>
              <Name>System.Double SportsWeb.Services.Utils.Sunriset::rev180(System.Double)</Name>
              <FileRef uid="15" />
              <SequencePoints>
                <SequencePoint vc="4380" uspid="813" ordinal="0" offset="0" sl="414" sc="9" el="414" ec="10" bec="0" bev="0" fileid="15" />
                <SequencePoint vc="4380" uspid="814" ordinal="1" offset="1" sl="415" sc="13" el="415" ec="63" bec="0" bev="0" fileid="15" />
                <SequencePoint vc="4380" uspid="815" ordinal="2" offset="42" sl="416" sc="9" el="416" ec="10" bec="0" bev="0" fileid="15" />
              </SequencePoints>
              <BranchPoints />
              <MethodPoint xsi:type="SequencePoint" vc="4380" uspid="813" ordinal="0" offset="0" sl="414" sc="9" el="414" ec="10" bec="0" bev="0" fileid="15" />
            </Method>
            <Method visited="true" cyclomaticComplexity="1" nPathComplexity="0" sequenceCoverage="100" branchCoverage="100" isConstructor="false" isStatic="true" isGetter="false" isSetter="false">
              <Summary numSequencePoints="4" visitedSequencePoints="4" numBranchPoints="1" visitedBranchPoints="1" sequenceCoverage="100" branchCoverage="100" maxCyclomaticComplexity="1" minCyclomaticComplexity="1" visitedClasses="0" numClasses="0" visitedMethods="1" numMethods="1" />
              <MetadataToken>100663504</MetadataToken>
              <Name>System.Double SportsWeb.Services.Utils.Sunriset::GMST0(System.Double)</Name>
              <FileRef uid="15" />
              <SequencePoints>
                <SequencePoint vc="4380" uspid="816" ordinal="0" offset="0" sl="442" sc="9" el="442" ec="10" bec="0" bev="0" fileid="15" />
                <SequencePoint vc="4380" uspid="817" ordinal="1" offset="1" sl="449" sc="13" el="449" ec="99" bec="0" bev="0" fileid="15" />
                <SequencePoint vc="4380" uspid="818" ordinal="2" offset="28" sl="450" sc="13" el="450" ec="28" bec="0" bev="0" fileid="15" />
                <SequencePoint vc="4380" uspid="819" ordinal="3" offset="32" sl="451" sc="9" el="451" ec="10" bec="0" bev="0" fileid="15" />
              </SequencePoints>
              <BranchPoints />
              <MethodPoint xsi:type="SequencePoint" vc="4380" uspid="816" ordinal="0" offset="0" sl="442" sc="9" el="442" ec="10" bec="0" bev="0" fileid="15" />
            </Method>
          </Methods>
        </Class>
        <Class>
          <Summary numSequencePoints="13" visitedSequencePoints="7" numBranchPoints="5" visitedBranchPoints="1" sequenceCoverage="53.85" branchCoverage="20" maxCyclomaticComplexity="3" minCyclomaticComplexity="1" visitedClasses="1" numClasses="1" visitedMethods="1" numMethods="3" />
          <FullName>SportsWeb.Services.Utils.EnumerableExtensions</FullName>
          <Methods>
            <Method visited="true" cyclomaticComplexity="3" nPathComplexity="0" sequenceCoverage="100" branchCoverage="100" isConstructor="false" isStatic="true" isGetter="false" isSetter="false">
              <Summary numSequencePoints="7" visitedSequencePoints="7" numBranchPoints="1" visitedBranchPoints="1" sequenceCoverage="100" branchCoverage="100" maxCyclomaticComplexity="3" minCyclomaticComplexity="3" visitedClasses="0" numClasses="0" visitedMethods="1" numMethods="1" />
              <MetadataToken>100663505</MetadataToken>
              <Name>System.Void SportsWeb.Services.Utils.EnumerableExtensions::Foreach(System.Collections.Generic.IEnumerable`1&lt;TItem&gt;,System.Action`1&lt;TItem&gt;)</Name>
              <FileRef uid="16" />
              <SequencePoints>
                <SequencePoint vc="14" uspid="820" ordinal="0" offset="0" sl="10" sc="9" el="10" ec="10" bec="0" bev="0" fileid="16" />
                <SequencePoint vc="14" uspid="821" ordinal="1" offset="1" sl="11" sc="13" el="11" ec="20" bec="0" bev="0" fileid="16" />
                <SequencePoint vc="14" uspid="822" ordinal="2" offset="2" sl="11" sc="35" el="11" ec="45" bec="0" bev="0" fileid="16" />
                <SequencePoint vc="76" uspid="823" ordinal="3" offset="11" sl="11" sc="22" el="11" ec="31" bec="0" bev="0" fileid="16" />
                <SequencePoint vc="76" uspid="824" ordinal="4" offset="18" sl="12" sc="17" el="12" ec="29" bec="0" bev="0" fileid="16" />
                <SequencePoint vc="90" uspid="825" ordinal="5" offset="26" sl="11" sc="32" el="11" ec="34" bec="0" bev="0" fileid="16" />
                <SequencePoint vc="14" uspid="826" ordinal="6" offset="47" sl="13" sc="9" el="13" ec="10" bec="0" bev="0" fileid="16" />
              </SequencePoints>
              <BranchPoints />
              <MethodPoint xsi:type="SequencePoint" vc="14" uspid="820" ordinal="0" offset="0" sl="10" sc="9" el="10" ec="10" bec="0" bev="0" fileid="16" />
            </Method>
            <Method visited="false" cyclomaticComplexity="1" nPathComplexity="0" sequenceCoverage="0" branchCoverage="0" isConstructor="false" isStatic="true" isGetter="false" isSetter="false">
              <Summary numSequencePoints="3" visitedSequencePoints="0" numBranchPoints="1" visitedBranchPoints="0" sequenceCoverage="0" branchCoverage="0" maxCyclomaticComplexity="1" minCyclomaticComplexity="1" visitedClasses="0" numClasses="0" visitedMethods="0" numMethods="1" />
              <MetadataToken>100663506</MetadataToken>
              <Name>T SportsWeb.Services.Utils.EnumerableExtensions::ToEnum(System.String)</Name>
              <FileRef uid="16" />
              <SequencePoints>
                <SequencePoint vc="0" uspid="829" ordinal="0" offset="0" sl="16" sc="9" el="16" ec="10" bec="0" bev="0" fileid="16" />
                <SequencePoint vc="0" uspid="830" ordinal="1" offset="1" sl="17" sc="13" el="17" ec="53" bec="0" bev="0" fileid="16" />
                <SequencePoint vc="0" uspid="831" ordinal="2" offset="25" sl="18" sc="9" el="18" ec="10" bec="0" bev="0" fileid="16" />
              </SequencePoints>
              <BranchPoints />
              <MethodPoint xsi:type="SequencePoint" vc="0" uspid="829" ordinal="0" offset="0" sl="16" sc="9" el="16" ec="10" bec="0" bev="0" fileid="16" />
            </Method>
            <Method visited="false" cyclomaticComplexity="2" nPathComplexity="2" sequenceCoverage="0" branchCoverage="0" isConstructor="false" isStatic="true" isGetter="false" isSetter="false">
              <Summary numSequencePoints="3" visitedSequencePoints="0" numBranchPoints="3" visitedBranchPoints="0" sequenceCoverage="0" branchCoverage="0" maxCyclomaticComplexity="2" minCyclomaticComplexity="2" visitedClasses="0" numClasses="0" visitedMethods="0" numMethods="1" />
              <MetadataToken>100663507</MetadataToken>
              <Name>System.Collections.Generic.IEnumerable`1&lt;T&gt; SportsWeb.Services.Utils.EnumerableExtensions::Safe(System.Collections.Generic.IEnumerable`1&lt;T&gt;)</Name>
              <FileRef uid="16" />
              <SequencePoints>
                <SequencePoint vc="0" uspid="832" ordinal="0" offset="0" sl="21" sc="9" el="21" ec="10" bec="0" bev="0" fileid="16" />
                <SequencePoint vc="0" uspid="833" ordinal="1" offset="1" sl="22" sc="13" el="22" ec="56" bec="2" bev="0" fileid="16" />
                <SequencePoint vc="0" uspid="834" ordinal="2" offset="14" sl="23" sc="9" el="23" ec="10" bec="0" bev="0" fileid="16" />
              </SequencePoints>
              <BranchPoints>
                <BranchPoint vc="0" uspid="835" ordinal="0" offset="3" sl="22" path="0" offsetend="5" fileid="16" />
                <BranchPoint vc="0" uspid="836" ordinal="1" offset="3" sl="22" path="1" offsetend="11" fileid="16" />
              </BranchPoints>
              <MethodPoint xsi:type="SequencePoint" vc="0" uspid="832" ordinal="0" offset="0" sl="21" sc="9" el="21" ec="10" bec="0" bev="0" fileid="16" />
            </Method>
          </Methods>
        </Class>
        <Class>
          <Summary numSequencePoints="7" visitedSequencePoints="0" numBranchPoints="2" visitedBranchPoints="0" sequenceCoverage="0" branchCoverage="0" maxCyclomaticComplexity="1" minCyclomaticComplexity="1" visitedClasses="0" numClasses="1" visitedMethods="0" numMethods="2" />
          <FullName>SportsWeb.Services.Utils.CustomHttpClient</FullName>
          <Methods>
            <Method visited="false" cyclomaticComplexity="1" nPathComplexity="0" sequenceCoverage="0" branchCoverage="0" isConstructor="true" isStatic="false" isGetter="false" isSetter="false">
              <Summary numSequencePoints="4" visitedSequencePoints="0" numBranchPoints="1" visitedBranchPoints="0" sequenceCoverage="0" branchCoverage="0" maxCyclomaticComplexity="1" minCyclomaticComplexity="1" visitedClasses="0" numClasses="0" visitedMethods="0" numMethods="1" />
              <MetadataToken>100663509</MetadataToken>
              <Name>System.Void SportsWeb.Services.Utils.CustomHttpClient::.ctor()</Name>
              <FileRef uid="17" />
              <SequencePoints>
                <SequencePoint vc="0" uspid="837" ordinal="0" offset="0" sl="14" sc="9" el="14" ec="34" bec="0" bev="0" fileid="17" />
                <SequencePoint vc="0" uspid="838" ordinal="1" offset="7" sl="15" sc="9" el="15" ec="10" bec="0" bev="0" fileid="17" />
                <SequencePoint vc="0" uspid="839" ordinal="2" offset="8" sl="16" sc="13" el="16" ec="39" bec="0" bev="0" fileid="17" />
                <SequencePoint vc="0" uspid="840" ordinal="3" offset="19" sl="17" sc="9" el="17" ec="10" bec="0" bev="0" fileid="17" />
              </SequencePoints>
              <BranchPoints />
              <MethodPoint xsi:type="SequencePoint" vc="0" uspid="837" ordinal="0" offset="0" sl="14" sc="9" el="14" ec="34" bec="0" bev="0" fileid="17" />
            </Method>
            <Method visited="false" cyclomaticComplexity="1" nPathComplexity="0" sequenceCoverage="0" branchCoverage="0" isConstructor="false" isStatic="false" isGetter="false" isSetter="false">
              <Summary numSequencePoints="3" visitedSequencePoints="0" numBranchPoints="1" visitedBranchPoints="0" sequenceCoverage="0" branchCoverage="0" maxCyclomaticComplexity="1" minCyclomaticComplexity="1" visitedClasses="0" numClasses="0" visitedMethods="0" numMethods="1" />
              <MetadataToken>100663510</MetadataToken>
              <Name>System.Threading.Tasks.Task`1&lt;System.Net.Http.HttpResponseMessage&gt; SportsWeb.Services.Utils.CustomHttpClient::SendAsync(System.Net.Http.HttpRequestMessage)</Name>
              <FileRef uid="17" />
              <SequencePoints>
                <SequencePoint vc="0" uspid="841" ordinal="0" offset="0" sl="19" sc="9" el="19" ec="10" bec="0" bev="0" fileid="17" />
                <SequencePoint vc="0" uspid="842" ordinal="1" offset="1" sl="20" sc="13" el="20" ec="46" bec="0" bev="0" fileid="17" />
                <SequencePoint vc="0" uspid="843" ordinal="2" offset="16" sl="21" sc="9" el="21" ec="10" bec="0" bev="0" fileid="17" />
              </SequencePoints>
              <BranchPoints />
              <MethodPoint xsi:type="SequencePoint" vc="0" uspid="841" ordinal="0" offset="0" sl="19" sc="9" el="19" ec="10" bec="0" bev="0" fileid="17" />
            </Method>
          </Methods>
        </Class>
        <Class>
          <Summary numSequencePoints="0" visitedSequencePoints="0" numBranchPoints="0" visitedBranchPoints="0" sequenceCoverage="0" branchCoverage="0" maxCyclomaticComplexity="0" minCyclomaticComplexity="0" visitedClasses="0" numClasses="0" visitedMethods="0" numMethods="0" />
          <FullName>SportsWeb.Services.Utils.APIStatusConstants</FullName>
          <Methods />
        </Class>
        <Class>
          <Summary numSequencePoints="33" visitedSequencePoints="27" numBranchPoints="14" visitedBranchPoints="10" sequenceCoverage="81.82" branchCoverage="71.43" maxCyclomaticComplexity="2" minCyclomaticComplexity="2" visitedClasses="1" numClasses="1" visitedMethods="7" numMethods="8" />
          <FullName>SportsWeb.Services.Utils.AssemblyInfo</FullName>
          <Methods>
            <Method visited="true" cyclomaticComplexity="2" nPathComplexity="0" sequenceCoverage="100" branchCoverage="100" isConstructor="false" isStatic="false" isGetter="true" isSetter="false">
              <Summary numSequencePoints="3" visitedSequencePoints="3" numBranchPoints="1" visitedBranchPoints="1" sequenceCoverage="100" branchCoverage="100" maxCyclomaticComplexity="2" minCyclomaticComplexity="2" visitedClasses="0" numClasses="0" visitedMethods="1" numMethods="1" />
              <MetadataToken>100663512</MetadataToken>
              <Name>System.String SportsWeb.Services.Utils.AssemblyInfo::get_ProductTitle()</Name>
              <FileRef uid="18" />
              <SequencePoints>
                <SequencePoint vc="1" uspid="844" ordinal="0" offset="0" sl="24" sc="13" el="24" ec="14" bec="0" bev="0" fileid="18" />
                <SequencePoint vc="1" uspid="845" ordinal="1" offset="1" sl="25" sc="17" el="26" ec="74" bec="0" bev="0" fileid="18" />
                <SequencePoint vc="1" uspid="846" ordinal="2" offset="57" sl="27" sc="13" el="27" ec="14" bec="0" bev="0" fileid="18" />
              </SequencePoints>
              <BranchPoints />
              <MethodPoint xsi:type="SequencePoint" vc="1" uspid="844" ordinal="0" offset="0" sl="24" sc="13" el="24" ec="14" bec="0" bev="0" fileid="18" />
            </Method>
            <Method visited="true" cyclomaticComplexity="2" nPathComplexity="2" sequenceCoverage="83.33" branchCoverage="66.67" isConstructor="false" isStatic="false" isGetter="true" isSetter="false">
              <Summary numSequencePoints="6" visitedSequencePoints="5" numBranchPoints="3" visitedBranchPoints="2" sequenceCoverage="83.33" branchCoverage="66.67" maxCyclomaticComplexity="2" minCyclomaticComplexity="2" visitedClasses="0" numClasses="0" visitedMethods="1" numMethods="1" />
              <MetadataToken>100663513</MetadataToken>
              <Name>System.String SportsWeb.Services.Utils.AssemblyInfo::get_Version()</Name>
              <FileRef uid="18" />
              <SequencePoints>
                <SequencePoint vc="1" uspid="849" ordinal="0" offset="0" sl="36" sc="13" el="36" ec="14" bec="0" bev="0" fileid="18" />
                <SequencePoint vc="1" uspid="850" ordinal="1" offset="1" sl="37" sc="17" el="37" ec="62" bec="0" bev="0" fileid="18" />
                <SequencePoint vc="1" uspid="851" ordinal="2" offset="18" sl="38" sc="17" el="38" ec="37" bec="2" bev="1" fileid="18" />
                <SequencePoint vc="1" uspid="852" ordinal="3" offset="29" sl="39" sc="21" el="39" ec="47" bec="0" bev="0" fileid="18" />
                <SequencePoint vc="0" uspid="853" ordinal="4" offset="38" sl="41" sc="21" el="41" ec="38" bec="0" bev="0" fileid="18" />
                <SequencePoint vc="1" uspid="854" ordinal="5" offset="46" sl="42" sc="13" el="42" ec="14" bec="0" bev="0" fileid="18" />
              </SequencePoints>
              <BranchPoints>
                <BranchPoint vc="1" uspid="855" ordinal="0" offset="27" sl="38" path="0" offsetend="29" fileid="18" />
                <BranchPoint vc="0" uspid="856" ordinal="1" offset="27" sl="38" path="1" offsetend="38" fileid="18" />
              </BranchPoints>
              <MethodPoint xsi:type="SequencePoint" vc="1" uspid="849" ordinal="0" offset="0" sl="36" sc="13" el="36" ec="14" bec="0" bev="0" fileid="18" />
            </Method>
            <Method visited="false" cyclomaticComplexity="2" nPathComplexity="0" sequenceCoverage="0" branchCoverage="0" isConstructor="false" isStatic="false" isGetter="true" isSetter="false">
              <Summary numSequencePoints="3" visitedSequencePoints="0" numBranchPoints="1" visitedBranchPoints="0" sequenceCoverage="0" branchCoverage="0" maxCyclomaticComplexity="2" minCyclomaticComplexity="2" visitedClasses="0" numClasses="0" visitedMethods="0" numMethods="1" />
              <MetadataToken>100663514</MetadataToken>
              <Name>System.String SportsWeb.Services.Utils.AssemblyInfo::get_Description()</Name>
              <FileRef uid="18" />
              <SequencePoints>
                <SequencePoint vc="0" uspid="857" ordinal="0" offset="0" sl="50" sc="17" el="50" ec="18" bec="0" bev="0" fileid="18" />
                <SequencePoint vc="0" uspid="858" ordinal="1" offset="1" sl="50" sc="19" el="50" ec="94" bec="0" bev="0" fileid="18" />
                <SequencePoint vc="0" uspid="859" ordinal="2" offset="42" sl="50" sc="95" el="50" ec="96" bec="0" bev="0" fileid="18" />
              </SequencePoints>
              <BranchPoints />
              <MethodPoint xsi:type="SequencePoint" vc="0" uspid="857" ordinal="0" offset="0" sl="50" sc="17" el="50" ec="18" bec="0" bev="0" fileid="18" />
            </Method>
            <Method visited="true" cyclomaticComplexity="2" nPathComplexity="0" sequenceCoverage="100" branchCoverage="100" isConstructor="false" isStatic="false" isGetter="true" isSetter="false">
              <Summary numSequencePoints="3" visitedSequencePoints="3" numBranchPoints="1" visitedBranchPoints="1" sequenceCoverage="100" branchCoverage="100" maxCyclomaticComplexity="2" minCyclomaticComplexity="2" visitedClasses="0" numClasses="0" visitedMethods="1" numMethods="1" />
              <MetadataToken>100663515</MetadataToken>
              <Name>System.String SportsWeb.Services.Utils.AssemblyInfo::get_Product()</Name>
              <FileRef uid="18" />
              <SequencePoints>
                <SequencePoint vc="1" uspid="862" ordinal="0" offset="0" sl="59" sc="17" el="59" ec="18" bec="0" bev="0" fileid="18" />
                <SequencePoint vc="1" uspid="863" ordinal="1" offset="1" sl="59" sc="19" el="59" ec="86" bec="0" bev="0" fileid="18" />
                <SequencePoint vc="1" uspid="864" ordinal="2" offset="42" sl="59" sc="87" el="59" ec="88" bec="0" bev="0" fileid="18" />
              </SequencePoints>
              <BranchPoints />
              <MethodPoint xsi:type="SequencePoint" vc="1" uspid="862" ordinal="0" offset="0" sl="59" sc="17" el="59" ec="18" bec="0" bev="0" fileid="18" />
            </Method>
            <Method visited="true" cyclomaticComplexity="2" nPathComplexity="0" sequenceCoverage="100" branchCoverage="100" isConstructor="false" isStatic="false" isGetter="true" isSetter="false">
              <Summary numSequencePoints="3" visitedSequencePoints="3" numBranchPoints="1" visitedBranchPoints="1" sequenceCoverage="100" branchCoverage="100" maxCyclomaticComplexity="2" minCyclomaticComplexity="2" visitedClasses="0" numClasses="0" visitedMethods="1" numMethods="1" />
              <MetadataToken>100663516</MetadataToken>
              <Name>System.String SportsWeb.Services.Utils.AssemblyInfo::get_Copyright()</Name>
              <FileRef uid="18" />
              <SequencePoints>
                <SequencePoint vc="1" uspid="867" ordinal="0" offset="0" sl="67" sc="17" el="67" ec="18" bec="0" bev="0" fileid="18" />
                <SequencePoint vc="1" uspid="868" ordinal="1" offset="1" sl="67" sc="19" el="67" ec="90" bec="0" bev="0" fileid="18" />
                <SequencePoint vc="1" uspid="869" ordinal="2" offset="42" sl="67" sc="91" el="67" ec="92" bec="0" bev="0" fileid="18" />
              </SequencePoints>
              <BranchPoints />
              <MethodPoint xsi:type="SequencePoint" vc="1" uspid="867" ordinal="0" offset="0" sl="67" sc="17" el="67" ec="18" bec="0" bev="0" fileid="18" />
            </Method>
            <Method visited="true" cyclomaticComplexity="2" nPathComplexity="0" sequenceCoverage="100" branchCoverage="100" isConstructor="false" isStatic="false" isGetter="true" isSetter="false">
              <Summary numSequencePoints="3" visitedSequencePoints="3" numBranchPoints="1" visitedBranchPoints="1" sequenceCoverage="100" branchCoverage="100" maxCyclomaticComplexity="2" minCyclomaticComplexity="2" visitedClasses="0" numClasses="0" visitedMethods="1" numMethods="1" />
              <MetadataToken>100663517</MetadataToken>
              <Name>System.String SportsWeb.Services.Utils.AssemblyInfo::get_Company()</Name>
              <FileRef uid="18" />
              <SequencePoints>
                <SequencePoint vc="1" uspid="872" ordinal="0" offset="0" sl="75" sc="17" el="75" ec="18" bec="0" bev="0" fileid="18" />
                <SequencePoint vc="1" uspid="873" ordinal="1" offset="1" sl="75" sc="19" el="75" ec="86" bec="0" bev="0" fileid="18" />
                <SequencePoint vc="1" uspid="874" ordinal="2" offset="42" sl="75" sc="87" el="75" ec="88" bec="0" bev="0" fileid="18" />
              </SequencePoints>
              <BranchPoints />
              <MethodPoint xsi:type="SequencePoint" vc="1" uspid="872" ordinal="0" offset="0" sl="75" sc="17" el="75" ec="18" bec="0" bev="0" fileid="18" />
            </Method>
            <Method visited="true" cyclomaticComplexity="2" nPathComplexity="2" sequenceCoverage="83.33" branchCoverage="66.67" isConstructor="true" isStatic="false" isGetter="false" isSetter="false">
              <Summary numSequencePoints="6" visitedSequencePoints="5" numBranchPoints="3" visitedBranchPoints="2" sequenceCoverage="83.33" branchCoverage="66.67" maxCyclomaticComplexity="2" minCyclomaticComplexity="2" visitedClasses="0" numClasses="0" visitedMethods="1" numMethods="1" />
              <MetadataToken>100663511</MetadataToken>
              <Name>System.Void SportsWeb.Services.Utils.AssemblyInfo::.ctor(System.Reflection.Assembly)</Name>
              <FileRef uid="18" />
              <SequencePoints>
                <SequencePoint vc="1" uspid="877" ordinal="0" offset="0" sl="9" sc="9" el="9" ec="47" bec="0" bev="0" fileid="18" />
                <SequencePoint vc="1" uspid="878" ordinal="1" offset="7" sl="10" sc="9" el="10" ec="10" bec="0" bev="0" fileid="18" />
                <SequencePoint vc="1" uspid="879" ordinal="2" offset="8" sl="11" sc="13" el="11" ec="34" bec="2" bev="1" fileid="18" />
                <SequencePoint vc="0" uspid="880" ordinal="3" offset="19" sl="12" sc="17" el="12" ec="67" bec="0" bev="0" fileid="18" />
                <SequencePoint vc="1" uspid="881" ordinal="4" offset="30" sl="13" sc="13" el="13" ec="38" bec="0" bev="0" fileid="18" />
                <SequencePoint vc="1" uspid="882" ordinal="5" offset="37" sl="14" sc="9" el="14" ec="10" bec="0" bev="0" fileid="18" />
              </SequencePoints>
              <BranchPoints>
                <BranchPoint vc="0" uspid="883" ordinal="0" offset="17" sl="11" path="0" offsetend="19" fileid="18" />
                <BranchPoint vc="1" uspid="884" ordinal="1" offset="17" sl="11" path="1" offsetend="30" fileid="18" />
              </BranchPoints>
              <MethodPoint xsi:type="SequencePoint" vc="1" uspid="877" ordinal="0" offset="0" sl="9" sc="9" el="9" ec="47" bec="0" bev="0" fileid="18" />
            </Method>
            <Method visited="true" cyclomaticComplexity="2" nPathComplexity="2" sequenceCoverage="83.33" branchCoverage="66.67" isConstructor="false" isStatic="false" isGetter="false" isSetter="false">
              <Summary numSequencePoints="6" visitedSequencePoints="5" numBranchPoints="3" visitedBranchPoints="2" sequenceCoverage="83.33" branchCoverage="66.67" maxCyclomaticComplexity="2" minCyclomaticComplexity="2" visitedClasses="0" numClasses="0" visitedMethods="1" numMethods="1" />
              <MetadataToken>100663518</MetadataToken>
              <Name>System.String SportsWeb.Services.Utils.AssemblyInfo::GetAttributeValue(System.Func`2&lt;TAttr,System.String&gt;,System.String)</Name>
              <FileRef uid="18" />
              <SequencePoints>
                <SequencePoint vc="4" uspid="885" ordinal="0" offset="0" sl="80" sc="9" el="80" ec="10" bec="0" bev="0" fileid="18" />
                <SequencePoint vc="4" uspid="886" ordinal="1" offset="1" sl="81" sc="13" el="81" ec="86" bec="0" bev="0" fileid="18" />
                <SequencePoint vc="4" uspid="887" ordinal="2" offset="24" sl="82" sc="13" el="82" ec="39" bec="2" bev="1" fileid="18" />
                <SequencePoint vc="4" uspid="888" ordinal="3" offset="33" sl="83" sc="17" el="83" ec="58" bec="0" bev="0" fileid="18" />
                <SequencePoint vc="0" uspid="889" ordinal="4" offset="50" sl="85" sc="17" el="85" ec="38" bec="0" bev="0" fileid="18" />
                <SequencePoint vc="4" uspid="890" ordinal="5" offset="54" sl="86" sc="9" el="86" ec="10" bec="0" bev="0" fileid="18" />
              </SequencePoints>
              <BranchPoints>
                <BranchPoint vc="4" uspid="891" ordinal="0" offset="31" sl="82" path="0" offsetend="33" fileid="18" />
                <BranchPoint vc="0" uspid="892" ordinal="1" offset="31" sl="82" path="1" offsetend="50" fileid="18" />
              </BranchPoints>
              <MethodPoint xsi:type="SequencePoint" vc="4" uspid="885" ordinal="0" offset="0" sl="80" sc="9" el="80" ec="10" bec="0" bev="0" fileid="18" />
            </Method>
          </Methods>
        </Class>
        <Class>
          <Summary numSequencePoints="5" visitedSequencePoints="4" numBranchPoints="5" visitedBranchPoints="4" sequenceCoverage="80" branchCoverage="80" maxCyclomaticComplexity="1" minCyclomaticComplexity="1" visitedClasses="1" numClasses="1" visitedMethods="4" numMethods="5" />
          <FullName>SportsWeb.Services.Utils.AssemblyInfo/&lt;&gt;c</FullName>
          <Methods>
            <Method visited="true" cyclomaticComplexity="1" nPathComplexity="0" sequenceCoverage="0" branchCoverage="0" isConstructor="true" isStatic="true" isGetter="false" isSetter="false">
              <Summary numSequencePoints="0" visitedSequencePoints="0" numBranchPoints="0" visitedBranchPoints="0" sequenceCoverage="0" branchCoverage="0" maxCyclomaticComplexity="1" minCyclomaticComplexity="1" visitedClasses="0" numClasses="0" visitedMethods="0" numMethods="0" />
              <MetadataToken>100666805</MetadataToken>
              <Name>System.Void SportsWeb.Services.Utils.AssemblyInfo/&lt;&gt;c::.cctor()</Name>
              <SequencePoints />
              <BranchPoints />
              <MethodPoint vc="1" uspid="893" ordinal="0" offset="0" />
            </Method>
            <Method visited="true" cyclomaticComplexity="1" nPathComplexity="0" sequenceCoverage="0" branchCoverage="0" isConstructor="true" isStatic="false" isGetter="false" isSetter="false">
              <Summary numSequencePoints="0" visitedSequencePoints="0" numBranchPoints="0" visitedBranchPoints="0" sequenceCoverage="0" branchCoverage="0" maxCyclomaticComplexity="1" minCyclomaticComplexity="1" visitedClasses="0" numClasses="0" visitedMethods="0" numMethods="0" />
              <MetadataToken>100666806</MetadataToken>
              <Name>System.Void SportsWeb.Services.Utils.AssemblyInfo/&lt;&gt;c::.ctor()</Name>
              <SequencePoints />
              <BranchPoints />
              <MethodPoint vc="1" uspid="894" ordinal="0" offset="0" />
            </Method>
            <Method visited="true" cyclomaticComplexity="1" nPathComplexity="0" sequenceCoverage="100" branchCoverage="100" isConstructor="false" isStatic="false" isGetter="false" isSetter="false">
              <Summary numSequencePoints="1" visitedSequencePoints="1" numBranchPoints="1" visitedBranchPoints="1" sequenceCoverage="100" branchCoverage="100" maxCyclomaticComplexity="1" minCyclomaticComplexity="1" visitedClasses="0" numClasses="0" visitedMethods="1" numMethods="1" />
              <MetadataToken>100666807</MetadataToken>
              <Name>System.String SportsWeb.Services.Utils.AssemblyInfo/&lt;&gt;c::&lt;get_ProductTitle&gt;b__3_0(System.Reflection.AssemblyTitleAttribute)</Name>
              <FileRef uid="18" />
              <SequencePoints>
                <SequencePoint vc="1" uspid="895" ordinal="0" offset="0" sl="25" sc="71" el="25" ec="78" bec="0" bev="0" fileid="18" />
              </SequencePoints>
              <BranchPoints />
              <MethodPoint xsi:type="SequencePoint" vc="1" uspid="895" ordinal="0" offset="0" sl="25" sc="71" el="25" ec="78" bec="0" bev="0" fileid="18" />
            </Method>
            <Method visited="false" cyclomaticComplexity="1" nPathComplexity="0" sequenceCoverage="0" branchCoverage="0" isConstructor="false" isStatic="false" isGetter="false" isSetter="false">
              <Summary numSequencePoints="1" visitedSequencePoints="0" numBranchPoints="1" visitedBranchPoints="0" sequenceCoverage="0" branchCoverage="0" maxCyclomaticComplexity="1" minCyclomaticComplexity="1" visitedClasses="0" numClasses="0" visitedMethods="0" numMethods="1" />
              <MetadataToken>100666808</MetadataToken>
              <Name>System.String SportsWeb.Services.Utils.AssemblyInfo/&lt;&gt;c::&lt;get_Description&gt;b__7_0(System.Reflection.AssemblyDescriptionAttribute)</Name>
              <FileRef uid="18" />
              <SequencePoints>
                <SequencePoint vc="0" uspid="896" ordinal="0" offset="0" sl="50" sc="79" el="50" ec="92" bec="0" bev="0" fileid="18" />
              </SequencePoints>
              <BranchPoints />
              <MethodPoint xsi:type="SequencePoint" vc="0" uspid="896" ordinal="0" offset="0" sl="50" sc="79" el="50" ec="92" bec="0" bev="0" fileid="18" />
            </Method>
            <Method visited="true" cyclomaticComplexity="1" nPathComplexity="0" sequenceCoverage="100" branchCoverage="100" isConstructor="false" isStatic="false" isGetter="false" isSetter="false">
              <Summary numSequencePoints="1" visitedSequencePoints="1" numBranchPoints="1" visitedBranchPoints="1" sequenceCoverage="100" branchCoverage="100" maxCyclomaticComplexity="1" minCyclomaticComplexity="1" visitedClasses="0" numClasses="0" visitedMethods="1" numMethods="1" />
              <MetadataToken>100666809</MetadataToken>
              <Name>System.String SportsWeb.Services.Utils.AssemblyInfo/&lt;&gt;c::&lt;get_Product&gt;b__9_0(System.Reflection.AssemblyProductAttribute)</Name>
              <FileRef uid="18" />
              <SequencePoints>
                <SequencePoint vc="1" uspid="897" ordinal="0" offset="0" sl="59" sc="75" el="59" ec="84" bec="0" bev="0" fileid="18" />
              </SequencePoints>
              <BranchPoints />
              <MethodPoint xsi:type="SequencePoint" vc="1" uspid="897" ordinal="0" offset="0" sl="59" sc="75" el="59" ec="84" bec="0" bev="0" fileid="18" />
            </Method>
            <Method visited="true" cyclomaticComplexity="1" nPathComplexity="0" sequenceCoverage="100" branchCoverage="100" isConstructor="false" isStatic="false" isGetter="false" isSetter="false">
              <Summary numSequencePoints="1" visitedSequencePoints="1" numBranchPoints="1" visitedBranchPoints="1" sequenceCoverage="100" branchCoverage="100" maxCyclomaticComplexity="1" minCyclomaticComplexity="1" visitedClasses="0" numClasses="0" visitedMethods="1" numMethods="1" />
              <MetadataToken>100666810</MetadataToken>
              <Name>System.String SportsWeb.Services.Utils.AssemblyInfo/&lt;&gt;c::&lt;get_Copyright&gt;b__11_0(System.Reflection.AssemblyCopyrightAttribute)</Name>
              <FileRef uid="18" />
              <SequencePoints>
                <SequencePoint vc="1" uspid="898" ordinal="0" offset="0" sl="67" sc="77" el="67" ec="88" bec="0" bev="0" fileid="18" />
              </SequencePoints>
              <BranchPoints />
              <MethodPoint xsi:type="SequencePoint" vc="1" uspid="898" ordinal="0" offset="0" sl="67" sc="77" el="67" ec="88" bec="0" bev="0" fileid="18" />
            </Method>
            <Method visited="true" cyclomaticComplexity="1" nPathComplexity="0" sequenceCoverage="100" branchCoverage="100" isConstructor="false" isStatic="false" isGetter="false" isSetter="false">
              <Summary numSequencePoints="1" visitedSequencePoints="1" numBranchPoints="1" visitedBranchPoints="1" sequenceCoverage="100" branchCoverage="100" maxCyclomaticComplexity="1" minCyclomaticComplexity="1" visitedClasses="0" numClasses="0" visitedMethods="1" numMethods="1" />
              <MetadataToken>100666811</MetadataToken>
              <Name>System.String SportsWeb.Services.Utils.AssemblyInfo/&lt;&gt;c::&lt;get_Company&gt;b__13_0(System.Reflection.AssemblyCompanyAttribute)</Name>
              <FileRef uid="18" />
              <SequencePoints>
                <SequencePoint vc="1" uspid="899" ordinal="0" offset="0" sl="75" sc="75" el="75" ec="84" bec="0" bev="0" fileid="18" />
              </SequencePoints>
              <BranchPoints />
              <MethodPoint xsi:type="SequencePoint" vc="1" uspid="899" ordinal="0" offset="0" sl="75" sc="75" el="75" ec="84" bec="0" bev="0" fileid="18" />
            </Method>
          </Methods>
        </Class>
        <Class>
          <Summary numSequencePoints="96" visitedSequencePoints="29" numBranchPoints="30" visitedBranchPoints="8" sequenceCoverage="30.21" branchCoverage="26.67" maxCyclomaticComplexity="5" minCyclomaticComplexity="1" visitedClasses="1" numClasses="1" visitedMethods="5" numMethods="10" />
          <FullName>SportsWeb.Services.Utils.CommonMethods</FullName>
          <Methods>
            <Method visited="true" cyclomaticComplexity="1" nPathComplexity="0" sequenceCoverage="100" branchCoverage="100" isConstructor="false" isStatic="false" isGetter="false" isSetter="false">
              <Summary numSequencePoints="9" visitedSequencePoints="9" numBranchPoints="1" visitedBranchPoints="1" sequenceCoverage="100" branchCoverage="100" maxCyclomaticComplexity="1" minCyclomaticComplexity="1" visitedClasses="0" numClasses="0" visitedMethods="1" numMethods="1" />
              <MetadataToken>100663519</MetadataToken>
              <Name>System.String SportsWeb.Services.Utils.CommonMethods::GetFilePath(System.String)</Name>
              <FileRef uid="20" />
              <SequencePoints>
                <SequencePoint vc="37" uspid="900" ordinal="0" offset="0" sl="22" sc="9" el="22" ec="10" bec="0" bev="0" fileid="20" />
                <SequencePoint vc="37" uspid="901" ordinal="1" offset="1" sl="23" sc="13" el="23" ec="106" bec="0" bev="0" fileid="20" />
                <SequencePoint vc="37" uspid="902" ordinal="2" offset="23" sl="24" sc="13" el="24" ec="72" bec="0" bev="0" fileid="20" />
                <SequencePoint vc="37" uspid="903" ordinal="3" offset="34" sl="25" sc="13" el="25" ec="55" bec="0" bev="0" fileid="20" />
                <SequencePoint vc="37" uspid="904" ordinal="4" offset="41" sl="26" sc="13" el="26" ec="60" bec="0" bev="0" fileid="20" />
                <SequencePoint vc="37" uspid="905" ordinal="5" offset="53" sl="27" sc="13" el="27" ec="64" bec="0" bev="0" fileid="20" />
                <SequencePoint vc="37" uspid="906" ordinal="6" offset="60" sl="28" sc="13" el="28" ec="78" bec="0" bev="0" fileid="20" />
                <SequencePoint vc="37" uspid="907" ordinal="7" offset="76" sl="29" sc="13" el="29" ec="58" bec="0" bev="0" fileid="20" />
                <SequencePoint vc="37" uspid="908" ordinal="8" offset="87" sl="30" sc="9" el="30" ec="10" bec="0" bev="0" fileid="20" />
              </SequencePoints>
              <BranchPoints />
              <MethodPoint xsi:type="SequencePoint" vc="37" uspid="900" ordinal="0" offset="0" sl="22" sc="9" el="22" ec="10" bec="0" bev="0" fileid="20" />
            </Method>
            <Method visited="false" cyclomaticComplexity="4" nPathComplexity="8" sequenceCoverage="0" branchCoverage="0" isConstructor="false" isStatic="false" isGetter="false" isSetter="false">
              <Summary numSequencePoints="28" visitedSequencePoints="0" numBranchPoints="7" visitedBranchPoints="0" sequenceCoverage="0" branchCoverage="0" maxCyclomaticComplexity="4" minCyclomaticComplexity="4" visitedClasses="0" numClasses="0" visitedMethods="0" numMethods="1" />
              <MetadataToken>100663520</MetadataToken>
              <Name>System.Collections.Generic.IList`1&lt;SportsWeb.Services.Configuration.StageEnvironmentDetail&gt; SportsWeb.Services.Utils.CommonMethods::GetListOfStages()</Name>
              <FileRef uid="20" />
              <SequencePoints>
                <SequencePoint vc="0" uspid="909" ordinal="0" offset="0" sl="33" sc="9" el="33" ec="10" bec="0" bev="0" fileid="20" />
                <SequencePoint vc="0" uspid="910" ordinal="1" offset="1" sl="34" sc="13" el="34" ec="59" bec="0" bev="0" fileid="20" />
                <SequencePoint vc="0" uspid="911" ordinal="2" offset="3" sl="36" sc="13" el="36" ec="14" bec="0" bev="0" fileid="20" />
                <SequencePoint vc="0" uspid="912" ordinal="3" offset="4" sl="37" sc="17" el="37" ec="94" bec="0" bev="0" fileid="20" />
                <SequencePoint vc="0" uspid="913" ordinal="4" offset="20" sl="38" sc="17" el="38" ec="34" bec="0" bev="0" fileid="20" />
                <SequencePoint vc="0" uspid="914" ordinal="5" offset="27" sl="40" sc="13" el="40" ec="63" bec="0" bev="0" fileid="20" />
                <SequencePoint vc="0" uspid="915" ordinal="6" offset="28" sl="41" sc="13" el="41" ec="14" bec="0" bev="0" fileid="20" />
                <SequencePoint vc="0" uspid="916" ordinal="7" offset="29" sl="42" sc="17" el="42" ec="95" bec="0" bev="0" fileid="20" />
                <SequencePoint vc="0" uspid="917" ordinal="8" offset="45" sl="43" sc="17" el="43" ec="55" bec="2" bev="0" fileid="20" />
                <SequencePoint vc="0" uspid="918" ordinal="9" offset="55" sl="44" sc="17" el="44" ec="18" bec="0" bev="0" fileid="20" />
                <SequencePoint vc="0" uspid="919" ordinal="10" offset="56" sl="45" sc="21" el="45" ec="96" bec="0" bev="0" fileid="20" />
                <SequencePoint vc="0" uspid="920" ordinal="11" offset="69" sl="46" sc="21" el="46" ec="54" bec="2" bev="0" fileid="20" />
                <SequencePoint vc="0" uspid="921" ordinal="12" offset="82" sl="47" sc="21" el="47" ec="22" bec="0" bev="0" fileid="20" />
                <SequencePoint vc="0" uspid="922" ordinal="13" offset="83" sl="48" sc="25" el="48" ec="88" bec="0" bev="0" fileid="20" />
                <SequencePoint vc="0" uspid="923" ordinal="14" offset="97" sl="49" sc="25" el="49" ec="56" bec="0" bev="0" fileid="20" />
                <SequencePoint vc="0" uspid="924" ordinal="15" offset="111" sl="50" sc="25" el="50" ec="44" bec="2" bev="0" fileid="20" />
                <SequencePoint vc="0" uspid="925" ordinal="16" offset="122" sl="51" sc="25" el="51" ec="26" bec="0" bev="0" fileid="20" />
                <SequencePoint vc="0" uspid="926" ordinal="17" offset="123" sl="52" sc="29" el="52" ec="89" bec="0" bev="0" fileid="20" />
                <SequencePoint vc="0" uspid="927" ordinal="18" offset="131" sl="53" sc="29" el="53" ec="82" bec="0" bev="0" fileid="20" />
                <SequencePoint vc="0" uspid="928" ordinal="19" offset="143" sl="54" sc="25" el="54" ec="26" bec="0" bev="0" fileid="20" />
                <SequencePoint vc="0" uspid="929" ordinal="20" offset="144" sl="55" sc="21" el="55" ec="22" bec="0" bev="0" fileid="20" />
                <SequencePoint vc="0" uspid="930" ordinal="21" offset="147" sl="57" sc="21" el="57" ec="22" bec="0" bev="0" fileid="20" />
                <SequencePoint vc="0" uspid="931" ordinal="22" offset="148" sl="58" sc="25" el="58" ec="101" bec="0" bev="0" fileid="20" />
                <SequencePoint vc="0" uspid="932" ordinal="23" offset="159" sl="60" sc="17" el="60" ec="18" bec="0" bev="0" fileid="20" />
                <SequencePoint vc="0" uspid="933" ordinal="24" offset="162" sl="62" sc="17" el="62" ec="18" bec="0" bev="0" fileid="20" />
                <SequencePoint vc="0" uspid="934" ordinal="25" offset="163" sl="63" sc="21" el="63" ec="102" bec="0" bev="0" fileid="20" />
                <SequencePoint vc="0" uspid="935" ordinal="26" offset="174" sl="66" sc="17" el="66" ec="34" bec="0" bev="0" fileid="20" />
                <SequencePoint vc="0" uspid="936" ordinal="27" offset="178" sl="68" sc="9" el="68" ec="10" bec="0" bev="0" fileid="20" />
              </SequencePoints>
              <BranchPoints>
                <BranchPoint vc="0" uspid="937" ordinal="0" offset="53" sl="43" path="0" offsetend="55" fileid="20" />
                <BranchPoint vc="0" uspid="938" ordinal="1" offset="53" sl="43" path="1" offsetend="162" fileid="20" />
                <BranchPoint vc="0" uspid="939" ordinal="2" offset="80" sl="46" path="0" offsetend="82" fileid="20" />
                <BranchPoint vc="0" uspid="940" ordinal="3" offset="80" sl="46" path="1" offsetend="147" fileid="20" />
                <BranchPoint vc="0" uspid="941" ordinal="4" offset="120" sl="50" path="0" offsetend="122" fileid="20" />
                <BranchPoint vc="0" uspid="942" ordinal="5" offset="120" sl="50" path="1" offsetend="144" fileid="20" />
              </BranchPoints>
              <MethodPoint xsi:type="SequencePoint" vc="0" uspid="909" ordinal="0" offset="0" sl="33" sc="9" el="33" ec="10" bec="0" bev="0" fileid="20" />
            </Method>
            <Method visited="false" cyclomaticComplexity="5" nPathComplexity="8" sequenceCoverage="0" branchCoverage="0" isConstructor="false" isStatic="false" isGetter="false" isSetter="false">
              <Summary numSequencePoints="14" visitedSequencePoints="0" numBranchPoints="7" visitedBranchPoints="0" sequenceCoverage="0" branchCoverage="0" maxCyclomaticComplexity="5" minCyclomaticComplexity="5" visitedClasses="0" numClasses="0" visitedMethods="0" numMethods="1" />
              <MetadataToken>100663521</MetadataToken>
              <Name>System.String SportsWeb.Services.Utils.CommonMethods::GetStageConfig()</Name>
              <FileRef uid="20" />
              <SequencePoints>
                <SequencePoint vc="0" uspid="943" ordinal="0" offset="6" sl="71" sc="9" el="71" ec="10" bec="0" bev="0" fileid="20" />
                <SequencePoint vc="0" uspid="944" ordinal="1" offset="7" sl="72" sc="13" el="72" ec="50" bec="0" bev="0" fileid="20" />
                <SequencePoint vc="0" uspid="945" ordinal="2" offset="14" sl="74" sc="13" el="74" ec="31" bec="0" bev="0" fileid="20" />
                <SequencePoint vc="0" uspid="946" ordinal="3" offset="20" sl="75" sc="13" el="75" ec="66" bec="0" bev="0" fileid="20" />
                <SequencePoint vc="0" uspid="947" ordinal="4" offset="32" sl="76" sc="13" el="76" ec="43" bec="2" bev="0" fileid="20" />
                <SequencePoint vc="0" uspid="948" ordinal="5" offset="47" sl="77" sc="13" el="77" ec="14" bec="0" bev="0" fileid="20" />
                <SequencePoint vc="0" uspid="949" ordinal="6" offset="48" sl="78" sc="17" el="78" ec="63" bec="0" bev="0" fileid="20" />
                <SequencePoint vc="0" uspid="950" ordinal="7" offset="61" sl="79" sc="17" el="79" ec="45" bec="2" bev="0" fileid="20" />
                <SequencePoint vc="0" uspid="951" ordinal="8" offset="74" sl="80" sc="17" el="80" ec="18" bec="0" bev="0" fileid="20" />
                <SequencePoint vc="0" uspid="952" ordinal="9" offset="75" sl="81" sc="21" el="81" ec="91" bec="0" bev="0" fileid="20" />
                <SequencePoint vc="0" uspid="953" ordinal="10" offset="86" sl="83" sc="17" el="83" ec="71" bec="0" bev="0" fileid="20" />
                <SequencePoint vc="0" uspid="954" ordinal="11" offset="108" sl="84" sc="13" el="84" ec="14" bec="0" bev="0" fileid="20" />
                <SequencePoint vc="0" uspid="955" ordinal="12" offset="109" sl="90" sc="13" el="90" ec="118" bec="2" bev="0" fileid="20" />
                <SequencePoint vc="0" uspid="956" ordinal="13" offset="148" sl="91" sc="9" el="91" ec="10" bec="0" bev="0" fileid="20" />
              </SequencePoints>
              <BranchPoints>
                <BranchPoint vc="0" uspid="957" ordinal="0" offset="45" sl="76" path="0" offsetend="47" fileid="20" />
                <BranchPoint vc="0" uspid="958" ordinal="1" offset="45" sl="76" path="1" offsetend="109" fileid="20" />
                <BranchPoint vc="0" uspid="959" ordinal="2" offset="72" sl="79" path="0" offsetend="74" fileid="20" />
                <BranchPoint vc="0" uspid="960" ordinal="3" offset="72" sl="79" path="1" offsetend="86" fileid="20" />
                <BranchPoint vc="0" uspid="961" ordinal="4" offset="128" sl="90" path="0" offsetend="130" fileid="20" />
                <BranchPoint vc="0" uspid="962" ordinal="5" offset="128" sl="90" path="1" offsetend="134" fileid="20" />
              </BranchPoints>
              <MethodPoint vc="0" uspid="963" ordinal="0" offset="0" />
            </Method>
            <Method visited="false" cyclomaticComplexity="3" nPathComplexity="4" sequenceCoverage="0" branchCoverage="0" isConstructor="false" isStatic="false" isGetter="false" isSetter="false">
              <Summary numSequencePoints="13" visitedSequencePoints="0" numBranchPoints="5" visitedBranchPoints="0" sequenceCoverage="0" branchCoverage="0" maxCyclomaticComplexity="3" minCyclomaticComplexity="3" visitedClasses="0" numClasses="0" visitedMethods="0" numMethods="1" />
              <MetadataToken>100663522</MetadataToken>
              <Name>System.String SportsWeb.Services.Utils.CommonMethods::GetStageName()</Name>
              <FileRef uid="20" />
              <SequencePoints>
                <SequencePoint vc="0" uspid="964" ordinal="0" offset="0" sl="94" sc="9" el="94" ec="10" bec="0" bev="0" fileid="20" />
                <SequencePoint vc="0" uspid="965" ordinal="1" offset="1" sl="95" sc="13" el="95" ec="31" bec="0" bev="0" fileid="20" />
                <SequencePoint vc="0" uspid="966" ordinal="2" offset="7" sl="96" sc="13" el="96" ec="66" bec="0" bev="0" fileid="20" />
                <SequencePoint vc="0" uspid="967" ordinal="3" offset="14" sl="97" sc="13" el="97" ec="43" bec="2" bev="0" fileid="20" />
                <SequencePoint vc="0" uspid="968" ordinal="4" offset="24" sl="98" sc="13" el="98" ec="14" bec="0" bev="0" fileid="20" />
                <SequencePoint vc="0" uspid="969" ordinal="5" offset="25" sl="99" sc="17" el="99" ec="63" bec="0" bev="0" fileid="20" />
                <SequencePoint vc="0" uspid="970" ordinal="6" offset="37" sl="100" sc="17" el="100" ec="45" bec="2" bev="0" fileid="20" />
                <SequencePoint vc="0" uspid="971" ordinal="7" offset="49" sl="101" sc="17" el="101" ec="18" bec="0" bev="0" fileid="20" />
                <SequencePoint vc="0" uspid="972" ordinal="8" offset="50" sl="102" sc="21" el="102" ec="91" bec="0" bev="0" fileid="20" />
                <SequencePoint vc="0" uspid="973" ordinal="9" offset="61" sl="105" sc="17" el="105" ec="72" bec="0" bev="0" fileid="20" />
                <SequencePoint vc="0" uspid="974" ordinal="10" offset="81" sl="108" sc="13" el="108" ec="14" bec="0" bev="0" fileid="20" />
                <SequencePoint vc="0" uspid="975" ordinal="11" offset="82" sl="109" sc="17" el="109" ec="38" bec="0" bev="0" fileid="20" />
                <SequencePoint vc="0" uspid="976" ordinal="12" offset="92" sl="111" sc="9" el="111" ec="10" bec="0" bev="0" fileid="20" />
              </SequencePoints>
              <BranchPoints>
                <BranchPoint vc="0" uspid="977" ordinal="0" offset="22" sl="97" path="0" offsetend="24" fileid="20" />
                <BranchPoint vc="0" uspid="978" ordinal="1" offset="22" sl="97" path="1" offsetend="81" fileid="20" />
                <BranchPoint vc="0" uspid="979" ordinal="2" offset="47" sl="100" path="0" offsetend="49" fileid="20" />
                <BranchPoint vc="0" uspid="980" ordinal="3" offset="47" sl="100" path="1" offsetend="61" fileid="20" />
              </BranchPoints>
              <MethodPoint xsi:type="SequencePoint" vc="0" uspid="964" ordinal="0" offset="0" sl="94" sc="9" el="94" ec="10" bec="0" bev="0" fileid="20" />
            </Method>
            <Method visited="false" cyclomaticComplexity="1" nPathComplexity="0" sequenceCoverage="0" branchCoverage="0" isConstructor="false" isStatic="false" isGetter="false" isSetter="false">
              <Summary numSequencePoints="3" visitedSequencePoints="0" numBranchPoints="1" visitedBranchPoints="0" sequenceCoverage="0" branchCoverage="0" maxCyclomaticComplexity="1" minCyclomaticComplexity="1" visitedClasses="0" numClasses="0" visitedMethods="0" numMethods="1" />
              <MetadataToken>100663523</MetadataToken>
              <Name>System.String SportsWeb.Services.Utils.CommonMethods::GetProductName()</Name>
              <FileRef uid="20" />
              <SequencePoints>
                <SequencePoint vc="0" uspid="981" ordinal="0" offset="0" sl="114" sc="9" el="114" ec="10" bec="0" bev="0" fileid="20" />
                <SequencePoint vc="0" uspid="982" ordinal="1" offset="1" sl="115" sc="13" el="115" ec="42" bec="0" bev="0" fileid="20" />
                <SequencePoint vc="0" uspid="983" ordinal="2" offset="9" sl="116" sc="9" el="116" ec="10" bec="0" bev="0" fileid="20" />
              </SequencePoints>
              <BranchPoints />
              <MethodPoint xsi:type="SequencePoint" vc="0" uspid="981" ordinal="0" offset="0" sl="114" sc="9" el="114" ec="10" bec="0" bev="0" fileid="20" />
            </Method>
            <Method visited="true" cyclomaticComplexity="3" nPathComplexity="2" sequenceCoverage="100" branchCoverage="66.67" isConstructor="false" isStatic="false" isGetter="false" isSetter="false">
              <Summary numSequencePoints="8" visitedSequencePoints="8" numBranchPoints="3" visitedBranchPoints="2" sequenceCoverage="100" branchCoverage="66.67" maxCyclomaticComplexity="3" minCyclomaticComplexity="3" visitedClasses="0" numClasses="0" visitedMethods="1" numMethods="1" />
              <MetadataToken>100663524</MetadataToken>
              <Name>System.String SportsWeb.Services.Utils.CommonMethods::GetEmailTemplate(System.String,System.String)</Name>
              <FileRef uid="20" />
              <SequencePoints>
                <SequencePoint vc="4" uspid="984" ordinal="0" offset="0" sl="119" sc="9" el="119" ec="10" bec="0" bev="0" fileid="20" />
                <SequencePoint vc="4" uspid="985" ordinal="1" offset="1" sl="120" sc="13" el="120" ec="79" bec="0" bev="0" fileid="20" />
                <SequencePoint vc="4" uspid="986" ordinal="2" offset="17" sl="121" sc="13" el="121" ec="62" bec="0" bev="0" fileid="20" />
                <SequencePoint vc="4" uspid="987" ordinal="3" offset="24" sl="122" sc="13" el="122" ec="129" bec="2" bev="1" fileid="20" />
                <SequencePoint vc="4" uspid="988" ordinal="4" offset="69" sl="123" sc="13" el="123" ec="63" bec="0" bev="0" fileid="20" />
                <SequencePoint vc="4" uspid="989" ordinal="5" offset="82" sl="124" sc="13" el="124" ec="78" bec="0" bev="0" fileid="20" />
                <SequencePoint vc="4" uspid="990" ordinal="6" offset="98" sl="125" sc="13" el="125" ec="33" bec="0" bev="0" fileid="20" />
                <SequencePoint vc="4" uspid="991" ordinal="7" offset="102" sl="126" sc="9" el="126" ec="10" bec="0" bev="0" fileid="20" />
              </SequencePoints>
              <BranchPoints>
                <BranchPoint vc="4" uspid="992" ordinal="0" offset="42" sl="122" path="0" offsetend="44" fileid="20" />
                <BranchPoint vc="0" uspid="993" ordinal="1" offset="42" sl="122" path="1" offsetend="48" fileid="20" />
              </BranchPoints>
              <MethodPoint xsi:type="SequencePoint" vc="4" uspid="984" ordinal="0" offset="0" sl="119" sc="9" el="119" ec="10" bec="0" bev="0" fileid="20" />
            </Method>
            <Method visited="true" cyclomaticComplexity="1" nPathComplexity="0" sequenceCoverage="100" branchCoverage="100" isConstructor="false" isStatic="false" isGetter="false" isSetter="false">
              <Summary numSequencePoints="3" visitedSequencePoints="3" numBranchPoints="1" visitedBranchPoints="1" sequenceCoverage="100" branchCoverage="100" maxCyclomaticComplexity="1" minCyclomaticComplexity="1" visitedClasses="0" numClasses="0" visitedMethods="1" numMethods="1" />
              <MetadataToken>100663525</MetadataToken>
              <Name>SportsWeb.Services.Configuration.StageConfiguration SportsWeb.Services.Utils.CommonMethods::GetStageConfiguration()</Name>
              <FileRef uid="20" />
              <SequencePoints>
                <SequencePoint vc="4" uspid="994" ordinal="0" offset="0" sl="129" sc="9" el="129" ec="10" bec="0" bev="0" fileid="20" />
                <SequencePoint vc="4" uspid="995" ordinal="1" offset="1" sl="130" sc="13" el="130" ec="75" bec="0" bev="0" fileid="20" />
                <SequencePoint vc="4" uspid="996" ordinal="2" offset="19" sl="131" sc="9" el="131" ec="10" bec="0" bev="0" fileid="20" />
              </SequencePoints>
              <BranchPoints />
              <MethodPoint xsi:type="SequencePoint" vc="4" uspid="994" ordinal="0" offset="0" sl="129" sc="9" el="129" ec="10" bec="0" bev="0" fileid="20" />
            </Method>
            <Method visited="true" cyclomaticComplexity="2" nPathComplexity="2" sequenceCoverage="100" branchCoverage="100" isConstructor="false" isStatic="false" isGetter="false" isSetter="false">
              <Summary numSequencePoints="8" visitedSequencePoints="8" numBranchPoints="3" visitedBranchPoints="3" sequenceCoverage="100" branchCoverage="100" maxCyclomaticComplexity="2" minCyclomaticComplexity="2" visitedClasses="0" numClasses="0" visitedMethods="1" numMethods="1" />
              <MetadataToken>100663526</MetadataToken>
              <Name>System.Boolean SportsWeb.Services.Utils.CommonMethods::IsValidNameFormat(System.String,System.String)</Name>
              <FileRef uid="20" />
              <SequencePoints>
                <SequencePoint vc="2" uspid="997" ordinal="0" offset="0" sl="134" sc="9" el="134" ec="10" bec="0" bev="0" fileid="20" />
                <SequencePoint vc="2" uspid="998" ordinal="1" offset="1" sl="136" sc="13" el="136" ec="49" bec="0" bev="0" fileid="20" />
                <SequencePoint vc="2" uspid="999" ordinal="2" offset="8" sl="137" sc="13" el="137" ec="35" bec="2" bev="2" fileid="20" />
                <SequencePoint vc="1" uspid="1000" ordinal="3" offset="22" sl="138" sc="13" el="138" ec="14" bec="0" bev="0" fileid="20" />
                <SequencePoint vc="1" uspid="1001" ordinal="4" offset="23" sl="139" sc="17" el="139" ec="58" bec="0" bev="0" fileid="20" />
                <SequencePoint vc="1" uspid="1002" ordinal="5" offset="39" sl="140" sc="17" el="140" ec="30" bec="0" bev="0" fileid="20" />
                <SequencePoint vc="1" uspid="1003" ordinal="6" offset="43" sl="142" sc="13" el="142" ec="25" bec="0" bev="0" fileid="20" />
                <SequencePoint vc="2" uspid="1004" ordinal="7" offset="47" sl="143" sc="9" el="143" ec="10" bec="0" bev="0" fileid="20" />
              </SequencePoints>
              <BranchPoints>
                <BranchPoint vc="1" uspid="1005" ordinal="0" offset="20" sl="137" path="0" offsetend="22" fileid="20" />
                <BranchPoint vc="1" uspid="1006" ordinal="1" offset="20" sl="137" path="1" offsetend="43" fileid="20" />
              </BranchPoints>
              <MethodPoint xsi:type="SequencePoint" vc="2" uspid="997" ordinal="0" offset="0" sl="134" sc="9" el="134" ec="10" bec="0" bev="0" fileid="20" />
            </Method>
            <Method visited="false" cyclomaticComplexity="1" nPathComplexity="0" sequenceCoverage="0" branchCoverage="0" isConstructor="false" isStatic="false" isGetter="false" isSetter="false">
              <Summary numSequencePoints="9" visitedSequencePoints="0" numBranchPoints="1" visitedBranchPoints="0" sequenceCoverage="0" branchCoverage="0" maxCyclomaticComplexity="1" minCyclomaticComplexity="1" visitedClasses="0" numClasses="0" visitedMethods="0" numMethods="1" />
              <MetadataToken>100663527</MetadataToken>
              <Name>System.String SportsWeb.Services.Utils.CommonMethods::GetErrorMessageTemplate(System.String)</Name>
              <FileRef uid="20" />
              <SequencePoints>
                <SequencePoint vc="0" uspid="1007" ordinal="0" offset="0" sl="146" sc="9" el="146" ec="10" bec="0" bev="0" fileid="20" />
                <SequencePoint vc="0" uspid="1008" ordinal="1" offset="1" sl="147" sc="13" el="147" ec="72" bec="0" bev="0" fileid="20" />
                <SequencePoint vc="0" uspid="1009" ordinal="2" offset="12" sl="148" sc="13" el="148" ec="55" bec="0" bev="0" fileid="20" />
                <SequencePoint vc="0" uspid="1010" ordinal="3" offset="19" sl="149" sc="13" el="149" ec="60" bec="0" bev="0" fileid="20" />
                <SequencePoint vc="0" uspid="1011" ordinal="4" offset="31" sl="150" sc="13" el="151" ec="42" bec="0" bev="0" fileid="20" />
                <SequencePoint vc="0" uspid="1012" ordinal="5" offset="58" sl="152" sc="13" el="152" ec="62" bec="0" bev="0" fileid="20" />
                <SequencePoint vc="0" uspid="1013" ordinal="6" offset="66" sl="153" sc="13" el="153" ec="75" bec="0" bev="0" fileid="20" />
                <SequencePoint vc="0" uspid="1014" ordinal="7" offset="81" sl="154" sc="13" el="154" ec="33" bec="0" bev="0" fileid="20" />
                <SequencePoint vc="0" uspid="1015" ordinal="8" offset="87" sl="155" sc="9" el="155" ec="10" bec="0" bev="0" fileid="20" />
              </SequencePoints>
              <BranchPoints />
              <MethodPoint xsi:type="SequencePoint" vc="0" uspid="1007" ordinal="0" offset="0" sl="146" sc="9" el="146" ec="10" bec="0" bev="0" fileid="20" />
            </Method>
            <Method visited="true" cyclomaticComplexity="1" nPathComplexity="0" sequenceCoverage="0" branchCoverage="0" isConstructor="true" isStatic="false" isGetter="false" isSetter="false">
              <Summary numSequencePoints="0" visitedSequencePoints="0" numBranchPoints="0" visitedBranchPoints="0" sequenceCoverage="0" branchCoverage="0" maxCyclomaticComplexity="1" minCyclomaticComplexity="1" visitedClasses="0" numClasses="0" visitedMethods="0" numMethods="0" />
              <MetadataToken>100663528</MetadataToken>
              <Name>System.Void SportsWeb.Services.Utils.CommonMethods::.ctor()</Name>
              <SequencePoints />
              <BranchPoints />
              <MethodPoint vc="37" uspid="1016" ordinal="0" offset="0" />
            </Method>
            <Method visited="true" cyclomaticComplexity="1" nPathComplexity="0" sequenceCoverage="100" branchCoverage="100" isConstructor="true" isStatic="true" isGetter="false" isSetter="false">
              <Summary numSequencePoints="1" visitedSequencePoints="1" numBranchPoints="1" visitedBranchPoints="1" sequenceCoverage="100" branchCoverage="100" maxCyclomaticComplexity="1" minCyclomaticComplexity="1" visitedClasses="0" numClasses="0" visitedMethods="1" numMethods="1" />
              <MetadataToken>100663529</MetadataToken>
              <Name>System.Void SportsWeb.Services.Utils.CommonMethods::.cctor()</Name>
              <FileRef uid="20" />
              <SequencePoints>
                <SequencePoint vc="1" uspid="1017" ordinal="0" offset="0" sl="20" sc="9" el="20" ec="91" bec="0" bev="0" fileid="20" />
              </SequencePoints>
              <BranchPoints />
              <MethodPoint xsi:type="SequencePoint" vc="1" uspid="1017" ordinal="0" offset="0" sl="20" sc="9" el="20" ec="91" bec="0" bev="0" fileid="20" />
            </Method>
          </Methods>
        </Class>
        <Class>
          <Summary numSequencePoints="1" visitedSequencePoints="0" numBranchPoints="1" visitedBranchPoints="0" sequenceCoverage="0" branchCoverage="0" maxCyclomaticComplexity="1" minCyclomaticComplexity="1" visitedClasses="0" numClasses="1" visitedMethods="0" numMethods="1" />
          <FullName>SportsWeb.Services.Utils.CommonMethods/&lt;&gt;c__DisplayClass3_0</FullName>
          <Methods>
            <Method visited="false" cyclomaticComplexity="1" nPathComplexity="0" sequenceCoverage="0" branchCoverage="0" isConstructor="true" isStatic="false" isGetter="false" isSetter="false">
              <Summary numSequencePoints="0" visitedSequencePoints="0" numBranchPoints="0" visitedBranchPoints="0" sequenceCoverage="0" branchCoverage="0" maxCyclomaticComplexity="1" minCyclomaticComplexity="1" visitedClasses="0" numClasses="0" visitedMethods="0" numMethods="0" />
              <MetadataToken>100666812</MetadataToken>
              <Name>System.Void SportsWeb.Services.Utils.CommonMethods/&lt;&gt;c__DisplayClass3_0::.ctor()</Name>
              <SequencePoints />
              <BranchPoints />
              <MethodPoint vc="0" uspid="1018" ordinal="0" offset="0" />
            </Method>
            <Method visited="false" cyclomaticComplexity="1" nPathComplexity="0" sequenceCoverage="0" branchCoverage="0" isConstructor="false" isStatic="false" isGetter="false" isSetter="false">
              <Summary numSequencePoints="1" visitedSequencePoints="0" numBranchPoints="1" visitedBranchPoints="0" sequenceCoverage="0" branchCoverage="0" maxCyclomaticComplexity="1" minCyclomaticComplexity="1" visitedClasses="0" numClasses="0" visitedMethods="0" numMethods="1" />
              <MetadataToken>100666813</MetadataToken>
              <Name>System.Boolean SportsWeb.Services.Utils.CommonMethods/&lt;&gt;c__DisplayClass3_0::&lt;GetStageConfig&gt;b__0(SportsWeb.Services.Configuration.StageEnvironmentDetail)</Name>
              <FileRef uid="20" />
              <SequencePoints>
                <SequencePoint vc="0" uspid="1019" ordinal="0" offset="0" sl="90" sc="53" el="90" ec="87" bec="0" bev="0" fileid="20" />
              </SequencePoints>
              <BranchPoints />
              <MethodPoint xsi:type="SequencePoint" vc="0" uspid="1019" ordinal="0" offset="0" sl="90" sc="53" el="90" ec="87" bec="0" bev="0" fileid="20" />
            </Method>
          </Methods>
        </Class>
        <Class>
          <Summary numSequencePoints="1" visitedSequencePoints="1" numBranchPoints="1" visitedBranchPoints="1" sequenceCoverage="100" branchCoverage="100" maxCyclomaticComplexity="1" minCyclomaticComplexity="1" visitedClasses="1" numClasses="1" visitedMethods="1" numMethods="1" />
          <FullName>SportsWeb.Services.Utils.Constants</FullName>
          <Methods>
            <Method visited="true" cyclomaticComplexity="1" nPathComplexity="0" sequenceCoverage="100" branchCoverage="100" isConstructor="true" isStatic="true" isGetter="false" isSetter="false">
              <Summary numSequencePoints="1" visitedSequencePoints="1" numBranchPoints="1" visitedBranchPoints="1" sequenceCoverage="100" branchCoverage="100" maxCyclomaticComplexity="1" minCyclomaticComplexity="1" visitedClasses="0" numClasses="0" visitedMethods="1" numMethods="1" />
              <MetadataToken>100663530</MetadataToken>
              <Name>System.Void SportsWeb.Services.Utils.Constants::.cctor()</Name>
              <FileRef uid="22" />
              <SequencePoints>
                <SequencePoint vc="1" uspid="1020" ordinal="0" offset="0" sl="47" sc="9" el="47" ec="68" bec="0" bev="0" fileid="22" />
              </SequencePoints>
              <BranchPoints />
              <MethodPoint xsi:type="SequencePoint" vc="1" uspid="1020" ordinal="0" offset="0" sl="47" sc="9" el="47" ec="68" bec="0" bev="0" fileid="22" />
            </Method>
          </Methods>
        </Class>
        <Class>
          <Summary numSequencePoints="6" visitedSequencePoints="0" numBranchPoints="5" visitedBranchPoints="0" sequenceCoverage="0" branchCoverage="0" maxCyclomaticComplexity="1" minCyclomaticComplexity="1" visitedClasses="0" numClasses="1" visitedMethods="0" numMethods="5" />
          <FullName>SportsWeb.Services.Utils.DatabaseRegistryInfo</FullName>
          <Methods>
            <Method visited="false" cyclomaticComplexity="1" nPathComplexity="0" sequenceCoverage="0" branchCoverage="0" isConstructor="false" isStatic="false" isGetter="true" isSetter="false">
              <Summary numSequencePoints="1" visitedSequencePoints="0" numBranchPoints="1" visitedBranchPoints="0" sequenceCoverage="0" branchCoverage="0" maxCyclomaticComplexity="1" minCyclomaticComplexity="1" visitedClasses="0" numClasses="0" visitedMethods="0" numMethods="1" />
              <MetadataToken>100663531</MetadataToken>
              <Name>System.String SportsWeb.Services.Utils.DatabaseRegistryInfo::get_RegistryKey()</Name>
              <FileRef uid="23" />
              <SequencePoints>
                <SequencePoint vc="0" uspid="1021" ordinal="0" offset="0" sl="7" sc="37" el="7" ec="41" bec="0" bev="0" fileid="23" />
              </SequencePoints>
              <BranchPoints />
              <MethodPoint xsi:type="SequencePoint" vc="0" uspid="1021" ordinal="0" offset="0" sl="7" sc="37" el="7" ec="41" bec="0" bev="0" fileid="23" />
            </Method>
            <Method visited="false" cyclomaticComplexity="1" nPathComplexity="0" sequenceCoverage="0" branchCoverage="0" isConstructor="false" isStatic="false" isGetter="false" isSetter="true">
              <Summary numSequencePoints="1" visitedSequencePoints="0" numBranchPoints="1" visitedBranchPoints="0" sequenceCoverage="0" branchCoverage="0" maxCyclomaticComplexity="1" minCyclomaticComplexity="1" visitedClasses="0" numClasses="0" visitedMethods="0" numMethods="1" />
              <MetadataToken>100663532</MetadataToken>
              <Name>System.Void SportsWeb.Services.Utils.DatabaseRegistryInfo::set_RegistryKey(System.String)</Name>
              <FileRef uid="23" />
              <SequencePoints>
                <SequencePoint vc="0" uspid="1022" ordinal="0" offset="0" sl="7" sc="42" el="7" ec="46" bec="0" bev="0" fileid="23" />
              </SequencePoints>
              <BranchPoints />
              <MethodPoint xsi:type="SequencePoint" vc="0" uspid="1022" ordinal="0" offset="0" sl="7" sc="42" el="7" ec="46" bec="0" bev="0" fileid="23" />
            </Method>
            <Method visited="false" cyclomaticComplexity="1" nPathComplexity="0" sequenceCoverage="0" branchCoverage="0" isConstructor="false" isStatic="false" isGetter="true" isSetter="false">
              <Summary numSequencePoints="1" visitedSequencePoints="0" numBranchPoints="1" visitedBranchPoints="0" sequenceCoverage="0" branchCoverage="0" maxCyclomaticComplexity="1" minCyclomaticComplexity="1" visitedClasses="0" numClasses="0" visitedMethods="0" numMethods="1" />
              <MetadataToken>100663533</MetadataToken>
              <Name>System.String SportsWeb.Services.Utils.DatabaseRegistryInfo::get_DbKeyName()</Name>
              <FileRef uid="23" />
              <SequencePoints>
                <SequencePoint vc="0" uspid="1023" ordinal="0" offset="0" sl="9" sc="35" el="9" ec="39" bec="0" bev="0" fileid="23" />
              </SequencePoints>
              <BranchPoints />
              <MethodPoint xsi:type="SequencePoint" vc="0" uspid="1023" ordinal="0" offset="0" sl="9" sc="35" el="9" ec="39" bec="0" bev="0" fileid="23" />
            </Method>
            <Method visited="false" cyclomaticComplexity="1" nPathComplexity="0" sequenceCoverage="0" branchCoverage="0" isConstructor="false" isStatic="false" isGetter="false" isSetter="true">
              <Summary numSequencePoints="1" visitedSequencePoints="0" numBranchPoints="1" visitedBranchPoints="0" sequenceCoverage="0" branchCoverage="0" maxCyclomaticComplexity="1" minCyclomaticComplexity="1" visitedClasses="0" numClasses="0" visitedMethods="0" numMethods="1" />
              <MetadataToken>100663534</MetadataToken>
              <Name>System.Void SportsWeb.Services.Utils.DatabaseRegistryInfo::set_DbKeyName(System.String)</Name>
              <FileRef uid="23" />
              <SequencePoints>
                <SequencePoint vc="0" uspid="1024" ordinal="0" offset="0" sl="9" sc="40" el="9" ec="44" bec="0" bev="0" fileid="23" />
              </SequencePoints>
              <BranchPoints />
              <MethodPoint xsi:type="SequencePoint" vc="0" uspid="1024" ordinal="0" offset="0" sl="9" sc="40" el="9" ec="44" bec="0" bev="0" fileid="23" />
            </Method>
            <Method visited="false" cyclomaticComplexity="1" nPathComplexity="0" sequenceCoverage="0" branchCoverage="0" isConstructor="true" isStatic="false" isGetter="false" isSetter="false">
              <Summary numSequencePoints="2" visitedSequencePoints="0" numBranchPoints="1" visitedBranchPoints="0" sequenceCoverage="0" branchCoverage="0" maxCyclomaticComplexity="1" minCyclomaticComplexity="1" visitedClasses="0" numClasses="0" visitedMethods="0" numMethods="1" />
              <MetadataToken>100663535</MetadataToken>
              <Name>System.Void SportsWeb.Services.Utils.DatabaseRegistryInfo::.ctor()</Name>
              <FileRef uid="23" />
              <SequencePoints>
                <SequencePoint vc="0" uspid="1025" ordinal="0" offset="0" sl="7" sc="51" el="7" ec="82" bec="0" bev="0" fileid="23" />
                <SequencePoint vc="0" uspid="1026" ordinal="1" offset="11" sl="9" sc="49" el="9" ec="63" bec="0" bev="0" fileid="23" />
              </SequencePoints>
              <BranchPoints />
              <MethodPoint xsi:type="SequencePoint" vc="0" uspid="1025" ordinal="0" offset="0" sl="7" sc="51" el="7" ec="82" bec="0" bev="0" fileid="23" />
            </Method>
          </Methods>
        </Class>
        <Class>
          <Summary numSequencePoints="10" visitedSequencePoints="0" numBranchPoints="3" visitedBranchPoints="0" sequenceCoverage="0" branchCoverage="0" maxCyclomaticComplexity="3" minCyclomaticComplexity="3" visitedClasses="0" numClasses="1" visitedMethods="0" numMethods="1" />
          <FullName>SportsWeb.Services.Utils.RegistryHelper</FullName>
          <Methods>
            <Method visited="false" cyclomaticComplexity="3" nPathComplexity="2" sequenceCoverage="0" branchCoverage="0" isConstructor="false" isStatic="true" isGetter="false" isSetter="false">
              <Summary numSequencePoints="10" visitedSequencePoints="0" numBranchPoints="3" visitedBranchPoints="0" sequenceCoverage="0" branchCoverage="0" maxCyclomaticComplexity="3" minCyclomaticComplexity="3" visitedClasses="0" numClasses="0" visitedMethods="0" numMethods="1" />
              <MetadataToken>100663536</MetadataToken>
              <Name>System.String SportsWeb.Services.Utils.RegistryHelper::GetDatabaseNameFromRegistry(SportsWeb.Services.Utils.DatabaseRegistryInfo)</Name>
              <FileRef uid="23" />
              <SequencePoints>
                <SequencePoint vc="0" uspid="1027" ordinal="0" offset="0" sl="15" sc="9" el="15" ec="10" bec="0" bev="0" fileid="23" />
                <SequencePoint vc="0" uspid="1028" ordinal="1" offset="1" sl="16" sc="13" el="16" ec="39" bec="0" bev="0" fileid="23" />
                <SequencePoint vc="0" uspid="1029" ordinal="2" offset="7" sl="17" sc="20" el="17" ec="109" bec="0" bev="0" fileid="23" />
                <SequencePoint vc="0" uspid="1030" ordinal="3" offset="23" sl="18" sc="13" el="18" ec="14" bec="0" bev="0" fileid="23" />
                <SequencePoint vc="0" uspid="1031" ordinal="4" offset="24" sl="19" sc="17" el="19" ec="78" bec="0" bev="0" fileid="23" />
                <SequencePoint vc="0" uspid="1032" ordinal="5" offset="38" sl="20" sc="17" el="20" ec="33" bec="2" bev="0" fileid="23" />
                <SequencePoint vc="0" uspid="1033" ordinal="6" offset="46" sl="21" sc="21" el="21" ec="74" bec="0" bev="0" fileid="23" />
                <SequencePoint vc="0" uspid="1034" ordinal="7" offset="67" sl="23" sc="13" el="23" ec="14" bec="0" bev="0" fileid="23" />
                <SequencePoint vc="0" uspid="1035" ordinal="8" offset="81" sl="24" sc="13" el="24" ec="27" bec="0" bev="0" fileid="23" />
                <SequencePoint vc="0" uspid="1036" ordinal="9" offset="86" sl="25" sc="9" el="25" ec="10" bec="0" bev="0" fileid="23" />
              </SequencePoints>
              <BranchPoints>
                <BranchPoint vc="0" uspid="1037" ordinal="0" offset="44" sl="20" path="0" offsetend="46" fileid="23" />
                <BranchPoint vc="0" uspid="1038" ordinal="1" offset="44" sl="20" path="1" offsetend="67" fileid="23" />
              </BranchPoints>
              <MethodPoint xsi:type="SequencePoint" vc="0" uspid="1027" ordinal="0" offset="0" sl="15" sc="9" el="15" ec="10" bec="0" bev="0" fileid="23" />
            </Method>
          </Methods>
        </Class>
        <Class>
          <Summary numSequencePoints="5" visitedSequencePoints="5" numBranchPoints="2" visitedBranchPoints="2" sequenceCoverage="100" branchCoverage="100" maxCyclomaticComplexity="1" minCyclomaticComplexity="1" visitedClasses="1" numClasses="1" visitedMethods="2" numMethods="2" />
          <FullName>SportsWeb.Services.Utils.SceneToDimLevelMapping</FullName>
          <Methods>
            <Method visited="true" cyclomaticComplexity="1" nPathComplexity="0" sequenceCoverage="100" branchCoverage="100" isConstructor="false" isStatic="false" isGetter="true" isSetter="false">
              <Summary numSequencePoints="1" visitedSequencePoints="1" numBranchPoints="1" visitedBranchPoints="1" sequenceCoverage="100" branchCoverage="100" maxCyclomaticComplexity="1" minCyclomaticComplexity="1" visitedClasses="0" numClasses="0" visitedMethods="1" numMethods="1" />
              <MetadataToken>100663546</MetadataToken>
              <Name>System.Collections.Generic.List`1&lt;SportsWeb.Services.Utils.MappingListForSceneToDimLevel&gt; SportsWeb.Services.Utils.SceneToDimLevelMapping::get_MappingList()</Name>
              <FileRef uid="25" />
              <SequencePoints>
                <SequencePoint vc="1" uspid="1039" ordinal="0" offset="0" sl="9" sc="66" el="9" ec="70" bec="0" bev="0" fileid="25" />
              </SequencePoints>
              <BranchPoints />
              <MethodPoint xsi:type="SequencePoint" vc="1" uspid="1039" ordinal="0" offset="0" sl="9" sc="66" el="9" ec="70" bec="0" bev="0" fileid="25" />
            </Method>
            <Method visited="true" cyclomaticComplexity="1" nPathComplexity="0" sequenceCoverage="100" branchCoverage="100" isConstructor="true" isStatic="false" isGetter="false" isSetter="false">
              <Summary numSequencePoints="4" visitedSequencePoints="4" numBranchPoints="1" visitedBranchPoints="1" sequenceCoverage="100" branchCoverage="100" maxCyclomaticComplexity="1" minCyclomaticComplexity="1" visitedClasses="0" numClasses="0" visitedMethods="1" numMethods="1" />
              <MetadataToken>100663547</MetadataToken>
              <Name>System.Void SportsWeb.Services.Utils.SceneToDimLevelMapping::.ctor()</Name>
              <FileRef uid="25" />
              <SequencePoints>
                <SequencePoint vc="1" uspid="1040" ordinal="0" offset="0" sl="11" sc="9" el="11" ec="40" bec="0" bev="0" fileid="25" />
                <SequencePoint vc="1" uspid="1041" ordinal="1" offset="7" sl="12" sc="9" el="12" ec="10" bec="0" bev="0" fileid="25" />
                <SequencePoint vc="1" uspid="1042" ordinal="2" offset="8" sl="13" sc="13" el="87" ec="15" bec="0" bev="0" fileid="25" />
                <SequencePoint vc="1" uspid="1043" ordinal="3" offset="467" sl="88" sc="9" el="88" ec="10" bec="0" bev="0" fileid="25" />
              </SequencePoints>
              <BranchPoints />
              <MethodPoint xsi:type="SequencePoint" vc="1" uspid="1040" ordinal="0" offset="0" sl="11" sc="9" el="11" ec="40" bec="0" bev="0" fileid="25" />
            </Method>
          </Methods>
        </Class>
        <Class>
          <Summary numSequencePoints="6" visitedSequencePoints="5" numBranchPoints="6" visitedBranchPoints="5" sequenceCoverage="83.33" branchCoverage="83.33" maxCyclomaticComplexity="1" minCyclomaticComplexity="1" visitedClasses="1" numClasses="1" visitedMethods="5" numMethods="6" />
          <FullName>SportsWeb.Services.Utils.MappingListForSceneToDimLevel</FullName>
          <Methods>
            <Method visited="false" cyclomaticComplexity="1" nPathComplexity="0" sequenceCoverage="0" branchCoverage="0" isConstructor="false" isStatic="false" isGetter="true" isSetter="false">
              <Summary numSequencePoints="1" visitedSequencePoints="0" numBranchPoints="1" visitedBranchPoints="0" sequenceCoverage="0" branchCoverage="0" maxCyclomaticComplexity="1" minCyclomaticComplexity="1" visitedClasses="0" numClasses="0" visitedMethods="0" numMethods="1" />
              <MetadataToken>100663548</MetadataToken>
              <Name>SportsWeb.Services.Cabinate.AmpLightService.Interfaces.codedMainsScene SportsWeb.Services.Utils.MappingListForSceneToDimLevel::get_CodedMainsScene()</Name>
              <FileRef uid="25" />
              <SequencePoints>
                <SequencePoint vc="0" uspid="1044" ordinal="0" offset="0" sl="93" sc="50" el="93" ec="54" bec="0" bev="0" fileid="25" />
              </SequencePoints>
              <BranchPoints />
              <MethodPoint xsi:type="SequencePoint" vc="0" uspid="1044" ordinal="0" offset="0" sl="93" sc="50" el="93" ec="54" bec="0" bev="0" fileid="25" />
            </Method>
            <Method visited="true" cyclomaticComplexity="1" nPathComplexity="0" sequenceCoverage="100" branchCoverage="100" isConstructor="false" isStatic="false" isGetter="false" isSetter="true">
              <Summary numSequencePoints="1" visitedSequencePoints="1" numBranchPoints="1" visitedBranchPoints="1" sequenceCoverage="100" branchCoverage="100" maxCyclomaticComplexity="1" minCyclomaticComplexity="1" visitedClasses="0" numClasses="0" visitedMethods="1" numMethods="1" />
              <MetadataToken>100663549</MetadataToken>
              <Name>System.Void SportsWeb.Services.Utils.MappingListForSceneToDimLevel::set_CodedMainsScene(SportsWeb.Services.Cabinate.AmpLightService.Interfaces.codedMainsScene)</Name>
              <FileRef uid="25" />
              <SequencePoints>
                <SequencePoint vc="12" uspid="1045" ordinal="0" offset="0" sl="93" sc="55" el="93" ec="59" bec="0" bev="0" fileid="25" />
              </SequencePoints>
              <BranchPoints />
              <MethodPoint xsi:type="SequencePoint" vc="12" uspid="1045" ordinal="0" offset="0" sl="93" sc="55" el="93" ec="59" bec="0" bev="0" fileid="25" />
            </Method>
            <Method visited="true" cyclomaticComplexity="1" nPathComplexity="0" sequenceCoverage="100" branchCoverage="100" isConstructor="false" isStatic="false" isGetter="true" isSetter="false">
              <Summary numSequencePoints="1" visitedSequencePoints="1" numBranchPoints="1" visitedBranchPoints="1" sequenceCoverage="100" branchCoverage="100" maxCyclomaticComplexity="1" minCyclomaticComplexity="1" visitedClasses="0" numClasses="0" visitedMethods="1" numMethods="1" />
              <MetadataToken>100663550</MetadataToken>
              <Name>SportsWeb.Models.Models.CodedMainsScenes SportsWeb.Services.Utils.MappingListForSceneToDimLevel::get_PerfectPlayDimLevel()</Name>
              <FileRef uid="25" />
              <SequencePoints>
                <SequencePoint vc="12" uspid="1046" ordinal="0" offset="0" sl="94" sc="55" el="94" ec="59" bec="0" bev="0" fileid="25" />
              </SequencePoints>
              <BranchPoints />
              <MethodPoint xsi:type="SequencePoint" vc="12" uspid="1046" ordinal="0" offset="0" sl="94" sc="55" el="94" ec="59" bec="0" bev="0" fileid="25" />
            </Method>
            <Method visited="true" cyclomaticComplexity="1" nPathComplexity="0" sequenceCoverage="100" branchCoverage="100" isConstructor="false" isStatic="false" isGetter="false" isSetter="true">
              <Summary numSequencePoints="1" visitedSequencePoints="1" numBranchPoints="1" visitedBranchPoints="1" sequenceCoverage="100" branchCoverage="100" maxCyclomaticComplexity="1" minCyclomaticComplexity="1" visitedClasses="0" numClasses="0" visitedMethods="1" numMethods="1" />
              <MetadataToken>100663551</MetadataToken>
              <Name>System.Void SportsWeb.Services.Utils.MappingListForSceneToDimLevel::set_PerfectPlayDimLevel(SportsWeb.Models.Models.CodedMainsScenes)</Name>
              <FileRef uid="25" />
              <SequencePoints>
                <SequencePoint vc="12" uspid="1047" ordinal="0" offset="0" sl="94" sc="60" el="94" ec="64" bec="0" bev="0" fileid="25" />
              </SequencePoints>
              <BranchPoints />
              <MethodPoint xsi:type="SequencePoint" vc="12" uspid="1047" ordinal="0" offset="0" sl="94" sc="60" el="94" ec="64" bec="0" bev="0" fileid="25" />
            </Method>
            <Method visited="true" cyclomaticComplexity="1" nPathComplexity="0" sequenceCoverage="100" branchCoverage="100" isConstructor="false" isStatic="false" isGetter="true" isSetter="false">
              <Summary numSequencePoints="1" visitedSequencePoints="1" numBranchPoints="1" visitedBranchPoints="1" sequenceCoverage="100" branchCoverage="100" maxCyclomaticComplexity="1" minCyclomaticComplexity="1" visitedClasses="0" numClasses="0" visitedMethods="1" numMethods="1" />
              <MetadataToken>100663552</MetadataToken>
              <Name>System.Int32 SportsWeb.Services.Utils.MappingListForSceneToDimLevel::get_DimLevelPercentage()</Name>
              <FileRef uid="25" />
              <SequencePoints>
                <SequencePoint vc="12" uspid="1048" ordinal="0" offset="0" sl="95" sc="41" el="95" ec="45" bec="0" bev="0" fileid="25" />
              </SequencePoints>
              <BranchPoints />
              <MethodPoint xsi:type="SequencePoint" vc="12" uspid="1048" ordinal="0" offset="0" sl="95" sc="41" el="95" ec="45" bec="0" bev="0" fileid="25" />
            </Method>
            <Method visited="true" cyclomaticComplexity="1" nPathComplexity="0" sequenceCoverage="100" branchCoverage="100" isConstructor="false" isStatic="false" isGetter="false" isSetter="true">
              <Summary numSequencePoints="1" visitedSequencePoints="1" numBranchPoints="1" visitedBranchPoints="1" sequenceCoverage="100" branchCoverage="100" maxCyclomaticComplexity="1" minCyclomaticComplexity="1" visitedClasses="0" numClasses="0" visitedMethods="1" numMethods="1" />
              <MetadataToken>100663553</MetadataToken>
              <Name>System.Void SportsWeb.Services.Utils.MappingListForSceneToDimLevel::set_DimLevelPercentage(System.Int32)</Name>
              <FileRef uid="25" />
              <SequencePoints>
                <SequencePoint vc="12" uspid="1049" ordinal="0" offset="0" sl="95" sc="46" el="95" ec="50" bec="0" bev="0" fileid="25" />
              </SequencePoints>
              <BranchPoints />
              <MethodPoint xsi:type="SequencePoint" vc="12" uspid="1049" ordinal="0" offset="0" sl="95" sc="46" el="95" ec="50" bec="0" bev="0" fileid="25" />
            </Method>
            <Method visited="true" cyclomaticComplexity="1" nPathComplexity="0" sequenceCoverage="0" branchCoverage="0" isConstructor="true" isStatic="false" isGetter="false" isSetter="false">
              <Summary numSequencePoints="0" visitedSequencePoints="0" numBranchPoints="0" visitedBranchPoints="0" sequenceCoverage="0" branchCoverage="0" maxCyclomaticComplexity="1" minCyclomaticComplexity="1" visitedClasses="0" numClasses="0" visitedMethods="0" numMethods="0" />
              <MetadataToken>100663554</MetadataToken>
              <Name>System.Void SportsWeb.Services.Utils.MappingListForSceneToDimLevel::.ctor()</Name>
              <SequencePoints />
              <BranchPoints />
              <MethodPoint vc="12" uspid="1050" ordinal="0" offset="0" />
            </Method>
          </Methods>
        </Class>
        <Class>
          <Summary numSequencePoints="5" visitedSequencePoints="5" numBranchPoints="2" visitedBranchPoints="2" sequenceCoverage="100" branchCoverage="100" maxCyclomaticComplexity="1" minCyclomaticComplexity="1" visitedClasses="1" numClasses="1" visitedMethods="2" numMethods="2" />
          <FullName>SportsWeb.Services.Utils.TimezoneMapping</FullName>
          <Methods>
            <Method visited="true" cyclomaticComplexity="1" nPathComplexity="0" sequenceCoverage="100" branchCoverage="100" isConstructor="false" isStatic="false" isGetter="true" isSetter="false">
              <Summary numSequencePoints="1" visitedSequencePoints="1" numBranchPoints="1" visitedBranchPoints="1" sequenceCoverage="100" branchCoverage="100" maxCyclomaticComplexity="1" minCyclomaticComplexity="1" visitedClasses="0" numClasses="0" visitedMethods="1" numMethods="1" />
              <MetadataToken>100663555</MetadataToken>
              <Name>System.Collections.Generic.List`1&lt;System.Tuple`3&lt;System.String,System.String,SportsWeb.Services.Cabinate.AmpLightService.Interfaces.timezoneEnum&gt;&gt; SportsWeb.Services.Utils.TimezoneMapping::get_TimeZonesList()</Name>
              <FileRef uid="27" />
              <SequencePoints>
                <SequencePoint vc="16" uspid="1051" ordinal="0" offset="0" sl="10" sc="75" el="10" ec="88" bec="0" bev="0" fileid="27" />
              </SequencePoints>
              <BranchPoints />
              <MethodPoint xsi:type="SequencePoint" vc="16" uspid="1051" ordinal="0" offset="0" sl="10" sc="75" el="10" ec="88" bec="0" bev="0" fileid="27" />
            </Method>
            <Method visited="true" cyclomaticComplexity="1" nPathComplexity="0" sequenceCoverage="100" branchCoverage="100" isConstructor="true" isStatic="false" isGetter="false" isSetter="false">
              <Summary numSequencePoints="4" visitedSequencePoints="4" numBranchPoints="1" visitedBranchPoints="1" sequenceCoverage="100" branchCoverage="100" maxCyclomaticComplexity="1" minCyclomaticComplexity="1" visitedClasses="0" numClasses="0" visitedMethods="1" numMethods="1" />
              <MetadataToken>100663556</MetadataToken>
              <Name>System.Void SportsWeb.Services.Utils.TimezoneMapping::.ctor()</Name>
              <FileRef uid="27" />
              <SequencePoints>
                <SequencePoint vc="16" uspid="1052" ordinal="0" offset="0" sl="13" sc="9" el="13" ec="33" bec="0" bev="0" fileid="27" />
                <SequencePoint vc="16" uspid="1053" ordinal="1" offset="7" sl="14" sc="9" el="14" ec="10" bec="0" bev="0" fileid="27" />
                <SequencePoint vc="16" uspid="1054" ordinal="2" offset="8" sl="15" sc="13" el="142" ec="15" bec="0" bev="0" fileid="27" />
                <SequencePoint vc="16" uspid="1055" ordinal="3" offset="1570" sl="148" sc="9" el="148" ec="10" bec="0" bev="0" fileid="27" />
              </SequencePoints>
              <BranchPoints />
              <MethodPoint xsi:type="SequencePoint" vc="16" uspid="1052" ordinal="0" offset="0" sl="13" sc="9" el="13" ec="33" bec="0" bev="0" fileid="27" />
            </Method>
          </Methods>
        </Class>
        <Class>
          <Summary numSequencePoints="3" visitedSequencePoints="3" numBranchPoints="1" visitedBranchPoints="1" sequenceCoverage="100" branchCoverage="100" maxCyclomaticComplexity="1" minCyclomaticComplexity="1" visitedClasses="1" numClasses="1" visitedMethods="1" numMethods="1" />
          <FullName>SportsWeb.Services.Utils.Helpers.DimLevelServiceHelper</FullName>
          <Methods>
            <Method visited="true" cyclomaticComplexity="1" nPathComplexity="0" sequenceCoverage="100" branchCoverage="100" isConstructor="false" isStatic="false" isGetter="false" isSetter="false">
              <Summary numSequencePoints="3" visitedSequencePoints="3" numBranchPoints="1" visitedBranchPoints="1" sequenceCoverage="100" branchCoverage="100" maxCyclomaticComplexity="1" minCyclomaticComplexity="1" visitedClasses="0" numClasses="0" visitedMethods="1" numMethods="1" />
              <MetadataToken>100663557</MetadataToken>
              <Name>SportsWeb.Services.Utils.SceneToDimLevelMapping SportsWeb.Services.Utils.Helpers.DimLevelServiceHelper::GetDimLevelMapping()</Name>
              <FileRef uid="28" />
              <SequencePoints>
                <SequencePoint vc="1" uspid="1056" ordinal="0" offset="0" sl="6" sc="9" el="6" ec="10" bec="0" bev="0" fileid="28" />
                <SequencePoint vc="1" uspid="1057" ordinal="1" offset="1" sl="7" sc="13" el="7" ec="49" bec="0" bev="0" fileid="28" />
                <SequencePoint vc="1" uspid="1058" ordinal="2" offset="9" sl="8" sc="9" el="8" ec="10" bec="0" bev="0" fileid="28" />
              </SequencePoints>
              <BranchPoints />
              <MethodPoint xsi:type="SequencePoint" vc="1" uspid="1056" ordinal="0" offset="0" sl="6" sc="9" el="6" ec="10" bec="0" bev="0" fileid="28" />
            </Method>
            <Method visited="true" cyclomaticComplexity="1" nPathComplexity="0" sequenceCoverage="0" branchCoverage="0" isConstructor="true" isStatic="false" isGetter="false" isSetter="false">
              <Summary numSequencePoints="0" visitedSequencePoints="0" numBranchPoints="0" visitedBranchPoints="0" sequenceCoverage="0" branchCoverage="0" maxCyclomaticComplexity="1" minCyclomaticComplexity="1" visitedClasses="0" numClasses="0" visitedMethods="0" numMethods="0" />
              <MetadataToken>100663558</MetadataToken>
              <Name>System.Void SportsWeb.Services.Utils.Helpers.DimLevelServiceHelper::.ctor()</Name>
              <SequencePoints />
              <BranchPoints />
              <MethodPoint vc="1" uspid="1059" ordinal="0" offset="0" />
            </Method>
          </Methods>
        </Class>
        <Class>
          <Summary numSequencePoints="28" visitedSequencePoints="13" numBranchPoints="17" visitedBranchPoints="6" sequenceCoverage="46.43" branchCoverage="35.29" maxCyclomaticComplexity="8" minCyclomaticComplexity="1" visitedClasses="1" numClasses="1" visitedMethods="2" numMethods="3" />
          <FullName>SportsWeb.Services.Utils.Helpers.Lambda</FullName>
          <Methods>
            <Method visited="true" cyclomaticComplexity="1" nPathComplexity="0" sequenceCoverage="100" branchCoverage="100" isConstructor="false" isStatic="true" isGetter="false" isSetter="false">
              <Summary numSequencePoints="3" visitedSequencePoints="3" numBranchPoints="1" visitedBranchPoints="1" sequenceCoverage="100" branchCoverage="100" maxCyclomaticComplexity="1" minCyclomaticComplexity="1" visitedClasses="0" numClasses="0" visitedMethods="1" numMethods="1" />
              <MetadataToken>100663559</MetadataToken>
              <Name>System.String SportsWeb.Services.Utils.Helpers.Lambda::GetName(System.Linq.Expressions.Expression`1&lt;System.Func`1&lt;T&gt;&gt;)</Name>
              <FileRef uid="29" />
              <SequencePoints>
                <SequencePoint vc="283" uspid="1060" ordinal="0" offset="0" sl="16" sc="9" el="16" ec="10" bec="0" bev="0" fileid="29" />
                <SequencePoint vc="283" uspid="1061" ordinal="1" offset="1" sl="17" sc="13" el="17" ec="73" bec="0" bev="0" fileid="29" />
                <SequencePoint vc="283" uspid="1062" ordinal="2" offset="20" sl="18" sc="9" el="18" ec="10" bec="0" bev="0" fileid="29" />
              </SequencePoints>
              <BranchPoints />
              <MethodPoint xsi:type="SequencePoint" vc="283" uspid="1060" ordinal="0" offset="0" sl="16" sc="9" el="16" ec="10" bec="0" bev="0" fileid="29" />
            </Method>
            <Method visited="true" cyclomaticComplexity="8" nPathComplexity="64" sequenceCoverage="52.63" branchCoverage="38.46" isConstructor="false" isStatic="true" isGetter="false" isSetter="false">
              <Summary numSequencePoints="19" visitedSequencePoints="10" numBranchPoints="13" visitedBranchPoints="5" sequenceCoverage="52.63" branchCoverage="38.46" maxCyclomaticComplexity="8" minCyclomaticComplexity="8" visitedClasses="0" numClasses="0" visitedMethods="1" numMethods="1" />
              <MetadataToken>100663560</MetadataToken>
              <Name>System.Linq.Expressions.MemberExpression SportsWeb.Services.Utils.Helpers.Lambda::GetMemberInfo(System.Linq.Expressions.Expression)</Name>
              <FileRef uid="29" />
              <SequencePoints>
                <SequencePoint vc="283" uspid="1063" ordinal="0" offset="0" sl="21" sc="9" el="21" ec="10" bec="0" bev="0" fileid="29" />
                <SequencePoint vc="283" uspid="1064" ordinal="1" offset="1" sl="22" sc="13" el="22" ec="76" bec="0" bev="0" fileid="29" />
                <SequencePoint vc="283" uspid="1065" ordinal="2" offset="8" sl="23" sc="13" el="23" ec="42" bec="2" bev="1" fileid="29" />
                <SequencePoint vc="0" uspid="1066" ordinal="3" offset="16" sl="24" sc="17" el="24" ec="76" bec="0" bev="0" fileid="29" />
                <SequencePoint vc="283" uspid="1067" ordinal="4" offset="27" sl="25" sc="13" el="25" ec="72" bec="0" bev="0" fileid="29" />
                <SequencePoint vc="283" uspid="1068" ordinal="5" offset="29" sl="26" sc="13" el="26" ec="74" bec="2" bev="1" fileid="29" />
                <SequencePoint vc="0" uspid="1069" ordinal="6" offset="48" sl="27" sc="17" el="27" ec="105" bec="0" bev="0" fileid="29" />
                <SequencePoint vc="283" uspid="1070" ordinal="7" offset="75" sl="28" sc="18" el="28" ec="84" bec="2" bev="1" fileid="29" />
                <SequencePoint vc="283" uspid="1071" ordinal="8" offset="96" sl="29" sc="17" el="29" ec="78" bec="0" bev="0" fileid="29" />
                <SequencePoint vc="0" uspid="1072" ordinal="9" offset="110" sl="30" sc="18" el="30" ec="83" bec="2" bev="0" fileid="29" />
                <SequencePoint vc="0" uspid="1073" ordinal="10" offset="130" sl="31" sc="13" el="31" ec="14" bec="0" bev="0" fileid="29" />
                <SequencePoint vc="0" uspid="1074" ordinal="11" offset="131" sl="32" sc="17" el="32" ec="93" bec="0" bev="0" fileid="29" />
                <SequencePoint vc="0" uspid="1075" ordinal="12" offset="144" sl="33" sc="17" el="33" ec="34" bec="2" bev="0" fileid="29" />
                <SequencePoint vc="0" uspid="1076" ordinal="13" offset="155" sl="34" sc="21" el="34" ec="163" bec="0" bev="0" fileid="29" />
                <SequencePoint vc="0" uspid="1077" ordinal="14" offset="211" sl="35" sc="13" el="35" ec="14" bec="0" bev="0" fileid="29" />
                <SequencePoint vc="283" uspid="1078" ordinal="15" offset="212" sl="36" sc="13" el="36" ec="42" bec="2" bev="1" fileid="29" />
                <SequencePoint vc="0" uspid="1079" ordinal="16" offset="222" sl="37" sc="17" el="37" ec="99" bec="0" bev="0" fileid="29" />
                <SequencePoint vc="283" uspid="1080" ordinal="17" offset="233" sl="38" sc="13" el="38" ec="37" bec="0" bev="0" fileid="29" />
                <SequencePoint vc="283" uspid="1081" ordinal="18" offset="238" sl="39" sc="9" el="39" ec="10" bec="0" bev="0" fileid="29" />
              </SequencePoints>
              <BranchPoints>
                <BranchPoint vc="0" uspid="1082" ordinal="0" offset="14" sl="23" path="0" offsetend="16" fileid="29" />
                <BranchPoint vc="283" uspid="1083" ordinal="1" offset="14" sl="23" path="1" offsetend="27" fileid="29" />
                <BranchPoint vc="0" uspid="1084" ordinal="2" offset="46" sl="26" path="0" offsetend="48" fileid="29" />
                <BranchPoint vc="283" uspid="1085" ordinal="3" offset="46" sl="26" path="1" offsetend="75" fileid="29" />
                <BranchPoint vc="283" uspid="1086" ordinal="4" offset="94" sl="28" path="0" offsetend="96" fileid="29" />
                <BranchPoint vc="0" uspid="1087" ordinal="5" offset="94" sl="28" path="1" offsetend="110" fileid="29" />
                <BranchPoint vc="0" uspid="1088" ordinal="6" offset="128" sl="30" path="0" offsetend="130" fileid="29" />
                <BranchPoint vc="0" uspid="1089" ordinal="7" offset="128" sl="30" path="1" offsetend="212" fileid="29" />
                <BranchPoint vc="0" uspid="1090" ordinal="8" offset="153" sl="33" path="0" offsetend="155" fileid="29" />
                <BranchPoint vc="0" uspid="1091" ordinal="9" offset="153" sl="33" path="1" offsetend="211" fileid="29" />
                <BranchPoint vc="0" uspid="1094" ordinal="12" offset="220" sl="36" path="0" offsetend="222" fileid="29" />
                <BranchPoint vc="283" uspid="1095" ordinal="13" offset="220" sl="36" path="1" offsetend="233" fileid="29" />
              </BranchPoints>
              <MethodPoint xsi:type="SequencePoint" vc="283" uspid="1063" ordinal="0" offset="0" sl="21" sc="9" el="21" ec="10" bec="0" bev="0" fileid="29" />
            </Method>
            <Method visited="false" cyclomaticComplexity="2" nPathComplexity="2" sequenceCoverage="0" branchCoverage="0" isConstructor="false" isStatic="true" isGetter="false" isSetter="false">
              <Summary numSequencePoints="6" visitedSequencePoints="0" numBranchPoints="3" visitedBranchPoints="0" sequenceCoverage="0" branchCoverage="0" maxCyclomaticComplexity="2" minCyclomaticComplexity="2" visitedClasses="0" numClasses="0" visitedMethods="0" numMethods="1" />
              <MetadataToken>100663561</MetadataToken>
              <Name>System.String SportsWeb.Services.Utils.Helpers.Lambda::GetName(System.Linq.Expressions.Expression`1&lt;System.Func`2&lt;T,P&gt;&gt;)</Name>
              <FileRef uid="29" />
              <SequencePoints>
                <SequencePoint vc="0" uspid="1096" ordinal="0" offset="0" sl="42" sc="9" el="42" ec="10" bec="0" bev="0" fileid="29" />
                <SequencePoint vc="0" uspid="1097" ordinal="1" offset="1" sl="43" sc="13" el="43" ec="73" bec="0" bev="0" fileid="29" />
                <SequencePoint vc="0" uspid="1098" ordinal="2" offset="13" sl="44" sc="13" el="44" ec="30" bec="2" bev="0" fileid="29" />
                <SequencePoint vc="0" uspid="1099" ordinal="3" offset="21" sl="45" sc="17" el="45" ec="87" bec="0" bev="0" fileid="29" />
                <SequencePoint vc="0" uspid="1100" ordinal="4" offset="32" sl="46" sc="13" el="46" ec="37" bec="0" bev="0" fileid="29" />
                <SequencePoint vc="0" uspid="1101" ordinal="5" offset="46" sl="47" sc="9" el="47" ec="10" bec="0" bev="0" fileid="29" />
              </SequencePoints>
              <BranchPoints>
                <BranchPoint vc="0" uspid="1102" ordinal="0" offset="19" sl="44" path="0" offsetend="21" fileid="29" />
                <BranchPoint vc="0" uspid="1103" ordinal="1" offset="19" sl="44" path="1" offsetend="32" fileid="29" />
              </BranchPoints>
              <MethodPoint xsi:type="SequencePoint" vc="0" uspid="1096" ordinal="0" offset="0" sl="42" sc="9" el="42" ec="10" bec="0" bev="0" fileid="29" />
            </Method>
          </Methods>
        </Class>
        <Class>
          <Summary numSequencePoints="24" visitedSequencePoints="12" numBranchPoints="6" visitedBranchPoints="3" sequenceCoverage="50" branchCoverage="50" maxCyclomaticComplexity="3" minCyclomaticComplexity="1" visitedClasses="1" numClasses="1" visitedMethods="1" numMethods="2" />
          <FullName>SportsWeb.Services.Utils.Helpers.ResourceHelper</FullName>
          <Methods>
            <Method visited="true" cyclomaticComplexity="2" nPathComplexity="2" sequenceCoverage="100" branchCoverage="100" isConstructor="false" isStatic="true" isGetter="false" isSetter="false">
              <Summary numSequencePoints="12" visitedSequencePoints="12" numBranchPoints="3" visitedBranchPoints="3" sequenceCoverage="100" branchCoverage="100" maxCyclomaticComplexity="2" minCyclomaticComplexity="2" visitedClasses="0" numClasses="0" visitedMethods="1" numMethods="1" />
              <MetadataToken>100663562</MetadataToken>
              <Name>System.Collections.Generic.Dictionary`2&lt;System.String,System.String&gt; SportsWeb.Services.Utils.Helpers.ResourceHelper::GetResourceDictionary(System.Globalization.CultureInfo,System.Resources.ResourceManager)</Name>
              <FileRef uid="30" />
              <SequencePoints>
                <SequencePoint vc="282" uspid="1104" ordinal="0" offset="0" sl="31" sc="9" el="31" ec="10" bec="0" bev="0" fileid="30" />
                <SequencePoint vc="282" uspid="1105" ordinal="1" offset="1" sl="32" sc="13" el="32" ec="112" bec="0" bev="0" fileid="30" />
                <SequencePoint vc="282" uspid="1106" ordinal="2" offset="15" sl="33" sc="13" el="33" ec="86" bec="0" bev="0" fileid="30" />
                <SequencePoint vc="282" uspid="1107" ordinal="3" offset="21" sl="34" sc="13" el="34" ec="76" bec="0" bev="0" fileid="30" />
                <SequencePoint vc="282" uspid="1108" ordinal="4" offset="28" sl="35" sc="13" el="35" ec="32" bec="0" bev="0" fileid="30" />
                <SequencePoint vc="128310" uspid="1109" ordinal="5" offset="37" sl="37" sc="13" el="37" ec="14" bec="0" bev="0" fileid="30" />
                <SequencePoint vc="128310" uspid="1110" ordinal="6" offset="38" sl="38" sc="17" el="38" ec="56" bec="0" bev="0" fileid="30" />
                <SequencePoint vc="128310" uspid="1111" ordinal="7" offset="50" sl="39" sc="17" el="39" ec="82" bec="0" bev="0" fileid="30" />
                <SequencePoint vc="128310" uspid="1112" ordinal="8" offset="66" sl="40" sc="13" el="40" ec="14" bec="0" bev="0" fileid="30" />
                <SequencePoint vc="128592" uspid="1113" ordinal="9" offset="67" sl="36" sc="13" el="36" ec="42" bec="2" bev="2" fileid="30" />
                <SequencePoint vc="282" uspid="1114" ordinal="10" offset="79" sl="41" sc="13" el="41" ec="31" bec="0" bev="0" fileid="30" />
                <SequencePoint vc="282" uspid="1115" ordinal="11" offset="84" sl="42" sc="9" el="42" ec="10" bec="0" bev="0" fileid="30" />
              </SequencePoints>
              <BranchPoints>
                <BranchPoint vc="282" uspid="1116" ordinal="0" offset="77" sl="36" path="0" offsetend="79" fileid="30" />
                <BranchPoint vc="128310" uspid="1117" ordinal="1" offset="77" sl="36" path="1" offsetend="37" fileid="30" />
              </BranchPoints>
              <MethodPoint xsi:type="SequencePoint" vc="282" uspid="1104" ordinal="0" offset="0" sl="31" sc="9" el="31" ec="10" bec="0" bev="0" fileid="30" />
            </Method>
            <Method visited="false" cyclomaticComplexity="3" nPathComplexity="2" sequenceCoverage="0" branchCoverage="0" isConstructor="false" isStatic="true" isGetter="false" isSetter="false">
              <Summary numSequencePoints="12" visitedSequencePoints="0" numBranchPoints="3" visitedBranchPoints="0" sequenceCoverage="0" branchCoverage="0" maxCyclomaticComplexity="3" minCyclomaticComplexity="3" visitedClasses="0" numClasses="0" visitedMethods="0" numMethods="1" />
              <MetadataToken>100663563</MetadataToken>
              <Name>System.Collections.Generic.Dictionary`2&lt;System.String,System.String&gt; SportsWeb.Services.Utils.Helpers.ResourceHelper::MergeDictionaries(System.Collections.Generic.Dictionary`2&lt;System.String,System.String&gt;,System.Collections.Generic.Dictionary`2&lt;System.String,System.String&gt;)</Name>
              <FileRef uid="30" />
              <SequencePoints>
                <SequencePoint vc="0" uspid="1118" ordinal="0" offset="0" sl="48" sc="9" el="48" ec="10" bec="0" bev="0" fileid="30" />
                <SequencePoint vc="0" uspid="1119" ordinal="1" offset="1" sl="49" sc="13" el="49" ec="120" bec="0" bev="0" fileid="30" />
                <SequencePoint vc="0" uspid="1120" ordinal="2" offset="8" sl="50" sc="13" el="50" ec="20" bec="0" bev="0" fileid="30" />
                <SequencePoint vc="0" uspid="1121" ordinal="3" offset="9" sl="50" sc="67" el="50" ec="73" bec="0" bev="0" fileid="30" />
                <SequencePoint vc="0" uspid="1122" ordinal="4" offset="18" sl="50" sc="22" el="50" ec="63" bec="0" bev="0" fileid="30" />
                <SequencePoint vc="0" uspid="1123" ordinal="5" offset="26" sl="51" sc="13" el="51" ec="14" bec="0" bev="0" fileid="30" />
                <SequencePoint vc="0" uspid="1124" ordinal="6" offset="27" sl="52" sc="17" el="52" ec="63" bec="2" bev="0" fileid="30" />
                <SequencePoint vc="0" uspid="1125" ordinal="7" offset="47" sl="53" sc="21" el="53" ec="71" bec="0" bev="0" fileid="30" />
                <SequencePoint vc="0" uspid="1126" ordinal="8" offset="68" sl="54" sc="13" el="54" ec="14" bec="0" bev="0" fileid="30" />
                <SequencePoint vc="0" uspid="1127" ordinal="9" offset="69" sl="50" sc="64" el="50" ec="66" bec="0" bev="0" fileid="30" />
                <SequencePoint vc="0" uspid="1128" ordinal="10" offset="95" sl="55" sc="13" el="55" ec="31" bec="0" bev="0" fileid="30" />
                <SequencePoint vc="0" uspid="1129" ordinal="11" offset="100" sl="56" sc="9" el="56" ec="10" bec="0" bev="0" fileid="30" />
              </SequencePoints>
              <BranchPoints>
                <BranchPoint vc="0" uspid="1130" ordinal="0" offset="45" sl="52" path="0" offsetend="47" fileid="30" />
                <BranchPoint vc="0" uspid="1131" ordinal="1" offset="45" sl="52" path="1" offsetend="68" fileid="30" />
              </BranchPoints>
              <MethodPoint xsi:type="SequencePoint" vc="0" uspid="1118" ordinal="0" offset="0" sl="48" sc="9" el="48" ec="10" bec="0" bev="0" fileid="30" />
            </Method>
            <Method visited="false" cyclomaticComplexity="1" nPathComplexity="0" sequenceCoverage="0" branchCoverage="0" isConstructor="true" isStatic="false" isGetter="false" isSetter="false">
              <Summary numSequencePoints="0" visitedSequencePoints="0" numBranchPoints="0" visitedBranchPoints="0" sequenceCoverage="0" branchCoverage="0" maxCyclomaticComplexity="1" minCyclomaticComplexity="1" visitedClasses="0" numClasses="0" visitedMethods="0" numMethods="0" />
              <MetadataToken>100663564</MetadataToken>
              <Name>System.Void SportsWeb.Services.Utils.Helpers.ResourceHelper::.ctor()</Name>
              <SequencePoints />
              <BranchPoints />
              <MethodPoint vc="0" uspid="1134" ordinal="0" offset="0" />
            </Method>
          </Methods>
        </Class>
        <Class>
          <Summary numSequencePoints="46" visitedSequencePoints="45" numBranchPoints="15" visitedBranchPoints="13" sequenceCoverage="97.83" branchCoverage="86.67" maxCyclomaticComplexity="3" minCyclomaticComplexity="1" visitedClasses="1" numClasses="1" visitedMethods="7" numMethods="7" />
          <FullName>SportsWeb.Services.Utils.Helpers.StartUpHelpers</FullName>
          <Methods>
            <Method visited="true" cyclomaticComplexity="3" nPathComplexity="4" sequenceCoverage="92.31" branchCoverage="60" isConstructor="false" isStatic="true" isGetter="false" isSetter="false">
              <Summary numSequencePoints="13" visitedSequencePoints="12" numBranchPoints="5" visitedBranchPoints="3" sequenceCoverage="92.31" branchCoverage="60" maxCyclomaticComplexity="3" minCyclomaticComplexity="3" visitedClasses="0" numClasses="0" visitedMethods="1" numMethods="1" />
              <MetadataToken>100663565</MetadataToken>
              <Name>System.Void SportsWeb.Services.Utils.Helpers.StartUpHelpers::ConfigureElasticSearchAppender(System.String,System.String,log4net.ILog)</Name>
              <FileRef uid="31" />
              <SequencePoints>
                <SequencePoint vc="1" uspid="1135" ordinal="0" offset="0" sl="21" sc="9" el="21" ec="10" bec="0" bev="0" fileid="31" />
                <SequencePoint vc="1" uspid="1136" ordinal="1" offset="1" sl="22" sc="13" el="22" ec="98" bec="2" bev="1" fileid="31" />
                <SequencePoint vc="0" uspid="1137" ordinal="2" offset="16" sl="22" sc="99" el="22" ec="106" bec="0" bev="0" fileid="31" />
                <SequencePoint vc="1" uspid="1138" ordinal="3" offset="18" sl="24" sc="13" el="25" ec="127" bec="0" bev="0" fileid="31" />
                <SequencePoint vc="1" uspid="1139" ordinal="4" offset="41" sl="26" sc="13" el="27" ec="108" bec="0" bev="0" fileid="31" />
                <SequencePoint vc="1" uspid="1140" ordinal="5" offset="62" sl="29" sc="13" el="29" ec="47" bec="2" bev="1" fileid="31" />
                <SequencePoint vc="1" uspid="1141" ordinal="6" offset="70" sl="30" sc="13" el="30" ec="14" bec="0" bev="0" fileid="31" />
                <SequencePoint vc="1" uspid="1142" ordinal="7" offset="71" sl="31" sc="17" el="31" ec="88" bec="0" bev="0" fileid="31" />
                <SequencePoint vc="1" uspid="1143" ordinal="8" offset="79" sl="32" sc="17" el="32" ec="57" bec="0" bev="0" fileid="31" />
                <SequencePoint vc="1" uspid="1144" ordinal="9" offset="86" sl="33" sc="17" el="33" ec="62" bec="0" bev="0" fileid="31" />
                <SequencePoint vc="1" uspid="1145" ordinal="10" offset="103" sl="34" sc="17" el="34" ec="47" bec="0" bev="0" fileid="31" />
                <SequencePoint vc="1" uspid="1146" ordinal="11" offset="110" sl="35" sc="13" el="35" ec="14" bec="0" bev="0" fileid="31" />
                <SequencePoint vc="1" uspid="1147" ordinal="12" offset="111" sl="36" sc="9" el="36" ec="10" bec="0" bev="0" fileid="31" />
              </SequencePoints>
              <BranchPoints>
                <BranchPoint vc="0" uspid="1148" ordinal="0" offset="14" sl="22" path="0" offsetchain="16" offsetend="111" fileid="31" />
                <BranchPoint vc="1" uspid="1149" ordinal="1" offset="14" sl="22" path="1" offsetend="18" fileid="31" />
                <BranchPoint vc="1" uspid="1150" ordinal="2" offset="68" sl="29" path="0" offsetend="70" fileid="31" />
                <BranchPoint vc="0" uspid="1151" ordinal="3" offset="68" sl="29" path="1" offsetend="111" fileid="31" />
              </BranchPoints>
              <MethodPoint xsi:type="SequencePoint" vc="1" uspid="1135" ordinal="0" offset="0" sl="21" sc="9" el="21" ec="10" bec="0" bev="0" fileid="31" />
            </Method>
            <Method visited="true" cyclomaticComplexity="3" nPathComplexity="4" sequenceCoverage="100" branchCoverage="100" isConstructor="false" isStatic="true" isGetter="false" isSetter="false">
              <Summary numSequencePoints="10" visitedSequencePoints="10" numBranchPoints="5" visitedBranchPoints="5" sequenceCoverage="100" branchCoverage="100" maxCyclomaticComplexity="3" minCyclomaticComplexity="3" visitedClasses="0" numClasses="0" visitedMethods="1" numMethods="1" />
              <MetadataToken>100663566</MetadataToken>
              <Name>System.Boolean SportsWeb.Services.Utils.Helpers.StartUpHelpers::ValidateElasticSearchParameters(System.String,System.String,log4net.ILog)</Name>
              <FileRef uid="31" />
              <SequencePoints>
                <SequencePoint vc="4" uspid="1152" ordinal="0" offset="0" sl="40" sc="9" el="40" ec="10" bec="0" bev="0" fileid="31" />
                <SequencePoint vc="4" uspid="1153" ordinal="1" offset="1" sl="41" sc="13" el="41" ec="61" bec="2" bev="2" fileid="31" />
                <SequencePoint vc="1" uspid="1154" ordinal="2" offset="11" sl="42" sc="13" el="42" ec="14" bec="0" bev="0" fileid="31" />
                <SequencePoint vc="1" uspid="1155" ordinal="3" offset="12" sl="43" sc="17" el="43" ec="76" bec="0" bev="0" fileid="31" />
                <SequencePoint vc="1" uspid="1156" ordinal="4" offset="29" sl="44" sc="17" el="44" ec="30" bec="0" bev="0" fileid="31" />
                <SequencePoint vc="3" uspid="1157" ordinal="5" offset="33" sl="47" sc="13" el="47" ec="58" bec="2" bev="2" fileid="31" />
                <SequencePoint vc="1" uspid="1158" ordinal="6" offset="43" sl="48" sc="13" el="48" ec="14" bec="0" bev="0" fileid="31" />
                <SequencePoint vc="1" uspid="1159" ordinal="7" offset="44" sl="49" sc="17" el="50" ec="106" bec="0" bev="0" fileid="31" />
                <SequencePoint vc="2" uspid="1160" ordinal="8" offset="55" sl="53" sc="13" el="53" ec="25" bec="0" bev="0" fileid="31" />
                <SequencePoint vc="3" uspid="1161" ordinal="9" offset="59" sl="54" sc="9" el="54" ec="10" bec="0" bev="0" fileid="31" />
              </SequencePoints>
              <BranchPoints>
                <BranchPoint vc="1" uspid="1162" ordinal="0" offset="9" sl="41" path="0" offsetend="11" fileid="31" />
                <BranchPoint vc="3" uspid="1163" ordinal="1" offset="9" sl="41" path="1" offsetend="33" fileid="31" />
                <BranchPoint vc="1" uspid="1164" ordinal="2" offset="41" sl="47" path="0" offsetend="43" fileid="31" />
                <BranchPoint vc="2" uspid="1165" ordinal="3" offset="41" sl="47" path="1" offsetend="55" fileid="31" />
              </BranchPoints>
              <MethodPoint xsi:type="SequencePoint" vc="4" uspid="1152" ordinal="0" offset="0" sl="40" sc="9" el="40" ec="10" bec="0" bev="0" fileid="31" />
            </Method>
            <Method visited="true" cyclomaticComplexity="1" nPathComplexity="0" sequenceCoverage="100" branchCoverage="100" isConstructor="false" isStatic="true" isGetter="false" isSetter="false">
              <Summary numSequencePoints="4" visitedSequencePoints="4" numBranchPoints="1" visitedBranchPoints="1" sequenceCoverage="100" branchCoverage="100" maxCyclomaticComplexity="1" minCyclomaticComplexity="1" visitedClasses="0" numClasses="0" visitedMethods="1" numMethods="1" />
              <MetadataToken>100663567</MetadataToken>
              <Name>SportsWeb.Services.Configuration.StageConfiguration SportsWeb.Services.Utils.Helpers.StartUpHelpers::GetStageConfiguration(System.String,System.String,System.String)</Name>
              <FileRef uid="31" />
              <SequencePoints>
                <SequencePoint vc="1" uspid="1166" ordinal="0" offset="0" sl="57" sc="9" el="57" ec="10" bec="0" bev="0" fileid="31" />
                <SequencePoint vc="1" uspid="1167" ordinal="1" offset="1" sl="58" sc="13" el="58" ec="125" bec="0" bev="0" fileid="31" />
                <SequencePoint vc="1" uspid="1168" ordinal="2" offset="18" sl="59" sc="13" el="59" ec="39" bec="0" bev="0" fileid="31" />
                <SequencePoint vc="1" uspid="1169" ordinal="3" offset="22" sl="60" sc="9" el="60" ec="10" bec="0" bev="0" fileid="31" />
              </SequencePoints>
              <BranchPoints />
              <MethodPoint xsi:type="SequencePoint" vc="1" uspid="1166" ordinal="0" offset="0" sl="57" sc="9" el="57" ec="10" bec="0" bev="0" fileid="31" />
            </Method>
            <Method visited="true" cyclomaticComplexity="1" nPathComplexity="0" sequenceCoverage="100" branchCoverage="100" isConstructor="false" isStatic="true" isGetter="false" isSetter="false">
              <Summary numSequencePoints="5" visitedSequencePoints="5" numBranchPoints="1" visitedBranchPoints="1" sequenceCoverage="100" branchCoverage="100" maxCyclomaticComplexity="1" minCyclomaticComplexity="1" visitedClasses="0" numClasses="0" visitedMethods="1" numMethods="1" />
              <MetadataToken>100663568</MetadataToken>
              <Name>SportsWeb.Services.Configuration.DatabaseConfiguration SportsWeb.Services.Utils.Helpers.StartUpHelpers::GetDatabaseConfiguration(SportsWeb.Services.Configuration.StageConfiguration)</Name>
              <FileRef uid="31" />
              <SequencePoints>
                <SequencePoint vc="1" uspid="1170" ordinal="0" offset="0" sl="63" sc="9" el="63" ec="10" bec="0" bev="0" fileid="31" />
                <SequencePoint vc="1" uspid="1171" ordinal="1" offset="1" sl="64" sc="13" el="64" ec="89" bec="0" bev="0" fileid="31" />
                <SequencePoint vc="1" uspid="1172" ordinal="2" offset="17" sl="66" sc="13" el="77" ec="15" bec="0" bev="0" fileid="31" />
                <SequencePoint vc="1" uspid="1173" ordinal="3" offset="139" sl="79" sc="13" el="79" ec="42" bec="0" bev="0" fileid="31" />
                <SequencePoint vc="1" uspid="1174" ordinal="4" offset="143" sl="80" sc="9" el="80" ec="10" bec="0" bev="0" fileid="31" />
              </SequencePoints>
              <BranchPoints />
              <MethodPoint xsi:type="SequencePoint" vc="1" uspid="1170" ordinal="0" offset="0" sl="63" sc="9" el="63" ec="10" bec="0" bev="0" fileid="31" />
            </Method>
            <Method visited="true" cyclomaticComplexity="1" nPathComplexity="0" sequenceCoverage="100" branchCoverage="100" isConstructor="false" isStatic="true" isGetter="false" isSetter="false">
              <Summary numSequencePoints="4" visitedSequencePoints="4" numBranchPoints="1" visitedBranchPoints="1" sequenceCoverage="100" branchCoverage="100" maxCyclomaticComplexity="1" minCyclomaticComplexity="1" visitedClasses="0" numClasses="0" visitedMethods="1" numMethods="1" />
              <MetadataToken>100663569</MetadataToken>
              <Name>SportsWeb.Services.Configuration.AmplightApiConfiguration SportsWeb.Services.Utils.Helpers.StartUpHelpers::GetAmplightConfiguration(SportsWeb.Services.Configuration.StageConfiguration)</Name>
              <FileRef uid="31" />
              <SequencePoints>
                <SequencePoint vc="1" uspid="1175" ordinal="0" offset="0" sl="83" sc="9" el="83" ec="10" bec="0" bev="0" fileid="31" />
                <SequencePoint vc="1" uspid="1176" ordinal="1" offset="1" sl="84" sc="13" el="89" ec="15" bec="0" bev="0" fileid="31" />
                <SequencePoint vc="1" uspid="1177" ordinal="2" offset="46" sl="91" sc="13" el="91" ec="38" bec="0" bev="0" fileid="31" />
                <SequencePoint vc="1" uspid="1178" ordinal="3" offset="50" sl="92" sc="9" el="92" ec="10" bec="0" bev="0" fileid="31" />
              </SequencePoints>
              <BranchPoints />
              <MethodPoint xsi:type="SequencePoint" vc="1" uspid="1175" ordinal="0" offset="0" sl="83" sc="9" el="83" ec="10" bec="0" bev="0" fileid="31" />
            </Method>
            <Method visited="true" cyclomaticComplexity="1" nPathComplexity="0" sequenceCoverage="100" branchCoverage="100" isConstructor="false" isStatic="true" isGetter="false" isSetter="false">
              <Summary numSequencePoints="4" visitedSequencePoints="4" numBranchPoints="1" visitedBranchPoints="1" sequenceCoverage="100" branchCoverage="100" maxCyclomaticComplexity="1" minCyclomaticComplexity="1" visitedClasses="0" numClasses="0" visitedMethods="1" numMethods="1" />
              <MetadataToken>100663570</MetadataToken>
              <Name>System.Void SportsWeb.Services.Utils.Helpers.StartUpHelpers::SetThreadCulture(System.Globalization.CultureInfo)</Name>
              <FileRef uid="31" />
              <SequencePoints>
                <SequencePoint vc="2" uspid="1179" ordinal="0" offset="0" sl="95" sc="9" el="95" ec="10" bec="0" bev="0" fileid="31" />
                <SequencePoint vc="2" uspid="1180" ordinal="1" offset="1" sl="96" sc="13" el="96" ec="59" bec="0" bev="0" fileid="31" />
                <SequencePoint vc="2" uspid="1181" ordinal="2" offset="13" sl="97" sc="13" el="97" ec="61" bec="0" bev="0" fileid="31" />
                <SequencePoint vc="2" uspid="1182" ordinal="3" offset="25" sl="98" sc="9" el="98" ec="10" bec="0" bev="0" fileid="31" />
              </SequencePoints>
              <BranchPoints />
              <MethodPoint xsi:type="SequencePoint" vc="2" uspid="1179" ordinal="0" offset="0" sl="95" sc="9" el="95" ec="10" bec="0" bev="0" fileid="31" />
            </Method>
            <Method visited="true" cyclomaticComplexity="1" nPathComplexity="0" sequenceCoverage="100" branchCoverage="100" isConstructor="false" isStatic="true" isGetter="false" isSetter="false">
              <Summary numSequencePoints="6" visitedSequencePoints="6" numBranchPoints="1" visitedBranchPoints="1" sequenceCoverage="100" branchCoverage="100" maxCyclomaticComplexity="1" minCyclomaticComplexity="1" visitedClasses="0" numClasses="0" visitedMethods="1" numMethods="1" />
              <MetadataToken>100663571</MetadataToken>
              <Name>System.Void SportsWeb.Services.Utils.Helpers.StartUpHelpers::ChangeCulture(System.Security.Principal.IPrincipal)</Name>
              <FileRef uid="31" />
              <SequencePoints>
                <SequencePoint vc="1" uspid="1183" ordinal="0" offset="0" sl="101" sc="9" el="101" ec="10" bec="0" bev="0" fileid="31" />
                <SequencePoint vc="1" uspid="1184" ordinal="1" offset="1" sl="102" sc="13" el="102" ec="65" bec="0" bev="0" fileid="31" />
                <SequencePoint vc="1" uspid="1185" ordinal="2" offset="8" sl="103" sc="13" el="103" ec="67" bec="0" bev="0" fileid="31" />
                <SequencePoint vc="1" uspid="1186" ordinal="3" offset="15" sl="104" sc="13" el="104" ec="43" bec="0" bev="0" fileid="31" />
                <SequencePoint vc="1" uspid="1187" ordinal="4" offset="22" sl="105" sc="13" el="105" ec="58" bec="0" bev="0" fileid="31" />
                <SequencePoint vc="1" uspid="1188" ordinal="5" offset="29" sl="106" sc="9" el="106" ec="10" bec="0" bev="0" fileid="31" />
              </SequencePoints>
              <BranchPoints />
              <MethodPoint xsi:type="SequencePoint" vc="1" uspid="1183" ordinal="0" offset="0" sl="101" sc="9" el="101" ec="10" bec="0" bev="0" fileid="31" />
            </Method>
          </Methods>
        </Class>
        <Class>
          <Summary numSequencePoints="34" visitedSequencePoints="34" numBranchPoints="3" visitedBranchPoints="3" sequenceCoverage="100" branchCoverage="100" maxCyclomaticComplexity="3" minCyclomaticComplexity="1" visitedClasses="1" numClasses="1" visitedMethods="3" numMethods="3" />
          <FullName>SportsWeb.Services.Utils.Helpers.AesEncryptorDecryptor</FullName>
          <Methods>
            <Method visited="true" cyclomaticComplexity="1" nPathComplexity="0" sequenceCoverage="100" branchCoverage="100" isConstructor="false" isStatic="true" isGetter="false" isSetter="false">
              <Summary numSequencePoints="7" visitedSequencePoints="7" numBranchPoints="1" visitedBranchPoints="1" sequenceCoverage="100" branchCoverage="100" maxCyclomaticComplexity="1" minCyclomaticComplexity="1" visitedClasses="0" numClasses="0" visitedMethods="1" numMethods="1" />
              <MetadataToken>100663572</MetadataToken>
              <Name>System.Byte[] SportsWeb.Services.Utils.Helpers.AesEncryptorDecryptor::GetHashKey(System.String)</Name>
              <FileRef uid="32" />
              <SequencePoints>
                <SequencePoint vc="6" uspid="1189" ordinal="0" offset="0" sl="15" sc="9" el="15" ec="10" bec="0" bev="0" fileid="32" />
                <SequencePoint vc="6" uspid="1190" ordinal="1" offset="1" sl="18" sc="13" el="18" ec="55" bec="0" bev="0" fileid="32" />
                <SequencePoint vc="6" uspid="1191" ordinal="2" offset="7" sl="20" sc="13" el="20" ec="39" bec="0" bev="0" fileid="32" />
                <SequencePoint vc="6" uspid="1192" ordinal="3" offset="13" sl="21" sc="13" el="21" ec="55" bec="0" bev="0" fileid="32" />
                <SequencePoint vc="6" uspid="1193" ordinal="4" offset="21" sl="23" sc="13" el="23" ec="83" bec="0" bev="0" fileid="32" />
                <SequencePoint vc="6" uspid="1194" ordinal="5" offset="29" sl="25" sc="13" el="25" ec="37" bec="0" bev="0" fileid="32" />
                <SequencePoint vc="6" uspid="1195" ordinal="6" offset="41" sl="26" sc="9" el="26" ec="10" bec="0" bev="0" fileid="32" />
              </SequencePoints>
              <BranchPoints />
              <MethodPoint xsi:type="SequencePoint" vc="6" uspid="1189" ordinal="0" offset="0" sl="15" sc="9" el="15" ec="10" bec="0" bev="0" fileid="32" />
            </Method>
            <Method visited="true" cyclomaticComplexity="3" nPathComplexity="0" sequenceCoverage="100" branchCoverage="100" isConstructor="false" isStatic="false" isGetter="false" isSetter="false">
              <Summary numSequencePoints="12" visitedSequencePoints="12" numBranchPoints="1" visitedBranchPoints="1" sequenceCoverage="100" branchCoverage="100" maxCyclomaticComplexity="3" minCyclomaticComplexity="3" visitedClasses="0" numClasses="0" visitedMethods="1" numMethods="1" />
              <MetadataToken>100663573</MetadataToken>
              <Name>System.String SportsWeb.Services.Utils.Helpers.AesEncryptorDecryptor::Encrypt(System.String)</Name>
              <FileRef uid="32" />
              <SequencePoints>
                <SequencePoint vc="2" uspid="1196" ordinal="0" offset="0" sl="29" sc="9" el="29" ec="10" bec="0" bev="0" fileid="32" />
                <SequencePoint vc="2" uspid="1197" ordinal="1" offset="1" sl="31" sc="13" el="35" ec="15" bec="0" bev="0" fileid="32" />
                <SequencePoint vc="2" uspid="1198" ordinal="2" offset="41" sl="38" sc="20" el="38" ec="70" bec="0" bev="0" fileid="32" />
                <SequencePoint vc="2" uspid="1199" ordinal="3" offset="47" sl="39" sc="13" el="39" ec="14" bec="0" bev="0" fileid="32" />
                <SequencePoint vc="2" uspid="1200" ordinal="4" offset="48" sl="41" sc="24" el="41" ec="134" bec="0" bev="0" fileid="32" />
                <SequencePoint vc="2" uspid="1201" ordinal="5" offset="62" sl="42" sc="17" el="42" ec="18" bec="0" bev="0" fileid="32" />
                <SequencePoint vc="2" uspid="1202" ordinal="6" offset="63" sl="44" sc="21" el="44" ec="74" bec="0" bev="0" fileid="32" />
                <SequencePoint vc="2" uspid="1203" ordinal="7" offset="75" sl="45" sc="21" el="45" ec="59" bec="0" bev="0" fileid="32" />
                <SequencePoint vc="2" uspid="1204" ordinal="8" offset="87" sl="46" sc="21" el="46" ec="47" bec="0" bev="0" fileid="32" />
                <SequencePoint vc="2" uspid="1205" ordinal="9" offset="94" sl="47" sc="21" el="47" ec="37" bec="0" bev="0" fileid="32" />
                <SequencePoint vc="2" uspid="1206" ordinal="10" offset="101" sl="49" sc="21" el="49" ec="79" bec="0" bev="0" fileid="32" />
                <SequencePoint vc="2" uspid="1207" ordinal="11" offset="138" sl="52" sc="9" el="52" ec="10" bec="0" bev="0" fileid="32" />
              </SequencePoints>
              <BranchPoints />
              <MethodPoint xsi:type="SequencePoint" vc="2" uspid="1196" ordinal="0" offset="0" sl="29" sc="9" el="29" ec="10" bec="0" bev="0" fileid="32" />
            </Method>
            <Method visited="true" cyclomaticComplexity="3" nPathComplexity="0" sequenceCoverage="100" branchCoverage="100" isConstructor="false" isStatic="false" isGetter="false" isSetter="false">
              <Summary numSequencePoints="15" visitedSequencePoints="15" numBranchPoints="1" visitedBranchPoints="1" sequenceCoverage="100" branchCoverage="100" maxCyclomaticComplexity="3" minCyclomaticComplexity="3" visitedClasses="0" numClasses="0" visitedMethods="1" numMethods="1" />
              <MetadataToken>100663574</MetadataToken>
              <Name>System.String SportsWeb.Services.Utils.Helpers.AesEncryptorDecryptor::Decrypt(System.String)</Name>
              <FileRef uid="32" />
              <SequencePoints>
                <SequencePoint vc="1" uspid="1208" ordinal="0" offset="0" sl="55" sc="9" el="55" ec="10" bec="0" bev="0" fileid="32" />
                <SequencePoint vc="1" uspid="1209" ordinal="1" offset="1" sl="57" sc="13" el="57" ec="53" bec="0" bev="0" fileid="32" />
                <SequencePoint vc="1" uspid="1210" ordinal="2" offset="7" sl="58" sc="13" el="58" ec="78" bec="0" bev="0" fileid="32" />
                <SequencePoint vc="1" uspid="1211" ordinal="3" offset="14" sl="60" sc="13" el="60" ec="45" bec="0" bev="0" fileid="32" />
                <SequencePoint vc="1" uspid="1212" ordinal="4" offset="31" sl="61" sc="13" el="61" ec="46" bec="0" bev="0" fileid="32" />
                <SequencePoint vc="1" uspid="1213" ordinal="5" offset="48" sl="63" sc="20" el="63" ec="70" bec="0" bev="0" fileid="32" />
                <SequencePoint vc="1" uspid="1214" ordinal="6" offset="54" sl="64" sc="13" el="64" ec="14" bec="0" bev="0" fileid="32" />
                <SequencePoint vc="1" uspid="1215" ordinal="7" offset="55" sl="66" sc="24" el="66" ec="134" bec="0" bev="0" fileid="32" />
                <SequencePoint vc="1" uspid="1216" ordinal="8" offset="69" sl="67" sc="17" el="67" ec="18" bec="0" bev="0" fileid="32" />
                <SequencePoint vc="1" uspid="1217" ordinal="9" offset="70" sl="69" sc="21" el="69" ec="75" bec="0" bev="0" fileid="32" />
                <SequencePoint vc="1" uspid="1218" ordinal="10" offset="82" sl="70" sc="21" el="70" ec="37" bec="0" bev="0" fileid="32" />
                <SequencePoint vc="1" uspid="1219" ordinal="11" offset="89" sl="71" sc="21" el="71" ec="37" bec="0" bev="0" fileid="32" />
                <SequencePoint vc="1" uspid="1220" ordinal="12" offset="96" sl="73" sc="21" el="73" ec="71" bec="0" bev="0" fileid="32" />
                <SequencePoint vc="1" uspid="1221" ordinal="13" offset="104" sl="74" sc="21" el="74" ec="92" bec="0" bev="0" fileid="32" />
                <SequencePoint vc="1" uspid="1222" ordinal="14" offset="147" sl="77" sc="9" el="77" ec="10" bec="0" bev="0" fileid="32" />
              </SequencePoints>
              <BranchPoints />
              <MethodPoint xsi:type="SequencePoint" vc="1" uspid="1208" ordinal="0" offset="0" sl="55" sc="9" el="55" ec="10" bec="0" bev="0" fileid="32" />
            </Method>
            <Method visited="true" cyclomaticComplexity="1" nPathComplexity="0" sequenceCoverage="0" branchCoverage="0" isConstructor="true" isStatic="false" isGetter="false" isSetter="false">
              <Summary numSequencePoints="0" visitedSequencePoints="0" numBranchPoints="0" visitedBranchPoints="0" sequenceCoverage="0" branchCoverage="0" maxCyclomaticComplexity="1" minCyclomaticComplexity="1" visitedClasses="0" numClasses="0" visitedMethods="0" numMethods="0" />
              <MetadataToken>100663575</MetadataToken>
              <Name>System.Void SportsWeb.Services.Utils.Helpers.AesEncryptorDecryptor::.ctor()</Name>
              <SequencePoints />
              <BranchPoints />
              <MethodPoint vc="2" uspid="1223" ordinal="0" offset="0" />
            </Method>
          </Methods>
        </Class>
        <Class>
          <Summary numSequencePoints="43" visitedSequencePoints="12" numBranchPoints="15" visitedBranchPoints="4" sequenceCoverage="27.91" branchCoverage="26.67" maxCyclomaticComplexity="2" minCyclomaticComplexity="1" visitedClasses="1" numClasses="1" visitedMethods="4" numMethods="13" />
          <FullName>SportsWeb.Services.Utils.Helpers.ServicesHelper</FullName>
          <Methods>
            <Method visited="true" cyclomaticComplexity="1" nPathComplexity="0" sequenceCoverage="100" branchCoverage="100" isConstructor="false" isStatic="true" isGetter="true" isSetter="false">
              <Summary numSequencePoints="3" visitedSequencePoints="3" numBranchPoints="1" visitedBranchPoints="1" sequenceCoverage="100" branchCoverage="100" maxCyclomaticComplexity="1" minCyclomaticComplexity="1" visitedClasses="0" numClasses="0" visitedMethods="1" numMethods="1" />
              <MetadataToken>100663578</MetadataToken>
              <Name>System.String SportsWeb.Services.Utils.Helpers.ServicesHelper::get_LoggedInUser()</Name>
              <FileRef uid="33" />
              <SequencePoints>
                <SequencePoint vc="77" uspid="1224" ordinal="0" offset="0" sl="11" sc="17" el="11" ec="18" bec="0" bev="0" fileid="33" />
                <SequencePoint vc="77" uspid="1225" ordinal="1" offset="1" sl="11" sc="19" el="11" ec="88" bec="0" bev="0" fileid="33" />
                <SequencePoint vc="77" uspid="1226" ordinal="2" offset="19" sl="11" sc="89" el="11" ec="90" bec="0" bev="0" fileid="33" />
              </SequencePoints>
              <BranchPoints />
              <MethodPoint xsi:type="SequencePoint" vc="77" uspid="1224" ordinal="0" offset="0" sl="11" sc="17" el="11" ec="18" bec="0" bev="0" fileid="33" />
            </Method>
            <Method visited="false" cyclomaticComplexity="1" nPathComplexity="0" sequenceCoverage="0" branchCoverage="0" isConstructor="false" isStatic="true" isGetter="false" isSetter="true">
              <Summary numSequencePoints="3" visitedSequencePoints="0" numBranchPoints="1" visitedBranchPoints="0" sequenceCoverage="0" branchCoverage="0" maxCyclomaticComplexity="1" minCyclomaticComplexity="1" visitedClasses="0" numClasses="0" visitedMethods="0" numMethods="1" />
              <MetadataToken>100663579</MetadataToken>
              <Name>System.Void SportsWeb.Services.Utils.Helpers.ServicesHelper::set_LoggedInUser(System.String)</Name>
              <FileRef uid="33" />
              <SequencePoints>
                <SequencePoint vc="0" uspid="1227" ordinal="0" offset="0" sl="12" sc="17" el="12" ec="18" bec="0" bev="0" fileid="33" />
                <SequencePoint vc="0" uspid="1228" ordinal="1" offset="1" sl="12" sc="19" el="12" ec="80" bec="0" bev="0" fileid="33" />
                <SequencePoint vc="0" uspid="1229" ordinal="2" offset="13" sl="12" sc="81" el="12" ec="82" bec="0" bev="0" fileid="33" />
              </SequencePoints>
              <BranchPoints />
              <MethodPoint xsi:type="SequencePoint" vc="0" uspid="1227" ordinal="0" offset="0" sl="12" sc="17" el="12" ec="18" bec="0" bev="0" fileid="33" />
            </Method>
            <Method visited="false" cyclomaticComplexity="1" nPathComplexity="0" sequenceCoverage="0" branchCoverage="0" isConstructor="false" isStatic="true" isGetter="true" isSetter="false">
              <Summary numSequencePoints="3" visitedSequencePoints="0" numBranchPoints="1" visitedBranchPoints="0" sequenceCoverage="0" branchCoverage="0" maxCyclomaticComplexity="1" minCyclomaticComplexity="1" visitedClasses="0" numClasses="0" visitedMethods="0" numMethods="1" />
              <MetadataToken>100663580</MetadataToken>
              <Name>System.Object SportsWeb.Services.Utils.Helpers.ServicesHelper::get_LoggedInUserRoles()</Name>
              <FileRef uid="33" />
              <SequencePoints>
                <SequencePoint vc="0" uspid="1230" ordinal="0" offset="0" sl="17" sc="17" el="17" ec="18" bec="0" bev="0" fileid="33" />
                <SequencePoint vc="0" uspid="1231" ordinal="1" offset="1" sl="17" sc="19" el="17" ec="85" bec="0" bev="0" fileid="33" />
                <SequencePoint vc="0" uspid="1232" ordinal="2" offset="14" sl="17" sc="86" el="17" ec="87" bec="0" bev="0" fileid="33" />
              </SequencePoints>
              <BranchPoints />
              <MethodPoint xsi:type="SequencePoint" vc="0" uspid="1230" ordinal="0" offset="0" sl="17" sc="17" el="17" ec="18" bec="0" bev="0" fileid="33" />
            </Method>
            <Method visited="false" cyclomaticComplexity="1" nPathComplexity="0" sequenceCoverage="0" branchCoverage="0" isConstructor="false" isStatic="true" isGetter="false" isSetter="true">
              <Summary numSequencePoints="3" visitedSequencePoints="0" numBranchPoints="1" visitedBranchPoints="0" sequenceCoverage="0" branchCoverage="0" maxCyclomaticComplexity="1" minCyclomaticComplexity="1" visitedClasses="0" numClasses="0" visitedMethods="0" numMethods="1" />
              <MetadataToken>100663581</MetadataToken>
              <Name>System.Void SportsWeb.Services.Utils.Helpers.ServicesHelper::set_LoggedInUserRoles(System.Object)</Name>
              <FileRef uid="33" />
              <SequencePoints>
                <SequencePoint vc="0" uspid="1233" ordinal="0" offset="0" sl="18" sc="17" el="18" ec="18" bec="0" bev="0" fileid="33" />
                <SequencePoint vc="0" uspid="1234" ordinal="1" offset="1" sl="18" sc="19" el="18" ec="85" bec="0" bev="0" fileid="33" />
                <SequencePoint vc="0" uspid="1235" ordinal="2" offset="13" sl="18" sc="86" el="18" ec="87" bec="0" bev="0" fileid="33" />
              </SequencePoints>
              <BranchPoints />
              <MethodPoint xsi:type="SequencePoint" vc="0" uspid="1233" ordinal="0" offset="0" sl="18" sc="17" el="18" ec="18" bec="0" bev="0" fileid="33" />
            </Method>
            <Method visited="false" cyclomaticComplexity="1" nPathComplexity="0" sequenceCoverage="0" branchCoverage="0" isConstructor="false" isStatic="true" isGetter="true" isSetter="false">
              <Summary numSequencePoints="3" visitedSequencePoints="0" numBranchPoints="1" visitedBranchPoints="0" sequenceCoverage="0" branchCoverage="0" maxCyclomaticComplexity="1" minCyclomaticComplexity="1" visitedClasses="0" numClasses="0" visitedMethods="0" numMethods="1" />
              <MetadataToken>100663583</MetadataToken>
              <Name>SportsWeb.Models.UserModel SportsWeb.Services.Utils.Helpers.ServicesHelper::get_LoggedInUserModel()</Name>
              <FileRef uid="33" />
              <SequencePoints>
                <SequencePoint vc="0" uspid="1236" ordinal="0" offset="0" sl="33" sc="17" el="33" ec="18" bec="0" bev="0" fileid="33" />
                <SequencePoint vc="0" uspid="1237" ordinal="1" offset="1" sl="33" sc="19" el="33" ec="96" bec="0" bev="0" fileid="33" />
                <SequencePoint vc="0" uspid="1238" ordinal="2" offset="19" sl="33" sc="97" el="33" ec="98" bec="0" bev="0" fileid="33" />
              </SequencePoints>
              <BranchPoints />
              <MethodPoint xsi:type="SequencePoint" vc="0" uspid="1236" ordinal="0" offset="0" sl="33" sc="17" el="33" ec="18" bec="0" bev="0" fileid="33" />
            </Method>
            <Method visited="false" cyclomaticComplexity="1" nPathComplexity="0" sequenceCoverage="0" branchCoverage="0" isConstructor="false" isStatic="true" isGetter="false" isSetter="true">
              <Summary numSequencePoints="3" visitedSequencePoints="0" numBranchPoints="1" visitedBranchPoints="0" sequenceCoverage="0" branchCoverage="0" maxCyclomaticComplexity="1" minCyclomaticComplexity="1" visitedClasses="0" numClasses="0" visitedMethods="0" numMethods="1" />
              <MetadataToken>100663584</MetadataToken>
              <Name>System.Void SportsWeb.Services.Utils.Helpers.ServicesHelper::set_LoggedInUserModel(SportsWeb.Models.UserModel)</Name>
              <FileRef uid="33" />
              <SequencePoints>
                <SequencePoint vc="0" uspid="1239" ordinal="0" offset="0" sl="34" sc="17" el="34" ec="18" bec="0" bev="0" fileid="33" />
                <SequencePoint vc="0" uspid="1240" ordinal="1" offset="1" sl="34" sc="19" el="34" ec="85" bec="0" bev="0" fileid="33" />
                <SequencePoint vc="0" uspid="1241" ordinal="2" offset="13" sl="34" sc="86" el="34" ec="87" bec="0" bev="0" fileid="33" />
              </SequencePoints>
              <BranchPoints />
              <MethodPoint xsi:type="SequencePoint" vc="0" uspid="1239" ordinal="0" offset="0" sl="34" sc="17" el="34" ec="18" bec="0" bev="0" fileid="33" />
            </Method>
            <Method visited="false" cyclomaticComplexity="1" nPathComplexity="0" sequenceCoverage="0" branchCoverage="0" isConstructor="false" isStatic="true" isGetter="true" isSetter="false">
              <Summary numSequencePoints="3" visitedSequencePoints="0" numBranchPoints="1" visitedBranchPoints="0" sequenceCoverage="0" branchCoverage="0" maxCyclomaticComplexity="1" minCyclomaticComplexity="1" visitedClasses="0" numClasses="0" visitedMethods="0" numMethods="1" />
              <MetadataToken>100663585</MetadataToken>
              <Name>System.String SportsWeb.Services.Utils.Helpers.ServicesHelper::get_RequestId()</Name>
              <FileRef uid="33" />
              <SequencePoints>
                <SequencePoint vc="0" uspid="1242" ordinal="0" offset="0" sl="39" sc="17" el="39" ec="18" bec="0" bev="0" fileid="33" />
                <SequencePoint vc="0" uspid="1243" ordinal="1" offset="1" sl="39" sc="19" el="39" ec="85" bec="0" bev="0" fileid="33" />
                <SequencePoint vc="0" uspid="1244" ordinal="2" offset="19" sl="39" sc="86" el="39" ec="87" bec="0" bev="0" fileid="33" />
              </SequencePoints>
              <BranchPoints />
              <MethodPoint xsi:type="SequencePoint" vc="0" uspid="1242" ordinal="0" offset="0" sl="39" sc="17" el="39" ec="18" bec="0" bev="0" fileid="33" />
            </Method>
            <Method visited="false" cyclomaticComplexity="1" nPathComplexity="0" sequenceCoverage="0" branchCoverage="0" isConstructor="false" isStatic="true" isGetter="false" isSetter="true">
              <Summary numSequencePoints="3" visitedSequencePoints="0" numBranchPoints="1" visitedBranchPoints="0" sequenceCoverage="0" branchCoverage="0" maxCyclomaticComplexity="1" minCyclomaticComplexity="1" visitedClasses="0" numClasses="0" visitedMethods="0" numMethods="1" />
              <MetadataToken>100663586</MetadataToken>
              <Name>System.Void SportsWeb.Services.Utils.Helpers.ServicesHelper::set_RequestId(System.String)</Name>
              <FileRef uid="33" />
              <SequencePoints>
                <SequencePoint vc="0" uspid="1245" ordinal="0" offset="0" sl="40" sc="17" el="40" ec="18" bec="0" bev="0" fileid="33" />
                <SequencePoint vc="0" uspid="1246" ordinal="1" offset="1" sl="40" sc="19" el="40" ec="77" bec="0" bev="0" fileid="33" />
                <SequencePoint vc="0" uspid="1247" ordinal="2" offset="13" sl="40" sc="78" el="40" ec="79" bec="0" bev="0" fileid="33" />
              </SequencePoints>
              <BranchPoints />
              <MethodPoint xsi:type="SequencePoint" vc="0" uspid="1245" ordinal="0" offset="0" sl="40" sc="17" el="40" ec="18" bec="0" bev="0" fileid="33" />
            </Method>
            <Method visited="false" cyclomaticComplexity="1" nPathComplexity="0" sequenceCoverage="0" branchCoverage="0" isConstructor="false" isStatic="true" isGetter="true" isSetter="false">
              <Summary numSequencePoints="3" visitedSequencePoints="0" numBranchPoints="1" visitedBranchPoints="0" sequenceCoverage="0" branchCoverage="0" maxCyclomaticComplexity="1" minCyclomaticComplexity="1" visitedClasses="0" numClasses="0" visitedMethods="0" numMethods="1" />
              <MetadataToken>100663587</MetadataToken>
              <Name>System.String SportsWeb.Services.Utils.Helpers.ServicesHelper::get_LoggedInUserCulture()</Name>
              <FileRef uid="33" />
              <SequencePoints>
                <SequencePoint vc="0" uspid="1248" ordinal="0" offset="0" sl="45" sc="17" el="45" ec="18" bec="0" bev="0" fileid="33" />
                <SequencePoint vc="0" uspid="1249" ordinal="1" offset="1" sl="45" sc="19" el="45" ec="95" bec="0" bev="0" fileid="33" />
                <SequencePoint vc="0" uspid="1250" ordinal="2" offset="19" sl="45" sc="96" el="45" ec="97" bec="0" bev="0" fileid="33" />
              </SequencePoints>
              <BranchPoints />
              <MethodPoint xsi:type="SequencePoint" vc="0" uspid="1248" ordinal="0" offset="0" sl="45" sc="17" el="45" ec="18" bec="0" bev="0" fileid="33" />
            </Method>
            <Method visited="true" cyclomaticComplexity="1" nPathComplexity="0" sequenceCoverage="100" branchCoverage="100" isConstructor="false" isStatic="true" isGetter="false" isSetter="true">
              <Summary numSequencePoints="3" visitedSequencePoints="3" numBranchPoints="1" visitedBranchPoints="1" sequenceCoverage="100" branchCoverage="100" maxCyclomaticComplexity="1" minCyclomaticComplexity="1" visitedClasses="0" numClasses="0" visitedMethods="1" numMethods="1" />
              <MetadataToken>100663588</MetadataToken>
              <Name>System.Void SportsWeb.Services.Utils.Helpers.ServicesHelper::set_LoggedInUserCulture(System.String)</Name>
              <FileRef uid="33" />
              <SequencePoints>
                <SequencePoint vc="1" uspid="1251" ordinal="0" offset="0" sl="46" sc="17" el="46" ec="18" bec="0" bev="0" fileid="33" />
                <SequencePoint vc="1" uspid="1252" ordinal="1" offset="1" sl="46" sc="19" el="46" ec="87" bec="0" bev="0" fileid="33" />
                <SequencePoint vc="1" uspid="1253" ordinal="2" offset="13" sl="46" sc="88" el="46" ec="89" bec="0" bev="0" fileid="33" />
              </SequencePoints>
              <BranchPoints />
              <MethodPoint xsi:type="SequencePoint" vc="1" uspid="1251" ordinal="0" offset="0" sl="46" sc="17" el="46" ec="18" bec="0" bev="0" fileid="33" />
            </Method>
            <Method visited="true" cyclomaticComplexity="1" nPathComplexity="0" sequenceCoverage="100" branchCoverage="100" isConstructor="false" isStatic="true" isGetter="true" isSetter="false">
              <Summary numSequencePoints="3" visitedSequencePoints="3" numBranchPoints="1" visitedBranchPoints="1" sequenceCoverage="100" branchCoverage="100" maxCyclomaticComplexity="1" minCyclomaticComplexity="1" visitedClasses="0" numClasses="0" visitedMethods="1" numMethods="1" />
              <MetadataToken>100663589</MetadataToken>
              <Name>System.String SportsWeb.Services.Utils.Helpers.ServicesHelper::get_ClientId()</Name>
              <FileRef uid="33" />
              <SequencePoints>
                <SequencePoint vc="2" uspid="1254" ordinal="0" offset="0" sl="51" sc="17" el="51" ec="18" bec="0" bev="0" fileid="33" />
                <SequencePoint vc="2" uspid="1255" ordinal="1" offset="1" sl="51" sc="19" el="51" ec="84" bec="0" bev="0" fileid="33" />
                <SequencePoint vc="2" uspid="1256" ordinal="2" offset="19" sl="51" sc="85" el="51" ec="86" bec="0" bev="0" fileid="33" />
              </SequencePoints>
              <BranchPoints />
              <MethodPoint xsi:type="SequencePoint" vc="2" uspid="1254" ordinal="0" offset="0" sl="51" sc="17" el="51" ec="18" bec="0" bev="0" fileid="33" />
            </Method>
            <Method visited="true" cyclomaticComplexity="1" nPathComplexity="0" sequenceCoverage="100" branchCoverage="100" isConstructor="false" isStatic="true" isGetter="false" isSetter="true">
              <Summary numSequencePoints="3" visitedSequencePoints="3" numBranchPoints="1" visitedBranchPoints="1" sequenceCoverage="100" branchCoverage="100" maxCyclomaticComplexity="1" minCyclomaticComplexity="1" visitedClasses="0" numClasses="0" visitedMethods="1" numMethods="1" />
              <MetadataToken>100663590</MetadataToken>
              <Name>System.Void SportsWeb.Services.Utils.Helpers.ServicesHelper::set_ClientId(System.String)</Name>
              <FileRef uid="33" />
              <SequencePoints>
                <SequencePoint vc="1" uspid="1257" ordinal="0" offset="0" sl="52" sc="17" el="52" ec="18" bec="0" bev="0" fileid="33" />
                <SequencePoint vc="1" uspid="1258" ordinal="1" offset="1" sl="52" sc="19" el="52" ec="76" bec="0" bev="0" fileid="33" />
                <SequencePoint vc="1" uspid="1259" ordinal="2" offset="13" sl="52" sc="77" el="52" ec="78" bec="0" bev="0" fileid="33" />
              </SequencePoints>
              <BranchPoints />
              <MethodPoint xsi:type="SequencePoint" vc="1" uspid="1257" ordinal="0" offset="0" sl="52" sc="17" el="52" ec="18" bec="0" bev="0" fileid="33" />
            </Method>
            <Method visited="false" cyclomaticComplexity="2" nPathComplexity="2" sequenceCoverage="0" branchCoverage="0" isConstructor="false" isStatic="true" isGetter="false" isSetter="false">
              <Summary numSequencePoints="7" visitedSequencePoints="0" numBranchPoints="3" visitedBranchPoints="0" sequenceCoverage="0" branchCoverage="0" maxCyclomaticComplexity="2" minCyclomaticComplexity="2" visitedClasses="0" numClasses="0" visitedMethods="0" numMethods="1" />
              <MetadataToken>100663582</MetadataToken>
              <Name>System.Collections.Generic.List`1&lt;T&gt; SportsWeb.Services.Utils.Helpers.ServicesHelper::GetUserRoles()</Name>
              <FileRef uid="33" />
              <SequencePoints>
                <SequencePoint vc="0" uspid="1260" ordinal="0" offset="0" sl="22" sc="9" el="22" ec="10" bec="0" bev="0" fileid="33" />
                <SequencePoint vc="0" uspid="1261" ordinal="1" offset="1" sl="23" sc="13" el="23" ec="47" bec="0" bev="0" fileid="33" />
                <SequencePoint vc="0" uspid="1262" ordinal="2" offset="7" sl="24" sc="13" el="24" ec="50" bec="0" bev="0" fileid="33" />
                <SequencePoint vc="0" uspid="1263" ordinal="3" offset="14" sl="25" sc="13" el="25" ec="31" bec="2" bev="0" fileid="33" />
                <SequencePoint vc="0" uspid="1264" ordinal="4" offset="22" sl="26" sc="17" el="26" ec="30" bec="0" bev="0" fileid="33" />
                <SequencePoint vc="0" uspid="1265" ordinal="5" offset="26" sl="28" sc="13" el="28" ec="34" bec="0" bev="0" fileid="33" />
                <SequencePoint vc="0" uspid="1266" ordinal="6" offset="34" sl="29" sc="9" el="29" ec="10" bec="0" bev="0" fileid="33" />
              </SequencePoints>
              <BranchPoints>
                <BranchPoint vc="0" uspid="1267" ordinal="0" offset="20" sl="25" path="0" offsetend="22" fileid="33" />
                <BranchPoint vc="0" uspid="1268" ordinal="1" offset="20" sl="25" path="1" offsetend="26" fileid="33" />
              </BranchPoints>
              <MethodPoint xsi:type="SequencePoint" vc="0" uspid="1260" ordinal="0" offset="0" sl="22" sc="9" el="22" ec="10" bec="0" bev="0" fileid="33" />
            </Method>
          </Methods>
        </Class>
        <Class>
          <Summary numSequencePoints="28" visitedSequencePoints="28" numBranchPoints="8" visitedBranchPoints="8" sequenceCoverage="100" branchCoverage="100" maxCyclomaticComplexity="2" minCyclomaticComplexity="1" visitedClasses="1" numClasses="1" visitedMethods="4" numMethods="4" />
          <FullName>SportsWeb.Services.Utils.Helpers.SafeCallContext</FullName>
          <Methods>
            <Method visited="true" cyclomaticComplexity="2" nPathComplexity="0" sequenceCoverage="100" branchCoverage="100" isConstructor="false" isStatic="true" isGetter="false" isSetter="false">
              <Summary numSequencePoints="4" visitedSequencePoints="4" numBranchPoints="1" visitedBranchPoints="1" sequenceCoverage="100" branchCoverage="100" maxCyclomaticComplexity="2" minCyclomaticComplexity="2" visitedClasses="0" numClasses="0" visitedMethods="1" numMethods="1" />
              <MetadataToken>100663591</MetadataToken>
              <Name>System.Object SportsWeb.Services.Utils.Helpers.SafeCallContext::GetData(System.String)</Name>
              <FileRef uid="34" />
              <SequencePoints>
                <SequencePoint vc="87" uspid="1269" ordinal="0" offset="0" sl="9" sc="9" el="9" ec="10" bec="0" bev="0" fileid="34" />
                <SequencePoint vc="87" uspid="1270" ordinal="1" offset="1" sl="10" sc="13" el="10" ec="51" bec="0" bev="0" fileid="34" />
                <SequencePoint vc="87" uspid="1271" ordinal="2" offset="7" sl="11" sc="13" el="11" ec="78" bec="0" bev="0" fileid="34" />
                <SequencePoint vc="87" uspid="1272" ordinal="3" offset="33" sl="12" sc="9" el="12" ec="10" bec="0" bev="0" fileid="34" />
              </SequencePoints>
              <BranchPoints />
              <MethodPoint xsi:type="SequencePoint" vc="87" uspid="1269" ordinal="0" offset="0" sl="9" sc="9" el="9" ec="10" bec="0" bev="0" fileid="34" />
            </Method>
            <Method visited="true" cyclomaticComplexity="1" nPathComplexity="0" sequenceCoverage="100" branchCoverage="100" isConstructor="false" isStatic="true" isGetter="false" isSetter="false">
              <Summary numSequencePoints="4" visitedSequencePoints="4" numBranchPoints="1" visitedBranchPoints="1" sequenceCoverage="100" branchCoverage="100" maxCyclomaticComplexity="1" minCyclomaticComplexity="1" visitedClasses="0" numClasses="0" visitedMethods="1" numMethods="1" />
              <MetadataToken>100663592</MetadataToken>
              <Name>System.Boolean SportsWeb.Services.Utils.Helpers.SafeCallContext::TryGetData(System.String,System.Object&amp;)</Name>
              <FileRef uid="34" />
              <SequencePoints>
                <SequencePoint vc="4" uspid="1275" ordinal="0" offset="0" sl="14" sc="9" el="14" ec="10" bec="0" bev="0" fileid="34" />
                <SequencePoint vc="4" uspid="1276" ordinal="1" offset="1" sl="15" sc="13" el="15" ec="34" bec="0" bev="0" fileid="34" />
                <SequencePoint vc="4" uspid="1277" ordinal="2" offset="9" sl="17" sc="13" el="17" ec="33" bec="0" bev="0" fileid="34" />
                <SequencePoint vc="4" uspid="1278" ordinal="3" offset="17" sl="18" sc="9" el="18" ec="10" bec="0" bev="0" fileid="34" />
              </SequencePoints>
              <BranchPoints />
              <MethodPoint xsi:type="SequencePoint" vc="4" uspid="1275" ordinal="0" offset="0" sl="14" sc="9" el="14" ec="10" bec="0" bev="0" fileid="34" />
            </Method>
            <Method visited="true" cyclomaticComplexity="2" nPathComplexity="2" sequenceCoverage="100" branchCoverage="100" isConstructor="false" isStatic="true" isGetter="false" isSetter="false">
              <Summary numSequencePoints="10" visitedSequencePoints="10" numBranchPoints="3" visitedBranchPoints="3" sequenceCoverage="100" branchCoverage="100" maxCyclomaticComplexity="2" minCyclomaticComplexity="2" visitedClasses="0" numClasses="0" visitedMethods="1" numMethods="1" />
              <MetadataToken>100663593</MetadataToken>
              <Name>System.Void SportsWeb.Services.Utils.Helpers.SafeCallContext::SetData(System.String,System.Object)</Name>
              <FileRef uid="34" />
              <SequencePoints>
                <SequencePoint vc="8" uspid="1279" ordinal="0" offset="0" sl="21" sc="9" el="21" ec="10" bec="0" bev="0" fileid="34" />
                <SequencePoint vc="8" uspid="1280" ordinal="1" offset="1" sl="22" sc="13" el="22" ec="51" bec="0" bev="0" fileid="34" />
                <SequencePoint vc="8" uspid="1281" ordinal="2" offset="7" sl="23" sc="13" el="23" ec="29" bec="2" bev="2" fileid="34" />
                <SequencePoint vc="5" uspid="1282" ordinal="3" offset="15" sl="24" sc="13" el="24" ec="14" bec="0" bev="0" fileid="34" />
                <SequencePoint vc="5" uspid="1283" ordinal="4" offset="16" sl="25" sc="17" el="25" ec="50" bec="0" bev="0" fileid="34" />
                <SequencePoint vc="5" uspid="1284" ordinal="5" offset="24" sl="26" sc="13" el="26" ec="14" bec="0" bev="0" fileid="34" />
                <SequencePoint vc="3" uspid="1285" ordinal="6" offset="27" sl="28" sc="13" el="28" ec="14" bec="0" bev="0" fileid="34" />
                <SequencePoint vc="3" uspid="1286" ordinal="7" offset="28" sl="29" sc="17" el="29" ec="41" bec="0" bev="0" fileid="34" />
                <SequencePoint vc="3" uspid="1287" ordinal="8" offset="42" sl="30" sc="13" el="30" ec="14" bec="0" bev="0" fileid="34" />
                <SequencePoint vc="8" uspid="1288" ordinal="9" offset="43" sl="31" sc="9" el="31" ec="10" bec="0" bev="0" fileid="34" />
              </SequencePoints>
              <BranchPoints>
                <BranchPoint vc="5" uspid="1289" ordinal="0" offset="13" sl="23" path="0" offsetend="15" fileid="34" />
                <BranchPoint vc="3" uspid="1290" ordinal="1" offset="13" sl="23" path="1" offsetend="27" fileid="34" />
              </BranchPoints>
              <MethodPoint xsi:type="SequencePoint" vc="8" uspid="1279" ordinal="0" offset="0" sl="21" sc="9" el="21" ec="10" bec="0" bev="0" fileid="34" />
            </Method>
            <Method visited="true" cyclomaticComplexity="2" nPathComplexity="2" sequenceCoverage="100" branchCoverage="100" isConstructor="false" isStatic="true" isGetter="false" isSetter="false">
              <Summary numSequencePoints="10" visitedSequencePoints="10" numBranchPoints="3" visitedBranchPoints="3" sequenceCoverage="100" branchCoverage="100" maxCyclomaticComplexity="2" minCyclomaticComplexity="2" visitedClasses="0" numClasses="0" visitedMethods="1" numMethods="1" />
              <MetadataToken>100663594</MetadataToken>
              <Name>System.Void SportsWeb.Services.Utils.Helpers.SafeCallContext::FreeNamedDataSlot(System.String)</Name>
              <FileRef uid="34" />
              <SequencePoints>
                <SequencePoint vc="2" uspid="1291" ordinal="0" offset="0" sl="34" sc="9" el="34" ec="10" bec="0" bev="0" fileid="34" />
                <SequencePoint vc="2" uspid="1292" ordinal="1" offset="1" sl="35" sc="13" el="35" ec="51" bec="0" bev="0" fileid="34" />
                <SequencePoint vc="2" uspid="1293" ordinal="2" offset="7" sl="36" sc="13" el="36" ec="29" bec="2" bev="2" fileid="34" />
                <SequencePoint vc="1" uspid="1294" ordinal="3" offset="15" sl="37" sc="13" el="37" ec="14" bec="0" bev="0" fileid="34" />
                <SequencePoint vc="1" uspid="1295" ordinal="4" offset="16" sl="38" sc="17" el="38" ec="53" bec="0" bev="0" fileid="34" />
                <SequencePoint vc="1" uspid="1296" ordinal="5" offset="23" sl="39" sc="13" el="39" ec="14" bec="0" bev="0" fileid="34" />
                <SequencePoint vc="1" uspid="1297" ordinal="6" offset="26" sl="41" sc="13" el="41" ec="14" bec="0" bev="0" fileid="34" />
                <SequencePoint vc="1" uspid="1298" ordinal="7" offset="27" sl="42" sc="17" el="42" ec="40" bec="0" bev="0" fileid="34" />
                <SequencePoint vc="1" uspid="1299" ordinal="8" offset="40" sl="43" sc="13" el="43" ec="14" bec="0" bev="0" fileid="34" />
                <SequencePoint vc="2" uspid="1300" ordinal="9" offset="41" sl="44" sc="9" el="44" ec="10" bec="0" bev="0" fileid="34" />
              </SequencePoints>
              <BranchPoints>
                <BranchPoint vc="1" uspid="1301" ordinal="0" offset="13" sl="36" path="0" offsetend="15" fileid="34" />
                <BranchPoint vc="1" uspid="1302" ordinal="1" offset="13" sl="36" path="1" offsetend="26" fileid="34" />
              </BranchPoints>
              <MethodPoint xsi:type="SequencePoint" vc="2" uspid="1291" ordinal="0" offset="0" sl="34" sc="9" el="34" ec="10" bec="0" bev="0" fileid="34" />
            </Method>
          </Methods>
        </Class>
        <Class>
          <Summary numSequencePoints="13" visitedSequencePoints="0" numBranchPoints="5" visitedBranchPoints="0" sequenceCoverage="0" branchCoverage="0" maxCyclomaticComplexity="2" minCyclomaticComplexity="1" visitedClasses="0" numClasses="1" visitedMethods="0" numMethods="3" />
          <FullName>SportsWeb.Services.Utils.ConfigReader.CloudFileReader</FullName>
          <Methods>
            <Method visited="false" cyclomaticComplexity="1" nPathComplexity="0" sequenceCoverage="0" branchCoverage="0" isConstructor="true" isStatic="false" isGetter="false" isSetter="false">
              <Summary numSequencePoints="4" visitedSequencePoints="0" numBranchPoints="1" visitedBranchPoints="0" sequenceCoverage="0" branchCoverage="0" maxCyclomaticComplexity="1" minCyclomaticComplexity="1" visitedClasses="0" numClasses="0" visitedMethods="0" numMethods="1" />
              <MetadataToken>100663595</MetadataToken>
              <Name>System.Void SportsWeb.Services.Utils.ConfigReader.CloudFileReader::.ctor(SportsWeb.Services.Utils.ConfigReader.IBucketAddressProvider)</Name>
              <FileRef uid="35" />
              <SequencePoints>
                <SequencePoint vc="0" uspid="1303" ordinal="0" offset="0" sl="12" sc="9" el="12" ec="69" bec="0" bev="0" fileid="35" />
                <SequencePoint vc="0" uspid="1304" ordinal="1" offset="7" sl="13" sc="9" el="13" ec="10" bec="0" bev="0" fileid="35" />
                <SequencePoint vc="0" uspid="1305" ordinal="2" offset="8" sl="14" sc="13" el="14" ec="51" bec="0" bev="0" fileid="35" />
                <SequencePoint vc="0" uspid="1306" ordinal="3" offset="15" sl="15" sc="9" el="15" ec="10" bec="0" bev="0" fileid="35" />
              </SequencePoints>
              <BranchPoints />
              <MethodPoint xsi:type="SequencePoint" vc="0" uspid="1303" ordinal="0" offset="0" sl="12" sc="9" el="12" ec="69" bec="0" bev="0" fileid="35" />
            </Method>
            <Method visited="false" cyclomaticComplexity="2" nPathComplexity="2" sequenceCoverage="0" branchCoverage="0" isConstructor="false" isStatic="false" isGetter="false" isSetter="false">
              <Summary numSequencePoints="6" visitedSequencePoints="0" numBranchPoints="3" visitedBranchPoints="0" sequenceCoverage="0" branchCoverage="0" maxCyclomaticComplexity="2" minCyclomaticComplexity="2" visitedClasses="0" numClasses="0" visitedMethods="0" numMethods="1" />
              <MetadataToken>100663596</MetadataToken>
              <Name>System.IO.Stream SportsWeb.Services.Utils.ConfigReader.CloudFileReader::DownloadFileToStream(System.String)</Name>
              <FileRef uid="35" />
              <SequencePoints>
                <SequencePoint vc="0" uspid="1307" ordinal="0" offset="0" sl="18" sc="9" el="18" ec="10" bec="0" bev="0" fileid="35" />
                <SequencePoint vc="0" uspid="1308" ordinal="1" offset="1" sl="19" sc="13" el="19" ec="32" bec="2" bev="0" fileid="35" />
                <SequencePoint vc="0" uspid="1309" ordinal="2" offset="14" sl="20" sc="17" el="20" ec="47" bec="0" bev="0" fileid="35" />
                <SequencePoint vc="0" uspid="1310" ordinal="3" offset="25" sl="22" sc="13" el="22" ec="75" bec="0" bev="0" fileid="35" />
                <SequencePoint vc="0" uspid="1311" ordinal="4" offset="37" sl="23" sc="13" el="27" ec="31" bec="0" bev="0" fileid="35" />
                <SequencePoint vc="0" uspid="1312" ordinal="5" offset="88" sl="28" sc="9" el="28" ec="10" bec="0" bev="0" fileid="35" />
              </SequencePoints>
              <BranchPoints>
                <BranchPoint vc="0" uspid="1313" ordinal="0" offset="12" sl="19" path="0" offsetend="14" fileid="35" />
                <BranchPoint vc="0" uspid="1314" ordinal="1" offset="12" sl="19" path="1" offsetend="25" fileid="35" />
              </BranchPoints>
              <MethodPoint xsi:type="SequencePoint" vc="0" uspid="1307" ordinal="0" offset="0" sl="18" sc="9" el="18" ec="10" bec="0" bev="0" fileid="35" />
            </Method>
            <Method visited="false" cyclomaticComplexity="1" nPathComplexity="0" sequenceCoverage="0" branchCoverage="0" isConstructor="false" isStatic="false" isGetter="false" isSetter="false">
              <Summary numSequencePoints="3" visitedSequencePoints="0" numBranchPoints="1" visitedBranchPoints="0" sequenceCoverage="0" branchCoverage="0" maxCyclomaticComplexity="1" minCyclomaticComplexity="1" visitedClasses="0" numClasses="0" visitedMethods="0" numMethods="1" />
              <MetadataToken>100663597</MetadataToken>
              <Name>System.String SportsWeb.Services.Utils.ConfigReader.CloudFileReader::GetKey(System.String)</Name>
              <FileRef uid="35" />
              <SequencePoints>
                <SequencePoint vc="0" uspid="1315" ordinal="0" offset="0" sl="31" sc="9" el="31" ec="10" bec="0" bev="0" fileid="35" />
                <SequencePoint vc="0" uspid="1316" ordinal="1" offset="1" sl="32" sc="13" el="32" ec="46" bec="0" bev="0" fileid="35" />
                <SequencePoint vc="0" uspid="1317" ordinal="2" offset="26" sl="38" sc="9" el="38" ec="10" bec="0" bev="0" fileid="35" />
              </SequencePoints>
              <BranchPoints />
              <MethodPoint xsi:type="SequencePoint" vc="0" uspid="1315" ordinal="0" offset="0" sl="31" sc="9" el="31" ec="10" bec="0" bev="0" fileid="35" />
            </Method>
          </Methods>
        </Class>
        <Class>
          <Summary numSequencePoints="10" visitedSequencePoints="0" numBranchPoints="3" visitedBranchPoints="0" sequenceCoverage="0" branchCoverage="0" maxCyclomaticComplexity="1" minCyclomaticComplexity="1" visitedClasses="0" numClasses="1" visitedMethods="0" numMethods="3" />
          <FullName>SportsWeb.Services.Utils.ConfigReader.JsonConfigurationReader`1</FullName>
          <Methods>
            <Method visited="false" cyclomaticComplexity="1" nPathComplexity="0" sequenceCoverage="0" branchCoverage="0" isConstructor="true" isStatic="false" isGetter="false" isSetter="false">
              <Summary numSequencePoints="4" visitedSequencePoints="0" numBranchPoints="1" visitedBranchPoints="0" sequenceCoverage="0" branchCoverage="0" maxCyclomaticComplexity="1" minCyclomaticComplexity="1" visitedClasses="0" numClasses="0" visitedMethods="0" numMethods="1" />
              <MetadataToken>100663603</MetadataToken>
              <Name>System.Void SportsWeb.Services.Utils.ConfigReader.JsonConfigurationReader`1::.ctor(SportsWeb.Services.Utils.ConfigReader.IExtractStageConfiguration)</Name>
              <FileRef uid="36" />
              <SequencePoints>
                <SequencePoint vc="0" uspid="1318" ordinal="0" offset="0" sl="10" sc="9" el="10" ec="90" bec="0" bev="0" fileid="36" />
                <SequencePoint vc="0" uspid="1319" ordinal="1" offset="7" sl="11" sc="9" el="11" ec="10" bec="0" bev="0" fileid="36" />
                <SequencePoint vc="0" uspid="1320" ordinal="2" offset="8" sl="12" sc="13" el="12" ec="66" bec="0" bev="0" fileid="36" />
                <SequencePoint vc="0" uspid="1321" ordinal="3" offset="15" sl="13" sc="9" el="13" ec="10" bec="0" bev="0" fileid="36" />
              </SequencePoints>
              <BranchPoints />
              <MethodPoint xsi:type="SequencePoint" vc="0" uspid="1318" ordinal="0" offset="0" sl="10" sc="9" el="10" ec="90" bec="0" bev="0" fileid="36" />
            </Method>
            <Method visited="false" cyclomaticComplexity="1" nPathComplexity="0" sequenceCoverage="0" branchCoverage="0" isConstructor="false" isStatic="false" isGetter="false" isSetter="false">
              <Summary numSequencePoints="3" visitedSequencePoints="0" numBranchPoints="1" visitedBranchPoints="0" sequenceCoverage="0" branchCoverage="0" maxCyclomaticComplexity="1" minCyclomaticComplexity="1" visitedClasses="0" numClasses="0" visitedMethods="0" numMethods="1" />
              <MetadataToken>100663604</MetadataToken>
              <Name>T SportsWeb.Services.Utils.ConfigReader.JsonConfigurationReader`1::Read(System.String)</Name>
              <FileRef uid="36" />
              <SequencePoints>
                <SequencePoint vc="0" uspid="1322" ordinal="0" offset="0" sl="16" sc="9" el="16" ec="10" bec="0" bev="0" fileid="36" />
                <SequencePoint vc="0" uspid="1323" ordinal="1" offset="1" sl="17" sc="13" el="17" ec="129" bec="0" bev="0" fileid="36" />
                <SequencePoint vc="0" uspid="1324" ordinal="2" offset="26" sl="18" sc="9" el="18" ec="10" bec="0" bev="0" fileid="36" />
              </SequencePoints>
              <BranchPoints />
              <MethodPoint xsi:type="SequencePoint" vc="0" uspid="1322" ordinal="0" offset="0" sl="16" sc="9" el="16" ec="10" bec="0" bev="0" fileid="36" />
            </Method>
            <Method visited="false" cyclomaticComplexity="1" nPathComplexity="0" sequenceCoverage="0" branchCoverage="0" isConstructor="false" isStatic="false" isGetter="false" isSetter="false">
              <Summary numSequencePoints="3" visitedSequencePoints="0" numBranchPoints="1" visitedBranchPoints="0" sequenceCoverage="0" branchCoverage="0" maxCyclomaticComplexity="1" minCyclomaticComplexity="1" visitedClasses="0" numClasses="0" visitedMethods="0" numMethods="1" />
              <MetadataToken>100663605</MetadataToken>
              <Name>System.Void SportsWeb.Services.Utils.ConfigReader.JsonConfigurationReader`1::Dispose()</Name>
              <FileRef uid="36" />
              <SequencePoints>
                <SequencePoint vc="0" uspid="1325" ordinal="0" offset="0" sl="21" sc="9" el="21" ec="10" bec="0" bev="0" fileid="36" />
                <SequencePoint vc="0" uspid="1326" ordinal="1" offset="1" sl="22" sc="13" el="22" ec="51" bec="0" bev="0" fileid="36" />
                <SequencePoint vc="0" uspid="1327" ordinal="2" offset="13" sl="23" sc="9" el="23" ec="10" bec="0" bev="0" fileid="36" />
              </SequencePoints>
              <BranchPoints />
              <MethodPoint xsi:type="SequencePoint" vc="0" uspid="1325" ordinal="0" offset="0" sl="21" sc="9" el="21" ec="10" bec="0" bev="0" fileid="36" />
            </Method>
          </Methods>
        </Class>
        <Class>
          <Summary numSequencePoints="4" visitedSequencePoints="0" numBranchPoints="4" visitedBranchPoints="0" sequenceCoverage="0" branchCoverage="0" maxCyclomaticComplexity="1" minCyclomaticComplexity="1" visitedClasses="0" numClasses="1" visitedMethods="0" numMethods="4" />
          <FullName>SportsWeb.Services.Utils.ConfigReader.NamedStageConfiguration</FullName>
          <Methods>
            <Method visited="false" cyclomaticComplexity="1" nPathComplexity="0" sequenceCoverage="0" branchCoverage="0" isConstructor="false" isStatic="false" isGetter="true" isSetter="false">
              <Summary numSequencePoints="1" visitedSequencePoints="0" numBranchPoints="1" visitedBranchPoints="0" sequenceCoverage="0" branchCoverage="0" maxCyclomaticComplexity="1" minCyclomaticComplexity="1" visitedClasses="0" numClasses="0" visitedMethods="0" numMethods="1" />
              <MetadataToken>100663606</MetadataToken>
              <Name>System.String SportsWeb.Services.Utils.ConfigReader.NamedStageConfiguration::get_Stage()</Name>
              <FileRef uid="37" />
              <SequencePoints>
                <SequencePoint vc="0" uspid="1328" ordinal="0" offset="0" sl="5" sc="31" el="5" ec="35" bec="0" bev="0" fileid="37" />
              </SequencePoints>
              <BranchPoints />
              <MethodPoint xsi:type="SequencePoint" vc="0" uspid="1328" ordinal="0" offset="0" sl="5" sc="31" el="5" ec="35" bec="0" bev="0" fileid="37" />
            </Method>
            <Method visited="false" cyclomaticComplexity="1" nPathComplexity="0" sequenceCoverage="0" branchCoverage="0" isConstructor="false" isStatic="false" isGetter="false" isSetter="true">
              <Summary numSequencePoints="1" visitedSequencePoints="0" numBranchPoints="1" visitedBranchPoints="0" sequenceCoverage="0" branchCoverage="0" maxCyclomaticComplexity="1" minCyclomaticComplexity="1" visitedClasses="0" numClasses="0" visitedMethods="0" numMethods="1" />
              <MetadataToken>100663607</MetadataToken>
              <Name>System.Void SportsWeb.Services.Utils.ConfigReader.NamedStageConfiguration::set_Stage(System.String)</Name>
              <FileRef uid="37" />
              <SequencePoints>
                <SequencePoint vc="0" uspid="1329" ordinal="0" offset="0" sl="5" sc="36" el="5" ec="40" bec="0" bev="0" fileid="37" />
              </SequencePoints>
              <BranchPoints />
              <MethodPoint xsi:type="SequencePoint" vc="0" uspid="1329" ordinal="0" offset="0" sl="5" sc="36" el="5" ec="40" bec="0" bev="0" fileid="37" />
            </Method>
            <Method visited="false" cyclomaticComplexity="1" nPathComplexity="0" sequenceCoverage="0" branchCoverage="0" isConstructor="false" isStatic="false" isGetter="true" isSetter="false">
              <Summary numSequencePoints="1" visitedSequencePoints="0" numBranchPoints="1" visitedBranchPoints="0" sequenceCoverage="0" branchCoverage="0" maxCyclomaticComplexity="1" minCyclomaticComplexity="1" visitedClasses="0" numClasses="0" visitedMethods="0" numMethods="1" />
              <MetadataToken>100663608</MetadataToken>
              <Name>System.Object SportsWeb.Services.Utils.ConfigReader.NamedStageConfiguration::get_Configuration()</Name>
              <FileRef uid="37" />
              <SequencePoints>
                <SequencePoint vc="0" uspid="1330" ordinal="0" offset="0" sl="7" sc="39" el="7" ec="43" bec="0" bev="0" fileid="37" />
              </SequencePoints>
              <BranchPoints />
              <MethodPoint xsi:type="SequencePoint" vc="0" uspid="1330" ordinal="0" offset="0" sl="7" sc="39" el="7" ec="43" bec="0" bev="0" fileid="37" />
            </Method>
            <Method visited="false" cyclomaticComplexity="1" nPathComplexity="0" sequenceCoverage="0" branchCoverage="0" isConstructor="false" isStatic="false" isGetter="false" isSetter="true">
              <Summary numSequencePoints="1" visitedSequencePoints="0" numBranchPoints="1" visitedBranchPoints="0" sequenceCoverage="0" branchCoverage="0" maxCyclomaticComplexity="1" minCyclomaticComplexity="1" visitedClasses="0" numClasses="0" visitedMethods="0" numMethods="1" />
              <MetadataToken>100663609</MetadataToken>
              <Name>System.Void SportsWeb.Services.Utils.ConfigReader.NamedStageConfiguration::set_Configuration(System.Object)</Name>
              <FileRef uid="37" />
              <SequencePoints>
                <SequencePoint vc="0" uspid="1331" ordinal="0" offset="0" sl="7" sc="44" el="7" ec="48" bec="0" bev="0" fileid="37" />
              </SequencePoints>
              <BranchPoints />
              <MethodPoint xsi:type="SequencePoint" vc="0" uspid="1331" ordinal="0" offset="0" sl="7" sc="44" el="7" ec="48" bec="0" bev="0" fileid="37" />
            </Method>
            <Method visited="false" cyclomaticComplexity="1" nPathComplexity="0" sequenceCoverage="0" branchCoverage="0" isConstructor="true" isStatic="false" isGetter="false" isSetter="false">
              <Summary numSequencePoints="0" visitedSequencePoints="0" numBranchPoints="0" visitedBranchPoints="0" sequenceCoverage="0" branchCoverage="0" maxCyclomaticComplexity="1" minCyclomaticComplexity="1" visitedClasses="0" numClasses="0" visitedMethods="0" numMethods="0" />
              <MetadataToken>100663610</MetadataToken>
              <Name>System.Void SportsWeb.Services.Utils.ConfigReader.NamedStageConfiguration::.ctor()</Name>
              <SequencePoints />
              <BranchPoints />
              <MethodPoint vc="0" uspid="1332" ordinal="0" offset="0" />
            </Method>
          </Methods>
        </Class>
        <Class>
          <Summary numSequencePoints="16" visitedSequencePoints="14" numBranchPoints="7" visitedBranchPoints="5" sequenceCoverage="87.5" branchCoverage="71.43" maxCyclomaticComplexity="4" minCyclomaticComplexity="1" visitedClasses="1" numClasses="1" visitedMethods="3" numMethods="3" />
          <FullName>SportsWeb.Services.Utils.ConfigReader.ResolveConfigurationReferenceFromS3</FullName>
          <Methods>
            <Method visited="true" cyclomaticComplexity="1" nPathComplexity="0" sequenceCoverage="100" branchCoverage="100" isConstructor="true" isStatic="false" isGetter="false" isSetter="false">
              <Summary numSequencePoints="4" visitedSequencePoints="4" numBranchPoints="1" visitedBranchPoints="1" sequenceCoverage="100" branchCoverage="100" maxCyclomaticComplexity="1" minCyclomaticComplexity="1" visitedClasses="0" numClasses="0" visitedMethods="1" numMethods="1" />
              <MetadataToken>100663611</MetadataToken>
              <Name>System.Void SportsWeb.Services.Utils.ConfigReader.ResolveConfigurationReferenceFromS3::.ctor(SportsWeb.Services.Utils.ConfigReader.IFileReader)</Name>
              <FileRef uid="38" />
              <SequencePoints>
                <SequencePoint vc="1" uspid="1333" ordinal="0" offset="0" sl="11" sc="9" el="11" ec="77" bec="0" bev="0" fileid="38" />
                <SequencePoint vc="1" uspid="1334" ordinal="1" offset="7" sl="12" sc="9" el="12" ec="10" bec="0" bev="0" fileid="38" />
                <SequencePoint vc="1" uspid="1335" ordinal="2" offset="8" sl="13" sc="13" el="13" ec="46" bec="0" bev="0" fileid="38" />
                <SequencePoint vc="1" uspid="1336" ordinal="3" offset="15" sl="14" sc="9" el="14" ec="10" bec="0" bev="0" fileid="38" />
              </SequencePoints>
              <BranchPoints />
              <MethodPoint xsi:type="SequencePoint" vc="1" uspid="1333" ordinal="0" offset="0" sl="11" sc="9" el="11" ec="77" bec="0" bev="0" fileid="38" />
            </Method>
            <Method visited="true" cyclomaticComplexity="4" nPathComplexity="2" sequenceCoverage="87.5" branchCoverage="66.67" isConstructor="false" isStatic="false" isGetter="false" isSetter="false">
              <Summary numSequencePoints="8" visitedSequencePoints="7" numBranchPoints="3" visitedBranchPoints="2" sequenceCoverage="87.5" branchCoverage="66.67" maxCyclomaticComplexity="4" minCyclomaticComplexity="4" visitedClasses="0" numClasses="0" visitedMethods="1" numMethods="1" />
              <MetadataToken>100663612</MetadataToken>
              <Name>System.String SportsWeb.Services.Utils.ConfigReader.ResolveConfigurationReferenceFromS3::Resolve(System.String)</Name>
              <FileRef uid="38" />
              <SequencePoints>
                <SequencePoint vc="1" uspid="1337" ordinal="0" offset="0" sl="17" sc="9" el="17" ec="10" bec="0" bev="0" fileid="38" />
                <SequencePoint vc="1" uspid="1338" ordinal="1" offset="1" sl="18" sc="13" el="18" ec="46" bec="2" bev="1" fileid="38" />
                <SequencePoint vc="0" uspid="1339" ordinal="2" offset="16" sl="19" sc="17" el="19" ec="81" bec="0" bev="0" fileid="38" />
                <SequencePoint vc="1" uspid="1340" ordinal="3" offset="27" sl="20" sc="20" el="20" ec="88" bec="0" bev="0" fileid="38" />
                <SequencePoint vc="1" uspid="1341" ordinal="4" offset="40" sl="21" sc="13" el="21" ec="14" bec="0" bev="0" fileid="38" />
                <SequencePoint vc="1" uspid="1342" ordinal="5" offset="41" sl="22" sc="24" el="22" ec="76" bec="0" bev="0" fileid="38" />
                <SequencePoint vc="1" uspid="1343" ordinal="6" offset="48" sl="23" sc="21" el="23" ec="53" bec="0" bev="0" fileid="38" />
                <SequencePoint vc="1" uspid="1344" ordinal="7" offset="79" sl="25" sc="9" el="25" ec="10" bec="0" bev="0" fileid="38" />
              </SequencePoints>
              <BranchPoints>
                <BranchPoint vc="0" uspid="1345" ordinal="0" offset="14" sl="18" path="0" offsetend="16" fileid="38" />
                <BranchPoint vc="1" uspid="1346" ordinal="1" offset="14" sl="18" path="1" offsetend="27" fileid="38" />
              </BranchPoints>
              <MethodPoint xsi:type="SequencePoint" vc="1" uspid="1337" ordinal="0" offset="0" sl="17" sc="9" el="17" ec="10" bec="0" bev="0" fileid="38" />
            </Method>
            <Method visited="true" cyclomaticComplexity="2" nPathComplexity="2" sequenceCoverage="75" branchCoverage="66.67" isConstructor="false" isStatic="false" isGetter="false" isSetter="false">
              <Summary numSequencePoints="4" visitedSequencePoints="3" numBranchPoints="3" visitedBranchPoints="2" sequenceCoverage="75" branchCoverage="66.67" maxCyclomaticComplexity="2" minCyclomaticComplexity="2" visitedClasses="0" numClasses="0" visitedMethods="1" numMethods="1" />
              <MetadataToken>100663613</MetadataToken>
              <Name>System.Void SportsWeb.Services.Utils.ConfigReader.ResolveConfigurationReferenceFromS3::Dispose()</Name>
              <FileRef uid="38" />
              <SequencePoints>
                <SequencePoint vc="1" uspid="1347" ordinal="0" offset="0" sl="28" sc="9" el="28" ec="10" bec="0" bev="0" fileid="38" />
                <SequencePoint vc="1" uspid="1348" ordinal="1" offset="1" sl="29" sc="13" el="29" ec="43" bec="1" bev="1" fileid="38" />
                <SequencePoint vc="0" uspid="1349" ordinal="2" offset="14" sl="30" sc="17" el="30" ec="24" bec="0" bev="0" fileid="38" />
                <SequencePoint vc="1" uspid="1350" ordinal="3" offset="16" sl="31" sc="9" el="31" ec="10" bec="0" bev="0" fileid="38" />
              </SequencePoints>
              <BranchPoints>
                <BranchPoint vc="0" uspid="1351" ordinal="0" offset="12" sl="29" path="0" offsetchain="14" offsetend="16" fileid="38" />
                <BranchPoint vc="1" uspid="1352" ordinal="1" offset="12" sl="29" path="1" offsetend="16" fileid="38" />
              </BranchPoints>
              <MethodPoint xsi:type="SequencePoint" vc="1" uspid="1347" ordinal="0" offset="0" sl="28" sc="9" el="28" ec="10" bec="0" bev="0" fileid="38" />
            </Method>
          </Methods>
        </Class>
        <Class>
          <Summary numSequencePoints="6" visitedSequencePoints="0" numBranchPoints="6" visitedBranchPoints="0" sequenceCoverage="0" branchCoverage="0" maxCyclomaticComplexity="1" minCyclomaticComplexity="1" visitedClasses="0" numClasses="1" visitedMethods="0" numMethods="6" />
          <FullName>SportsWeb.Services.Utils.ConfigReader.S3AccessConfig</FullName>
          <Methods>
            <Method visited="false" cyclomaticComplexity="1" nPathComplexity="0" sequenceCoverage="0" branchCoverage="0" isConstructor="false" isStatic="false" isGetter="true" isSetter="false">
              <Summary numSequencePoints="1" visitedSequencePoints="0" numBranchPoints="1" visitedBranchPoints="0" sequenceCoverage="0" branchCoverage="0" maxCyclomaticComplexity="1" minCyclomaticComplexity="1" visitedClasses="0" numClasses="0" visitedMethods="0" numMethods="1" />
              <MetadataToken>100663614</MetadataToken>
              <Name>System.String SportsWeb.Services.Utils.ConfigReader.S3AccessConfig::get_AccessKey()</Name>
              <FileRef uid="39" />
              <SequencePoints>
                <SequencePoint vc="0" uspid="1353" ordinal="0" offset="0" sl="5" sc="35" el="5" ec="39" bec="0" bev="0" fileid="39" />
              </SequencePoints>
              <BranchPoints />
              <MethodPoint xsi:type="SequencePoint" vc="0" uspid="1353" ordinal="0" offset="0" sl="5" sc="35" el="5" ec="39" bec="0" bev="0" fileid="39" />
            </Method>
            <Method visited="false" cyclomaticComplexity="1" nPathComplexity="0" sequenceCoverage="0" branchCoverage="0" isConstructor="false" isStatic="false" isGetter="false" isSetter="true">
              <Summary numSequencePoints="1" visitedSequencePoints="0" numBranchPoints="1" visitedBranchPoints="0" sequenceCoverage="0" branchCoverage="0" maxCyclomaticComplexity="1" minCyclomaticComplexity="1" visitedClasses="0" numClasses="0" visitedMethods="0" numMethods="1" />
              <MetadataToken>100663615</MetadataToken>
              <Name>System.Void SportsWeb.Services.Utils.ConfigReader.S3AccessConfig::set_AccessKey(System.String)</Name>
              <FileRef uid="39" />
              <SequencePoints>
                <SequencePoint vc="0" uspid="1354" ordinal="0" offset="0" sl="5" sc="40" el="5" ec="44" bec="0" bev="0" fileid="39" />
              </SequencePoints>
              <BranchPoints />
              <MethodPoint xsi:type="SequencePoint" vc="0" uspid="1354" ordinal="0" offset="0" sl="5" sc="40" el="5" ec="44" bec="0" bev="0" fileid="39" />
            </Method>
            <Method visited="false" cyclomaticComplexity="1" nPathComplexity="0" sequenceCoverage="0" branchCoverage="0" isConstructor="false" isStatic="false" isGetter="true" isSetter="false">
              <Summary numSequencePoints="1" visitedSequencePoints="0" numBranchPoints="1" visitedBranchPoints="0" sequenceCoverage="0" branchCoverage="0" maxCyclomaticComplexity="1" minCyclomaticComplexity="1" visitedClasses="0" numClasses="0" visitedMethods="0" numMethods="1" />
              <MetadataToken>100663616</MetadataToken>
              <Name>System.String SportsWeb.Services.Utils.ConfigReader.S3AccessConfig::get_SecretKey()</Name>
              <FileRef uid="39" />
              <SequencePoints>
                <SequencePoint vc="0" uspid="1355" ordinal="0" offset="0" sl="7" sc="35" el="7" ec="39" bec="0" bev="0" fileid="39" />
              </SequencePoints>
              <BranchPoints />
              <MethodPoint xsi:type="SequencePoint" vc="0" uspid="1355" ordinal="0" offset="0" sl="7" sc="35" el="7" ec="39" bec="0" bev="0" fileid="39" />
            </Method>
            <Method visited="false" cyclomaticComplexity="1" nPathComplexity="0" sequenceCoverage="0" branchCoverage="0" isConstructor="false" isStatic="false" isGetter="false" isSetter="true">
              <Summary numSequencePoints="1" visitedSequencePoints="0" numBranchPoints="1" visitedBranchPoints="0" sequenceCoverage="0" branchCoverage="0" maxCyclomaticComplexity="1" minCyclomaticComplexity="1" visitedClasses="0" numClasses="0" visitedMethods="0" numMethods="1" />
              <MetadataToken>100663617</MetadataToken>
              <Name>System.Void SportsWeb.Services.Utils.ConfigReader.S3AccessConfig::set_SecretKey(System.String)</Name>
              <FileRef uid="39" />
              <SequencePoints>
                <SequencePoint vc="0" uspid="1356" ordinal="0" offset="0" sl="7" sc="40" el="7" ec="44" bec="0" bev="0" fileid="39" />
              </SequencePoints>
              <BranchPoints />
              <MethodPoint xsi:type="SequencePoint" vc="0" uspid="1356" ordinal="0" offset="0" sl="7" sc="40" el="7" ec="44" bec="0" bev="0" fileid="39" />
            </Method>
            <Method visited="false" cyclomaticComplexity="1" nPathComplexity="0" sequenceCoverage="0" branchCoverage="0" isConstructor="false" isStatic="false" isGetter="true" isSetter="false">
              <Summary numSequencePoints="1" visitedSequencePoints="0" numBranchPoints="1" visitedBranchPoints="0" sequenceCoverage="0" branchCoverage="0" maxCyclomaticComplexity="1" minCyclomaticComplexity="1" visitedClasses="0" numClasses="0" visitedMethods="0" numMethods="1" />
              <MetadataToken>100663618</MetadataToken>
              <Name>System.String SportsWeb.Services.Utils.ConfigReader.S3AccessConfig::get_Region()</Name>
              <FileRef uid="39" />
              <SequencePoints>
                <SequencePoint vc="0" uspid="1357" ordinal="0" offset="0" sl="9" sc="32" el="9" ec="36" bec="0" bev="0" fileid="39" />
              </SequencePoints>
              <BranchPoints />
              <MethodPoint xsi:type="SequencePoint" vc="0" uspid="1357" ordinal="0" offset="0" sl="9" sc="32" el="9" ec="36" bec="0" bev="0" fileid="39" />
            </Method>
            <Method visited="false" cyclomaticComplexity="1" nPathComplexity="0" sequenceCoverage="0" branchCoverage="0" isConstructor="false" isStatic="false" isGetter="false" isSetter="true">
              <Summary numSequencePoints="1" visitedSequencePoints="0" numBranchPoints="1" visitedBranchPoints="0" sequenceCoverage="0" branchCoverage="0" maxCyclomaticComplexity="1" minCyclomaticComplexity="1" visitedClasses="0" numClasses="0" visitedMethods="0" numMethods="1" />
              <MetadataToken>100663619</MetadataToken>
              <Name>System.Void SportsWeb.Services.Utils.ConfigReader.S3AccessConfig::set_Region(System.String)</Name>
              <FileRef uid="39" />
              <SequencePoints>
                <SequencePoint vc="0" uspid="1358" ordinal="0" offset="0" sl="9" sc="37" el="9" ec="41" bec="0" bev="0" fileid="39" />
              </SequencePoints>
              <BranchPoints />
              <MethodPoint xsi:type="SequencePoint" vc="0" uspid="1358" ordinal="0" offset="0" sl="9" sc="37" el="9" ec="41" bec="0" bev="0" fileid="39" />
            </Method>
            <Method visited="false" cyclomaticComplexity="1" nPathComplexity="0" sequenceCoverage="0" branchCoverage="0" isConstructor="true" isStatic="false" isGetter="false" isSetter="false">
              <Summary numSequencePoints="0" visitedSequencePoints="0" numBranchPoints="0" visitedBranchPoints="0" sequenceCoverage="0" branchCoverage="0" maxCyclomaticComplexity="1" minCyclomaticComplexity="1" visitedClasses="0" numClasses="0" visitedMethods="0" numMethods="0" />
              <MetadataToken>100663620</MetadataToken>
              <Name>System.Void SportsWeb.Services.Utils.ConfigReader.S3AccessConfig::.ctor()</Name>
              <SequencePoints />
              <BranchPoints />
              <MethodPoint vc="0" uspid="1359" ordinal="0" offset="0" />
            </Method>
          </Methods>
        </Class>
        <Class>
          <Summary numSequencePoints="7" visitedSequencePoints="0" numBranchPoints="2" visitedBranchPoints="0" sequenceCoverage="0" branchCoverage="0" maxCyclomaticComplexity="1" minCyclomaticComplexity="1" visitedClasses="0" numClasses="1" visitedMethods="0" numMethods="2" />
          <FullName>SportsWeb.Services.Utils.ConfigReader.SecretsBucketAddressProvider</FullName>
          <Methods>
            <Method visited="false" cyclomaticComplexity="1" nPathComplexity="0" sequenceCoverage="0" branchCoverage="0" isConstructor="true" isStatic="false" isGetter="false" isSetter="false">
              <Summary numSequencePoints="4" visitedSequencePoints="0" numBranchPoints="1" visitedBranchPoints="0" sequenceCoverage="0" branchCoverage="0" maxCyclomaticComplexity="1" minCyclomaticComplexity="1" visitedClasses="0" numClasses="0" visitedMethods="0" numMethods="1" />
              <MetadataToken>100663621</MetadataToken>
              <Name>System.Void SportsWeb.Services.Utils.ConfigReader.SecretsBucketAddressProvider::.ctor(SportsWeb.Services.Utils.ICommonMethods)</Name>
              <FileRef uid="40" />
              <SequencePoints>
                <SequencePoint vc="0" uspid="1360" ordinal="0" offset="0" sl="10" sc="9" el="10" ec="74" bec="0" bev="0" fileid="40" />
                <SequencePoint vc="0" uspid="1361" ordinal="1" offset="7" sl="11" sc="9" el="11" ec="10" bec="0" bev="0" fileid="40" />
                <SequencePoint vc="0" uspid="1362" ordinal="2" offset="8" sl="12" sc="13" el="12" ec="47" bec="0" bev="0" fileid="40" />
                <SequencePoint vc="0" uspid="1363" ordinal="3" offset="15" sl="13" sc="9" el="13" ec="10" bec="0" bev="0" fileid="40" />
              </SequencePoints>
              <BranchPoints />
              <MethodPoint xsi:type="SequencePoint" vc="0" uspid="1360" ordinal="0" offset="0" sl="10" sc="9" el="10" ec="74" bec="0" bev="0" fileid="40" />
            </Method>
            <Method visited="false" cyclomaticComplexity="1" nPathComplexity="0" sequenceCoverage="0" branchCoverage="0" isConstructor="false" isStatic="false" isGetter="false" isSetter="false">
              <Summary numSequencePoints="3" visitedSequencePoints="0" numBranchPoints="1" visitedBranchPoints="0" sequenceCoverage="0" branchCoverage="0" maxCyclomaticComplexity="1" minCyclomaticComplexity="1" visitedClasses="0" numClasses="0" visitedMethods="0" numMethods="1" />
              <MetadataToken>100663622</MetadataToken>
              <Name>SportsWeb.Services.AppConfiguration.BucketAddress SportsWeb.Services.Utils.ConfigReader.SecretsBucketAddressProvider::GetBucketAddress()</Name>
              <FileRef uid="40" />
              <SequencePoints>
                <SequencePoint vc="0" uspid="1364" ordinal="0" offset="0" sl="16" sc="9" el="16" ec="10" bec="0" bev="0" fileid="40" />
                <SequencePoint vc="0" uspid="1365" ordinal="1" offset="1" sl="19" sc="13" el="24" ec="15" bec="0" bev="0" fileid="40" />
                <SequencePoint vc="0" uspid="1366" ordinal="2" offset="70" sl="26" sc="9" el="26" ec="10" bec="0" bev="0" fileid="40" />
              </SequencePoints>
              <BranchPoints />
              <MethodPoint xsi:type="SequencePoint" vc="0" uspid="1364" ordinal="0" offset="0" sl="16" sc="9" el="16" ec="10" bec="0" bev="0" fileid="40" />
            </Method>
          </Methods>
        </Class>
        <Class>
          <Summary numSequencePoints="53" visitedSequencePoints="0" numBranchPoints="26" visitedBranchPoints="0" sequenceCoverage="0" branchCoverage="0" maxCyclomaticComplexity="8" minCyclomaticComplexity="1" visitedClasses="0" numClasses="1" visitedMethods="0" numMethods="6" />
          <FullName>SportsWeb.Services.Utils.ConfigReader.StageConfigurationExtractor</FullName>
          <Methods>
            <Method visited="false" cyclomaticComplexity="2" nPathComplexity="2" sequenceCoverage="0" branchCoverage="0" isConstructor="true" isStatic="false" isGetter="false" isSetter="false">
              <Summary numSequencePoints="7" visitedSequencePoints="0" numBranchPoints="3" visitedBranchPoints="0" sequenceCoverage="0" branchCoverage="0" maxCyclomaticComplexity="2" minCyclomaticComplexity="2" visitedClasses="0" numClasses="0" visitedMethods="0" numMethods="1" />
              <MetadataToken>100663623</MetadataToken>
              <Name>System.Void SportsWeb.Services.Utils.ConfigReader.StageConfigurationExtractor::.ctor(SportsWeb.Services.Utils.ICommonMethods,SportsWeb.Services.Utils.ConfigReader.IResolveConfigurationReference)</Name>
              <FileRef uid="41" />
              <SequencePoints>
                <SequencePoint vc="0" uspid="1367" ordinal="0" offset="0" sl="16" sc="9" el="16" ec="122" bec="0" bev="0" fileid="41" />
                <SequencePoint vc="0" uspid="1368" ordinal="1" offset="7" sl="17" sc="9" el="17" ec="10" bec="0" bev="0" fileid="41" />
                <SequencePoint vc="0" uspid="1369" ordinal="2" offset="8" sl="18" sc="13" el="18" ec="52" bec="0" bev="0" fileid="41" />
                <SequencePoint vc="0" uspid="1370" ordinal="3" offset="15" sl="19" sc="13" el="19" ec="41" bec="2" bev="0" fileid="41" />
                <SequencePoint vc="0" uspid="1371" ordinal="4" offset="23" sl="20" sc="17" el="20" ec="100" bec="0" bev="0" fileid="41" />
                <SequencePoint vc="0" uspid="1372" ordinal="5" offset="34" sl="21" sc="13" el="21" ec="50" bec="0" bev="0" fileid="41" />
                <SequencePoint vc="0" uspid="1373" ordinal="6" offset="41" sl="22" sc="9" el="22" ec="10" bec="0" bev="0" fileid="41" />
              </SequencePoints>
              <BranchPoints>
                <BranchPoint vc="0" uspid="1374" ordinal="0" offset="21" sl="19" path="0" offsetend="23" fileid="41" />
                <BranchPoint vc="0" uspid="1375" ordinal="1" offset="21" sl="19" path="1" offsetend="34" fileid="41" />
              </BranchPoints>
              <MethodPoint xsi:type="SequencePoint" vc="0" uspid="1367" ordinal="0" offset="0" sl="16" sc="9" el="16" ec="122" bec="0" bev="0" fileid="41" />
            </Method>
            <Method visited="false" cyclomaticComplexity="7" nPathComplexity="16" sequenceCoverage="0" branchCoverage="0" isConstructor="false" isStatic="false" isGetter="false" isSetter="false">
              <Summary numSequencePoints="18" visitedSequencePoints="0" numBranchPoints="9" visitedBranchPoints="0" sequenceCoverage="0" branchCoverage="0" maxCyclomaticComplexity="7" minCyclomaticComplexity="7" visitedClasses="0" numClasses="0" visitedMethods="0" numMethods="1" />
              <MetadataToken>100663624</MetadataToken>
              <Name>System.String SportsWeb.Services.Utils.ConfigReader.StageConfigurationExtractor::Extract(System.String)</Name>
              <FileRef uid="41" />
              <SequencePoints>
                <SequencePoint vc="0" uspid="1376" ordinal="0" offset="6" sl="25" sc="9" el="25" ec="10" bec="0" bev="0" fileid="41" />
                <SequencePoint vc="0" uspid="1377" ordinal="1" offset="7" sl="26" sc="13" el="26" ec="58" bec="2" bev="0" fileid="41" />
                <SequencePoint vc="0" uspid="1378" ordinal="2" offset="19" sl="27" sc="17" el="27" ec="110" bec="0" bev="0" fileid="41" />
                <SequencePoint vc="0" uspid="1379" ordinal="3" offset="30" sl="35" sc="13" el="35" ec="65" bec="0" bev="0" fileid="41" />
                <SequencePoint vc="0" uspid="1380" ordinal="4" offset="47" sl="37" sc="13" el="37" ec="168" bec="0" bev="0" fileid="41" />
                <SequencePoint vc="0" uspid="1381" ordinal="5" offset="69" sl="38" sc="13" el="38" ec="55" bec="2" bev="0" fileid="41" />
                <SequencePoint vc="0" uspid="1382" ordinal="6" offset="90" sl="39" sc="17" el="39" ec="85" bec="0" bev="0" fileid="41" />
                <SequencePoint vc="0" uspid="1383" ordinal="7" offset="101" sl="40" sc="13" el="40" ec="61" bec="0" bev="0" fileid="41" />
                <SequencePoint vc="0" uspid="1384" ordinal="8" offset="104" sl="47" sc="13" el="47" ec="174" bec="0" bev="0" fileid="41" />
                <SequencePoint vc="0" uspid="1385" ordinal="9" offset="123" sl="48" sc="13" el="48" ec="45" bec="2" bev="0" fileid="41" />
                <SequencePoint vc="0" uspid="1386" ordinal="10" offset="133" sl="49" sc="13" el="49" ec="14" bec="0" bev="0" fileid="41" />
                <SequencePoint vc="0" uspid="1387" ordinal="11" offset="134" sl="50" sc="17" el="50" ec="190" bec="0" bev="0" fileid="41" />
                <SequencePoint vc="0" uspid="1388" ordinal="12" offset="188" sl="51" sc="17" el="51" ec="160" bec="0" bev="0" fileid="41" />
                <SequencePoint vc="0" uspid="1389" ordinal="13" offset="212" sl="53" sc="13" el="53" ec="80" bec="2" bev="0" fileid="41" />
                <SequencePoint vc="0" uspid="1390" ordinal="14" offset="244" sl="54" sc="17" el="54" ec="199" bec="0" bev="0" fileid="41" />
                <SequencePoint vc="0" uspid="1391" ordinal="15" offset="277" sl="55" sc="13" el="55" ec="74" bec="0" bev="0" fileid="41" />
                <SequencePoint vc="0" uspid="1392" ordinal="16" offset="295" sl="56" sc="13" el="56" ec="104" bec="0" bev="0" fileid="41" />
                <SequencePoint vc="0" uspid="1393" ordinal="17" offset="311" sl="57" sc="9" el="57" ec="10" bec="0" bev="0" fileid="41" />
              </SequencePoints>
              <BranchPoints>
                <BranchPoint vc="0" uspid="1394" ordinal="0" offset="17" sl="26" path="0" offsetend="19" fileid="41" />
                <BranchPoint vc="0" uspid="1395" ordinal="1" offset="17" sl="26" path="1" offsetend="30" fileid="41" />
                <BranchPoint vc="0" uspid="1398" ordinal="4" offset="88" sl="38" path="0" offsetend="90" fileid="41" />
                <BranchPoint vc="0" uspid="1399" ordinal="5" offset="88" sl="38" path="1" offsetend="101" fileid="41" />
                <BranchPoint vc="0" uspid="1400" ordinal="6" offset="131" sl="48" path="0" offsetend="133" fileid="41" />
                <BranchPoint vc="0" uspid="1401" ordinal="7" offset="131" sl="48" path="1" offsetend="212" fileid="41" />
                <BranchPoint vc="0" uspid="1404" ordinal="10" offset="242" sl="53" path="0" offsetend="244" fileid="41" />
                <BranchPoint vc="0" uspid="1405" ordinal="11" offset="242" sl="53" path="1" offsetend="277" fileid="41" />
              </BranchPoints>
              <MethodPoint vc="0" uspid="1406" ordinal="0" offset="0" />
            </Method>
            <Method visited="false" cyclomaticComplexity="8" nPathComplexity="32" sequenceCoverage="0" branchCoverage="0" isConstructor="false" isStatic="false" isGetter="false" isSetter="false">
              <Summary numSequencePoints="23" visitedSequencePoints="0" numBranchPoints="11" visitedBranchPoints="0" sequenceCoverage="0" branchCoverage="0" maxCyclomaticComplexity="8" minCyclomaticComplexity="8" visitedClasses="0" numClasses="0" visitedMethods="0" numMethods="1" />
              <MetadataToken>100663625</MetadataToken>
              <Name>System.Void SportsWeb.Services.Utils.ConfigReader.StageConfigurationExtractor::ReplaceIn(Newtonsoft.Json.Linq.JObject)</Name>
              <FileRef uid="41" />
              <SequencePoints>
                <SequencePoint vc="0" uspid="1407" ordinal="0" offset="0" sl="60" sc="9" el="60" ec="10" bec="0" bev="0" fileid="41" />
                <SequencePoint vc="0" uspid="1408" ordinal="1" offset="1" sl="61" sc="13" el="61" ec="20" bec="0" bev="0" fileid="41" />
                <SequencePoint vc="0" uspid="1409" ordinal="2" offset="2" sl="61" sc="67" el="61" ec="70" bec="0" bev="0" fileid="41" />
                <SequencePoint vc="0" uspid="1410" ordinal="3" offset="14" sl="61" sc="22" el="61" ec="63" bec="0" bev="0" fileid="41" />
                <SequencePoint vc="0" uspid="1411" ordinal="4" offset="21" sl="62" sc="13" el="62" ec="14" bec="0" bev="0" fileid="41" />
                <SequencePoint vc="0" uspid="1412" ordinal="5" offset="22" sl="63" sc="17" el="63" ec="48" bec="2" bev="0" fileid="41" />
                <SequencePoint vc="0" uspid="1413" ordinal="6" offset="39" sl="64" sc="17" el="64" ec="18" bec="0" bev="0" fileid="41" />
                <SequencePoint vc="0" uspid="1414" ordinal="7" offset="40" sl="65" sc="21" el="65" ec="73" bec="2" bev="0" fileid="41" />
                <SequencePoint vc="0" uspid="1415" ordinal="8" offset="71" sl="66" sc="25" el="66" ec="71" bec="0" bev="0" fileid="41" />
                <SequencePoint vc="0" uspid="1416" ordinal="9" offset="95" sl="67" sc="26" el="67" ec="77" bec="2" bev="0" fileid="41" />
                <SequencePoint vc="0" uspid="1417" ordinal="10" offset="128" sl="68" sc="21" el="68" ec="22" bec="0" bev="0" fileid="41" />
                <SequencePoint vc="0" uspid="1418" ordinal="11" offset="129" sl="69" sc="25" el="69" ec="86" bec="2" bev="0" fileid="41" />
                <SequencePoint vc="0" uspid="1419" ordinal="12" offset="155" sl="70" sc="25" el="70" ec="26" bec="0" bev="0" fileid="41" />
                <SequencePoint vc="0" uspid="1420" ordinal="13" offset="156" sl="71" sc="29" el="71" ec="72" bec="0" bev="0" fileid="41" />
                <SequencePoint vc="0" uspid="1421" ordinal="14" offset="170" sl="72" sc="29" el="72" ec="53" bec="2" bev="0" fileid="41" />
                <SequencePoint vc="0" uspid="1422" ordinal="15" offset="188" sl="73" sc="33" el="73" ec="113" bec="0" bev="0" fileid="41" />
                <SequencePoint vc="0" uspid="1423" ordinal="16" offset="236" sl="74" sc="25" el="74" ec="26" bec="0" bev="0" fileid="41" />
                <SequencePoint vc="0" uspid="1424" ordinal="17" offset="237" sl="75" sc="21" el="75" ec="22" bec="0" bev="0" fileid="41" />
                <SequencePoint vc="0" uspid="1425" ordinal="18" offset="240" sl="77" sc="25" el="77" ec="205" bec="0" bev="0" fileid="41" />
                <SequencePoint vc="0" uspid="1426" ordinal="19" offset="275" sl="78" sc="17" el="78" ec="18" bec="0" bev="0" fileid="41" />
                <SequencePoint vc="0" uspid="1427" ordinal="20" offset="276" sl="79" sc="13" el="79" ec="14" bec="0" bev="0" fileid="41" />
                <SequencePoint vc="0" uspid="1428" ordinal="21" offset="277" sl="61" sc="64" el="61" ec="66" bec="0" bev="0" fileid="41" />
                <SequencePoint vc="0" uspid="1429" ordinal="22" offset="301" sl="80" sc="9" el="80" ec="10" bec="0" bev="0" fileid="41" />
              </SequencePoints>
              <BranchPoints>
                <BranchPoint vc="0" uspid="1430" ordinal="0" offset="34" sl="63" path="0" offsetend="39" fileid="41" />
                <BranchPoint vc="0" uspid="1431" ordinal="1" offset="34" sl="63" path="1" offsetend="276" fileid="41" />
                <BranchPoint vc="0" uspid="1432" ordinal="2" offset="69" sl="65" path="0" offsetend="71" fileid="41" />
                <BranchPoint vc="0" uspid="1433" ordinal="3" offset="69" sl="65" path="1" offsetend="95" fileid="41" />
                <BranchPoint vc="0" uspid="1434" ordinal="4" offset="126" sl="67" path="0" offsetend="128" fileid="41" />
                <BranchPoint vc="0" uspid="1435" ordinal="5" offset="126" sl="67" path="1" offsetend="240" fileid="41" />
                <BranchPoint vc="0" uspid="1436" ordinal="6" offset="153" sl="69" path="0" offsetend="155" fileid="41" />
                <BranchPoint vc="0" uspid="1437" ordinal="7" offset="153" sl="69" path="1" offsetend="237" fileid="41" />
                <BranchPoint vc="0" uspid="1438" ordinal="8" offset="186" sl="72" path="0" offsetend="188" fileid="41" />
                <BranchPoint vc="0" uspid="1439" ordinal="9" offset="186" sl="72" path="1" offsetend="236" fileid="41" />
              </BranchPoints>
              <MethodPoint xsi:type="SequencePoint" vc="0" uspid="1407" ordinal="0" offset="0" sl="60" sc="9" el="60" ec="10" bec="0" bev="0" fileid="41" />
            </Method>
            <Method visited="false" cyclomaticComplexity="1" nPathComplexity="0" sequenceCoverage="0" branchCoverage="0" isConstructor="false" isStatic="false" isGetter="false" isSetter="false">
              <Summary numSequencePoints="3" visitedSequencePoints="0" numBranchPoints="1" visitedBranchPoints="0" sequenceCoverage="0" branchCoverage="0" maxCyclomaticComplexity="1" minCyclomaticComplexity="1" visitedClasses="0" numClasses="0" visitedMethods="0" numMethods="1" />
              <MetadataToken>100663626</MetadataToken>
              <Name>System.Void SportsWeb.Services.Utils.ConfigReader.StageConfigurationExtractor::Dispose()</Name>
              <FileRef uid="41" />
              <SequencePoints>
                <SequencePoint vc="0" uspid="1442" ordinal="0" offset="0" sl="83" sc="9" el="83" ec="10" bec="0" bev="0" fileid="41" />
                <SequencePoint vc="0" uspid="1443" ordinal="1" offset="1" sl="84" sc="13" el="84" ec="43" bec="0" bev="0" fileid="41" />
                <SequencePoint vc="0" uspid="1444" ordinal="2" offset="13" sl="85" sc="9" el="85" ec="10" bec="0" bev="0" fileid="41" />
              </SequencePoints>
              <BranchPoints />
              <MethodPoint xsi:type="SequencePoint" vc="0" uspid="1442" ordinal="0" offset="0" sl="83" sc="9" el="83" ec="10" bec="0" bev="0" fileid="41" />
            </Method>
            <Method visited="false" cyclomaticComplexity="1" nPathComplexity="0" sequenceCoverage="0" branchCoverage="0" isConstructor="true" isStatic="true" isGetter="false" isSetter="false">
              <Summary numSequencePoints="1" visitedSequencePoints="0" numBranchPoints="1" visitedBranchPoints="0" sequenceCoverage="0" branchCoverage="0" maxCyclomaticComplexity="1" minCyclomaticComplexity="1" visitedClasses="0" numClasses="0" visitedMethods="0" numMethods="1" />
              <MetadataToken>100663627</MetadataToken>
              <Name>System.Void SportsWeb.Services.Utils.ConfigReader.StageConfigurationExtractor::.cctor()</Name>
              <FileRef uid="41" />
              <SequencePoints>
                <SequencePoint vc="0" uspid="1445" ordinal="0" offset="0" sl="12" sc="9" el="12" ec="105" bec="0" bev="0" fileid="41" />
              </SequencePoints>
              <BranchPoints />
              <MethodPoint xsi:type="SequencePoint" vc="0" uspid="1445" ordinal="0" offset="0" sl="12" sc="9" el="12" ec="105" bec="0" bev="0" fileid="41" />
            </Method>
            <Method visited="false" cyclomaticComplexity="1" nPathComplexity="0" sequenceCoverage="0" branchCoverage="0" isConstructor="false" isStatic="true" isGetter="false" isSetter="false">
              <Summary numSequencePoints="1" visitedSequencePoints="0" numBranchPoints="1" visitedBranchPoints="0" sequenceCoverage="0" branchCoverage="0" maxCyclomaticComplexity="1" minCyclomaticComplexity="1" visitedClasses="0" numClasses="0" visitedMethods="0" numMethods="1" />
              <MetadataToken>100663628</MetadataToken>
              <Name>System.Boolean SportsWeb.Services.Utils.ConfigReader.StageConfigurationExtractor::&lt;Extract&gt;g__func|4_0(SportsWeb.Services.Utils.ConfigReader.NamedStageConfiguration)</Name>
              <FileRef uid="41" />
              <SequencePoints>
                <SequencePoint vc="0" uspid="1446" ordinal="0" offset="0" sl="41" sc="70" el="41" ec="121" bec="0" bev="0" fileid="41" />
              </SequencePoints>
              <BranchPoints />
              <MethodPoint xsi:type="SequencePoint" vc="0" uspid="1446" ordinal="0" offset="0" sl="41" sc="70" el="41" ec="121" bec="0" bev="0" fileid="41" />
            </Method>
          </Methods>
        </Class>
        <Class>
          <Summary numSequencePoints="1" visitedSequencePoints="0" numBranchPoints="1" visitedBranchPoints="0" sequenceCoverage="0" branchCoverage="0" maxCyclomaticComplexity="1" minCyclomaticComplexity="1" visitedClasses="0" numClasses="1" visitedMethods="0" numMethods="1" />
          <FullName>SportsWeb.Services.Utils.ConfigReader.StageConfigurationExtractor/&lt;&gt;c__DisplayClass4_0</FullName>
          <Methods>
            <Method visited="false" cyclomaticComplexity="1" nPathComplexity="0" sequenceCoverage="0" branchCoverage="0" isConstructor="true" isStatic="false" isGetter="false" isSetter="false">
              <Summary numSequencePoints="0" visitedSequencePoints="0" numBranchPoints="0" visitedBranchPoints="0" sequenceCoverage="0" branchCoverage="0" maxCyclomaticComplexity="1" minCyclomaticComplexity="1" visitedClasses="0" numClasses="0" visitedMethods="0" numMethods="0" />
              <MetadataToken>100666814</MetadataToken>
              <Name>System.Void SportsWeb.Services.Utils.ConfigReader.StageConfigurationExtractor/&lt;&gt;c__DisplayClass4_0::.ctor()</Name>
              <SequencePoints />
              <BranchPoints />
              <MethodPoint vc="0" uspid="1447" ordinal="0" offset="0" />
            </Method>
            <Method visited="false" cyclomaticComplexity="1" nPathComplexity="0" sequenceCoverage="0" branchCoverage="0" isConstructor="false" isStatic="false" isGetter="false" isSetter="false">
              <Summary numSequencePoints="1" visitedSequencePoints="0" numBranchPoints="1" visitedBranchPoints="0" sequenceCoverage="0" branchCoverage="0" maxCyclomaticComplexity="1" minCyclomaticComplexity="1" visitedClasses="0" numClasses="0" visitedMethods="0" numMethods="1" />
              <MetadataToken>100666815</MetadataToken>
              <Name>System.Boolean SportsWeb.Services.Utils.ConfigReader.StageConfigurationExtractor/&lt;&gt;c__DisplayClass4_0::&lt;Extract&gt;b__1(SportsWeb.Services.Utils.ConfigReader.NamedStageConfiguration)</Name>
              <FileRef uid="41" />
              <SequencePoints>
                <SequencePoint vc="0" uspid="1448" ordinal="0" offset="0" sl="47" sc="151" el="47" ec="171" bec="0" bev="0" fileid="41" />
              </SequencePoints>
              <BranchPoints />
              <MethodPoint xsi:type="SequencePoint" vc="0" uspid="1448" ordinal="0" offset="0" sl="47" sc="151" el="47" ec="171" bec="0" bev="0" fileid="41" />
            </Method>
          </Methods>
        </Class>
        <Class>
          <Summary numSequencePoints="1" visitedSequencePoints="0" numBranchPoints="1" visitedBranchPoints="0" sequenceCoverage="0" branchCoverage="0" maxCyclomaticComplexity="1" minCyclomaticComplexity="1" visitedClasses="0" numClasses="1" visitedMethods="0" numMethods="1" />
          <FullName>SportsWeb.Services.Utils.ConfigReader.StageConfigurationExtractor/&lt;&gt;c</FullName>
          <Methods>
            <Method visited="false" cyclomaticComplexity="1" nPathComplexity="0" sequenceCoverage="0" branchCoverage="0" isConstructor="true" isStatic="true" isGetter="false" isSetter="false">
              <Summary numSequencePoints="0" visitedSequencePoints="0" numBranchPoints="0" visitedBranchPoints="0" sequenceCoverage="0" branchCoverage="0" maxCyclomaticComplexity="1" minCyclomaticComplexity="1" visitedClasses="0" numClasses="0" visitedMethods="0" numMethods="0" />
              <MetadataToken>100666816</MetadataToken>
              <Name>System.Void SportsWeb.Services.Utils.ConfigReader.StageConfigurationExtractor/&lt;&gt;c::.cctor()</Name>
              <SequencePoints />
              <BranchPoints />
              <MethodPoint vc="0" uspid="1449" ordinal="0" offset="0" />
            </Method>
            <Method visited="false" cyclomaticComplexity="1" nPathComplexity="0" sequenceCoverage="0" branchCoverage="0" isConstructor="true" isStatic="false" isGetter="false" isSetter="false">
              <Summary numSequencePoints="0" visitedSequencePoints="0" numBranchPoints="0" visitedBranchPoints="0" sequenceCoverage="0" branchCoverage="0" maxCyclomaticComplexity="1" minCyclomaticComplexity="1" visitedClasses="0" numClasses="0" visitedMethods="0" numMethods="0" />
              <MetadataToken>100666817</MetadataToken>
              <Name>System.Void SportsWeb.Services.Utils.ConfigReader.StageConfigurationExtractor/&lt;&gt;c::.ctor()</Name>
              <SequencePoints />
              <BranchPoints />
              <MethodPoint vc="0" uspid="1450" ordinal="0" offset="0" />
            </Method>
            <Method visited="false" cyclomaticComplexity="1" nPathComplexity="0" sequenceCoverage="0" branchCoverage="0" isConstructor="false" isStatic="false" isGetter="false" isSetter="false">
              <Summary numSequencePoints="1" visitedSequencePoints="0" numBranchPoints="1" visitedBranchPoints="0" sequenceCoverage="0" branchCoverage="0" maxCyclomaticComplexity="1" minCyclomaticComplexity="1" visitedClasses="0" numClasses="0" visitedMethods="0" numMethods="1" />
              <MetadataToken>100666818</MetadataToken>
              <Name>System.String SportsWeb.Services.Utils.ConfigReader.StageConfigurationExtractor/&lt;&gt;c::&lt;Extract&gt;b__4_2(SportsWeb.Services.Utils.ConfigReader.NamedStageConfiguration)</Name>
              <FileRef uid="41" />
              <SequencePoints>
                <SequencePoint vc="0" uspid="1451" ordinal="0" offset="0" sl="50" sc="162" el="50" ec="169" bec="0" bev="0" fileid="41" />
              </SequencePoints>
              <BranchPoints />
              <MethodPoint xsi:type="SequencePoint" vc="0" uspid="1451" ordinal="0" offset="0" sl="50" sc="162" el="50" ec="169" bec="0" bev="0" fileid="41" />
            </Method>
          </Methods>
        </Class>
        <Class>
          <Summary numSequencePoints="91" visitedSequencePoints="88" numBranchPoints="34" visitedBranchPoints="30" sequenceCoverage="96.70" branchCoverage="88.24" maxCyclomaticComplexity="13" minCyclomaticComplexity="1" visitedClasses="1" numClasses="1" visitedMethods="4" numMethods="4" />
          <FullName>SportsWeb.Services.Services.InstallerKeypadService</FullName>
          <Methods>
            <Method visited="true" cyclomaticComplexity="1" nPathComplexity="0" sequenceCoverage="100" branchCoverage="100" isConstructor="true" isStatic="false" isGetter="false" isSetter="false">
              <Summary numSequencePoints="4" visitedSequencePoints="4" numBranchPoints="1" visitedBranchPoints="1" sequenceCoverage="100" branchCoverage="100" maxCyclomaticComplexity="1" minCyclomaticComplexity="1" visitedClasses="0" numClasses="0" visitedMethods="1" numMethods="1" />
              <MetadataToken>100663629</MetadataToken>
              <Name>System.Void SportsWeb.Services.Services.InstallerKeypadService::.ctor()</Name>
              <FileRef uid="44" />
              <SequencePoints>
                <SequencePoint vc="14" uspid="1452" ordinal="0" offset="0" sl="25" sc="9" el="25" ec="40" bec="0" bev="0" fileid="44" />
                <SequencePoint vc="14" uspid="1453" ordinal="1" offset="7" sl="26" sc="9" el="26" ec="10" bec="0" bev="0" fileid="44" />
                <SequencePoint vc="14" uspid="1454" ordinal="2" offset="8" sl="27" sc="13" el="27" ec="68" bec="0" bev="0" fileid="44" />
                <SequencePoint vc="14" uspid="1455" ordinal="3" offset="29" sl="28" sc="9" el="28" ec="10" bec="0" bev="0" fileid="44" />
              </SequencePoints>
              <BranchPoints />
              <MethodPoint xsi:type="SequencePoint" vc="14" uspid="1452" ordinal="0" offset="0" sl="25" sc="9" el="25" ec="40" bec="0" bev="0" fileid="44" />
            </Method>
            <Method visited="true" cyclomaticComplexity="11" nPathComplexity="16" sequenceCoverage="91.67" branchCoverage="77.78" isConstructor="false" isStatic="false" isGetter="false" isSetter="false">
              <Summary numSequencePoints="36" visitedSequencePoints="33" numBranchPoints="9" visitedBranchPoints="7" sequenceCoverage="91.67" branchCoverage="77.78" maxCyclomaticComplexity="11" minCyclomaticComplexity="11" visitedClasses="0" numClasses="0" visitedMethods="1" numMethods="1" />
              <MetadataToken>100663630</MetadataToken>
              <Name>SportsWeb.Models.Models.DetectedKeypadModel SportsWeb.Services.Services.InstallerKeypadService::GetDetectedKeypads(System.Guid)</Name>
              <FileRef uid="44" />
              <SequencePoints>
                <SequencePoint vc="4" uspid="1456" ordinal="0" offset="0" sl="31" sc="9" el="31" ec="10" bec="0" bev="0" fileid="44" />
                <SequencePoint vc="4" uspid="1457" ordinal="1" offset="1" sl="33" sc="13" el="34" ec="53" bec="2" bev="2" fileid="44" />
                <SequencePoint vc="3" uspid="1458" ordinal="2" offset="34" sl="35" sc="13" el="35" ec="14" bec="0" bev="0" fileid="44" />
                <SequencePoint vc="3" uspid="1459" ordinal="3" offset="35" sl="36" sc="17" el="36" ec="42" bec="2" bev="1" fileid="44" />
                <SequencePoint vc="0" uspid="1460" ordinal="4" offset="50" sl="37" sc="17" el="37" ec="18" bec="0" bev="0" fileid="44" />
                <SequencePoint vc="0" uspid="1461" ordinal="5" offset="51" sl="38" sc="21" el="38" ec="114" bec="0" bev="0" fileid="44" />
                <SequencePoint vc="0" uspid="1462" ordinal="6" offset="67" sl="39" sc="21" el="39" ec="96" bec="0" bev="0" fileid="44" />
                <SequencePoint vc="3" uspid="1463" ordinal="7" offset="78" sl="42" sc="17" el="42" ec="74" bec="0" bev="0" fileid="44" />
                <SequencePoint vc="2" uspid="1464" ordinal="8" offset="91" sl="43" sc="17" el="43" ec="61" bec="0" bev="0" fileid="44" />
                <SequencePoint vc="2" uspid="1465" ordinal="9" offset="102" sl="44" sc="17" el="44" ec="64" bec="0" bev="0" fileid="44" />
                <SequencePoint vc="2" uspid="1466" ordinal="10" offset="113" sl="45" sc="17" el="45" ec="109" bec="0" bev="0" fileid="44" />
                <SequencePoint vc="2" uspid="1467" ordinal="11" offset="137" sl="47" sc="17" el="47" ec="126" bec="0" bev="0" fileid="44" />
                <SequencePoint vc="2" uspid="1468" ordinal="12" offset="161" sl="48" sc="24" el="48" ec="57" bec="0" bev="0" fileid="44" />
                <SequencePoint vc="2" uspid="1469" ordinal="13" offset="169" sl="49" sc="17" el="49" ec="18" bec="0" bev="0" fileid="44" />
                <SequencePoint vc="2" uspid="1470" ordinal="14" offset="170" sl="50" sc="21" el="50" ec="84" bec="0" bev="0" fileid="44" />
                <SequencePoint vc="2" uspid="1471" ordinal="15" offset="179" sl="52" sc="21" el="52" ec="119" bec="0" bev="0" fileid="44" />
                <SequencePoint vc="2" uspid="1472" ordinal="16" offset="323" sl="53" sc="21" el="53" ec="82" bec="0" bev="0" fileid="44" />
                <SequencePoint vc="2" uspid="1473" ordinal="17" offset="332" sl="55" sc="21" el="55" ec="118" bec="0" bev="0" fileid="44" />
                <SequencePoint vc="2" uspid="1474" ordinal="18" offset="476" sl="58" sc="21" el="58" ec="28" bec="0" bev="0" fileid="44" />
                <SequencePoint vc="2" uspid="1475" ordinal="19" offset="477" sl="58" sc="48" el="58" ec="75" bec="0" bev="0" fileid="44" />
                <SequencePoint vc="4" uspid="1476" ordinal="20" offset="495" sl="58" sc="30" el="58" ec="44" bec="0" bev="0" fileid="44" />
                <SequencePoint vc="4" uspid="1477" ordinal="21" offset="504" sl="59" sc="21" el="59" ec="22" bec="0" bev="0" fileid="44" />
                <SequencePoint vc="4" uspid="1478" ordinal="22" offset="505" sl="60" sc="25" el="60" ec="32" bec="0" bev="0" fileid="44" />
                <SequencePoint vc="4" uspid="1479" ordinal="23" offset="506" sl="60" sc="48" el="60" ec="66" bec="0" bev="0" fileid="44" />
                <SequencePoint vc="8" uspid="1480" ordinal="24" offset="532" sl="60" sc="34" el="60" ec="44" bec="0" bev="0" fileid="44" />
                <SequencePoint vc="8" uspid="1481" ordinal="25" offset="546" sl="61" sc="25" el="61" ec="26" bec="0" bev="0" fileid="44" />
                <SequencePoint vc="8" uspid="1482" ordinal="26" offset="547" sl="62" sc="29" el="62" ec="133" bec="2" bev="2" fileid="44" />
                <SequencePoint vc="8" uspid="1483" ordinal="27" offset="712" sl="63" sc="29" el="63" ec="124" bec="2" bev="1" fileid="44" />
                <SequencePoint vc="8" uspid="1484" ordinal="28" offset="886" sl="64" sc="25" el="64" ec="26" bec="0" bev="0" fileid="44" />
                <SequencePoint vc="12" uspid="1485" ordinal="29" offset="887" sl="60" sc="45" el="60" ec="47" bec="0" bev="0" fileid="44" />
                <SequencePoint vc="4" uspid="1486" ordinal="30" offset="916" sl="65" sc="21" el="65" ec="22" bec="0" bev="0" fileid="44" />
                <SequencePoint vc="6" uspid="1487" ordinal="31" offset="917" sl="58" sc="45" el="58" ec="47" bec="0" bev="0" fileid="44" />
                <SequencePoint vc="2" uspid="1488" ordinal="32" offset="946" sl="66" sc="17" el="66" ec="18" bec="0" bev="0" fileid="44" />
                <SequencePoint vc="2" uspid="1489" ordinal="33" offset="962" sl="67" sc="17" el="67" ec="40" bec="0" bev="0" fileid="44" />
                <SequencePoint vc="1" uspid="1490" ordinal="34" offset="967" sl="70" sc="13" el="70" ec="46" bec="0" bev="0" fileid="44" />
                <SequencePoint vc="3" uspid="1491" ordinal="35" offset="976" sl="71" sc="9" el="71" ec="10" bec="0" bev="0" fileid="44" />
              </SequencePoints>
              <BranchPoints>
                <BranchPoint vc="3" uspid="1492" ordinal="0" offset="23" sl="33" path="0" offsetend="28" fileid="44" />
                <BranchPoint vc="1" uspid="1493" ordinal="1" offset="23" sl="33" path="1" offsetend="967" fileid="44" />
                <BranchPoint vc="0" uspid="1494" ordinal="2" offset="48" sl="36" path="0" offsetend="50" fileid="44" />
                <BranchPoint vc="3" uspid="1495" ordinal="3" offset="48" sl="36" path="1" offsetend="78" fileid="44" />
                <BranchPoint vc="6" uspid="1496" ordinal="4" offset="679" sl="62" path="0" offsetend="681" fileid="44" />
                <BranchPoint vc="2" uspid="1497" ordinal="5" offset="679" sl="62" path="1" offsetend="685" fileid="44" />
                <BranchPoint vc="8" uspid="1500" ordinal="8" offset="869" sl="63" path="0" offsetend="871" fileid="44" />
                <BranchPoint vc="0" uspid="1501" ordinal="9" offset="869" sl="63" path="1" offsetend="875" fileid="44" />
              </BranchPoints>
              <MethodPoint xsi:type="SequencePoint" vc="4" uspid="1456" ordinal="0" offset="0" sl="31" sc="9" el="31" ec="10" bec="0" bev="0" fileid="44" />
            </Method>
            <Method visited="true" cyclomaticComplexity="13" nPathComplexity="2048" sequenceCoverage="100" branchCoverage="91.30" isConstructor="false" isStatic="false" isGetter="false" isSetter="false">
              <Summary numSequencePoints="50" visitedSequencePoints="50" numBranchPoints="23" visitedBranchPoints="21" sequenceCoverage="100" branchCoverage="91.30" maxCyclomaticComplexity="13" minCyclomaticComplexity="13" visitedClasses="0" numClasses="0" visitedMethods="1" numMethods="1" />
              <MetadataToken>100663631</MetadataToken>
              <Name>System.Int32 SportsWeb.Services.Services.InstallerKeypadService::AssociateKeypadToField(SportsWeb.Models.Models.KeypadToFieldAssociationModel)</Name>
              <FileRef uid="44" />
              <SequencePoints>
                <SequencePoint vc="10" uspid="1506" ordinal="0" offset="13" sl="74" sc="9" el="74" ec="10" bec="0" bev="0" fileid="44" />
                <SequencePoint vc="10" uspid="1507" ordinal="1" offset="14" sl="75" sc="13" el="76" ec="64" bec="2" bev="2" fileid="44" />
                <SequencePoint vc="9" uspid="1508" ordinal="2" offset="41" sl="77" sc="13" el="77" ec="14" bec="0" bev="0" fileid="44" />
                <SequencePoint vc="9" uspid="1509" ordinal="3" offset="42" sl="78" sc="17" el="78" ec="35" bec="2" bev="2" fileid="44" />
                <SequencePoint vc="1" uspid="1510" ordinal="4" offset="55" sl="79" sc="17" el="79" ec="18" bec="0" bev="0" fileid="44" />
                <SequencePoint vc="1" uspid="1511" ordinal="5" offset="56" sl="80" sc="21" el="80" ec="117" bec="0" bev="0" fileid="44" />
                <SequencePoint vc="1" uspid="1512" ordinal="6" offset="72" sl="81" sc="21" el="81" ec="96" bec="0" bev="0" fileid="44" />
                <SequencePoint vc="8" uspid="1513" ordinal="7" offset="83" sl="85" sc="17" el="85" ec="47" bec="2" bev="2" fileid="44" />
                <SequencePoint vc="4" uspid="1514" ordinal="8" offset="105" sl="86" sc="17" el="86" ec="18" bec="0" bev="0" fileid="44" />
                <SequencePoint vc="4" uspid="1515" ordinal="9" offset="106" sl="87" sc="21" el="87" ec="70" bec="2" bev="1" fileid="44" />
                <SequencePoint vc="4" uspid="1516" ordinal="10" offset="139" sl="88" sc="21" el="88" ec="22" bec="0" bev="0" fileid="44" />
                <SequencePoint vc="4" uspid="1517" ordinal="11" offset="140" sl="90" sc="25" el="90" ec="109" bec="2" bev="2" fileid="44" />
                <SequencePoint vc="1" uspid="1518" ordinal="12" offset="166" sl="91" sc="25" el="91" ec="26" bec="0" bev="0" fileid="44" />
                <SequencePoint vc="1" uspid="1519" ordinal="13" offset="167" sl="92" sc="29" el="93" ec="87" bec="0" bev="0" fileid="44" />
                <SequencePoint vc="3" uspid="1520" ordinal="14" offset="178" sl="95" sc="25" el="95" ec="55" bec="2" bev="1" fileid="44" />
                <SequencePoint vc="3" uspid="1521" ordinal="15" offset="199" sl="96" sc="25" el="96" ec="26" bec="0" bev="0" fileid="44" />
                <SequencePoint vc="3" uspid="1522" ordinal="16" offset="200" sl="97" sc="29" el="97" ec="105" bec="2" bev="2" fileid="44" />
                <SequencePoint vc="1" uspid="1523" ordinal="17" offset="226" sl="98" sc="29" el="98" ec="30" bec="0" bev="0" fileid="44" />
                <SequencePoint vc="1" uspid="1524" ordinal="18" offset="227" sl="99" sc="33" el="100" ec="86" bec="0" bev="0" fileid="44" />
                <SequencePoint vc="2" uspid="1525" ordinal="19" offset="238" sl="102" sc="25" el="102" ec="26" bec="0" bev="0" fileid="44" />
                <SequencePoint vc="2" uspid="1526" ordinal="20" offset="239" sl="103" sc="21" el="103" ec="22" bec="0" bev="0" fileid="44" />
                <SequencePoint vc="2" uspid="1527" ordinal="21" offset="240" sl="104" sc="17" el="104" ec="18" bec="0" bev="0" fileid="44" />
                <SequencePoint vc="4" uspid="1528" ordinal="22" offset="243" sl="106" sc="17" el="106" ec="18" bec="0" bev="0" fileid="44" />
                <SequencePoint vc="4" uspid="1529" ordinal="23" offset="244" sl="107" sc="21" el="107" ec="51" bec="2" bev="2" fileid="44" />
                <SequencePoint vc="3" uspid="1530" ordinal="24" offset="265" sl="108" sc="21" el="108" ec="22" bec="0" bev="0" fileid="44" />
                <SequencePoint vc="3" uspid="1531" ordinal="25" offset="266" sl="109" sc="25" el="109" ec="101" bec="2" bev="2" fileid="44" />
                <SequencePoint vc="1" uspid="1532" ordinal="26" offset="292" sl="110" sc="25" el="110" ec="26" bec="0" bev="0" fileid="44" />
                <SequencePoint vc="1" uspid="1533" ordinal="27" offset="293" sl="111" sc="29" el="111" ec="121" bec="0" bev="0" fileid="44" />
                <SequencePoint vc="1" uspid="1534" ordinal="28" offset="304" sl="113" sc="21" el="113" ec="22" bec="0" bev="0" fileid="44" />
                <SequencePoint vc="2" uspid="1535" ordinal="29" offset="305" sl="114" sc="17" el="114" ec="18" bec="0" bev="0" fileid="44" />
                <SequencePoint vc="4" uspid="1536" ordinal="30" offset="306" sl="116" sc="24" el="116" ec="57" bec="0" bev="0" fileid="44" />
                <SequencePoint vc="4" uspid="1537" ordinal="31" offset="314" sl="117" sc="17" el="117" ec="18" bec="0" bev="0" fileid="44" />
                <SequencePoint vc="4" uspid="1538" ordinal="32" offset="315" sl="118" sc="21" el="118" ec="84" bec="0" bev="0" fileid="44" />
                <SequencePoint vc="4" uspid="1539" ordinal="33" offset="324" sl="119" sc="21" el="119" ec="112" bec="0" bev="0" fileid="44" />
                <SequencePoint vc="4" uspid="1540" ordinal="34" offset="454" sl="120" sc="21" el="120" ec="40" bec="2" bev="2" fileid="44" />
                <SequencePoint vc="1" uspid="1541" ordinal="35" offset="465" sl="121" sc="21" el="121" ec="22" bec="0" bev="0" fileid="44" />
                <SequencePoint vc="1" uspid="1542" ordinal="36" offset="466" sl="122" sc="25" el="128" ec="28" bec="0" bev="0" fileid="44" />
                <SequencePoint vc="1" uspid="1543" ordinal="37" offset="532" sl="129" sc="25" el="129" ec="72" bec="0" bev="0" fileid="44" />
                <SequencePoint vc="1" uspid="1544" ordinal="38" offset="548" sl="130" sc="21" el="130" ec="22" bec="0" bev="0" fileid="44" />
                <SequencePoint vc="3" uspid="1545" ordinal="39" offset="554" sl="132" sc="21" el="132" ec="22" bec="0" bev="0" fileid="44" />
                <SequencePoint vc="3" uspid="1546" ordinal="40" offset="555" sl="133" sc="25" el="133" ec="118" bec="2" bev="2" fileid="44" />
                <SequencePoint vc="2" uspid="1547" ordinal="41" offset="591" sl="134" sc="25" el="134" ec="26" bec="0" bev="0" fileid="44" />
                <SequencePoint vc="2" uspid="1548" ordinal="42" offset="592" sl="135" sc="29" el="142" ec="32" bec="0" bev="0" fileid="44" />
                <SequencePoint vc="2" uspid="1549" ordinal="43" offset="672" sl="143" sc="29" el="144" ec="90" bec="0" bev="0" fileid="44" />
                <SequencePoint vc="2" uspid="1550" ordinal="44" offset="764" sl="145" sc="25" el="145" ec="26" bec="0" bev="0" fileid="44" />
                <SequencePoint vc="3" uspid="1551" ordinal="45" offset="765" sl="146" sc="21" el="146" ec="22" bec="0" bev="0" fileid="44" />
                <SequencePoint vc="4" uspid="1552" ordinal="46" offset="766" sl="148" sc="17" el="148" ec="18" bec="0" bev="0" fileid="44" />
                <SequencePoint vc="4" uspid="1553" ordinal="47" offset="782" sl="149" sc="17" el="149" ec="67" bec="0" bev="0" fileid="44" />
                <SequencePoint vc="1" uspid="1554" ordinal="48" offset="797" sl="152" sc="13" el="152" ec="63" bec="0" bev="0" fileid="44" />
                <SequencePoint vc="5" uspid="1555" ordinal="49" offset="812" sl="153" sc="9" el="153" ec="10" bec="0" bev="0" fileid="44" />
              </SequencePoints>
              <BranchPoints>
                <BranchPoint vc="9" uspid="1556" ordinal="0" offset="36" sl="75" path="0" offsetend="41" fileid="44" />
                <BranchPoint vc="1" uspid="1557" ordinal="1" offset="36" sl="75" path="1" offsetend="797" fileid="44" />
                <BranchPoint vc="1" uspid="1558" ordinal="2" offset="53" sl="78" path="0" offsetend="55" fileid="44" />
                <BranchPoint vc="8" uspid="1559" ordinal="3" offset="53" sl="78" path="1" offsetend="83" fileid="44" />
                <BranchPoint vc="4" uspid="1560" ordinal="4" offset="100" sl="85" path="0" offsetend="105" fileid="44" />
                <BranchPoint vc="4" uspid="1561" ordinal="5" offset="100" sl="85" path="1" offsetend="243" fileid="44" />
                <BranchPoint vc="4" uspid="1562" ordinal="6" offset="137" sl="87" path="0" offsetend="139" fileid="44" />
                <BranchPoint vc="0" uspid="1563" ordinal="7" offset="137" sl="87" path="1" offsetend="240" fileid="44" />
                <BranchPoint vc="1" uspid="1564" ordinal="8" offset="164" sl="90" path="0" offsetend="166" fileid="44" />
                <BranchPoint vc="3" uspid="1565" ordinal="9" offset="164" sl="90" path="1" offsetend="178" fileid="44" />
                <BranchPoint vc="3" uspid="1566" ordinal="10" offset="197" sl="95" path="0" offsetend="199" fileid="44" />
                <BranchPoint vc="0" uspid="1567" ordinal="11" offset="197" sl="95" path="1" offsetend="239" fileid="44" />
                <BranchPoint vc="1" uspid="1568" ordinal="12" offset="224" sl="97" path="0" offsetend="226" fileid="44" />
                <BranchPoint vc="2" uspid="1569" ordinal="13" offset="224" sl="97" path="1" offsetend="238" fileid="44" />
                <BranchPoint vc="3" uspid="1570" ordinal="14" offset="263" sl="107" path="0" offsetend="265" fileid="44" />
                <BranchPoint vc="1" uspid="1571" ordinal="15" offset="263" sl="107" path="1" offsetend="305" fileid="44" />
                <BranchPoint vc="1" uspid="1572" ordinal="16" offset="290" sl="109" path="0" offsetend="292" fileid="44" />
                <BranchPoint vc="1" uspid="1573" ordinal="17" offset="290" sl="109" path="1" offsetend="304" fileid="44" />
                <BranchPoint vc="1" uspid="1574" ordinal="18" offset="463" sl="120" path="0" offsetend="465" fileid="44" />
                <BranchPoint vc="3" uspid="1575" ordinal="19" offset="463" sl="120" path="1" offsetend="554" fileid="44" />
                <BranchPoint vc="2" uspid="1576" ordinal="20" offset="586" sl="133" path="0" offsetend="591" fileid="44" />
                <BranchPoint vc="1" uspid="1577" ordinal="21" offset="586" sl="133" path="1" offsetend="765" fileid="44" />
              </BranchPoints>
              <MethodPoint vc="10" uspid="1578" ordinal="0" offset="0" />
            </Method>
            <Method visited="true" cyclomaticComplexity="1" nPathComplexity="0" sequenceCoverage="100" branchCoverage="100" isConstructor="true" isStatic="true" isGetter="false" isSetter="false">
              <Summary numSequencePoints="1" visitedSequencePoints="1" numBranchPoints="1" visitedBranchPoints="1" sequenceCoverage="100" branchCoverage="100" maxCyclomaticComplexity="1" minCyclomaticComplexity="1" visitedClasses="0" numClasses="0" visitedMethods="1" numMethods="1" />
              <MetadataToken>100663632</MetadataToken>
              <Name>System.Void SportsWeb.Services.Services.InstallerKeypadService::.cctor()</Name>
              <FileRef uid="44" />
              <SequencePoints>
                <SequencePoint vc="1" uspid="1579" ordinal="0" offset="0" sl="22" sc="9" el="22" ec="100" bec="0" bev="0" fileid="44" />
              </SequencePoints>
              <BranchPoints />
              <MethodPoint xsi:type="SequencePoint" vc="1" uspid="1579" ordinal="0" offset="0" sl="22" sc="9" el="22" ec="100" bec="0" bev="0" fileid="44" />
            </Method>
          </Methods>
        </Class>
        <Class>
          <Summary numSequencePoints="4" visitedSequencePoints="4" numBranchPoints="4" visitedBranchPoints="4" sequenceCoverage="100" branchCoverage="100" maxCyclomaticComplexity="2" minCyclomaticComplexity="1" visitedClasses="1" numClasses="1" visitedMethods="4" numMethods="4" />
          <FullName>SportsWeb.Services.Services.InstallerKeypadService/&lt;&gt;c__DisplayClass3_0</FullName>
          <Methods>
            <Method visited="true" cyclomaticComplexity="1" nPathComplexity="0" sequenceCoverage="0" branchCoverage="0" isConstructor="true" isStatic="false" isGetter="false" isSetter="false">
              <Summary numSequencePoints="0" visitedSequencePoints="0" numBranchPoints="0" visitedBranchPoints="0" sequenceCoverage="0" branchCoverage="0" maxCyclomaticComplexity="1" minCyclomaticComplexity="1" visitedClasses="0" numClasses="0" visitedMethods="0" numMethods="0" />
              <MetadataToken>100666819</MetadataToken>
              <Name>System.Void SportsWeb.Services.Services.InstallerKeypadService/&lt;&gt;c__DisplayClass3_0::.ctor()</Name>
              <SequencePoints />
              <BranchPoints />
              <MethodPoint vc="3" uspid="1580" ordinal="0" offset="0" />
            </Method>
            <Method visited="true" cyclomaticComplexity="2" nPathComplexity="0" sequenceCoverage="100" branchCoverage="100" isConstructor="false" isStatic="false" isGetter="false" isSetter="false">
              <Summary numSequencePoints="1" visitedSequencePoints="1" numBranchPoints="1" visitedBranchPoints="1" sequenceCoverage="100" branchCoverage="100" maxCyclomaticComplexity="2" minCyclomaticComplexity="2" visitedClasses="0" numClasses="0" visitedMethods="1" numMethods="1" />
              <MetadataToken>100666820</MetadataToken>
              <Name>System.Void SportsWeb.Services.Services.InstallerKeypadService/&lt;&gt;c__DisplayClass3_0::&lt;GetDetectedKeypads&gt;b__0(SportsWeb.Models.CPUModel)</Name>
              <FileRef uid="44" />
              <SequencePoints>
                <SequencePoint vc="4" uspid="1581" ordinal="0" offset="0" sl="45" sc="58" el="45" ec="107" bec="0" bev="0" fileid="44" />
              </SequencePoints>
              <BranchPoints />
              <MethodPoint xsi:type="SequencePoint" vc="4" uspid="1581" ordinal="0" offset="0" sl="45" sc="58" el="45" ec="107" bec="0" bev="0" fileid="44" />
            </Method>
            <Method visited="true" cyclomaticComplexity="1" nPathComplexity="0" sequenceCoverage="100" branchCoverage="100" isConstructor="false" isStatic="false" isGetter="false" isSetter="false">
              <Summary numSequencePoints="1" visitedSequencePoints="1" numBranchPoints="1" visitedBranchPoints="1" sequenceCoverage="100" branchCoverage="100" maxCyclomaticComplexity="1" minCyclomaticComplexity="1" visitedClasses="0" numClasses="0" visitedMethods="1" numMethods="1" />
              <MetadataToken>100666821</MetadataToken>
              <Name>System.Void SportsWeb.Services.Services.InstallerKeypadService/&lt;&gt;c__DisplayClass3_0::&lt;GetDetectedKeypads&gt;b__2(SportsWeb.Models.KeyPad)</Name>
              <FileRef uid="44" />
              <SequencePoints>
                <SequencePoint vc="8" uspid="1584" ordinal="0" offset="0" sl="45" sc="81" el="45" ec="106" bec="0" bev="0" fileid="44" />
              </SequencePoints>
              <BranchPoints />
              <MethodPoint xsi:type="SequencePoint" vc="8" uspid="1584" ordinal="0" offset="0" sl="45" sc="81" el="45" ec="106" bec="0" bev="0" fileid="44" />
            </Method>
            <Method visited="true" cyclomaticComplexity="2" nPathComplexity="0" sequenceCoverage="100" branchCoverage="100" isConstructor="false" isStatic="false" isGetter="false" isSetter="false">
              <Summary numSequencePoints="1" visitedSequencePoints="1" numBranchPoints="1" visitedBranchPoints="1" sequenceCoverage="100" branchCoverage="100" maxCyclomaticComplexity="2" minCyclomaticComplexity="2" visitedClasses="0" numClasses="0" visitedMethods="1" numMethods="1" />
              <MetadataToken>100666822</MetadataToken>
              <Name>System.Void SportsWeb.Services.Services.InstallerKeypadService/&lt;&gt;c__DisplayClass3_0::&lt;GetDetectedKeypads&gt;b__1(SportsWeb.Models.CPUModel)</Name>
              <FileRef uid="44" />
              <SequencePoints>
                <SequencePoint vc="4" uspid="1585" ordinal="0" offset="0" sl="47" sc="58" el="47" ec="124" bec="0" bev="0" fileid="44" />
              </SequencePoints>
              <BranchPoints />
              <MethodPoint xsi:type="SequencePoint" vc="4" uspid="1585" ordinal="0" offset="0" sl="47" sc="58" el="47" ec="124" bec="0" bev="0" fileid="44" />
            </Method>
            <Method visited="true" cyclomaticComplexity="1" nPathComplexity="0" sequenceCoverage="100" branchCoverage="100" isConstructor="false" isStatic="false" isGetter="false" isSetter="false">
              <Summary numSequencePoints="1" visitedSequencePoints="1" numBranchPoints="1" visitedBranchPoints="1" sequenceCoverage="100" branchCoverage="100" maxCyclomaticComplexity="1" minCyclomaticComplexity="1" visitedClasses="0" numClasses="0" visitedMethods="1" numMethods="1" />
              <MetadataToken>100666823</MetadataToken>
              <Name>System.Void SportsWeb.Services.Services.InstallerKeypadService/&lt;&gt;c__DisplayClass3_0::&lt;GetDetectedKeypads&gt;b__3(SportsWeb.Models.KeyPad)</Name>
              <FileRef uid="44" />
              <SequencePoints>
                <SequencePoint vc="8" uspid="1588" ordinal="0" offset="0" sl="47" sc="81" el="47" ec="123" bec="0" bev="0" fileid="44" />
              </SequencePoints>
              <BranchPoints />
              <MethodPoint xsi:type="SequencePoint" vc="8" uspid="1588" ordinal="0" offset="0" sl="47" sc="81" el="47" ec="123" bec="0" bev="0" fileid="44" />
            </Method>
          </Methods>
        </Class>
        <Class>
          <Summary numSequencePoints="0" visitedSequencePoints="0" numBranchPoints="0" visitedBranchPoints="0" sequenceCoverage="0" branchCoverage="0" maxCyclomaticComplexity="1" minCyclomaticComplexity="1" visitedClasses="0" numClasses="0" visitedMethods="0" numMethods="0" />
          <FullName>SportsWeb.Services.Services.InstallerKeypadService/&lt;&gt;c__DisplayClass3_1</FullName>
          <Methods>
            <Method visited="true" cyclomaticComplexity="1" nPathComplexity="0" sequenceCoverage="0" branchCoverage="0" isConstructor="true" isStatic="false" isGetter="false" isSetter="false">
              <Summary numSequencePoints="0" visitedSequencePoints="0" numBranchPoints="0" visitedBranchPoints="0" sequenceCoverage="0" branchCoverage="0" maxCyclomaticComplexity="1" minCyclomaticComplexity="1" visitedClasses="0" numClasses="0" visitedMethods="0" numMethods="0" />
              <MetadataToken>100666824</MetadataToken>
              <Name>System.Void SportsWeb.Services.Services.InstallerKeypadService/&lt;&gt;c__DisplayClass3_1::.ctor()</Name>
              <SequencePoints />
              <BranchPoints />
              <MethodPoint vc="8" uspid="1589" ordinal="0" offset="0" />
            </Method>
          </Methods>
        </Class>
        <Class>
          <Summary numSequencePoints="0" visitedSequencePoints="0" numBranchPoints="0" visitedBranchPoints="0" sequenceCoverage="0" branchCoverage="0" maxCyclomaticComplexity="1" minCyclomaticComplexity="1" visitedClasses="0" numClasses="0" visitedMethods="0" numMethods="0" />
          <FullName>SportsWeb.Services.Services.InstallerKeypadService/&lt;&gt;c__DisplayClass4_0</FullName>
          <Methods>
            <Method visited="true" cyclomaticComplexity="1" nPathComplexity="0" sequenceCoverage="0" branchCoverage="0" isConstructor="true" isStatic="false" isGetter="false" isSetter="false">
              <Summary numSequencePoints="0" visitedSequencePoints="0" numBranchPoints="0" visitedBranchPoints="0" sequenceCoverage="0" branchCoverage="0" maxCyclomaticComplexity="1" minCyclomaticComplexity="1" visitedClasses="0" numClasses="0" visitedMethods="0" numMethods="0" />
              <MetadataToken>100666825</MetadataToken>
              <Name>System.Void SportsWeb.Services.Services.InstallerKeypadService/&lt;&gt;c__DisplayClass4_0::.ctor()</Name>
              <SequencePoints />
              <BranchPoints />
              <MethodPoint vc="10" uspid="1590" ordinal="0" offset="0" />
            </Method>
          </Methods>
        </Class>
        <Class>
          <Summary numSequencePoints="162" visitedSequencePoints="160" numBranchPoints="70" visitedBranchPoints="61" sequenceCoverage="98.77" branchCoverage="87.14" maxCyclomaticComplexity="37" minCyclomaticComplexity="1" visitedClasses="1" numClasses="1" visitedMethods="6" numMethods="6" />
          <FullName>SportsWeb.Services.Services.InstallerPushButtonService</FullName>
          <Methods>
            <Method visited="true" cyclomaticComplexity="1" nPathComplexity="0" sequenceCoverage="100" branchCoverage="100" isConstructor="true" isStatic="false" isGetter="false" isSetter="false">
              <Summary numSequencePoints="4" visitedSequencePoints="4" numBranchPoints="1" visitedBranchPoints="1" sequenceCoverage="100" branchCoverage="100" maxCyclomaticComplexity="1" minCyclomaticComplexity="1" visitedClasses="0" numClasses="0" visitedMethods="1" numMethods="1" />
              <MetadataToken>100663633</MetadataToken>
              <Name>System.Void SportsWeb.Services.Services.InstallerPushButtonService::.ctor()</Name>
              <FileRef uid="46" />
              <SequencePoints>
                <SequencePoint vc="32" uspid="1591" ordinal="0" offset="0" sl="23" sc="9" el="23" ec="44" bec="0" bev="0" fileid="46" />
                <SequencePoint vc="32" uspid="1592" ordinal="1" offset="7" sl="24" sc="9" el="24" ec="10" bec="0" bev="0" fileid="46" />
                <SequencePoint vc="32" uspid="1593" ordinal="2" offset="8" sl="25" sc="13" el="25" ec="68" bec="0" bev="0" fileid="46" />
                <SequencePoint vc="32" uspid="1594" ordinal="3" offset="29" sl="27" sc="9" el="27" ec="10" bec="0" bev="0" fileid="46" />
              </SequencePoints>
              <BranchPoints />
              <MethodPoint xsi:type="SequencePoint" vc="32" uspid="1591" ordinal="0" offset="0" sl="23" sc="9" el="23" ec="44" bec="0" bev="0" fileid="46" />
            </Method>
            <Method visited="true" cyclomaticComplexity="3" nPathComplexity="4" sequenceCoverage="100" branchCoverage="100" isConstructor="false" isStatic="false" isGetter="false" isSetter="false">
              <Summary numSequencePoints="16" visitedSequencePoints="16" numBranchPoints="5" visitedBranchPoints="5" sequenceCoverage="100" branchCoverage="100" maxCyclomaticComplexity="3" minCyclomaticComplexity="3" visitedClasses="0" numClasses="0" visitedMethods="1" numMethods="1" />
              <MetadataToken>100663634</MetadataToken>
              <Name>SportsWeb.Models.Models.PushButtonModel SportsWeb.Services.Services.InstallerPushButtonService::AddPushButtonToController(SportsWeb.Models.Models.PushButtonModel)</Name>
              <FileRef uid="46" />
              <SequencePoints>
                <SequencePoint vc="5" uspid="1595" ordinal="0" offset="0" sl="29" sc="9" el="29" ec="10" bec="0" bev="0" fileid="46" />
                <SequencePoint vc="5" uspid="1596" ordinal="1" offset="1" sl="30" sc="13" el="30" ec="31" bec="2" bev="2" fileid="46" />
                <SequencePoint vc="1" uspid="1597" ordinal="2" offset="9" sl="31" sc="13" el="31" ec="14" bec="0" bev="0" fileid="46" />
                <SequencePoint vc="1" uspid="1598" ordinal="3" offset="10" sl="32" sc="17" el="32" ec="120" bec="0" bev="0" fileid="46" />
                <SequencePoint vc="1" uspid="1599" ordinal="4" offset="26" sl="33" sc="17" el="33" ec="92" bec="0" bev="0" fileid="46" />
                <SequencePoint vc="4" uspid="1600" ordinal="5" offset="37" sl="36" sc="13" el="36" ec="67" bec="0" bev="0" fileid="46" />
                <SequencePoint vc="4" uspid="1601" ordinal="6" offset="69" sl="38" sc="13" el="39" ec="56" bec="2" bev="2" fileid="46" />
                <SequencePoint vc="3" uspid="1602" ordinal="7" offset="93" sl="40" sc="13" el="40" ec="14" bec="0" bev="0" fileid="46" />
                <SequencePoint vc="3" uspid="1603" ordinal="8" offset="94" sl="43" sc="17" el="43" ec="18" bec="0" bev="0" fileid="46" />
                <SequencePoint vc="3" uspid="1604" ordinal="9" offset="95" sl="44" sc="21" el="44" ec="57" bec="0" bev="0" fileid="46" />
                <SequencePoint vc="1" uspid="1605" ordinal="10" offset="110" sl="46" sc="17" el="46" ec="37" bec="0" bev="0" fileid="46" />
                <SequencePoint vc="1" uspid="1606" ordinal="11" offset="111" sl="47" sc="17" el="47" ec="18" bec="0" bev="0" fileid="46" />
                <SequencePoint vc="1" uspid="1607" ordinal="12" offset="112" sl="48" sc="21" el="48" ec="115" bec="0" bev="0" fileid="46" />
                <SequencePoint vc="1" uspid="1608" ordinal="13" offset="129" sl="49" sc="21" el="49" ec="27" bec="0" bev="0" fileid="46" />
                <SequencePoint vc="1" uspid="1609" ordinal="14" offset="131" sl="53" sc="13" el="53" ec="25" bec="0" bev="0" fileid="46" />
                <SequencePoint vc="3" uspid="1610" ordinal="15" offset="135" sl="54" sc="9" el="54" ec="10" bec="0" bev="0" fileid="46" />
              </SequencePoints>
              <BranchPoints>
                <BranchPoint vc="1" uspid="1611" ordinal="0" offset="7" sl="30" path="0" offsetend="9" fileid="46" />
                <BranchPoint vc="4" uspid="1612" ordinal="1" offset="7" sl="30" path="1" offsetend="37" fileid="46" />
                <BranchPoint vc="3" uspid="1613" ordinal="2" offset="91" sl="38" path="0" offsetend="93" fileid="46" />
                <BranchPoint vc="1" uspid="1614" ordinal="3" offset="91" sl="38" path="1" offsetend="131" fileid="46" />
              </BranchPoints>
              <MethodPoint xsi:type="SequencePoint" vc="5" uspid="1595" ordinal="0" offset="0" sl="29" sc="9" el="29" ec="10" bec="0" bev="0" fileid="46" />
            </Method>
            <Method visited="true" cyclomaticComplexity="37" nPathComplexity="8388608" sequenceCoverage="97.73" branchCoverage="87.23" isConstructor="false" isStatic="false" isGetter="false" isSetter="false">
              <Summary numSequencePoints="88" visitedSequencePoints="86" numBranchPoints="47" visitedBranchPoints="41" sequenceCoverage="97.73" branchCoverage="87.23" maxCyclomaticComplexity="37" minCyclomaticComplexity="37" visitedClasses="0" numClasses="0" visitedMethods="1" numMethods="1" />
              <MetadataToken>100663635</MetadataToken>
              <Name>SportsWeb.Models.Models.PushbuttonAssociationStatus SportsWeb.Services.Services.InstallerPushButtonService::AssociatePushButtonToField(SportsWeb.Models.Models.AssociatePushbuttonToFieldModel)</Name>
              <FileRef uid="46" />
              <SequencePoints>
                <SequencePoint vc="19" uspid="1615" ordinal="0" offset="13" sl="57" sc="9" el="57" ec="10" bec="0" bev="0" fileid="46" />
                <SequencePoint vc="19" uspid="1616" ordinal="1" offset="14" sl="58" sc="13" el="58" ec="67" bec="0" bev="0" fileid="46" />
                <SequencePoint vc="19" uspid="1617" ordinal="2" offset="16" sl="59" sc="13" el="60" ec="69" bec="2" bev="2" fileid="46" />
                <SequencePoint vc="18" uspid="1618" ordinal="3" offset="49" sl="61" sc="13" el="61" ec="14" bec="0" bev="0" fileid="46" />
                <SequencePoint vc="18" uspid="1619" ordinal="4" offset="50" sl="62" sc="17" el="62" ec="35" bec="2" bev="2" fileid="46" />
                <SequencePoint vc="1" uspid="1620" ordinal="5" offset="65" sl="63" sc="17" el="63" ec="18" bec="0" bev="0" fileid="46" />
                <SequencePoint vc="1" uspid="1621" ordinal="6" offset="66" sl="64" sc="21" el="64" ec="125" bec="0" bev="0" fileid="46" />
                <SequencePoint vc="1" uspid="1622" ordinal="7" offset="82" sl="66" sc="21" el="66" ec="96" bec="0" bev="0" fileid="46" />
                <SequencePoint vc="17" uspid="1623" ordinal="8" offset="93" sl="68" sc="17" el="68" ec="55" bec="2" bev="2" fileid="46" />
                <SequencePoint vc="3" uspid="1624" ordinal="9" offset="116" sl="69" sc="17" el="69" ec="18" bec="0" bev="0" fileid="46" />
                <SequencePoint vc="3" uspid="1625" ordinal="10" offset="117" sl="70" sc="21" el="71" ec="108" bec="2" bev="2" fileid="46" />
                <SequencePoint vc="2" uspid="1626" ordinal="11" offset="205" sl="72" sc="21" el="72" ec="22" bec="0" bev="0" fileid="46" />
                <SequencePoint vc="2" uspid="1627" ordinal="12" offset="206" sl="73" sc="25" el="73" ec="76" bec="2" bev="1" fileid="46" />
                <SequencePoint vc="2" uspid="1628" ordinal="13" offset="238" sl="74" sc="25" el="74" ec="26" bec="0" bev="0" fileid="46" />
                <SequencePoint vc="2" uspid="1629" ordinal="14" offset="239" sl="75" sc="29" el="75" ec="77" bec="0" bev="0" fileid="46" />
                <SequencePoint vc="2" uspid="1630" ordinal="15" offset="267" sl="76" sc="25" el="76" ec="26" bec="0" bev="0" fileid="46" />
                <SequencePoint vc="2" uspid="1631" ordinal="16" offset="268" sl="77" sc="25" el="77" ec="73" bec="2" bev="1" fileid="46" />
                <SequencePoint vc="2" uspid="1632" ordinal="17" offset="294" sl="78" sc="25" el="78" ec="26" bec="0" bev="0" fileid="46" />
                <SequencePoint vc="2" uspid="1633" ordinal="18" offset="295" sl="79" sc="29" el="79" ec="89" bec="0" bev="0" fileid="46" />
                <SequencePoint vc="2" uspid="1634" ordinal="19" offset="323" sl="80" sc="25" el="80" ec="26" bec="0" bev="0" fileid="46" />
                <SequencePoint vc="2" uspid="1635" ordinal="20" offset="325" sl="82" sc="25" el="82" ec="26" bec="0" bev="0" fileid="46" />
                <SequencePoint vc="2" uspid="1636" ordinal="21" offset="326" sl="83" sc="29" el="84" ec="62" bec="2" bev="2" fileid="46" />
                <SequencePoint vc="1" uspid="1637" ordinal="22" offset="357" sl="85" sc="29" el="85" ec="30" bec="0" bev="0" fileid="46" />
                <SequencePoint vc="1" uspid="1638" ordinal="23" offset="358" sl="86" sc="33" el="86" ec="129" bec="0" bev="0" fileid="46" />
                <SequencePoint vc="1" uspid="1639" ordinal="24" offset="369" sl="88" sc="25" el="88" ec="26" bec="0" bev="0" fileid="46" />
                <SequencePoint vc="1" uspid="1640" ordinal="25" offset="372" sl="89" sc="25" el="89" ec="45" bec="0" bev="0" fileid="46" />
                <SequencePoint vc="1" uspid="1641" ordinal="26" offset="374" sl="90" sc="25" el="90" ec="26" bec="0" bev="0" fileid="46" />
                <SequencePoint vc="1" uspid="1642" ordinal="27" offset="375" sl="91" sc="29" el="91" ec="71" bec="0" bev="0" fileid="46" />
                <SequencePoint vc="1" uspid="1643" ordinal="28" offset="393" sl="92" sc="29" el="92" ec="125" bec="0" bev="0" fileid="46" />
                <SequencePoint vc="1" uspid="1644" ordinal="29" offset="404" sl="94" sc="21" el="94" ec="22" bec="0" bev="0" fileid="46" />
                <SequencePoint vc="2" uspid="1645" ordinal="30" offset="405" sl="95" sc="17" el="95" ec="18" bec="0" bev="0" fileid="46" />
                <SequencePoint vc="16" uspid="1646" ordinal="31" offset="406" sl="96" sc="17" el="96" ec="55" bec="0" bev="0" fileid="46" />
                <SequencePoint vc="16" uspid="1647" ordinal="32" offset="423" sl="97" sc="17" el="97" ec="47" bec="0" bev="0" fileid="46" />
                <SequencePoint vc="16" uspid="1648" ordinal="33" offset="426" sl="98" sc="17" el="98" ec="54" bec="4" bev="4" fileid="46" />
                <SequencePoint vc="13" uspid="1649" ordinal="34" offset="461" sl="99" sc="17" el="99" ec="18" bec="0" bev="0" fileid="46" />
                <SequencePoint vc="13" uspid="1650" ordinal="35" offset="462" sl="101" sc="21" el="101" ec="45" bec="0" bev="0" fileid="46" />
                <SequencePoint vc="13" uspid="1651" ordinal="36" offset="465" sl="104" sc="21" el="104" ec="150" bec="2" bev="2" fileid="46" />
                <SequencePoint vc="11" uspid="1652" ordinal="37" offset="549" sl="105" sc="21" el="105" ec="22" bec="0" bev="0" fileid="46" />
                <SequencePoint vc="11" uspid="1653" ordinal="38" offset="550" sl="106" sc="25" el="106" ec="50" bec="0" bev="0" fileid="46" />
                <SequencePoint vc="11" uspid="1654" ordinal="39" offset="553" sl="107" sc="21" el="107" ec="22" bec="0" bev="0" fileid="46" />
                <SequencePoint vc="2" uspid="1655" ordinal="40" offset="559" sl="108" sc="26" el="108" ec="95" bec="2" bev="1" fileid="46" />
                <SequencePoint vc="2" uspid="1656" ordinal="41" offset="600" sl="109" sc="21" el="109" ec="22" bec="0" bev="0" fileid="46" />
                <SequencePoint vc="2" uspid="1657" ordinal="42" offset="601" sl="110" sc="25" el="111" ec="108" bec="2" bev="1" fileid="46" />
                <SequencePoint vc="2" uspid="1658" ordinal="43" offset="643" sl="113" sc="25" el="113" ec="87" bec="2" bev="2" fileid="46" />
                <SequencePoint vc="1" uspid="1659" ordinal="44" offset="666" sl="114" sc="25" el="114" ec="26" bec="0" bev="0" fileid="46" />
                <SequencePoint vc="1" uspid="1660" ordinal="45" offset="667" sl="115" sc="29" el="115" ec="50" bec="0" bev="0" fileid="46" />
                <SequencePoint vc="1" uspid="1661" ordinal="46" offset="670" sl="116" sc="25" el="116" ec="26" bec="0" bev="0" fileid="46" />
                <SequencePoint vc="1" uspid="1662" ordinal="47" offset="673" sl="118" sc="25" el="118" ec="26" bec="0" bev="0" fileid="46" />
                <SequencePoint vc="1" uspid="1663" ordinal="48" offset="674" sl="119" sc="29" el="119" ec="71" bec="0" bev="0" fileid="46" />
                <SequencePoint vc="1" uspid="1664" ordinal="49" offset="688" sl="120" sc="25" el="120" ec="26" bec="0" bev="0" fileid="46" />
                <SequencePoint vc="2" uspid="1665" ordinal="50" offset="689" sl="121" sc="21" el="121" ec="22" bec="0" bev="0" fileid="46" />
                <SequencePoint vc="13" uspid="1666" ordinal="51" offset="690" sl="122" sc="21" el="122" ec="59" bec="2" bev="2" fileid="46" />
                <SequencePoint vc="12" uspid="1667" ordinal="52" offset="701" sl="123" sc="21" el="123" ec="22" bec="0" bev="0" fileid="46" />
                <SequencePoint vc="12" uspid="1668" ordinal="53" offset="702" sl="125" sc="25" el="126" ec="68" bec="2" bev="2" fileid="46" />
                <SequencePoint vc="1" uspid="1669" ordinal="54" offset="728" sl="127" sc="25" el="127" ec="26" bec="0" bev="0" fileid="46" />
                <SequencePoint vc="1" uspid="1670" ordinal="55" offset="729" sl="128" sc="29" el="128" ec="125" bec="0" bev="0" fileid="46" />
                <SequencePoint vc="11" uspid="1671" ordinal="56" offset="740" sl="130" sc="21" el="130" ec="22" bec="0" bev="0" fileid="46" />
                <SequencePoint vc="12" uspid="1672" ordinal="57" offset="741" sl="132" sc="17" el="132" ec="18" bec="0" bev="0" fileid="46" />
                <SequencePoint vc="15" uspid="1673" ordinal="58" offset="742" sl="134" sc="17" el="134" ec="54" bec="4" bev="4" fileid="46" />
                <SequencePoint vc="13" uspid="1674" ordinal="59" offset="777" sl="135" sc="17" el="135" ec="18" bec="0" bev="0" fileid="46" />
                <SequencePoint vc="13" uspid="1675" ordinal="60" offset="778" sl="136" sc="21" el="136" ec="48" bec="0" bev="0" fileid="46" />
                <SequencePoint vc="13" uspid="1676" ordinal="61" offset="781" sl="137" sc="21" el="137" ec="90" bec="2" bev="2" fileid="46" />
                <SequencePoint vc="2" uspid="1677" ordinal="62" offset="819" sl="138" sc="21" el="138" ec="22" bec="0" bev="0" fileid="46" />
                <SequencePoint vc="2" uspid="1678" ordinal="63" offset="820" sl="139" sc="25" el="140" ec="96" bec="2" bev="1" fileid="46" />
                <SequencePoint vc="2" uspid="1679" ordinal="64" offset="862" sl="141" sc="25" el="141" ec="83" bec="2" bev="2" fileid="46" />
                <SequencePoint vc="1" uspid="1680" ordinal="65" offset="885" sl="142" sc="25" el="142" ec="26" bec="0" bev="0" fileid="46" />
                <SequencePoint vc="1" uspid="1681" ordinal="66" offset="886" sl="143" sc="29" el="143" ec="53" bec="0" bev="0" fileid="46" />
                <SequencePoint vc="1" uspid="1682" ordinal="67" offset="889" sl="144" sc="25" el="144" ec="26" bec="0" bev="0" fileid="46" />
                <SequencePoint vc="1" uspid="1683" ordinal="68" offset="892" sl="146" sc="25" el="146" ec="26" bec="0" bev="0" fileid="46" />
                <SequencePoint vc="1" uspid="1684" ordinal="69" offset="893" sl="147" sc="29" el="147" ec="69" bec="0" bev="0" fileid="46" />
                <SequencePoint vc="1" uspid="1685" ordinal="70" offset="907" sl="148" sc="25" el="148" ec="26" bec="0" bev="0" fileid="46" />
                <SequencePoint vc="2" uspid="1686" ordinal="71" offset="908" sl="149" sc="21" el="149" ec="22" bec="0" bev="0" fileid="46" />
                <SequencePoint vc="13" uspid="1687" ordinal="72" offset="909" sl="150" sc="21" el="150" ec="41" bec="2" bev="2" fileid="46" />
                <SequencePoint vc="12" uspid="1688" ordinal="73" offset="917" sl="151" sc="21" el="151" ec="22" bec="0" bev="0" fileid="46" />
                <SequencePoint vc="12" uspid="1689" ordinal="74" offset="918" sl="153" sc="25" el="153" ec="110" bec="2" bev="2" fileid="46" />
                <SequencePoint vc="1" uspid="1690" ordinal="75" offset="944" sl="154" sc="25" el="154" ec="26" bec="0" bev="0" fileid="46" />
                <SequencePoint vc="1" uspid="1691" ordinal="76" offset="945" sl="155" sc="29" el="155" ec="125" bec="0" bev="0" fileid="46" />
                <SequencePoint vc="10" uspid="1692" ordinal="77" offset="956" sl="157" sc="21" el="157" ec="22" bec="0" bev="0" fileid="46" />
                <SequencePoint vc="11" uspid="1693" ordinal="78" offset="957" sl="159" sc="17" el="159" ec="18" bec="0" bev="0" fileid="46" />
                <SequencePoint vc="13" uspid="1694" ordinal="79" offset="958" sl="160" sc="17" el="160" ec="67" bec="0" bev="0" fileid="46" />
                <SequencePoint vc="13" uspid="1695" ordinal="80" offset="960" sl="163" sc="13" el="163" ec="14" bec="0" bev="0" fileid="46" />
                <SequencePoint vc="1" uspid="1696" ordinal="81" offset="963" sl="165" sc="13" el="165" ec="14" bec="0" bev="0" fileid="46" />
                <SequencePoint vc="1" uspid="1697" ordinal="82" offset="964" sl="166" sc="17" el="166" ec="36" bec="0" bev="0" fileid="46" />
                <SequencePoint vc="13" uspid="1698" ordinal="83" offset="969" sl="168" sc="13" el="168" ec="68" bec="2" bev="1" fileid="46" />
                <SequencePoint vc="0" uspid="1699" ordinal="84" offset="979" sl="169" sc="13" el="169" ec="14" bec="0" bev="0" fileid="46" />
                <SequencePoint vc="0" uspid="1700" ordinal="85" offset="980" sl="170" sc="17" el="170" ec="113" bec="0" bev="0" fileid="46" />
                <SequencePoint vc="13" uspid="1701" ordinal="86" offset="991" sl="172" sc="13" el="172" ec="32" bec="0" bev="0" fileid="46" />
                <SequencePoint vc="14" uspid="1702" ordinal="87" offset="996" sl="173" sc="9" el="173" ec="10" bec="0" bev="0" fileid="46" />
              </SequencePoints>
              <BranchPoints>
                <BranchPoint vc="18" uspid="1703" ordinal="0" offset="38" sl="59" path="0" offsetend="43" fileid="46" />
                <BranchPoint vc="1" uspid="1704" ordinal="1" offset="38" sl="59" path="1" offsetend="963" fileid="46" />
                <BranchPoint vc="1" uspid="1705" ordinal="2" offset="63" sl="62" path="0" offsetend="65" fileid="46" />
                <BranchPoint vc="17" uspid="1706" ordinal="3" offset="63" sl="62" path="1" offsetend="93" fileid="46" />
                <BranchPoint vc="3" uspid="1707" ordinal="4" offset="111" sl="68" path="0" offsetend="116" fileid="46" />
                <BranchPoint vc="14" uspid="1708" ordinal="5" offset="111" sl="68" path="1" offsetend="406" fileid="46" />
                <BranchPoint vc="2" uspid="1711" ordinal="8" offset="200" sl="70" path="0" offsetend="205" fileid="46" />
                <BranchPoint vc="1" uspid="1712" ordinal="9" offset="200" sl="70" path="1" offsetend="405" fileid="46" />
                <BranchPoint vc="2" uspid="1713" ordinal="10" offset="236" sl="73" path="0" offsetend="238" fileid="46" />
                <BranchPoint vc="0" uspid="1714" ordinal="11" offset="236" sl="73" path="1" offsetend="268" fileid="46" />
                <BranchPoint vc="2" uspid="1715" ordinal="12" offset="292" sl="77" path="0" offsetend="294" fileid="46" />
                <BranchPoint vc="0" uspid="1716" ordinal="13" offset="292" sl="77" path="1" offsetend="324" fileid="46" />
                <BranchPoint vc="1" uspid="1717" ordinal="14" offset="355" sl="83" path="0" offsetend="357" fileid="46" />
                <BranchPoint vc="1" uspid="1718" ordinal="15" offset="355" sl="83" path="1" offsetend="369" fileid="46" />
                <BranchPoint vc="3" uspid="1719" ordinal="16" offset="438" sl="98" path="0" offsetend="440" fileid="46" />
                <BranchPoint vc="13" uspid="1720" ordinal="17" offset="438" sl="98" path="1" offsetend="444" fileid="46" />
                <BranchPoint vc="13" uspid="1721" ordinal="18" offset="456" sl="98" path="0" offsetend="461" fileid="46" />
                <BranchPoint vc="3" uspid="1722" ordinal="19" offset="456" sl="98" path="1" offsetend="742" fileid="46" />
                <BranchPoint vc="11" uspid="1727" ordinal="24" offset="547" sl="104" path="0" offsetend="549" fileid="46" />
                <BranchPoint vc="2" uspid="1728" ordinal="25" offset="547" sl="104" path="1" offsetend="559" fileid="46" />
                <BranchPoint vc="2" uspid="1731" ordinal="28" offset="598" sl="108" path="0" offsetend="600" fileid="46" />
                <BranchPoint vc="0" uspid="1732" ordinal="29" offset="598" sl="108" path="1" offsetend="690" fileid="46" />
                <BranchPoint vc="0" uspid="1733" ordinal="30" offset="613" sl="110" path="0" offsetend="615" fileid="46" />
                <BranchPoint vc="2" uspid="1734" ordinal="31" offset="613" sl="110" path="1" offsetend="619" fileid="46" />
                <BranchPoint vc="1" uspid="1737" ordinal="34" offset="664" sl="113" path="0" offsetend="666" fileid="46" />
                <BranchPoint vc="1" uspid="1738" ordinal="35" offset="664" sl="113" path="1" offsetend="673" fileid="46" />
                <BranchPoint vc="12" uspid="1739" ordinal="36" offset="699" sl="122" path="0" offsetend="701" fileid="46" />
                <BranchPoint vc="1" uspid="1740" ordinal="37" offset="699" sl="122" path="1" offsetend="741" fileid="46" />
                <BranchPoint vc="1" uspid="1741" ordinal="38" offset="726" sl="125" path="0" offsetend="728" fileid="46" />
                <BranchPoint vc="11" uspid="1742" ordinal="39" offset="726" sl="125" path="1" offsetend="740" fileid="46" />
                <BranchPoint vc="2" uspid="1743" ordinal="40" offset="754" sl="134" path="0" offsetend="756" fileid="46" />
                <BranchPoint vc="13" uspid="1744" ordinal="41" offset="754" sl="134" path="1" offsetend="760" fileid="46" />
                <BranchPoint vc="13" uspid="1745" ordinal="42" offset="772" sl="134" path="0" offsetend="777" fileid="46" />
                <BranchPoint vc="2" uspid="1746" ordinal="43" offset="772" sl="134" path="1" offsetend="958" fileid="46" />
                <BranchPoint vc="2" uspid="1751" ordinal="48" offset="817" sl="137" path="0" offsetend="819" fileid="46" />
                <BranchPoint vc="11" uspid="1752" ordinal="49" offset="817" sl="137" path="1" offsetend="909" fileid="46" />
                <BranchPoint vc="0" uspid="1753" ordinal="50" offset="832" sl="139" path="0" offsetend="834" fileid="46" />
                <BranchPoint vc="2" uspid="1754" ordinal="51" offset="832" sl="139" path="1" offsetend="838" fileid="46" />
                <BranchPoint vc="1" uspid="1757" ordinal="54" offset="883" sl="141" path="0" offsetend="885" fileid="46" />
                <BranchPoint vc="1" uspid="1758" ordinal="55" offset="883" sl="141" path="1" offsetend="892" fileid="46" />
                <BranchPoint vc="12" uspid="1759" ordinal="56" offset="915" sl="150" path="0" offsetend="917" fileid="46" />
                <BranchPoint vc="1" uspid="1760" ordinal="57" offset="915" sl="150" path="1" offsetend="957" fileid="46" />
                <BranchPoint vc="1" uspid="1761" ordinal="58" offset="942" sl="153" path="0" offsetend="944" fileid="46" />
                <BranchPoint vc="10" uspid="1762" ordinal="59" offset="942" sl="153" path="1" offsetend="956" fileid="46" />
                <BranchPoint vc="0" uspid="1763" ordinal="60" offset="977" sl="168" path="0" offsetend="979" fileid="46" />
                <BranchPoint vc="13" uspid="1764" ordinal="61" offset="977" sl="168" path="1" offsetend="991" fileid="46" />
              </BranchPoints>
              <MethodPoint vc="19" uspid="1765" ordinal="0" offset="0" />
            </Method>
            <Method visited="true" cyclomaticComplexity="11" nPathComplexity="32" sequenceCoverage="100" branchCoverage="72.73" isConstructor="false" isStatic="false" isGetter="false" isSetter="false">
              <Summary numSequencePoints="37" visitedSequencePoints="37" numBranchPoints="11" visitedBranchPoints="8" sequenceCoverage="100" branchCoverage="72.73" maxCyclomaticComplexity="11" minCyclomaticComplexity="11" visitedClasses="0" numClasses="0" visitedMethods="1" numMethods="1" />
              <MetadataToken>100663636</MetadataToken>
              <Name>System.Collections.Generic.List`1&lt;SportsWeb.Models.Models.AssociatedPushButtonForControllerModel&gt; SportsWeb.Services.Services.InstallerPushButtonService::GetAssociatedPushButtonForController(System.Guid,System.Int64)</Name>
              <FileRef uid="46" />
              <SequencePoints>
                <SequencePoint vc="5" uspid="1766" ordinal="0" offset="0" sl="176" sc="9" el="176" ec="10" bec="0" bev="0" fileid="46" />
                <SequencePoint vc="5" uspid="1767" ordinal="1" offset="1" sl="177" sc="13" el="178" ec="66" bec="2" bev="2" fileid="46" />
                <SequencePoint vc="4" uspid="1768" ordinal="2" offset="34" sl="179" sc="13" el="179" ec="14" bec="0" bev="0" fileid="46" />
                <SequencePoint vc="4" uspid="1769" ordinal="3" offset="35" sl="180" sc="17" el="180" ec="67" bec="2" bev="2" fileid="46" />
                <SequencePoint vc="2" uspid="1770" ordinal="4" offset="60" sl="181" sc="17" el="181" ec="18" bec="0" bev="0" fileid="46" />
                <SequencePoint vc="2" uspid="1771" ordinal="5" offset="61" sl="182" sc="21" el="182" ec="135" bec="0" bev="0" fileid="46" />
                <SequencePoint vc="2" uspid="1772" ordinal="6" offset="77" sl="184" sc="21" el="184" ec="96" bec="0" bev="0" fileid="46" />
                <SequencePoint vc="2" uspid="1773" ordinal="7" offset="88" sl="187" sc="17" el="187" ec="115" bec="0" bev="0" fileid="46" />
                <SequencePoint vc="1" uspid="1774" ordinal="8" offset="102" sl="188" sc="17" el="188" ec="64" bec="0" bev="0" fileid="46" />
                <SequencePoint vc="1" uspid="1775" ordinal="9" offset="113" sl="191" sc="17" el="191" ec="149" bec="0" bev="0" fileid="46" />
                <SequencePoint vc="1" uspid="1776" ordinal="10" offset="132" sl="193" sc="17" el="193" ec="44" bec="2" bev="1" fileid="46" />
                <SequencePoint vc="1" uspid="1777" ordinal="11" offset="155" sl="194" sc="17" el="194" ec="18" bec="0" bev="0" fileid="46" />
                <SequencePoint vc="1" uspid="1778" ordinal="12" offset="156" sl="195" sc="28" el="195" ec="61" bec="0" bev="0" fileid="46" />
                <SequencePoint vc="1" uspid="1779" ordinal="13" offset="164" sl="196" sc="21" el="196" ec="22" bec="0" bev="0" fileid="46" />
                <SequencePoint vc="1" uspid="1780" ordinal="14" offset="165" sl="197" sc="21" el="197" ec="82" bec="0" bev="0" fileid="46" />
                <SequencePoint vc="1" uspid="1781" ordinal="15" offset="174" sl="199" sc="25" el="199" ec="122" bec="0" bev="0" fileid="46" />
                <SequencePoint vc="1" uspid="1782" ordinal="16" offset="318" sl="201" sc="25" el="201" ec="32" bec="0" bev="0" fileid="46" />
                <SequencePoint vc="1" uspid="1783" ordinal="17" offset="319" sl="201" sc="52" el="201" ec="72" bec="0" bev="0" fileid="46" />
                <SequencePoint vc="1" uspid="1784" ordinal="18" offset="332" sl="201" sc="34" el="201" ec="48" bec="0" bev="0" fileid="46" />
                <SequencePoint vc="1" uspid="1785" ordinal="19" offset="341" sl="202" sc="25" el="202" ec="26" bec="0" bev="0" fileid="46" />
                <SequencePoint vc="1" uspid="1786" ordinal="20" offset="342" sl="203" sc="29" el="203" ec="59" bec="2" bev="1" fileid="46" />
                <SequencePoint vc="1" uspid="1787" ordinal="21" offset="361" sl="204" sc="29" el="204" ec="30" bec="0" bev="0" fileid="46" />
                <SequencePoint vc="1" uspid="1788" ordinal="22" offset="362" sl="205" sc="33" el="205" ec="40" bec="0" bev="0" fileid="46" />
                <SequencePoint vc="1" uspid="1789" ordinal="23" offset="363" sl="205" sc="55" el="205" ec="72" bec="0" bev="0" fileid="46" />
                <SequencePoint vc="2" uspid="1790" ordinal="24" offset="389" sl="205" sc="42" el="205" ec="51" bec="0" bev="0" fileid="46" />
                <SequencePoint vc="2" uspid="1791" ordinal="25" offset="403" sl="206" sc="33" el="206" ec="34" bec="0" bev="0" fileid="46" />
                <SequencePoint vc="2" uspid="1792" ordinal="26" offset="404" sl="207" sc="37" el="208" ec="48" bec="2" bev="1" fileid="46" />
                <SequencePoint vc="2" uspid="1793" ordinal="27" offset="578" sl="209" sc="33" el="209" ec="34" bec="0" bev="0" fileid="46" />
                <SequencePoint vc="3" uspid="1794" ordinal="28" offset="579" sl="205" sc="52" el="205" ec="54" bec="0" bev="0" fileid="46" />
                <SequencePoint vc="1" uspid="1795" ordinal="29" offset="608" sl="210" sc="29" el="210" ec="30" bec="0" bev="0" fileid="46" />
                <SequencePoint vc="1" uspid="1796" ordinal="30" offset="609" sl="211" sc="25" el="211" ec="26" bec="0" bev="0" fileid="46" />
                <SequencePoint vc="2" uspid="1797" ordinal="31" offset="610" sl="201" sc="49" el="201" ec="51" bec="0" bev="0" fileid="46" />
                <SequencePoint vc="1" uspid="1798" ordinal="32" offset="639" sl="212" sc="21" el="212" ec="22" bec="0" bev="0" fileid="46" />
                <SequencePoint vc="1" uspid="1799" ordinal="33" offset="655" sl="213" sc="17" el="213" ec="18" bec="0" bev="0" fileid="46" />
                <SequencePoint vc="1" uspid="1800" ordinal="34" offset="656" sl="214" sc="17" el="214" ec="45" bec="0" bev="0" fileid="46" />
                <SequencePoint vc="1" uspid="1801" ordinal="35" offset="661" sl="216" sc="13" el="216" ec="71" bec="0" bev="0" fileid="46" />
                <SequencePoint vc="2" uspid="1802" ordinal="36" offset="670" sl="217" sc="9" el="217" ec="10" bec="0" bev="0" fileid="46" />
              </SequencePoints>
              <BranchPoints>
                <BranchPoint vc="4" uspid="1803" ordinal="0" offset="23" sl="177" path="0" offsetend="28" fileid="46" />
                <BranchPoint vc="1" uspid="1804" ordinal="1" offset="23" sl="177" path="1" offsetend="661" fileid="46" />
                <BranchPoint vc="2" uspid="1807" ordinal="4" offset="58" sl="180" path="0" offsetend="60" fileid="46" />
                <BranchPoint vc="2" uspid="1808" ordinal="5" offset="58" sl="180" path="1" offsetend="88" fileid="46" />
                <BranchPoint vc="1" uspid="1809" ordinal="6" offset="150" sl="193" path="0" offsetend="155" fileid="46" />
                <BranchPoint vc="0" uspid="1810" ordinal="7" offset="150" sl="193" path="1" offsetend="656" fileid="46" />
                <BranchPoint vc="1" uspid="1811" ordinal="8" offset="356" sl="203" path="0" offsetend="361" fileid="46" />
                <BranchPoint vc="0" uspid="1812" ordinal="9" offset="356" sl="203" path="1" offsetend="609" fileid="46" />
                <BranchPoint vc="0" uspid="1813" ordinal="10" offset="561" sl="207" path="0" offsetend="563" fileid="46" />
                <BranchPoint vc="2" uspid="1814" ordinal="11" offset="561" sl="207" path="1" offsetend="567" fileid="46" />
              </BranchPoints>
              <MethodPoint xsi:type="SequencePoint" vc="5" uspid="1766" ordinal="0" offset="0" sl="176" sc="9" el="176" ec="10" bec="0" bev="0" fileid="46" />
            </Method>
            <Method visited="true" cyclomaticComplexity="3" nPathComplexity="4" sequenceCoverage="100" branchCoverage="100" isConstructor="false" isStatic="false" isGetter="false" isSetter="false">
              <Summary numSequencePoints="16" visitedSequencePoints="16" numBranchPoints="5" visitedBranchPoints="5" sequenceCoverage="100" branchCoverage="100" maxCyclomaticComplexity="3" minCyclomaticComplexity="3" visitedClasses="0" numClasses="0" visitedMethods="1" numMethods="1" />
              <MetadataToken>100663637</MetadataToken>
              <Name>SportsWeb.Models.Models.PushbuttonRemoveStatus SportsWeb.Services.Services.InstallerPushButtonService::RemovePushButtonFromController(SportsWeb.Models.Models.PushButtonModel)</Name>
              <FileRef uid="46" />
              <SequencePoints>
                <SequencePoint vc="3" uspid="1819" ordinal="0" offset="0" sl="220" sc="9" el="220" ec="10" bec="0" bev="0" fileid="46" />
                <SequencePoint vc="3" uspid="1820" ordinal="1" offset="1" sl="221" sc="13" el="221" ec="31" bec="2" bev="2" fileid="46" />
                <SequencePoint vc="1" uspid="1821" ordinal="2" offset="9" sl="222" sc="13" el="222" ec="14" bec="0" bev="0" fileid="46" />
                <SequencePoint vc="1" uspid="1822" ordinal="3" offset="10" sl="223" sc="17" el="223" ec="125" bec="0" bev="0" fileid="46" />
                <SequencePoint vc="1" uspid="1823" ordinal="4" offset="26" sl="224" sc="17" el="224" ec="92" bec="0" bev="0" fileid="46" />
                <SequencePoint vc="2" uspid="1824" ordinal="5" offset="37" sl="227" sc="13" el="227" ec="124" bec="0" bev="0" fileid="46" />
                <SequencePoint vc="2" uspid="1825" ordinal="6" offset="80" sl="229" sc="13" el="230" ec="73" bec="2" bev="2" fileid="46" />
                <SequencePoint vc="1" uspid="1826" ordinal="7" offset="104" sl="231" sc="13" el="231" ec="14" bec="0" bev="0" fileid="46" />
                <SequencePoint vc="1" uspid="1827" ordinal="8" offset="105" sl="234" sc="17" el="234" ec="18" bec="0" bev="0" fileid="46" />
                <SequencePoint vc="1" uspid="1828" ordinal="9" offset="106" sl="235" sc="21" el="235" ec="74" bec="0" bev="0" fileid="46" />
                <SequencePoint vc="1" uspid="1829" ordinal="10" offset="121" sl="237" sc="17" el="237" ec="37" bec="0" bev="0" fileid="46" />
                <SequencePoint vc="1" uspid="1830" ordinal="11" offset="122" sl="238" sc="17" el="238" ec="18" bec="0" bev="0" fileid="46" />
                <SequencePoint vc="1" uspid="1831" ordinal="12" offset="123" sl="239" sc="21" el="239" ec="130" bec="0" bev="0" fileid="46" />
                <SequencePoint vc="1" uspid="1832" ordinal="13" offset="140" sl="240" sc="21" el="240" ec="27" bec="0" bev="0" fileid="46" />
                <SequencePoint vc="1" uspid="1833" ordinal="14" offset="142" sl="244" sc="13" el="244" ec="51" bec="0" bev="0" fileid="46" />
                <SequencePoint vc="1" uspid="1834" ordinal="15" offset="146" sl="245" sc="9" el="245" ec="10" bec="0" bev="0" fileid="46" />
              </SequencePoints>
              <BranchPoints>
                <BranchPoint vc="1" uspid="1835" ordinal="0" offset="7" sl="221" path="0" offsetend="9" fileid="46" />
                <BranchPoint vc="2" uspid="1836" ordinal="1" offset="7" sl="221" path="1" offsetend="37" fileid="46" />
                <BranchPoint vc="1" uspid="1837" ordinal="2" offset="102" sl="229" path="0" offsetend="104" fileid="46" />
                <BranchPoint vc="1" uspid="1838" ordinal="3" offset="102" sl="229" path="1" offsetend="142" fileid="46" />
              </BranchPoints>
              <MethodPoint xsi:type="SequencePoint" vc="3" uspid="1819" ordinal="0" offset="0" sl="220" sc="9" el="220" ec="10" bec="0" bev="0" fileid="46" />
            </Method>
            <Method visited="true" cyclomaticComplexity="1" nPathComplexity="0" sequenceCoverage="100" branchCoverage="100" isConstructor="true" isStatic="true" isGetter="false" isSetter="false">
              <Summary numSequencePoints="1" visitedSequencePoints="1" numBranchPoints="1" visitedBranchPoints="1" sequenceCoverage="100" branchCoverage="100" maxCyclomaticComplexity="1" minCyclomaticComplexity="1" visitedClasses="0" numClasses="0" visitedMethods="1" numMethods="1" />
              <MetadataToken>100663638</MetadataToken>
              <Name>System.Void SportsWeb.Services.Services.InstallerPushButtonService::.cctor()</Name>
              <FileRef uid="46" />
              <SequencePoints>
                <SequencePoint vc="1" uspid="1839" ordinal="0" offset="0" sl="20" sc="9" el="20" ec="104" bec="0" bev="0" fileid="46" />
              </SequencePoints>
              <BranchPoints />
              <MethodPoint xsi:type="SequencePoint" vc="1" uspid="1839" ordinal="0" offset="0" sl="20" sc="9" el="20" ec="104" bec="0" bev="0" fileid="46" />
            </Method>
          </Methods>
        </Class>
        <Class>
          <Summary numSequencePoints="1" visitedSequencePoints="1" numBranchPoints="1" visitedBranchPoints="1" sequenceCoverage="100" branchCoverage="100" maxCyclomaticComplexity="1" minCyclomaticComplexity="1" visitedClasses="1" numClasses="1" visitedMethods="1" numMethods="1" />
          <FullName>SportsWeb.Services.Services.InstallerPushButtonService/&lt;&gt;c__DisplayClass4_0</FullName>
          <Methods>
            <Method visited="true" cyclomaticComplexity="1" nPathComplexity="0" sequenceCoverage="0" branchCoverage="0" isConstructor="true" isStatic="false" isGetter="false" isSetter="false">
              <Summary numSequencePoints="0" visitedSequencePoints="0" numBranchPoints="0" visitedBranchPoints="0" sequenceCoverage="0" branchCoverage="0" maxCyclomaticComplexity="1" minCyclomaticComplexity="1" visitedClasses="0" numClasses="0" visitedMethods="0" numMethods="0" />
              <MetadataToken>100666826</MetadataToken>
              <Name>System.Void SportsWeb.Services.Services.InstallerPushButtonService/&lt;&gt;c__DisplayClass4_0::.ctor()</Name>
              <SequencePoints />
              <BranchPoints />
              <MethodPoint vc="19" uspid="1840" ordinal="0" offset="0" />
            </Method>
            <Method visited="true" cyclomaticComplexity="1" nPathComplexity="0" sequenceCoverage="100" branchCoverage="100" isConstructor="false" isStatic="false" isGetter="false" isSetter="false">
              <Summary numSequencePoints="1" visitedSequencePoints="1" numBranchPoints="1" visitedBranchPoints="1" sequenceCoverage="100" branchCoverage="100" maxCyclomaticComplexity="1" minCyclomaticComplexity="1" visitedClasses="0" numClasses="0" visitedMethods="1" numMethods="1" />
              <MetadataToken>100666827</MetadataToken>
              <Name>System.Boolean SportsWeb.Services.Services.InstallerPushButtonService/&lt;&gt;c__DisplayClass4_0::&lt;AssociatePushButtonToField&gt;b__0(System.Int64)</Name>
              <FileRef uid="46" />
              <SequencePoints>
                <SequencePoint vc="4" uspid="1841" ordinal="0" offset="0" sl="111" sc="63" el="111" ec="97" bec="0" bev="0" fileid="46" />
              </SequencePoints>
              <BranchPoints />
              <MethodPoint xsi:type="SequencePoint" vc="4" uspid="1841" ordinal="0" offset="0" sl="111" sc="63" el="111" ec="97" bec="0" bev="0" fileid="46" />
            </Method>
          </Methods>
        </Class>
        <Class>
          <Summary numSequencePoints="1" visitedSequencePoints="1" numBranchPoints="1" visitedBranchPoints="1" sequenceCoverage="100" branchCoverage="100" maxCyclomaticComplexity="1" minCyclomaticComplexity="1" visitedClasses="1" numClasses="1" visitedMethods="1" numMethods="1" />
          <FullName>SportsWeb.Services.Services.InstallerPushButtonService/&lt;&gt;c__DisplayClass4_1</FullName>
          <Methods>
            <Method visited="true" cyclomaticComplexity="1" nPathComplexity="0" sequenceCoverage="0" branchCoverage="0" isConstructor="true" isStatic="false" isGetter="false" isSetter="false">
              <Summary numSequencePoints="0" visitedSequencePoints="0" numBranchPoints="0" visitedBranchPoints="0" sequenceCoverage="0" branchCoverage="0" maxCyclomaticComplexity="1" minCyclomaticComplexity="1" visitedClasses="0" numClasses="0" visitedMethods="0" numMethods="0" />
              <MetadataToken>100666828</MetadataToken>
              <Name>System.Void SportsWeb.Services.Services.InstallerPushButtonService/&lt;&gt;c__DisplayClass4_1::.ctor()</Name>
              <SequencePoints />
              <BranchPoints />
              <MethodPoint vc="18" uspid="1842" ordinal="0" offset="0" />
            </Method>
            <Method visited="true" cyclomaticComplexity="1" nPathComplexity="0" sequenceCoverage="100" branchCoverage="100" isConstructor="false" isStatic="false" isGetter="false" isSetter="false">
              <Summary numSequencePoints="1" visitedSequencePoints="1" numBranchPoints="1" visitedBranchPoints="1" sequenceCoverage="100" branchCoverage="100" maxCyclomaticComplexity="1" minCyclomaticComplexity="1" visitedClasses="0" numClasses="0" visitedMethods="1" numMethods="1" />
              <MetadataToken>100666829</MetadataToken>
              <Name>System.Boolean SportsWeb.Services.Services.InstallerPushButtonService/&lt;&gt;c__DisplayClass4_1::&lt;AssociatePushButtonToField&gt;b__1(System.Int64)</Name>
              <FileRef uid="46" />
              <SequencePoints>
                <SequencePoint vc="4" uspid="1843" ordinal="0" offset="0" sl="140" sc="63" el="140" ec="85" bec="0" bev="0" fileid="46" />
              </SequencePoints>
              <BranchPoints />
              <MethodPoint xsi:type="SequencePoint" vc="4" uspid="1843" ordinal="0" offset="0" sl="140" sc="63" el="140" ec="85" bec="0" bev="0" fileid="46" />
            </Method>
          </Methods>
        </Class>
        <Class>
          <Summary numSequencePoints="7" visitedSequencePoints="7" numBranchPoints="4" visitedBranchPoints="3" sequenceCoverage="100" branchCoverage="75" maxCyclomaticComplexity="3" minCyclomaticComplexity="1" visitedClasses="1" numClasses="1" visitedMethods="2" numMethods="2" />
          <FullName>SportsWeb.Services.Services.InstallerPushButtonService/&lt;&gt;c__DisplayClass5_0</FullName>
          <Methods>
            <Method visited="true" cyclomaticComplexity="1" nPathComplexity="0" sequenceCoverage="0" branchCoverage="0" isConstructor="true" isStatic="false" isGetter="false" isSetter="false">
              <Summary numSequencePoints="0" visitedSequencePoints="0" numBranchPoints="0" visitedBranchPoints="0" sequenceCoverage="0" branchCoverage="0" maxCyclomaticComplexity="1" minCyclomaticComplexity="1" visitedClasses="0" numClasses="0" visitedMethods="0" numMethods="0" />
              <MetadataToken>100666830</MetadataToken>
              <Name>System.Void SportsWeb.Services.Services.InstallerPushButtonService/&lt;&gt;c__DisplayClass5_0::.ctor()</Name>
              <SequencePoints />
              <BranchPoints />
              <MethodPoint vc="4" uspid="1844" ordinal="0" offset="0" />
            </Method>
            <Method visited="true" cyclomaticComplexity="3" nPathComplexity="2" sequenceCoverage="100" branchCoverage="66.67" isConstructor="false" isStatic="false" isGetter="false" isSetter="false">
              <Summary numSequencePoints="6" visitedSequencePoints="6" numBranchPoints="3" visitedBranchPoints="2" sequenceCoverage="100" branchCoverage="66.67" maxCyclomaticComplexity="3" minCyclomaticComplexity="3" visitedClasses="0" numClasses="0" visitedMethods="1" numMethods="1" />
              <MetadataToken>100666831</MetadataToken>
              <Name>System.Void SportsWeb.Services.Services.InstallerPushButtonService/&lt;&gt;c__DisplayClass5_0::&lt;GetAssociatedPushButtonForController&gt;b__0(SportsWeb.Models.Models.AssociatedPushButtonForControllerModel)</Name>
              <FileRef uid="46" />
              <SequencePoints>
                <SequencePoint vc="1" uspid="1845" ordinal="0" offset="0" sl="191" sc="51" el="191" ec="52" bec="0" bev="0" fileid="46" />
                <SequencePoint vc="1" uspid="1846" ordinal="1" offset="1" sl="191" sc="53" el="191" ec="74" bec="2" bev="1" fileid="46" />
                <SequencePoint vc="1" uspid="1847" ordinal="2" offset="14" sl="191" sc="75" el="191" ec="76" bec="0" bev="0" fileid="46" />
                <SequencePoint vc="1" uspid="1848" ordinal="3" offset="15" sl="191" sc="77" el="191" ec="143" bec="0" bev="0" fileid="46" />
                <SequencePoint vc="1" uspid="1849" ordinal="4" offset="58" sl="191" sc="144" el="191" ec="145" bec="0" bev="0" fileid="46" />
                <SequencePoint vc="1" uspid="1850" ordinal="5" offset="59" sl="191" sc="146" el="191" ec="147" bec="0" bev="0" fileid="46" />
              </SequencePoints>
              <BranchPoints>
                <BranchPoint vc="1" uspid="1851" ordinal="0" offset="12" sl="191" path="0" offsetend="14" fileid="46" />
                <BranchPoint vc="0" uspid="1852" ordinal="1" offset="12" sl="191" path="1" offsetend="59" fileid="46" />
              </BranchPoints>
              <MethodPoint xsi:type="SequencePoint" vc="1" uspid="1845" ordinal="0" offset="0" sl="191" sc="51" el="191" ec="52" bec="0" bev="0" fileid="46" />
            </Method>
            <Method visited="true" cyclomaticComplexity="1" nPathComplexity="0" sequenceCoverage="100" branchCoverage="100" isConstructor="false" isStatic="false" isGetter="false" isSetter="false">
              <Summary numSequencePoints="1" visitedSequencePoints="1" numBranchPoints="1" visitedBranchPoints="1" sequenceCoverage="100" branchCoverage="100" maxCyclomaticComplexity="1" minCyclomaticComplexity="1" visitedClasses="0" numClasses="0" visitedMethods="1" numMethods="1" />
              <MetadataToken>100666832</MetadataToken>
              <Name>System.Void SportsWeb.Services.Services.InstallerPushButtonService/&lt;&gt;c__DisplayClass5_0::&lt;GetAssociatedPushButtonForController&gt;b__1(SportsWeb.Models.AssociatedFieldsModel)</Name>
              <FileRef uid="46" />
              <SequencePoints>
                <SequencePoint vc="2" uspid="1855" ordinal="0" offset="0" sl="191" sc="99" el="191" ec="141" bec="0" bev="0" fileid="46" />
              </SequencePoints>
              <BranchPoints />
              <MethodPoint xsi:type="SequencePoint" vc="2" uspid="1855" ordinal="0" offset="0" sl="191" sc="99" el="191" ec="141" bec="0" bev="0" fileid="46" />
            </Method>
          </Methods>
        </Class>
        <Class>
          <Summary numSequencePoints="0" visitedSequencePoints="0" numBranchPoints="0" visitedBranchPoints="0" sequenceCoverage="0" branchCoverage="0" maxCyclomaticComplexity="1" minCyclomaticComplexity="1" visitedClasses="0" numClasses="0" visitedMethods="0" numMethods="0" />
          <FullName>SportsWeb.Services.Services.InstallerPushButtonService/&lt;&gt;c__DisplayClass5_1</FullName>
          <Methods>
            <Method visited="true" cyclomaticComplexity="1" nPathComplexity="0" sequenceCoverage="0" branchCoverage="0" isConstructor="true" isStatic="false" isGetter="false" isSetter="false">
              <Summary numSequencePoints="0" visitedSequencePoints="0" numBranchPoints="0" visitedBranchPoints="0" sequenceCoverage="0" branchCoverage="0" maxCyclomaticComplexity="1" minCyclomaticComplexity="1" visitedClasses="0" numClasses="0" visitedMethods="0" numMethods="0" />
              <MetadataToken>100666833</MetadataToken>
              <Name>System.Void SportsWeb.Services.Services.InstallerPushButtonService/&lt;&gt;c__DisplayClass5_1::.ctor()</Name>
              <SequencePoints />
              <BranchPoints />
              <MethodPoint vc="2" uspid="1856" ordinal="0" offset="0" />
            </Method>
          </Methods>
        </Class>
        <Class>
          <Summary numSequencePoints="20" visitedSequencePoints="0" numBranchPoints="4" visitedBranchPoints="0" sequenceCoverage="0" branchCoverage="0" maxCyclomaticComplexity="3" minCyclomaticComplexity="1" visitedClasses="0" numClasses="1" visitedMethods="0" numMethods="2" />
          <FullName>SportsWeb.Services.Services.OpenApiUserServices</FullName>
          <Methods>
            <Method visited="false" cyclomaticComplexity="3" nPathComplexity="2" sequenceCoverage="0" branchCoverage="0" isConstructor="false" isStatic="false" isGetter="false" isSetter="false">
              <Summary numSequencePoints="19" visitedSequencePoints="0" numBranchPoints="3" visitedBranchPoints="0" sequenceCoverage="0" branchCoverage="0" maxCyclomaticComplexity="3" minCyclomaticComplexity="3" visitedClasses="0" numClasses="0" visitedMethods="0" numMethods="1" />
              <MetadataToken>100663639</MetadataToken>
              <Name>System.Void SportsWeb.Services.Services.OpenApiUserServices::DeleteUser(System.Guid)</Name>
              <FileRef uid="50" />
              <SequencePoints>
                <SequencePoint vc="0" uspid="1857" ordinal="0" offset="13" sl="21" sc="9" el="21" ec="10" bec="0" bev="0" fileid="50" />
                <SequencePoint vc="0" uspid="1858" ordinal="1" offset="14" sl="22" sc="13" el="22" ec="109" bec="0" bev="0" fileid="50" />
                <SequencePoint vc="0" uspid="1859" ordinal="2" offset="46" sl="24" sc="13" el="24" ec="14" bec="0" bev="0" fileid="50" />
                <SequencePoint vc="0" uspid="1860" ordinal="3" offset="47" sl="25" sc="24" el="25" ec="57" bec="0" bev="0" fileid="50" />
                <SequencePoint vc="0" uspid="1861" ordinal="4" offset="54" sl="26" sc="17" el="26" ec="18" bec="0" bev="0" fileid="50" />
                <SequencePoint vc="0" uspid="1862" ordinal="5" offset="55" sl="27" sc="21" el="27" ec="82" bec="0" bev="0" fileid="50" />
                <SequencePoint vc="0" uspid="1863" ordinal="6" offset="62" sl="28" sc="21" el="29" ec="87" bec="0" bev="0" fileid="50" />
                <SequencePoint vc="0" uspid="1864" ordinal="7" offset="186" sl="30" sc="21" el="30" ec="38" bec="2" bev="0" fileid="50" />
                <SequencePoint vc="0" uspid="1865" ordinal="8" offset="196" sl="31" sc="21" el="31" ec="22" bec="0" bev="0" fileid="50" />
                <SequencePoint vc="0" uspid="1866" ordinal="9" offset="197" sl="32" sc="25" el="32" ec="113" bec="0" bev="0" fileid="50" />
                <SequencePoint vc="0" uspid="1867" ordinal="10" offset="224" sl="35" sc="17" el="35" ec="18" bec="0" bev="0" fileid="50" />
                <SequencePoint vc="0" uspid="1868" ordinal="11" offset="238" sl="36" sc="17" el="39" ec="20" bec="0" bev="0" fileid="50" />
                <SequencePoint vc="0" uspid="1869" ordinal="12" offset="263" sl="40" sc="17" el="40" ec="122" bec="0" bev="0" fileid="50" />
                <SequencePoint vc="0" uspid="1870" ordinal="13" offset="279" sl="41" sc="13" el="41" ec="14" bec="0" bev="0" fileid="50" />
                <SequencePoint vc="0" uspid="1871" ordinal="14" offset="282" sl="42" sc="13" el="42" ec="34" bec="0" bev="0" fileid="50" />
                <SequencePoint vc="0" uspid="1872" ordinal="15" offset="284" sl="43" sc="13" el="43" ec="14" bec="0" bev="0" fileid="50" />
                <SequencePoint vc="0" uspid="1873" ordinal="16" offset="285" sl="44" sc="17" el="44" ec="100" bec="0" bev="0" fileid="50" />
                <SequencePoint vc="0" uspid="1874" ordinal="17" offset="303" sl="45" sc="17" el="45" ec="92" bec="0" bev="0" fileid="50" />
                <SequencePoint vc="0" uspid="1875" ordinal="18" offset="314" sl="47" sc="9" el="47" ec="10" bec="0" bev="0" fileid="50" />
              </SequencePoints>
              <BranchPoints>
                <BranchPoint vc="0" uspid="1876" ordinal="0" offset="194" sl="30" path="0" offsetend="196" fileid="50" />
                <BranchPoint vc="0" uspid="1877" ordinal="1" offset="194" sl="30" path="1" offsetend="224" fileid="50" />
              </BranchPoints>
              <MethodPoint vc="0" uspid="1878" ordinal="0" offset="0" />
            </Method>
            <Method visited="false" cyclomaticComplexity="1" nPathComplexity="0" sequenceCoverage="0" branchCoverage="0" isConstructor="true" isStatic="false" isGetter="false" isSetter="false">
              <Summary numSequencePoints="0" visitedSequencePoints="0" numBranchPoints="0" visitedBranchPoints="0" sequenceCoverage="0" branchCoverage="0" maxCyclomaticComplexity="1" minCyclomaticComplexity="1" visitedClasses="0" numClasses="0" visitedMethods="0" numMethods="0" />
              <MetadataToken>100663640</MetadataToken>
              <Name>System.Void SportsWeb.Services.Services.OpenApiUserServices::.ctor()</Name>
              <SequencePoints />
              <BranchPoints />
              <MethodPoint vc="0" uspid="1879" ordinal="0" offset="0" />
            </Method>
            <Method visited="false" cyclomaticComplexity="1" nPathComplexity="0" sequenceCoverage="0" branchCoverage="0" isConstructor="true" isStatic="true" isGetter="false" isSetter="false">
              <Summary numSequencePoints="1" visitedSequencePoints="0" numBranchPoints="1" visitedBranchPoints="0" sequenceCoverage="0" branchCoverage="0" maxCyclomaticComplexity="1" minCyclomaticComplexity="1" visitedClasses="0" numClasses="0" visitedMethods="0" numMethods="1" />
              <MetadataToken>100663641</MetadataToken>
              <Name>System.Void SportsWeb.Services.Services.OpenApiUserServices::.cctor()</Name>
              <FileRef uid="50" />
              <SequencePoints>
                <SequencePoint vc="0" uspid="1880" ordinal="0" offset="0" sl="18" sc="9" el="18" ec="98" bec="0" bev="0" fileid="50" />
              </SequencePoints>
              <BranchPoints />
              <MethodPoint xsi:type="SequencePoint" vc="0" uspid="1880" ordinal="0" offset="0" sl="18" sc="9" el="18" ec="98" bec="0" bev="0" fileid="50" />
            </Method>
          </Methods>
        </Class>
        <Class>
          <Summary numSequencePoints="0" visitedSequencePoints="0" numBranchPoints="0" visitedBranchPoints="0" sequenceCoverage="0" branchCoverage="0" maxCyclomaticComplexity="1" minCyclomaticComplexity="1" visitedClasses="0" numClasses="0" visitedMethods="0" numMethods="0" />
          <FullName>SportsWeb.Services.Services.OpenApiUserServices/&lt;&gt;c__DisplayClass1_0</FullName>
          <Methods>
            <Method visited="false" cyclomaticComplexity="1" nPathComplexity="0" sequenceCoverage="0" branchCoverage="0" isConstructor="true" isStatic="false" isGetter="false" isSetter="false">
              <Summary numSequencePoints="0" visitedSequencePoints="0" numBranchPoints="0" visitedBranchPoints="0" sequenceCoverage="0" branchCoverage="0" maxCyclomaticComplexity="1" minCyclomaticComplexity="1" visitedClasses="0" numClasses="0" visitedMethods="0" numMethods="0" />
              <MetadataToken>100666834</MetadataToken>
              <Name>System.Void SportsWeb.Services.Services.OpenApiUserServices/&lt;&gt;c__DisplayClass1_0::.ctor()</Name>
              <SequencePoints />
              <BranchPoints />
              <MethodPoint vc="0" uspid="1881" ordinal="0" offset="0" />
            </Method>
          </Methods>
        </Class>
        <Class>
          <Summary numSequencePoints="158" visitedSequencePoints="0" numBranchPoints="45" visitedBranchPoints="0" sequenceCoverage="0" branchCoverage="0" maxCyclomaticComplexity="11" minCyclomaticComplexity="1" visitedClasses="0" numClasses="1" visitedMethods="0" numMethods="11" />
          <FullName>SportsWeb.Services.Services.ServiceProviderService</FullName>
          <Methods>
            <Method visited="false" cyclomaticComplexity="1" nPathComplexity="0" sequenceCoverage="0" branchCoverage="0" isConstructor="true" isStatic="false" isGetter="false" isSetter="false">
              <Summary numSequencePoints="5" visitedSequencePoints="0" numBranchPoints="1" visitedBranchPoints="0" sequenceCoverage="0" branchCoverage="0" maxCyclomaticComplexity="1" minCyclomaticComplexity="1" visitedClasses="0" numClasses="0" visitedMethods="0" numMethods="1" />
              <MetadataToken>100663642</MetadataToken>
              <Name>System.Void SportsWeb.Services.Services.ServiceProviderService::.ctor()</Name>
              <FileRef uid="51" />
              <SequencePoints>
                <SequencePoint vc="0" uspid="1882" ordinal="0" offset="0" sl="31" sc="9" el="31" ec="40" bec="0" bev="0" fileid="51" />
                <SequencePoint vc="0" uspid="1883" ordinal="1" offset="7" sl="32" sc="9" el="32" ec="10" bec="0" bev="0" fileid="51" />
                <SequencePoint vc="0" uspid="1884" ordinal="2" offset="8" sl="33" sc="13" el="33" ec="88" bec="0" bev="0" fileid="51" />
                <SequencePoint vc="0" uspid="1885" ordinal="3" offset="29" sl="34" sc="13" el="34" ec="73" bec="0" bev="0" fileid="51" />
                <SequencePoint vc="0" uspid="1886" ordinal="4" offset="50" sl="35" sc="9" el="35" ec="10" bec="0" bev="0" fileid="51" />
              </SequencePoints>
              <BranchPoints />
              <MethodPoint xsi:type="SequencePoint" vc="0" uspid="1882" ordinal="0" offset="0" sl="31" sc="9" el="31" ec="40" bec="0" bev="0" fileid="51" />
            </Method>
            <Method visited="false" cyclomaticComplexity="8" nPathComplexity="8" sequenceCoverage="0" branchCoverage="0" isConstructor="false" isStatic="false" isGetter="false" isSetter="false">
              <Summary numSequencePoints="39" visitedSequencePoints="0" numBranchPoints="7" visitedBranchPoints="0" sequenceCoverage="0" branchCoverage="0" maxCyclomaticComplexity="8" minCyclomaticComplexity="8" visitedClasses="0" numClasses="0" visitedMethods="0" numMethods="1" />
              <MetadataToken>100663643</MetadataToken>
              <Name>System.Void SportsWeb.Services.Services.ServiceProviderService::AddServiceProvider(SportsWeb.Models.ServiceProviderModel)</Name>
              <FileRef uid="51" />
              <SequencePoints>
                <SequencePoint vc="0" uspid="1887" ordinal="0" offset="13" sl="39" sc="9" el="39" ec="10" bec="0" bev="0" fileid="51" />
                <SequencePoint vc="0" uspid="1888" ordinal="1" offset="14" sl="40" sc="13" el="40" ec="95" bec="0" bev="0" fileid="51" />
                <SequencePoint vc="0" uspid="1889" ordinal="2" offset="30" sl="41" sc="13" el="41" ec="47" bec="0" bev="0" fileid="51" />
                <SequencePoint vc="0" uspid="1890" ordinal="3" offset="43" sl="42" sc="13" el="42" ec="67" bec="0" bev="0" fileid="51" />
                <SequencePoint vc="0" uspid="1891" ordinal="4" offset="59" sl="45" sc="13" el="45" ec="14" bec="0" bev="0" fileid="51" />
                <SequencePoint vc="0" uspid="1892" ordinal="5" offset="60" sl="46" sc="24" el="46" ec="57" bec="0" bev="0" fileid="51" />
                <SequencePoint vc="0" uspid="1893" ordinal="6" offset="67" sl="47" sc="17" el="47" ec="18" bec="0" bev="0" fileid="51" />
                <SequencePoint vc="0" uspid="1894" ordinal="7" offset="68" sl="48" sc="21" el="48" ec="95" bec="0" bev="0" fileid="51" />
                <SequencePoint vc="0" uspid="1895" ordinal="8" offset="75" sl="49" sc="21" el="49" ec="166" bec="0" bev="0" fileid="51" />
                <SequencePoint vc="0" uspid="1896" ordinal="9" offset="248" sl="51" sc="21" el="51" ec="91" bec="0" bev="0" fileid="51" />
                <SequencePoint vc="0" uspid="1897" ordinal="10" offset="256" sl="52" sc="21" el="52" ec="120" bec="0" bev="0" fileid="51" />
                <SequencePoint vc="0" uspid="1898" ordinal="11" offset="436" sl="53" sc="21" el="53" ec="38" bec="2" bev="0" fileid="51" />
                <SequencePoint vc="0" uspid="1899" ordinal="12" offset="450" sl="54" sc="21" el="54" ec="22" bec="0" bev="0" fileid="51" />
                <SequencePoint vc="0" uspid="1900" ordinal="13" offset="451" sl="55" sc="25" el="56" ec="106" bec="2" bev="0" fileid="51" />
                <SequencePoint vc="0" uspid="1901" ordinal="14" offset="500" sl="57" sc="25" el="57" ec="26" bec="0" bev="0" fileid="51" />
                <SequencePoint vc="0" uspid="1902" ordinal="15" offset="501" sl="58" sc="29" el="58" ec="130" bec="0" bev="0" fileid="51" />
                <SequencePoint vc="0" uspid="1903" ordinal="16" offset="528" sl="61" sc="25" el="67" ec="28" bec="0" bev="0" fileid="51" />
                <SequencePoint vc="0" uspid="1904" ordinal="17" offset="643" sl="68" sc="25" el="68" ec="150" bec="0" bev="0" fileid="51" />
                <SequencePoint vc="0" uspid="1905" ordinal="18" offset="659" sl="69" sc="21" el="69" ec="22" bec="0" bev="0" fileid="51" />
                <SequencePoint vc="0" uspid="1906" ordinal="19" offset="665" sl="71" sc="21" el="71" ec="22" bec="0" bev="0" fileid="51" />
                <SequencePoint vc="0" uspid="1907" ordinal="20" offset="666" sl="72" sc="25" el="72" ec="103" bec="0" bev="0" fileid="51" />
                <SequencePoint vc="0" uspid="1908" ordinal="21" offset="680" sl="74" sc="25" el="74" ec="55" bec="2" bev="0" fileid="51" />
                <SequencePoint vc="0" uspid="1909" ordinal="22" offset="691" sl="75" sc="25" el="75" ec="26" bec="0" bev="0" fileid="51" />
                <SequencePoint vc="0" uspid="1910" ordinal="23" offset="692" sl="76" sc="29" el="81" ec="32" bec="0" bev="0" fileid="51" />
                <SequencePoint vc="0" uspid="1911" ordinal="24" offset="806" sl="83" sc="29" el="83" ec="143" bec="0" bev="0" fileid="51" />
                <SequencePoint vc="0" uspid="1912" ordinal="25" offset="822" sl="84" sc="25" el="84" ec="26" bec="0" bev="0" fileid="51" />
                <SequencePoint vc="0" uspid="1913" ordinal="26" offset="825" sl="86" sc="25" el="86" ec="26" bec="0" bev="0" fileid="51" />
                <SequencePoint vc="0" uspid="1914" ordinal="27" offset="826" sl="87" sc="29" el="87" ec="123" bec="0" bev="0" fileid="51" />
                <SequencePoint vc="0" uspid="1915" ordinal="28" offset="853" sl="89" sc="21" el="89" ec="22" bec="0" bev="0" fileid="51" />
                <SequencePoint vc="0" uspid="1916" ordinal="29" offset="854" sl="90" sc="17" el="90" ec="18" bec="0" bev="0" fileid="51" />
                <SequencePoint vc="0" uspid="1917" ordinal="30" offset="868" sl="91" sc="13" el="91" ec="14" bec="0" bev="0" fileid="51" />
                <SequencePoint vc="0" uspid="1918" ordinal="31" offset="871" sl="92" sc="13" el="92" ec="42" bec="0" bev="0" fileid="51" />
                <SequencePoint vc="0" uspid="1919" ordinal="32" offset="872" sl="93" sc="13" el="93" ec="14" bec="0" bev="0" fileid="51" />
                <SequencePoint vc="0" uspid="1920" ordinal="33" offset="873" sl="94" sc="17" el="94" ec="23" bec="0" bev="0" fileid="51" />
                <SequencePoint vc="0" uspid="1921" ordinal="34" offset="875" sl="96" sc="13" el="96" ec="34" bec="0" bev="0" fileid="51" />
                <SequencePoint vc="0" uspid="1922" ordinal="35" offset="877" sl="97" sc="13" el="97" ec="14" bec="0" bev="0" fileid="51" />
                <SequencePoint vc="0" uspid="1923" ordinal="36" offset="878" sl="98" sc="17" el="98" ec="111" bec="0" bev="0" fileid="51" />
                <SequencePoint vc="0" uspid="1924" ordinal="37" offset="896" sl="99" sc="17" el="99" ec="121" bec="0" bev="0" fileid="51" />
                <SequencePoint vc="0" uspid="1925" ordinal="38" offset="923" sl="101" sc="9" el="101" ec="10" bec="0" bev="0" fileid="51" />
              </SequencePoints>
              <BranchPoints>
                <BranchPoint vc="0" uspid="1926" ordinal="0" offset="445" sl="53" path="0" offsetend="450" fileid="51" />
                <BranchPoint vc="0" uspid="1927" ordinal="1" offset="445" sl="53" path="1" offsetend="665" fileid="51" />
                <BranchPoint vc="0" uspid="1930" ordinal="4" offset="498" sl="55" path="0" offsetend="500" fileid="51" />
                <BranchPoint vc="0" uspid="1931" ordinal="5" offset="498" sl="55" path="1" offsetend="528" fileid="51" />
                <BranchPoint vc="0" uspid="1934" ordinal="8" offset="686" sl="74" path="0" offsetend="691" fileid="51" />
                <BranchPoint vc="0" uspid="1935" ordinal="9" offset="686" sl="74" path="1" offsetend="825" fileid="51" />
              </BranchPoints>
              <MethodPoint vc="0" uspid="1938" ordinal="0" offset="0" />
            </Method>
            <Method visited="false" cyclomaticComplexity="1" nPathComplexity="0" sequenceCoverage="0" branchCoverage="0" isConstructor="false" isStatic="false" isGetter="false" isSetter="false">
              <Summary numSequencePoints="12" visitedSequencePoints="0" numBranchPoints="1" visitedBranchPoints="0" sequenceCoverage="0" branchCoverage="0" maxCyclomaticComplexity="1" minCyclomaticComplexity="1" visitedClasses="0" numClasses="0" visitedMethods="0" numMethods="1" />
              <MetadataToken>100663644</MetadataToken>
              <Name>System.Boolean SportsWeb.Services.Services.ServiceProviderService::CreateServiceProviderInIdentityService(SportsWeb.Models.ServiceProviderModel)</Name>
              <FileRef uid="51" />
              <SequencePoints>
                <SequencePoint vc="0" uspid="1939" ordinal="0" offset="0" sl="104" sc="9" el="104" ec="10" bec="0" bev="0" fileid="51" />
                <SequencePoint vc="0" uspid="1940" ordinal="1" offset="1" sl="105" sc="13" el="115" ec="15" bec="0" bev="0" fileid="51" />
                <SequencePoint vc="0" uspid="1941" ordinal="2" offset="97" sl="116" sc="13" el="116" ec="78" bec="0" bev="0" fileid="51" />
                <SequencePoint vc="0" uspid="1942" ordinal="3" offset="113" sl="117" sc="13" el="117" ec="88" bec="0" bev="0" fileid="51" />
                <SequencePoint vc="0" uspid="1943" ordinal="4" offset="130" sl="119" sc="13" el="119" ec="116" bec="0" bev="0" fileid="51" />
                <SequencePoint vc="0" uspid="1944" ordinal="5" offset="159" sl="120" sc="13" el="124" ec="15" bec="0" bev="0" fileid="51" />
                <SequencePoint vc="0" uspid="1945" ordinal="6" offset="185" sl="125" sc="13" el="125" ec="82" bec="0" bev="0" fileid="51" />
                <SequencePoint vc="0" uspid="1946" ordinal="7" offset="208" sl="126" sc="13" el="131" ec="15" bec="0" bev="0" fileid="51" />
                <SequencePoint vc="0" uspid="1947" ordinal="8" offset="245" sl="133" sc="13" el="133" ec="88" bec="0" bev="0" fileid="51" />
                <SequencePoint vc="0" uspid="1948" ordinal="9" offset="261" sl="134" sc="13" el="134" ec="91" bec="0" bev="0" fileid="51" />
                <SequencePoint vc="0" uspid="1949" ordinal="10" offset="276" sl="135" sc="13" el="135" ec="37" bec="0" bev="0" fileid="51" />
                <SequencePoint vc="0" uspid="1950" ordinal="11" offset="282" sl="136" sc="9" el="136" ec="10" bec="0" bev="0" fileid="51" />
              </SequencePoints>
              <BranchPoints />
              <MethodPoint xsi:type="SequencePoint" vc="0" uspid="1939" ordinal="0" offset="0" sl="104" sc="9" el="104" ec="10" bec="0" bev="0" fileid="51" />
            </Method>
            <Method visited="false" cyclomaticComplexity="4" nPathComplexity="8" sequenceCoverage="0" branchCoverage="0" isConstructor="false" isStatic="false" isGetter="false" isSetter="false">
              <Summary numSequencePoints="11" visitedSequencePoints="0" numBranchPoints="7" visitedBranchPoints="0" sequenceCoverage="0" branchCoverage="0" maxCyclomaticComplexity="4" minCyclomaticComplexity="4" visitedClasses="0" numClasses="0" visitedMethods="0" numMethods="1" />
              <MetadataToken>100663645</MetadataToken>
              <Name>System.Void SportsWeb.Services.Services.ServiceProviderService::ValidateAddServiceProvider(SportsWeb.Models.ServiceProviderModel)</Name>
              <FileRef uid="51" />
              <SequencePoints>
                <SequencePoint vc="0" uspid="1951" ordinal="0" offset="0" sl="139" sc="9" el="139" ec="10" bec="0" bev="0" fileid="51" />
                <SequencePoint vc="0" uspid="1952" ordinal="1" offset="1" sl="140" sc="13" el="140" ec="94" bec="0" bev="0" fileid="51" />
                <SequencePoint vc="0" uspid="1953" ordinal="2" offset="17" sl="141" sc="13" el="141" ec="31" bec="2" bev="0" fileid="51" />
                <SequencePoint vc="0" uspid="1954" ordinal="3" offset="25" sl="142" sc="17" el="142" ec="85" bec="0" bev="0" fileid="51" />
                <SequencePoint vc="0" uspid="1955" ordinal="4" offset="36" sl="144" sc="13" el="144" ec="55" bec="2" bev="0" fileid="51" />
                <SequencePoint vc="0" uspid="1956" ordinal="5" offset="51" sl="145" sc="13" el="145" ec="14" bec="0" bev="0" fileid="51" />
                <SequencePoint vc="0" uspid="1957" ordinal="6" offset="52" sl="146" sc="17" el="146" ec="81" bec="0" bev="0" fileid="51" />
                <SequencePoint vc="0" uspid="1958" ordinal="7" offset="63" sl="148" sc="13" el="148" ec="43" bec="2" bev="0" fileid="51" />
                <SequencePoint vc="0" uspid="1959" ordinal="8" offset="82" sl="149" sc="13" el="149" ec="14" bec="0" bev="0" fileid="51" />
                <SequencePoint vc="0" uspid="1960" ordinal="9" offset="83" sl="150" sc="17" el="150" ec="82" bec="0" bev="0" fileid="51" />
                <SequencePoint vc="0" uspid="1961" ordinal="10" offset="94" sl="153" sc="9" el="153" ec="10" bec="0" bev="0" fileid="51" />
              </SequencePoints>
              <BranchPoints>
                <BranchPoint vc="0" uspid="1962" ordinal="0" offset="23" sl="141" path="0" offsetend="25" fileid="51" />
                <BranchPoint vc="0" uspid="1963" ordinal="1" offset="23" sl="141" path="1" offsetend="36" fileid="51" />
                <BranchPoint vc="0" uspid="1964" ordinal="2" offset="49" sl="144" path="0" offsetend="51" fileid="51" />
                <BranchPoint vc="0" uspid="1965" ordinal="3" offset="49" sl="144" path="1" offsetend="63" fileid="51" />
                <BranchPoint vc="0" uspid="1966" ordinal="4" offset="80" sl="148" path="0" offsetend="82" fileid="51" />
                <BranchPoint vc="0" uspid="1967" ordinal="5" offset="80" sl="148" path="1" offsetend="94" fileid="51" />
              </BranchPoints>
              <MethodPoint xsi:type="SequencePoint" vc="0" uspid="1951" ordinal="0" offset="0" sl="139" sc="9" el="139" ec="10" bec="0" bev="0" fileid="51" />
            </Method>
            <Method visited="false" cyclomaticComplexity="8" nPathComplexity="32" sequenceCoverage="0" branchCoverage="0" isConstructor="false" isStatic="false" isGetter="false" isSetter="false">
              <Summary numSequencePoints="17" visitedSequencePoints="0" numBranchPoints="11" visitedBranchPoints="0" sequenceCoverage="0" branchCoverage="0" maxCyclomaticComplexity="8" minCyclomaticComplexity="8" visitedClasses="0" numClasses="0" visitedMethods="0" numMethods="1" />
              <MetadataToken>100663646</MetadataToken>
              <Name>System.Void SportsWeb.Services.Services.ServiceProviderService::ValidateUpdateServiceProvider(SportsWeb.Models.UpdateServiceProviderModel)</Name>
              <FileRef uid="51" />
              <SequencePoints>
                <SequencePoint vc="0" uspid="1968" ordinal="0" offset="0" sl="156" sc="9" el="156" ec="10" bec="0" bev="0" fileid="51" />
                <SequencePoint vc="0" uspid="1969" ordinal="1" offset="1" sl="157" sc="13" el="157" ec="100" bec="0" bev="0" fileid="51" />
                <SequencePoint vc="0" uspid="1970" ordinal="2" offset="17" sl="158" sc="13" el="158" ec="31" bec="2" bev="0" fileid="51" />
                <SequencePoint vc="0" uspid="1971" ordinal="3" offset="25" sl="159" sc="17" el="159" ec="85" bec="0" bev="0" fileid="51" />
                <SequencePoint vc="0" uspid="1972" ordinal="4" offset="36" sl="161" sc="13" el="161" ec="55" bec="2" bev="0" fileid="51" />
                <SequencePoint vc="0" uspid="1973" ordinal="5" offset="51" sl="162" sc="13" el="162" ec="14" bec="0" bev="0" fileid="51" />
                <SequencePoint vc="0" uspid="1974" ordinal="6" offset="52" sl="163" sc="17" el="163" ec="81" bec="0" bev="0" fileid="51" />
                <SequencePoint vc="0" uspid="1975" ordinal="7" offset="63" sl="165" sc="13" el="165" ec="43" bec="2" bev="0" fileid="51" />
                <SequencePoint vc="0" uspid="1976" ordinal="8" offset="82" sl="166" sc="13" el="166" ec="14" bec="0" bev="0" fileid="51" />
                <SequencePoint vc="0" uspid="1977" ordinal="9" offset="83" sl="167" sc="17" el="167" ec="82" bec="0" bev="0" fileid="51" />
                <SequencePoint vc="0" uspid="1978" ordinal="10" offset="94" sl="170" sc="13" el="170" ec="69" bec="2" bev="0" fileid="51" />
                <SequencePoint vc="0" uspid="1979" ordinal="11" offset="118" sl="171" sc="13" el="171" ec="14" bec="0" bev="0" fileid="51" />
                <SequencePoint vc="0" uspid="1980" ordinal="12" offset="119" sl="172" sc="17" el="172" ec="94" bec="0" bev="0" fileid="51" />
                <SequencePoint vc="0" uspid="1981" ordinal="13" offset="130" sl="175" sc="13" el="175" ec="75" bec="2" bev="0" fileid="51" />
                <SequencePoint vc="0" uspid="1982" ordinal="14" offset="166" sl="176" sc="13" el="176" ec="14" bec="0" bev="0" fileid="51" />
                <SequencePoint vc="0" uspid="1983" ordinal="15" offset="167" sl="177" sc="17" el="177" ec="94" bec="0" bev="0" fileid="51" />
                <SequencePoint vc="0" uspid="1984" ordinal="16" offset="178" sl="180" sc="9" el="180" ec="10" bec="0" bev="0" fileid="51" />
              </SequencePoints>
              <BranchPoints>
                <BranchPoint vc="0" uspid="1985" ordinal="0" offset="23" sl="158" path="0" offsetend="25" fileid="51" />
                <BranchPoint vc="0" uspid="1986" ordinal="1" offset="23" sl="158" path="1" offsetend="36" fileid="51" />
                <BranchPoint vc="0" uspid="1987" ordinal="2" offset="49" sl="161" path="0" offsetend="51" fileid="51" />
                <BranchPoint vc="0" uspid="1988" ordinal="3" offset="49" sl="161" path="1" offsetend="63" fileid="51" />
                <BranchPoint vc="0" uspid="1989" ordinal="4" offset="80" sl="165" path="0" offsetend="82" fileid="51" />
                <BranchPoint vc="0" uspid="1990" ordinal="5" offset="80" sl="165" path="1" offsetend="94" fileid="51" />
                <BranchPoint vc="0" uspid="1993" ordinal="8" offset="116" sl="170" path="0" offsetend="118" fileid="51" />
                <BranchPoint vc="0" uspid="1994" ordinal="9" offset="116" sl="170" path="1" offsetend="130" fileid="51" />
                <BranchPoint vc="0" uspid="1997" ordinal="12" offset="164" sl="175" path="0" offsetend="166" fileid="51" />
                <BranchPoint vc="0" uspid="1998" ordinal="13" offset="164" sl="175" path="1" offsetend="178" fileid="51" />
              </BranchPoints>
              <MethodPoint xsi:type="SequencePoint" vc="0" uspid="1968" ordinal="0" offset="0" sl="156" sc="9" el="156" ec="10" bec="0" bev="0" fileid="51" />
            </Method>
            <Method visited="false" cyclomaticComplexity="2" nPathComplexity="2" sequenceCoverage="0" branchCoverage="0" isConstructor="false" isStatic="false" isGetter="false" isSetter="false">
              <Summary numSequencePoints="11" visitedSequencePoints="0" numBranchPoints="3" visitedBranchPoints="0" sequenceCoverage="0" branchCoverage="0" maxCyclomaticComplexity="2" minCyclomaticComplexity="2" visitedClasses="0" numClasses="0" visitedMethods="0" numMethods="1" />
              <MetadataToken>100663647</MetadataToken>
              <Name>System.Boolean SportsWeb.Services.Services.ServiceProviderService::IsValidEmail(System.String)</Name>
              <FileRef uid="51" />
              <SequencePoints>
                <SequencePoint vc="0" uspid="1999" ordinal="0" offset="0" sl="183" sc="9" el="183" ec="10" bec="0" bev="0" fileid="51" />
                <SequencePoint vc="0" uspid="2000" ordinal="1" offset="1" sl="184" sc="13" el="184" ec="83" bec="0" bev="0" fileid="51" />
                <SequencePoint vc="0" uspid="2001" ordinal="2" offset="17" sl="185" sc="13" el="185" ec="54" bec="0" bev="0" fileid="51" />
                <SequencePoint vc="0" uspid="2002" ordinal="3" offset="23" sl="186" sc="13" el="186" ec="46" bec="0" bev="0" fileid="51" />
                <SequencePoint vc="0" uspid="2003" ordinal="4" offset="30" sl="187" sc="13" el="187" ec="36" bec="2" bev="0" fileid="51" />
                <SequencePoint vc="0" uspid="2004" ordinal="5" offset="44" sl="188" sc="13" el="188" ec="14" bec="0" bev="0" fileid="51" />
                <SequencePoint vc="0" uspid="2005" ordinal="6" offset="45" sl="189" sc="17" el="189" ec="114" bec="0" bev="0" fileid="51" />
                <SequencePoint vc="0" uspid="2006" ordinal="7" offset="61" sl="190" sc="17" el="190" ec="30" bec="0" bev="0" fileid="51" />
                <SequencePoint vc="0" uspid="2007" ordinal="8" offset="65" sl="192" sc="13" el="192" ec="112" bec="0" bev="0" fileid="51" />
                <SequencePoint vc="0" uspid="2008" ordinal="9" offset="81" sl="193" sc="13" el="193" ec="25" bec="0" bev="0" fileid="51" />
                <SequencePoint vc="0" uspid="2009" ordinal="10" offset="85" sl="194" sc="9" el="194" ec="10" bec="0" bev="0" fileid="51" />
              </SequencePoints>
              <BranchPoints>
                <BranchPoint vc="0" uspid="2010" ordinal="0" offset="42" sl="187" path="0" offsetend="44" fileid="51" />
                <BranchPoint vc="0" uspid="2011" ordinal="1" offset="42" sl="187" path="1" offsetend="65" fileid="51" />
              </BranchPoints>
              <MethodPoint xsi:type="SequencePoint" vc="0" uspid="1999" ordinal="0" offset="0" sl="183" sc="9" el="183" ec="10" bec="0" bev="0" fileid="51" />
            </Method>
            <Method visited="false" cyclomaticComplexity="11" nPathComplexity="32" sequenceCoverage="0" branchCoverage="0" isConstructor="false" isStatic="false" isGetter="false" isSetter="false">
              <Summary numSequencePoints="26" visitedSequencePoints="0" numBranchPoints="11" visitedBranchPoints="0" sequenceCoverage="0" branchCoverage="0" maxCyclomaticComplexity="11" minCyclomaticComplexity="11" visitedClasses="0" numClasses="0" visitedMethods="0" numMethods="1" />
              <MetadataToken>100663648</MetadataToken>
              <Name>System.Void SportsWeb.Services.Services.ServiceProviderService::UpdateServiceProvider(SportsWeb.Models.UpdateServiceProviderModel)</Name>
              <FileRef uid="51" />
              <SequencePoints>
                <SequencePoint vc="0" uspid="2012" ordinal="0" offset="13" sl="197" sc="9" el="197" ec="10" bec="0" bev="0" fileid="51" />
                <SequencePoint vc="0" uspid="2013" ordinal="1" offset="14" sl="198" sc="13" el="198" ec="98" bec="0" bev="0" fileid="51" />
                <SequencePoint vc="0" uspid="2014" ordinal="2" offset="30" sl="199" sc="13" el="199" ec="50" bec="0" bev="0" fileid="51" />
                <SequencePoint vc="0" uspid="2015" ordinal="3" offset="43" sl="200" sc="13" el="200" ec="67" bec="0" bev="0" fileid="51" />
                <SequencePoint vc="0" uspid="2016" ordinal="4" offset="59" sl="203" sc="13" el="203" ec="14" bec="0" bev="0" fileid="51" />
                <SequencePoint vc="0" uspid="2017" ordinal="5" offset="60" sl="204" sc="24" el="204" ec="57" bec="0" bev="0" fileid="51" />
                <SequencePoint vc="0" uspid="2018" ordinal="6" offset="67" sl="205" sc="17" el="205" ec="18" bec="0" bev="0" fileid="51" />
                <SequencePoint vc="0" uspid="2019" ordinal="7" offset="68" sl="206" sc="21" el="206" ec="91" bec="0" bev="0" fileid="51" />
                <SequencePoint vc="0" uspid="2020" ordinal="8" offset="75" sl="207" sc="21" el="207" ec="120" bec="0" bev="0" fileid="51" />
                <SequencePoint vc="0" uspid="2021" ordinal="9" offset="253" sl="208" sc="21" el="208" ec="38" bec="2" bev="0" fileid="51" />
                <SequencePoint vc="0" uspid="2022" ordinal="10" offset="266" sl="209" sc="21" el="209" ec="22" bec="0" bev="0" fileid="51" />
                <SequencePoint vc="0" uspid="2023" ordinal="11" offset="267" sl="210" sc="25" el="216" ec="28" bec="8" bev="0" fileid="51" />
                <SequencePoint vc="0" uspid="2024" ordinal="12" offset="460" sl="217" sc="21" el="217" ec="22" bec="0" bev="0" fileid="51" />
                <SequencePoint vc="0" uspid="2025" ordinal="13" offset="463" sl="219" sc="21" el="219" ec="22" bec="0" bev="0" fileid="51" />
                <SequencePoint vc="0" uspid="2026" ordinal="14" offset="464" sl="220" sc="25" el="220" ec="117" bec="0" bev="0" fileid="51" />
                <SequencePoint vc="0" uspid="2027" ordinal="15" offset="491" sl="222" sc="17" el="222" ec="18" bec="0" bev="0" fileid="51" />
                <SequencePoint vc="0" uspid="2028" ordinal="16" offset="505" sl="224" sc="17" el="224" ec="142" bec="0" bev="0" fileid="51" />
                <SequencePoint vc="0" uspid="2029" ordinal="17" offset="521" sl="226" sc="13" el="226" ec="14" bec="0" bev="0" fileid="51" />
                <SequencePoint vc="0" uspid="2030" ordinal="18" offset="524" sl="227" sc="13" el="227" ec="42" bec="0" bev="0" fileid="51" />
                <SequencePoint vc="0" uspid="2031" ordinal="19" offset="525" sl="228" sc="13" el="228" ec="14" bec="0" bev="0" fileid="51" />
                <SequencePoint vc="0" uspid="2032" ordinal="20" offset="526" sl="229" sc="17" el="229" ec="23" bec="0" bev="0" fileid="51" />
                <SequencePoint vc="0" uspid="2033" ordinal="21" offset="528" sl="231" sc="13" el="231" ec="34" bec="0" bev="0" fileid="51" />
                <SequencePoint vc="0" uspid="2034" ordinal="22" offset="530" sl="232" sc="13" el="232" ec="14" bec="0" bev="0" fileid="51" />
                <SequencePoint vc="0" uspid="2035" ordinal="23" offset="531" sl="233" sc="17" el="233" ec="111" bec="0" bev="0" fileid="51" />
                <SequencePoint vc="0" uspid="2036" ordinal="24" offset="549" sl="234" sc="17" el="234" ec="121" bec="0" bev="0" fileid="51" />
                <SequencePoint vc="0" uspid="2037" ordinal="25" offset="576" sl="237" sc="9" el="237" ec="10" bec="0" bev="0" fileid="51" />
              </SequencePoints>
              <BranchPoints>
                <BranchPoint vc="0" uspid="2038" ordinal="0" offset="261" sl="208" path="0" offsetend="266" fileid="51" />
                <BranchPoint vc="0" uspid="2039" ordinal="1" offset="261" sl="208" path="1" offsetend="463" fileid="51" />
                <BranchPoint vc="0" uspid="2040" ordinal="2" offset="317" sl="210" path="0" offsetend="319" fileid="51" />
                <BranchPoint vc="0" uspid="2041" ordinal="3" offset="317" sl="210" path="1" offsetend="323" fileid="51" />
                <BranchPoint vc="0" uspid="2044" ordinal="6" offset="365" sl="210" path="0" offsetend="367" fileid="51" />
                <BranchPoint vc="0" uspid="2045" ordinal="7" offset="365" sl="210" path="1" offsetend="373" fileid="51" />
                <BranchPoint vc="0" uspid="2046" ordinal="8" offset="392" sl="210" path="0" offsetend="394" fileid="51" />
                <BranchPoint vc="0" uspid="2047" ordinal="9" offset="392" sl="210" path="1" offsetend="398" fileid="51" />
                <BranchPoint vc="0" uspid="2050" ordinal="12" offset="440" sl="210" path="0" offsetend="442" fileid="51" />
                <BranchPoint vc="0" uspid="2051" ordinal="13" offset="440" sl="210" path="1" offsetend="448" fileid="51" />
              </BranchPoints>
              <MethodPoint vc="0" uspid="2052" ordinal="0" offset="0" />
            </Method>
            <Method visited="false" cyclomaticComplexity="1" nPathComplexity="0" sequenceCoverage="0" branchCoverage="0" isConstructor="false" isStatic="false" isGetter="false" isSetter="false">
              <Summary numSequencePoints="14" visitedSequencePoints="0" numBranchPoints="1" visitedBranchPoints="0" sequenceCoverage="0" branchCoverage="0" maxCyclomaticComplexity="1" minCyclomaticComplexity="1" visitedClasses="0" numClasses="0" visitedMethods="0" numMethods="1" />
              <MetadataToken>100663649</MetadataToken>
              <Name>System.Void SportsWeb.Services.Services.ServiceProviderService::DeleteServiceProvider(System.Guid,System.Guid)</Name>
              <FileRef uid="51" />
              <SequencePoints>
                <SequencePoint vc="0" uspid="2053" ordinal="0" offset="0" sl="240" sc="9" el="240" ec="10" bec="0" bev="0" fileid="51" />
                <SequencePoint vc="0" uspid="2054" ordinal="1" offset="1" sl="241" sc="13" el="241" ec="124" bec="0" bev="0" fileid="51" />
                <SequencePoint vc="0" uspid="2055" ordinal="2" offset="28" sl="243" sc="13" el="243" ec="14" bec="0" bev="0" fileid="51" />
                <SequencePoint vc="0" uspid="2056" ordinal="3" offset="29" sl="244" sc="17" el="250" ec="20" bec="0" bev="0" fileid="51" />
                <SequencePoint vc="0" uspid="2057" ordinal="4" offset="89" sl="252" sc="17" el="253" ec="128" bec="0" bev="0" fileid="51" />
                <SequencePoint vc="0" uspid="2058" ordinal="5" offset="105" sl="254" sc="13" el="254" ec="14" bec="0" bev="0" fileid="51" />
                <SequencePoint vc="0" uspid="2059" ordinal="6" offset="108" sl="255" sc="13" el="255" ec="42" bec="0" bev="0" fileid="51" />
                <SequencePoint vc="0" uspid="2060" ordinal="7" offset="109" sl="256" sc="13" el="256" ec="14" bec="0" bev="0" fileid="51" />
                <SequencePoint vc="0" uspid="2061" ordinal="8" offset="110" sl="257" sc="17" el="257" ec="23" bec="0" bev="0" fileid="51" />
                <SequencePoint vc="0" uspid="2062" ordinal="9" offset="112" sl="259" sc="13" el="259" ec="34" bec="0" bev="0" fileid="51" />
                <SequencePoint vc="0" uspid="2063" ordinal="10" offset="113" sl="260" sc="13" el="260" ec="14" bec="0" bev="0" fileid="51" />
                <SequencePoint vc="0" uspid="2064" ordinal="11" offset="114" sl="261" sc="17" el="261" ec="114" bec="0" bev="0" fileid="51" />
                <SequencePoint vc="0" uspid="2065" ordinal="12" offset="131" sl="262" sc="17" el="262" ec="92" bec="0" bev="0" fileid="51" />
                <SequencePoint vc="0" uspid="2066" ordinal="13" offset="142" sl="264" sc="9" el="264" ec="10" bec="0" bev="0" fileid="51" />
              </SequencePoints>
              <BranchPoints />
              <MethodPoint xsi:type="SequencePoint" vc="0" uspid="2053" ordinal="0" offset="0" sl="240" sc="9" el="240" ec="10" bec="0" bev="0" fileid="51" />
            </Method>
            <Method visited="false" cyclomaticComplexity="1" nPathComplexity="0" sequenceCoverage="0" branchCoverage="0" isConstructor="false" isStatic="false" isGetter="false" isSetter="false">
              <Summary numSequencePoints="2" visitedSequencePoints="0" numBranchPoints="1" visitedBranchPoints="0" sequenceCoverage="0" branchCoverage="0" maxCyclomaticComplexity="1" minCyclomaticComplexity="1" visitedClasses="0" numClasses="0" visitedMethods="0" numMethods="1" />
              <MetadataToken>100663650</MetadataToken>
              <Name>System.Collections.Generic.IList`1&lt;SportsWeb.Models.SearchResultModel&gt; SportsWeb.Services.Services.ServiceProviderService::SearchServiceProvider(System.String)</Name>
              <FileRef uid="51" />
              <SequencePoints>
                <SequencePoint vc="0" uspid="2067" ordinal="0" offset="0" sl="267" sc="9" el="267" ec="10" bec="0" bev="0" fileid="51" />
                <SequencePoint vc="0" uspid="2068" ordinal="1" offset="1" sl="268" sc="13" el="268" ec="49" bec="0" bev="0" fileid="51" />
              </SequencePoints>
              <BranchPoints />
              <MethodPoint xsi:type="SequencePoint" vc="0" uspid="2067" ordinal="0" offset="0" sl="267" sc="9" el="267" ec="10" bec="0" bev="0" fileid="51" />
            </Method>
            <Method visited="false" cyclomaticComplexity="3" nPathComplexity="0" sequenceCoverage="0" branchCoverage="0" isConstructor="false" isStatic="false" isGetter="false" isSetter="false">
              <Summary numSequencePoints="20" visitedSequencePoints="0" numBranchPoints="1" visitedBranchPoints="0" sequenceCoverage="0" branchCoverage="0" maxCyclomaticComplexity="3" minCyclomaticComplexity="3" visitedClasses="0" numClasses="0" visitedMethods="0" numMethods="1" />
              <MetadataToken>100663651</MetadataToken>
              <Name>System.Collections.Generic.IList`1&lt;SportsWeb.Models.ServiceProviderModel&gt; SportsWeb.Services.Services.ServiceProviderService::GetServiceProviderForSite(System.Guid)</Name>
              <FileRef uid="51" />
              <SequencePoints>
                <SequencePoint vc="0" uspid="2069" ordinal="0" offset="0" sl="272" sc="9" el="272" ec="10" bec="0" bev="0" fileid="51" />
                <SequencePoint vc="0" uspid="2070" ordinal="1" offset="1" sl="273" sc="13" el="273" ec="102" bec="0" bev="0" fileid="51" />
                <SequencePoint vc="0" uspid="2071" ordinal="2" offset="17" sl="276" sc="13" el="276" ec="14" bec="0" bev="0" fileid="51" />
                <SequencePoint vc="0" uspid="2072" ordinal="3" offset="18" sl="277" sc="17" el="277" ec="84" bec="0" bev="0" fileid="51" />
                <SequencePoint vc="0" uspid="2073" ordinal="4" offset="29" sl="278" sc="17" el="278" ec="84" bec="0" bev="0" fileid="51" />
                <SequencePoint vc="0" uspid="2074" ordinal="5" offset="37" sl="280" sc="17" el="280" ec="95" bec="0" bev="0" fileid="51" />
                <SequencePoint vc="0" uspid="2075" ordinal="6" offset="43" sl="281" sc="17" el="281" ec="24" bec="0" bev="0" fileid="51" />
                <SequencePoint vc="0" uspid="2076" ordinal="7" offset="44" sl="281" sc="47" el="281" ec="61" bec="0" bev="0" fileid="51" />
                <SequencePoint vc="0" uspid="2077" ordinal="8" offset="53" sl="281" sc="26" el="281" ec="43" bec="0" bev="0" fileid="51" />
                <SequencePoint vc="0" uspid="2078" ordinal="9" offset="61" sl="282" sc="17" el="282" ec="18" bec="0" bev="0" fileid="51" />
                <SequencePoint vc="0" uspid="2079" ordinal="10" offset="62" sl="283" sc="21" el="288" ec="24" bec="0" bev="0" fileid="51" />
                <SequencePoint vc="0" uspid="2080" ordinal="11" offset="116" sl="289" sc="17" el="289" ec="18" bec="0" bev="0" fileid="51" />
                <SequencePoint vc="0" uspid="2081" ordinal="12" offset="117" sl="281" sc="44" el="281" ec="46" bec="0" bev="0" fileid="51" />
                <SequencePoint vc="0" uspid="2082" ordinal="13" offset="138" sl="291" sc="17" el="291" ec="40" bec="0" bev="0" fileid="51" />
                <SequencePoint vc="0" uspid="2083" ordinal="14" offset="143" sl="293" sc="13" el="293" ec="33" bec="0" bev="0" fileid="51" />
                <SequencePoint vc="0" uspid="2084" ordinal="15" offset="145" sl="294" sc="13" el="294" ec="14" bec="0" bev="0" fileid="51" />
                <SequencePoint vc="0" uspid="2085" ordinal="16" offset="146" sl="295" sc="17" el="295" ec="34" bec="0" bev="0" fileid="51" />
                <SequencePoint vc="0" uspid="2086" ordinal="17" offset="159" sl="296" sc="13" el="296" ec="14" bec="0" bev="0" fileid="51" />
                <SequencePoint vc="0" uspid="2087" ordinal="18" offset="162" sl="298" sc="13" el="298" ec="53" bec="0" bev="0" fileid="51" />
                <SequencePoint vc="0" uspid="2088" ordinal="19" offset="171" sl="299" sc="9" el="299" ec="10" bec="0" bev="0" fileid="51" />
              </SequencePoints>
              <BranchPoints />
              <MethodPoint xsi:type="SequencePoint" vc="0" uspid="2069" ordinal="0" offset="0" sl="272" sc="9" el="272" ec="10" bec="0" bev="0" fileid="51" />
            </Method>
            <Method visited="false" cyclomaticComplexity="1" nPathComplexity="0" sequenceCoverage="0" branchCoverage="0" isConstructor="true" isStatic="true" isGetter="false" isSetter="false">
              <Summary numSequencePoints="1" visitedSequencePoints="0" numBranchPoints="1" visitedBranchPoints="0" sequenceCoverage="0" branchCoverage="0" maxCyclomaticComplexity="1" minCyclomaticComplexity="1" visitedClasses="0" numClasses="0" visitedMethods="0" numMethods="1" />
              <MetadataToken>100663652</MetadataToken>
              <Name>System.Void SportsWeb.Services.Services.ServiceProviderService::.cctor()</Name>
              <FileRef uid="51" />
              <SequencePoints>
                <SequencePoint vc="0" uspid="2091" ordinal="0" offset="0" sl="29" sc="9" el="29" ec="100" bec="0" bev="0" fileid="51" />
              </SequencePoints>
              <BranchPoints />
              <MethodPoint xsi:type="SequencePoint" vc="0" uspid="2091" ordinal="0" offset="0" sl="29" sc="9" el="29" ec="100" bec="0" bev="0" fileid="51" />
            </Method>
          </Methods>
        </Class>
        <Class>
          <Summary numSequencePoints="0" visitedSequencePoints="0" numBranchPoints="0" visitedBranchPoints="0" sequenceCoverage="0" branchCoverage="0" maxCyclomaticComplexity="1" minCyclomaticComplexity="1" visitedClasses="0" numClasses="0" visitedMethods="0" numMethods="0" />
          <FullName>SportsWeb.Services.Services.ServiceProviderService/&lt;&gt;c__DisplayClass4_0</FullName>
          <Methods>
            <Method visited="false" cyclomaticComplexity="1" nPathComplexity="0" sequenceCoverage="0" branchCoverage="0" isConstructor="true" isStatic="false" isGetter="false" isSetter="false">
              <Summary numSequencePoints="0" visitedSequencePoints="0" numBranchPoints="0" visitedBranchPoints="0" sequenceCoverage="0" branchCoverage="0" maxCyclomaticComplexity="1" minCyclomaticComplexity="1" visitedClasses="0" numClasses="0" visitedMethods="0" numMethods="0" />
              <MetadataToken>100666835</MetadataToken>
              <Name>System.Void SportsWeb.Services.Services.ServiceProviderService/&lt;&gt;c__DisplayClass4_0::.ctor()</Name>
              <SequencePoints />
              <BranchPoints />
              <MethodPoint vc="0" uspid="2092" ordinal="0" offset="0" />
            </Method>
          </Methods>
        </Class>
        <Class>
          <Summary numSequencePoints="5" visitedSequencePoints="0" numBranchPoints="5" visitedBranchPoints="0" sequenceCoverage="0" branchCoverage="0" maxCyclomaticComplexity="1" minCyclomaticComplexity="1" visitedClasses="0" numClasses="1" visitedMethods="0" numMethods="5" />
          <FullName>SportsWeb.Services.Services.ServiceProviderService/&lt;&gt;c</FullName>
          <Methods>
            <Method visited="false" cyclomaticComplexity="1" nPathComplexity="0" sequenceCoverage="0" branchCoverage="0" isConstructor="true" isStatic="true" isGetter="false" isSetter="false">
              <Summary numSequencePoints="0" visitedSequencePoints="0" numBranchPoints="0" visitedBranchPoints="0" sequenceCoverage="0" branchCoverage="0" maxCyclomaticComplexity="1" minCyclomaticComplexity="1" visitedClasses="0" numClasses="0" visitedMethods="0" numMethods="0" />
              <MetadataToken>100666836</MetadataToken>
              <Name>System.Void SportsWeb.Services.Services.ServiceProviderService/&lt;&gt;c::.cctor()</Name>
              <SequencePoints />
              <BranchPoints />
              <MethodPoint vc="0" uspid="2093" ordinal="0" offset="0" />
            </Method>
            <Method visited="false" cyclomaticComplexity="1" nPathComplexity="0" sequenceCoverage="0" branchCoverage="0" isConstructor="true" isStatic="false" isGetter="false" isSetter="false">
              <Summary numSequencePoints="0" visitedSequencePoints="0" numBranchPoints="0" visitedBranchPoints="0" sequenceCoverage="0" branchCoverage="0" maxCyclomaticComplexity="1" minCyclomaticComplexity="1" visitedClasses="0" numClasses="0" visitedMethods="0" numMethods="0" />
              <MetadataToken>100666837</MetadataToken>
              <Name>System.Void SportsWeb.Services.Services.ServiceProviderService/&lt;&gt;c::.ctor()</Name>
              <SequencePoints />
              <BranchPoints />
              <MethodPoint vc="0" uspid="2094" ordinal="0" offset="0" />
            </Method>
            <Method visited="false" cyclomaticComplexity="1" nPathComplexity="0" sequenceCoverage="0" branchCoverage="0" isConstructor="false" isStatic="false" isGetter="false" isSetter="false">
              <Summary numSequencePoints="1" visitedSequencePoints="0" numBranchPoints="1" visitedBranchPoints="0" sequenceCoverage="0" branchCoverage="0" maxCyclomaticComplexity="1" minCyclomaticComplexity="1" visitedClasses="0" numClasses="0" visitedMethods="0" numMethods="1" />
              <MetadataToken>100666838</MetadataToken>
              <Name>System.Boolean SportsWeb.Services.Services.ServiceProviderService/&lt;&gt;c::&lt;AddServiceProvider&gt;b__4_2(SportsWeb.Entities.AdministratorRole)</Name>
              <FileRef uid="51" />
              <SequencePoints>
                <SequencePoint vc="0" uspid="2095" ordinal="0" offset="0" sl="56" sc="29" el="56" ec="104" bec="0" bev="0" fileid="51" />
              </SequencePoints>
              <BranchPoints />
              <MethodPoint xsi:type="SequencePoint" vc="0" uspid="2095" ordinal="0" offset="0" sl="56" sc="29" el="56" ec="104" bec="0" bev="0" fileid="51" />
            </Method>
            <Method visited="false" cyclomaticComplexity="1" nPathComplexity="0" sequenceCoverage="0" branchCoverage="0" isConstructor="false" isStatic="false" isGetter="false" isSetter="false">
              <Summary numSequencePoints="1" visitedSequencePoints="0" numBranchPoints="1" visitedBranchPoints="0" sequenceCoverage="0" branchCoverage="0" maxCyclomaticComplexity="1" minCyclomaticComplexity="1" visitedClasses="0" numClasses="0" visitedMethods="0" numMethods="1" />
              <MetadataToken>100666839</MetadataToken>
              <Name>System.Guid SportsWeb.Services.Services.ServiceProviderService/&lt;&gt;c::&lt;AddServiceProvider&gt;b__4_3(SportsWeb.Models.SiteModel)</Name>
              <FileRef uid="51" />
              <SequencePoints>
                <SequencePoint vc="0" uspid="2096" ordinal="0" offset="0" sl="65" sc="66" el="65" ec="70" bec="0" bev="0" fileid="51" />
              </SequencePoints>
              <BranchPoints />
              <MethodPoint xsi:type="SequencePoint" vc="0" uspid="2096" ordinal="0" offset="0" sl="65" sc="66" el="65" ec="70" bec="0" bev="0" fileid="51" />
            </Method>
            <Method visited="false" cyclomaticComplexity="1" nPathComplexity="0" sequenceCoverage="0" branchCoverage="0" isConstructor="false" isStatic="false" isGetter="false" isSetter="false">
              <Summary numSequencePoints="1" visitedSequencePoints="0" numBranchPoints="1" visitedBranchPoints="0" sequenceCoverage="0" branchCoverage="0" maxCyclomaticComplexity="1" minCyclomaticComplexity="1" visitedClasses="0" numClasses="0" visitedMethods="0" numMethods="1" />
              <MetadataToken>100666840</MetadataToken>
              <Name>System.Guid SportsWeb.Services.Services.ServiceProviderService/&lt;&gt;c::&lt;AddServiceProvider&gt;b__4_4(SportsWeb.Models.SiteModel)</Name>
              <FileRef uid="51" />
              <SequencePoints>
                <SequencePoint vc="0" uspid="2097" ordinal="0" offset="0" sl="79" sc="67" el="79" ec="71" bec="0" bev="0" fileid="51" />
              </SequencePoints>
              <BranchPoints />
              <MethodPoint xsi:type="SequencePoint" vc="0" uspid="2097" ordinal="0" offset="0" sl="79" sc="67" el="79" ec="71" bec="0" bev="0" fileid="51" />
            </Method>
            <Method visited="false" cyclomaticComplexity="1" nPathComplexity="0" sequenceCoverage="0" branchCoverage="0" isConstructor="false" isStatic="false" isGetter="false" isSetter="false">
              <Summary numSequencePoints="1" visitedSequencePoints="0" numBranchPoints="1" visitedBranchPoints="0" sequenceCoverage="0" branchCoverage="0" maxCyclomaticComplexity="1" minCyclomaticComplexity="1" visitedClasses="0" numClasses="0" visitedMethods="0" numMethods="1" />
              <MetadataToken>100666841</MetadataToken>
              <Name>System.Guid SportsWeb.Services.Services.ServiceProviderService/&lt;&gt;c::&lt;UpdateServiceProvider&gt;b__9_1(SportsWeb.Models.SiteModel)</Name>
              <FileRef uid="51" />
              <SequencePoints>
                <SequencePoint vc="0" uspid="2098" ordinal="0" offset="0" sl="214" sc="70" el="214" ec="74" bec="0" bev="0" fileid="51" />
              </SequencePoints>
              <BranchPoints />
              <MethodPoint xsi:type="SequencePoint" vc="0" uspid="2098" ordinal="0" offset="0" sl="214" sc="70" el="214" ec="74" bec="0" bev="0" fileid="51" />
            </Method>
            <Method visited="false" cyclomaticComplexity="1" nPathComplexity="0" sequenceCoverage="0" branchCoverage="0" isConstructor="false" isStatic="false" isGetter="false" isSetter="false">
              <Summary numSequencePoints="1" visitedSequencePoints="0" numBranchPoints="1" visitedBranchPoints="0" sequenceCoverage="0" branchCoverage="0" maxCyclomaticComplexity="1" minCyclomaticComplexity="1" visitedClasses="0" numClasses="0" visitedMethods="0" numMethods="1" />
              <MetadataToken>100666842</MetadataToken>
              <Name>System.Guid SportsWeb.Services.Services.ServiceProviderService/&lt;&gt;c::&lt;UpdateServiceProvider&gt;b__9_2(SportsWeb.Models.SiteModel)</Name>
              <FileRef uid="51" />
              <SequencePoints>
                <SequencePoint vc="0" uspid="2099" ordinal="0" offset="0" sl="215" sc="76" el="215" ec="80" bec="0" bev="0" fileid="51" />
              </SequencePoints>
              <BranchPoints />
              <MethodPoint xsi:type="SequencePoint" vc="0" uspid="2099" ordinal="0" offset="0" sl="215" sc="76" el="215" ec="80" bec="0" bev="0" fileid="51" />
            </Method>
          </Methods>
        </Class>
        <Class>
          <Summary numSequencePoints="0" visitedSequencePoints="0" numBranchPoints="0" visitedBranchPoints="0" sequenceCoverage="0" branchCoverage="0" maxCyclomaticComplexity="1" minCyclomaticComplexity="1" visitedClasses="0" numClasses="0" visitedMethods="0" numMethods="0" />
          <FullName>SportsWeb.Services.Services.ServiceProviderService/&lt;&gt;c__DisplayClass9_0</FullName>
          <Methods>
            <Method visited="false" cyclomaticComplexity="1" nPathComplexity="0" sequenceCoverage="0" branchCoverage="0" isConstructor="true" isStatic="false" isGetter="false" isSetter="false">
              <Summary numSequencePoints="0" visitedSequencePoints="0" numBranchPoints="0" visitedBranchPoints="0" sequenceCoverage="0" branchCoverage="0" maxCyclomaticComplexity="1" minCyclomaticComplexity="1" visitedClasses="0" numClasses="0" visitedMethods="0" numMethods="0" />
              <MetadataToken>100666843</MetadataToken>
              <Name>System.Void SportsWeb.Services.Services.ServiceProviderService/&lt;&gt;c__DisplayClass9_0::.ctor()</Name>
              <SequencePoints />
              <BranchPoints />
              <MethodPoint vc="0" uspid="2100" ordinal="0" offset="0" />
            </Method>
          </Methods>
        </Class>
        <Class>
          <Summary numSequencePoints="189" visitedSequencePoints="162" numBranchPoints="47" visitedBranchPoints="38" sequenceCoverage="85.71" branchCoverage="80.85" maxCyclomaticComplexity="10" minCyclomaticComplexity="1" visitedClasses="1" numClasses="1" visitedMethods="13" numMethods="13" />
          <FullName>SportsWeb.Services.Services.InstallerCircuitService</FullName>
          <Methods>
            <Method visited="true" cyclomaticComplexity="1" nPathComplexity="0" sequenceCoverage="100" branchCoverage="100" isConstructor="true" isStatic="false" isGetter="false" isSetter="false">
              <Summary numSequencePoints="4" visitedSequencePoints="4" numBranchPoints="1" visitedBranchPoints="1" sequenceCoverage="100" branchCoverage="100" maxCyclomaticComplexity="1" minCyclomaticComplexity="1" visitedClasses="0" numClasses="0" visitedMethods="1" numMethods="1" />
              <MetadataToken>100663653</MetadataToken>
              <Name>System.Void SportsWeb.Services.Services.InstallerCircuitService::.ctor()</Name>
              <FileRef uid="53" />
              <SequencePoints>
                <SequencePoint vc="33" uspid="2101" ordinal="0" offset="0" sl="28" sc="9" el="28" ec="41" bec="0" bev="0" fileid="53" />
                <SequencePoint vc="33" uspid="2102" ordinal="1" offset="7" sl="29" sc="9" el="29" ec="10" bec="0" bev="0" fileid="53" />
                <SequencePoint vc="33" uspid="2103" ordinal="2" offset="8" sl="30" sc="13" el="30" ec="68" bec="0" bev="0" fileid="53" />
                <SequencePoint vc="33" uspid="2104" ordinal="3" offset="29" sl="31" sc="9" el="31" ec="10" bec="0" bev="0" fileid="53" />
              </SequencePoints>
              <BranchPoints />
              <MethodPoint xsi:type="SequencePoint" vc="33" uspid="2101" ordinal="0" offset="0" sl="28" sc="9" el="28" ec="41" bec="0" bev="0" fileid="53" />
            </Method>
            <Method visited="true" cyclomaticComplexity="2" nPathComplexity="2" sequenceCoverage="100" branchCoverage="100" isConstructor="false" isStatic="false" isGetter="false" isSetter="false">
              <Summary numSequencePoints="11" visitedSequencePoints="11" numBranchPoints="3" visitedBranchPoints="3" sequenceCoverage="100" branchCoverage="100" maxCyclomaticComplexity="2" minCyclomaticComplexity="2" visitedClasses="0" numClasses="0" visitedMethods="1" numMethods="1" />
              <MetadataToken>100663654</MetadataToken>
              <Name>SportsWeb.Models.AcdResponse SportsWeb.Services.Services.InstallerCircuitService::InitiateAutoCircuitDetection(SportsWeb.Models.CPUModel)</Name>
              <FileRef uid="53" />
              <SequencePoints>
                <SequencePoint vc="3" uspid="2105" ordinal="0" offset="0" sl="33" sc="9" el="33" ec="10" bec="0" bev="0" fileid="53" />
                <SequencePoint vc="3" uspid="2106" ordinal="1" offset="1" sl="35" sc="13" el="35" ec="14" bec="0" bev="0" fileid="53" />
                <SequencePoint vc="3" uspid="2107" ordinal="2" offset="2" sl="37" sc="17" el="38" ec="71" bec="2" bev="2" fileid="53" />
                <SequencePoint vc="2" uspid="2108" ordinal="3" offset="26" sl="39" sc="17" el="39" ec="18" bec="0" bev="0" fileid="53" />
                <SequencePoint vc="2" uspid="2109" ordinal="4" offset="27" sl="40" sc="21" el="40" ec="72" bec="0" bev="0" fileid="53" />
                <SequencePoint vc="1" uspid="2110" ordinal="5" offset="42" sl="43" sc="17" el="43" ec="29" bec="0" bev="0" fileid="53" />
                <SequencePoint vc="1" uspid="2111" ordinal="6" offset="46" sl="46" sc="13" el="46" ec="33" bec="0" bev="0" fileid="53" />
                <SequencePoint vc="1" uspid="2112" ordinal="7" offset="47" sl="47" sc="13" el="47" ec="14" bec="0" bev="0" fileid="53" />
                <SequencePoint vc="1" uspid="2113" ordinal="8" offset="48" sl="48" sc="17" el="48" ec="120" bec="0" bev="0" fileid="53" />
                <SequencePoint vc="1" uspid="2114" ordinal="9" offset="65" sl="49" sc="17" el="49" ec="23" bec="0" bev="0" fileid="53" />
                <SequencePoint vc="2" uspid="2115" ordinal="10" offset="67" sl="51" sc="9" el="51" ec="10" bec="0" bev="0" fileid="53" />
              </SequencePoints>
              <BranchPoints>
                <BranchPoint vc="2" uspid="2116" ordinal="0" offset="24" sl="37" path="0" offsetend="26" fileid="53" />
                <BranchPoint vc="1" uspid="2117" ordinal="1" offset="24" sl="37" path="1" offsetend="42" fileid="53" />
              </BranchPoints>
              <MethodPoint xsi:type="SequencePoint" vc="3" uspid="2105" ordinal="0" offset="0" sl="33" sc="9" el="33" ec="10" bec="0" bev="0" fileid="53" />
            </Method>
            <Method visited="true" cyclomaticComplexity="2" nPathComplexity="2" sequenceCoverage="100" branchCoverage="100" isConstructor="false" isStatic="false" isGetter="false" isSetter="false">
              <Summary numSequencePoints="11" visitedSequencePoints="11" numBranchPoints="3" visitedBranchPoints="3" sequenceCoverage="100" branchCoverage="100" maxCyclomaticComplexity="2" minCyclomaticComplexity="2" visitedClasses="0" numClasses="0" visitedMethods="1" numMethods="1" />
              <MetadataToken>100663655</MetadataToken>
              <Name>System.Collections.Generic.IList`1&lt;SportsWeb.Models.CircuitModel&gt; SportsWeb.Services.Services.InstallerCircuitService::GetDetectedCircuits(SportsWeb.Models.CPUModel)</Name>
              <FileRef uid="53" />
              <SequencePoints>
                <SequencePoint vc="3" uspid="2118" ordinal="0" offset="0" sl="54" sc="9" el="54" ec="10" bec="0" bev="0" fileid="53" />
                <SequencePoint vc="3" uspid="2119" ordinal="1" offset="1" sl="56" sc="13" el="56" ec="14" bec="0" bev="0" fileid="53" />
                <SequencePoint vc="3" uspid="2120" ordinal="2" offset="2" sl="58" sc="17" el="59" ec="62" bec="2" bev="2" fileid="53" />
                <SequencePoint vc="2" uspid="2121" ordinal="3" offset="26" sl="60" sc="17" el="60" ec="18" bec="0" bev="0" fileid="53" />
                <SequencePoint vc="2" uspid="2122" ordinal="4" offset="27" sl="61" sc="21" el="61" ec="63" bec="0" bev="0" fileid="53" />
                <SequencePoint vc="1" uspid="2123" ordinal="5" offset="42" sl="63" sc="17" el="63" ec="49" bec="0" bev="0" fileid="53" />
                <SequencePoint vc="1" uspid="2124" ordinal="6" offset="50" sl="65" sc="13" el="65" ec="33" bec="0" bev="0" fileid="53" />
                <SequencePoint vc="1" uspid="2125" ordinal="7" offset="51" sl="66" sc="13" el="66" ec="14" bec="0" bev="0" fileid="53" />
                <SequencePoint vc="1" uspid="2126" ordinal="8" offset="52" sl="67" sc="17" el="67" ec="111" bec="0" bev="0" fileid="53" />
                <SequencePoint vc="1" uspid="2127" ordinal="9" offset="69" sl="68" sc="17" el="68" ec="23" bec="0" bev="0" fileid="53" />
                <SequencePoint vc="2" uspid="2128" ordinal="10" offset="71" sl="70" sc="9" el="70" ec="10" bec="0" bev="0" fileid="53" />
              </SequencePoints>
              <BranchPoints>
                <BranchPoint vc="2" uspid="2129" ordinal="0" offset="24" sl="58" path="0" offsetend="26" fileid="53" />
                <BranchPoint vc="1" uspid="2130" ordinal="1" offset="24" sl="58" path="1" offsetend="42" fileid="53" />
              </BranchPoints>
              <MethodPoint xsi:type="SequencePoint" vc="3" uspid="2118" ordinal="0" offset="0" sl="54" sc="9" el="54" ec="10" bec="0" bev="0" fileid="53" />
            </Method>
            <Method visited="true" cyclomaticComplexity="2" nPathComplexity="2" sequenceCoverage="100" branchCoverage="100" isConstructor="false" isStatic="false" isGetter="false" isSetter="false">
              <Summary numSequencePoints="11" visitedSequencePoints="11" numBranchPoints="3" visitedBranchPoints="3" sequenceCoverage="100" branchCoverage="100" maxCyclomaticComplexity="2" minCyclomaticComplexity="2" visitedClasses="0" numClasses="0" visitedMethods="1" numMethods="1" />
              <MetadataToken>100663656</MetadataToken>
              <Name>System.Int32 SportsWeb.Services.Services.InstallerCircuitService::GetAutoCircuitDetectionProgress(SportsWeb.Models.AcdProgressRequest)</Name>
              <FileRef uid="53" />
              <SequencePoints>
                <SequencePoint vc="3" uspid="2131" ordinal="0" offset="0" sl="73" sc="9" el="73" ec="10" bec="0" bev="0" fileid="53" />
                <SequencePoint vc="3" uspid="2132" ordinal="1" offset="1" sl="75" sc="13" el="75" ec="14" bec="0" bev="0" fileid="53" />
                <SequencePoint vc="3" uspid="2133" ordinal="2" offset="2" sl="76" sc="17" el="77" ec="70" bec="2" bev="2" fileid="53" />
                <SequencePoint vc="2" uspid="2134" ordinal="3" offset="26" sl="78" sc="17" el="78" ec="18" bec="0" bev="0" fileid="53" />
                <SequencePoint vc="2" uspid="2135" ordinal="4" offset="27" sl="79" sc="21" el="79" ec="75" bec="0" bev="0" fileid="53" />
                <SequencePoint vc="1" uspid="2136" ordinal="5" offset="42" sl="82" sc="17" el="82" ec="26" bec="0" bev="0" fileid="53" />
                <SequencePoint vc="1" uspid="2137" ordinal="6" offset="46" sl="84" sc="13" el="84" ec="33" bec="0" bev="0" fileid="53" />
                <SequencePoint vc="1" uspid="2138" ordinal="7" offset="47" sl="85" sc="13" el="85" ec="14" bec="0" bev="0" fileid="53" />
                <SequencePoint vc="1" uspid="2139" ordinal="8" offset="48" sl="86" sc="17" el="86" ec="123" bec="0" bev="0" fileid="53" />
                <SequencePoint vc="1" uspid="2140" ordinal="9" offset="65" sl="87" sc="17" el="87" ec="23" bec="0" bev="0" fileid="53" />
                <SequencePoint vc="2" uspid="2141" ordinal="10" offset="67" sl="89" sc="9" el="89" ec="10" bec="0" bev="0" fileid="53" />
              </SequencePoints>
              <BranchPoints>
                <BranchPoint vc="2" uspid="2142" ordinal="0" offset="24" sl="76" path="0" offsetend="26" fileid="53" />
                <BranchPoint vc="1" uspid="2143" ordinal="1" offset="24" sl="76" path="1" offsetend="42" fileid="53" />
              </BranchPoints>
              <MethodPoint xsi:type="SequencePoint" vc="3" uspid="2131" ordinal="0" offset="0" sl="73" sc="9" el="73" ec="10" bec="0" bev="0" fileid="53" />
            </Method>
            <Method visited="true" cyclomaticComplexity="2" nPathComplexity="2" sequenceCoverage="100" branchCoverage="100" isConstructor="false" isStatic="false" isGetter="false" isSetter="false">
              <Summary numSequencePoints="11" visitedSequencePoints="11" numBranchPoints="3" visitedBranchPoints="3" sequenceCoverage="100" branchCoverage="100" maxCyclomaticComplexity="2" minCyclomaticComplexity="2" visitedClasses="0" numClasses="0" visitedMethods="1" numMethods="1" />
              <MetadataToken>100663657</MetadataToken>
              <Name>SportsWeb.Models.ACDStatus SportsWeb.Services.Services.InstallerCircuitService::AbortAutoCircuitDetection(SportsWeb.Models.CPUModel)</Name>
              <FileRef uid="53" />
              <SequencePoints>
                <SequencePoint vc="3" uspid="2144" ordinal="0" offset="0" sl="92" sc="9" el="92" ec="10" bec="0" bev="0" fileid="53" />
                <SequencePoint vc="3" uspid="2145" ordinal="1" offset="1" sl="94" sc="13" el="94" ec="14" bec="0" bev="0" fileid="53" />
                <SequencePoint vc="3" uspid="2146" ordinal="2" offset="2" sl="96" sc="17" el="97" ec="68" bec="2" bev="2" fileid="53" />
                <SequencePoint vc="2" uspid="2147" ordinal="3" offset="26" sl="98" sc="17" el="98" ec="18" bec="0" bev="0" fileid="53" />
                <SequencePoint vc="2" uspid="2148" ordinal="4" offset="27" sl="99" sc="21" el="99" ec="69" bec="0" bev="0" fileid="53" />
                <SequencePoint vc="1" uspid="2149" ordinal="5" offset="42" sl="103" sc="17" el="103" ec="26" bec="0" bev="0" fileid="53" />
                <SequencePoint vc="1" uspid="2150" ordinal="6" offset="46" sl="106" sc="13" el="106" ec="33" bec="0" bev="0" fileid="53" />
                <SequencePoint vc="1" uspid="2151" ordinal="7" offset="47" sl="107" sc="13" el="107" ec="14" bec="0" bev="0" fileid="53" />
                <SequencePoint vc="1" uspid="2152" ordinal="8" offset="48" sl="108" sc="17" el="108" ec="117" bec="0" bev="0" fileid="53" />
                <SequencePoint vc="1" uspid="2153" ordinal="9" offset="65" sl="109" sc="17" el="109" ec="23" bec="0" bev="0" fileid="53" />
                <SequencePoint vc="2" uspid="2154" ordinal="10" offset="67" sl="111" sc="9" el="111" ec="10" bec="0" bev="0" fileid="53" />
              </SequencePoints>
              <BranchPoints>
                <BranchPoint vc="2" uspid="2155" ordinal="0" offset="24" sl="96" path="0" offsetend="26" fileid="53" />
                <BranchPoint vc="1" uspid="2156" ordinal="1" offset="24" sl="96" path="1" offsetend="42" fileid="53" />
              </BranchPoints>
              <MethodPoint xsi:type="SequencePoint" vc="3" uspid="2144" ordinal="0" offset="0" sl="92" sc="9" el="92" ec="10" bec="0" bev="0" fileid="53" />
            </Method>
            <Method visited="true" cyclomaticComplexity="4" nPathComplexity="4" sequenceCoverage="87.5" branchCoverage="80" isConstructor="false" isStatic="false" isGetter="false" isSetter="false">
              <Summary numSequencePoints="24" visitedSequencePoints="21" numBranchPoints="5" visitedBranchPoints="4" sequenceCoverage="87.5" branchCoverage="80" maxCyclomaticComplexity="4" minCyclomaticComplexity="4" visitedClasses="0" numClasses="0" visitedMethods="1" numMethods="1" />
              <MetadataToken>100663658</MetadataToken>
              <Name>SportsWeb.Models.AcdResponse SportsWeb.Services.Services.InstallerCircuitService::VerifyCircuit(SportsWeb.Models.VerifyCircuitModel)</Name>
              <FileRef uid="53" />
              <SequencePoints>
                <SequencePoint vc="3" uspid="2157" ordinal="0" offset="13" sl="114" sc="9" el="114" ec="10" bec="0" bev="0" fileid="53" />
                <SequencePoint vc="3" uspid="2158" ordinal="1" offset="14" sl="116" sc="13" el="116" ec="14" bec="0" bev="0" fileid="53" />
                <SequencePoint vc="3" uspid="2159" ordinal="2" offset="15" sl="117" sc="17" el="118" ec="56" bec="2" bev="2" fileid="53" />
                <SequencePoint vc="2" uspid="2160" ordinal="3" offset="48" sl="119" sc="17" el="119" ec="18" bec="0" bev="0" fileid="53" />
                <SequencePoint vc="2" uspid="2161" ordinal="4" offset="49" sl="120" sc="21" el="126" ec="23" bec="0" bev="0" fileid="53" />
                <SequencePoint vc="2" uspid="2162" ordinal="5" offset="132" sl="128" sc="28" el="128" ec="55" bec="0" bev="0" fileid="53" />
                <SequencePoint vc="2" uspid="2163" ordinal="6" offset="139" sl="129" sc="21" el="129" ec="22" bec="0" bev="0" fileid="53" />
                <SequencePoint vc="2" uspid="2164" ordinal="7" offset="140" sl="130" sc="25" el="130" ec="95" bec="0" bev="0" fileid="53" />
                <SequencePoint vc="2" uspid="2165" ordinal="8" offset="148" sl="131" sc="25" el="131" ec="144" bec="0" bev="0" fileid="53" />
                <SequencePoint vc="2" uspid="2166" ordinal="9" offset="392" sl="133" sc="25" el="133" ec="83" bec="2" bev="1" fileid="53" />
                <SequencePoint vc="2" uspid="2167" ordinal="10" offset="408" sl="134" sc="25" el="134" ec="26" bec="0" bev="0" fileid="53" />
                <SequencePoint vc="2" uspid="2168" ordinal="11" offset="409" sl="137" sc="29" el="139" ec="85" bec="0" bev="0" fileid="53" />
                <SequencePoint vc="2" uspid="2169" ordinal="12" offset="445" sl="141" sc="25" el="141" ec="26" bec="0" bev="0" fileid="53" />
                <SequencePoint vc="0" uspid="2170" ordinal="13" offset="448" sl="143" sc="25" el="143" ec="26" bec="0" bev="0" fileid="53" />
                <SequencePoint vc="0" uspid="2171" ordinal="14" offset="449" sl="145" sc="29" el="147" ec="63" bec="0" bev="0" fileid="53" />
                <SequencePoint vc="0" uspid="2172" ordinal="15" offset="485" sl="148" sc="25" el="148" ec="26" bec="0" bev="0" fileid="53" />
                <SequencePoint vc="2" uspid="2173" ordinal="16" offset="486" sl="150" sc="21" el="150" ec="22" bec="0" bev="0" fileid="53" />
                <SequencePoint vc="2" uspid="2174" ordinal="17" offset="500" sl="152" sc="21" el="152" ec="70" bec="0" bev="0" fileid="53" />
                <SequencePoint vc="1" uspid="2175" ordinal="18" offset="521" sl="155" sc="17" el="155" ec="29" bec="0" bev="0" fileid="53" />
                <SequencePoint vc="1" uspid="2176" ordinal="19" offset="526" sl="157" sc="13" el="157" ec="33" bec="0" bev="0" fileid="53" />
                <SequencePoint vc="1" uspid="2177" ordinal="20" offset="528" sl="158" sc="13" el="158" ec="14" bec="0" bev="0" fileid="53" />
                <SequencePoint vc="1" uspid="2178" ordinal="21" offset="529" sl="159" sc="17" el="159" ec="105" bec="0" bev="0" fileid="53" />
                <SequencePoint vc="1" uspid="2179" ordinal="22" offset="547" sl="160" sc="17" el="160" ec="23" bec="0" bev="0" fileid="53" />
                <SequencePoint vc="2" uspid="2180" ordinal="23" offset="549" sl="162" sc="9" el="162" ec="10" bec="0" bev="0" fileid="53" />
              </SequencePoints>
              <BranchPoints>
                <BranchPoint vc="2" uspid="2181" ordinal="0" offset="37" sl="117" path="0" offsetend="42" fileid="53" />
                <BranchPoint vc="1" uspid="2182" ordinal="1" offset="37" sl="117" path="1" offsetend="521" fileid="53" />
                <BranchPoint vc="2" uspid="2183" ordinal="2" offset="406" sl="133" path="0" offsetend="408" fileid="53" />
                <BranchPoint vc="0" uspid="2184" ordinal="3" offset="406" sl="133" path="1" offsetend="448" fileid="53" />
              </BranchPoints>
              <MethodPoint vc="3" uspid="2185" ordinal="0" offset="0" />
            </Method>
            <Method visited="true" cyclomaticComplexity="2" nPathComplexity="2" sequenceCoverage="100" branchCoverage="100" isConstructor="false" isStatic="false" isGetter="false" isSetter="false">
              <Summary numSequencePoints="11" visitedSequencePoints="11" numBranchPoints="3" visitedBranchPoints="3" sequenceCoverage="100" branchCoverage="100" maxCyclomaticComplexity="2" minCyclomaticComplexity="2" visitedClasses="0" numClasses="0" visitedMethods="1" numMethods="1" />
              <MetadataToken>100663659</MetadataToken>
              <Name>SportsWeb.Models.ACDStatus SportsWeb.Services.Services.InstallerCircuitService::VerifyCircuitStatus(SportsWeb.Models.VerifyCircuitModel)</Name>
              <FileRef uid="53" />
              <SequencePoints>
                <SequencePoint vc="3" uspid="2186" ordinal="0" offset="0" sl="165" sc="9" el="165" ec="10" bec="0" bev="0" fileid="53" />
                <SequencePoint vc="3" uspid="2187" ordinal="1" offset="1" sl="167" sc="13" el="167" ec="14" bec="0" bev="0" fileid="53" />
                <SequencePoint vc="3" uspid="2188" ordinal="2" offset="2" sl="168" sc="17" el="169" ec="62" bec="2" bev="2" fileid="53" />
                <SequencePoint vc="2" uspid="2189" ordinal="3" offset="26" sl="170" sc="17" el="170" ec="18" bec="0" bev="0" fileid="53" />
                <SequencePoint vc="2" uspid="2190" ordinal="4" offset="27" sl="171" sc="21" el="171" ec="63" bec="0" bev="0" fileid="53" />
                <SequencePoint vc="1" uspid="2191" ordinal="5" offset="42" sl="174" sc="17" el="174" ec="47" bec="0" bev="0" fileid="53" />
                <SequencePoint vc="1" uspid="2192" ordinal="6" offset="46" sl="176" sc="13" el="176" ec="33" bec="0" bev="0" fileid="53" />
                <SequencePoint vc="1" uspid="2193" ordinal="7" offset="47" sl="177" sc="13" el="177" ec="14" bec="0" bev="0" fileid="53" />
                <SequencePoint vc="1" uspid="2194" ordinal="8" offset="48" sl="178" sc="17" el="178" ec="111" bec="0" bev="0" fileid="53" />
                <SequencePoint vc="1" uspid="2195" ordinal="9" offset="65" sl="179" sc="17" el="179" ec="23" bec="0" bev="0" fileid="53" />
                <SequencePoint vc="2" uspid="2196" ordinal="10" offset="67" sl="181" sc="9" el="181" ec="10" bec="0" bev="0" fileid="53" />
              </SequencePoints>
              <BranchPoints>
                <BranchPoint vc="2" uspid="2197" ordinal="0" offset="24" sl="168" path="0" offsetend="26" fileid="53" />
                <BranchPoint vc="1" uspid="2198" ordinal="1" offset="24" sl="168" path="1" offsetend="42" fileid="53" />
              </BranchPoints>
              <MethodPoint xsi:type="SequencePoint" vc="3" uspid="2186" ordinal="0" offset="0" sl="165" sc="9" el="165" ec="10" bec="0" bev="0" fileid="53" />
            </Method>
            <Method visited="true" cyclomaticComplexity="2" nPathComplexity="2" sequenceCoverage="100" branchCoverage="100" isConstructor="false" isStatic="false" isGetter="false" isSetter="false">
              <Summary numSequencePoints="11" visitedSequencePoints="11" numBranchPoints="3" visitedBranchPoints="3" sequenceCoverage="100" branchCoverage="100" maxCyclomaticComplexity="2" minCyclomaticComplexity="2" visitedClasses="0" numClasses="0" visitedMethods="1" numMethods="1" />
              <MetadataToken>100663660</MetadataToken>
              <Name>SportsWeb.Models.RenameCircuitStatus SportsWeb.Services.Services.InstallerCircuitService::RenameCircuit(SportsWeb.Models.RenameCircuitModel)</Name>
              <FileRef uid="53" />
              <SequencePoints>
                <SequencePoint vc="3" uspid="2199" ordinal="0" offset="0" sl="184" sc="9" el="184" ec="10" bec="0" bev="0" fileid="53" />
                <SequencePoint vc="3" uspid="2200" ordinal="1" offset="1" sl="186" sc="13" el="186" ec="14" bec="0" bev="0" fileid="53" />
                <SequencePoint vc="3" uspid="2201" ordinal="2" offset="2" sl="187" sc="17" el="188" ec="56" bec="2" bev="2" fileid="53" />
                <SequencePoint vc="2" uspid="2202" ordinal="3" offset="26" sl="189" sc="17" el="189" ec="18" bec="0" bev="0" fileid="53" />
                <SequencePoint vc="2" uspid="2203" ordinal="4" offset="27" sl="190" sc="21" el="190" ec="57" bec="0" bev="0" fileid="53" />
                <SequencePoint vc="1" uspid="2204" ordinal="5" offset="42" sl="193" sc="17" el="193" ec="26" bec="0" bev="0" fileid="53" />
                <SequencePoint vc="1" uspid="2205" ordinal="6" offset="46" sl="195" sc="13" el="195" ec="33" bec="0" bev="0" fileid="53" />
                <SequencePoint vc="1" uspid="2206" ordinal="7" offset="47" sl="196" sc="13" el="196" ec="14" bec="0" bev="0" fileid="53" />
                <SequencePoint vc="1" uspid="2207" ordinal="8" offset="48" sl="197" sc="17" el="197" ec="105" bec="0" bev="0" fileid="53" />
                <SequencePoint vc="1" uspid="2208" ordinal="9" offset="65" sl="198" sc="17" el="198" ec="23" bec="0" bev="0" fileid="53" />
                <SequencePoint vc="2" uspid="2209" ordinal="10" offset="67" sl="200" sc="9" el="200" ec="10" bec="0" bev="0" fileid="53" />
              </SequencePoints>
              <BranchPoints>
                <BranchPoint vc="2" uspid="2210" ordinal="0" offset="24" sl="187" path="0" offsetend="26" fileid="53" />
                <BranchPoint vc="1" uspid="2211" ordinal="1" offset="24" sl="187" path="1" offsetend="42" fileid="53" />
              </BranchPoints>
              <MethodPoint xsi:type="SequencePoint" vc="3" uspid="2199" ordinal="0" offset="0" sl="184" sc="9" el="184" ec="10" bec="0" bev="0" fileid="53" />
            </Method>
            <Method visited="true" cyclomaticComplexity="10" nPathComplexity="16" sequenceCoverage="46.43" branchCoverage="44.44" isConstructor="false" isStatic="false" isGetter="false" isSetter="false">
              <Summary numSequencePoints="28" visitedSequencePoints="13" numBranchPoints="9" visitedBranchPoints="4" sequenceCoverage="46.43" branchCoverage="44.44" maxCyclomaticComplexity="10" minCyclomaticComplexity="10" visitedClasses="0" numClasses="0" visitedMethods="1" numMethods="1" />
              <MetadataToken>100663661</MetadataToken>
              <Name>System.Int32 SportsWeb.Services.Services.InstallerCircuitService::AttachCircuitsToField(SportsWeb.Models.CircuitsToFieldModel)</Name>
              <FileRef uid="53" />
              <SequencePoints>
                <SequencePoint vc="3" uspid="2212" ordinal="0" offset="0" sl="204" sc="9" el="204" ec="10" bec="0" bev="0" fileid="53" />
                <SequencePoint vc="3" uspid="2213" ordinal="1" offset="1" sl="206" sc="13" el="206" ec="14" bec="0" bev="0" fileid="53" />
                <SequencePoint vc="3" uspid="2214" ordinal="2" offset="2" sl="207" sc="17" el="208" ec="64" bec="2" bev="2" fileid="53" />
                <SequencePoint vc="2" uspid="2215" ordinal="3" offset="29" sl="209" sc="17" el="209" ec="18" bec="0" bev="0" fileid="53" />
                <SequencePoint vc="2" uspid="2216" ordinal="4" offset="30" sl="210" sc="21" el="212" ec="73" bec="2" bev="1" fileid="53" />
                <SequencePoint vc="0" uspid="2217" ordinal="5" offset="79" sl="213" sc="21" el="213" ec="22" bec="0" bev="0" fileid="53" />
                <SequencePoint vc="0" uspid="2218" ordinal="6" offset="80" sl="214" sc="25" el="214" ec="100" bec="2" bev="0" fileid="53" />
                <SequencePoint vc="0" uspid="2219" ordinal="7" offset="126" sl="215" sc="25" el="215" ec="26" bec="0" bev="0" fileid="53" />
                <SequencePoint vc="0" uspid="2220" ordinal="8" offset="127" sl="216" sc="29" el="216" ec="58" bec="0" bev="0" fileid="53" />
                <SequencePoint vc="0" uspid="2221" ordinal="9" offset="134" sl="217" sc="29" el="217" ec="121" bec="0" bev="0" fileid="53" />
                <SequencePoint vc="0" uspid="2222" ordinal="10" offset="177" sl="218" sc="29" el="218" ec="69" bec="0" bev="0" fileid="53" />
                <SequencePoint vc="0" uspid="2223" ordinal="11" offset="190" sl="219" sc="25" el="219" ec="26" bec="0" bev="0" fileid="53" />
                <SequencePoint vc="0" uspid="2224" ordinal="12" offset="191" sl="221" sc="25" el="221" ec="101" bec="2" bev="0" fileid="53" />
                <SequencePoint vc="0" uspid="2225" ordinal="13" offset="239" sl="222" sc="25" el="222" ec="26" bec="0" bev="0" fileid="53" />
                <SequencePoint vc="0" uspid="2226" ordinal="14" offset="240" sl="223" sc="29" el="223" ec="60" bec="0" bev="0" fileid="53" />
                <SequencePoint vc="0" uspid="2227" ordinal="15" offset="248" sl="224" sc="29" el="224" ec="124" bec="0" bev="0" fileid="53" />
                <SequencePoint vc="0" uspid="2228" ordinal="16" offset="292" sl="225" sc="29" el="225" ec="71" bec="0" bev="0" fileid="53" />
                <SequencePoint vc="0" uspid="2229" ordinal="17" offset="306" sl="226" sc="25" el="226" ec="26" bec="0" bev="0" fileid="53" />
                <SequencePoint vc="0" uspid="2230" ordinal="18" offset="307" sl="227" sc="21" el="227" ec="22" bec="0" bev="0" fileid="53" />
                <SequencePoint vc="2" uspid="2231" ordinal="19" offset="310" sl="229" sc="21" el="229" ec="22" bec="0" bev="0" fileid="53" />
                <SequencePoint vc="2" uspid="2232" ordinal="20" offset="311" sl="230" sc="25" el="230" ec="69" bec="0" bev="0" fileid="53" />
                <SequencePoint vc="0" uspid="2233" ordinal="21" offset="327" sl="233" sc="17" el="233" ec="18" bec="0" bev="0" fileid="53" />
                <SequencePoint vc="1" uspid="2234" ordinal="22" offset="328" sl="235" sc="17" el="235" ec="26" bec="0" bev="0" fileid="53" />
                <SequencePoint vc="1" uspid="2235" ordinal="23" offset="333" sl="237" sc="13" el="237" ec="33" bec="0" bev="0" fileid="53" />
                <SequencePoint vc="1" uspid="2236" ordinal="24" offset="335" sl="238" sc="13" el="238" ec="14" bec="0" bev="0" fileid="53" />
                <SequencePoint vc="1" uspid="2237" ordinal="25" offset="336" sl="239" sc="17" el="239" ec="113" bec="0" bev="0" fileid="53" />
                <SequencePoint vc="1" uspid="2238" ordinal="26" offset="354" sl="240" sc="17" el="240" ec="23" bec="0" bev="0" fileid="53" />
                <SequencePoint vc="2" uspid="2239" ordinal="27" offset="356" sl="242" sc="9" el="242" ec="10" bec="0" bev="0" fileid="53" />
              </SequencePoints>
              <BranchPoints>
                <BranchPoint vc="2" uspid="2240" ordinal="0" offset="24" sl="207" path="0" offsetend="29" fileid="53" />
                <BranchPoint vc="1" uspid="2241" ordinal="1" offset="24" sl="207" path="1" offsetend="328" fileid="53" />
                <BranchPoint vc="0" uspid="2244" ordinal="4" offset="74" sl="210" path="0" offsetend="79" fileid="53" />
                <BranchPoint vc="2" uspid="2245" ordinal="5" offset="74" sl="210" path="1" offsetend="310" fileid="53" />
                <BranchPoint vc="0" uspid="2248" ordinal="8" offset="124" sl="214" path="0" offsetend="126" fileid="53" />
                <BranchPoint vc="0" uspid="2249" ordinal="9" offset="124" sl="214" path="1" offsetend="191" fileid="53" />
                <BranchPoint vc="0" uspid="2254" ordinal="14" offset="237" sl="221" path="0" offsetend="239" fileid="53" />
                <BranchPoint vc="0" uspid="2255" ordinal="15" offset="237" sl="221" path="1" offsetend="307" fileid="53" />
              </BranchPoints>
              <MethodPoint xsi:type="SequencePoint" vc="3" uspid="2212" ordinal="0" offset="0" sl="204" sc="9" el="204" ec="10" bec="0" bev="0" fileid="53" />
            </Method>
            <Method visited="true" cyclomaticComplexity="2" nPathComplexity="2" sequenceCoverage="100" branchCoverage="100" isConstructor="false" isStatic="false" isGetter="false" isSetter="false">
              <Summary numSequencePoints="11" visitedSequencePoints="11" numBranchPoints="3" visitedBranchPoints="3" sequenceCoverage="100" branchCoverage="100" maxCyclomaticComplexity="2" minCyclomaticComplexity="2" visitedClasses="0" numClasses="0" visitedMethods="1" numMethods="1" />
              <MetadataToken>100663662</MetadataToken>
              <Name>System.Int32 SportsWeb.Services.Services.InstallerCircuitService::DetachCircuitFromField(SportsWeb.Models.CircuitsToFieldModel)</Name>
              <FileRef uid="53" />
              <SequencePoints>
                <SequencePoint vc="3" uspid="2258" ordinal="0" offset="0" sl="323" sc="9" el="323" ec="10" bec="0" bev="0" fileid="53" />
                <SequencePoint vc="3" uspid="2259" ordinal="1" offset="1" sl="325" sc="13" el="325" ec="14" bec="0" bev="0" fileid="53" />
                <SequencePoint vc="3" uspid="2260" ordinal="2" offset="2" sl="326" sc="17" el="327" ec="64" bec="2" bev="2" fileid="53" />
                <SequencePoint vc="2" uspid="2261" ordinal="3" offset="26" sl="328" sc="17" el="328" ec="18" bec="0" bev="0" fileid="53" />
                <SequencePoint vc="2" uspid="2262" ordinal="4" offset="27" sl="329" sc="21" el="329" ec="67" bec="0" bev="0" fileid="53" />
                <SequencePoint vc="1" uspid="2263" ordinal="5" offset="42" sl="333" sc="17" el="333" ec="26" bec="0" bev="0" fileid="53" />
                <SequencePoint vc="1" uspid="2264" ordinal="6" offset="46" sl="335" sc="13" el="335" ec="33" bec="0" bev="0" fileid="53" />
                <SequencePoint vc="1" uspid="2265" ordinal="7" offset="47" sl="336" sc="13" el="336" ec="14" bec="0" bev="0" fileid="53" />
                <SequencePoint vc="1" uspid="2266" ordinal="8" offset="48" sl="337" sc="17" el="337" ec="113" bec="0" bev="0" fileid="53" />
                <SequencePoint vc="1" uspid="2267" ordinal="9" offset="65" sl="338" sc="17" el="338" ec="23" bec="0" bev="0" fileid="53" />
                <SequencePoint vc="2" uspid="2268" ordinal="10" offset="67" sl="340" sc="9" el="340" ec="10" bec="0" bev="0" fileid="53" />
              </SequencePoints>
              <BranchPoints>
                <BranchPoint vc="2" uspid="2269" ordinal="0" offset="24" sl="326" path="0" offsetend="26" fileid="53" />
                <BranchPoint vc="1" uspid="2270" ordinal="1" offset="24" sl="326" path="1" offsetend="42" fileid="53" />
              </BranchPoints>
              <MethodPoint xsi:type="SequencePoint" vc="3" uspid="2258" ordinal="0" offset="0" sl="323" sc="9" el="323" ec="10" bec="0" bev="0" fileid="53" />
            </Method>
            <Method visited="true" cyclomaticComplexity="6" nPathComplexity="8" sequenceCoverage="79.55" branchCoverage="57.14" isConstructor="false" isStatic="false" isGetter="false" isSetter="false">
              <Summary numSequencePoints="44" visitedSequencePoints="35" numBranchPoints="7" visitedBranchPoints="4" sequenceCoverage="79.55" branchCoverage="57.14" maxCyclomaticComplexity="6" minCyclomaticComplexity="6" visitedClasses="0" numClasses="0" visitedMethods="1" numMethods="1" />
              <MetadataToken>100663663</MetadataToken>
              <Name>SportsWeb.Models.AllAssociatedCircuitsOfSiteModel SportsWeb.Services.Services.InstallerCircuitService::GetAssociatedCircuitsToControllerForField(System.Guid)</Name>
              <FileRef uid="53" />
              <SequencePoints>
                <SequencePoint vc="3" uspid="2271" ordinal="0" offset="0" sl="343" sc="9" el="343" ec="10" bec="0" bev="0" fileid="53" />
                <SequencePoint vc="3" uspid="2272" ordinal="1" offset="1" sl="345" sc="13" el="345" ec="14" bec="0" bev="0" fileid="53" />
                <SequencePoint vc="3" uspid="2273" ordinal="2" offset="2" sl="346" sc="17" el="347" ec="68" bec="2" bev="2" fileid="53" />
                <SequencePoint vc="2" uspid="2274" ordinal="3" offset="29" sl="348" sc="17" el="348" ec="18" bec="0" bev="0" fileid="53" />
                <SequencePoint vc="2" uspid="2275" ordinal="4" offset="30" sl="349" sc="21" el="349" ec="87" bec="0" bev="0" fileid="53" />
                <SequencePoint vc="1" uspid="2276" ordinal="5" offset="43" sl="351" sc="21" el="351" ec="121" bec="0" bev="0" fileid="53" />
                <SequencePoint vc="1" uspid="2277" ordinal="6" offset="49" sl="352" sc="21" el="352" ec="28" bec="0" bev="0" fileid="53" />
                <SequencePoint vc="1" uspid="2278" ordinal="7" offset="50" sl="352" sc="44" el="352" ec="72" bec="0" bev="0" fileid="53" />
                <SequencePoint vc="2" uspid="2279" ordinal="8" offset="67" sl="352" sc="30" el="352" ec="40" bec="0" bev="0" fileid="53" />
                <SequencePoint vc="2" uspid="2280" ordinal="9" offset="76" sl="353" sc="21" el="353" ec="22" bec="0" bev="0" fileid="53" />
                <SequencePoint vc="2" uspid="2281" ordinal="10" offset="77" sl="354" sc="25" el="354" ec="32" bec="0" bev="0" fileid="53" />
                <SequencePoint vc="2" uspid="2282" ordinal="11" offset="78" sl="354" sc="52" el="354" ec="70" bec="0" bev="0" fileid="53" />
                <SequencePoint vc="3" uspid="2283" ordinal="12" offset="97" sl="354" sc="34" el="354" ec="48" bec="0" bev="0" fileid="53" />
                <SequencePoint vc="3" uspid="2284" ordinal="13" offset="113" sl="355" sc="25" el="355" ec="26" bec="0" bev="0" fileid="53" />
                <SequencePoint vc="3" uspid="2285" ordinal="14" offset="114" sl="356" sc="29" el="356" ec="64" bec="0" bev="0" fileid="53" />
                <SequencePoint vc="3" uspid="2286" ordinal="15" offset="122" sl="358" sc="29" el="358" ec="93" bec="2" bev="1" fileid="53" />
                <SequencePoint vc="3" uspid="2287" ordinal="16" offset="147" sl="359" sc="29" el="359" ec="30" bec="0" bev="0" fileid="53" />
                <SequencePoint vc="3" uspid="2288" ordinal="17" offset="148" sl="361" sc="33" el="361" ec="34" bec="0" bev="0" fileid="53" />
                <SequencePoint vc="3" uspid="2289" ordinal="18" offset="149" sl="362" sc="37" el="366" ec="40" bec="0" bev="0" fileid="53" />
                <SequencePoint vc="3" uspid="2290" ordinal="19" offset="203" sl="367" sc="33" el="367" ec="34" bec="0" bev="0" fileid="53" />
                <SequencePoint vc="0" uspid="2291" ordinal="20" offset="206" sl="368" sc="33" el="368" ec="65" bec="0" bev="0" fileid="53" />
                <SequencePoint vc="0" uspid="2292" ordinal="21" offset="208" sl="369" sc="33" el="369" ec="34" bec="0" bev="0" fileid="53" />
                <SequencePoint vc="0" uspid="2293" ordinal="22" offset="209" sl="370" sc="37" el="370" ec="115" bec="2" bev="0" fileid="53" />
                <SequencePoint vc="0" uspid="2294" ordinal="23" offset="235" sl="371" sc="37" el="371" ec="38" bec="0" bev="0" fileid="53" />
                <SequencePoint vc="0" uspid="2295" ordinal="24" offset="236" sl="372" sc="41" el="372" ec="50" bec="0" bev="0" fileid="53" />
                <SequencePoint vc="0" uspid="2296" ordinal="25" offset="239" sl="375" sc="37" el="375" ec="38" bec="0" bev="0" fileid="53" />
                <SequencePoint vc="0" uspid="2297" ordinal="26" offset="240" sl="376" sc="41" el="376" ec="130" bec="0" bev="0" fileid="53" />
                <SequencePoint vc="0" uspid="2298" ordinal="27" offset="273" sl="377" sc="37" el="377" ec="38" bec="0" bev="0" fileid="53" />
                <SequencePoint vc="0" uspid="2299" ordinal="28" offset="274" sl="378" sc="33" el="378" ec="34" bec="0" bev="0" fileid="53" />
                <SequencePoint vc="3" uspid="2300" ordinal="29" offset="277" sl="381" sc="33" el="381" ec="94" bec="0" bev="0" fileid="53" />
                <SequencePoint vc="3" uspid="2301" ordinal="30" offset="298" sl="382" sc="29" el="382" ec="30" bec="0" bev="0" fileid="53" />
                <SequencePoint vc="3" uspid="2302" ordinal="31" offset="299" sl="383" sc="29" el="383" ec="87" bec="0" bev="0" fileid="53" />
                <SequencePoint vc="3" uspid="2303" ordinal="32" offset="319" sl="385" sc="29" el="385" ec="169" bec="0" bev="0" fileid="53" />
                <SequencePoint vc="3" uspid="2304" ordinal="33" offset="345" sl="386" sc="25" el="386" ec="26" bec="0" bev="0" fileid="53" />
                <SequencePoint vc="5" uspid="2305" ordinal="34" offset="346" sl="354" sc="49" el="354" ec="51" bec="0" bev="0" fileid="53" />
                <SequencePoint vc="2" uspid="2306" ordinal="35" offset="375" sl="387" sc="21" el="387" ec="22" bec="0" bev="0" fileid="53" />
                <SequencePoint vc="3" uspid="2307" ordinal="36" offset="376" sl="352" sc="41" el="352" ec="43" bec="0" bev="0" fileid="53" />
                <SequencePoint vc="1" uspid="2308" ordinal="37" offset="405" sl="389" sc="21" el="389" ec="50" bec="0" bev="0" fileid="53" />
                <SequencePoint vc="1" uspid="2309" ordinal="38" offset="410" sl="392" sc="17" el="392" ec="63" bec="0" bev="0" fileid="53" />
                <SequencePoint vc="1" uspid="2310" ordinal="39" offset="419" sl="394" sc="13" el="394" ec="33" bec="0" bev="0" fileid="53" />
                <SequencePoint vc="1" uspid="2311" ordinal="40" offset="421" sl="395" sc="13" el="395" ec="14" bec="0" bev="0" fileid="53" />
                <SequencePoint vc="1" uspid="2312" ordinal="41" offset="422" sl="396" sc="17" el="396" ec="133" bec="0" bev="0" fileid="53" />
                <SequencePoint vc="1" uspid="2313" ordinal="42" offset="440" sl="397" sc="17" el="397" ec="23" bec="0" bev="0" fileid="53" />
                <SequencePoint vc="2" uspid="2314" ordinal="43" offset="442" sl="399" sc="9" el="399" ec="10" bec="0" bev="0" fileid="53" />
              </SequencePoints>
              <BranchPoints>
                <BranchPoint vc="2" uspid="2315" ordinal="0" offset="24" sl="346" path="0" offsetend="29" fileid="53" />
                <BranchPoint vc="1" uspid="2316" ordinal="1" offset="24" sl="346" path="1" offsetend="410" fileid="53" />
                <BranchPoint vc="3" uspid="2317" ordinal="2" offset="142" sl="358" path="0" offsetend="147" fileid="53" />
                <BranchPoint vc="0" uspid="2318" ordinal="3" offset="142" sl="358" path="1" offsetend="299" fileid="53" />
                <BranchPoint vc="0" uspid="2319" ordinal="4" offset="233" sl="370" path="0" offsetend="235" fileid="53" />
                <BranchPoint vc="0" uspid="2320" ordinal="5" offset="233" sl="370" path="1" offsetend="239" fileid="53" />
              </BranchPoints>
              <MethodPoint xsi:type="SequencePoint" vc="3" uspid="2271" ordinal="0" offset="0" sl="343" sc="9" el="343" ec="10" bec="0" bev="0" fileid="53" />
            </Method>
            <Method visited="true" cyclomaticComplexity="2" nPathComplexity="2" sequenceCoverage="100" branchCoverage="100" isConstructor="false" isStatic="false" isGetter="false" isSetter="false">
              <Summary numSequencePoints="11" visitedSequencePoints="11" numBranchPoints="3" visitedBranchPoints="3" sequenceCoverage="100" branchCoverage="100" maxCyclomaticComplexity="2" minCyclomaticComplexity="2" visitedClasses="0" numClasses="0" visitedMethods="1" numMethods="1" />
              <MetadataToken>100663664</MetadataToken>
              <Name>SportsWeb.Models.CircuitsAssociationForControllerModel SportsWeb.Services.Services.InstallerCircuitService::GetCircuitAssociationForController(System.Guid)</Name>
              <FileRef uid="53" />
              <SequencePoints>
                <SequencePoint vc="3" uspid="2325" ordinal="0" offset="0" sl="402" sc="9" el="402" ec="10" bec="0" bev="0" fileid="53" />
                <SequencePoint vc="3" uspid="2326" ordinal="1" offset="1" sl="404" sc="13" el="404" ec="14" bec="0" bev="0" fileid="53" />
                <SequencePoint vc="3" uspid="2327" ordinal="2" offset="2" sl="405" sc="17" el="406" ec="68" bec="2" bev="2" fileid="53" />
                <SequencePoint vc="2" uspid="2328" ordinal="3" offset="26" sl="407" sc="17" el="407" ec="18" bec="0" bev="0" fileid="53" />
                <SequencePoint vc="2" uspid="2329" ordinal="4" offset="27" sl="409" sc="21" el="409" ec="80" bec="0" bev="0" fileid="53" />
                <SequencePoint vc="1" uspid="2330" ordinal="5" offset="42" sl="412" sc="17" el="412" ec="68" bec="0" bev="0" fileid="53" />
                <SequencePoint vc="1" uspid="2331" ordinal="6" offset="50" sl="414" sc="13" el="414" ec="33" bec="0" bev="0" fileid="53" />
                <SequencePoint vc="1" uspid="2332" ordinal="7" offset="51" sl="415" sc="13" el="415" ec="14" bec="0" bev="0" fileid="53" />
                <SequencePoint vc="1" uspid="2333" ordinal="8" offset="52" sl="416" sc="17" el="416" ec="126" bec="0" bev="0" fileid="53" />
                <SequencePoint vc="1" uspid="2334" ordinal="9" offset="69" sl="417" sc="17" el="417" ec="23" bec="0" bev="0" fileid="53" />
                <SequencePoint vc="2" uspid="2335" ordinal="10" offset="71" sl="419" sc="9" el="419" ec="10" bec="0" bev="0" fileid="53" />
              </SequencePoints>
              <BranchPoints>
                <BranchPoint vc="2" uspid="2336" ordinal="0" offset="24" sl="405" path="0" offsetend="26" fileid="53" />
                <BranchPoint vc="1" uspid="2337" ordinal="1" offset="24" sl="405" path="1" offsetend="42" fileid="53" />
              </BranchPoints>
              <MethodPoint xsi:type="SequencePoint" vc="3" uspid="2325" ordinal="0" offset="0" sl="402" sc="9" el="402" ec="10" bec="0" bev="0" fileid="53" />
            </Method>
            <Method visited="true" cyclomaticComplexity="1" nPathComplexity="0" sequenceCoverage="100" branchCoverage="100" isConstructor="true" isStatic="true" isGetter="false" isSetter="false">
              <Summary numSequencePoints="1" visitedSequencePoints="1" numBranchPoints="1" visitedBranchPoints="1" sequenceCoverage="100" branchCoverage="100" maxCyclomaticComplexity="1" minCyclomaticComplexity="1" visitedClasses="0" numClasses="0" visitedMethods="1" numMethods="1" />
              <MetadataToken>100663665</MetadataToken>
              <Name>System.Void SportsWeb.Services.Services.InstallerCircuitService::.cctor()</Name>
              <FileRef uid="53" />
              <SequencePoints>
                <SequencePoint vc="1" uspid="2338" ordinal="0" offset="0" sl="24" sc="9" el="24" ec="101" bec="0" bev="0" fileid="53" />
              </SequencePoints>
              <BranchPoints />
              <MethodPoint xsi:type="SequencePoint" vc="1" uspid="2338" ordinal="0" offset="0" sl="24" sc="9" el="24" ec="101" bec="0" bev="0" fileid="53" />
            </Method>
          </Methods>
        </Class>
        <Class>
          <Summary numSequencePoints="0" visitedSequencePoints="0" numBranchPoints="0" visitedBranchPoints="0" sequenceCoverage="0" branchCoverage="0" maxCyclomaticComplexity="1" minCyclomaticComplexity="1" visitedClasses="0" numClasses="0" visitedMethods="0" numMethods="0" />
          <FullName>SportsWeb.Services.Services.InstallerCircuitService/&lt;&gt;c__DisplayClass7_0</FullName>
          <Methods>
            <Method visited="true" cyclomaticComplexity="1" nPathComplexity="0" sequenceCoverage="0" branchCoverage="0" isConstructor="true" isStatic="false" isGetter="false" isSetter="false">
              <Summary numSequencePoints="0" visitedSequencePoints="0" numBranchPoints="0" visitedBranchPoints="0" sequenceCoverage="0" branchCoverage="0" maxCyclomaticComplexity="1" minCyclomaticComplexity="1" visitedClasses="0" numClasses="0" visitedMethods="0" numMethods="0" />
              <MetadataToken>100666844</MetadataToken>
              <Name>System.Void SportsWeb.Services.Services.InstallerCircuitService/&lt;&gt;c__DisplayClass7_0::.ctor()</Name>
              <SequencePoints />
              <BranchPoints />
              <MethodPoint vc="3" uspid="2339" ordinal="0" offset="0" />
            </Method>
          </Methods>
        </Class>
        <Class>
          <Summary numSequencePoints="2" visitedSequencePoints="1" numBranchPoints="6" visitedBranchPoints="4" sequenceCoverage="50" branchCoverage="66.67" maxCyclomaticComplexity="6" minCyclomaticComplexity="1" visitedClasses="1" numClasses="1" visitedMethods="1" numMethods="2" />
          <FullName>SportsWeb.Services.Services.InstallerCircuitService/&lt;&gt;c__DisplayClass7_1</FullName>
          <Methods>
            <Method visited="true" cyclomaticComplexity="1" nPathComplexity="0" sequenceCoverage="0" branchCoverage="0" isConstructor="true" isStatic="false" isGetter="false" isSetter="false">
              <Summary numSequencePoints="0" visitedSequencePoints="0" numBranchPoints="0" visitedBranchPoints="0" sequenceCoverage="0" branchCoverage="0" maxCyclomaticComplexity="1" minCyclomaticComplexity="1" visitedClasses="0" numClasses="0" visitedMethods="0" numMethods="0" />
              <MetadataToken>100666845</MetadataToken>
              <Name>System.Void SportsWeb.Services.Services.InstallerCircuitService/&lt;&gt;c__DisplayClass7_1::.ctor()</Name>
              <SequencePoints />
              <BranchPoints />
              <MethodPoint vc="2" uspid="2340" ordinal="0" offset="0" />
            </Method>
            <Method visited="true" cyclomaticComplexity="6" nPathComplexity="4" sequenceCoverage="100" branchCoverage="80" isConstructor="false" isStatic="false" isGetter="false" isSetter="false">
              <Summary numSequencePoints="1" visitedSequencePoints="1" numBranchPoints="5" visitedBranchPoints="4" sequenceCoverage="100" branchCoverage="80" maxCyclomaticComplexity="6" minCyclomaticComplexity="6" visitedClasses="0" numClasses="0" visitedMethods="1" numMethods="1" />
              <MetadataToken>100666846</MetadataToken>
              <Name>System.Boolean SportsWeb.Services.Services.InstallerCircuitService/&lt;&gt;c__DisplayClass7_1::&lt;VerifyCircuit&gt;b__1(SportsWeb.Entities.SceneSetting)</Name>
              <FileRef uid="53" />
              <SequencePoints>
                <SequencePoint vc="16" uspid="2341" ordinal="0" offset="0" sl="138" sc="33" el="139" ec="68" bec="4" bev="3" fileid="53" />
              </SequencePoints>
              <BranchPoints>
                <BranchPoint vc="2" uspid="2344" ordinal="2" offset="45" sl="138" path="0" offsetend="47" fileid="53" />
                <BranchPoint vc="2" uspid="2345" ordinal="3" offset="45" sl="138" path="1" offsetend="50" fileid="53" />
                <BranchPoint vc="0" uspid="2346" ordinal="4" offset="57" sl="138" path="0" offsetend="59" fileid="53" />
                <BranchPoint vc="2" uspid="2347" ordinal="5" offset="57" sl="138" path="1" offsetend="62" fileid="53" />
              </BranchPoints>
              <MethodPoint xsi:type="SequencePoint" vc="16" uspid="2341" ordinal="0" offset="0" sl="138" sc="33" el="139" ec="68" bec="4" bev="3" fileid="53" />
            </Method>
            <Method visited="false" cyclomaticComplexity="2" nPathComplexity="0" sequenceCoverage="0" branchCoverage="0" isConstructor="false" isStatic="false" isGetter="false" isSetter="false">
              <Summary numSequencePoints="1" visitedSequencePoints="0" numBranchPoints="1" visitedBranchPoints="0" sequenceCoverage="0" branchCoverage="0" maxCyclomaticComplexity="2" minCyclomaticComplexity="2" visitedClasses="0" numClasses="0" visitedMethods="0" numMethods="1" />
              <MetadataToken>100666847</MetadataToken>
              <Name>System.Boolean SportsWeb.Services.Services.InstallerCircuitService/&lt;&gt;c__DisplayClass7_1::&lt;VerifyCircuit&gt;b__2(SportsWeb.Entities.SceneSetting)</Name>
              <FileRef uid="53" />
              <SequencePoints>
                <SequencePoint vc="0" uspid="2348" ordinal="0" offset="0" sl="146" sc="32" el="147" ec="46" bec="0" bev="0" fileid="53" />
              </SequencePoints>
              <BranchPoints />
              <MethodPoint xsi:type="SequencePoint" vc="0" uspid="2348" ordinal="0" offset="0" sl="146" sc="32" el="147" ec="46" bec="0" bev="0" fileid="53" />
            </Method>
          </Methods>
        </Class>
        <Class>
          <Summary numSequencePoints="5" visitedSequencePoints="1" numBranchPoints="5" visitedBranchPoints="1" sequenceCoverage="20" branchCoverage="20" maxCyclomaticComplexity="2" minCyclomaticComplexity="1" visitedClasses="1" numClasses="1" visitedMethods="1" numMethods="5" />
          <FullName>SportsWeb.Services.Services.InstallerCircuitService/&lt;&gt;c</FullName>
          <Methods>
            <Method visited="true" cyclomaticComplexity="1" nPathComplexity="0" sequenceCoverage="0" branchCoverage="0" isConstructor="true" isStatic="true" isGetter="false" isSetter="false">
              <Summary numSequencePoints="0" visitedSequencePoints="0" numBranchPoints="0" visitedBranchPoints="0" sequenceCoverage="0" branchCoverage="0" maxCyclomaticComplexity="1" minCyclomaticComplexity="1" visitedClasses="0" numClasses="0" visitedMethods="0" numMethods="0" />
              <MetadataToken>100666848</MetadataToken>
              <Name>System.Void SportsWeb.Services.Services.InstallerCircuitService/&lt;&gt;c::.cctor()</Name>
              <SequencePoints />
              <BranchPoints />
              <MethodPoint vc="1" uspid="2351" ordinal="0" offset="0" />
            </Method>
            <Method visited="true" cyclomaticComplexity="1" nPathComplexity="0" sequenceCoverage="0" branchCoverage="0" isConstructor="true" isStatic="false" isGetter="false" isSetter="false">
              <Summary numSequencePoints="0" visitedSequencePoints="0" numBranchPoints="0" visitedBranchPoints="0" sequenceCoverage="0" branchCoverage="0" maxCyclomaticComplexity="1" minCyclomaticComplexity="1" visitedClasses="0" numClasses="0" visitedMethods="0" numMethods="0" />
              <MetadataToken>100666849</MetadataToken>
              <Name>System.Void SportsWeb.Services.Services.InstallerCircuitService/&lt;&gt;c::.ctor()</Name>
              <SequencePoints />
              <BranchPoints />
              <MethodPoint vc="1" uspid="2352" ordinal="0" offset="0" />
            </Method>
            <Method visited="true" cyclomaticComplexity="2" nPathComplexity="0" sequenceCoverage="100" branchCoverage="100" isConstructor="false" isStatic="false" isGetter="false" isSetter="false">
              <Summary numSequencePoints="1" visitedSequencePoints="1" numBranchPoints="1" visitedBranchPoints="1" sequenceCoverage="100" branchCoverage="100" maxCyclomaticComplexity="2" minCyclomaticComplexity="2" visitedClasses="0" numClasses="0" visitedMethods="1" numMethods="1" />
              <MetadataToken>100666850</MetadataToken>
              <Name>System.Boolean SportsWeb.Services.Services.InstallerCircuitService/&lt;&gt;c::&lt;AttachCircuitsToField&gt;b__10_0(SportsWeb.Models.CircuitModel)</Name>
              <FileRef uid="53" />
              <SequencePoints>
                <SequencePoint vc="6" uspid="2353" ordinal="0" offset="0" sl="211" sc="25" el="212" ec="71" bec="0" bev="0" fileid="53" />
              </SequencePoints>
              <BranchPoints />
              <MethodPoint xsi:type="SequencePoint" vc="6" uspid="2353" ordinal="0" offset="0" sl="211" sc="25" el="212" ec="71" bec="0" bev="0" fileid="53" />
            </Method>
            <Method visited="false" cyclomaticComplexity="1" nPathComplexity="0" sequenceCoverage="0" branchCoverage="0" isConstructor="false" isStatic="false" isGetter="false" isSetter="false">
              <Summary numSequencePoints="1" visitedSequencePoints="0" numBranchPoints="1" visitedBranchPoints="0" sequenceCoverage="0" branchCoverage="0" maxCyclomaticComplexity="1" minCyclomaticComplexity="1" visitedClasses="0" numClasses="0" visitedMethods="0" numMethods="1" />
              <MetadataToken>100666851</MetadataToken>
              <Name>System.Boolean SportsWeb.Services.Services.InstallerCircuitService/&lt;&gt;c::&lt;AttachCircuitsToField&gt;b__10_1(SportsWeb.Models.CircuitModel)</Name>
              <FileRef uid="53" />
              <SequencePoints>
                <SequencePoint vc="0" uspid="2356" ordinal="0" offset="0" sl="214" sc="53" el="214" ec="98" bec="0" bev="0" fileid="53" />
              </SequencePoints>
              <BranchPoints />
              <MethodPoint xsi:type="SequencePoint" vc="0" uspid="2356" ordinal="0" offset="0" sl="214" sc="53" el="214" ec="98" bec="0" bev="0" fileid="53" />
            </Method>
            <Method visited="false" cyclomaticComplexity="1" nPathComplexity="0" sequenceCoverage="0" branchCoverage="0" isConstructor="false" isStatic="false" isGetter="false" isSetter="false">
              <Summary numSequencePoints="1" visitedSequencePoints="0" numBranchPoints="1" visitedBranchPoints="0" sequenceCoverage="0" branchCoverage="0" maxCyclomaticComplexity="1" minCyclomaticComplexity="1" visitedClasses="0" numClasses="0" visitedMethods="0" numMethods="1" />
              <MetadataToken>100666852</MetadataToken>
              <Name>System.Boolean SportsWeb.Services.Services.InstallerCircuitService/&lt;&gt;c::&lt;AttachCircuitsToField&gt;b__10_2(SportsWeb.Models.CircuitModel)</Name>
              <FileRef uid="53" />
              <SequencePoints>
                <SequencePoint vc="0" uspid="2357" ordinal="0" offset="0" sl="217" sc="68" el="217" ec="119" bec="0" bev="0" fileid="53" />
              </SequencePoints>
              <BranchPoints />
              <MethodPoint xsi:type="SequencePoint" vc="0" uspid="2357" ordinal="0" offset="0" sl="217" sc="68" el="217" ec="119" bec="0" bev="0" fileid="53" />
            </Method>
            <Method visited="false" cyclomaticComplexity="1" nPathComplexity="0" sequenceCoverage="0" branchCoverage="0" isConstructor="false" isStatic="false" isGetter="false" isSetter="false">
              <Summary numSequencePoints="1" visitedSequencePoints="0" numBranchPoints="1" visitedBranchPoints="0" sequenceCoverage="0" branchCoverage="0" maxCyclomaticComplexity="1" minCyclomaticComplexity="1" visitedClasses="0" numClasses="0" visitedMethods="0" numMethods="1" />
              <MetadataToken>100666853</MetadataToken>
              <Name>System.Boolean SportsWeb.Services.Services.InstallerCircuitService/&lt;&gt;c::&lt;AttachCircuitsToField&gt;b__10_3(SportsWeb.Models.CircuitModel)</Name>
              <FileRef uid="53" />
              <SequencePoints>
                <SequencePoint vc="0" uspid="2358" ordinal="0" offset="0" sl="221" sc="53" el="221" ec="99" bec="0" bev="0" fileid="53" />
              </SequencePoints>
              <BranchPoints />
              <MethodPoint xsi:type="SequencePoint" vc="0" uspid="2358" ordinal="0" offset="0" sl="221" sc="53" el="221" ec="99" bec="0" bev="0" fileid="53" />
            </Method>
            <Method visited="false" cyclomaticComplexity="1" nPathComplexity="0" sequenceCoverage="0" branchCoverage="0" isConstructor="false" isStatic="false" isGetter="false" isSetter="false">
              <Summary numSequencePoints="1" visitedSequencePoints="0" numBranchPoints="1" visitedBranchPoints="0" sequenceCoverage="0" branchCoverage="0" maxCyclomaticComplexity="1" minCyclomaticComplexity="1" visitedClasses="0" numClasses="0" visitedMethods="0" numMethods="1" />
              <MetadataToken>100666854</MetadataToken>
              <Name>System.Boolean SportsWeb.Services.Services.InstallerCircuitService/&lt;&gt;c::&lt;AttachCircuitsToField&gt;b__10_4(SportsWeb.Models.CircuitModel)</Name>
              <FileRef uid="53" />
              <SequencePoints>
                <SequencePoint vc="0" uspid="2359" ordinal="0" offset="0" sl="224" sc="70" el="224" ec="122" bec="0" bev="0" fileid="53" />
              </SequencePoints>
              <BranchPoints />
              <MethodPoint xsi:type="SequencePoint" vc="0" uspid="2359" ordinal="0" offset="0" sl="224" sc="70" el="224" ec="122" bec="0" bev="0" fileid="53" />
            </Method>
          </Methods>
        </Class>
        <Class>
          <Summary numSequencePoints="1" visitedSequencePoints="1" numBranchPoints="3" visitedBranchPoints="2" sequenceCoverage="100" branchCoverage="66.67" maxCyclomaticComplexity="3" minCyclomaticComplexity="1" visitedClasses="1" numClasses="1" visitedMethods="1" numMethods="1" />
          <FullName>SportsWeb.Services.Services.InstallerCircuitService/&lt;&gt;c__DisplayClass12_0</FullName>
          <Methods>
            <Method visited="true" cyclomaticComplexity="1" nPathComplexity="0" sequenceCoverage="0" branchCoverage="0" isConstructor="true" isStatic="false" isGetter="false" isSetter="false">
              <Summary numSequencePoints="0" visitedSequencePoints="0" numBranchPoints="0" visitedBranchPoints="0" sequenceCoverage="0" branchCoverage="0" maxCyclomaticComplexity="1" minCyclomaticComplexity="1" visitedClasses="0" numClasses="0" visitedMethods="0" numMethods="0" />
              <MetadataToken>100666855</MetadataToken>
              <Name>System.Void SportsWeb.Services.Services.InstallerCircuitService/&lt;&gt;c__DisplayClass12_0::.ctor()</Name>
              <SequencePoints />
              <BranchPoints />
              <MethodPoint vc="3" uspid="2360" ordinal="0" offset="0" />
            </Method>
            <Method visited="true" cyclomaticComplexity="3" nPathComplexity="2" sequenceCoverage="100" branchCoverage="66.67" isConstructor="false" isStatic="false" isGetter="false" isSetter="false">
              <Summary numSequencePoints="1" visitedSequencePoints="1" numBranchPoints="3" visitedBranchPoints="2" sequenceCoverage="100" branchCoverage="66.67" maxCyclomaticComplexity="3" minCyclomaticComplexity="3" visitedClasses="0" numClasses="0" visitedMethods="1" numMethods="1" />
              <MetadataToken>100666856</MetadataToken>
              <Name>System.Void SportsWeb.Services.Services.InstallerCircuitService/&lt;&gt;c__DisplayClass12_0::&lt;GetAssociatedCircuitsToControllerForField&gt;b__0(SportsWeb.Models.Circuits)</Name>
              <FileRef uid="53" />
              <SequencePoints>
                <SequencePoint vc="6" uspid="2361" ordinal="0" offset="13" sl="385" sc="68" el="385" ec="167" bec="2" bev="1" fileid="53" />
              </SequencePoints>
              <BranchPoints>
                <BranchPoint vc="0" uspid="2362" ordinal="0" offset="43" sl="385" path="0" offsetend="45" fileid="53" />
                <BranchPoint vc="6" uspid="2363" ordinal="1" offset="43" sl="385" path="1" offsetend="49" fileid="53" />
              </BranchPoints>
              <MethodPoint vc="6" uspid="2364" ordinal="0" offset="0" />
            </Method>
          </Methods>
        </Class>
        <Class>
          <Summary numSequencePoints="1" visitedSequencePoints="1" numBranchPoints="1" visitedBranchPoints="1" sequenceCoverage="100" branchCoverage="100" maxCyclomaticComplexity="1" minCyclomaticComplexity="1" visitedClasses="1" numClasses="1" visitedMethods="1" numMethods="1" />
          <FullName>SportsWeb.Services.Services.InstallerCircuitService/&lt;&gt;c__DisplayClass12_1</FullName>
          <Methods>
            <Method visited="true" cyclomaticComplexity="1" nPathComplexity="0" sequenceCoverage="0" branchCoverage="0" isConstructor="true" isStatic="false" isGetter="false" isSetter="false">
              <Summary numSequencePoints="0" visitedSequencePoints="0" numBranchPoints="0" visitedBranchPoints="0" sequenceCoverage="0" branchCoverage="0" maxCyclomaticComplexity="1" minCyclomaticComplexity="1" visitedClasses="0" numClasses="0" visitedMethods="0" numMethods="0" />
              <MetadataToken>100666857</MetadataToken>
              <Name>System.Void SportsWeb.Services.Services.InstallerCircuitService/&lt;&gt;c__DisplayClass12_1::.ctor()</Name>
              <SequencePoints />
              <BranchPoints />
              <MethodPoint vc="6" uspid="2365" ordinal="0" offset="0" />
            </Method>
            <Method visited="true" cyclomaticComplexity="1" nPathComplexity="0" sequenceCoverage="100" branchCoverage="100" isConstructor="false" isStatic="false" isGetter="false" isSetter="false">
              <Summary numSequencePoints="1" visitedSequencePoints="1" numBranchPoints="1" visitedBranchPoints="1" sequenceCoverage="100" branchCoverage="100" maxCyclomaticComplexity="1" minCyclomaticComplexity="1" visitedClasses="0" numClasses="0" visitedMethods="1" numMethods="1" />
              <MetadataToken>100666858</MetadataToken>
              <Name>System.Boolean SportsWeb.Services.Services.InstallerCircuitService/&lt;&gt;c__DisplayClass12_1::&lt;GetAssociatedCircuitsToControllerForField&gt;b__1(SportsWeb.Models.CircuitModel)</Name>
              <FileRef uid="53" />
              <SequencePoints>
                <SequencePoint vc="9" uspid="2366" ordinal="0" offset="0" sl="385" sc="119" el="385" ec="160" bec="0" bev="0" fileid="53" />
              </SequencePoints>
              <BranchPoints />
              <MethodPoint xsi:type="SequencePoint" vc="9" uspid="2366" ordinal="0" offset="0" sl="385" sc="119" el="385" ec="160" bec="0" bev="0" fileid="53" />
            </Method>
          </Methods>
        </Class>
        <Class>
          <Summary numSequencePoints="104" visitedSequencePoints="103" numBranchPoints="42" visitedBranchPoints="41" sequenceCoverage="99.04" branchCoverage="97.62" maxCyclomaticComplexity="15" minCyclomaticComplexity="1" visitedClasses="1" numClasses="1" visitedMethods="8" numMethods="8" />
          <FullName>SportsWeb.Services.Services.InstallerCpuService</FullName>
          <Methods>
            <Method visited="true" cyclomaticComplexity="1" nPathComplexity="0" sequenceCoverage="100" branchCoverage="100" isConstructor="true" isStatic="false" isGetter="false" isSetter="false">
              <Summary numSequencePoints="5" visitedSequencePoints="5" numBranchPoints="1" visitedBranchPoints="1" sequenceCoverage="100" branchCoverage="100" maxCyclomaticComplexity="1" minCyclomaticComplexity="1" visitedClasses="0" numClasses="0" visitedMethods="1" numMethods="1" />
              <MetadataToken>100663666</MetadataToken>
              <Name>System.Void SportsWeb.Services.Services.InstallerCpuService::.ctor()</Name>
              <FileRef uid="58" />
              <SequencePoints>
                <SequencePoint vc="13" uspid="2367" ordinal="0" offset="0" sl="21" sc="9" el="21" ec="101" bec="0" bev="0" fileid="58" />
                <SequencePoint vc="13" uspid="2368" ordinal="1" offset="21" sl="24" sc="9" el="24" ec="37" bec="0" bev="0" fileid="58" />
                <SequencePoint vc="13" uspid="2369" ordinal="2" offset="28" sl="25" sc="9" el="25" ec="10" bec="0" bev="0" fileid="58" />
                <SequencePoint vc="13" uspid="2370" ordinal="3" offset="29" sl="26" sc="13" el="26" ec="68" bec="0" bev="0" fileid="58" />
                <SequencePoint vc="13" uspid="2371" ordinal="4" offset="50" sl="27" sc="9" el="27" ec="10" bec="0" bev="0" fileid="58" />
              </SequencePoints>
              <BranchPoints />
              <MethodPoint xsi:type="SequencePoint" vc="13" uspid="2367" ordinal="0" offset="0" sl="21" sc="9" el="21" ec="101" bec="0" bev="0" fileid="58" />
            </Method>
            <Method visited="true" cyclomaticComplexity="3" nPathComplexity="4" sequenceCoverage="93.75" branchCoverage="80" isConstructor="false" isStatic="false" isGetter="false" isSetter="false">
              <Summary numSequencePoints="16" visitedSequencePoints="15" numBranchPoints="5" visitedBranchPoints="4" sequenceCoverage="93.75" branchCoverage="80" maxCyclomaticComplexity="3" minCyclomaticComplexity="3" visitedClasses="0" numClasses="0" visitedMethods="1" numMethods="1" />
              <MetadataToken>100663667</MetadataToken>
              <Name>System.String SportsWeb.Services.Services.InstallerCpuService::CreateControllerForSite(SportsWeb.Models.CPUModel)</Name>
              <FileRef uid="58" />
              <SequencePoints>
                <SequencePoint vc="3" uspid="2372" ordinal="0" offset="0" sl="29" sc="9" el="29" ec="10" bec="0" bev="0" fileid="58" />
                <SequencePoint vc="3" uspid="2373" ordinal="1" offset="1" sl="31" sc="13" el="31" ec="14" bec="0" bev="0" fileid="58" />
                <SequencePoint vc="3" uspid="2374" ordinal="2" offset="2" sl="32" sc="17" el="32" ec="36" bec="0" bev="0" fileid="58" />
                <SequencePoint vc="3" uspid="2375" ordinal="3" offset="10" sl="33" sc="17" el="34" ec="59" bec="2" bev="2" fileid="58" />
                <SequencePoint vc="2" uspid="2376" ordinal="4" offset="34" sl="35" sc="17" el="35" ec="18" bec="0" bev="0" fileid="58" />
                <SequencePoint vc="2" uspid="2377" ordinal="5" offset="35" sl="37" sc="21" el="37" ec="60" bec="2" bev="1" fileid="58" />
                <SequencePoint vc="2" uspid="2378" ordinal="6" offset="50" sl="38" sc="21" el="38" ec="22" bec="0" bev="0" fileid="58" />
                <SequencePoint vc="2" uspid="2379" ordinal="7" offset="51" sl="39" sc="25" el="39" ec="90" bec="0" bev="0" fileid="58" />
                <SequencePoint vc="1" uspid="2380" ordinal="8" offset="75" sl="40" sc="25" el="40" ec="45" bec="0" bev="0" fileid="58" />
                <SequencePoint vc="0" uspid="2381" ordinal="9" offset="84" sl="42" sc="21" el="42" ec="97" bec="0" bev="0" fileid="58" />
                <SequencePoint vc="1" uspid="2382" ordinal="10" offset="95" sl="44" sc="17" el="44" ec="93" bec="0" bev="0" fileid="58" />
                <SequencePoint vc="2" uspid="2383" ordinal="11" offset="106" sl="46" sc="13" el="46" ec="33" bec="0" bev="0" fileid="58" />
                <SequencePoint vc="2" uspid="2384" ordinal="12" offset="107" sl="47" sc="13" el="47" ec="14" bec="0" bev="0" fileid="58" />
                <SequencePoint vc="2" uspid="2385" ordinal="13" offset="108" sl="48" sc="17" el="48" ec="108" bec="0" bev="0" fileid="58" />
                <SequencePoint vc="2" uspid="2386" ordinal="14" offset="125" sl="49" sc="17" el="49" ec="23" bec="0" bev="0" fileid="58" />
                <SequencePoint vc="1" uspid="2387" ordinal="15" offset="127" sl="51" sc="9" el="51" ec="10" bec="0" bev="0" fileid="58" />
              </SequencePoints>
              <BranchPoints>
                <BranchPoint vc="2" uspid="2388" ordinal="0" offset="32" sl="33" path="0" offsetend="34" fileid="58" />
                <BranchPoint vc="1" uspid="2389" ordinal="1" offset="32" sl="33" path="1" offsetend="95" fileid="58" />
                <BranchPoint vc="2" uspid="2390" ordinal="2" offset="48" sl="37" path="0" offsetend="50" fileid="58" />
                <BranchPoint vc="0" uspid="2391" ordinal="3" offset="48" sl="37" path="1" offsetend="84" fileid="58" />
              </BranchPoints>
              <MethodPoint xsi:type="SequencePoint" vc="3" uspid="2372" ordinal="0" offset="0" sl="29" sc="9" el="29" ec="10" bec="0" bev="0" fileid="58" />
            </Method>
            <Method visited="true" cyclomaticComplexity="15" nPathComplexity="4096" sequenceCoverage="100" branchCoverage="100" isConstructor="false" isStatic="false" isGetter="false" isSetter="false">
              <Summary numSequencePoints="37" visitedSequencePoints="37" numBranchPoints="25" visitedBranchPoints="25" sequenceCoverage="100" branchCoverage="100" maxCyclomaticComplexity="15" minCyclomaticComplexity="15" visitedClasses="0" numClasses="0" visitedMethods="1" numMethods="1" />
              <MetadataToken>100663668</MetadataToken>
              <Name>System.Void SportsWeb.Services.Services.InstallerCpuService::ValidateCPU(SportsWeb.Models.CPUModel)</Name>
              <FileRef uid="58" />
              <SequencePoints>
                <SequencePoint vc="18" uspid="2392" ordinal="0" offset="0" sl="54" sc="9" el="54" ec="10" bec="0" bev="0" fileid="58" />
                <SequencePoint vc="18" uspid="2393" ordinal="1" offset="1" sl="55" sc="13" el="55" ec="31" bec="2" bev="2" fileid="58" />
                <SequencePoint vc="1" uspid="2394" ordinal="2" offset="9" sl="55" sc="32" el="55" ec="79" bec="0" bev="0" fileid="58" />
                <SequencePoint vc="17" uspid="2395" ordinal="3" offset="20" sl="57" sc="13" el="57" ec="55" bec="2" bev="2" fileid="58" />
                <SequencePoint vc="2" uspid="2396" ordinal="4" offset="35" sl="58" sc="13" el="58" ec="14" bec="0" bev="0" fileid="58" />
                <SequencePoint vc="2" uspid="2397" ordinal="5" offset="36" sl="59" sc="17" el="59" ec="82" bec="0" bev="0" fileid="58" />
                <SequencePoint vc="15" uspid="2398" ordinal="6" offset="47" sl="66" sc="13" el="66" ec="76" bec="2" bev="2" fileid="58" />
                <SequencePoint vc="1" uspid="2399" ordinal="7" offset="76" sl="67" sc="13" el="67" ec="14" bec="0" bev="0" fileid="58" />
                <SequencePoint vc="1" uspid="2400" ordinal="8" offset="77" sl="68" sc="17" el="68" ec="92" bec="0" bev="0" fileid="58" />
                <SequencePoint vc="14" uspid="2401" ordinal="9" offset="88" sl="71" sc="13" el="71" ec="75" bec="2" bev="2" fileid="58" />
                <SequencePoint vc="1" uspid="2402" ordinal="10" offset="112" sl="72" sc="13" el="72" ec="14" bec="0" bev="0" fileid="58" />
                <SequencePoint vc="1" uspid="2403" ordinal="11" offset="113" sl="73" sc="17" el="74" ec="54" bec="0" bev="0" fileid="58" />
                <SequencePoint vc="13" uspid="2404" ordinal="12" offset="136" sl="77" sc="13" el="77" ec="63" bec="2" bev="2" fileid="58" />
                <SequencePoint vc="2" uspid="2405" ordinal="13" offset="153" sl="78" sc="13" el="78" ec="14" bec="0" bev="0" fileid="58" />
                <SequencePoint vc="2" uspid="2406" ordinal="14" offset="154" sl="79" sc="17" el="79" ec="101" bec="0" bev="0" fileid="58" />
                <SequencePoint vc="11" uspid="2407" ordinal="15" offset="165" sl="82" sc="13" el="82" ec="67" bec="2" bev="2" fileid="58" />
                <SequencePoint vc="1" uspid="2408" ordinal="16" offset="187" sl="83" sc="13" el="83" ec="14" bec="0" bev="0" fileid="58" />
                <SequencePoint vc="1" uspid="2409" ordinal="17" offset="188" sl="84" sc="17" el="84" ec="100" bec="0" bev="0" fileid="58" />
                <SequencePoint vc="10" uspid="2410" ordinal="18" offset="199" sl="87" sc="13" el="87" ec="86" bec="2" bev="2" fileid="58" />
                <SequencePoint vc="1" uspid="2411" ordinal="19" offset="230" sl="88" sc="13" el="88" ec="14" bec="0" bev="0" fileid="58" />
                <SequencePoint vc="1" uspid="2412" ordinal="20" offset="231" sl="89" sc="17" el="89" ec="102" bec="0" bev="0" fileid="58" />
                <SequencePoint vc="9" uspid="2413" ordinal="21" offset="242" sl="92" sc="13" el="92" ec="85" bec="2" bev="2" fileid="58" />
                <SequencePoint vc="1" uspid="2414" ordinal="22" offset="271" sl="93" sc="13" el="93" ec="14" bec="0" bev="0" fileid="58" />
                <SequencePoint vc="1" uspid="2415" ordinal="23" offset="272" sl="94" sc="17" el="96" ec="55" bec="0" bev="0" fileid="58" />
                <SequencePoint vc="8" uspid="2416" ordinal="24" offset="295" sl="99" sc="13" el="100" ec="79" bec="2" bev="2" fileid="58" />
                <SequencePoint vc="7" uspid="2417" ordinal="25" offset="324" sl="101" sc="13" el="101" ec="14" bec="0" bev="0" fileid="58" />
                <SequencePoint vc="7" uspid="2418" ordinal="26" offset="325" sl="102" sc="17" el="102" ec="44" bec="2" bev="2" fileid="58" />
                <SequencePoint vc="5" uspid="2419" ordinal="27" offset="343" sl="103" sc="17" el="103" ec="18" bec="0" bev="0" fileid="58" />
                <SequencePoint vc="5" uspid="2420" ordinal="28" offset="344" sl="104" sc="21" el="104" ec="91" bec="2" bev="2" fileid="58" />
                <SequencePoint vc="1" uspid="2421" ordinal="29" offset="397" sl="105" sc="21" el="105" ec="22" bec="0" bev="0" fileid="58" />
                <SequencePoint vc="1" uspid="2422" ordinal="30" offset="398" sl="106" sc="25" el="106" ec="99" bec="0" bev="0" fileid="58" />
                <SequencePoint vc="4" uspid="2423" ordinal="31" offset="409" sl="109" sc="21" el="109" ec="87" bec="2" bev="2" fileid="58" />
                <SequencePoint vc="1" uspid="2424" ordinal="32" offset="462" sl="110" sc="21" el="110" ec="22" bec="0" bev="0" fileid="58" />
                <SequencePoint vc="1" uspid="2425" ordinal="33" offset="463" sl="111" sc="25" el="111" ec="98" bec="0" bev="0" fileid="58" />
                <SequencePoint vc="3" uspid="2426" ordinal="34" offset="474" sl="113" sc="17" el="113" ec="18" bec="0" bev="0" fileid="58" />
                <SequencePoint vc="5" uspid="2427" ordinal="35" offset="475" sl="114" sc="13" el="114" ec="14" bec="0" bev="0" fileid="58" />
                <SequencePoint vc="6" uspid="2428" ordinal="36" offset="476" sl="115" sc="9" el="115" ec="10" bec="0" bev="0" fileid="58" />
              </SequencePoints>
              <BranchPoints>
                <BranchPoint vc="1" uspid="2429" ordinal="0" offset="7" sl="55" path="0" offsetend="9" fileid="58" />
                <BranchPoint vc="17" uspid="2430" ordinal="1" offset="7" sl="55" path="1" offsetend="20" fileid="58" />
                <BranchPoint vc="2" uspid="2431" ordinal="2" offset="33" sl="57" path="0" offsetend="35" fileid="58" />
                <BranchPoint vc="15" uspid="2432" ordinal="3" offset="33" sl="57" path="1" offsetend="47" fileid="58" />
                <BranchPoint vc="1" uspid="2433" ordinal="4" offset="74" sl="66" path="0" offsetend="76" fileid="58" />
                <BranchPoint vc="14" uspid="2434" ordinal="5" offset="74" sl="66" path="1" offsetend="88" fileid="58" />
                <BranchPoint vc="1" uspid="2435" ordinal="6" offset="110" sl="71" path="0" offsetend="112" fileid="58" />
                <BranchPoint vc="13" uspid="2436" ordinal="7" offset="110" sl="71" path="1" offsetend="136" fileid="58" />
                <BranchPoint vc="2" uspid="2437" ordinal="8" offset="151" sl="77" path="0" offsetend="153" fileid="58" />
                <BranchPoint vc="11" uspid="2438" ordinal="9" offset="151" sl="77" path="1" offsetend="165" fileid="58" />
                <BranchPoint vc="1" uspid="2439" ordinal="10" offset="185" sl="82" path="0" offsetend="187" fileid="58" />
                <BranchPoint vc="10" uspid="2440" ordinal="11" offset="185" sl="82" path="1" offsetend="199" fileid="58" />
                <BranchPoint vc="1" uspid="2441" ordinal="12" offset="228" sl="87" path="0" offsetend="230" fileid="58" />
                <BranchPoint vc="9" uspid="2442" ordinal="13" offset="228" sl="87" path="1" offsetend="242" fileid="58" />
                <BranchPoint vc="1" uspid="2443" ordinal="14" offset="269" sl="92" path="0" offsetend="271" fileid="58" />
                <BranchPoint vc="8" uspid="2444" ordinal="15" offset="269" sl="92" path="1" offsetend="295" fileid="58" />
                <BranchPoint vc="7" uspid="2445" ordinal="16" offset="319" sl="99" path="0" offsetend="324" fileid="58" />
                <BranchPoint vc="1" uspid="2446" ordinal="17" offset="319" sl="99" path="1" offsetend="476" fileid="58" />
                <BranchPoint vc="5" uspid="2447" ordinal="18" offset="338" sl="102" path="0" offsetend="343" fileid="58" />
                <BranchPoint vc="2" uspid="2448" ordinal="19" offset="338" sl="102" path="1" offsetend="475" fileid="58" />
                <BranchPoint vc="1" uspid="2451" ordinal="22" offset="395" sl="104" path="0" offsetend="397" fileid="58" />
                <BranchPoint vc="4" uspid="2452" ordinal="23" offset="395" sl="104" path="1" offsetend="409" fileid="58" />
                <BranchPoint vc="1" uspid="2455" ordinal="26" offset="460" sl="109" path="0" offsetend="462" fileid="58" />
                <BranchPoint vc="3" uspid="2456" ordinal="27" offset="460" sl="109" path="1" offsetend="474" fileid="58" />
              </BranchPoints>
              <MethodPoint xsi:type="SequencePoint" vc="18" uspid="2392" ordinal="0" offset="0" sl="54" sc="9" el="54" ec="10" bec="0" bev="0" fileid="58" />
            </Method>
            <Method visited="true" cyclomaticComplexity="2" nPathComplexity="2" sequenceCoverage="100" branchCoverage="100" isConstructor="false" isStatic="false" isGetter="false" isSetter="false">
              <Summary numSequencePoints="5" visitedSequencePoints="5" numBranchPoints="3" visitedBranchPoints="3" sequenceCoverage="100" branchCoverage="100" maxCyclomaticComplexity="2" minCyclomaticComplexity="2" visitedClasses="0" numClasses="0" visitedMethods="1" numMethods="1" />
              <MetadataToken>100663669</MetadataToken>
              <Name>System.Void SportsWeb.Services.Services.InstallerCpuService::ValidateCPULocation(SportsWeb.Models.CPUModel)</Name>
              <FileRef uid="58" />
              <SequencePoints>
                <SequencePoint vc="4" uspid="2457" ordinal="0" offset="0" sl="118" sc="9" el="118" ec="10" bec="0" bev="0" fileid="58" />
                <SequencePoint vc="4" uspid="2458" ordinal="1" offset="1" sl="119" sc="13" el="119" ec="40" bec="2" bev="2" fileid="58" />
                <SequencePoint vc="1" uspid="2459" ordinal="2" offset="14" sl="120" sc="13" el="120" ec="14" bec="0" bev="0" fileid="58" />
                <SequencePoint vc="1" uspid="2460" ordinal="3" offset="15" sl="121" sc="17" el="121" ec="101" bec="0" bev="0" fileid="58" />
                <SequencePoint vc="3" uspid="2461" ordinal="4" offset="26" sl="123" sc="9" el="123" ec="10" bec="0" bev="0" fileid="58" />
              </SequencePoints>
              <BranchPoints>
                <BranchPoint vc="1" uspid="2462" ordinal="0" offset="12" sl="119" path="0" offsetend="14" fileid="58" />
                <BranchPoint vc="3" uspid="2463" ordinal="1" offset="12" sl="119" path="1" offsetend="26" fileid="58" />
              </BranchPoints>
              <MethodPoint xsi:type="SequencePoint" vc="4" uspid="2457" ordinal="0" offset="0" sl="118" sc="9" el="118" ec="10" bec="0" bev="0" fileid="58" />
            </Method>
            <Method visited="true" cyclomaticComplexity="2" nPathComplexity="2" sequenceCoverage="100" branchCoverage="100" isConstructor="false" isStatic="false" isGetter="false" isSetter="false">
              <Summary numSequencePoints="13" visitedSequencePoints="13" numBranchPoints="3" visitedBranchPoints="3" sequenceCoverage="100" branchCoverage="100" maxCyclomaticComplexity="2" minCyclomaticComplexity="2" visitedClasses="0" numClasses="0" visitedMethods="1" numMethods="1" />
              <MetadataToken>100663670</MetadataToken>
              <Name>System.Collections.Generic.IList`1&lt;SportsWeb.Models.CPUModel&gt; SportsWeb.Services.Services.InstallerCpuService::GetControllerBySite(System.Guid)</Name>
              <FileRef uid="58" />
              <SequencePoints>
                <SequencePoint vc="3" uspid="2464" ordinal="0" offset="0" sl="126" sc="9" el="126" ec="10" bec="0" bev="0" fileid="58" />
                <SequencePoint vc="3" uspid="2465" ordinal="1" offset="1" sl="128" sc="13" el="128" ec="14" bec="0" bev="0" fileid="58" />
                <SequencePoint vc="3" uspid="2466" ordinal="2" offset="2" sl="129" sc="17" el="129" ec="67" bec="0" bev="0" fileid="58" />
                <SequencePoint vc="3" uspid="2467" ordinal="3" offset="8" sl="130" sc="17" el="131" ec="59" bec="2" bev="2" fileid="58" />
                <SequencePoint vc="2" uspid="2468" ordinal="4" offset="32" sl="132" sc="17" el="132" ec="18" bec="0" bev="0" fileid="58" />
                <SequencePoint vc="2" uspid="2469" ordinal="5" offset="33" sl="133" sc="21" el="133" ec="65" bec="0" bev="0" fileid="58" />
                <SequencePoint vc="1" uspid="2470" ordinal="6" offset="46" sl="134" sc="17" el="134" ec="18" bec="0" bev="0" fileid="58" />
                <SequencePoint vc="2" uspid="2471" ordinal="7" offset="47" sl="135" sc="17" el="135" ec="36" bec="0" bev="0" fileid="58" />
                <SequencePoint vc="1" uspid="2472" ordinal="8" offset="51" sl="137" sc="13" el="137" ec="33" bec="0" bev="0" fileid="58" />
                <SequencePoint vc="1" uspid="2473" ordinal="9" offset="52" sl="138" sc="13" el="138" ec="14" bec="0" bev="0" fileid="58" />
                <SequencePoint vc="1" uspid="2474" ordinal="10" offset="53" sl="139" sc="17" el="139" ec="103" bec="0" bev="0" fileid="58" />
                <SequencePoint vc="1" uspid="2475" ordinal="11" offset="70" sl="140" sc="17" el="140" ec="23" bec="0" bev="0" fileid="58" />
                <SequencePoint vc="2" uspid="2476" ordinal="12" offset="72" sl="142" sc="9" el="142" ec="10" bec="0" bev="0" fileid="58" />
              </SequencePoints>
              <BranchPoints>
                <BranchPoint vc="2" uspid="2477" ordinal="0" offset="30" sl="130" path="0" offsetend="32" fileid="58" />
                <BranchPoint vc="1" uspid="2478" ordinal="1" offset="30" sl="130" path="1" offsetend="47" fileid="58" />
              </BranchPoints>
              <MethodPoint xsi:type="SequencePoint" vc="3" uspid="2464" ordinal="0" offset="0" sl="126" sc="9" el="126" ec="10" bec="0" bev="0" fileid="58" />
            </Method>
            <Method visited="true" cyclomaticComplexity="1" nPathComplexity="0" sequenceCoverage="100" branchCoverage="100" isConstructor="false" isStatic="false" isGetter="false" isSetter="false">
              <Summary numSequencePoints="8" visitedSequencePoints="8" numBranchPoints="1" visitedBranchPoints="1" sequenceCoverage="100" branchCoverage="100" maxCyclomaticComplexity="1" minCyclomaticComplexity="1" visitedClasses="0" numClasses="0" visitedMethods="1" numMethods="1" />
              <MetadataToken>100663671</MetadataToken>
              <Name>System.Collections.Generic.IList`1&lt;SportsWeb.Models.Models.ControllerStatusModel&gt; SportsWeb.Services.Services.InstallerCpuService::GetControllerStatusBySite(System.Guid)</Name>
              <FileRef uid="58" />
              <SequencePoints>
                <SequencePoint vc="2" uspid="2479" ordinal="0" offset="0" sl="145" sc="9" el="145" ec="10" bec="0" bev="0" fileid="58" />
                <SequencePoint vc="2" uspid="2480" ordinal="1" offset="1" sl="147" sc="13" el="147" ec="14" bec="0" bev="0" fileid="58" />
                <SequencePoint vc="2" uspid="2481" ordinal="2" offset="2" sl="148" sc="17" el="148" ec="66" bec="0" bev="0" fileid="58" />
                <SequencePoint vc="1" uspid="2482" ordinal="3" offset="17" sl="150" sc="13" el="150" ec="33" bec="0" bev="0" fileid="58" />
                <SequencePoint vc="1" uspid="2483" ordinal="4" offset="18" sl="151" sc="13" el="151" ec="14" bec="0" bev="0" fileid="58" />
                <SequencePoint vc="1" uspid="2484" ordinal="5" offset="19" sl="152" sc="17" el="152" ec="109" bec="0" bev="0" fileid="58" />
                <SequencePoint vc="1" uspid="2485" ordinal="6" offset="36" sl="153" sc="17" el="153" ec="23" bec="0" bev="0" fileid="58" />
                <SequencePoint vc="1" uspid="2486" ordinal="7" offset="38" sl="155" sc="9" el="155" ec="10" bec="0" bev="0" fileid="58" />
              </SequencePoints>
              <BranchPoints />
              <MethodPoint xsi:type="SequencePoint" vc="2" uspid="2479" ordinal="0" offset="0" sl="145" sc="9" el="145" ec="10" bec="0" bev="0" fileid="58" />
            </Method>
            <Method visited="true" cyclomaticComplexity="2" nPathComplexity="2" sequenceCoverage="100" branchCoverage="100" isConstructor="false" isStatic="false" isGetter="false" isSetter="false">
              <Summary numSequencePoints="19" visitedSequencePoints="19" numBranchPoints="3" visitedBranchPoints="3" sequenceCoverage="100" branchCoverage="100" maxCyclomaticComplexity="2" minCyclomaticComplexity="2" visitedClasses="0" numClasses="0" visitedMethods="1" numMethods="1" />
              <MetadataToken>100663672</MetadataToken>
              <Name>System.String SportsWeb.Services.Services.InstallerCpuService::SetControllerLocation(SportsWeb.Models.CPUModel)</Name>
              <FileRef uid="58" />
              <SequencePoints>
                <SequencePoint vc="3" uspid="2487" ordinal="0" offset="13" sl="158" sc="9" el="158" ec="10" bec="0" bev="0" fileid="58" />
                <SequencePoint vc="3" uspid="2488" ordinal="1" offset="14" sl="160" sc="13" el="160" ec="14" bec="0" bev="0" fileid="58" />
                <SequencePoint vc="3" uspid="2489" ordinal="2" offset="15" sl="161" sc="17" el="161" ec="36" bec="0" bev="0" fileid="58" />
                <SequencePoint vc="3" uspid="2490" ordinal="3" offset="28" sl="162" sc="17" el="162" ec="44" bec="0" bev="0" fileid="58" />
                <SequencePoint vc="3" uspid="2491" ordinal="4" offset="41" sl="164" sc="17" el="164" ec="67" bec="0" bev="0" fileid="58" />
                <SequencePoint vc="3" uspid="2492" ordinal="5" offset="47" sl="165" sc="17" el="165" ec="67" bec="0" bev="0" fileid="58" />
                <SequencePoint vc="3" uspid="2493" ordinal="6" offset="70" sl="167" sc="17" el="167" ec="100" bec="0" bev="0" fileid="58" />
                <SequencePoint vc="3" uspid="2494" ordinal="7" offset="94" sl="168" sc="17" el="168" ec="40" bec="2" bev="2" fileid="58" />
                <SequencePoint vc="1" uspid="2495" ordinal="8" offset="102" sl="169" sc="17" el="169" ec="18" bec="0" bev="0" fileid="58" />
                <SequencePoint vc="1" uspid="2496" ordinal="9" offset="103" sl="170" sc="21" el="170" ec="108" bec="0" bev="0" fileid="58" />
                <SequencePoint vc="2" uspid="2497" ordinal="10" offset="114" sl="174" sc="17" el="174" ec="62" bec="0" bev="0" fileid="58" />
                <SequencePoint vc="2" uspid="2498" ordinal="11" offset="132" sl="175" sc="17" el="175" ec="46" bec="0" bev="0" fileid="58" />
                <SequencePoint vc="2" uspid="2499" ordinal="12" offset="150" sl="177" sc="17" el="177" ec="47" bec="0" bev="0" fileid="58" />
                <SequencePoint vc="1" uspid="2500" ordinal="13" offset="168" sl="179" sc="17" el="179" ec="37" bec="0" bev="0" fileid="58" />
                <SequencePoint vc="2" uspid="2501" ordinal="14" offset="183" sl="181" sc="13" el="181" ec="33" bec="0" bev="0" fileid="58" />
                <SequencePoint vc="2" uspid="2502" ordinal="15" offset="185" sl="182" sc="13" el="182" ec="14" bec="0" bev="0" fileid="58" />
                <SequencePoint vc="2" uspid="2503" ordinal="16" offset="186" sl="183" sc="17" el="183" ec="106" bec="0" bev="0" fileid="58" />
                <SequencePoint vc="2" uspid="2504" ordinal="17" offset="204" sl="184" sc="17" el="184" ec="23" bec="0" bev="0" fileid="58" />
                <SequencePoint vc="1" uspid="2505" ordinal="18" offset="206" sl="186" sc="9" el="186" ec="10" bec="0" bev="0" fileid="58" />
              </SequencePoints>
              <BranchPoints>
                <BranchPoint vc="1" uspid="2506" ordinal="0" offset="100" sl="168" path="0" offsetend="102" fileid="58" />
                <BranchPoint vc="2" uspid="2507" ordinal="1" offset="100" sl="168" path="1" offsetend="114" fileid="58" />
              </BranchPoints>
              <MethodPoint vc="3" uspid="2508" ordinal="0" offset="0" />
            </Method>
            <Method visited="true" cyclomaticComplexity="1" nPathComplexity="0" sequenceCoverage="100" branchCoverage="100" isConstructor="true" isStatic="true" isGetter="false" isSetter="false">
              <Summary numSequencePoints="1" visitedSequencePoints="1" numBranchPoints="1" visitedBranchPoints="1" sequenceCoverage="100" branchCoverage="100" maxCyclomaticComplexity="1" minCyclomaticComplexity="1" visitedClasses="0" numClasses="0" visitedMethods="1" numMethods="1" />
              <MetadataToken>100663673</MetadataToken>
              <Name>System.Void SportsWeb.Services.Services.InstallerCpuService::.cctor()</Name>
              <FileRef uid="58" />
              <SequencePoints>
                <SequencePoint vc="1" uspid="2509" ordinal="0" offset="0" sl="20" sc="9" el="20" ec="94" bec="0" bev="0" fileid="58" />
              </SequencePoints>
              <BranchPoints />
              <MethodPoint xsi:type="SequencePoint" vc="1" uspid="2509" ordinal="0" offset="0" sl="20" sc="9" el="20" ec="94" bec="0" bev="0" fileid="58" />
            </Method>
          </Methods>
        </Class>
        <Class>
          <Summary numSequencePoints="1" visitedSequencePoints="1" numBranchPoints="1" visitedBranchPoints="1" sequenceCoverage="100" branchCoverage="100" maxCyclomaticComplexity="1" minCyclomaticComplexity="1" visitedClasses="1" numClasses="1" visitedMethods="1" numMethods="1" />
          <FullName>SportsWeb.Services.Services.InstallerCpuService/&lt;&gt;c__DisplayClass9_0</FullName>
          <Methods>
            <Method visited="true" cyclomaticComplexity="1" nPathComplexity="0" sequenceCoverage="0" branchCoverage="0" isConstructor="true" isStatic="false" isGetter="false" isSetter="false">
              <Summary numSequencePoints="0" visitedSequencePoints="0" numBranchPoints="0" visitedBranchPoints="0" sequenceCoverage="0" branchCoverage="0" maxCyclomaticComplexity="1" minCyclomaticComplexity="1" visitedClasses="0" numClasses="0" visitedMethods="0" numMethods="0" />
              <MetadataToken>100666859</MetadataToken>
              <Name>System.Void SportsWeb.Services.Services.InstallerCpuService/&lt;&gt;c__DisplayClass9_0::.ctor()</Name>
              <SequencePoints />
              <BranchPoints />
              <MethodPoint vc="3" uspid="2510" ordinal="0" offset="0" />
            </Method>
            <Method visited="true" cyclomaticComplexity="1" nPathComplexity="0" sequenceCoverage="100" branchCoverage="100" isConstructor="false" isStatic="false" isGetter="false" isSetter="false">
              <Summary numSequencePoints="1" visitedSequencePoints="1" numBranchPoints="1" visitedBranchPoints="1" sequenceCoverage="100" branchCoverage="100" maxCyclomaticComplexity="1" minCyclomaticComplexity="1" visitedClasses="0" numClasses="0" visitedMethods="1" numMethods="1" />
              <MetadataToken>100666860</MetadataToken>
              <Name>System.Boolean SportsWeb.Services.Services.InstallerCpuService/&lt;&gt;c__DisplayClass9_0::&lt;SetControllerLocation&gt;b__0(SportsWeb.Models.CPUModel)</Name>
              <FileRef uid="58" />
              <SequencePoints>
                <SequencePoint vc="4" uspid="2511" ordinal="0" offset="0" sl="167" sc="57" el="167" ec="81" bec="0" bev="0" fileid="58" />
              </SequencePoints>
              <BranchPoints />
              <MethodPoint xsi:type="SequencePoint" vc="4" uspid="2511" ordinal="0" offset="0" sl="167" sc="57" el="167" ec="81" bec="0" bev="0" fileid="58" />
            </Method>
          </Methods>
        </Class>
        <Class>
          <Summary numSequencePoints="70" visitedSequencePoints="70" numBranchPoints="18" visitedBranchPoints="18" sequenceCoverage="100" branchCoverage="100" maxCyclomaticComplexity="10" minCyclomaticComplexity="1" visitedClasses="1" numClasses="1" visitedMethods="4" numMethods="4" />
          <FullName>SportsWeb.Services.Services.TabletPermissionService</FullName>
          <Methods>
            <Method visited="true" cyclomaticComplexity="1" nPathComplexity="0" sequenceCoverage="100" branchCoverage="100" isConstructor="true" isStatic="false" isGetter="false" isSetter="false">
              <Summary numSequencePoints="6" visitedSequencePoints="6" numBranchPoints="1" visitedBranchPoints="1" sequenceCoverage="100" branchCoverage="100" maxCyclomaticComplexity="1" minCyclomaticComplexity="1" visitedClasses="0" numClasses="0" visitedMethods="1" numMethods="1" />
              <MetadataToken>100663674</MetadataToken>
              <Name>System.Void SportsWeb.Services.Services.TabletPermissionService::.ctor()</Name>
              <FileRef uid="60" />
              <SequencePoints>
                <SequencePoint vc="18" uspid="2512" ordinal="0" offset="0" sl="23" sc="9" el="23" ec="41" bec="0" bev="0" fileid="60" />
                <SequencePoint vc="18" uspid="2513" ordinal="1" offset="7" sl="24" sc="9" el="24" ec="10" bec="0" bev="0" fileid="60" />
                <SequencePoint vc="18" uspid="2514" ordinal="2" offset="8" sl="25" sc="13" el="25" ec="76" bec="0" bev="0" fileid="60" />
                <SequencePoint vc="18" uspid="2515" ordinal="3" offset="29" sl="26" sc="13" el="26" ec="78" bec="0" bev="0" fileid="60" />
                <SequencePoint vc="18" uspid="2516" ordinal="4" offset="50" sl="27" sc="13" el="27" ec="85" bec="0" bev="0" fileid="60" />
                <SequencePoint vc="18" uspid="2517" ordinal="5" offset="71" sl="28" sc="9" el="28" ec="10" bec="0" bev="0" fileid="60" />
              </SequencePoints>
              <BranchPoints />
              <MethodPoint xsi:type="SequencePoint" vc="18" uspid="2512" ordinal="0" offset="0" sl="23" sc="9" el="23" ec="41" bec="0" bev="0" fileid="60" />
            </Method>
            <Method visited="true" cyclomaticComplexity="8" nPathComplexity="2" sequenceCoverage="100" branchCoverage="100" isConstructor="false" isStatic="false" isGetter="false" isSetter="false">
              <Summary numSequencePoints="30" visitedSequencePoints="30" numBranchPoints="3" visitedBranchPoints="3" sequenceCoverage="100" branchCoverage="100" maxCyclomaticComplexity="8" minCyclomaticComplexity="8" visitedClasses="0" numClasses="0" visitedMethods="1" numMethods="1" />
              <MetadataToken>100663675</MetadataToken>
              <Name>SportsWeb.Models.UserSitePermissions SportsWeb.Services.Services.TabletPermissionService::GetUserSitePermissions(System.String,System.Guid)</Name>
              <FileRef uid="60" />
              <SequencePoints>
                <SequencePoint vc="10" uspid="2518" ordinal="0" offset="0" sl="37" sc="9" el="37" ec="10" bec="0" bev="0" fileid="60" />
                <SequencePoint vc="10" uspid="2519" ordinal="1" offset="1" sl="38" sc="13" el="38" ec="68" bec="0" bev="0" fileid="60" />
                <SequencePoint vc="10" uspid="2520" ordinal="2" offset="15" sl="39" sc="13" el="39" ec="59" bec="0" bev="0" fileid="60" />
                <SequencePoint vc="10" uspid="2521" ordinal="3" offset="28" sl="41" sc="13" el="42" ec="50" bec="0" bev="0" fileid="60" />
                <SequencePoint vc="10" uspid="2522" ordinal="4" offset="46" sl="45" sc="13" el="45" ec="20" bec="0" bev="0" fileid="60" />
                <SequencePoint vc="10" uspid="2523" ordinal="5" offset="47" sl="45" sc="35" el="45" ec="58" bec="0" bev="0" fileid="60" />
                <SequencePoint vc="10" uspid="2524" ordinal="6" offset="69" sl="45" sc="22" el="45" ec="31" bec="0" bev="0" fileid="60" />
                <SequencePoint vc="10" uspid="2525" ordinal="7" offset="78" sl="46" sc="13" el="46" ec="14" bec="0" bev="0" fileid="60" />
                <SequencePoint vc="10" uspid="2526" ordinal="8" offset="79" sl="48" sc="17" el="48" ec="62" bec="0" bev="0" fileid="60" />
                <SequencePoint vc="10" uspid="2527" ordinal="9" offset="88" sl="49" sc="17" el="49" ec="66" bec="0" bev="0" fileid="60" />
                <SequencePoint vc="10" uspid="2528" ordinal="10" offset="101" sl="51" sc="17" el="51" ec="24" bec="0" bev="0" fileid="60" />
                <SequencePoint vc="10" uspid="2529" ordinal="11" offset="102" sl="51" sc="51" el="51" ec="89" bec="0" bev="0" fileid="60" />
                <SequencePoint vc="60" uspid="2530" ordinal="12" offset="126" sl="51" sc="26" el="51" ec="47" bec="0" bev="0" fileid="60" />
                <SequencePoint vc="60" uspid="2531" ordinal="13" offset="147" sl="52" sc="17" el="52" ec="18" bec="0" bev="0" fileid="60" />
                <SequencePoint vc="60" uspid="2532" ordinal="14" offset="148" sl="53" sc="21" el="53" ec="116" bec="0" bev="0" fileid="60" />
                <SequencePoint vc="60" uspid="2533" ordinal="15" offset="188" sl="54" sc="21" el="54" ec="151" bec="0" bev="0" fileid="60" />
                <SequencePoint vc="60" uspid="2534" ordinal="16" offset="225" sl="55" sc="21" el="55" ec="58" bec="0" bev="0" fileid="60" />
                <SequencePoint vc="60" uspid="2535" ordinal="17" offset="245" sl="56" sc="17" el="56" ec="18" bec="0" bev="0" fileid="60" />
                <SequencePoint vc="70" uspid="2536" ordinal="18" offset="246" sl="51" sc="48" el="51" ec="50" bec="0" bev="0" fileid="60" />
                <SequencePoint vc="10" uspid="2537" ordinal="19" offset="282" sl="58" sc="17" el="58" ec="65" bec="0" bev="0" fileid="60" />
                <SequencePoint vc="10" uspid="2538" ordinal="20" offset="294" sl="60" sc="17" el="60" ec="71" bec="0" bev="0" fileid="60" />
                <SequencePoint vc="10" uspid="2539" ordinal="21" offset="314" sl="61" sc="17" el="62" ec="91" bec="2" bev="2" fileid="60" />
                <SequencePoint vc="4" uspid="2540" ordinal="22" offset="375" sl="63" sc="17" el="63" ec="18" bec="0" bev="0" fileid="60" />
                <SequencePoint vc="4" uspid="2541" ordinal="23" offset="376" sl="64" sc="21" el="64" ec="84" bec="0" bev="0" fileid="60" />
                <SequencePoint vc="4" uspid="2542" ordinal="24" offset="420" sl="65" sc="17" el="65" ec="18" bec="0" bev="0" fileid="60" />
                <SequencePoint vc="10" uspid="2543" ordinal="25" offset="421" sl="67" sc="17" el="67" ec="57" bec="0" bev="0" fileid="60" />
                <SequencePoint vc="10" uspid="2544" ordinal="26" offset="435" sl="68" sc="13" el="68" ec="14" bec="0" bev="0" fileid="60" />
                <SequencePoint vc="20" uspid="2545" ordinal="27" offset="436" sl="45" sc="32" el="45" ec="34" bec="0" bev="0" fileid="60" />
                <SequencePoint vc="10" uspid="2546" ordinal="28" offset="465" sl="70" sc="13" el="70" ec="36" bec="0" bev="0" fileid="60" />
                <SequencePoint vc="10" uspid="2547" ordinal="29" offset="470" sl="71" sc="9" el="71" ec="10" bec="0" bev="0" fileid="60" />
              </SequencePoints>
              <BranchPoints>
                <BranchPoint vc="4" uspid="2554" ordinal="6" offset="373" sl="61" path="0" offsetend="375" fileid="60" />
                <BranchPoint vc="6" uspid="2555" ordinal="7" offset="373" sl="61" path="1" offsetend="421" fileid="60" />
              </BranchPoints>
              <MethodPoint xsi:type="SequencePoint" vc="10" uspid="2518" ordinal="0" offset="0" sl="37" sc="9" el="37" ec="10" bec="0" bev="0" fileid="60" />
            </Method>
            <Method visited="true" cyclomaticComplexity="6" nPathComplexity="4" sequenceCoverage="100" branchCoverage="100" isConstructor="false" isStatic="false" isGetter="false" isSetter="false">
              <Summary numSequencePoints="12" visitedSequencePoints="12" numBranchPoints="5" visitedBranchPoints="5" sequenceCoverage="100" branchCoverage="100" maxCyclomaticComplexity="6" minCyclomaticComplexity="6" visitedClasses="0" numClasses="0" visitedMethods="1" numMethods="1" />
              <MetadataToken>100663676</MetadataToken>
              <Name>System.Void SportsWeb.Services.Services.TabletPermissionService::HalfFieldButtonEnable(SportsWeb.Models.Field,SportsWeb.Models.UserDto,SportsWeb.Models.TabletField)</Name>
              <FileRef uid="60" />
              <SequencePoints>
                <SequencePoint vc="10" uspid="2560" ordinal="0" offset="0" sl="80" sc="9" el="80" ec="10" bec="0" bev="0" fileid="60" />
                <SequencePoint vc="10" uspid="2561" ordinal="1" offset="1" sl="81" sc="13" el="81" ec="40" bec="2" bev="2" fileid="60" />
                <SequencePoint vc="4" uspid="2562" ordinal="2" offset="11" sl="82" sc="13" el="82" ec="14" bec="0" bev="0" fileid="60" />
                <SequencePoint vc="4" uspid="2563" ordinal="3" offset="12" sl="83" sc="17" el="84" ec="101" bec="2" bev="2" fileid="60" />
                <SequencePoint vc="2" uspid="2564" ordinal="4" offset="61" sl="85" sc="17" el="85" ec="18" bec="0" bev="0" fileid="60" />
                <SequencePoint vc="2" uspid="2565" ordinal="5" offset="62" sl="86" sc="21" el="93" ec="24" bec="0" bev="0" fileid="60" />
                <SequencePoint vc="2" uspid="2566" ordinal="6" offset="105" sl="94" sc="17" el="94" ec="18" bec="0" bev="0" fileid="60" />
                <SequencePoint vc="4" uspid="2567" ordinal="7" offset="106" sl="95" sc="13" el="95" ec="14" bec="0" bev="0" fileid="60" />
                <SequencePoint vc="6" uspid="2568" ordinal="8" offset="109" sl="97" sc="13" el="97" ec="14" bec="0" bev="0" fileid="60" />
                <SequencePoint vc="6" uspid="2569" ordinal="9" offset="110" sl="98" sc="17" el="106" ec="20" bec="0" bev="0" fileid="60" />
                <SequencePoint vc="6" uspid="2570" ordinal="10" offset="153" sl="107" sc="13" el="107" ec="14" bec="0" bev="0" fileid="60" />
                <SequencePoint vc="10" uspid="2571" ordinal="11" offset="154" sl="108" sc="9" el="108" ec="10" bec="0" bev="0" fileid="60" />
              </SequencePoints>
              <BranchPoints>
                <BranchPoint vc="4" uspid="2572" ordinal="0" offset="9" sl="81" path="0" offsetend="11" fileid="60" />
                <BranchPoint vc="6" uspid="2573" ordinal="1" offset="9" sl="81" path="1" offsetend="109" fileid="60" />
                <BranchPoint vc="2" uspid="2576" ordinal="4" offset="59" sl="83" path="0" offsetend="61" fileid="60" />
                <BranchPoint vc="2" uspid="2577" ordinal="5" offset="59" sl="83" path="1" offsetend="106" fileid="60" />
              </BranchPoints>
              <MethodPoint xsi:type="SequencePoint" vc="10" uspid="2560" ordinal="0" offset="0" sl="80" sc="9" el="80" ec="10" bec="0" bev="0" fileid="60" />
            </Method>
            <Method visited="true" cyclomaticComplexity="10" nPathComplexity="16" sequenceCoverage="100" branchCoverage="100" isConstructor="false" isStatic="false" isGetter="false" isSetter="false">
              <Summary numSequencePoints="22" visitedSequencePoints="22" numBranchPoints="9" visitedBranchPoints="9" sequenceCoverage="100" branchCoverage="100" maxCyclomaticComplexity="10" minCyclomaticComplexity="10" visitedClasses="0" numClasses="0" visitedMethods="1" numMethods="1" />
              <MetadataToken>100663677</MetadataToken>
              <Name>System.Boolean SportsWeb.Services.Services.TabletPermissionService::CanChangeScene(System.String,System.Guid,SportsWeb.Entities.PitchStateEnum)</Name>
              <FileRef uid="60" />
              <SequencePoints>
                <SequencePoint vc="8" uspid="2582" ordinal="0" offset="20" sl="119" sc="9" el="119" ec="10" bec="0" bev="0" fileid="60" />
                <SequencePoint vc="8" uspid="2583" ordinal="1" offset="21" sl="120" sc="20" el="120" ec="47" bec="0" bev="0" fileid="60" />
                <SequencePoint vc="8" uspid="2584" ordinal="2" offset="28" sl="121" sc="13" el="121" ec="14" bec="0" bev="0" fileid="60" />
                <SequencePoint vc="8" uspid="2585" ordinal="3" offset="29" sl="122" sc="17" el="122" ec="67" bec="0" bev="0" fileid="60" />
                <SequencePoint vc="8" uspid="2586" ordinal="4" offset="36" sl="123" sc="17" el="123" ec="103" bec="0" bev="0" fileid="60" />
                <SequencePoint vc="8" uspid="2587" ordinal="5" offset="192" sl="124" sc="17" el="124" ec="35" bec="2" bev="2" fileid="60" />
                <SequencePoint vc="1" uspid="2588" ordinal="6" offset="202" sl="124" sc="36" el="124" ec="49" bec="0" bev="0" fileid="60" />
                <SequencePoint vc="7" uspid="2589" ordinal="7" offset="210" sl="125" sc="17" el="125" ec="18" bec="0" bev="0" fileid="60" />
                <SequencePoint vc="7" uspid="2590" ordinal="8" offset="211" sl="126" sc="21" el="126" ec="48" bec="0" bev="0" fileid="60" />
                <SequencePoint vc="7" uspid="2591" ordinal="9" offset="219" sl="128" sc="21" el="128" ec="76" bec="0" bev="0" fileid="60" />
                <SequencePoint vc="7" uspid="2592" ordinal="10" offset="235" sl="129" sc="21" el="129" ec="74" bec="0" bev="0" fileid="60" />
                <SequencePoint vc="7" uspid="2593" ordinal="11" offset="254" sl="130" sc="21" el="131" ec="95" bec="2" bev="2" fileid="60" />
                <SequencePoint vc="1" uspid="2594" ordinal="12" offset="316" sl="132" sc="21" el="132" ec="22" bec="0" bev="0" fileid="60" />
                <SequencePoint vc="1" uspid="2595" ordinal="13" offset="317" sl="133" sc="25" el="133" ec="38" bec="0" bev="0" fileid="60" />
                <SequencePoint vc="6" uspid="2596" ordinal="14" offset="325" sl="135" sc="21" el="135" ec="103" bec="2" bev="2" fileid="60" />
                <SequencePoint vc="2" uspid="2597" ordinal="15" offset="355" sl="136" sc="21" el="136" ec="22" bec="0" bev="0" fileid="60" />
                <SequencePoint vc="2" uspid="2598" ordinal="16" offset="356" sl="137" sc="25" el="137" ec="81" bec="0" bev="0" fileid="60" />
                <SequencePoint vc="4" uspid="2599" ordinal="17" offset="384" sl="139" sc="21" el="139" ec="48" bec="2" bev="2" fileid="60" />
                <SequencePoint vc="2" uspid="2600" ordinal="18" offset="396" sl="140" sc="21" el="140" ec="22" bec="0" bev="0" fileid="60" />
                <SequencePoint vc="2" uspid="2601" ordinal="19" offset="397" sl="141" sc="25" el="142" ec="112" bec="0" bev="0" fileid="60" />
                <SequencePoint vc="2" uspid="2602" ordinal="20" offset="447" sl="144" sc="21" el="144" ec="34" bec="0" bev="0" fileid="60" />
                <SequencePoint vc="8" uspid="2603" ordinal="21" offset="463" sl="147" sc="9" el="147" ec="10" bec="0" bev="0" fileid="60" />
              </SequencePoints>
              <BranchPoints>
                <BranchPoint vc="1" uspid="2604" ordinal="0" offset="200" sl="124" path="0" offsetend="202" fileid="60" />
                <BranchPoint vc="7" uspid="2605" ordinal="1" offset="200" sl="124" path="1" offsetend="210" fileid="60" />
                <BranchPoint vc="1" uspid="2610" ordinal="6" offset="314" sl="130" path="0" offsetend="316" fileid="60" />
                <BranchPoint vc="6" uspid="2611" ordinal="7" offset="314" sl="130" path="1" offsetend="325" fileid="60" />
                <BranchPoint vc="2" uspid="2614" ordinal="10" offset="353" sl="135" path="0" offsetend="355" fileid="60" />
                <BranchPoint vc="4" uspid="2615" ordinal="11" offset="353" sl="135" path="1" offsetend="384" fileid="60" />
                <BranchPoint vc="2" uspid="2616" ordinal="12" offset="394" sl="139" path="0" offsetend="396" fileid="60" />
                <BranchPoint vc="2" uspid="2617" ordinal="13" offset="394" sl="139" path="1" offsetend="447" fileid="60" />
              </BranchPoints>
              <MethodPoint vc="8" uspid="2620" ordinal="0" offset="0" />
            </Method>
          </Methods>
        </Class>
        <Class>
          <Summary numSequencePoints="1" visitedSequencePoints="1" numBranchPoints="1" visitedBranchPoints="1" sequenceCoverage="100" branchCoverage="100" maxCyclomaticComplexity="1" minCyclomaticComplexity="1" visitedClasses="1" numClasses="1" visitedMethods="1" numMethods="1" />
          <FullName>SportsWeb.Services.Services.TabletPermissionService/&lt;&gt;c__DisplayClass4_0</FullName>
          <Methods>
            <Method visited="true" cyclomaticComplexity="1" nPathComplexity="0" sequenceCoverage="0" branchCoverage="0" isConstructor="true" isStatic="false" isGetter="false" isSetter="false">
              <Summary numSequencePoints="0" visitedSequencePoints="0" numBranchPoints="0" visitedBranchPoints="0" sequenceCoverage="0" branchCoverage="0" maxCyclomaticComplexity="1" minCyclomaticComplexity="1" visitedClasses="0" numClasses="0" visitedMethods="0" numMethods="0" />
              <MetadataToken>100666861</MetadataToken>
              <Name>System.Void SportsWeb.Services.Services.TabletPermissionService/&lt;&gt;c__DisplayClass4_0::.ctor()</Name>
              <SequencePoints />
              <BranchPoints />
              <MethodPoint vc="60" uspid="2621" ordinal="0" offset="0" />
            </Method>
            <Method visited="true" cyclomaticComplexity="1" nPathComplexity="0" sequenceCoverage="100" branchCoverage="100" isConstructor="false" isStatic="false" isGetter="false" isSetter="false">
              <Summary numSequencePoints="1" visitedSequencePoints="1" numBranchPoints="1" visitedBranchPoints="1" sequenceCoverage="100" branchCoverage="100" maxCyclomaticComplexity="1" minCyclomaticComplexity="1" visitedClasses="0" numClasses="0" visitedMethods="1" numMethods="1" />
              <MetadataToken>100666862</MetadataToken>
              <Name>System.Boolean SportsWeb.Services.Services.TabletPermissionService/&lt;&gt;c__DisplayClass4_0::&lt;GetUserSitePermissions&gt;b__1(SportsWeb.Entities.ScenePermissions)</Name>
              <FileRef uid="60" />
              <SequencePoints>
                <SequencePoint vc="80" uspid="2622" ordinal="0" offset="0" sl="54" sc="65" el="54" ec="149" bec="0" bev="0" fileid="60" />
              </SequencePoints>
              <BranchPoints />
              <MethodPoint xsi:type="SequencePoint" vc="80" uspid="2622" ordinal="0" offset="0" sl="54" sc="65" el="54" ec="149" bec="0" bev="0" fileid="60" />
            </Method>
          </Methods>
        </Class>
        <Class>
          <Summary numSequencePoints="18" visitedSequencePoints="18" numBranchPoints="11" visitedBranchPoints="11" sequenceCoverage="100" branchCoverage="100" maxCyclomaticComplexity="3" minCyclomaticComplexity="1" visitedClasses="1" numClasses="1" visitedMethods="7" numMethods="7" />
          <FullName>SportsWeb.Services.Services.TabletPermissionService/&lt;&gt;c</FullName>
          <Methods>
            <Method visited="true" cyclomaticComplexity="1" nPathComplexity="0" sequenceCoverage="0" branchCoverage="0" isConstructor="true" isStatic="true" isGetter="false" isSetter="false">
              <Summary numSequencePoints="0" visitedSequencePoints="0" numBranchPoints="0" visitedBranchPoints="0" sequenceCoverage="0" branchCoverage="0" maxCyclomaticComplexity="1" minCyclomaticComplexity="1" visitedClasses="0" numClasses="0" visitedMethods="0" numMethods="0" />
              <MetadataToken>100666863</MetadataToken>
              <Name>System.Void SportsWeb.Services.Services.TabletPermissionService/&lt;&gt;c::.cctor()</Name>
              <SequencePoints />
              <BranchPoints />
              <MethodPoint vc="1" uspid="2623" ordinal="0" offset="0" />
            </Method>
            <Method visited="true" cyclomaticComplexity="1" nPathComplexity="0" sequenceCoverage="0" branchCoverage="0" isConstructor="true" isStatic="false" isGetter="false" isSetter="false">
              <Summary numSequencePoints="0" visitedSequencePoints="0" numBranchPoints="0" visitedBranchPoints="0" sequenceCoverage="0" branchCoverage="0" maxCyclomaticComplexity="1" minCyclomaticComplexity="1" visitedClasses="0" numClasses="0" visitedMethods="0" numMethods="0" />
              <MetadataToken>100666864</MetadataToken>
              <Name>System.Void SportsWeb.Services.Services.TabletPermissionService/&lt;&gt;c::.ctor()</Name>
              <SequencePoints />
              <BranchPoints />
              <MethodPoint vc="1" uspid="2624" ordinal="0" offset="0" />
            </Method>
            <Method visited="true" cyclomaticComplexity="1" nPathComplexity="0" sequenceCoverage="100" branchCoverage="100" isConstructor="false" isStatic="false" isGetter="false" isSetter="false">
              <Summary numSequencePoints="1" visitedSequencePoints="1" numBranchPoints="1" visitedBranchPoints="1" sequenceCoverage="100" branchCoverage="100" maxCyclomaticComplexity="1" minCyclomaticComplexity="1" visitedClasses="0" numClasses="0" visitedMethods="1" numMethods="1" />
              <MetadataToken>100666865</MetadataToken>
              <Name>System.Boolean SportsWeb.Services.Services.TabletPermissionService/&lt;&gt;c::&lt;GetUserSitePermissions&gt;b__4_2(SportsWeb.Entities.ScenePermissions)</Name>
              <FileRef uid="60" />
              <SequencePoints>
                <SequencePoint vc="7" uspid="2625" ordinal="0" offset="0" sl="62" sc="42" el="62" ec="89" bec="0" bev="0" fileid="60" />
              </SequencePoints>
              <BranchPoints />
              <MethodPoint xsi:type="SequencePoint" vc="7" uspid="2625" ordinal="0" offset="0" sl="62" sc="42" el="62" ec="89" bec="0" bev="0" fileid="60" />
            </Method>
            <Method visited="true" cyclomaticComplexity="1" nPathComplexity="0" sequenceCoverage="100" branchCoverage="100" isConstructor="false" isStatic="false" isGetter="false" isSetter="false">
              <Summary numSequencePoints="1" visitedSequencePoints="1" numBranchPoints="1" visitedBranchPoints="1" sequenceCoverage="100" branchCoverage="100" maxCyclomaticComplexity="1" minCyclomaticComplexity="1" visitedClasses="0" numClasses="0" visitedMethods="1" numMethods="1" />
              <MetadataToken>100666866</MetadataToken>
              <Name>System.Void SportsWeb.Services.Services.TabletPermissionService/&lt;&gt;c::&lt;GetUserSitePermissions&gt;b__4_0(SportsWeb.Models.ControlButtons)</Name>
              <FileRef uid="60" />
              <SequencePoints>
                <SequencePoint vc="24" uspid="2626" ordinal="0" offset="0" sl="64" sc="59" el="64" ec="82" bec="0" bev="0" fileid="60" />
              </SequencePoints>
              <BranchPoints />
              <MethodPoint xsi:type="SequencePoint" vc="24" uspid="2626" ordinal="0" offset="0" sl="64" sc="59" el="64" ec="82" bec="0" bev="0" fileid="60" />
            </Method>
            <Method visited="true" cyclomaticComplexity="2" nPathComplexity="0" sequenceCoverage="100" branchCoverage="100" isConstructor="false" isStatic="false" isGetter="false" isSetter="false">
              <Summary numSequencePoints="1" visitedSequencePoints="1" numBranchPoints="1" visitedBranchPoints="1" sequenceCoverage="100" branchCoverage="100" maxCyclomaticComplexity="2" minCyclomaticComplexity="2" visitedClasses="0" numClasses="0" visitedMethods="1" numMethods="1" />
              <MetadataToken>100666867</MetadataToken>
              <Name>System.Boolean SportsWeb.Services.Services.TabletPermissionService/&lt;&gt;c::&lt;HalfFieldButtonEnable&gt;b__5_2(SportsWeb.Entities.ScenePermissions)</Name>
              <FileRef uid="60" />
              <SequencePoints>
                <SequencePoint vc="6" uspid="2627" ordinal="0" offset="0" sl="83" sc="44" el="84" ec="94" bec="0" bev="0" fileid="60" />
              </SequencePoints>
              <BranchPoints />
              <MethodPoint xsi:type="SequencePoint" vc="6" uspid="2627" ordinal="0" offset="0" sl="83" sc="44" el="84" ec="94" bec="0" bev="0" fileid="60" />
            </Method>
            <Method visited="true" cyclomaticComplexity="3" nPathComplexity="2" sequenceCoverage="100" branchCoverage="100" isConstructor="false" isStatic="false" isGetter="false" isSetter="false">
              <Summary numSequencePoints="6" visitedSequencePoints="6" numBranchPoints="3" visitedBranchPoints="3" sequenceCoverage="100" branchCoverage="100" maxCyclomaticComplexity="3" minCyclomaticComplexity="3" visitedClasses="0" numClasses="0" visitedMethods="1" numMethods="1" />
              <MetadataToken>100666868</MetadataToken>
              <Name>System.Void SportsWeb.Services.Services.TabletPermissionService/&lt;&gt;c::&lt;HalfFieldButtonEnable&gt;b__5_0(SportsWeb.Models.ControlButtons)</Name>
              <FileRef uid="60" />
              <SequencePoints>
                <SequencePoint vc="12" uspid="2630" ordinal="0" offset="0" sl="87" sc="21" el="87" ec="22" bec="0" bev="0" fileid="60" />
                <SequencePoint vc="12" uspid="2631" ordinal="1" offset="1" sl="88" sc="25" el="89" ec="84" bec="2" bev="2" fileid="60" />
                <SequencePoint vc="4" uspid="2632" ordinal="2" offset="62" sl="90" sc="25" el="90" ec="26" bec="0" bev="0" fileid="60" />
                <SequencePoint vc="4" uspid="2633" ordinal="3" offset="63" sl="91" sc="29" el="91" ec="52" bec="0" bev="0" fileid="60" />
                <SequencePoint vc="4" uspid="2634" ordinal="4" offset="71" sl="92" sc="25" el="92" ec="26" bec="0" bev="0" fileid="60" />
                <SequencePoint vc="12" uspid="2635" ordinal="5" offset="72" sl="93" sc="21" el="93" ec="22" bec="0" bev="0" fileid="60" />
              </SequencePoints>
              <BranchPoints>
                <BranchPoint vc="4" uspid="2638" ordinal="2" offset="60" sl="88" path="0" offsetend="62" fileid="60" />
                <BranchPoint vc="8" uspid="2639" ordinal="3" offset="60" sl="88" path="1" offsetend="72" fileid="60" />
              </BranchPoints>
              <MethodPoint xsi:type="SequencePoint" vc="12" uspid="2630" ordinal="0" offset="0" sl="87" sc="21" el="87" ec="22" bec="0" bev="0" fileid="60" />
            </Method>
            <Method visited="true" cyclomaticComplexity="3" nPathComplexity="2" sequenceCoverage="100" branchCoverage="100" isConstructor="false" isStatic="false" isGetter="false" isSetter="false">
              <Summary numSequencePoints="7" visitedSequencePoints="7" numBranchPoints="3" visitedBranchPoints="3" sequenceCoverage="100" branchCoverage="100" maxCyclomaticComplexity="3" minCyclomaticComplexity="3" visitedClasses="0" numClasses="0" visitedMethods="1" numMethods="1" />
              <MetadataToken>100666869</MetadataToken>
              <Name>System.Void SportsWeb.Services.Services.TabletPermissionService/&lt;&gt;c::&lt;HalfFieldButtonEnable&gt;b__5_1(SportsWeb.Models.ControlButtons)</Name>
              <FileRef uid="60" />
              <SequencePoints>
                <SequencePoint vc="36" uspid="2640" ordinal="0" offset="0" sl="99" sc="17" el="99" ec="18" bec="0" bev="0" fileid="60" />
                <SequencePoint vc="36" uspid="2641" ordinal="1" offset="1" sl="100" sc="21" el="101" ec="80" bec="2" bev="2" fileid="60" />
                <SequencePoint vc="12" uspid="2642" ordinal="2" offset="62" sl="102" sc="21" el="102" ec="22" bec="0" bev="0" fileid="60" />
                <SequencePoint vc="12" uspid="2643" ordinal="3" offset="63" sl="103" sc="25" el="103" ec="50" bec="0" bev="0" fileid="60" />
                <SequencePoint vc="12" uspid="2644" ordinal="4" offset="71" sl="104" sc="25" el="104" ec="49" bec="0" bev="0" fileid="60" />
                <SequencePoint vc="12" uspid="2645" ordinal="5" offset="79" sl="105" sc="21" el="105" ec="22" bec="0" bev="0" fileid="60" />
                <SequencePoint vc="36" uspid="2646" ordinal="6" offset="80" sl="106" sc="17" el="106" ec="18" bec="0" bev="0" fileid="60" />
              </SequencePoints>
              <BranchPoints>
                <BranchPoint vc="12" uspid="2649" ordinal="2" offset="60" sl="100" path="0" offsetend="62" fileid="60" />
                <BranchPoint vc="24" uspid="2650" ordinal="3" offset="60" sl="100" path="1" offsetend="80" fileid="60" />
              </BranchPoints>
              <MethodPoint xsi:type="SequencePoint" vc="36" uspid="2640" ordinal="0" offset="0" sl="99" sc="17" el="99" ec="18" bec="0" bev="0" fileid="60" />
            </Method>
            <Method visited="true" cyclomaticComplexity="1" nPathComplexity="0" sequenceCoverage="100" branchCoverage="100" isConstructor="false" isStatic="false" isGetter="false" isSetter="false">
              <Summary numSequencePoints="1" visitedSequencePoints="1" numBranchPoints="1" visitedBranchPoints="1" sequenceCoverage="100" branchCoverage="100" maxCyclomaticComplexity="1" minCyclomaticComplexity="1" visitedClasses="0" numClasses="0" visitedMethods="1" numMethods="1" />
              <MetadataToken>100666870</MetadataToken>
              <Name>System.Boolean SportsWeb.Services.Services.TabletPermissionService/&lt;&gt;c::&lt;CanChangeScene&gt;b__6_3(SportsWeb.Entities.ScenePermissions)</Name>
              <FileRef uid="60" />
              <SequencePoints>
                <SequencePoint vc="3" uspid="2651" ordinal="0" offset="0" sl="131" sc="46" el="131" ec="93" bec="0" bev="0" fileid="60" />
              </SequencePoints>
              <BranchPoints />
              <MethodPoint xsi:type="SequencePoint" vc="3" uspid="2651" ordinal="0" offset="0" sl="131" sc="46" el="131" ec="93" bec="0" bev="0" fileid="60" />
            </Method>
            <Method visited="true" cyclomaticComplexity="2" nPathComplexity="0" sequenceCoverage="100" branchCoverage="100" isConstructor="false" isStatic="false" isGetter="false" isSetter="false">
              <Summary numSequencePoints="1" visitedSequencePoints="1" numBranchPoints="1" visitedBranchPoints="1" sequenceCoverage="100" branchCoverage="100" maxCyclomaticComplexity="2" minCyclomaticComplexity="2" visitedClasses="0" numClasses="0" visitedMethods="1" numMethods="1" />
              <MetadataToken>100666871</MetadataToken>
              <Name>System.Boolean SportsWeb.Services.Services.TabletPermissionService/&lt;&gt;c::&lt;CanChangeScene&gt;b__6_2(SportsWeb.Entities.ScenePermissions)</Name>
              <FileRef uid="60" />
              <SequencePoints>
                <SequencePoint vc="4" uspid="2652" ordinal="0" offset="0" sl="141" sc="55" el="142" ec="105" bec="0" bev="0" fileid="60" />
              </SequencePoints>
              <BranchPoints />
              <MethodPoint xsi:type="SequencePoint" vc="4" uspid="2652" ordinal="0" offset="0" sl="141" sc="55" el="142" ec="105" bec="0" bev="0" fileid="60" />
            </Method>
          </Methods>
        </Class>
        <Class>
          <Summary numSequencePoints="1" visitedSequencePoints="1" numBranchPoints="1" visitedBranchPoints="1" sequenceCoverage="100" branchCoverage="100" maxCyclomaticComplexity="1" minCyclomaticComplexity="1" visitedClasses="1" numClasses="1" visitedMethods="1" numMethods="1" />
          <FullName>SportsWeb.Services.Services.TabletPermissionService/&lt;&gt;c__DisplayClass6_0</FullName>
          <Methods>
            <Method visited="true" cyclomaticComplexity="1" nPathComplexity="0" sequenceCoverage="0" branchCoverage="0" isConstructor="true" isStatic="false" isGetter="false" isSetter="false">
              <Summary numSequencePoints="0" visitedSequencePoints="0" numBranchPoints="0" visitedBranchPoints="0" sequenceCoverage="0" branchCoverage="0" maxCyclomaticComplexity="1" minCyclomaticComplexity="1" visitedClasses="0" numClasses="0" visitedMethods="0" numMethods="0" />
              <MetadataToken>100666872</MetadataToken>
              <Name>System.Void SportsWeb.Services.Services.TabletPermissionService/&lt;&gt;c__DisplayClass6_0::.ctor()</Name>
              <SequencePoints />
              <BranchPoints />
              <MethodPoint vc="8" uspid="2655" ordinal="0" offset="0" />
            </Method>
            <Method visited="true" cyclomaticComplexity="1" nPathComplexity="0" sequenceCoverage="100" branchCoverage="100" isConstructor="false" isStatic="false" isGetter="false" isSetter="false">
              <Summary numSequencePoints="1" visitedSequencePoints="1" numBranchPoints="1" visitedBranchPoints="1" sequenceCoverage="100" branchCoverage="100" maxCyclomaticComplexity="1" minCyclomaticComplexity="1" visitedClasses="0" numClasses="0" visitedMethods="1" numMethods="1" />
              <MetadataToken>100666873</MetadataToken>
              <Name>System.Boolean SportsWeb.Services.Services.TabletPermissionService/&lt;&gt;c__DisplayClass6_0::&lt;CanChangeScene&gt;b__1(SportsWeb.Entities.ScenePermissions)</Name>
              <FileRef uid="60" />
              <SequencePoints>
                <SequencePoint vc="2" uspid="2656" ordinal="0" offset="0" sl="137" sc="53" el="137" ec="79" bec="0" bev="0" fileid="60" />
              </SequencePoints>
              <BranchPoints />
              <MethodPoint xsi:type="SequencePoint" vc="2" uspid="2656" ordinal="0" offset="0" sl="137" sc="53" el="137" ec="79" bec="0" bev="0" fileid="60" />
            </Method>
          </Methods>
        </Class>
        <Class>
          <Summary numSequencePoints="126" visitedSequencePoints="100" numBranchPoints="27" visitedBranchPoints="21" sequenceCoverage="79.37" branchCoverage="77.78" maxCyclomaticComplexity="8" minCyclomaticComplexity="1" visitedClasses="1" numClasses="1" visitedMethods="7" numMethods="9" />
          <FullName>SportsWeb.Services.Services.AdminService</FullName>
          <Methods>
            <Method visited="true" cyclomaticComplexity="8" nPathComplexity="16" sequenceCoverage="94.23" branchCoverage="88.89" isConstructor="false" isStatic="false" isGetter="false" isSetter="false">
              <Summary numSequencePoints="52" visitedSequencePoints="49" numBranchPoints="9" visitedBranchPoints="8" sequenceCoverage="94.23" branchCoverage="88.89" maxCyclomaticComplexity="8" minCyclomaticComplexity="8" visitedClasses="0" numClasses="0" visitedMethods="1" numMethods="1" />
              <MetadataToken>100663678</MetadataToken>
              <Name>System.Void SportsWeb.Services.Services.AdminService::BindAdministrator(SportsWeb.Models.AdministratorModel)</Name>
              <FileRef uid="64" />
              <SequencePoints>
                <SequencePoint vc="4" uspid="2657" ordinal="0" offset="0" sl="29" sc="9" el="29" ec="10" bec="0" bev="0" fileid="64" />
                <SequencePoint vc="4" uspid="2658" ordinal="1" offset="1" sl="31" sc="13" el="31" ec="14" bec="0" bev="0" fileid="64" />
                <SequencePoint vc="4" uspid="2659" ordinal="2" offset="2" sl="33" sc="17" el="33" ec="82" bec="0" bev="0" fileid="64" />
                <SequencePoint vc="4" uspid="2660" ordinal="3" offset="18" sl="34" sc="17" el="44" ec="19" bec="0" bev="0" fileid="64" />
                <SequencePoint vc="4" uspid="2661" ordinal="4" offset="114" sl="47" sc="17" el="47" ec="52" bec="0" bev="0" fileid="64" />
                <SequencePoint vc="4" uspid="2662" ordinal="5" offset="120" sl="49" sc="17" el="49" ec="70" bec="0" bev="0" fileid="64" />
                <SequencePoint vc="4" uspid="2663" ordinal="6" offset="126" sl="50" sc="17" el="53" ec="19" bec="0" bev="0" fileid="64" />
                <SequencePoint vc="4" uspid="2664" ordinal="7" offset="141" sl="55" sc="17" el="55" ec="99" bec="2" bev="2" fileid="64" />
                <SequencePoint vc="2" uspid="2665" ordinal="8" offset="189" sl="56" sc="17" el="56" ec="18" bec="0" bev="0" fileid="64" />
                <SequencePoint vc="2" uspid="2666" ordinal="9" offset="190" sl="57" sc="21" el="57" ec="93" bec="0" bev="0" fileid="64" />
                <SequencePoint vc="2" uspid="2667" ordinal="10" offset="207" sl="58" sc="21" el="58" ec="113" bec="0" bev="0" fileid="64" />
                <SequencePoint vc="2" uspid="2668" ordinal="11" offset="236" sl="59" sc="21" el="59" ec="76" bec="0" bev="0" fileid="64" />
                <SequencePoint vc="2" uspid="2669" ordinal="12" offset="248" sl="60" sc="21" el="60" ec="86" bec="0" bev="0" fileid="64" />
                <SequencePoint vc="2" uspid="2670" ordinal="13" offset="271" sl="62" sc="21" el="62" ec="61" bec="0" bev="0" fileid="64" />
                <SequencePoint vc="2" uspid="2671" ordinal="14" offset="286" sl="63" sc="21" el="63" ec="77" bec="0" bev="0" fileid="64" />
                <SequencePoint vc="2" uspid="2672" ordinal="15" offset="302" sl="64" sc="17" el="64" ec="18" bec="0" bev="0" fileid="64" />
                <SequencePoint vc="2" uspid="2673" ordinal="16" offset="308" sl="66" sc="22" el="66" ec="112" bec="2" bev="1" fileid="64" />
                <SequencePoint vc="2" uspid="2674" ordinal="17" offset="356" sl="67" sc="17" el="67" ec="18" bec="0" bev="0" fileid="64" />
                <SequencePoint vc="2" uspid="2675" ordinal="18" offset="357" sl="68" sc="21" el="68" ec="89" bec="0" bev="0" fileid="64" />
                <SequencePoint vc="2" uspid="2676" ordinal="19" offset="374" sl="69" sc="21" el="69" ec="117" bec="0" bev="0" fileid="64" />
                <SequencePoint vc="2" uspid="2677" ordinal="20" offset="403" sl="70" sc="21" el="70" ec="72" bec="0" bev="0" fileid="64" />
                <SequencePoint vc="2" uspid="2678" ordinal="21" offset="415" sl="71" sc="21" el="71" ec="90" bec="0" bev="0" fileid="64" />
                <SequencePoint vc="2" uspid="2679" ordinal="22" offset="438" sl="73" sc="21" el="73" ec="61" bec="0" bev="0" fileid="64" />
                <SequencePoint vc="2" uspid="2680" ordinal="23" offset="453" sl="74" sc="21" el="74" ec="85" bec="0" bev="0" fileid="64" />
                <SequencePoint vc="2" uspid="2681" ordinal="24" offset="469" sl="75" sc="17" el="75" ec="18" bec="0" bev="0" fileid="64" />
                <SequencePoint vc="4" uspid="2682" ordinal="25" offset="470" sl="77" sc="17" el="77" ec="50" bec="0" bev="0" fileid="64" />
                <SequencePoint vc="4" uspid="2683" ordinal="26" offset="478" sl="79" sc="17" el="79" ec="58" bec="0" bev="0" fileid="64" />
                <SequencePoint vc="4" uspid="2684" ordinal="27" offset="487" sl="80" sc="17" el="80" ec="42" bec="0" bev="0" fileid="64" />
                <SequencePoint vc="4" uspid="2685" ordinal="28" offset="490" sl="82" sc="17" el="82" ec="92" bec="0" bev="0" fileid="64" />
                <SequencePoint vc="4" uspid="2686" ordinal="29" offset="506" sl="83" sc="17" el="83" ec="85" bec="0" bev="0" fileid="64" />
                <SequencePoint vc="4" uspid="2687" ordinal="30" offset="521" sl="85" sc="17" el="85" ec="33" bec="2" bev="2" fileid="64" />
                <SequencePoint vc="3" uspid="2688" ordinal="31" offset="532" sl="86" sc="17" el="86" ec="18" bec="0" bev="0" fileid="64" />
                <SequencePoint vc="3" uspid="2689" ordinal="32" offset="533" sl="87" sc="21" el="87" ec="55" bec="2" bev="2" fileid="64" />
                <SequencePoint vc="1" uspid="2690" ordinal="33" offset="551" sl="88" sc="21" el="88" ec="22" bec="0" bev="0" fileid="64" />
                <SequencePoint vc="1" uspid="2691" ordinal="34" offset="552" sl="89" sc="25" el="89" ec="52" bec="0" bev="0" fileid="64" />
                <SequencePoint vc="1" uspid="2692" ordinal="35" offset="560" sl="90" sc="25" el="90" ec="77" bec="0" bev="0" fileid="64" />
                <SequencePoint vc="1" uspid="2693" ordinal="36" offset="576" sl="91" sc="21" el="91" ec="22" bec="0" bev="0" fileid="64" />
                <SequencePoint vc="2" uspid="2694" ordinal="37" offset="582" sl="93" sc="21" el="93" ec="22" bec="0" bev="0" fileid="64" />
                <SequencePoint vc="2" uspid="2695" ordinal="38" offset="583" sl="94" sc="25" el="101" ec="28" bec="0" bev="0" fileid="64" />
                <SequencePoint vc="2" uspid="2696" ordinal="39" offset="700" sl="102" sc="25" el="102" ec="79" bec="0" bev="0" fileid="64" />
                <SequencePoint vc="2" uspid="2697" ordinal="40" offset="716" sl="103" sc="21" el="103" ec="22" bec="0" bev="0" fileid="64" />
                <SequencePoint vc="3" uspid="2698" ordinal="41" offset="717" sl="104" sc="17" el="104" ec="18" bec="0" bev="0" fileid="64" />
                <SequencePoint vc="1" uspid="2699" ordinal="42" offset="720" sl="106" sc="17" el="106" ec="18" bec="0" bev="0" fileid="64" />
                <SequencePoint vc="1" uspid="2700" ordinal="43" offset="721" sl="107" sc="21" el="107" ec="117" bec="0" bev="0" fileid="64" />
                <SequencePoint vc="3" uspid="2701" ordinal="44" offset="743" sl="109" sc="13" el="109" ec="14" bec="0" bev="0" fileid="64" />
                <SequencePoint vc="1" uspid="2702" ordinal="45" offset="746" sl="110" sc="13" el="110" ec="42" bec="0" bev="0" fileid="64" />
                <SequencePoint vc="1" uspid="2703" ordinal="46" offset="747" sl="111" sc="13" el="111" ec="14" bec="0" bev="0" fileid="64" />
                <SequencePoint vc="1" uspid="2704" ordinal="47" offset="748" sl="112" sc="17" el="112" ec="23" bec="0" bev="0" fileid="64" />
                <SequencePoint vc="0" uspid="2705" ordinal="48" offset="750" sl="114" sc="13" el="114" ec="34" bec="0" bev="0" fileid="64" />
                <SequencePoint vc="0" uspid="2706" ordinal="49" offset="752" sl="115" sc="13" el="115" ec="14" bec="0" bev="0" fileid="64" />
                <SequencePoint vc="0" uspid="2707" ordinal="50" offset="753" sl="116" sc="17" el="116" ec="62" bec="0" bev="0" fileid="64" />
                <SequencePoint vc="3" uspid="2708" ordinal="51" offset="766" sl="118" sc="9" el="118" ec="10" bec="0" bev="0" fileid="64" />
              </SequencePoints>
              <BranchPoints>
                <BranchPoint vc="2" uspid="2711" ordinal="2" offset="187" sl="55" path="0" offsetend="189" fileid="64" />
                <BranchPoint vc="2" uspid="2712" ordinal="3" offset="187" sl="55" path="1" offsetend="308" fileid="64" />
                <BranchPoint vc="2" uspid="2715" ordinal="6" offset="354" sl="66" path="0" offsetend="356" fileid="64" />
                <BranchPoint vc="0" uspid="2716" ordinal="7" offset="354" sl="66" path="1" offsetend="470" fileid="64" />
                <BranchPoint vc="3" uspid="2717" ordinal="8" offset="527" sl="85" path="0" offsetend="532" fileid="64" />
                <BranchPoint vc="1" uspid="2718" ordinal="9" offset="527" sl="85" path="1" offsetend="720" fileid="64" />
                <BranchPoint vc="1" uspid="2719" ordinal="10" offset="549" sl="87" path="0" offsetend="551" fileid="64" />
                <BranchPoint vc="2" uspid="2720" ordinal="11" offset="549" sl="87" path="1" offsetend="582" fileid="64" />
              </BranchPoints>
              <MethodPoint xsi:type="SequencePoint" vc="4" uspid="2657" ordinal="0" offset="0" sl="29" sc="9" el="29" ec="10" bec="0" bev="0" fileid="64" />
            </Method>
            <Method visited="true" cyclomaticComplexity="5" nPathComplexity="0" sequenceCoverage="100" branchCoverage="100" isConstructor="false" isStatic="false" isGetter="false" isSetter="false">
              <Summary numSequencePoints="12" visitedSequencePoints="12" numBranchPoints="1" visitedBranchPoints="1" sequenceCoverage="100" branchCoverage="100" maxCyclomaticComplexity="5" minCyclomaticComplexity="5" visitedClasses="0" numClasses="0" visitedMethods="1" numMethods="1" />
              <MetadataToken>100663679</MetadataToken>
              <Name>System.Void SportsWeb.Services.Services.AdminService::UpdateAdministrator(SportsWeb.Models.AdministratorModel)</Name>
              <FileRef uid="64" />
              <SequencePoints>
                <SequencePoint vc="3" uspid="2723" ordinal="0" offset="0" sl="121" sc="9" el="121" ec="10" bec="0" bev="0" fileid="64" />
                <SequencePoint vc="3" uspid="2724" ordinal="1" offset="1" sl="123" sc="13" el="123" ec="14" bec="0" bev="0" fileid="64" />
                <SequencePoint vc="3" uspid="2725" ordinal="2" offset="2" sl="124" sc="17" el="124" ec="59" bec="0" bev="0" fileid="64" />
                <SequencePoint vc="2" uspid="2726" ordinal="3" offset="15" sl="126" sc="17" el="126" ec="126" bec="0" bev="0" fileid="64" />
                <SequencePoint vc="2" uspid="2727" ordinal="4" offset="78" sl="129" sc="17" el="137" ec="20" bec="0" bev="0" fileid="64" />
                <SequencePoint vc="2" uspid="2728" ordinal="5" offset="222" sl="138" sc="17" el="138" ec="76" bec="0" bev="0" fileid="64" />
                <SequencePoint vc="2" uspid="2729" ordinal="6" offset="238" sl="139" sc="13" el="139" ec="14" bec="0" bev="0" fileid="64" />
                <SequencePoint vc="1" uspid="2730" ordinal="7" offset="241" sl="140" sc="13" el="140" ec="33" bec="0" bev="0" fileid="64" />
                <SequencePoint vc="1" uspid="2731" ordinal="8" offset="242" sl="141" sc="13" el="141" ec="14" bec="0" bev="0" fileid="64" />
                <SequencePoint vc="1" uspid="2732" ordinal="9" offset="243" sl="142" sc="17" el="142" ec="106" bec="0" bev="0" fileid="64" />
                <SequencePoint vc="1" uspid="2733" ordinal="10" offset="260" sl="143" sc="17" el="143" ec="23" bec="0" bev="0" fileid="64" />
                <SequencePoint vc="2" uspid="2734" ordinal="11" offset="262" sl="146" sc="9" el="146" ec="10" bec="0" bev="0" fileid="64" />
              </SequencePoints>
              <BranchPoints />
              <MethodPoint xsi:type="SequencePoint" vc="3" uspid="2723" ordinal="0" offset="0" sl="121" sc="9" el="121" ec="10" bec="0" bev="0" fileid="64" />
            </Method>
            <Method visited="true" cyclomaticComplexity="8" nPathComplexity="8" sequenceCoverage="100" branchCoverage="100" isConstructor="false" isStatic="false" isGetter="false" isSetter="false">
              <Summary numSequencePoints="15" visitedSequencePoints="15" numBranchPoints="7" visitedBranchPoints="7" sequenceCoverage="100" branchCoverage="100" maxCyclomaticComplexity="8" minCyclomaticComplexity="8" visitedClasses="0" numClasses="0" visitedMethods="1" numMethods="1" />
              <MetadataToken>100663680</MetadataToken>
              <Name>SportsWeb.Models.AdministratorModel SportsWeb.Services.Services.AdminService::GetUserByUserName(System.String)</Name>
              <FileRef uid="64" />
              <SequencePoints>
                <SequencePoint vc="5" uspid="2741" ordinal="0" offset="13" sl="149" sc="9" el="149" ec="10" bec="0" bev="0" fileid="64" />
                <SequencePoint vc="5" uspid="2742" ordinal="1" offset="14" sl="151" sc="13" el="151" ec="14" bec="0" bev="0" fileid="64" />
                <SequencePoint vc="5" uspid="2743" ordinal="2" offset="15" sl="152" sc="24" el="152" ec="57" bec="0" bev="0" fileid="64" />
                <SequencePoint vc="5" uspid="2744" ordinal="3" offset="22" sl="153" sc="17" el="153" ec="18" bec="0" bev="0" fileid="64" />
                <SequencePoint vc="5" uspid="2745" ordinal="4" offset="23" sl="154" sc="21" el="154" ec="99" bec="0" bev="0" fileid="64" />
                <SequencePoint vc="5" uspid="2746" ordinal="5" offset="30" sl="155" sc="21" el="156" ec="116" bec="0" bev="0" fileid="64" />
                <SequencePoint vc="4" uspid="2747" ordinal="6" offset="188" sl="158" sc="21" el="158" ec="47" bec="2" bev="2" fileid="64" />
                <SequencePoint vc="1" uspid="2748" ordinal="7" offset="198" sl="158" sc="48" el="158" ec="60" bec="0" bev="0" fileid="64" />
                <SequencePoint vc="3" uspid="2749" ordinal="8" offset="206" sl="160" sc="21" el="167" ec="23" bec="4" bev="4" fileid="64" />
                <SequencePoint vc="3" uspid="2750" ordinal="9" offset="348" sl="170" sc="21" el="170" ec="34" bec="0" bev="0" fileid="64" />
                <SequencePoint vc="1" uspid="2751" ordinal="10" offset="365" sl="174" sc="13" el="174" ec="33" bec="0" bev="0" fileid="64" />
                <SequencePoint vc="1" uspid="2752" ordinal="11" offset="367" sl="175" sc="13" el="175" ec="14" bec="0" bev="0" fileid="64" />
                <SequencePoint vc="1" uspid="2753" ordinal="12" offset="368" sl="176" sc="17" el="176" ec="62" bec="0" bev="0" fileid="64" />
                <SequencePoint vc="1" uspid="2754" ordinal="13" offset="386" sl="177" sc="17" el="177" ec="23" bec="0" bev="0" fileid="64" />
                <SequencePoint vc="4" uspid="2755" ordinal="14" offset="388" sl="180" sc="9" el="180" ec="10" bec="0" bev="0" fileid="64" />
              </SequencePoints>
              <BranchPoints>
                <BranchPoint vc="1" uspid="2756" ordinal="0" offset="196" sl="158" path="0" offsetend="198" fileid="64" />
                <BranchPoint vc="3" uspid="2757" ordinal="1" offset="196" sl="158" path="1" offsetend="206" fileid="64" />
                <BranchPoint vc="2" uspid="2758" ordinal="2" offset="219" sl="160" path="0" offsetend="221" fileid="64" />
                <BranchPoint vc="1" uspid="2759" ordinal="3" offset="219" sl="160" path="1" offsetend="225" fileid="64" />
                <BranchPoint vc="2" uspid="2762" ordinal="6" offset="306" sl="160" path="0" offsetend="308" fileid="64" />
                <BranchPoint vc="1" uspid="2763" ordinal="7" offset="306" sl="160" path="1" offsetend="316" fileid="64" />
              </BranchPoints>
              <MethodPoint vc="5" uspid="2764" ordinal="0" offset="0" />
            </Method>
            <Method visited="true" cyclomaticComplexity="3" nPathComplexity="2" sequenceCoverage="60" branchCoverage="66.67" isConstructor="false" isStatic="false" isGetter="false" isSetter="false">
              <Summary numSequencePoints="15" visitedSequencePoints="9" numBranchPoints="3" visitedBranchPoints="2" sequenceCoverage="60" branchCoverage="66.67" maxCyclomaticComplexity="3" minCyclomaticComplexity="3" visitedClasses="0" numClasses="0" visitedMethods="1" numMethods="1" />
              <MetadataToken>100663681</MetadataToken>
              <Name>System.Guid SportsWeb.Services.Services.AdminService::GetIdByUserName(System.String)</Name>
              <FileRef uid="64" />
              <SequencePoints>
                <SequencePoint vc="1" uspid="2765" ordinal="0" offset="13" sl="183" sc="9" el="183" ec="10" bec="0" bev="0" fileid="64" />
                <SequencePoint vc="1" uspid="2766" ordinal="1" offset="14" sl="185" sc="13" el="185" ec="14" bec="0" bev="0" fileid="64" />
                <SequencePoint vc="1" uspid="2767" ordinal="2" offset="15" sl="186" sc="24" el="186" ec="57" bec="0" bev="0" fileid="64" />
                <SequencePoint vc="1" uspid="2768" ordinal="3" offset="22" sl="187" sc="17" el="187" ec="18" bec="0" bev="0" fileid="64" />
                <SequencePoint vc="1" uspid="2769" ordinal="4" offset="23" sl="188" sc="21" el="188" ec="99" bec="0" bev="0" fileid="64" />
                <SequencePoint vc="1" uspid="2770" ordinal="5" offset="30" sl="189" sc="21" el="190" ec="116" bec="0" bev="0" fileid="64" />
                <SequencePoint vc="1" uspid="2771" ordinal="6" offset="188" sl="191" sc="21" el="191" ec="47" bec="2" bev="1" fileid="64" />
                <SequencePoint vc="1" uspid="2772" ordinal="7" offset="198" sl="191" sc="48" el="191" ec="72" bec="0" bev="0" fileid="64" />
                <SequencePoint vc="0" uspid="2773" ordinal="8" offset="208" sl="192" sc="17" el="192" ec="18" bec="0" bev="0" fileid="64" />
                <SequencePoint vc="0" uspid="2774" ordinal="9" offset="222" sl="193" sc="17" el="193" ec="35" bec="0" bev="0" fileid="64" />
                <SequencePoint vc="0" uspid="2775" ordinal="10" offset="236" sl="195" sc="13" el="195" ec="33" bec="0" bev="0" fileid="64" />
                <SequencePoint vc="0" uspid="2776" ordinal="11" offset="238" sl="196" sc="13" el="196" ec="14" bec="0" bev="0" fileid="64" />
                <SequencePoint vc="0" uspid="2777" ordinal="12" offset="239" sl="197" sc="17" el="197" ec="62" bec="0" bev="0" fileid="64" />
                <SequencePoint vc="0" uspid="2778" ordinal="13" offset="257" sl="198" sc="17" el="198" ec="23" bec="0" bev="0" fileid="64" />
                <SequencePoint vc="1" uspid="2779" ordinal="14" offset="259" sl="201" sc="9" el="201" ec="10" bec="0" bev="0" fileid="64" />
              </SequencePoints>
              <BranchPoints>
                <BranchPoint vc="1" uspid="2780" ordinal="0" offset="196" sl="191" path="0" offsetend="198" fileid="64" />
                <BranchPoint vc="0" uspid="2781" ordinal="1" offset="196" sl="191" path="1" offsetend="208" fileid="64" />
              </BranchPoints>
              <MethodPoint vc="1" uspid="2782" ordinal="0" offset="0" />
            </Method>
            <Method visited="true" cyclomaticComplexity="2" nPathComplexity="0" sequenceCoverage="100" branchCoverage="100" isConstructor="false" isStatic="false" isGetter="false" isSetter="false">
              <Summary numSequencePoints="12" visitedSequencePoints="12" numBranchPoints="1" visitedBranchPoints="1" sequenceCoverage="100" branchCoverage="100" maxCyclomaticComplexity="2" minCyclomaticComplexity="2" visitedClasses="0" numClasses="0" visitedMethods="1" numMethods="1" />
              <MetadataToken>100663682</MetadataToken>
              <Name>System.Boolean SportsWeb.Services.Services.AdminService::IsSoftDeletedUser(System.String)</Name>
              <FileRef uid="64" />
              <SequencePoints>
                <SequencePoint vc="6" uspid="2783" ordinal="0" offset="13" sl="205" sc="9" el="205" ec="10" bec="0" bev="0" fileid="64" />
                <SequencePoint vc="6" uspid="2784" ordinal="1" offset="14" sl="207" sc="13" el="207" ec="14" bec="0" bev="0" fileid="64" />
                <SequencePoint vc="6" uspid="2785" ordinal="2" offset="15" sl="209" sc="24" el="209" ec="57" bec="0" bev="0" fileid="64" />
                <SequencePoint vc="6" uspid="2786" ordinal="3" offset="22" sl="210" sc="17" el="210" ec="18" bec="0" bev="0" fileid="64" />
                <SequencePoint vc="6" uspid="2787" ordinal="4" offset="23" sl="211" sc="21" el="211" ec="99" bec="0" bev="0" fileid="64" />
                <SequencePoint vc="6" uspid="2788" ordinal="5" offset="30" sl="212" sc="21" el="214" ec="92" bec="0" bev="0" fileid="64" />
                <SequencePoint vc="5" uspid="2789" ordinal="6" offset="215" sl="215" sc="21" el="215" ec="49" bec="0" bev="0" fileid="64" />
                <SequencePoint vc="1" uspid="2790" ordinal="7" offset="236" sl="219" sc="13" el="219" ec="33" bec="0" bev="0" fileid="64" />
                <SequencePoint vc="1" uspid="2791" ordinal="8" offset="238" sl="220" sc="13" el="220" ec="14" bec="0" bev="0" fileid="64" />
                <SequencePoint vc="1" uspid="2792" ordinal="9" offset="239" sl="221" sc="17" el="221" ec="84" bec="0" bev="0" fileid="64" />
                <SequencePoint vc="1" uspid="2793" ordinal="10" offset="262" sl="223" sc="17" el="223" ec="23" bec="0" bev="0" fileid="64" />
                <SequencePoint vc="5" uspid="2794" ordinal="11" offset="264" sl="225" sc="9" el="225" ec="10" bec="0" bev="0" fileid="64" />
              </SequencePoints>
              <BranchPoints />
              <MethodPoint vc="6" uspid="2795" ordinal="0" offset="0" />
            </Method>
            <Method visited="false" cyclomaticComplexity="2" nPathComplexity="2" sequenceCoverage="0" branchCoverage="0" isConstructor="false" isStatic="false" isGetter="false" isSetter="false">
              <Summary numSequencePoints="5" visitedSequencePoints="0" numBranchPoints="3" visitedBranchPoints="0" sequenceCoverage="0" branchCoverage="0" maxCyclomaticComplexity="2" minCyclomaticComplexity="2" visitedClasses="0" numClasses="0" visitedMethods="0" numMethods="1" />
              <MetadataToken>100663683</MetadataToken>
              <Name>System.Void SportsWeb.Services.Services.AdminService::DeleteAdministrator(System.Guid)</Name>
              <FileRef uid="64" />
              <SequencePoints>
                <SequencePoint vc="0" uspid="2796" ordinal="0" offset="0" sl="228" sc="9" el="228" ec="10" bec="0" bev="0" fileid="64" />
                <SequencePoint vc="0" uspid="2797" ordinal="1" offset="1" sl="229" sc="13" el="229" ec="39" bec="2" bev="0" fileid="64" />
                <SequencePoint vc="0" uspid="2798" ordinal="2" offset="16" sl="230" sc="17" el="230" ec="91" bec="0" bev="0" fileid="64" />
                <SequencePoint vc="0" uspid="2799" ordinal="3" offset="27" sl="231" sc="13" el="234" ec="16" bec="0" bev="0" fileid="64" />
                <SequencePoint vc="0" uspid="2800" ordinal="4" offset="47" sl="235" sc="9" el="235" ec="10" bec="0" bev="0" fileid="64" />
              </SequencePoints>
              <BranchPoints>
                <BranchPoint vc="0" uspid="2801" ordinal="0" offset="14" sl="229" path="0" offsetend="16" fileid="64" />
                <BranchPoint vc="0" uspid="2802" ordinal="1" offset="14" sl="229" path="1" offsetend="27" fileid="64" />
              </BranchPoints>
              <MethodPoint xsi:type="SequencePoint" vc="0" uspid="2796" ordinal="0" offset="0" sl="228" sc="9" el="228" ec="10" bec="0" bev="0" fileid="64" />
            </Method>
            <Method visited="false" cyclomaticComplexity="2" nPathComplexity="0" sequenceCoverage="0" branchCoverage="0" isConstructor="false" isStatic="false" isGetter="false" isSetter="false">
              <Summary numSequencePoints="12" visitedSequencePoints="0" numBranchPoints="1" visitedBranchPoints="0" sequenceCoverage="0" branchCoverage="0" maxCyclomaticComplexity="2" minCyclomaticComplexity="2" visitedClasses="0" numClasses="0" visitedMethods="0" numMethods="1" />
              <MetadataToken>100663684</MetadataToken>
              <Name>System.Collections.Generic.IList`1&lt;SportsWeb.Models.SearchResultModel&gt; SportsWeb.Services.Services.AdminService::SearchAdmin(System.String)</Name>
              <FileRef uid="64" />
              <SequencePoints>
                <SequencePoint vc="0" uspid="2803" ordinal="0" offset="13" sl="238" sc="9" el="238" ec="10" bec="0" bev="0" fileid="64" />
                <SequencePoint vc="0" uspid="2804" ordinal="1" offset="14" sl="239" sc="13" el="239" ec="97" bec="0" bev="0" fileid="64" />
                <SequencePoint vc="0" uspid="2805" ordinal="2" offset="41" sl="241" sc="13" el="241" ec="14" bec="0" bev="0" fileid="64" />
                <SequencePoint vc="0" uspid="2806" ordinal="3" offset="42" sl="242" sc="24" el="242" ec="57" bec="0" bev="0" fileid="64" />
                <SequencePoint vc="0" uspid="2807" ordinal="4" offset="49" sl="243" sc="17" el="243" ec="18" bec="0" bev="0" fileid="64" />
                <SequencePoint vc="0" uspid="2808" ordinal="5" offset="50" sl="244" sc="21" el="251" ec="74" bec="0" bev="0" fileid="64" />
                <SequencePoint vc="0" uspid="2809" ordinal="6" offset="500" sl="253" sc="21" el="253" ec="37" bec="0" bev="0" fileid="64" />
                <SequencePoint vc="0" uspid="2810" ordinal="7" offset="516" sl="256" sc="13" el="256" ec="34" bec="0" bev="0" fileid="64" />
                <SequencePoint vc="0" uspid="2811" ordinal="8" offset="518" sl="257" sc="13" el="257" ec="14" bec="0" bev="0" fileid="64" />
                <SequencePoint vc="0" uspid="2812" ordinal="9" offset="519" sl="258" sc="17" el="258" ec="94" bec="0" bev="0" fileid="64" />
                <SequencePoint vc="0" uspid="2813" ordinal="10" offset="537" sl="259" sc="17" el="259" ec="23" bec="0" bev="0" fileid="64" />
                <SequencePoint vc="0" uspid="2814" ordinal="11" offset="539" sl="261" sc="9" el="261" ec="10" bec="0" bev="0" fileid="64" />
              </SequencePoints>
              <BranchPoints />
              <MethodPoint vc="0" uspid="2815" ordinal="0" offset="0" />
            </Method>
            <Method visited="true" cyclomaticComplexity="1" nPathComplexity="0" sequenceCoverage="100" branchCoverage="100" isConstructor="true" isStatic="false" isGetter="false" isSetter="false">
              <Summary numSequencePoints="2" visitedSequencePoints="2" numBranchPoints="1" visitedBranchPoints="1" sequenceCoverage="100" branchCoverage="100" maxCyclomaticComplexity="1" minCyclomaticComplexity="1" visitedClasses="0" numClasses="0" visitedMethods="1" numMethods="1" />
              <MetadataToken>100663685</MetadataToken>
              <Name>System.Void SportsWeb.Services.Services.AdminService::.ctor()</Name>
              <FileRef uid="64" />
              <SequencePoints>
                <SequencePoint vc="12" uspid="2816" ordinal="0" offset="0" sl="24" sc="9" el="24" ec="101" bec="0" bev="0" fileid="64" />
                <SequencePoint vc="12" uspid="2817" ordinal="1" offset="21" sl="25" sc="9" el="25" ec="127" bec="0" bev="0" fileid="64" />
              </SequencePoints>
              <BranchPoints />
              <MethodPoint xsi:type="SequencePoint" vc="12" uspid="2816" ordinal="0" offset="0" sl="24" sc="9" el="24" ec="101" bec="0" bev="0" fileid="64" />
            </Method>
            <Method visited="true" cyclomaticComplexity="1" nPathComplexity="0" sequenceCoverage="100" branchCoverage="100" isConstructor="true" isStatic="true" isGetter="false" isSetter="false">
              <Summary numSequencePoints="1" visitedSequencePoints="1" numBranchPoints="1" visitedBranchPoints="1" sequenceCoverage="100" branchCoverage="100" maxCyclomaticComplexity="1" minCyclomaticComplexity="1" visitedClasses="0" numClasses="0" visitedMethods="1" numMethods="1" />
              <MetadataToken>100663686</MetadataToken>
              <Name>System.Void SportsWeb.Services.Services.AdminService::.cctor()</Name>
              <FileRef uid="64" />
              <SequencePoints>
                <SequencePoint vc="1" uspid="2818" ordinal="0" offset="0" sl="26" sc="9" el="26" ec="90" bec="0" bev="0" fileid="64" />
              </SequencePoints>
              <BranchPoints />
              <MethodPoint xsi:type="SequencePoint" vc="1" uspid="2818" ordinal="0" offset="0" sl="26" sc="9" el="26" ec="90" bec="0" bev="0" fileid="64" />
            </Method>
          </Methods>
        </Class>
        <Class>
          <Summary numSequencePoints="6" visitedSequencePoints="6" numBranchPoints="6" visitedBranchPoints="6" sequenceCoverage="100" branchCoverage="100" maxCyclomaticComplexity="1" minCyclomaticComplexity="1" visitedClasses="1" numClasses="1" visitedMethods="6" numMethods="6" />
          <FullName>SportsWeb.Services.Services.AdminService/&lt;&gt;c</FullName>
          <Methods>
            <Method visited="true" cyclomaticComplexity="1" nPathComplexity="0" sequenceCoverage="0" branchCoverage="0" isConstructor="true" isStatic="true" isGetter="false" isSetter="false">
              <Summary numSequencePoints="0" visitedSequencePoints="0" numBranchPoints="0" visitedBranchPoints="0" sequenceCoverage="0" branchCoverage="0" maxCyclomaticComplexity="1" minCyclomaticComplexity="1" visitedClasses="0" numClasses="0" visitedMethods="0" numMethods="0" />
              <MetadataToken>100666874</MetadataToken>
              <Name>System.Void SportsWeb.Services.Services.AdminService/&lt;&gt;c::.cctor()</Name>
              <SequencePoints />
              <BranchPoints />
              <MethodPoint vc="1" uspid="2819" ordinal="0" offset="0" />
            </Method>
            <Method visited="true" cyclomaticComplexity="1" nPathComplexity="0" sequenceCoverage="0" branchCoverage="0" isConstructor="true" isStatic="false" isGetter="false" isSetter="false">
              <Summary numSequencePoints="0" visitedSequencePoints="0" numBranchPoints="0" visitedBranchPoints="0" sequenceCoverage="0" branchCoverage="0" maxCyclomaticComplexity="1" minCyclomaticComplexity="1" visitedClasses="0" numClasses="0" visitedMethods="0" numMethods="0" />
              <MetadataToken>100666875</MetadataToken>
              <Name>System.Void SportsWeb.Services.Services.AdminService/&lt;&gt;c::.ctor()</Name>
              <SequencePoints />
              <BranchPoints />
              <MethodPoint vc="1" uspid="2820" ordinal="0" offset="0" />
            </Method>
            <Method visited="true" cyclomaticComplexity="1" nPathComplexity="0" sequenceCoverage="100" branchCoverage="100" isConstructor="false" isStatic="false" isGetter="false" isSetter="false">
              <Summary numSequencePoints="1" visitedSequencePoints="1" numBranchPoints="1" visitedBranchPoints="1" sequenceCoverage="100" branchCoverage="100" maxCyclomaticComplexity="1" minCyclomaticComplexity="1" visitedClasses="0" numClasses="0" visitedMethods="1" numMethods="1" />
              <MetadataToken>100666876</MetadataToken>
              <Name>System.Boolean SportsWeb.Services.Services.AdminService/&lt;&gt;c::&lt;BindAdministrator&gt;b__3_0(SportsWeb.Models.RoleModel)</Name>
              <FileRef uid="64" />
              <SequencePoints>
                <SequencePoint vc="4" uspid="2821" ordinal="0" offset="0" sl="55" sc="41" el="55" ec="97" bec="0" bev="0" fileid="64" />
              </SequencePoints>
              <BranchPoints />
              <MethodPoint xsi:type="SequencePoint" vc="4" uspid="2821" ordinal="0" offset="0" sl="55" sc="41" el="55" ec="97" bec="0" bev="0" fileid="64" />
            </Method>
            <Method visited="true" cyclomaticComplexity="1" nPathComplexity="0" sequenceCoverage="100" branchCoverage="100" isConstructor="false" isStatic="false" isGetter="false" isSetter="false">
              <Summary numSequencePoints="1" visitedSequencePoints="1" numBranchPoints="1" visitedBranchPoints="1" sequenceCoverage="100" branchCoverage="100" maxCyclomaticComplexity="1" minCyclomaticComplexity="1" visitedClasses="0" numClasses="0" visitedMethods="1" numMethods="1" />
              <MetadataToken>100666877</MetadataToken>
              <Name>System.Boolean SportsWeb.Services.Services.AdminService/&lt;&gt;c::&lt;BindAdministrator&gt;b__3_1(SportsWeb.Models.RoleModel)</Name>
              <FileRef uid="64" />
              <SequencePoints>
                <SequencePoint vc="2" uspid="2822" ordinal="0" offset="0" sl="66" sc="46" el="66" ec="110" bec="0" bev="0" fileid="64" />
              </SequencePoints>
              <BranchPoints />
              <MethodPoint xsi:type="SequencePoint" vc="2" uspid="2822" ordinal="0" offset="0" sl="66" sc="46" el="66" ec="110" bec="0" bev="0" fileid="64" />
            </Method>
            <Method visited="true" cyclomaticComplexity="1" nPathComplexity="0" sequenceCoverage="100" branchCoverage="100" isConstructor="false" isStatic="false" isGetter="false" isSetter="false">
              <Summary numSequencePoints="1" visitedSequencePoints="1" numBranchPoints="1" visitedBranchPoints="1" sequenceCoverage="100" branchCoverage="100" maxCyclomaticComplexity="1" minCyclomaticComplexity="1" visitedClasses="0" numClasses="0" visitedMethods="1" numMethods="1" />
              <MetadataToken>100666878</MetadataToken>
              <Name>System.Guid SportsWeb.Services.Services.AdminService/&lt;&gt;c::&lt;BindAdministrator&gt;b__3_2(SportsWeb.Models.RoleModel)</Name>
              <FileRef uid="64" />
              <SequencePoints>
                <SequencePoint vc="2" uspid="2823" ordinal="0" offset="0" sl="99" sc="62" el="99" ec="66" bec="0" bev="0" fileid="64" />
              </SequencePoints>
              <BranchPoints />
              <MethodPoint xsi:type="SequencePoint" vc="2" uspid="2823" ordinal="0" offset="0" sl="99" sc="62" el="99" ec="66" bec="0" bev="0" fileid="64" />
            </Method>
            <Method visited="true" cyclomaticComplexity="1" nPathComplexity="0" sequenceCoverage="100" branchCoverage="100" isConstructor="false" isStatic="false" isGetter="false" isSetter="false">
              <Summary numSequencePoints="1" visitedSequencePoints="1" numBranchPoints="1" visitedBranchPoints="1" sequenceCoverage="100" branchCoverage="100" maxCyclomaticComplexity="1" minCyclomaticComplexity="1" visitedClasses="0" numClasses="0" visitedMethods="1" numMethods="1" />
              <MetadataToken>100666879</MetadataToken>
              <Name>System.Boolean SportsWeb.Services.Services.AdminService/&lt;&gt;c::&lt;UpdateAdministrator&gt;b__4_0(SportsWeb.Models.RoleModel)</Name>
              <FileRef uid="64" />
              <SequencePoints>
                <SequencePoint vc="2" uspid="2824" ordinal="0" offset="0" sl="126" sc="68" el="126" ec="124" bec="0" bev="0" fileid="64" />
              </SequencePoints>
              <BranchPoints />
              <MethodPoint xsi:type="SequencePoint" vc="2" uspid="2824" ordinal="0" offset="0" sl="126" sc="68" el="126" ec="124" bec="0" bev="0" fileid="64" />
            </Method>
            <Method visited="true" cyclomaticComplexity="1" nPathComplexity="0" sequenceCoverage="100" branchCoverage="100" isConstructor="false" isStatic="false" isGetter="false" isSetter="false">
              <Summary numSequencePoints="1" visitedSequencePoints="1" numBranchPoints="1" visitedBranchPoints="1" sequenceCoverage="100" branchCoverage="100" maxCyclomaticComplexity="1" minCyclomaticComplexity="1" visitedClasses="0" numClasses="0" visitedMethods="1" numMethods="1" />
              <MetadataToken>100666880</MetadataToken>
              <Name>System.Guid SportsWeb.Services.Services.AdminService/&lt;&gt;c::&lt;UpdateAdministrator&gt;b__4_1(SportsWeb.Models.RoleModel)</Name>
              <FileRef uid="64" />
              <SequencePoints>
                <SequencePoint vc="2" uspid="2825" ordinal="0" offset="0" sl="135" sc="54" el="135" ec="58" bec="0" bev="0" fileid="64" />
              </SequencePoints>
              <BranchPoints />
              <MethodPoint xsi:type="SequencePoint" vc="2" uspid="2825" ordinal="0" offset="0" sl="135" sc="54" el="135" ec="58" bec="0" bev="0" fileid="64" />
            </Method>
            <Method visited="true" cyclomaticComplexity="1" nPathComplexity="0" sequenceCoverage="100" branchCoverage="100" isConstructor="false" isStatic="false" isGetter="false" isSetter="false">
              <Summary numSequencePoints="1" visitedSequencePoints="1" numBranchPoints="1" visitedBranchPoints="1" sequenceCoverage="100" branchCoverage="100" maxCyclomaticComplexity="1" minCyclomaticComplexity="1" visitedClasses="0" numClasses="0" visitedMethods="1" numMethods="1" />
              <MetadataToken>100666881</MetadataToken>
              <Name>SportsWeb.Models.RoleModel SportsWeb.Services.Services.AdminService/&lt;&gt;c::&lt;GetUserByUserName&gt;b__5_1(SportsWeb.Entities.AdministratorRole)</Name>
              <FileRef uid="64" />
              <SequencePoints>
                <SequencePoint vc="1" uspid="2826" ordinal="0" offset="0" sl="162" sc="65" el="162" ec="132" bec="0" bev="0" fileid="64" />
              </SequencePoints>
              <BranchPoints />
              <MethodPoint xsi:type="SequencePoint" vc="1" uspid="2826" ordinal="0" offset="0" sl="162" sc="65" el="162" ec="132" bec="0" bev="0" fileid="64" />
            </Method>
          </Methods>
        </Class>
        <Class>
          <Summary numSequencePoints="0" visitedSequencePoints="0" numBranchPoints="0" visitedBranchPoints="0" sequenceCoverage="0" branchCoverage="0" maxCyclomaticComplexity="1" minCyclomaticComplexity="1" visitedClasses="0" numClasses="0" visitedMethods="0" numMethods="0" />
          <FullName>SportsWeb.Services.Services.AdminService/&lt;&gt;c__DisplayClass5_0</FullName>
          <Methods>
            <Method visited="true" cyclomaticComplexity="1" nPathComplexity="0" sequenceCoverage="0" branchCoverage="0" isConstructor="true" isStatic="false" isGetter="false" isSetter="false">
              <Summary numSequencePoints="0" visitedSequencePoints="0" numBranchPoints="0" visitedBranchPoints="0" sequenceCoverage="0" branchCoverage="0" maxCyclomaticComplexity="1" minCyclomaticComplexity="1" visitedClasses="0" numClasses="0" visitedMethods="0" numMethods="0" />
              <MetadataToken>100666882</MetadataToken>
              <Name>System.Void SportsWeb.Services.Services.AdminService/&lt;&gt;c__DisplayClass5_0::.ctor()</Name>
              <SequencePoints />
              <BranchPoints />
              <MethodPoint vc="5" uspid="2827" ordinal="0" offset="0" />
            </Method>
          </Methods>
        </Class>
        <Class>
          <Summary numSequencePoints="0" visitedSequencePoints="0" numBranchPoints="0" visitedBranchPoints="0" sequenceCoverage="0" branchCoverage="0" maxCyclomaticComplexity="1" minCyclomaticComplexity="1" visitedClasses="0" numClasses="0" visitedMethods="0" numMethods="0" />
          <FullName>SportsWeb.Services.Services.AdminService/&lt;&gt;c__DisplayClass6_0</FullName>
          <Methods>
            <Method visited="true" cyclomaticComplexity="1" nPathComplexity="0" sequenceCoverage="0" branchCoverage="0" isConstructor="true" isStatic="false" isGetter="false" isSetter="false">
              <Summary numSequencePoints="0" visitedSequencePoints="0" numBranchPoints="0" visitedBranchPoints="0" sequenceCoverage="0" branchCoverage="0" maxCyclomaticComplexity="1" minCyclomaticComplexity="1" visitedClasses="0" numClasses="0" visitedMethods="0" numMethods="0" />
              <MetadataToken>100666883</MetadataToken>
              <Name>System.Void SportsWeb.Services.Services.AdminService/&lt;&gt;c__DisplayClass6_0::.ctor()</Name>
              <SequencePoints />
              <BranchPoints />
              <MethodPoint vc="1" uspid="2828" ordinal="0" offset="0" />
            </Method>
          </Methods>
        </Class>
        <Class>
          <Summary numSequencePoints="0" visitedSequencePoints="0" numBranchPoints="0" visitedBranchPoints="0" sequenceCoverage="0" branchCoverage="0" maxCyclomaticComplexity="1" minCyclomaticComplexity="1" visitedClasses="0" numClasses="0" visitedMethods="0" numMethods="0" />
          <FullName>SportsWeb.Services.Services.AdminService/&lt;&gt;c__DisplayClass7_0</FullName>
          <Methods>
            <Method visited="true" cyclomaticComplexity="1" nPathComplexity="0" sequenceCoverage="0" branchCoverage="0" isConstructor="true" isStatic="false" isGetter="false" isSetter="false">
              <Summary numSequencePoints="0" visitedSequencePoints="0" numBranchPoints="0" visitedBranchPoints="0" sequenceCoverage="0" branchCoverage="0" maxCyclomaticComplexity="1" minCyclomaticComplexity="1" visitedClasses="0" numClasses="0" visitedMethods="0" numMethods="0" />
              <MetadataToken>100666884</MetadataToken>
              <Name>System.Void SportsWeb.Services.Services.AdminService/&lt;&gt;c__DisplayClass7_0::.ctor()</Name>
              <SequencePoints />
              <BranchPoints />
              <MethodPoint vc="6" uspid="2829" ordinal="0" offset="0" />
            </Method>
          </Methods>
        </Class>
        <Class>
          <Summary numSequencePoints="0" visitedSequencePoints="0" numBranchPoints="0" visitedBranchPoints="0" sequenceCoverage="0" branchCoverage="0" maxCyclomaticComplexity="1" minCyclomaticComplexity="1" visitedClasses="0" numClasses="0" visitedMethods="0" numMethods="0" />
          <FullName>SportsWeb.Services.Services.AdminService/&lt;&gt;c__DisplayClass9_0</FullName>
          <Methods>
            <Method visited="false" cyclomaticComplexity="1" nPathComplexity="0" sequenceCoverage="0" branchCoverage="0" isConstructor="true" isStatic="false" isGetter="false" isSetter="false">
              <Summary numSequencePoints="0" visitedSequencePoints="0" numBranchPoints="0" visitedBranchPoints="0" sequenceCoverage="0" branchCoverage="0" maxCyclomaticComplexity="1" minCyclomaticComplexity="1" visitedClasses="0" numClasses="0" visitedMethods="0" numMethods="0" />
              <MetadataToken>100666885</MetadataToken>
              <Name>System.Void SportsWeb.Services.Services.AdminService/&lt;&gt;c__DisplayClass9_0::.ctor()</Name>
              <SequencePoints />
              <BranchPoints />
              <MethodPoint vc="0" uspid="2830" ordinal="0" offset="0" />
            </Method>
          </Methods>
        </Class>
        <Class>
          <Summary numSequencePoints="94" visitedSequencePoints="72" numBranchPoints="17" visitedBranchPoints="13" sequenceCoverage="76.60" branchCoverage="76.47" maxCyclomaticComplexity="8" minCyclomaticComplexity="1" visitedClasses="1" numClasses="1" visitedMethods="7" numMethods="9" />
          <FullName>SportsWeb.Services.Services.CustomerService</FullName>
          <Methods>
            <Method visited="true" cyclomaticComplexity="1" nPathComplexity="0" sequenceCoverage="100" branchCoverage="100" isConstructor="true" isStatic="false" isGetter="false" isSetter="false">
              <Summary numSequencePoints="4" visitedSequencePoints="4" numBranchPoints="1" visitedBranchPoints="1" sequenceCoverage="100" branchCoverage="100" maxCyclomaticComplexity="1" minCyclomaticComplexity="1" visitedClasses="0" numClasses="0" visitedMethods="1" numMethods="1" />
              <MetadataToken>100663687</MetadataToken>
              <Name>System.Void SportsWeb.Services.Services.CustomerService::.ctor()</Name>
              <FileRef uid="66" />
              <SequencePoints>
                <SequencePoint vc="12" uspid="2831" ordinal="0" offset="0" sl="25" sc="9" el="25" ec="33" bec="0" bev="0" fileid="66" />
                <SequencePoint vc="12" uspid="2832" ordinal="1" offset="7" sl="26" sc="9" el="26" ec="10" bec="0" bev="0" fileid="66" />
                <SequencePoint vc="12" uspid="2833" ordinal="2" offset="8" sl="27" sc="13" el="27" ec="68" bec="0" bev="0" fileid="66" />
                <SequencePoint vc="12" uspid="2834" ordinal="3" offset="29" sl="28" sc="9" el="28" ec="10" bec="0" bev="0" fileid="66" />
              </SequencePoints>
              <BranchPoints />
              <MethodPoint xsi:type="SequencePoint" vc="12" uspid="2831" ordinal="0" offset="0" sl="25" sc="9" el="25" ec="33" bec="0" bev="0" fileid="66" />
            </Method>
            <Method visited="true" cyclomaticComplexity="1" nPathComplexity="0" sequenceCoverage="100" branchCoverage="100" isConstructor="false" isStatic="false" isGetter="false" isSetter="false">
              <Summary numSequencePoints="9" visitedSequencePoints="9" numBranchPoints="1" visitedBranchPoints="1" sequenceCoverage="100" branchCoverage="100" maxCyclomaticComplexity="1" minCyclomaticComplexity="1" visitedClasses="0" numClasses="0" visitedMethods="1" numMethods="1" />
              <MetadataToken>100663688</MetadataToken>
              <Name>System.Void SportsWeb.Services.Services.CustomerService::CreateAdvanceCustomer(SportsWeb.Models.CustomerModel)</Name>
              <FileRef uid="66" />
              <SequencePoints>
                <SequencePoint vc="2" uspid="2835" ordinal="0" offset="0" sl="31" sc="9" el="31" ec="10" bec="0" bev="0" fileid="66" />
                <SequencePoint vc="2" uspid="2836" ordinal="1" offset="1" sl="33" sc="13" el="33" ec="14" bec="0" bev="0" fileid="66" />
                <SequencePoint vc="2" uspid="2837" ordinal="2" offset="2" sl="36" sc="17" el="45" ec="20" bec="0" bev="0" fileid="66" />
                <SequencePoint vc="1" uspid="2838" ordinal="3" offset="104" sl="46" sc="13" el="46" ec="14" bec="0" bev="0" fileid="66" />
                <SequencePoint vc="1" uspid="2839" ordinal="4" offset="107" sl="47" sc="13" el="47" ec="33" bec="0" bev="0" fileid="66" />
                <SequencePoint vc="1" uspid="2840" ordinal="5" offset="108" sl="48" sc="13" el="48" ec="14" bec="0" bev="0" fileid="66" />
                <SequencePoint vc="1" uspid="2841" ordinal="6" offset="109" sl="49" sc="17" el="49" ec="110" bec="0" bev="0" fileid="66" />
                <SequencePoint vc="1" uspid="2842" ordinal="7" offset="126" sl="50" sc="17" el="50" ec="23" bec="0" bev="0" fileid="66" />
                <SequencePoint vc="1" uspid="2843" ordinal="8" offset="128" sl="53" sc="9" el="53" ec="10" bec="0" bev="0" fileid="66" />
              </SequencePoints>
              <BranchPoints />
              <MethodPoint xsi:type="SequencePoint" vc="2" uspid="2835" ordinal="0" offset="0" sl="31" sc="9" el="31" ec="10" bec="0" bev="0" fileid="66" />
            </Method>
            <Method visited="true" cyclomaticComplexity="2" nPathComplexity="2" sequenceCoverage="100" branchCoverage="100" isConstructor="false" isStatic="false" isGetter="false" isSetter="false">
              <Summary numSequencePoints="20" visitedSequencePoints="20" numBranchPoints="3" visitedBranchPoints="3" sequenceCoverage="100" branchCoverage="100" maxCyclomaticComplexity="2" minCyclomaticComplexity="2" visitedClasses="0" numClasses="0" visitedMethods="1" numMethods="1" />
              <MetadataToken>100663689</MetadataToken>
              <Name>System.Void SportsWeb.Services.Services.CustomerService::CreateCustomer(SportsWeb.Models.CustomerModel)</Name>
              <FileRef uid="66" />
              <SequencePoints>
                <SequencePoint vc="3" uspid="2844" ordinal="0" offset="0" sl="56" sc="9" el="56" ec="10" bec="0" bev="0" fileid="66" />
                <SequencePoint vc="3" uspid="2845" ordinal="1" offset="1" sl="58" sc="13" el="58" ec="14" bec="0" bev="0" fileid="66" />
                <SequencePoint vc="3" uspid="2846" ordinal="2" offset="2" sl="60" sc="17" el="61" ec="75" bec="2" bev="2" fileid="66" />
                <SequencePoint vc="2" uspid="2847" ordinal="3" offset="29" sl="62" sc="17" el="62" ec="18" bec="0" bev="0" fileid="66" />
                <SequencePoint vc="2" uspid="2848" ordinal="4" offset="30" sl="63" sc="21" el="63" ec="76" bec="0" bev="0" fileid="66" />
                <SequencePoint vc="2" uspid="2849" ordinal="5" offset="53" sl="64" sc="21" el="68" ec="45" bec="0" bev="0" fileid="66" />
                <SequencePoint vc="2" uspid="2850" ordinal="6" offset="65" sl="69" sc="21" el="69" ec="63" bec="0" bev="0" fileid="66" />
                <SequencePoint vc="2" uspid="2851" ordinal="7" offset="78" sl="71" sc="21" el="71" ec="65" bec="0" bev="0" fileid="66" />
                <SequencePoint vc="1" uspid="2852" ordinal="8" offset="91" sl="72" sc="21" el="72" ec="54" bec="0" bev="0" fileid="66" />
                <SequencePoint vc="1" uspid="2853" ordinal="9" offset="105" sl="73" sc="21" el="82" ec="24" bec="0" bev="0" fileid="66" />
                <SequencePoint vc="1" uspid="2854" ordinal="10" offset="207" sl="83" sc="17" el="83" ec="18" bec="0" bev="0" fileid="66" />
                <SequencePoint vc="1" uspid="2855" ordinal="11" offset="210" sl="85" sc="17" el="85" ec="18" bec="0" bev="0" fileid="66" />
                <SequencePoint vc="1" uspid="2856" ordinal="12" offset="211" sl="86" sc="21" el="92" ec="24" bec="0" bev="0" fileid="66" />
                <SequencePoint vc="1" uspid="2857" ordinal="13" offset="275" sl="93" sc="17" el="93" ec="18" bec="0" bev="0" fileid="66" />
                <SequencePoint vc="2" uspid="2858" ordinal="14" offset="276" sl="100" sc="13" el="100" ec="14" bec="0" bev="0" fileid="66" />
                <SequencePoint vc="1" uspid="2859" ordinal="15" offset="279" sl="101" sc="13" el="101" ec="33" bec="0" bev="0" fileid="66" />
                <SequencePoint vc="1" uspid="2860" ordinal="16" offset="280" sl="102" sc="13" el="102" ec="14" bec="0" bev="0" fileid="66" />
                <SequencePoint vc="1" uspid="2861" ordinal="17" offset="281" sl="103" sc="17" el="103" ec="104" bec="0" bev="0" fileid="66" />
                <SequencePoint vc="1" uspid="2862" ordinal="18" offset="298" sl="104" sc="17" el="104" ec="23" bec="0" bev="0" fileid="66" />
                <SequencePoint vc="2" uspid="2863" ordinal="19" offset="300" sl="106" sc="9" el="106" ec="10" bec="0" bev="0" fileid="66" />
              </SequencePoints>
              <BranchPoints>
                <BranchPoint vc="2" uspid="2864" ordinal="0" offset="24" sl="60" path="0" offsetend="29" fileid="66" />
                <BranchPoint vc="1" uspid="2865" ordinal="1" offset="24" sl="60" path="1" offsetend="210" fileid="66" />
              </BranchPoints>
              <MethodPoint xsi:type="SequencePoint" vc="3" uspid="2844" ordinal="0" offset="0" sl="56" sc="9" el="56" ec="10" bec="0" bev="0" fileid="66" />
            </Method>
            <Method visited="false" cyclomaticComplexity="2" nPathComplexity="0" sequenceCoverage="0" branchCoverage="0" isConstructor="false" isStatic="false" isGetter="false" isSetter="false">
              <Summary numSequencePoints="12" visitedSequencePoints="0" numBranchPoints="1" visitedBranchPoints="0" sequenceCoverage="0" branchCoverage="0" maxCyclomaticComplexity="2" minCyclomaticComplexity="2" visitedClasses="0" numClasses="0" visitedMethods="0" numMethods="1" />
              <MetadataToken>100663690</MetadataToken>
              <Name>System.Collections.Generic.List`1&lt;SportsWeb.Models.SearchResultModel&gt; SportsWeb.Services.Services.CustomerService::SearchCustomerByName(System.String)</Name>
              <FileRef uid="66" />
              <SequencePoints>
                <SequencePoint vc="0" uspid="2866" ordinal="0" offset="13" sl="109" sc="9" el="109" ec="10" bec="0" bev="0" fileid="66" />
                <SequencePoint vc="0" uspid="2867" ordinal="1" offset="14" sl="111" sc="13" el="111" ec="14" bec="0" bev="0" fileid="66" />
                <SequencePoint vc="0" uspid="2868" ordinal="2" offset="15" sl="112" sc="24" el="112" ec="57" bec="0" bev="0" fileid="66" />
                <SequencePoint vc="0" uspid="2869" ordinal="3" offset="22" sl="113" sc="17" el="113" ec="18" bec="0" bev="0" fileid="66" />
                <SequencePoint vc="0" uspid="2870" ordinal="4" offset="23" sl="115" sc="21" el="115" ec="89" bec="0" bev="0" fileid="66" />
                <SequencePoint vc="0" uspid="2871" ordinal="5" offset="30" sl="116" sc="21" el="130" ec="39" bec="0" bev="0" fileid="66" />
                <SequencePoint vc="0" uspid="2872" ordinal="6" offset="563" sl="131" sc="21" el="131" ec="38" bec="0" bev="0" fileid="66" />
                <SequencePoint vc="0" uspid="2873" ordinal="7" offset="579" sl="135" sc="13" el="135" ec="33" bec="0" bev="0" fileid="66" />
                <SequencePoint vc="0" uspid="2874" ordinal="8" offset="581" sl="136" sc="13" el="136" ec="14" bec="0" bev="0" fileid="66" />
                <SequencePoint vc="0" uspid="2875" ordinal="9" offset="582" sl="137" sc="17" el="137" ec="107" bec="0" bev="0" fileid="66" />
                <SequencePoint vc="0" uspid="2876" ordinal="10" offset="600" sl="138" sc="17" el="138" ec="23" bec="0" bev="0" fileid="66" />
                <SequencePoint vc="0" uspid="2877" ordinal="11" offset="602" sl="140" sc="9" el="140" ec="10" bec="0" bev="0" fileid="66" />
              </SequencePoints>
              <BranchPoints />
              <MethodPoint vc="0" uspid="2878" ordinal="0" offset="0" />
            </Method>
            <Method visited="true" cyclomaticComplexity="8" nPathComplexity="8" sequenceCoverage="94.44" branchCoverage="71.43" isConstructor="false" isStatic="false" isGetter="false" isSetter="false">
              <Summary numSequencePoints="18" visitedSequencePoints="17" numBranchPoints="7" visitedBranchPoints="5" sequenceCoverage="94.44" branchCoverage="71.43" maxCyclomaticComplexity="8" minCyclomaticComplexity="8" visitedClasses="0" numClasses="0" visitedMethods="1" numMethods="1" />
              <MetadataToken>100663691</MetadataToken>
              <Name>SportsWeb.Models.CustomerModel SportsWeb.Services.Services.CustomerService::GetCustomerById(System.Guid)</Name>
              <FileRef uid="66" />
              <SequencePoints>
                <SequencePoint vc="2" uspid="2879" ordinal="0" offset="0" sl="143" sc="9" el="143" ec="10" bec="0" bev="0" fileid="66" />
                <SequencePoint vc="2" uspid="2880" ordinal="1" offset="1" sl="145" sc="13" el="145" ec="14" bec="0" bev="0" fileid="66" />
                <SequencePoint vc="2" uspid="2881" ordinal="2" offset="2" sl="146" sc="24" el="146" ec="51" bec="0" bev="0" fileid="66" />
                <SequencePoint vc="2" uspid="2882" ordinal="3" offset="15" sl="147" sc="17" el="147" ec="18" bec="0" bev="0" fileid="66" />
                <SequencePoint vc="2" uspid="2883" ordinal="4" offset="16" sl="148" sc="21" el="148" ec="77" bec="0" bev="0" fileid="66" />
                <SequencePoint vc="2" uspid="2884" ordinal="5" offset="23" sl="149" sc="21" el="149" ec="65" bec="0" bev="0" fileid="66" />
                <SequencePoint vc="2" uspid="2885" ordinal="6" offset="36" sl="150" sc="21" el="150" ec="85" bec="4" bev="3" fileid="66" />
                <SequencePoint vc="1" uspid="2886" ordinal="7" offset="114" sl="152" sc="21" el="152" ec="83" bec="0" bev="0" fileid="66" />
                <SequencePoint vc="1" uspid="2887" ordinal="8" offset="121" sl="154" sc="21" el="157" ec="79" bec="0" bev="0" fileid="66" />
                <SequencePoint vc="1" uspid="2888" ordinal="9" offset="266" sl="159" sc="21" el="159" ec="52" bec="0" bev="0" fileid="66" />
                <SequencePoint vc="1" uspid="2889" ordinal="10" offset="279" sl="161" sc="21" el="161" ec="41" bec="2" bev="1" fileid="66" />
                <SequencePoint vc="0" uspid="2890" ordinal="11" offset="290" sl="162" sc="25" el="162" ec="55" bec="0" bev="0" fileid="66" />
                <SequencePoint vc="1" uspid="2891" ordinal="12" offset="305" sl="164" sc="21" el="164" ec="34" bec="0" bev="0" fileid="66" />
                <SequencePoint vc="1" uspid="2892" ordinal="13" offset="322" sl="167" sc="13" el="167" ec="33" bec="0" bev="0" fileid="66" />
                <SequencePoint vc="1" uspid="2893" ordinal="14" offset="324" sl="168" sc="13" el="168" ec="14" bec="0" bev="0" fileid="66" />
                <SequencePoint vc="1" uspid="2894" ordinal="15" offset="325" sl="169" sc="17" el="169" ec="105" bec="0" bev="0" fileid="66" />
                <SequencePoint vc="1" uspid="2895" ordinal="16" offset="343" sl="170" sc="17" el="170" ec="23" bec="0" bev="0" fileid="66" />
                <SequencePoint vc="1" uspid="2896" ordinal="17" offset="345" sl="172" sc="9" el="172" ec="10" bec="0" bev="0" fileid="66" />
              </SequencePoints>
              <BranchPoints>
                <BranchPoint vc="1" uspid="2897" ordinal="0" offset="49" sl="150" path="0" offsetend="51" fileid="66" />
                <BranchPoint vc="1" uspid="2898" ordinal="1" offset="49" sl="150" path="1" offsetend="55" fileid="66" />
                <BranchPoint vc="1" uspid="2899" ordinal="2" offset="61" sl="150" path="0" offsetend="63" fileid="66" />
                <BranchPoint vc="0" uspid="2900" ordinal="3" offset="61" sl="150" path="1" offsetend="67" fileid="66" />
                <BranchPoint vc="0" uspid="2903" ordinal="6" offset="288" sl="161" path="0" offsetend="290" fileid="66" />
                <BranchPoint vc="1" uspid="2904" ordinal="7" offset="288" sl="161" path="1" offsetend="305" fileid="66" />
              </BranchPoints>
              <MethodPoint xsi:type="SequencePoint" vc="2" uspid="2879" ordinal="0" offset="0" sl="143" sc="9" el="143" ec="10" bec="0" bev="0" fileid="66" />
            </Method>
            <Method visited="true" cyclomaticComplexity="1" nPathComplexity="0" sequenceCoverage="100" branchCoverage="100" isConstructor="false" isStatic="false" isGetter="false" isSetter="false">
              <Summary numSequencePoints="9" visitedSequencePoints="9" numBranchPoints="1" visitedBranchPoints="1" sequenceCoverage="100" branchCoverage="100" maxCyclomaticComplexity="1" minCyclomaticComplexity="1" visitedClasses="0" numClasses="0" visitedMethods="1" numMethods="1" />
              <MetadataToken>100663692</MetadataToken>
              <Name>System.Void SportsWeb.Services.Services.CustomerService::EditCustomer(SportsWeb.Models.CustomerModel)</Name>
              <FileRef uid="66" />
              <SequencePoints>
                <SequencePoint vc="2" uspid="2905" ordinal="0" offset="0" sl="175" sc="9" el="175" ec="10" bec="0" bev="0" fileid="66" />
                <SequencePoint vc="2" uspid="2906" ordinal="1" offset="1" sl="177" sc="13" el="177" ec="14" bec="0" bev="0" fileid="66" />
                <SequencePoint vc="2" uspid="2907" ordinal="2" offset="2" sl="178" sc="17" el="185" ec="20" bec="0" bev="0" fileid="66" />
                <SequencePoint vc="1" uspid="2908" ordinal="3" offset="79" sl="186" sc="13" el="186" ec="14" bec="0" bev="0" fileid="66" />
                <SequencePoint vc="1" uspid="2909" ordinal="4" offset="82" sl="187" sc="13" el="187" ec="33" bec="0" bev="0" fileid="66" />
                <SequencePoint vc="1" uspid="2910" ordinal="5" offset="83" sl="188" sc="13" el="188" ec="14" bec="0" bev="0" fileid="66" />
                <SequencePoint vc="1" uspid="2911" ordinal="6" offset="84" sl="190" sc="17" el="190" ec="102" bec="0" bev="0" fileid="66" />
                <SequencePoint vc="1" uspid="2912" ordinal="7" offset="101" sl="191" sc="17" el="191" ec="23" bec="0" bev="0" fileid="66" />
                <SequencePoint vc="1" uspid="2913" ordinal="8" offset="103" sl="193" sc="9" el="193" ec="10" bec="0" bev="0" fileid="66" />
              </SequencePoints>
              <BranchPoints />
              <MethodPoint xsi:type="SequencePoint" vc="2" uspid="2905" ordinal="0" offset="0" sl="175" sc="9" el="175" ec="10" bec="0" bev="0" fileid="66" />
            </Method>
            <Method visited="false" cyclomaticComplexity="1" nPathComplexity="0" sequenceCoverage="0" branchCoverage="0" isConstructor="false" isStatic="false" isGetter="false" isSetter="false">
              <Summary numSequencePoints="9" visitedSequencePoints="0" numBranchPoints="1" visitedBranchPoints="0" sequenceCoverage="0" branchCoverage="0" maxCyclomaticComplexity="1" minCyclomaticComplexity="1" visitedClasses="0" numClasses="0" visitedMethods="0" numMethods="1" />
              <MetadataToken>100663693</MetadataToken>
              <Name>System.Void SportsWeb.Services.Services.CustomerService::EditCustomerUser(SportsWeb.Models.CustomerModel)</Name>
              <FileRef uid="66" />
              <SequencePoints>
                <SequencePoint vc="0" uspid="2914" ordinal="0" offset="0" sl="196" sc="9" el="196" ec="10" bec="0" bev="0" fileid="66" />
                <SequencePoint vc="0" uspid="2915" ordinal="1" offset="1" sl="198" sc="13" el="198" ec="14" bec="0" bev="0" fileid="66" />
                <SequencePoint vc="0" uspid="2916" ordinal="2" offset="2" sl="199" sc="17" el="205" ec="20" bec="0" bev="0" fileid="66" />
                <SequencePoint vc="0" uspid="2917" ordinal="3" offset="65" sl="206" sc="13" el="206" ec="14" bec="0" bev="0" fileid="66" />
                <SequencePoint vc="0" uspid="2918" ordinal="4" offset="68" sl="207" sc="13" el="207" ec="33" bec="0" bev="0" fileid="66" />
                <SequencePoint vc="0" uspid="2919" ordinal="5" offset="69" sl="208" sc="13" el="208" ec="14" bec="0" bev="0" fileid="66" />
                <SequencePoint vc="0" uspid="2920" ordinal="6" offset="70" sl="210" sc="17" el="210" ec="102" bec="0" bev="0" fileid="66" />
                <SequencePoint vc="0" uspid="2921" ordinal="7" offset="87" sl="211" sc="17" el="211" ec="23" bec="0" bev="0" fileid="66" />
                <SequencePoint vc="0" uspid="2922" ordinal="8" offset="89" sl="213" sc="9" el="213" ec="10" bec="0" bev="0" fileid="66" />
              </SequencePoints>
              <BranchPoints />
              <MethodPoint xsi:type="SequencePoint" vc="0" uspid="2914" ordinal="0" offset="0" sl="196" sc="9" el="196" ec="10" bec="0" bev="0" fileid="66" />
            </Method>
            <Method visited="true" cyclomaticComplexity="2" nPathComplexity="0" sequenceCoverage="100" branchCoverage="100" isConstructor="false" isStatic="false" isGetter="false" isSetter="false">
              <Summary numSequencePoints="12" visitedSequencePoints="12" numBranchPoints="1" visitedBranchPoints="1" sequenceCoverage="100" branchCoverage="100" maxCyclomaticComplexity="2" minCyclomaticComplexity="2" visitedClasses="0" numClasses="0" visitedMethods="1" numMethods="1" />
              <MetadataToken>100663694</MetadataToken>
              <Name>System.Boolean SportsWeb.Services.Services.CustomerService::IsCustomerNameExists(System.String)</Name>
              <FileRef uid="66" />
              <SequencePoints>
                <SequencePoint vc="4" uspid="2923" ordinal="0" offset="13" sl="216" sc="9" el="216" ec="10" bec="0" bev="0" fileid="66" />
                <SequencePoint vc="4" uspid="2924" ordinal="1" offset="14" sl="218" sc="13" el="218" ec="14" bec="0" bev="0" fileid="66" />
                <SequencePoint vc="4" uspid="2925" ordinal="2" offset="15" sl="219" sc="24" el="219" ec="57" bec="0" bev="0" fileid="66" />
                <SequencePoint vc="4" uspid="2926" ordinal="3" offset="22" sl="220" sc="17" el="220" ec="18" bec="0" bev="0" fileid="66" />
                <SequencePoint vc="4" uspid="2927" ordinal="4" offset="23" sl="221" sc="21" el="221" ec="89" bec="0" bev="0" fileid="66" />
                <SequencePoint vc="4" uspid="2928" ordinal="5" offset="30" sl="222" sc="21" el="229" ec="39" bec="0" bev="0" fileid="66" />
                <SequencePoint vc="3" uspid="2929" ordinal="6" offset="290" sl="230" sc="21" el="230" ec="44" bec="0" bev="0" fileid="66" />
                <SequencePoint vc="1" uspid="2930" ordinal="7" offset="311" sl="234" sc="13" el="234" ec="33" bec="0" bev="0" fileid="66" />
                <SequencePoint vc="1" uspid="2931" ordinal="8" offset="313" sl="235" sc="13" el="235" ec="14" bec="0" bev="0" fileid="66" />
                <SequencePoint vc="1" uspid="2932" ordinal="9" offset="314" sl="236" sc="17" el="236" ec="107" bec="0" bev="0" fileid="66" />
                <SequencePoint vc="1" uspid="2933" ordinal="10" offset="332" sl="237" sc="17" el="237" ec="23" bec="0" bev="0" fileid="66" />
                <SequencePoint vc="3" uspid="2934" ordinal="11" offset="334" sl="239" sc="9" el="239" ec="10" bec="0" bev="0" fileid="66" />
              </SequencePoints>
              <BranchPoints />
              <MethodPoint vc="4" uspid="2935" ordinal="0" offset="0" />
            </Method>
            <Method visited="true" cyclomaticComplexity="1" nPathComplexity="0" sequenceCoverage="100" branchCoverage="100" isConstructor="true" isStatic="true" isGetter="false" isSetter="false">
              <Summary numSequencePoints="1" visitedSequencePoints="1" numBranchPoints="1" visitedBranchPoints="1" sequenceCoverage="100" branchCoverage="100" maxCyclomaticComplexity="1" minCyclomaticComplexity="1" visitedClasses="0" numClasses="0" visitedMethods="1" numMethods="1" />
              <MetadataToken>100663695</MetadataToken>
              <Name>System.Void SportsWeb.Services.Services.CustomerService::.cctor()</Name>
              <FileRef uid="66" />
              <SequencePoints>
                <SequencePoint vc="1" uspid="2936" ordinal="0" offset="0" sl="21" sc="9" el="21" ec="93" bec="0" bev="0" fileid="66" />
              </SequencePoints>
              <BranchPoints />
              <MethodPoint xsi:type="SequencePoint" vc="1" uspid="2936" ordinal="0" offset="0" sl="21" sc="9" el="21" ec="93" bec="0" bev="0" fileid="66" />
            </Method>
          </Methods>
        </Class>
        <Class>
          <Summary numSequencePoints="0" visitedSequencePoints="0" numBranchPoints="0" visitedBranchPoints="0" sequenceCoverage="0" branchCoverage="0" maxCyclomaticComplexity="1" minCyclomaticComplexity="1" visitedClasses="0" numClasses="0" visitedMethods="0" numMethods="0" />
          <FullName>SportsWeb.Services.Services.CustomerService/&lt;&gt;c__DisplayClass5_0</FullName>
          <Methods>
            <Method visited="false" cyclomaticComplexity="1" nPathComplexity="0" sequenceCoverage="0" branchCoverage="0" isConstructor="true" isStatic="false" isGetter="false" isSetter="false">
              <Summary numSequencePoints="0" visitedSequencePoints="0" numBranchPoints="0" visitedBranchPoints="0" sequenceCoverage="0" branchCoverage="0" maxCyclomaticComplexity="1" minCyclomaticComplexity="1" visitedClasses="0" numClasses="0" visitedMethods="0" numMethods="0" />
              <MetadataToken>100666886</MetadataToken>
              <Name>System.Void SportsWeb.Services.Services.CustomerService/&lt;&gt;c__DisplayClass5_0::.ctor()</Name>
              <SequencePoints />
              <BranchPoints />
              <MethodPoint vc="0" uspid="2937" ordinal="0" offset="0" />
            </Method>
          </Methods>
        </Class>
        <Class>
          <Summary numSequencePoints="1" visitedSequencePoints="0" numBranchPoints="1" visitedBranchPoints="0" sequenceCoverage="0" branchCoverage="0" maxCyclomaticComplexity="1" minCyclomaticComplexity="1" visitedClasses="0" numClasses="1" visitedMethods="0" numMethods="1" />
          <FullName>SportsWeb.Services.Services.CustomerService/&lt;&gt;c</FullName>
          <Methods>
            <Method visited="true" cyclomaticComplexity="1" nPathComplexity="0" sequenceCoverage="0" branchCoverage="0" isConstructor="true" isStatic="true" isGetter="false" isSetter="false">
              <Summary numSequencePoints="0" visitedSequencePoints="0" numBranchPoints="0" visitedBranchPoints="0" sequenceCoverage="0" branchCoverage="0" maxCyclomaticComplexity="1" minCyclomaticComplexity="1" visitedClasses="0" numClasses="0" visitedMethods="0" numMethods="0" />
              <MetadataToken>100666887</MetadataToken>
              <Name>System.Void SportsWeb.Services.Services.CustomerService/&lt;&gt;c::.cctor()</Name>
              <SequencePoints />
              <BranchPoints />
              <MethodPoint vc="1" uspid="2938" ordinal="0" offset="0" />
            </Method>
            <Method visited="true" cyclomaticComplexity="1" nPathComplexity="0" sequenceCoverage="0" branchCoverage="0" isConstructor="true" isStatic="false" isGetter="false" isSetter="false">
              <Summary numSequencePoints="0" visitedSequencePoints="0" numBranchPoints="0" visitedBranchPoints="0" sequenceCoverage="0" branchCoverage="0" maxCyclomaticComplexity="1" minCyclomaticComplexity="1" visitedClasses="0" numClasses="0" visitedMethods="0" numMethods="0" />
              <MetadataToken>100666888</MetadataToken>
              <Name>System.Void SportsWeb.Services.Services.CustomerService/&lt;&gt;c::.ctor()</Name>
              <SequencePoints />
              <BranchPoints />
              <MethodPoint vc="1" uspid="2939" ordinal="0" offset="0" />
            </Method>
            <Method visited="false" cyclomaticComplexity="1" nPathComplexity="0" sequenceCoverage="0" branchCoverage="0" isConstructor="false" isStatic="false" isGetter="false" isSetter="false">
              <Summary numSequencePoints="1" visitedSequencePoints="0" numBranchPoints="1" visitedBranchPoints="0" sequenceCoverage="0" branchCoverage="0" maxCyclomaticComplexity="1" minCyclomaticComplexity="1" visitedClasses="0" numClasses="0" visitedMethods="0" numMethods="1" />
              <MetadataToken>100666889</MetadataToken>
              <Name>System.String SportsWeb.Services.Services.CustomerService/&lt;&gt;c::&lt;GetCustomerById&gt;b__6_0(SportsWeb.Entities.Site)</Name>
              <FileRef uid="66" />
              <SequencePoints>
                <SequencePoint vc="0" uspid="2940" ordinal="0" offset="0" sl="150" sc="68" el="150" ec="74" bec="0" bev="0" fileid="66" />
              </SequencePoints>
              <BranchPoints />
              <MethodPoint xsi:type="SequencePoint" vc="0" uspid="2940" ordinal="0" offset="0" sl="150" sc="68" el="150" ec="74" bec="0" bev="0" fileid="66" />
            </Method>
          </Methods>
        </Class>
        <Class>
          <Summary numSequencePoints="0" visitedSequencePoints="0" numBranchPoints="0" visitedBranchPoints="0" sequenceCoverage="0" branchCoverage="0" maxCyclomaticComplexity="1" minCyclomaticComplexity="1" visitedClasses="0" numClasses="0" visitedMethods="0" numMethods="0" />
          <FullName>SportsWeb.Services.Services.CustomerService/&lt;&gt;c__DisplayClass6_0</FullName>
          <Methods>
            <Method visited="true" cyclomaticComplexity="1" nPathComplexity="0" sequenceCoverage="0" branchCoverage="0" isConstructor="true" isStatic="false" isGetter="false" isSetter="false">
              <Summary numSequencePoints="0" visitedSequencePoints="0" numBranchPoints="0" visitedBranchPoints="0" sequenceCoverage="0" branchCoverage="0" maxCyclomaticComplexity="1" minCyclomaticComplexity="1" visitedClasses="0" numClasses="0" visitedMethods="0" numMethods="0" />
              <MetadataToken>100666890</MetadataToken>
              <Name>System.Void SportsWeb.Services.Services.CustomerService/&lt;&gt;c__DisplayClass6_0::.ctor()</Name>
              <SequencePoints />
              <BranchPoints />
              <MethodPoint vc="2" uspid="2941" ordinal="0" offset="0" />
            </Method>
          </Methods>
        </Class>
        <Class>
          <Summary numSequencePoints="0" visitedSequencePoints="0" numBranchPoints="0" visitedBranchPoints="0" sequenceCoverage="0" branchCoverage="0" maxCyclomaticComplexity="1" minCyclomaticComplexity="1" visitedClasses="0" numClasses="0" visitedMethods="0" numMethods="0" />
          <FullName>SportsWeb.Services.Services.CustomerService/&lt;&gt;c__DisplayClass9_0</FullName>
          <Methods>
            <Method visited="true" cyclomaticComplexity="1" nPathComplexity="0" sequenceCoverage="0" branchCoverage="0" isConstructor="true" isStatic="false" isGetter="false" isSetter="false">
              <Summary numSequencePoints="0" visitedSequencePoints="0" numBranchPoints="0" visitedBranchPoints="0" sequenceCoverage="0" branchCoverage="0" maxCyclomaticComplexity="1" minCyclomaticComplexity="1" visitedClasses="0" numClasses="0" visitedMethods="0" numMethods="0" />
              <MetadataToken>100666891</MetadataToken>
              <Name>System.Void SportsWeb.Services.Services.CustomerService/&lt;&gt;c__DisplayClass9_0::.ctor()</Name>
              <SequencePoints />
              <BranchPoints />
              <MethodPoint vc="4" uspid="2942" ordinal="0" offset="0" />
            </Method>
          </Methods>
        </Class>
        <Class>
          <Summary numSequencePoints="54" visitedSequencePoints="52" numBranchPoints="10" visitedBranchPoints="8" sequenceCoverage="96.30" branchCoverage="80" maxCyclomaticComplexity="4" minCyclomaticComplexity="1" visitedClasses="1" numClasses="1" visitedMethods="4" numMethods="4" />
          <FullName>SportsWeb.Services.Services.FieldServiceAmp</FullName>
          <Methods>
            <Method visited="true" cyclomaticComplexity="1" nPathComplexity="0" sequenceCoverage="100" branchCoverage="100" isConstructor="true" isStatic="false" isGetter="false" isSetter="false">
              <Summary numSequencePoints="4" visitedSequencePoints="4" numBranchPoints="1" visitedBranchPoints="1" sequenceCoverage="100" branchCoverage="100" maxCyclomaticComplexity="1" minCyclomaticComplexity="1" visitedClasses="0" numClasses="0" visitedMethods="1" numMethods="1" />
              <MetadataToken>100663696</MetadataToken>
              <Name>System.Void SportsWeb.Services.Services.FieldServiceAmp::.ctor()</Name>
              <FileRef uid="68" />
              <SequencePoints>
                <SequencePoint vc="5" uspid="2943" ordinal="0" offset="0" sl="22" sc="9" el="22" ec="33" bec="0" bev="0" fileid="68" />
                <SequencePoint vc="5" uspid="2944" ordinal="1" offset="7" sl="23" sc="9" el="23" ec="10" bec="0" bev="0" fileid="68" />
                <SequencePoint vc="5" uspid="2945" ordinal="2" offset="8" sl="24" sc="13" el="24" ec="68" bec="0" bev="0" fileid="68" />
                <SequencePoint vc="5" uspid="2946" ordinal="3" offset="29" sl="25" sc="9" el="25" ec="10" bec="0" bev="0" fileid="68" />
              </SequencePoints>
              <BranchPoints />
              <MethodPoint xsi:type="SequencePoint" vc="5" uspid="2943" ordinal="0" offset="0" sl="22" sc="9" el="22" ec="33" bec="0" bev="0" fileid="68" />
            </Method>
            <Method visited="true" cyclomaticComplexity="4" nPathComplexity="4" sequenceCoverage="100" branchCoverage="80" isConstructor="false" isStatic="false" isGetter="false" isSetter="false">
              <Summary numSequencePoints="26" visitedSequencePoints="26" numBranchPoints="5" visitedBranchPoints="4" sequenceCoverage="100" branchCoverage="80" maxCyclomaticComplexity="4" minCyclomaticComplexity="4" visitedClasses="0" numClasses="0" visitedMethods="1" numMethods="1" />
              <MetadataToken>100663697</MetadataToken>
              <Name>SportsWeb.Services.Services.Interfaces.FieldStateResponse SportsWeb.Services.Services.FieldServiceAmp::GetFieldState(System.Guid)</Name>
              <FileRef uid="68" />
              <SequencePoints>
                <SequencePoint vc="3" uspid="2947" ordinal="0" offset="13" sl="28" sc="9" el="28" ec="10" bec="0" bev="0" fileid="68" />
                <SequencePoint vc="3" uspid="2948" ordinal="1" offset="14" sl="30" sc="13" el="30" ec="14" bec="0" bev="0" fileid="68" />
                <SequencePoint vc="3" uspid="2949" ordinal="2" offset="15" sl="33" sc="24" el="33" ec="51" bec="0" bev="0" fileid="68" />
                <SequencePoint vc="3" uspid="2950" ordinal="3" offset="23" sl="34" sc="17" el="34" ec="18" bec="0" bev="0" fileid="68" />
                <SequencePoint vc="3" uspid="2951" ordinal="4" offset="24" sl="35" sc="21" el="35" ec="71" bec="0" bev="0" fileid="68" />
                <SequencePoint vc="3" uspid="2952" ordinal="5" offset="33" sl="36" sc="21" el="36" ec="107" bec="0" bev="0" fileid="68" />
                <SequencePoint vc="3" uspid="2953" ordinal="6" offset="191" sl="37" sc="21" el="37" ec="39" bec="2" bev="2" fileid="68" />
                <SequencePoint vc="2" uspid="2954" ordinal="7" offset="202" sl="38" sc="21" el="38" ec="22" bec="0" bev="0" fileid="68" />
                <SequencePoint vc="2" uspid="2955" ordinal="8" offset="203" sl="39" sc="25" el="43" ec="27" bec="0" bev="0" fileid="68" />
                <SequencePoint vc="2" uspid="2956" ordinal="9" offset="237" sl="45" sc="25" el="45" ec="81" bec="0" bev="0" fileid="68" />
                <SequencePoint vc="1" uspid="2957" ordinal="10" offset="256" sl="46" sc="21" el="46" ec="22" bec="0" bev="0" fileid="68" />
                <SequencePoint vc="1" uspid="2958" ordinal="11" offset="259" sl="48" sc="21" el="48" ec="22" bec="0" bev="0" fileid="68" />
                <SequencePoint vc="1" uspid="2959" ordinal="12" offset="260" sl="49" sc="25" el="49" ec="57" bec="0" bev="0" fileid="68" />
                <SequencePoint vc="1" uspid="2960" ordinal="13" offset="269" sl="51" sc="17" el="51" ec="18" bec="0" bev="0" fileid="68" />
                <SequencePoint vc="1" uspid="2961" ordinal="14" offset="285" sl="53" sc="17" el="53" ec="78" bec="0" bev="0" fileid="68" />
                <SequencePoint vc="1" uspid="2962" ordinal="15" offset="299" sl="55" sc="17" el="55" ec="67" bec="0" bev="0" fileid="68" />
                <SequencePoint vc="1" uspid="2963" ordinal="16" offset="306" sl="57" sc="17" el="57" ec="40" bec="2" bev="1" fileid="68" />
                <SequencePoint vc="1" uspid="2964" ordinal="17" offset="316" sl="58" sc="17" el="58" ec="18" bec="0" bev="0" fileid="68" />
                <SequencePoint vc="1" uspid="2965" ordinal="18" offset="317" sl="59" sc="21" el="59" ec="65" bec="0" bev="0" fileid="68" />
                <SequencePoint vc="1" uspid="2966" ordinal="19" offset="331" sl="60" sc="17" el="60" ec="18" bec="0" bev="0" fileid="68" />
                <SequencePoint vc="1" uspid="2967" ordinal="20" offset="332" sl="62" sc="17" el="62" ec="43" bec="0" bev="0" fileid="68" />
                <SequencePoint vc="1" uspid="2968" ordinal="21" offset="338" sl="64" sc="13" el="64" ec="33" bec="0" bev="0" fileid="68" />
                <SequencePoint vc="1" uspid="2969" ordinal="22" offset="340" sl="65" sc="13" el="65" ec="14" bec="0" bev="0" fileid="68" />
                <SequencePoint vc="1" uspid="2970" ordinal="23" offset="341" sl="66" sc="17" el="66" ec="97" bec="0" bev="0" fileid="68" />
                <SequencePoint vc="1" uspid="2971" ordinal="24" offset="359" sl="67" sc="17" el="67" ec="23" bec="0" bev="0" fileid="68" />
                <SequencePoint vc="2" uspid="2972" ordinal="25" offset="361" sl="69" sc="9" el="69" ec="10" bec="0" bev="0" fileid="68" />
              </SequencePoints>
              <BranchPoints>
                <BranchPoint vc="2" uspid="2973" ordinal="0" offset="200" sl="37" path="0" offsetend="202" fileid="68" />
                <BranchPoint vc="1" uspid="2974" ordinal="1" offset="200" sl="37" path="1" offsetend="259" fileid="68" />
                <BranchPoint vc="1" uspid="2975" ordinal="2" offset="314" sl="57" path="0" offsetend="316" fileid="68" />
                <BranchPoint vc="0" uspid="2976" ordinal="3" offset="314" sl="57" path="1" offsetend="332" fileid="68" />
              </BranchPoints>
              <MethodPoint vc="3" uspid="2977" ordinal="0" offset="0" />
            </Method>
            <Method visited="true" cyclomaticComplexity="3" nPathComplexity="2" sequenceCoverage="91.30" branchCoverage="66.67" isConstructor="false" isStatic="false" isGetter="false" isSetter="false">
              <Summary numSequencePoints="23" visitedSequencePoints="21" numBranchPoints="3" visitedBranchPoints="2" sequenceCoverage="91.30" branchCoverage="66.67" maxCyclomaticComplexity="3" minCyclomaticComplexity="3" visitedClasses="0" numClasses="0" visitedMethods="1" numMethods="1" />
              <MetadataToken>100663698</MetadataToken>
              <Name>System.Void SportsWeb.Services.Services.FieldServiceAmp::SetFieldState(System.Guid,SportsWeb.Entities.PitchStateEnum)</Name>
              <FileRef uid="68" />
              <SequencePoints>
                <SequencePoint vc="2" uspid="2978" ordinal="0" offset="13" sl="72" sc="9" el="72" ec="10" bec="0" bev="0" fileid="68" />
                <SequencePoint vc="2" uspid="2979" ordinal="1" offset="14" sl="74" sc="13" el="74" ec="14" bec="0" bev="0" fileid="68" />
                <SequencePoint vc="2" uspid="2980" ordinal="2" offset="15" sl="77" sc="24" el="77" ec="51" bec="0" bev="0" fileid="68" />
                <SequencePoint vc="2" uspid="2981" ordinal="3" offset="22" sl="78" sc="17" el="78" ec="18" bec="0" bev="0" fileid="68" />
                <SequencePoint vc="2" uspid="2982" ordinal="4" offset="23" sl="79" sc="21" el="79" ec="71" bec="0" bev="0" fileid="68" />
                <SequencePoint vc="2" uspid="2983" ordinal="5" offset="31" sl="80" sc="21" el="80" ec="107" bec="0" bev="0" fileid="68" />
                <SequencePoint vc="2" uspid="2984" ordinal="6" offset="189" sl="81" sc="21" el="81" ec="39" bec="2" bev="1" fileid="68" />
                <SequencePoint vc="2" uspid="2985" ordinal="7" offset="200" sl="82" sc="21" el="82" ec="22" bec="0" bev="0" fileid="68" />
                <SequencePoint vc="2" uspid="2986" ordinal="8" offset="201" sl="83" sc="25" el="88" ec="27" bec="0" bev="0" fileid="68" />
                <SequencePoint vc="2" uspid="2987" ordinal="9" offset="249" sl="90" sc="25" el="90" ec="81" bec="0" bev="0" fileid="68" />
                <SequencePoint vc="2" uspid="2988" ordinal="10" offset="268" sl="91" sc="21" el="91" ec="22" bec="0" bev="0" fileid="68" />
                <SequencePoint vc="0" uspid="2989" ordinal="11" offset="271" sl="93" sc="21" el="93" ec="22" bec="0" bev="0" fileid="68" />
                <SequencePoint vc="0" uspid="2990" ordinal="12" offset="272" sl="94" sc="25" el="94" ec="32" bec="0" bev="0" fileid="68" />
                <SequencePoint vc="2" uspid="2991" ordinal="13" offset="277" sl="96" sc="17" el="96" ec="18" bec="0" bev="0" fileid="68" />
                <SequencePoint vc="2" uspid="2992" ordinal="14" offset="291" sl="98" sc="17" el="98" ec="71" bec="0" bev="0" fileid="68" />
                <SequencePoint vc="1" uspid="2993" ordinal="15" offset="306" sl="100" sc="17" el="108" ec="20" bec="0" bev="0" fileid="68" />
                <SequencePoint vc="1" uspid="2994" ordinal="16" offset="394" sl="109" sc="17" el="109" ec="159" bec="0" bev="0" fileid="68" />
                <SequencePoint vc="1" uspid="2995" ordinal="17" offset="460" sl="110" sc="13" el="110" ec="14" bec="0" bev="0" fileid="68" />
                <SequencePoint vc="1" uspid="2996" ordinal="18" offset="463" sl="111" sc="13" el="111" ec="33" bec="0" bev="0" fileid="68" />
                <SequencePoint vc="1" uspid="2997" ordinal="19" offset="465" sl="112" sc="13" el="112" ec="14" bec="0" bev="0" fileid="68" />
                <SequencePoint vc="1" uspid="2998" ordinal="20" offset="466" sl="113" sc="17" el="113" ec="99" bec="0" bev="0" fileid="68" />
                <SequencePoint vc="1" uspid="2999" ordinal="21" offset="484" sl="114" sc="17" el="114" ec="23" bec="0" bev="0" fileid="68" />
                <SequencePoint vc="1" uspid="3000" ordinal="22" offset="486" sl="116" sc="9" el="116" ec="10" bec="0" bev="0" fileid="68" />
              </SequencePoints>
              <BranchPoints>
                <BranchPoint vc="2" uspid="3001" ordinal="0" offset="198" sl="81" path="0" offsetend="200" fileid="68" />
                <BranchPoint vc="0" uspid="3002" ordinal="1" offset="198" sl="81" path="1" offsetend="271" fileid="68" />
              </BranchPoints>
              <MethodPoint vc="2" uspid="3003" ordinal="0" offset="0" />
            </Method>
            <Method visited="true" cyclomaticComplexity="1" nPathComplexity="0" sequenceCoverage="100" branchCoverage="100" isConstructor="true" isStatic="true" isGetter="false" isSetter="false">
              <Summary numSequencePoints="1" visitedSequencePoints="1" numBranchPoints="1" visitedBranchPoints="1" sequenceCoverage="100" branchCoverage="100" maxCyclomaticComplexity="1" minCyclomaticComplexity="1" visitedClasses="0" numClasses="0" visitedMethods="1" numMethods="1" />
              <MetadataToken>100663699</MetadataToken>
              <Name>System.Void SportsWeb.Services.Services.FieldServiceAmp::.cctor()</Name>
              <FileRef uid="68" />
              <SequencePoints>
                <SequencePoint vc="1" uspid="3004" ordinal="0" offset="0" sl="19" sc="9" el="19" ec="93" bec="0" bev="0" fileid="68" />
              </SequencePoints>
              <BranchPoints />
              <MethodPoint xsi:type="SequencePoint" vc="1" uspid="3004" ordinal="0" offset="0" sl="19" sc="9" el="19" ec="93" bec="0" bev="0" fileid="68" />
            </Method>
          </Methods>
        </Class>
        <Class>
          <Summary numSequencePoints="0" visitedSequencePoints="0" numBranchPoints="0" visitedBranchPoints="0" sequenceCoverage="0" branchCoverage="0" maxCyclomaticComplexity="1" minCyclomaticComplexity="1" visitedClasses="0" numClasses="0" visitedMethods="0" numMethods="0" />
          <FullName>SportsWeb.Services.Services.FieldServiceAmp/&lt;&gt;c__DisplayClass3_0</FullName>
          <Methods>
            <Method visited="true" cyclomaticComplexity="1" nPathComplexity="0" sequenceCoverage="0" branchCoverage="0" isConstructor="true" isStatic="false" isGetter="false" isSetter="false">
              <Summary numSequencePoints="0" visitedSequencePoints="0" numBranchPoints="0" visitedBranchPoints="0" sequenceCoverage="0" branchCoverage="0" maxCyclomaticComplexity="1" minCyclomaticComplexity="1" visitedClasses="0" numClasses="0" visitedMethods="0" numMethods="0" />
              <MetadataToken>100666892</MetadataToken>
              <Name>System.Void SportsWeb.Services.Services.FieldServiceAmp/&lt;&gt;c__DisplayClass3_0::.ctor()</Name>
              <SequencePoints />
              <BranchPoints />
              <MethodPoint vc="3" uspid="3005" ordinal="0" offset="0" />
            </Method>
          </Methods>
        </Class>
        <Class>
          <Summary numSequencePoints="0" visitedSequencePoints="0" numBranchPoints="0" visitedBranchPoints="0" sequenceCoverage="0" branchCoverage="0" maxCyclomaticComplexity="1" minCyclomaticComplexity="1" visitedClasses="0" numClasses="0" visitedMethods="0" numMethods="0" />
          <FullName>SportsWeb.Services.Services.FieldServiceAmp/&lt;&gt;c__DisplayClass4_0</FullName>
          <Methods>
            <Method visited="true" cyclomaticComplexity="1" nPathComplexity="0" sequenceCoverage="0" branchCoverage="0" isConstructor="true" isStatic="false" isGetter="false" isSetter="false">
              <Summary numSequencePoints="0" visitedSequencePoints="0" numBranchPoints="0" visitedBranchPoints="0" sequenceCoverage="0" branchCoverage="0" maxCyclomaticComplexity="1" minCyclomaticComplexity="1" visitedClasses="0" numClasses="0" visitedMethods="0" numMethods="0" />
              <MetadataToken>100666893</MetadataToken>
              <Name>System.Void SportsWeb.Services.Services.FieldServiceAmp/&lt;&gt;c__DisplayClass4_0::.ctor()</Name>
              <SequencePoints />
              <BranchPoints />
              <MethodPoint vc="2" uspid="3006" ordinal="0" offset="0" />
            </Method>
          </Methods>
        </Class>
        <Class>
          <Summary numSequencePoints="179" visitedSequencePoints="148" numBranchPoints="58" visitedBranchPoints="44" sequenceCoverage="82.68" branchCoverage="75.86" maxCyclomaticComplexity="15" minCyclomaticComplexity="1" visitedClasses="1" numClasses="1" visitedMethods="11" numMethods="12" />
          <FullName>SportsWeb.Services.Services.InstallerPitchService</FullName>
          <Methods>
            <Method visited="true" cyclomaticComplexity="1" nPathComplexity="0" sequenceCoverage="100" branchCoverage="100" isConstructor="true" isStatic="false" isGetter="false" isSetter="false">
              <Summary numSequencePoints="4" visitedSequencePoints="4" numBranchPoints="1" visitedBranchPoints="1" sequenceCoverage="100" branchCoverage="100" maxCyclomaticComplexity="1" minCyclomaticComplexity="1" visitedClasses="0" numClasses="0" visitedMethods="1" numMethods="1" />
              <MetadataToken>100663700</MetadataToken>
              <Name>System.Void SportsWeb.Services.Services.InstallerPitchService::.ctor()</Name>
              <FileRef uid="69" />
              <SequencePoints>
                <SequencePoint vc="20" uspid="3007" ordinal="0" offset="0" sl="26" sc="9" el="26" ec="39" bec="0" bev="0" fileid="69" />
                <SequencePoint vc="20" uspid="3008" ordinal="1" offset="7" sl="27" sc="9" el="27" ec="10" bec="0" bev="0" fileid="69" />
                <SequencePoint vc="20" uspid="3009" ordinal="2" offset="8" sl="28" sc="13" el="28" ec="68" bec="0" bev="0" fileid="69" />
                <SequencePoint vc="20" uspid="3010" ordinal="3" offset="29" sl="29" sc="9" el="29" ec="10" bec="0" bev="0" fileid="69" />
              </SequencePoints>
              <BranchPoints />
              <MethodPoint xsi:type="SequencePoint" vc="20" uspid="3007" ordinal="0" offset="0" sl="26" sc="9" el="26" ec="39" bec="0" bev="0" fileid="69" />
            </Method>
            <Method visited="true" cyclomaticComplexity="4" nPathComplexity="8" sequenceCoverage="90.48" branchCoverage="85.71" isConstructor="false" isStatic="false" isGetter="false" isSetter="false">
              <Summary numSequencePoints="21" visitedSequencePoints="19" numBranchPoints="7" visitedBranchPoints="6" sequenceCoverage="90.48" branchCoverage="85.71" maxCyclomaticComplexity="4" minCyclomaticComplexity="4" visitedClasses="0" numClasses="0" visitedMethods="1" numMethods="1" />
              <MetadataToken>100663701</MetadataToken>
              <Name>System.Void SportsWeb.Services.Services.InstallerPitchService::CreatePitch(SportsWeb.Models.PitchModel)</Name>
              <FileRef uid="69" />
              <SequencePoints>
                <SequencePoint vc="5" uspid="3011" ordinal="0" offset="0" sl="31" sc="9" el="31" ec="10" bec="0" bev="0" fileid="69" />
                <SequencePoint vc="5" uspid="3012" ordinal="1" offset="1" sl="33" sc="13" el="33" ec="14" bec="0" bev="0" fileid="69" />
                <SequencePoint vc="5" uspid="3013" ordinal="2" offset="2" sl="34" sc="17" el="34" ec="35" bec="2" bev="2" fileid="69" />
                <SequencePoint vc="1" uspid="3014" ordinal="3" offset="10" sl="34" sc="36" el="34" ec="103" bec="0" bev="0" fileid="69" />
                <SequencePoint vc="4" uspid="3015" ordinal="4" offset="21" sl="36" sc="17" el="36" ec="38" bec="0" bev="0" fileid="69" />
                <SequencePoint vc="2" uspid="3016" ordinal="5" offset="29" sl="38" sc="17" el="39" ec="68" bec="2" bev="2" fileid="69" />
                <SequencePoint vc="1" uspid="3017" ordinal="6" offset="53" sl="40" sc="17" el="40" ec="18" bec="0" bev="0" fileid="69" />
                <SequencePoint vc="1" uspid="3018" ordinal="7" offset="54" sl="42" sc="21" el="42" ec="60" bec="2" bev="1" fileid="69" />
                <SequencePoint vc="1" uspid="3019" ordinal="8" offset="69" sl="43" sc="21" el="43" ec="22" bec="0" bev="0" fileid="69" />
                <SequencePoint vc="1" uspid="3020" ordinal="9" offset="70" sl="44" sc="25" el="44" ec="85" bec="0" bev="0" fileid="69" />
                <SequencePoint vc="1" uspid="3021" ordinal="10" offset="94" sl="45" sc="21" el="45" ec="22" bec="0" bev="0" fileid="69" />
                <SequencePoint vc="0" uspid="3022" ordinal="11" offset="97" sl="47" sc="21" el="47" ec="22" bec="0" bev="0" fileid="69" />
                <SequencePoint vc="0" uspid="3023" ordinal="12" offset="98" sl="48" sc="25" el="48" ec="96" bec="0" bev="0" fileid="69" />
                <SequencePoint vc="1" uspid="3024" ordinal="13" offset="109" sl="50" sc="17" el="50" ec="18" bec="0" bev="0" fileid="69" />
                <SequencePoint vc="2" uspid="3025" ordinal="14" offset="110" sl="52" sc="17" el="60" ec="20" bec="0" bev="0" fileid="69" />
                <SequencePoint vc="2" uspid="3026" ordinal="15" offset="200" sl="62" sc="13" el="62" ec="14" bec="0" bev="0" fileid="69" />
                <SequencePoint vc="3" uspid="3027" ordinal="16" offset="203" sl="63" sc="13" el="63" ec="33" bec="0" bev="0" fileid="69" />
                <SequencePoint vc="3" uspid="3028" ordinal="17" offset="204" sl="64" sc="13" el="64" ec="14" bec="0" bev="0" fileid="69" />
                <SequencePoint vc="3" uspid="3029" ordinal="18" offset="205" sl="65" sc="17" el="65" ec="102" bec="0" bev="0" fileid="69" />
                <SequencePoint vc="3" uspid="3030" ordinal="19" offset="222" sl="66" sc="17" el="66" ec="23" bec="0" bev="0" fileid="69" />
                <SequencePoint vc="2" uspid="3031" ordinal="20" offset="224" sl="68" sc="9" el="68" ec="10" bec="0" bev="0" fileid="69" />
              </SequencePoints>
              <BranchPoints>
                <BranchPoint vc="1" uspid="3032" ordinal="0" offset="8" sl="34" path="0" offsetend="10" fileid="69" />
                <BranchPoint vc="4" uspid="3033" ordinal="1" offset="8" sl="34" path="1" offsetend="21" fileid="69" />
                <BranchPoint vc="1" uspid="3034" ordinal="2" offset="51" sl="38" path="0" offsetend="53" fileid="69" />
                <BranchPoint vc="1" uspid="3035" ordinal="3" offset="51" sl="38" path="1" offsetend="110" fileid="69" />
                <BranchPoint vc="1" uspid="3036" ordinal="4" offset="67" sl="42" path="0" offsetend="69" fileid="69" />
                <BranchPoint vc="0" uspid="3037" ordinal="5" offset="67" sl="42" path="1" offsetend="97" fileid="69" />
              </BranchPoints>
              <MethodPoint xsi:type="SequencePoint" vc="5" uspid="3011" ordinal="0" offset="0" sl="31" sc="9" el="31" ec="10" bec="0" bev="0" fileid="69" />
            </Method>
            <Method visited="true" cyclomaticComplexity="1" nPathComplexity="0" sequenceCoverage="100" branchCoverage="100" isConstructor="false" isStatic="false" isGetter="false" isSetter="false">
              <Summary numSequencePoints="9" visitedSequencePoints="9" numBranchPoints="1" visitedBranchPoints="1" sequenceCoverage="100" branchCoverage="100" maxCyclomaticComplexity="1" minCyclomaticComplexity="1" visitedClasses="0" numClasses="0" visitedMethods="1" numMethods="1" />
              <MetadataToken>100663702</MetadataToken>
              <Name>System.Void SportsWeb.Services.Services.InstallerPitchService::CreateAdvancePitch(SportsWeb.Models.PitchModel)</Name>
              <FileRef uid="69" />
              <SequencePoints>
                <SequencePoint vc="2" uspid="3038" ordinal="0" offset="0" sl="71" sc="9" el="71" ec="10" bec="0" bev="0" fileid="69" />
                <SequencePoint vc="2" uspid="3039" ordinal="1" offset="1" sl="73" sc="13" el="73" ec="14" bec="0" bev="0" fileid="69" />
                <SequencePoint vc="2" uspid="3040" ordinal="2" offset="2" sl="74" sc="17" el="82" ec="20" bec="0" bev="0" fileid="69" />
                <SequencePoint vc="1" uspid="3041" ordinal="3" offset="92" sl="83" sc="13" el="83" ec="14" bec="0" bev="0" fileid="69" />
                <SequencePoint vc="1" uspid="3042" ordinal="4" offset="95" sl="84" sc="13" el="84" ec="33" bec="0" bev="0" fileid="69" />
                <SequencePoint vc="1" uspid="3043" ordinal="5" offset="96" sl="85" sc="13" el="85" ec="14" bec="0" bev="0" fileid="69" />
                <SequencePoint vc="1" uspid="3044" ordinal="6" offset="97" sl="86" sc="17" el="86" ec="113" bec="0" bev="0" fileid="69" />
                <SequencePoint vc="1" uspid="3045" ordinal="7" offset="114" sl="87" sc="17" el="87" ec="23" bec="0" bev="0" fileid="69" />
                <SequencePoint vc="1" uspid="3046" ordinal="8" offset="116" sl="89" sc="9" el="89" ec="10" bec="0" bev="0" fileid="69" />
              </SequencePoints>
              <BranchPoints />
              <MethodPoint xsi:type="SequencePoint" vc="2" uspid="3038" ordinal="0" offset="0" sl="71" sc="9" el="71" ec="10" bec="0" bev="0" fileid="69" />
            </Method>
            <Method visited="true" cyclomaticComplexity="5" nPathComplexity="16" sequenceCoverage="85.71" branchCoverage="88.89" isConstructor="false" isStatic="false" isGetter="false" isSetter="false">
              <Summary numSequencePoints="14" visitedSequencePoints="12" numBranchPoints="9" visitedBranchPoints="8" sequenceCoverage="85.71" branchCoverage="88.89" maxCyclomaticComplexity="5" minCyclomaticComplexity="5" visitedClasses="0" numClasses="0" visitedMethods="1" numMethods="1" />
              <MetadataToken>100663703</MetadataToken>
              <Name>System.Void SportsWeb.Services.Services.InstallerPitchService::ValidatePitch(SportsWeb.Models.PitchModel)</Name>
              <FileRef uid="69" />
              <SequencePoints>
                <SequencePoint vc="8" uspid="3047" ordinal="0" offset="0" sl="92" sc="9" el="92" ec="10" bec="0" bev="0" fileid="69" />
                <SequencePoint vc="8" uspid="3048" ordinal="1" offset="1" sl="93" sc="13" el="93" ec="55" bec="2" bev="2" fileid="69" />
                <SequencePoint vc="3" uspid="3049" ordinal="2" offset="16" sl="94" sc="13" el="94" ec="14" bec="0" bev="0" fileid="69" />
                <SequencePoint vc="3" uspid="3050" ordinal="3" offset="17" sl="95" sc="17" el="95" ec="84" bec="0" bev="0" fileid="69" />
                <SequencePoint vc="5" uspid="3051" ordinal="4" offset="28" sl="98" sc="13" el="98" ec="44" bec="2" bev="1" fileid="69" />
                <SequencePoint vc="0" uspid="3052" ordinal="5" offset="48" sl="99" sc="13" el="99" ec="14" bec="0" bev="0" fileid="69" />
                <SequencePoint vc="0" uspid="3053" ordinal="6" offset="49" sl="100" sc="17" el="100" ec="81" bec="0" bev="0" fileid="69" />
                <SequencePoint vc="5" uspid="3054" ordinal="7" offset="60" sl="103" sc="13" el="103" ec="61" bec="2" bev="2" fileid="69" />
                <SequencePoint vc="2" uspid="3055" ordinal="8" offset="82" sl="104" sc="13" el="104" ec="14" bec="0" bev="0" fileid="69" />
                <SequencePoint vc="2" uspid="3056" ordinal="9" offset="83" sl="105" sc="17" el="105" ec="119" bec="0" bev="0" fileid="69" />
                <SequencePoint vc="3" uspid="3057" ordinal="10" offset="105" sl="108" sc="13" el="108" ec="70" bec="2" bev="2" fileid="69" />
                <SequencePoint vc="1" uspid="3058" ordinal="11" offset="124" sl="109" sc="13" el="109" ec="14" bec="0" bev="0" fileid="69" />
                <SequencePoint vc="1" uspid="3059" ordinal="12" offset="125" sl="110" sc="17" el="111" ec="56" bec="0" bev="0" fileid="69" />
                <SequencePoint vc="2" uspid="3060" ordinal="13" offset="148" sl="113" sc="9" el="113" ec="10" bec="0" bev="0" fileid="69" />
              </SequencePoints>
              <BranchPoints>
                <BranchPoint vc="3" uspid="3061" ordinal="0" offset="14" sl="93" path="0" offsetend="16" fileid="69" />
                <BranchPoint vc="5" uspid="3062" ordinal="1" offset="14" sl="93" path="1" offsetend="28" fileid="69" />
                <BranchPoint vc="0" uspid="3063" ordinal="2" offset="46" sl="98" path="0" offsetend="48" fileid="69" />
                <BranchPoint vc="5" uspid="3064" ordinal="3" offset="46" sl="98" path="1" offsetend="60" fileid="69" />
                <BranchPoint vc="2" uspid="3065" ordinal="4" offset="80" sl="103" path="0" offsetend="82" fileid="69" />
                <BranchPoint vc="3" uspid="3066" ordinal="5" offset="80" sl="103" path="1" offsetend="105" fileid="69" />
                <BranchPoint vc="1" uspid="3067" ordinal="6" offset="122" sl="108" path="0" offsetend="124" fileid="69" />
                <BranchPoint vc="2" uspid="3068" ordinal="7" offset="122" sl="108" path="1" offsetend="148" fileid="69" />
              </BranchPoints>
              <MethodPoint xsi:type="SequencePoint" vc="8" uspid="3047" ordinal="0" offset="0" sl="92" sc="9" el="92" ec="10" bec="0" bev="0" fileid="69" />
            </Method>
            <Method visited="true" cyclomaticComplexity="4" nPathComplexity="4" sequenceCoverage="100" branchCoverage="80" isConstructor="false" isStatic="false" isGetter="false" isSetter="false">
              <Summary numSequencePoints="19" visitedSequencePoints="19" numBranchPoints="5" visitedBranchPoints="4" sequenceCoverage="100" branchCoverage="80" maxCyclomaticComplexity="4" minCyclomaticComplexity="4" visitedClasses="0" numClasses="0" visitedMethods="1" numMethods="1" />
              <MetadataToken>100663704</MetadataToken>
              <Name>System.Void SportsWeb.Services.Services.InstallerPitchService::EditPitch(SportsWeb.Models.PitchModel)</Name>
              <FileRef uid="69" />
              <SequencePoints>
                <SequencePoint vc="3" uspid="3069" ordinal="0" offset="0" sl="116" sc="9" el="116" ec="10" bec="0" bev="0" fileid="69" />
                <SequencePoint vc="3" uspid="3070" ordinal="1" offset="1" sl="118" sc="13" el="118" ec="14" bec="0" bev="0" fileid="69" />
                <SequencePoint vc="3" uspid="3071" ordinal="2" offset="2" sl="119" sc="24" el="119" ec="57" bec="0" bev="0" fileid="69" />
                <SequencePoint vc="3" uspid="3072" ordinal="3" offset="9" sl="120" sc="17" el="120" ec="18" bec="0" bev="0" fileid="69" />
                <SequencePoint vc="3" uspid="3073" ordinal="4" offset="10" sl="121" sc="21" el="121" ec="83" bec="0" bev="0" fileid="69" />
                <SequencePoint vc="3" uspid="3074" ordinal="5" offset="17" sl="122" sc="21" el="122" ec="63" bec="0" bev="0" fileid="69" />
                <SequencePoint vc="3" uspid="3075" ordinal="6" offset="30" sl="123" sc="21" el="123" ec="101" bec="2" bev="1" fileid="69" />
                <SequencePoint vc="3" uspid="3076" ordinal="7" offset="64" sl="124" sc="21" el="124" ec="50" bec="2" bev="2" fileid="69" />
                <SequencePoint vc="2" uspid="3077" ordinal="8" offset="85" sl="125" sc="21" el="125" ec="22" bec="0" bev="0" fileid="69" />
                <SequencePoint vc="2" uspid="3078" ordinal="9" offset="86" sl="126" sc="25" el="126" ec="50" bec="0" bev="0" fileid="69" />
                <SequencePoint vc="1" uspid="3079" ordinal="10" offset="99" sl="127" sc="21" el="127" ec="22" bec="0" bev="0" fileid="69" />
                <SequencePoint vc="2" uspid="3080" ordinal="11" offset="100" sl="128" sc="17" el="128" ec="18" bec="0" bev="0" fileid="69" />
                <SequencePoint vc="2" uspid="3081" ordinal="12" offset="114" sl="131" sc="17" el="139" ec="20" bec="0" bev="0" fileid="69" />
                <SequencePoint vc="2" uspid="3082" ordinal="13" offset="204" sl="140" sc="13" el="140" ec="14" bec="0" bev="0" fileid="69" />
                <SequencePoint vc="1" uspid="3083" ordinal="14" offset="207" sl="141" sc="13" el="141" ec="33" bec="0" bev="0" fileid="69" />
                <SequencePoint vc="1" uspid="3084" ordinal="15" offset="209" sl="142" sc="13" el="142" ec="14" bec="0" bev="0" fileid="69" />
                <SequencePoint vc="1" uspid="3085" ordinal="16" offset="210" sl="143" sc="17" el="143" ec="100" bec="0" bev="0" fileid="69" />
                <SequencePoint vc="1" uspid="3086" ordinal="17" offset="228" sl="144" sc="17" el="144" ec="23" bec="0" bev="0" fileid="69" />
                <SequencePoint vc="2" uspid="3087" ordinal="18" offset="230" sl="146" sc="9" el="146" ec="10" bec="0" bev="0" fileid="69" />
              </SequencePoints>
              <BranchPoints>
                <BranchPoint vc="0" uspid="3088" ordinal="0" offset="42" sl="123" path="0" offsetend="44" fileid="69" />
                <BranchPoint vc="3" uspid="3089" ordinal="1" offset="42" sl="123" path="1" offsetend="52" fileid="69" />
                <BranchPoint vc="2" uspid="3090" ordinal="2" offset="83" sl="124" path="0" offsetend="85" fileid="69" />
                <BranchPoint vc="1" uspid="3091" ordinal="3" offset="83" sl="124" path="1" offsetend="100" fileid="69" />
              </BranchPoints>
              <MethodPoint xsi:type="SequencePoint" vc="3" uspid="3069" ordinal="0" offset="0" sl="116" sc="9" el="116" ec="10" bec="0" bev="0" fileid="69" />
            </Method>
            <Method visited="true" cyclomaticComplexity="2" nPathComplexity="0" sequenceCoverage="100" branchCoverage="100" isConstructor="false" isStatic="false" isGetter="false" isSetter="false">
              <Summary numSequencePoints="10" visitedSequencePoints="10" numBranchPoints="1" visitedBranchPoints="1" sequenceCoverage="100" branchCoverage="100" maxCyclomaticComplexity="2" minCyclomaticComplexity="2" visitedClasses="0" numClasses="0" visitedMethods="1" numMethods="1" />
              <MetadataToken>100663705</MetadataToken>
              <Name>SportsWeb.Models.PitchModel SportsWeb.Services.Services.InstallerPitchService::GetPitch(System.Guid)</Name>
              <FileRef uid="69" />
              <SequencePoints>
                <SequencePoint vc="2" uspid="3092" ordinal="0" offset="0" sl="170" sc="9" el="170" ec="10" bec="0" bev="0" fileid="69" />
                <SequencePoint vc="2" uspid="3093" ordinal="1" offset="1" sl="172" sc="13" el="172" ec="14" bec="0" bev="0" fileid="69" />
                <SequencePoint vc="2" uspid="3094" ordinal="2" offset="2" sl="173" sc="24" el="173" ec="57" bec="0" bev="0" fileid="69" />
                <SequencePoint vc="2" uspid="3095" ordinal="3" offset="9" sl="174" sc="17" el="174" ec="18" bec="0" bev="0" fileid="69" />
                <SequencePoint vc="2" uspid="3096" ordinal="4" offset="10" sl="175" sc="21" el="175" ec="85" bec="0" bev="0" fileid="69" />
                <SequencePoint vc="2" uspid="3097" ordinal="5" offset="17" sl="176" sc="21" el="176" ec="59" bec="0" bev="0" fileid="69" />
                <SequencePoint vc="1" uspid="3098" ordinal="6" offset="43" sl="179" sc="13" el="179" ec="34" bec="0" bev="0" fileid="69" />
                <SequencePoint vc="1" uspid="3099" ordinal="7" offset="44" sl="180" sc="13" el="180" ec="14" bec="0" bev="0" fileid="69" />
                <SequencePoint vc="1" uspid="3100" ordinal="8" offset="45" sl="181" sc="17" el="181" ec="112" bec="0" bev="0" fileid="69" />
                <SequencePoint vc="1" uspid="3101" ordinal="9" offset="68" sl="183" sc="9" el="183" ec="10" bec="0" bev="0" fileid="69" />
              </SequencePoints>
              <BranchPoints />
              <MethodPoint xsi:type="SequencePoint" vc="2" uspid="3092" ordinal="0" offset="0" sl="170" sc="9" el="170" ec="10" bec="0" bev="0" fileid="69" />
            </Method>
            <Method visited="true" cyclomaticComplexity="15" nPathComplexity="128" sequenceCoverage="65.62" branchCoverage="66.67" isConstructor="false" isStatic="false" isGetter="false" isSetter="false">
              <Summary numSequencePoints="32" visitedSequencePoints="21" numBranchPoints="15" visitedBranchPoints="10" sequenceCoverage="65.62" branchCoverage="66.67" maxCyclomaticComplexity="15" minCyclomaticComplexity="15" visitedClasses="0" numClasses="0" visitedMethods="1" numMethods="1" />
              <MetadataToken>100663706</MetadataToken>
              <Name>System.Collections.Generic.IList`1&lt;SportsWeb.Models.PitchModel&gt; SportsWeb.Services.Services.InstallerPitchService::GetPitchesBySite(System.Guid)</Name>
              <FileRef uid="69" />
              <SequencePoints>
                <SequencePoint vc="3" uspid="3102" ordinal="0" offset="0" sl="186" sc="9" el="186" ec="10" bec="0" bev="0" fileid="69" />
                <SequencePoint vc="3" uspid="3103" ordinal="1" offset="1" sl="187" sc="13" el="187" ec="52" bec="0" bev="0" fileid="69" />
                <SequencePoint vc="3" uspid="3104" ordinal="2" offset="17" sl="188" sc="13" el="188" ec="38" bec="2" bev="2" fileid="69" />
                <SequencePoint vc="1" uspid="3105" ordinal="3" offset="32" sl="189" sc="17" el="189" ec="81" bec="0" bev="0" fileid="69" />
                <SequencePoint vc="2" uspid="3106" ordinal="4" offset="44" sl="192" sc="13" el="192" ec="14" bec="0" bev="0" fileid="69" />
                <SequencePoint vc="2" uspid="3107" ordinal="5" offset="45" sl="193" sc="24" el="193" ec="57" bec="0" bev="0" fileid="69" />
                <SequencePoint vc="2" uspid="3108" ordinal="6" offset="52" sl="194" sc="17" el="194" ec="18" bec="0" bev="0" fileid="69" />
                <SequencePoint vc="2" uspid="3109" ordinal="7" offset="53" sl="195" sc="21" el="195" ec="81" bec="0" bev="0" fileid="69" />
                <SequencePoint vc="2" uspid="3110" ordinal="8" offset="60" sl="196" sc="21" el="196" ec="59" bec="0" bev="0" fileid="69" />
                <SequencePoint vc="2" uspid="3111" ordinal="9" offset="68" sl="197" sc="21" el="198" ec="69" bec="2" bev="2" fileid="69" />
                <SequencePoint vc="1" uspid="3112" ordinal="10" offset="94" sl="199" sc="21" el="199" ec="22" bec="0" bev="0" fileid="69" />
                <SequencePoint vc="1" uspid="3113" ordinal="11" offset="95" sl="200" sc="25" el="200" ec="67" bec="0" bev="0" fileid="69" />
                <SequencePoint vc="1" uspid="3114" ordinal="12" offset="109" sl="201" sc="25" el="201" ec="51" bec="4" bev="2" fileid="69" />
                <SequencePoint vc="1" uspid="3115" ordinal="13" offset="132" sl="202" sc="25" el="202" ec="26" bec="0" bev="0" fileid="69" />
                <SequencePoint vc="1" uspid="3116" ordinal="14" offset="133" sl="203" sc="29" el="203" ec="84" bec="0" bev="0" fileid="69" />
                <SequencePoint vc="0" uspid="3117" ordinal="15" offset="149" sl="206" sc="25" el="206" ec="110" bec="0" bev="0" fileid="69" />
                <SequencePoint vc="0" uspid="3118" ordinal="16" offset="176" sl="207" sc="21" el="207" ec="22" bec="0" bev="0" fileid="69" />
                <SequencePoint vc="1" uspid="3119" ordinal="17" offset="182" sl="209" sc="21" el="209" ec="22" bec="0" bev="0" fileid="69" />
                <SequencePoint vc="1" uspid="3120" ordinal="18" offset="183" sl="210" sc="25" el="210" ec="54" bec="6" bev="3" fileid="69" />
                <SequencePoint vc="1" uspid="3121" ordinal="19" offset="253" sl="211" sc="25" el="211" ec="26" bec="0" bev="0" fileid="69" />
                <SequencePoint vc="1" uspid="3122" ordinal="20" offset="254" sl="212" sc="29" el="212" ec="96" bec="0" bev="0" fileid="69" />
                <SequencePoint vc="1" uspid="3123" ordinal="21" offset="291" sl="213" sc="29" el="213" ec="87" bec="0" bev="0" fileid="69" />
                <SequencePoint vc="0" uspid="3124" ordinal="22" offset="342" sl="215" sc="21" el="215" ec="22" bec="0" bev="0" fileid="69" />
                <SequencePoint vc="0" uspid="3125" ordinal="23" offset="343" sl="217" sc="21" el="217" ec="51" bec="0" bev="0" fileid="69" />
                <SequencePoint vc="0" uspid="3126" ordinal="24" offset="363" sl="220" sc="13" el="220" ec="42" bec="0" bev="0" fileid="69" />
                <SequencePoint vc="0" uspid="3127" ordinal="25" offset="364" sl="221" sc="13" el="221" ec="14" bec="0" bev="0" fileid="69" />
                <SequencePoint vc="0" uspid="3128" ordinal="26" offset="365" sl="222" sc="17" el="222" ec="23" bec="0" bev="0" fileid="69" />
                <SequencePoint vc="0" uspid="3129" ordinal="27" offset="367" sl="224" sc="13" el="224" ec="34" bec="0" bev="0" fileid="69" />
                <SequencePoint vc="0" uspid="3130" ordinal="28" offset="369" sl="225" sc="13" el="225" ec="14" bec="0" bev="0" fileid="69" />
                <SequencePoint vc="0" uspid="3131" ordinal="29" offset="370" sl="226" sc="17" el="226" ec="76" bec="0" bev="0" fileid="69" />
                <SequencePoint vc="0" uspid="3132" ordinal="30" offset="388" sl="227" sc="17" el="227" ec="111" bec="0" bev="0" fileid="69" />
                <SequencePoint vc="2" uspid="3133" ordinal="31" offset="412" sl="229" sc="9" el="229" ec="10" bec="0" bev="0" fileid="69" />
              </SequencePoints>
              <BranchPoints>
                <BranchPoint vc="1" uspid="3134" ordinal="0" offset="30" sl="188" path="0" offsetend="32" fileid="69" />
                <BranchPoint vc="2" uspid="3135" ordinal="1" offset="30" sl="188" path="1" offsetend="43" fileid="69" />
                <BranchPoint vc="1" uspid="3136" ordinal="2" offset="92" sl="197" path="0" offsetend="94" fileid="69" />
                <BranchPoint vc="1" uspid="3137" ordinal="3" offset="92" sl="197" path="1" offsetend="182" fileid="69" />
                <BranchPoint vc="0" uspid="3138" ordinal="4" offset="111" sl="201" path="0" offsetend="113" fileid="69" />
                <BranchPoint vc="1" uspid="3139" ordinal="5" offset="111" sl="201" path="1" offsetend="116" fileid="69" />
                <BranchPoint vc="1" uspid="3140" ordinal="6" offset="130" sl="201" path="0" offsetend="132" fileid="69" />
                <BranchPoint vc="0" uspid="3141" ordinal="7" offset="130" sl="201" path="1" offsetend="149" fileid="69" />
                <BranchPoint vc="0" uspid="3142" ordinal="8" offset="184" sl="210" path="0" offsetend="186" fileid="69" />
                <BranchPoint vc="1" uspid="3143" ordinal="9" offset="184" sl="210" path="1" offsetend="189" fileid="69" />
                <BranchPoint vc="0" uspid="3146" ordinal="12" offset="235" sl="210" path="0" offsetend="237" fileid="69" />
                <BranchPoint vc="1" uspid="3147" ordinal="13" offset="235" sl="210" path="1" offsetend="240" fileid="69" />
                <BranchPoint vc="1" uspid="3148" ordinal="14" offset="251" sl="210" path="0" offsetend="253" fileid="69" />
                <BranchPoint vc="0" uspid="3149" ordinal="15" offset="251" sl="210" path="1" offsetend="342" fileid="69" />
              </BranchPoints>
              <MethodPoint xsi:type="SequencePoint" vc="3" uspid="3102" ordinal="0" offset="0" sl="186" sc="9" el="186" ec="10" bec="0" bev="0" fileid="69" />
            </Method>
            <Method visited="true" cyclomaticComplexity="8" nPathComplexity="16" sequenceCoverage="100" branchCoverage="55.56" isConstructor="false" isStatic="true" isGetter="false" isSetter="false">
              <Summary numSequencePoints="10" visitedSequencePoints="10" numBranchPoints="9" visitedBranchPoints="5" sequenceCoverage="100" branchCoverage="55.56" maxCyclomaticComplexity="8" minCyclomaticComplexity="8" visitedClasses="0" numClasses="0" visitedMethods="1" numMethods="1" />
              <MetadataToken>100663707</MetadataToken>
              <Name>System.Collections.Generic.IList`1&lt;SportsWeb.Models.PitchModel&gt; SportsWeb.Services.Services.InstallerPitchService::FilterAmpFieldsWithDB(System.Guid,SportsWeb.Entities.Site,System.Collections.Generic.List`1&lt;SportsWeb.Models.PitchModel&gt;)</Name>
              <FileRef uid="69" />
              <SequencePoints>
                <SequencePoint vc="1" uspid="3152" ordinal="0" offset="13" sl="232" sc="9" el="232" ec="10" bec="0" bev="0" fileid="69" />
                <SequencePoint vc="1" uspid="3153" ordinal="1" offset="14" sl="233" sc="13" el="236" ec="31" bec="4" bev="2" fileid="69" />
                <SequencePoint vc="1" uspid="3154" ordinal="2" offset="56" sl="238" sc="13" el="238" ec="66" bec="0" bev="0" fileid="69" />
                <SequencePoint vc="1" uspid="3155" ordinal="3" offset="67" sl="239" sc="13" el="239" ec="36" bec="4" bev="2" fileid="69" />
                <SequencePoint vc="1" uspid="3156" ordinal="4" offset="86" sl="240" sc="13" el="240" ec="14" bec="0" bev="0" fileid="69" />
                <SequencePoint vc="1" uspid="3157" ordinal="5" offset="87" sl="241" sc="17" el="241" ec="57" bec="0" bev="0" fileid="69" />
                <SequencePoint vc="1" uspid="3158" ordinal="6" offset="106" sl="242" sc="13" el="242" ec="14" bec="0" bev="0" fileid="69" />
                <SequencePoint vc="1" uspid="3159" ordinal="7" offset="107" sl="244" sc="13" el="245" ec="136" bec="0" bev="0" fileid="69" />
                <SequencePoint vc="1" uspid="3160" ordinal="8" offset="166" sl="247" sc="13" el="247" ec="31" bec="0" bev="0" fileid="69" />
                <SequencePoint vc="1" uspid="3161" ordinal="9" offset="175" sl="248" sc="9" el="248" ec="10" bec="0" bev="0" fileid="69" />
              </SequencePoints>
              <BranchPoints>
                <BranchPoint vc="0" uspid="3162" ordinal="0" offset="15" sl="233" path="0" offsetend="17" fileid="69" />
                <BranchPoint vc="1" uspid="3163" ordinal="1" offset="15" sl="233" path="1" offsetend="20" fileid="69" />
                <BranchPoint vc="0" uspid="3164" ordinal="2" offset="27" sl="233" path="0" offsetend="29" fileid="69" />
                <BranchPoint vc="1" uspid="3165" ordinal="3" offset="27" sl="233" path="1" offsetend="33" fileid="69" />
                <BranchPoint vc="0" uspid="3166" ordinal="4" offset="68" sl="239" path="0" offsetend="70" fileid="69" />
                <BranchPoint vc="1" uspid="3167" ordinal="5" offset="68" sl="239" path="1" offsetend="73" fileid="69" />
                <BranchPoint vc="1" uspid="3168" ordinal="6" offset="84" sl="239" path="0" offsetend="86" fileid="69" />
                <BranchPoint vc="0" uspid="3169" ordinal="7" offset="84" sl="239" path="1" offsetend="107" fileid="69" />
              </BranchPoints>
              <MethodPoint vc="1" uspid="3170" ordinal="0" offset="0" />
            </Method>
            <Method visited="true" cyclomaticComplexity="2" nPathComplexity="0" sequenceCoverage="100" branchCoverage="100" isConstructor="false" isStatic="false" isGetter="false" isSetter="false">
              <Summary numSequencePoints="7" visitedSequencePoints="7" numBranchPoints="1" visitedBranchPoints="1" sequenceCoverage="100" branchCoverage="100" maxCyclomaticComplexity="2" minCyclomaticComplexity="2" visitedClasses="0" numClasses="0" visitedMethods="1" numMethods="1" />
              <MetadataToken>100663708</MetadataToken>
              <Name>System.Boolean SportsWeb.Services.Services.InstallerPitchService::IsPitchNameExists(System.String,System.Guid)</Name>
              <FileRef uid="69" />
              <SequencePoints>
                <SequencePoint vc="5" uspid="3171" ordinal="0" offset="20" sl="251" sc="9" el="251" ec="10" bec="0" bev="0" fileid="69" />
                <SequencePoint vc="5" uspid="3172" ordinal="1" offset="21" sl="252" sc="20" el="252" ec="47" bec="0" bev="0" fileid="69" />
                <SequencePoint vc="5" uspid="3173" ordinal="2" offset="28" sl="253" sc="13" el="253" ec="14" bec="0" bev="0" fileid="69" />
                <SequencePoint vc="5" uspid="3174" ordinal="3" offset="29" sl="254" sc="17" el="254" ec="75" bec="0" bev="0" fileid="69" />
                <SequencePoint vc="5" uspid="3175" ordinal="4" offset="36" sl="255" sc="17" el="258" ec="89" bec="0" bev="0" fileid="69" />
                <SequencePoint vc="5" uspid="3176" ordinal="5" offset="310" sl="259" sc="17" el="259" ec="38" bec="0" bev="0" fileid="69" />
                <SequencePoint vc="5" uspid="3177" ordinal="6" offset="331" sl="261" sc="9" el="261" ec="10" bec="0" bev="0" fileid="69" />
              </SequencePoints>
              <BranchPoints />
              <MethodPoint vc="5" uspid="3178" ordinal="0" offset="0" />
            </Method>
            <Method visited="true" cyclomaticComplexity="6" nPathComplexity="8" sequenceCoverage="90" branchCoverage="85.71" isConstructor="false" isStatic="false" isGetter="false" isSetter="false">
              <Summary numSequencePoints="40" visitedSequencePoints="36" numBranchPoints="7" visitedBranchPoints="6" sequenceCoverage="90" branchCoverage="85.71" maxCyclomaticComplexity="6" minCyclomaticComplexity="6" visitedClasses="0" numClasses="0" visitedMethods="1" numMethods="1" />
              <MetadataToken>100663709</MetadataToken>
              <Name>System.Void SportsWeb.Services.Services.InstallerPitchService::DeletePitch(System.Guid)</Name>
              <FileRef uid="69" />
              <SequencePoints>
                <SequencePoint vc="5" uspid="3179" ordinal="0" offset="13" sl="264" sc="9" el="264" ec="10" bec="0" bev="0" fileid="69" />
                <SequencePoint vc="5" uspid="3180" ordinal="1" offset="14" sl="266" sc="13" el="266" ec="14" bec="0" bev="0" fileid="69" />
                <SequencePoint vc="5" uspid="3181" ordinal="2" offset="15" sl="267" sc="24" el="267" ec="51" bec="0" bev="0" fileid="69" />
                <SequencePoint vc="5" uspid="3182" ordinal="3" offset="22" sl="268" sc="17" el="268" ec="18" bec="0" bev="0" fileid="69" />
                <SequencePoint vc="5" uspid="3183" ordinal="4" offset="23" sl="269" sc="21" el="269" ec="71" bec="0" bev="0" fileid="69" />
                <SequencePoint vc="5" uspid="3184" ordinal="5" offset="30" sl="270" sc="21" el="270" ec="90" bec="0" bev="0" fileid="69" />
                <SequencePoint vc="5" uspid="3185" ordinal="6" offset="154" sl="271" sc="21" el="271" ec="39" bec="2" bev="2" fileid="69" />
                <SequencePoint vc="1" uspid="3186" ordinal="7" offset="164" sl="272" sc="25" el="272" ec="101" bec="0" bev="0" fileid="69" />
                <SequencePoint vc="4" uspid="3187" ordinal="8" offset="175" sl="274" sc="21" el="274" ec="65" bec="2" bev="2" fileid="69" />
                <SequencePoint vc="3" uspid="3188" ordinal="9" offset="194" sl="275" sc="21" el="275" ec="22" bec="0" bev="0" fileid="69" />
                <SequencePoint vc="3" uspid="3189" ordinal="10" offset="195" sl="277" sc="25" el="277" ec="26" bec="0" bev="0" fileid="69" />
                <SequencePoint vc="3" uspid="3190" ordinal="11" offset="196" sl="278" sc="29" el="278" ec="58" bec="0" bev="0" fileid="69" />
                <SequencePoint vc="2" uspid="3191" ordinal="12" offset="214" sl="279" sc="25" el="279" ec="26" bec="0" bev="0" fileid="69" />
                <SequencePoint vc="1" uspid="3192" ordinal="13" offset="217" sl="280" sc="25" el="280" ec="44" bec="0" bev="0" fileid="69" />
                <SequencePoint vc="1" uspid="3193" ordinal="14" offset="219" sl="281" sc="25" el="281" ec="26" bec="0" bev="0" fileid="69" />
                <SequencePoint vc="1" uspid="3194" ordinal="15" offset="220" sl="283" sc="29" el="283" ec="95" bec="2" bev="1" fileid="69" />
                <SequencePoint vc="1" uspid="3195" ordinal="16" offset="243" sl="284" sc="29" el="284" ec="30" bec="0" bev="0" fileid="69" />
                <SequencePoint vc="1" uspid="3196" ordinal="17" offset="244" sl="285" sc="33" el="285" ec="39" bec="0" bev="0" fileid="69" />
                <SequencePoint vc="0" uspid="3197" ordinal="18" offset="246" sl="288" sc="29" el="288" ec="30" bec="0" bev="0" fileid="69" />
                <SequencePoint vc="0" uspid="3198" ordinal="19" offset="247" sl="289" sc="33" el="289" ec="114" bec="0" bev="0" fileid="69" />
                <SequencePoint vc="0" uspid="3199" ordinal="20" offset="263" sl="290" sc="29" el="290" ec="30" bec="0" bev="0" fileid="69" />
                <SequencePoint vc="0" uspid="3200" ordinal="21" offset="264" sl="291" sc="25" el="291" ec="26" bec="0" bev="0" fileid="69" />
                <SequencePoint vc="2" uspid="3201" ordinal="22" offset="267" sl="293" sc="21" el="293" ec="22" bec="0" bev="0" fileid="69" />
                <SequencePoint vc="3" uspid="3202" ordinal="23" offset="268" sl="295" sc="21" el="295" ec="77" bec="0" bev="0" fileid="69" />
                <SequencePoint vc="3" uspid="3203" ordinal="24" offset="276" sl="296" sc="21" el="296" ec="102" bec="0" bev="0" fileid="69" />
                <SequencePoint vc="3" uspid="3204" ordinal="25" offset="422" sl="297" sc="21" el="297" ec="28" bec="0" bev="0" fileid="69" />
                <SequencePoint vc="3" uspid="3205" ordinal="26" offset="423" sl="297" sc="46" el="297" ec="55" bec="0" bev="0" fileid="69" />
                <SequencePoint vc="2" uspid="3206" ordinal="27" offset="434" sl="297" sc="30" el="297" ec="42" bec="0" bev="0" fileid="69" />
                <SequencePoint vc="2" uspid="3207" ordinal="28" offset="443" sl="298" sc="21" el="298" ec="22" bec="0" bev="0" fileid="69" />
                <SequencePoint vc="2" uspid="3208" ordinal="29" offset="444" sl="299" sc="25" el="299" ec="84" bec="0" bev="0" fileid="69" />
                <SequencePoint vc="2" uspid="3209" ordinal="30" offset="470" sl="300" sc="21" el="300" ec="22" bec="0" bev="0" fileid="69" />
                <SequencePoint vc="5" uspid="3210" ordinal="31" offset="471" sl="297" sc="43" el="297" ec="45" bec="0" bev="0" fileid="69" />
                <SequencePoint vc="3" uspid="3211" ordinal="32" offset="497" sl="301" sc="17" el="301" ec="18" bec="0" bev="0" fileid="69" />
                <SequencePoint vc="3" uspid="3212" ordinal="33" offset="511" sl="303" sc="17" el="303" ec="67" bec="0" bev="0" fileid="69" />
                <SequencePoint vc="3" uspid="3213" ordinal="34" offset="536" sl="304" sc="13" el="304" ec="14" bec="0" bev="0" fileid="69" />
                <SequencePoint vc="2" uspid="3214" ordinal="35" offset="539" sl="305" sc="13" el="305" ec="33" bec="0" bev="0" fileid="69" />
                <SequencePoint vc="2" uspid="3215" ordinal="36" offset="541" sl="306" sc="13" el="306" ec="14" bec="0" bev="0" fileid="69" />
                <SequencePoint vc="2" uspid="3216" ordinal="37" offset="542" sl="307" sc="17" el="307" ec="102" bec="0" bev="0" fileid="69" />
                <SequencePoint vc="2" uspid="3217" ordinal="38" offset="560" sl="308" sc="17" el="308" ec="23" bec="0" bev="0" fileid="69" />
                <SequencePoint vc="3" uspid="3218" ordinal="39" offset="562" sl="310" sc="9" el="310" ec="10" bec="0" bev="0" fileid="69" />
              </SequencePoints>
              <BranchPoints>
                <BranchPoint vc="1" uspid="3219" ordinal="0" offset="162" sl="271" path="0" offsetend="164" fileid="69" />
                <BranchPoint vc="4" uspid="3220" ordinal="1" offset="162" sl="271" path="1" offsetend="175" fileid="69" />
                <BranchPoint vc="3" uspid="3221" ordinal="2" offset="192" sl="274" path="0" offsetend="194" fileid="69" />
                <BranchPoint vc="1" uspid="3222" ordinal="3" offset="192" sl="274" path="1" offsetend="268" fileid="69" />
                <BranchPoint vc="1" uspid="3223" ordinal="4" offset="241" sl="283" path="0" offsetend="243" fileid="69" />
                <BranchPoint vc="0" uspid="3224" ordinal="5" offset="241" sl="283" path="1" offsetend="246" fileid="69" />
              </BranchPoints>
              <MethodPoint vc="5" uspid="3227" ordinal="0" offset="0" />
            </Method>
            <Method visited="false" cyclomaticComplexity="2" nPathComplexity="0" sequenceCoverage="0" branchCoverage="0" isConstructor="false" isStatic="false" isGetter="false" isSetter="false">
              <Summary numSequencePoints="12" visitedSequencePoints="0" numBranchPoints="1" visitedBranchPoints="0" sequenceCoverage="0" branchCoverage="0" maxCyclomaticComplexity="2" minCyclomaticComplexity="2" visitedClasses="0" numClasses="0" visitedMethods="0" numMethods="1" />
              <MetadataToken>100663710</MetadataToken>
              <Name>System.Collections.Generic.List`1&lt;SportsWeb.Models.SearchResultModel&gt; SportsWeb.Services.Services.InstallerPitchService::SearchFieldByName(System.String)</Name>
              <FileRef uid="69" />
              <SequencePoints>
                <SequencePoint vc="0" uspid="3228" ordinal="0" offset="13" sl="313" sc="9" el="313" ec="10" bec="0" bev="0" fileid="69" />
                <SequencePoint vc="0" uspid="3229" ordinal="1" offset="14" sl="314" sc="13" el="314" ec="112" bec="0" bev="0" fileid="69" />
                <SequencePoint vc="0" uspid="3230" ordinal="2" offset="41" sl="316" sc="13" el="316" ec="14" bec="0" bev="0" fileid="69" />
                <SequencePoint vc="0" uspid="3231" ordinal="3" offset="42" sl="317" sc="24" el="317" ec="57" bec="0" bev="0" fileid="69" />
                <SequencePoint vc="0" uspid="3232" ordinal="4" offset="49" sl="318" sc="17" el="318" ec="18" bec="0" bev="0" fileid="69" />
                <SequencePoint vc="0" uspid="3233" ordinal="5" offset="50" sl="320" sc="21" el="336" ec="48" bec="0" bev="0" fileid="69" />
                <SequencePoint vc="0" uspid="3234" ordinal="6" offset="1627" sl="338" sc="21" el="338" ec="38" bec="0" bev="0" fileid="69" />
                <SequencePoint vc="0" uspid="3235" ordinal="7" offset="1643" sl="341" sc="13" el="341" ec="34" bec="0" bev="0" fileid="69" />
                <SequencePoint vc="0" uspid="3236" ordinal="8" offset="1645" sl="342" sc="13" el="342" ec="14" bec="0" bev="0" fileid="69" />
                <SequencePoint vc="0" uspid="3237" ordinal="9" offset="1646" sl="343" sc="17" el="343" ec="109" bec="0" bev="0" fileid="69" />
                <SequencePoint vc="0" uspid="3238" ordinal="10" offset="1664" sl="344" sc="17" el="344" ec="23" bec="0" bev="0" fileid="69" />
                <SequencePoint vc="0" uspid="3239" ordinal="11" offset="1666" sl="346" sc="9" el="346" ec="10" bec="0" bev="0" fileid="69" />
              </SequencePoints>
              <BranchPoints />
              <MethodPoint vc="0" uspid="3240" ordinal="0" offset="0" />
            </Method>
            <Method visited="true" cyclomaticComplexity="1" nPathComplexity="0" sequenceCoverage="100" branchCoverage="100" isConstructor="true" isStatic="true" isGetter="false" isSetter="false">
              <Summary numSequencePoints="1" visitedSequencePoints="1" numBranchPoints="1" visitedBranchPoints="1" sequenceCoverage="100" branchCoverage="100" maxCyclomaticComplexity="1" minCyclomaticComplexity="1" visitedClasses="0" numClasses="0" visitedMethods="1" numMethods="1" />
              <MetadataToken>100663711</MetadataToken>
              <Name>System.Void SportsWeb.Services.Services.InstallerPitchService::.cctor()</Name>
              <FileRef uid="69" />
              <SequencePoints>
                <SequencePoint vc="1" uspid="3241" ordinal="0" offset="0" sl="23" sc="9" el="23" ec="99" bec="0" bev="0" fileid="69" />
              </SequencePoints>
              <BranchPoints />
              <MethodPoint xsi:type="SequencePoint" vc="1" uspid="3241" ordinal="0" offset="0" sl="23" sc="9" el="23" ec="99" bec="0" bev="0" fileid="69" />
            </Method>
          </Methods>
        </Class>
        <Class>
          <Summary numSequencePoints="1" visitedSequencePoints="1" numBranchPoints="1" visitedBranchPoints="1" sequenceCoverage="100" branchCoverage="100" maxCyclomaticComplexity="1" minCyclomaticComplexity="1" visitedClasses="1" numClasses="1" visitedMethods="1" numMethods="1" />
          <FullName>SportsWeb.Services.Services.InstallerPitchService/&lt;&gt;c</FullName>
          <Methods>
            <Method visited="true" cyclomaticComplexity="1" nPathComplexity="0" sequenceCoverage="0" branchCoverage="0" isConstructor="true" isStatic="true" isGetter="false" isSetter="false">
              <Summary numSequencePoints="0" visitedSequencePoints="0" numBranchPoints="0" visitedBranchPoints="0" sequenceCoverage="0" branchCoverage="0" maxCyclomaticComplexity="1" minCyclomaticComplexity="1" visitedClasses="0" numClasses="0" visitedMethods="0" numMethods="0" />
              <MetadataToken>100666894</MetadataToken>
              <Name>System.Void SportsWeb.Services.Services.InstallerPitchService/&lt;&gt;c::.cctor()</Name>
              <SequencePoints />
              <BranchPoints />
              <MethodPoint vc="1" uspid="3242" ordinal="0" offset="0" />
            </Method>
            <Method visited="true" cyclomaticComplexity="1" nPathComplexity="0" sequenceCoverage="0" branchCoverage="0" isConstructor="true" isStatic="false" isGetter="false" isSetter="false">
              <Summary numSequencePoints="0" visitedSequencePoints="0" numBranchPoints="0" visitedBranchPoints="0" sequenceCoverage="0" branchCoverage="0" maxCyclomaticComplexity="1" minCyclomaticComplexity="1" visitedClasses="0" numClasses="0" visitedMethods="0" numMethods="0" />
              <MetadataToken>100666895</MetadataToken>
              <Name>System.Void SportsWeb.Services.Services.InstallerPitchService/&lt;&gt;c::.ctor()</Name>
              <SequencePoints />
              <BranchPoints />
              <MethodPoint vc="1" uspid="3243" ordinal="0" offset="0" />
            </Method>
            <Method visited="true" cyclomaticComplexity="1" nPathComplexity="0" sequenceCoverage="100" branchCoverage="100" isConstructor="false" isStatic="false" isGetter="false" isSetter="false">
              <Summary numSequencePoints="1" visitedSequencePoints="1" numBranchPoints="1" visitedBranchPoints="1" sequenceCoverage="100" branchCoverage="100" maxCyclomaticComplexity="1" minCyclomaticComplexity="1" visitedClasses="0" numClasses="0" visitedMethods="1" numMethods="1" />
              <MetadataToken>100666896</MetadataToken>
              <Name>SportsWeb.Models.PitchModel SportsWeb.Services.Services.InstallerPitchService/&lt;&gt;c::&lt;GetPitchesBySite&gt;b__8_0(SportsWeb.Entities.Pitch)</Name>
              <FileRef uid="69" />
              <SequencePoints>
                <SequencePoint vc="2" uspid="3244" ordinal="0" offset="0" sl="213" sc="61" el="213" ec="76" bec="0" bev="0" fileid="69" />
              </SequencePoints>
              <BranchPoints />
              <MethodPoint xsi:type="SequencePoint" vc="2" uspid="3244" ordinal="0" offset="0" sl="213" sc="61" el="213" ec="76" bec="0" bev="0" fileid="69" />
            </Method>
          </Methods>
        </Class>
        <Class>
          <Summary numSequencePoints="2" visitedSequencePoints="2" numBranchPoints="2" visitedBranchPoints="2" sequenceCoverage="100" branchCoverage="100" maxCyclomaticComplexity="2" minCyclomaticComplexity="1" visitedClasses="1" numClasses="1" visitedMethods="2" numMethods="2" />
          <FullName>SportsWeb.Services.Services.InstallerPitchService/&lt;&gt;c__DisplayClass9_0</FullName>
          <Methods>
            <Method visited="true" cyclomaticComplexity="1" nPathComplexity="0" sequenceCoverage="0" branchCoverage="0" isConstructor="true" isStatic="false" isGetter="false" isSetter="false">
              <Summary numSequencePoints="0" visitedSequencePoints="0" numBranchPoints="0" visitedBranchPoints="0" sequenceCoverage="0" branchCoverage="0" maxCyclomaticComplexity="1" minCyclomaticComplexity="1" visitedClasses="0" numClasses="0" visitedMethods="0" numMethods="0" />
              <MetadataToken>100666897</MetadataToken>
              <Name>System.Void SportsWeb.Services.Services.InstallerPitchService/&lt;&gt;c__DisplayClass9_0::.ctor()</Name>
              <SequencePoints />
              <BranchPoints />
              <MethodPoint vc="1" uspid="3245" ordinal="0" offset="0" />
            </Method>
            <Method visited="true" cyclomaticComplexity="2" nPathComplexity="0" sequenceCoverage="100" branchCoverage="100" isConstructor="false" isStatic="false" isGetter="false" isSetter="false">
              <Summary numSequencePoints="1" visitedSequencePoints="1" numBranchPoints="1" visitedBranchPoints="1" sequenceCoverage="100" branchCoverage="100" maxCyclomaticComplexity="2" minCyclomaticComplexity="2" visitedClasses="0" numClasses="0" visitedMethods="1" numMethods="1" />
              <MetadataToken>100666898</MetadataToken>
              <Name>System.Boolean SportsWeb.Services.Services.InstallerPitchService/&lt;&gt;c__DisplayClass9_0::&lt;FilterAmpFieldsWithDB&gt;b__0(SportsWeb.Entities.Pitch)</Name>
              <FileRef uid="69" />
              <SequencePoints>
                <SequencePoint vc="2" uspid="3246" ordinal="0" offset="13" sl="235" sc="32" el="235" ec="89" bec="0" bev="0" fileid="69" />
              </SequencePoints>
              <BranchPoints />
              <MethodPoint vc="2" uspid="3249" ordinal="0" offset="0" />
            </Method>
            <Method visited="true" cyclomaticComplexity="1" nPathComplexity="0" sequenceCoverage="100" branchCoverage="100" isConstructor="false" isStatic="false" isGetter="false" isSetter="false">
              <Summary numSequencePoints="1" visitedSequencePoints="1" numBranchPoints="1" visitedBranchPoints="1" sequenceCoverage="100" branchCoverage="100" maxCyclomaticComplexity="1" minCyclomaticComplexity="1" visitedClasses="0" numClasses="0" visitedMethods="1" numMethods="1" />
              <MetadataToken>100666899</MetadataToken>
              <Name>System.Void SportsWeb.Services.Services.InstallerPitchService/&lt;&gt;c__DisplayClass9_0::&lt;FilterAmpFieldsWithDB&gt;b__1(SportsWeb.Entities.Pitch)</Name>
              <FileRef uid="69" />
              <SequencePoints>
                <SequencePoint vc="1" uspid="3250" ordinal="0" offset="0" sl="241" sc="38" el="241" ec="55" bec="0" bev="0" fileid="69" />
              </SequencePoints>
              <BranchPoints />
              <MethodPoint xsi:type="SequencePoint" vc="1" uspid="3250" ordinal="0" offset="0" sl="241" sc="38" el="241" ec="55" bec="0" bev="0" fileid="69" />
            </Method>
          </Methods>
        </Class>
        <Class>
          <Summary numSequencePoints="1" visitedSequencePoints="1" numBranchPoints="1" visitedBranchPoints="1" sequenceCoverage="100" branchCoverage="100" maxCyclomaticComplexity="1" minCyclomaticComplexity="1" visitedClasses="1" numClasses="1" visitedMethods="1" numMethods="1" />
          <FullName>SportsWeb.Services.Services.InstallerPitchService/&lt;&gt;c__DisplayClass9_1</FullName>
          <Methods>
            <Method visited="true" cyclomaticComplexity="1" nPathComplexity="0" sequenceCoverage="0" branchCoverage="0" isConstructor="true" isStatic="false" isGetter="false" isSetter="false">
              <Summary numSequencePoints="0" visitedSequencePoints="0" numBranchPoints="0" visitedBranchPoints="0" sequenceCoverage="0" branchCoverage="0" maxCyclomaticComplexity="1" minCyclomaticComplexity="1" visitedClasses="0" numClasses="0" visitedMethods="0" numMethods="0" />
              <MetadataToken>100666900</MetadataToken>
              <Name>System.Void SportsWeb.Services.Services.InstallerPitchService/&lt;&gt;c__DisplayClass9_1::.ctor()</Name>
              <SequencePoints />
              <BranchPoints />
              <MethodPoint vc="2" uspid="3251" ordinal="0" offset="0" />
            </Method>
            <Method visited="true" cyclomaticComplexity="1" nPathComplexity="0" sequenceCoverage="100" branchCoverage="100" isConstructor="false" isStatic="false" isGetter="false" isSetter="false">
              <Summary numSequencePoints="1" visitedSequencePoints="1" numBranchPoints="1" visitedBranchPoints="1" sequenceCoverage="100" branchCoverage="100" maxCyclomaticComplexity="1" minCyclomaticComplexity="1" visitedClasses="0" numClasses="0" visitedMethods="1" numMethods="1" />
              <MetadataToken>100666901</MetadataToken>
              <Name>System.Boolean SportsWeb.Services.Services.InstallerPitchService/&lt;&gt;c__DisplayClass9_1::&lt;FilterAmpFieldsWithDB&gt;b__2(SportsWeb.Models.PitchModel)</Name>
              <FileRef uid="69" />
              <SequencePoints>
                <SequencePoint vc="3" uspid="3252" ordinal="0" offset="0" sl="235" sc="68" el="235" ec="88" bec="0" bev="0" fileid="69" />
              </SequencePoints>
              <BranchPoints />
              <MethodPoint xsi:type="SequencePoint" vc="3" uspid="3252" ordinal="0" offset="0" sl="235" sc="68" el="235" ec="88" bec="0" bev="0" fileid="69" />
            </Method>
          </Methods>
        </Class>
        <Class>
          <Summary numSequencePoints="0" visitedSequencePoints="0" numBranchPoints="0" visitedBranchPoints="0" sequenceCoverage="0" branchCoverage="0" maxCyclomaticComplexity="1" minCyclomaticComplexity="1" visitedClasses="0" numClasses="0" visitedMethods="0" numMethods="0" />
          <FullName>SportsWeb.Services.Services.InstallerPitchService/&lt;&gt;c__DisplayClass10_0</FullName>
          <Methods>
            <Method visited="true" cyclomaticComplexity="1" nPathComplexity="0" sequenceCoverage="0" branchCoverage="0" isConstructor="true" isStatic="false" isGetter="false" isSetter="false">
              <Summary numSequencePoints="0" visitedSequencePoints="0" numBranchPoints="0" visitedBranchPoints="0" sequenceCoverage="0" branchCoverage="0" maxCyclomaticComplexity="1" minCyclomaticComplexity="1" visitedClasses="0" numClasses="0" visitedMethods="0" numMethods="0" />
              <MetadataToken>100666902</MetadataToken>
              <Name>System.Void SportsWeb.Services.Services.InstallerPitchService/&lt;&gt;c__DisplayClass10_0::.ctor()</Name>
              <SequencePoints />
              <BranchPoints />
              <MethodPoint vc="5" uspid="3253" ordinal="0" offset="0" />
            </Method>
          </Methods>
        </Class>
        <Class>
          <Summary numSequencePoints="0" visitedSequencePoints="0" numBranchPoints="0" visitedBranchPoints="0" sequenceCoverage="0" branchCoverage="0" maxCyclomaticComplexity="1" minCyclomaticComplexity="1" visitedClasses="0" numClasses="0" visitedMethods="0" numMethods="0" />
          <FullName>SportsWeb.Services.Services.InstallerPitchService/&lt;&gt;c__DisplayClass11_0</FullName>
          <Methods>
            <Method visited="true" cyclomaticComplexity="1" nPathComplexity="0" sequenceCoverage="0" branchCoverage="0" isConstructor="true" isStatic="false" isGetter="false" isSetter="false">
              <Summary numSequencePoints="0" visitedSequencePoints="0" numBranchPoints="0" visitedBranchPoints="0" sequenceCoverage="0" branchCoverage="0" maxCyclomaticComplexity="1" minCyclomaticComplexity="1" visitedClasses="0" numClasses="0" visitedMethods="0" numMethods="0" />
              <MetadataToken>100666903</MetadataToken>
              <Name>System.Void SportsWeb.Services.Services.InstallerPitchService/&lt;&gt;c__DisplayClass11_0::.ctor()</Name>
              <SequencePoints />
              <BranchPoints />
              <MethodPoint vc="5" uspid="3254" ordinal="0" offset="0" />
            </Method>
          </Methods>
        </Class>
        <Class>
          <Summary numSequencePoints="0" visitedSequencePoints="0" numBranchPoints="0" visitedBranchPoints="0" sequenceCoverage="0" branchCoverage="0" maxCyclomaticComplexity="1" minCyclomaticComplexity="1" visitedClasses="0" numClasses="0" visitedMethods="0" numMethods="0" />
          <FullName>SportsWeb.Services.Services.InstallerPitchService/&lt;&gt;c__DisplayClass12_0</FullName>
          <Methods>
            <Method visited="false" cyclomaticComplexity="1" nPathComplexity="0" sequenceCoverage="0" branchCoverage="0" isConstructor="true" isStatic="false" isGetter="false" isSetter="false">
              <Summary numSequencePoints="0" visitedSequencePoints="0" numBranchPoints="0" visitedBranchPoints="0" sequenceCoverage="0" branchCoverage="0" maxCyclomaticComplexity="1" minCyclomaticComplexity="1" visitedClasses="0" numClasses="0" visitedMethods="0" numMethods="0" />
              <MetadataToken>100666904</MetadataToken>
              <Name>System.Void SportsWeb.Services.Services.InstallerPitchService/&lt;&gt;c__DisplayClass12_0::.ctor()</Name>
              <SequencePoints />
              <BranchPoints />
              <MethodPoint vc="0" uspid="3255" ordinal="0" offset="0" />
            </Method>
          </Methods>
        </Class>
        <Class>
          <Summary numSequencePoints="397" visitedSequencePoints="303" numBranchPoints="109" visitedBranchPoints="83" sequenceCoverage="76.32" branchCoverage="76.15" maxCyclomaticComplexity="14" minCyclomaticComplexity="1" visitedClasses="1" numClasses="1" visitedMethods="15" numMethods="19" />
          <FullName>SportsWeb.Services.Services.InstallerSiteService</FullName>
          <Methods>
            <Method visited="true" cyclomaticComplexity="1" nPathComplexity="0" sequenceCoverage="100" branchCoverage="100" isConstructor="true" isStatic="false" isGetter="false" isSetter="false">
              <Summary numSequencePoints="4" visitedSequencePoints="4" numBranchPoints="1" visitedBranchPoints="1" sequenceCoverage="100" branchCoverage="100" maxCyclomaticComplexity="1" minCyclomaticComplexity="1" visitedClasses="0" numClasses="0" visitedMethods="1" numMethods="1" />
              <MetadataToken>100663712</MetadataToken>
              <Name>System.Void SportsWeb.Services.Services.InstallerSiteService::.ctor()</Name>
              <FileRef uid="73" />
              <SequencePoints>
                <SequencePoint vc="39" uspid="3256" ordinal="0" offset="0" sl="29" sc="9" el="29" ec="38" bec="0" bev="0" fileid="73" />
                <SequencePoint vc="39" uspid="3257" ordinal="1" offset="7" sl="30" sc="9" el="30" ec="10" bec="0" bev="0" fileid="73" />
                <SequencePoint vc="39" uspid="3258" ordinal="2" offset="8" sl="31" sc="13" el="31" ec="68" bec="0" bev="0" fileid="73" />
                <SequencePoint vc="39" uspid="3259" ordinal="3" offset="29" sl="32" sc="9" el="32" ec="10" bec="0" bev="0" fileid="73" />
              </SequencePoints>
              <BranchPoints />
              <MethodPoint xsi:type="SequencePoint" vc="39" uspid="3256" ordinal="0" offset="0" sl="29" sc="9" el="29" ec="38" bec="0" bev="0" fileid="73" />
            </Method>
            <Method visited="true" cyclomaticComplexity="7" nPathComplexity="8" sequenceCoverage="90.91" branchCoverage="85.71" isConstructor="false" isStatic="false" isGetter="false" isSetter="false">
              <Summary numSequencePoints="33" visitedSequencePoints="30" numBranchPoints="7" visitedBranchPoints="6" sequenceCoverage="90.91" branchCoverage="85.71" maxCyclomaticComplexity="7" minCyclomaticComplexity="7" visitedClasses="0" numClasses="0" visitedMethods="1" numMethods="1" />
              <MetadataToken>100663713</MetadataToken>
              <Name>System.Collections.Generic.IList`1&lt;SportsWeb.Models.Models.GetSitesModel&gt; SportsWeb.Services.Services.InstallerSiteService::GetSitesByCustomerId(System.Guid)</Name>
              <FileRef uid="73" />
              <SequencePoints>
                <SequencePoint vc="7" uspid="3260" ordinal="0" offset="13" sl="35" sc="9" el="35" ec="10" bec="0" bev="0" fileid="73" />
                <SequencePoint vc="7" uspid="3261" ordinal="1" offset="14" sl="36" sc="13" el="36" ec="103" bec="0" bev="0" fileid="73" />
                <SequencePoint vc="7" uspid="3262" ordinal="2" offset="46" sl="39" sc="13" el="39" ec="14" bec="0" bev="0" fileid="73" />
                <SequencePoint vc="7" uspid="3263" ordinal="3" offset="47" sl="40" sc="24" el="40" ec="51" bec="0" bev="0" fileid="73" />
                <SequencePoint vc="7" uspid="3264" ordinal="4" offset="60" sl="41" sc="17" el="41" ec="18" bec="0" bev="0" fileid="73" />
                <SequencePoint vc="7" uspid="3265" ordinal="5" offset="61" sl="42" sc="21" el="42" ec="83" bec="0" bev="0" fileid="73" />
                <SequencePoint vc="7" uspid="3266" ordinal="6" offset="68" sl="43" sc="21" el="44" ec="95" bec="0" bev="0" fileid="73" />
                <SequencePoint vc="7" uspid="3267" ordinal="7" offset="193" sl="46" sc="21" el="46" ec="42" bec="2" bev="2" fileid="73" />
                <SequencePoint vc="1" uspid="3268" ordinal="8" offset="204" sl="47" sc="21" el="47" ec="22" bec="0" bev="0" fileid="73" />
                <SequencePoint vc="1" uspid="3269" ordinal="9" offset="205" sl="48" sc="25" el="48" ec="110" bec="0" bev="0" fileid="73" />
                <SequencePoint vc="1" uspid="3270" ordinal="10" offset="237" sl="49" sc="25" el="49" ec="37" bec="0" bev="0" fileid="73" />
                <SequencePoint vc="6" uspid="3271" ordinal="11" offset="245" sl="55" sc="21" el="56" ec="69" bec="2" bev="2" fileid="73" />
                <SequencePoint vc="5" uspid="3272" ordinal="12" offset="278" sl="57" sc="21" el="57" ec="22" bec="0" bev="0" fileid="73" />
                <SequencePoint vc="5" uspid="3273" ordinal="13" offset="279" sl="58" sc="25" el="58" ec="76" bec="0" bev="0" fileid="73" />
                <SequencePoint vc="2" uspid="3274" ordinal="14" offset="304" sl="60" sc="25" el="60" ec="80" bec="2" bev="1" fileid="73" />
                <SequencePoint vc="2" uspid="3275" ordinal="15" offset="337" sl="61" sc="25" el="61" ec="26" bec="0" bev="0" fileid="73" />
                <SequencePoint vc="2" uspid="3276" ordinal="16" offset="338" sl="62" sc="29" el="66" ec="40" bec="0" bev="0" fileid="73" />
                <SequencePoint vc="2" uspid="3277" ordinal="17" offset="370" sl="67" sc="25" el="67" ec="26" bec="0" bev="0" fileid="73" />
                <SequencePoint vc="0" uspid="3278" ordinal="18" offset="373" sl="69" sc="25" el="69" ec="26" bec="0" bev="0" fileid="73" />
                <SequencePoint vc="0" uspid="3279" ordinal="19" offset="374" sl="70" sc="29" el="70" ec="54" bec="0" bev="0" fileid="73" />
                <SequencePoint vc="0" uspid="3280" ordinal="20" offset="381" sl="71" sc="25" el="71" ec="26" bec="0" bev="0" fileid="73" />
                <SequencePoint vc="2" uspid="3281" ordinal="21" offset="382" sl="72" sc="21" el="72" ec="22" bec="0" bev="0" fileid="73" />
                <SequencePoint vc="1" uspid="3282" ordinal="22" offset="385" sl="74" sc="21" el="74" ec="22" bec="0" bev="0" fileid="73" />
                <SequencePoint vc="1" uspid="3283" ordinal="23" offset="386" sl="75" sc="25" el="75" ec="82" bec="0" bev="0" fileid="73" />
                <SequencePoint vc="1" uspid="3284" ordinal="24" offset="436" sl="76" sc="21" el="76" ec="22" bec="0" bev="0" fileid="73" />
                <SequencePoint vc="3" uspid="3285" ordinal="25" offset="437" sl="78" sc="21" el="78" ec="80" bec="0" bev="0" fileid="73" />
                <SequencePoint vc="3" uspid="3286" ordinal="26" offset="448" sl="79" sc="21" el="83" ec="24" bec="0" bev="0" fileid="73" />
                <SequencePoint vc="3" uspid="3287" ordinal="27" offset="468" sl="85" sc="21" el="85" ec="39" bec="0" bev="0" fileid="73" />
                <SequencePoint vc="3" uspid="3288" ordinal="28" offset="489" sl="88" sc="13" el="88" ec="33" bec="0" bev="0" fileid="73" />
                <SequencePoint vc="3" uspid="3289" ordinal="29" offset="491" sl="89" sc="13" el="89" ec="14" bec="0" bev="0" fileid="73" />
                <SequencePoint vc="3" uspid="3290" ordinal="30" offset="492" sl="90" sc="17" el="90" ec="116" bec="0" bev="0" fileid="73" />
                <SequencePoint vc="3" uspid="3291" ordinal="31" offset="510" sl="91" sc="17" el="91" ec="23" bec="0" bev="0" fileid="73" />
                <SequencePoint vc="4" uspid="3292" ordinal="32" offset="512" sl="93" sc="9" el="93" ec="10" bec="0" bev="0" fileid="73" />
              </SequencePoints>
              <BranchPoints>
                <BranchPoint vc="1" uspid="3293" ordinal="0" offset="202" sl="46" path="0" offsetend="204" fileid="73" />
                <BranchPoint vc="6" uspid="3294" ordinal="1" offset="202" sl="46" path="1" offsetend="245" fileid="73" />
                <BranchPoint vc="5" uspid="3295" ordinal="2" offset="269" sl="55" path="0" offsetend="271" fileid="73" />
                <BranchPoint vc="1" uspid="3296" ordinal="3" offset="269" sl="55" path="1" offsetend="385" fileid="73" />
                <BranchPoint vc="2" uspid="3299" ordinal="6" offset="335" sl="60" path="0" offsetend="337" fileid="73" />
                <BranchPoint vc="0" uspid="3300" ordinal="7" offset="335" sl="60" path="1" offsetend="373" fileid="73" />
              </BranchPoints>
              <MethodPoint vc="7" uspid="3303" ordinal="0" offset="0" />
            </Method>
            <Method visited="true" cyclomaticComplexity="14" nPathComplexity="128" sequenceCoverage="85.19" branchCoverage="73.33" isConstructor="false" isStatic="false" isGetter="false" isSetter="false">
              <Summary numSequencePoints="27" visitedSequencePoints="23" numBranchPoints="15" visitedBranchPoints="11" sequenceCoverage="85.19" branchCoverage="73.33" maxCyclomaticComplexity="14" minCyclomaticComplexity="14" visitedClasses="0" numClasses="0" visitedMethods="1" numMethods="1" />
              <MetadataToken>100663714</MetadataToken>
              <Name>System.Collections.Generic.IList`1&lt;SportsWeb.Models.Models.GetSitesModel&gt; SportsWeb.Services.Services.InstallerSiteService::GetSites(System.String)</Name>
              <FileRef uid="73" />
              <SequencePoints>
                <SequencePoint vc="4" uspid="3304" ordinal="0" offset="13" sl="96" sc="9" el="96" ec="10" bec="0" bev="0" fileid="73" />
                <SequencePoint vc="4" uspid="3305" ordinal="1" offset="14" sl="98" sc="13" el="98" ec="48" bec="2" bev="2" fileid="73" />
                <SequencePoint vc="1" uspid="3306" ordinal="2" offset="29" sl="99" sc="13" el="99" ec="14" bec="0" bev="0" fileid="73" />
                <SequencePoint vc="1" uspid="3307" ordinal="3" offset="30" sl="100" sc="17" el="100" ec="97" bec="0" bev="0" fileid="73" />
                <SequencePoint vc="3" uspid="3308" ordinal="4" offset="42" sl="104" sc="13" el="104" ec="14" bec="0" bev="0" fileid="73" />
                <SequencePoint vc="3" uspid="3309" ordinal="5" offset="43" sl="105" sc="17" el="105" ec="85" bec="0" bev="0" fileid="73" />
                <SequencePoint vc="3" uspid="3310" ordinal="6" offset="70" sl="107" sc="24" el="107" ec="51" bec="0" bev="0" fileid="73" />
                <SequencePoint vc="3" uspid="3311" ordinal="7" offset="77" sl="108" sc="17" el="108" ec="18" bec="0" bev="0" fileid="73" />
                <SequencePoint vc="3" uspid="3312" ordinal="8" offset="78" sl="110" sc="21" el="110" ec="85" bec="0" bev="0" fileid="73" />
                <SequencePoint vc="3" uspid="3313" ordinal="9" offset="85" sl="111" sc="21" el="112" ec="87" bec="0" bev="0" fileid="73" />
                <SequencePoint vc="3" uspid="3314" ordinal="10" offset="244" sl="114" sc="21" el="114" ec="85" bec="4" bev="3" fileid="73" />
                <SequencePoint vc="3" uspid="3315" ordinal="11" offset="272" sl="116" sc="21" el="116" ec="42" bec="2" bev="2" fileid="73" />
                <SequencePoint vc="1" uspid="3316" ordinal="12" offset="283" sl="117" sc="21" el="117" ec="22" bec="0" bev="0" fileid="73" />
                <SequencePoint vc="1" uspid="3317" ordinal="13" offset="284" sl="118" sc="25" el="118" ec="75" bec="4" bev="2" fileid="73" />
                <SequencePoint vc="1" uspid="3318" ordinal="14" offset="312" sl="119" sc="25" el="119" ec="63" bec="2" bev="1" fileid="73" />
                <SequencePoint vc="1" uspid="3319" ordinal="15" offset="335" sl="120" sc="25" el="120" ec="26" bec="0" bev="0" fileid="73" />
                <SequencePoint vc="1" uspid="3320" ordinal="16" offset="336" sl="121" sc="29" el="122" ec="44" bec="0" bev="0" fileid="73" />
                <SequencePoint vc="0" uspid="3321" ordinal="17" offset="365" sl="125" sc="25" el="125" ec="26" bec="0" bev="0" fileid="73" />
                <SequencePoint vc="0" uspid="3322" ordinal="18" offset="366" sl="126" sc="29" el="126" ec="88" bec="0" bev="0" fileid="73" />
                <SequencePoint vc="0" uspid="3323" ordinal="19" offset="378" sl="127" sc="29" el="131" ec="32" bec="0" bev="0" fileid="73" />
                <SequencePoint vc="0" uspid="3324" ordinal="20" offset="399" sl="133" sc="29" el="133" ec="47" bec="0" bev="0" fileid="73" />
                <SequencePoint vc="2" uspid="3325" ordinal="21" offset="410" sl="137" sc="21" el="137" ec="62" bec="0" bev="0" fileid="73" />
                <SequencePoint vc="2" uspid="3326" ordinal="22" offset="438" sl="140" sc="13" el="140" ec="34" bec="0" bev="0" fileid="73" />
                <SequencePoint vc="2" uspid="3327" ordinal="23" offset="440" sl="141" sc="13" el="141" ec="14" bec="0" bev="0" fileid="73" />
                <SequencePoint vc="2" uspid="3328" ordinal="24" offset="441" sl="142" sc="17" el="142" ec="105" bec="0" bev="0" fileid="73" />
                <SequencePoint vc="2" uspid="3329" ordinal="25" offset="459" sl="143" sc="17" el="143" ec="23" bec="0" bev="0" fileid="73" />
                <SequencePoint vc="1" uspid="3330" ordinal="26" offset="461" sl="145" sc="9" el="145" ec="10" bec="0" bev="0" fileid="73" />
              </SequencePoints>
              <BranchPoints>
                <BranchPoint vc="1" uspid="3331" ordinal="0" offset="27" sl="98" path="0" offsetend="29" fileid="73" />
                <BranchPoint vc="3" uspid="3332" ordinal="1" offset="27" sl="98" path="1" offsetend="41" fileid="73" />
                <BranchPoint vc="0" uspid="3333" ordinal="2" offset="246" sl="114" path="0" offsetend="248" fileid="73" />
                <BranchPoint vc="3" uspid="3334" ordinal="3" offset="246" sl="114" path="1" offsetend="251" fileid="73" />
                <BranchPoint vc="1" uspid="3335" ordinal="4" offset="259" sl="114" path="0" offsetend="261" fileid="73" />
                <BranchPoint vc="2" uspid="3336" ordinal="5" offset="259" sl="114" path="1" offsetend="265" fileid="73" />
                <BranchPoint vc="1" uspid="3337" ordinal="6" offset="281" sl="116" path="0" offsetend="283" fileid="73" />
                <BranchPoint vc="2" uspid="3338" ordinal="7" offset="281" sl="116" path="1" offsetend="410" fileid="73" />
                <BranchPoint vc="0" uspid="3339" ordinal="8" offset="286" sl="118" path="0" offsetend="288" fileid="73" />
                <BranchPoint vc="1" uspid="3340" ordinal="9" offset="286" sl="118" path="1" offsetend="291" fileid="73" />
                <BranchPoint vc="1" uspid="3341" ordinal="10" offset="299" sl="118" path="0" offsetend="301" fileid="73" />
                <BranchPoint vc="0" uspid="3342" ordinal="11" offset="299" sl="118" path="1" offsetend="305" fileid="73" />
                <BranchPoint vc="1" uspid="3345" ordinal="14" offset="333" sl="119" path="0" offsetend="335" fileid="73" />
                <BranchPoint vc="0" uspid="3346" ordinal="15" offset="333" sl="119" path="1" offsetend="358" fileid="73" />
              </BranchPoints>
              <MethodPoint vc="4" uspid="3347" ordinal="0" offset="0" />
            </Method>
            <Method visited="true" cyclomaticComplexity="3" nPathComplexity="2" sequenceCoverage="100" branchCoverage="100" isConstructor="false" isStatic="false" isGetter="false" isSetter="false">
              <Summary numSequencePoints="15" visitedSequencePoints="15" numBranchPoints="3" visitedBranchPoints="3" sequenceCoverage="100" branchCoverage="100" maxCyclomaticComplexity="3" minCyclomaticComplexity="3" visitedClasses="0" numClasses="0" visitedMethods="1" numMethods="1" />
              <MetadataToken>100663715</MetadataToken>
              <Name>SportsWeb.Models.SiteModel SportsWeb.Services.Services.InstallerSiteService::GetSite(System.Guid)</Name>
              <FileRef uid="73" />
              <SequencePoints>
                <SequencePoint vc="2" uspid="3348" ordinal="0" offset="13" sl="148" sc="9" el="148" ec="10" bec="0" bev="0" fileid="73" />
                <SequencePoint vc="2" uspid="3349" ordinal="1" offset="14" sl="150" sc="13" el="150" ec="14" bec="0" bev="0" fileid="73" />
                <SequencePoint vc="2" uspid="3350" ordinal="2" offset="15" sl="151" sc="24" el="151" ec="51" bec="0" bev="0" fileid="73" />
                <SequencePoint vc="2" uspid="3351" ordinal="3" offset="22" sl="152" sc="17" el="152" ec="18" bec="0" bev="0" fileid="73" />
                <SequencePoint vc="2" uspid="3352" ordinal="4" offset="23" sl="153" sc="21" el="153" ec="75" bec="0" bev="0" fileid="73" />
                <SequencePoint vc="2" uspid="3353" ordinal="5" offset="30" sl="155" sc="21" el="157" ec="67" bec="0" bev="0" fileid="73" />
                <SequencePoint vc="2" uspid="3354" ordinal="6" offset="154" sl="158" sc="21" el="158" ec="38" bec="2" bev="2" fileid="73" />
                <SequencePoint vc="1" uspid="3355" ordinal="7" offset="164" sl="159" sc="21" el="159" ec="22" bec="0" bev="0" fileid="73" />
                <SequencePoint vc="1" uspid="3356" ordinal="8" offset="165" sl="160" sc="25" el="160" ec="113" bec="0" bev="0" fileid="73" />
                <SequencePoint vc="1" uspid="3357" ordinal="9" offset="192" sl="162" sc="21" el="162" ec="33" bec="0" bev="0" fileid="73" />
                <SequencePoint vc="1" uspid="3358" ordinal="10" offset="213" sl="165" sc="13" el="165" ec="34" bec="0" bev="0" fileid="73" />
                <SequencePoint vc="1" uspid="3359" ordinal="11" offset="215" sl="166" sc="13" el="166" ec="14" bec="0" bev="0" fileid="73" />
                <SequencePoint vc="1" uspid="3360" ordinal="12" offset="216" sl="167" sc="17" el="167" ec="104" bec="0" bev="0" fileid="73" />
                <SequencePoint vc="1" uspid="3361" ordinal="13" offset="234" sl="168" sc="17" el="168" ec="23" bec="0" bev="0" fileid="73" />
                <SequencePoint vc="1" uspid="3362" ordinal="14" offset="236" sl="170" sc="9" el="170" ec="10" bec="0" bev="0" fileid="73" />
              </SequencePoints>
              <BranchPoints>
                <BranchPoint vc="1" uspid="3363" ordinal="0" offset="162" sl="158" path="0" offsetend="164" fileid="73" />
                <BranchPoint vc="1" uspid="3364" ordinal="1" offset="162" sl="158" path="1" offsetend="192" fileid="73" />
              </BranchPoints>
              <MethodPoint vc="2" uspid="3365" ordinal="0" offset="0" />
            </Method>
            <Method visited="false" cyclomaticComplexity="10" nPathComplexity="16" sequenceCoverage="0" branchCoverage="0" isConstructor="false" isStatic="false" isGetter="false" isSetter="false">
              <Summary numSequencePoints="25" visitedSequencePoints="0" numBranchPoints="9" visitedBranchPoints="0" sequenceCoverage="0" branchCoverage="0" maxCyclomaticComplexity="10" minCyclomaticComplexity="10" visitedClasses="0" numClasses="0" visitedMethods="0" numMethods="1" />
              <MetadataToken>100663716</MetadataToken>
              <Name>System.Collections.Generic.IList`1&lt;SportsWeb.Models.Models.GetSitesModel&gt; SportsWeb.Services.Services.InstallerSiteService::GetSitesForServiceProvider(System.String)</Name>
              <FileRef uid="73" />
              <SequencePoints>
                <SequencePoint vc="0" uspid="3366" ordinal="0" offset="13" sl="173" sc="9" el="173" ec="10" bec="0" bev="0" fileid="73" />
                <SequencePoint vc="0" uspid="3367" ordinal="1" offset="14" sl="174" sc="13" el="174" ec="74" bec="0" bev="0" fileid="73" />
                <SequencePoint vc="0" uspid="3368" ordinal="2" offset="20" sl="177" sc="13" el="177" ec="14" bec="0" bev="0" fileid="73" />
                <SequencePoint vc="0" uspid="3369" ordinal="3" offset="21" sl="178" sc="24" el="178" ec="51" bec="0" bev="0" fileid="73" />
                <SequencePoint vc="0" uspid="3370" ordinal="4" offset="28" sl="179" sc="17" el="179" ec="18" bec="0" bev="0" fileid="73" />
                <SequencePoint vc="0" uspid="3371" ordinal="5" offset="29" sl="180" sc="21" el="180" ec="93" bec="0" bev="0" fileid="73" />
                <SequencePoint vc="0" uspid="3372" ordinal="6" offset="36" sl="182" sc="21" el="183" ec="87" bec="0" bev="0" fileid="73" />
                <SequencePoint vc="0" uspid="3373" ordinal="7" offset="195" sl="185" sc="21" el="185" ec="49" bec="2" bev="0" fileid="73" />
                <SequencePoint vc="0" uspid="3374" ordinal="8" offset="209" sl="186" sc="21" el="186" ec="22" bec="0" bev="0" fileid="73" />
                <SequencePoint vc="0" uspid="3375" ordinal="9" offset="210" sl="187" sc="25" el="187" ec="114" bec="4" bev="0" fileid="73" />
                <SequencePoint vc="0" uspid="3376" ordinal="10" offset="274" sl="188" sc="25" el="188" ec="32" bec="0" bev="0" fileid="73" />
                <SequencePoint vc="0" uspid="3377" ordinal="11" offset="275" sl="188" sc="46" el="188" ec="51" bec="0" bev="0" fileid="73" />
                <SequencePoint vc="0" uspid="3378" ordinal="12" offset="286" sl="188" sc="34" el="188" ec="42" bec="0" bev="0" fileid="73" />
                <SequencePoint vc="0" uspid="3379" ordinal="13" offset="295" sl="189" sc="25" el="189" ec="26" bec="0" bev="0" fileid="73" />
                <SequencePoint vc="0" uspid="3380" ordinal="14" offset="296" sl="190" sc="29" el="190" ec="68" bec="2" bev="0" fileid="73" />
                <SequencePoint vc="0" uspid="3381" ordinal="15" offset="317" sl="191" sc="33" el="191" ec="56" bec="0" bev="0" fileid="73" />
                <SequencePoint vc="0" uspid="3382" ordinal="16" offset="331" sl="192" sc="25" el="192" ec="26" bec="0" bev="0" fileid="73" />
                <SequencePoint vc="0" uspid="3383" ordinal="17" offset="332" sl="188" sc="43" el="188" ec="45" bec="0" bev="0" fileid="73" />
                <SequencePoint vc="0" uspid="3384" ordinal="18" offset="358" sl="193" sc="21" el="193" ec="22" bec="0" bev="0" fileid="73" />
                <SequencePoint vc="0" uspid="3385" ordinal="19" offset="359" sl="195" sc="21" el="195" ec="41" bec="0" bev="0" fileid="73" />
                <SequencePoint vc="0" uspid="3386" ordinal="20" offset="375" sl="198" sc="13" el="198" ec="34" bec="0" bev="0" fileid="73" />
                <SequencePoint vc="0" uspid="3387" ordinal="21" offset="377" sl="199" sc="13" el="199" ec="14" bec="0" bev="0" fileid="73" />
                <SequencePoint vc="0" uspid="3388" ordinal="22" offset="378" sl="200" sc="17" el="200" ec="104" bec="0" bev="0" fileid="73" />
                <SequencePoint vc="0" uspid="3389" ordinal="23" offset="396" sl="201" sc="17" el="201" ec="23" bec="0" bev="0" fileid="73" />
                <SequencePoint vc="0" uspid="3390" ordinal="24" offset="398" sl="203" sc="9" el="203" ec="10" bec="0" bev="0" fileid="73" />
              </SequencePoints>
              <BranchPoints>
                <BranchPoint vc="0" uspid="3391" ordinal="0" offset="204" sl="185" path="0" offsetend="209" fileid="73" />
                <BranchPoint vc="0" uspid="3392" ordinal="1" offset="204" sl="185" path="1" offsetend="359" fileid="73" />
                <BranchPoint vc="0" uspid="3393" ordinal="2" offset="218" sl="187" path="0" offsetend="220" fileid="73" />
                <BranchPoint vc="0" uspid="3394" ordinal="3" offset="218" sl="187" path="1" offsetend="224" fileid="73" />
                <BranchPoint vc="0" uspid="3397" ordinal="6" offset="261" sl="187" path="0" offsetend="263" fileid="73" />
                <BranchPoint vc="0" uspid="3398" ordinal="7" offset="261" sl="187" path="1" offsetend="267" fileid="73" />
                <BranchPoint vc="0" uspid="3399" ordinal="8" offset="315" sl="190" path="0" offsetend="317" fileid="73" />
                <BranchPoint vc="0" uspid="3400" ordinal="9" offset="315" sl="190" path="1" offsetend="331" fileid="73" />
              </BranchPoints>
              <MethodPoint vc="0" uspid="3403" ordinal="0" offset="0" />
            </Method>
            <Method visited="true" cyclomaticComplexity="5" nPathComplexity="16" sequenceCoverage="100" branchCoverage="88.89" isConstructor="false" isStatic="false" isGetter="false" isSetter="false">
              <Summary numSequencePoints="23" visitedSequencePoints="23" numBranchPoints="9" visitedBranchPoints="8" sequenceCoverage="100" branchCoverage="88.89" maxCyclomaticComplexity="5" minCyclomaticComplexity="5" visitedClasses="0" numClasses="0" visitedMethods="1" numMethods="1" />
              <MetadataToken>100663717</MetadataToken>
              <Name>System.Void SportsWeb.Services.Services.InstallerSiteService::CreateSite(SportsWeb.Models.SiteModel,System.String)</Name>
              <FileRef uid="73" />
              <SequencePoints>
                <SequencePoint vc="5" uspid="3404" ordinal="0" offset="0" sl="207" sc="9" el="207" ec="10" bec="0" bev="0" fileid="73" />
                <SequencePoint vc="5" uspid="3405" ordinal="1" offset="1" sl="209" sc="13" el="209" ec="14" bec="0" bev="0" fileid="73" />
                <SequencePoint vc="5" uspid="3406" ordinal="2" offset="2" sl="210" sc="17" el="210" ec="36" bec="0" bev="0" fileid="73" />
                <SequencePoint vc="5" uspid="3407" ordinal="3" offset="10" sl="212" sc="17" el="212" ec="51" bec="2" bev="2" fileid="73" />
                <SequencePoint vc="1" uspid="3408" ordinal="4" offset="30" sl="213" sc="17" el="213" ec="18" bec="0" bev="0" fileid="73" />
                <SequencePoint vc="1" uspid="3409" ordinal="5" offset="31" sl="214" sc="21" el="214" ec="65" bec="0" bev="0" fileid="73" />
                <SequencePoint vc="1" uspid="3410" ordinal="6" offset="39" sl="215" sc="21" el="215" ec="51" bec="0" bev="0" fileid="73" />
                <SequencePoint vc="1" uspid="3411" ordinal="7" offset="52" sl="216" sc="17" el="216" ec="18" bec="0" bev="0" fileid="73" />
                <SequencePoint vc="5" uspid="3412" ordinal="8" offset="53" sl="218" sc="17" el="218" ec="66" bec="2" bev="2" fileid="73" />
                <SequencePoint vc="1" uspid="3413" ordinal="9" offset="75" sl="219" sc="17" el="219" ec="18" bec="0" bev="0" fileid="73" />
                <SequencePoint vc="1" uspid="3414" ordinal="10" offset="76" sl="220" sc="21" el="221" ec="82" bec="0" bev="0" fileid="73" />
                <SequencePoint vc="4" uspid="3415" ordinal="11" offset="98" sl="224" sc="17" el="225" ec="64" bec="2" bev="2" fileid="73" />
                <SequencePoint vc="3" uspid="3416" ordinal="12" offset="122" sl="226" sc="17" el="226" ec="18" bec="0" bev="0" fileid="73" />
                <SequencePoint vc="3" uspid="3417" ordinal="13" offset="123" sl="228" sc="21" el="228" ec="59" bec="2" bev="1" fileid="73" />
                <SequencePoint vc="3" uspid="3418" ordinal="14" offset="140" sl="229" sc="25" el="229" ec="82" bec="0" bev="0" fileid="73" />
                <SequencePoint vc="2" uspid="3419" ordinal="15" offset="164" sl="236" sc="17" el="236" ec="18" bec="0" bev="0" fileid="73" />
                <SequencePoint vc="3" uspid="3420" ordinal="16" offset="165" sl="238" sc="17" el="245" ec="20" bec="0" bev="0" fileid="73" />
                <SequencePoint vc="3" uspid="3421" ordinal="17" offset="242" sl="246" sc="13" el="246" ec="14" bec="0" bev="0" fileid="73" />
                <SequencePoint vc="2" uspid="3422" ordinal="18" offset="245" sl="247" sc="13" el="247" ec="33" bec="0" bev="0" fileid="73" />
                <SequencePoint vc="2" uspid="3423" ordinal="19" offset="247" sl="248" sc="13" el="248" ec="14" bec="0" bev="0" fileid="73" />
                <SequencePoint vc="2" uspid="3424" ordinal="20" offset="248" sl="249" sc="17" el="249" ec="106" bec="0" bev="0" fileid="73" />
                <SequencePoint vc="2" uspid="3425" ordinal="21" offset="266" sl="250" sc="17" el="250" ec="23" bec="0" bev="0" fileid="73" />
                <SequencePoint vc="3" uspid="3426" ordinal="22" offset="268" sl="253" sc="9" el="253" ec="10" bec="0" bev="0" fileid="73" />
              </SequencePoints>
              <BranchPoints>
                <BranchPoint vc="1" uspid="3427" ordinal="0" offset="28" sl="212" path="0" offsetend="30" fileid="73" />
                <BranchPoint vc="4" uspid="3428" ordinal="1" offset="28" sl="212" path="1" offsetend="53" fileid="73" />
                <BranchPoint vc="1" uspid="3429" ordinal="2" offset="73" sl="218" path="0" offsetend="75" fileid="73" />
                <BranchPoint vc="4" uspid="3430" ordinal="3" offset="73" sl="218" path="1" offsetend="98" fileid="73" />
                <BranchPoint vc="3" uspid="3431" ordinal="4" offset="120" sl="224" path="0" offsetend="122" fileid="73" />
                <BranchPoint vc="1" uspid="3432" ordinal="5" offset="120" sl="224" path="1" offsetend="165" fileid="73" />
                <BranchPoint vc="3" uspid="3433" ordinal="6" offset="138" sl="228" path="0" offsetend="140" fileid="73" />
                <BranchPoint vc="0" uspid="3434" ordinal="7" offset="138" sl="228" path="1" offsetend="164" fileid="73" />
              </BranchPoints>
              <MethodPoint xsi:type="SequencePoint" vc="5" uspid="3404" ordinal="0" offset="0" sl="207" sc="9" el="207" ec="10" bec="0" bev="0" fileid="73" />
            </Method>
            <Method visited="true" cyclomaticComplexity="3" nPathComplexity="4" sequenceCoverage="77.78" branchCoverage="80" isConstructor="false" isStatic="false" isGetter="false" isSetter="false">
              <Summary numSequencePoints="18" visitedSequencePoints="14" numBranchPoints="5" visitedBranchPoints="4" sequenceCoverage="77.78" branchCoverage="80" maxCyclomaticComplexity="3" minCyclomaticComplexity="3" visitedClasses="0" numClasses="0" visitedMethods="1" numMethods="1" />
              <MetadataToken>100663718</MetadataToken>
              <Name>System.Void SportsWeb.Services.Services.InstallerSiteService::CreateSiteAdvance(SportsWeb.Models.SiteModel,System.String)</Name>
              <FileRef uid="73" />
              <SequencePoints>
                <SequencePoint vc="2" uspid="3435" ordinal="0" offset="0" sl="256" sc="9" el="256" ec="10" bec="0" bev="0" fileid="73" />
                <SequencePoint vc="2" uspid="3436" ordinal="1" offset="1" sl="258" sc="13" el="258" ec="14" bec="0" bev="0" fileid="73" />
                <SequencePoint vc="2" uspid="3437" ordinal="2" offset="2" sl="259" sc="17" el="259" ec="36" bec="0" bev="0" fileid="73" />
                <SequencePoint vc="2" uspid="3438" ordinal="3" offset="10" sl="261" sc="17" el="261" ec="51" bec="2" bev="1" fileid="73" />
                <SequencePoint vc="0" uspid="3439" ordinal="4" offset="30" sl="262" sc="17" el="262" ec="18" bec="0" bev="0" fileid="73" />
                <SequencePoint vc="0" uspid="3440" ordinal="5" offset="31" sl="263" sc="21" el="263" ec="65" bec="0" bev="0" fileid="73" />
                <SequencePoint vc="0" uspid="3441" ordinal="6" offset="39" sl="264" sc="21" el="264" ec="51" bec="0" bev="0" fileid="73" />
                <SequencePoint vc="0" uspid="3442" ordinal="7" offset="52" sl="265" sc="17" el="265" ec="18" bec="0" bev="0" fileid="73" />
                <SequencePoint vc="2" uspid="3443" ordinal="8" offset="53" sl="267" sc="17" el="267" ec="66" bec="2" bev="2" fileid="73" />
                <SequencePoint vc="1" uspid="3444" ordinal="9" offset="75" sl="268" sc="17" el="268" ec="18" bec="0" bev="0" fileid="73" />
                <SequencePoint vc="1" uspid="3445" ordinal="10" offset="76" sl="269" sc="21" el="270" ec="82" bec="0" bev="0" fileid="73" />
                <SequencePoint vc="1" uspid="3446" ordinal="11" offset="98" sl="273" sc="17" el="280" ec="20" bec="0" bev="0" fileid="73" />
                <SequencePoint vc="1" uspid="3447" ordinal="12" offset="175" sl="281" sc="13" el="281" ec="14" bec="0" bev="0" fileid="73" />
                <SequencePoint vc="1" uspid="3448" ordinal="13" offset="178" sl="282" sc="13" el="282" ec="33" bec="0" bev="0" fileid="73" />
                <SequencePoint vc="1" uspid="3449" ordinal="14" offset="179" sl="283" sc="13" el="283" ec="14" bec="0" bev="0" fileid="73" />
                <SequencePoint vc="1" uspid="3450" ordinal="15" offset="180" sl="284" sc="17" el="284" ec="113" bec="0" bev="0" fileid="73" />
                <SequencePoint vc="1" uspid="3451" ordinal="16" offset="197" sl="285" sc="17" el="285" ec="23" bec="0" bev="0" fileid="73" />
                <SequencePoint vc="1" uspid="3452" ordinal="17" offset="199" sl="289" sc="9" el="289" ec="10" bec="0" bev="0" fileid="73" />
              </SequencePoints>
              <BranchPoints>
                <BranchPoint vc="0" uspid="3453" ordinal="0" offset="28" sl="261" path="0" offsetend="30" fileid="73" />
                <BranchPoint vc="2" uspid="3454" ordinal="1" offset="28" sl="261" path="1" offsetend="53" fileid="73" />
                <BranchPoint vc="1" uspid="3455" ordinal="2" offset="73" sl="267" path="0" offsetend="75" fileid="73" />
                <BranchPoint vc="1" uspid="3456" ordinal="3" offset="73" sl="267" path="1" offsetend="98" fileid="73" />
              </BranchPoints>
              <MethodPoint xsi:type="SequencePoint" vc="2" uspid="3435" ordinal="0" offset="0" sl="256" sc="9" el="256" ec="10" bec="0" bev="0" fileid="73" />
            </Method>
            <Method visited="true" cyclomaticComplexity="2" nPathComplexity="0" sequenceCoverage="66.67" branchCoverage="100" isConstructor="false" isStatic="false" isGetter="false" isSetter="false">
              <Summary numSequencePoints="12" visitedSequencePoints="8" numBranchPoints="1" visitedBranchPoints="1" sequenceCoverage="66.67" branchCoverage="100" maxCyclomaticComplexity="2" minCyclomaticComplexity="2" visitedClasses="0" numClasses="0" visitedMethods="1" numMethods="1" />
              <MetadataToken>100663719</MetadataToken>
              <Name>System.Boolean SportsWeb.Services.Services.InstallerSiteService::IsSiteNameExists(System.String,System.Guid)</Name>
              <FileRef uid="73" />
              <SequencePoints>
                <SequencePoint vc="8" uspid="3457" ordinal="0" offset="20" sl="292" sc="9" el="292" ec="10" bec="0" bev="0" fileid="73" />
                <SequencePoint vc="8" uspid="3458" ordinal="1" offset="21" sl="294" sc="13" el="294" ec="14" bec="0" bev="0" fileid="73" />
                <SequencePoint vc="8" uspid="3459" ordinal="2" offset="22" sl="295" sc="24" el="295" ec="51" bec="0" bev="0" fileid="73" />
                <SequencePoint vc="8" uspid="3460" ordinal="3" offset="29" sl="296" sc="17" el="296" ec="18" bec="0" bev="0" fileid="73" />
                <SequencePoint vc="8" uspid="3461" ordinal="4" offset="30" sl="297" sc="21" el="297" ec="70" bec="0" bev="0" fileid="73" />
                <SequencePoint vc="8" uspid="3462" ordinal="5" offset="37" sl="298" sc="21" el="299" ec="121" bec="0" bev="0" fileid="73" />
                <SequencePoint vc="8" uspid="3463" ordinal="6" offset="311" sl="300" sc="21" el="300" ec="40" bec="0" bev="0" fileid="73" />
                <SequencePoint vc="0" uspid="3464" ordinal="7" offset="332" sl="304" sc="13" el="304" ec="33" bec="0" bev="0" fileid="73" />
                <SequencePoint vc="0" uspid="3465" ordinal="8" offset="334" sl="305" sc="13" el="305" ec="14" bec="0" bev="0" fileid="73" />
                <SequencePoint vc="0" uspid="3466" ordinal="9" offset="335" sl="306" sc="17" el="306" ec="112" bec="0" bev="0" fileid="73" />
                <SequencePoint vc="0" uspid="3467" ordinal="10" offset="353" sl="307" sc="17" el="307" ec="23" bec="0" bev="0" fileid="73" />
                <SequencePoint vc="8" uspid="3468" ordinal="11" offset="355" sl="310" sc="9" el="310" ec="10" bec="0" bev="0" fileid="73" />
              </SequencePoints>
              <BranchPoints />
              <MethodPoint vc="8" uspid="3469" ordinal="0" offset="0" />
            </Method>
            <Method visited="true" cyclomaticComplexity="6" nPathComplexity="16" sequenceCoverage="100" branchCoverage="77.78" isConstructor="false" isStatic="false" isGetter="false" isSetter="false">
              <Summary numSequencePoints="18" visitedSequencePoints="18" numBranchPoints="9" visitedBranchPoints="7" sequenceCoverage="100" branchCoverage="77.78" maxCyclomaticComplexity="6" minCyclomaticComplexity="6" visitedClasses="0" numClasses="0" visitedMethods="1" numMethods="1" />
              <MetadataToken>100663720</MetadataToken>
              <Name>System.Void SportsWeb.Services.Services.InstallerSiteService::EditSite(SportsWeb.Models.SiteModel)</Name>
              <FileRef uid="73" />
              <SequencePoints>
                <SequencePoint vc="3" uspid="3470" ordinal="0" offset="0" sl="314" sc="9" el="314" ec="10" bec="0" bev="0" fileid="73" />
                <SequencePoint vc="3" uspid="3471" ordinal="1" offset="1" sl="316" sc="13" el="316" ec="30" bec="2" bev="2" fileid="73" />
                <SequencePoint vc="1" uspid="3472" ordinal="2" offset="9" sl="317" sc="13" el="317" ec="14" bec="0" bev="0" fileid="73" />
                <SequencePoint vc="1" uspid="3473" ordinal="3" offset="10" sl="318" sc="17" el="318" ec="101" bec="0" bev="0" fileid="73" />
                <SequencePoint vc="1" uspid="3474" ordinal="4" offset="26" sl="319" sc="17" el="319" ec="95" bec="0" bev="0" fileid="73" />
                <SequencePoint vc="2" uspid="3475" ordinal="5" offset="37" sl="322" sc="20" el="322" ec="47" bec="0" bev="0" fileid="73" />
                <SequencePoint vc="2" uspid="3476" ordinal="6" offset="44" sl="323" sc="13" el="323" ec="14" bec="0" bev="0" fileid="73" />
                <SequencePoint vc="2" uspid="3477" ordinal="7" offset="45" sl="324" sc="17" el="324" ec="71" bec="0" bev="0" fileid="73" />
                <SequencePoint vc="2" uspid="3478" ordinal="8" offset="52" sl="325" sc="17" el="325" ec="63" bec="0" bev="0" fileid="73" />
                <SequencePoint vc="2" uspid="3479" ordinal="9" offset="65" sl="326" sc="17" el="326" ec="100" bec="2" bev="1" fileid="73" />
                <SequencePoint vc="2" uspid="3480" ordinal="10" offset="99" sl="327" sc="17" el="327" ec="85" bec="2" bev="2" fileid="73" />
                <SequencePoint vc="1" uspid="3481" ordinal="11" offset="135" sl="328" sc="17" el="328" ec="18" bec="0" bev="0" fileid="73" />
                <SequencePoint vc="1" uspid="3482" ordinal="12" offset="136" sl="329" sc="21" el="329" ec="113" bec="2" bev="1" fileid="73" />
                <SequencePoint vc="1" uspid="3483" ordinal="13" offset="175" sl="330" sc="21" el="330" ec="44" bec="0" bev="0" fileid="73" />
                <SequencePoint vc="1" uspid="3484" ordinal="14" offset="188" sl="331" sc="17" el="331" ec="18" bec="0" bev="0" fileid="73" />
                <SequencePoint vc="2" uspid="3485" ordinal="15" offset="189" sl="332" sc="17" el="339" ec="20" bec="0" bev="0" fileid="73" />
                <SequencePoint vc="2" uspid="3486" ordinal="16" offset="266" sl="340" sc="13" el="340" ec="14" bec="0" bev="0" fileid="73" />
                <SequencePoint vc="2" uspid="3487" ordinal="17" offset="280" sl="342" sc="9" el="342" ec="10" bec="0" bev="0" fileid="73" />
              </SequencePoints>
              <BranchPoints>
                <BranchPoint vc="1" uspid="3488" ordinal="0" offset="7" sl="316" path="0" offsetend="9" fileid="73" />
                <BranchPoint vc="2" uspid="3489" ordinal="1" offset="7" sl="316" path="1" offsetend="37" fileid="73" />
                <BranchPoint vc="0" uspid="3490" ordinal="2" offset="77" sl="326" path="0" offsetend="79" fileid="73" />
                <BranchPoint vc="2" uspid="3491" ordinal="3" offset="77" sl="326" path="1" offsetend="87" fileid="73" />
                <BranchPoint vc="1" uspid="3492" ordinal="4" offset="133" sl="327" path="0" offsetend="135" fileid="73" />
                <BranchPoint vc="1" uspid="3493" ordinal="5" offset="133" sl="327" path="1" offsetend="189" fileid="73" />
                <BranchPoint vc="1" uspid="3494" ordinal="6" offset="153" sl="329" path="0" offsetend="155" fileid="73" />
                <BranchPoint vc="0" uspid="3495" ordinal="7" offset="153" sl="329" path="1" offsetend="163" fileid="73" />
              </BranchPoints>
              <MethodPoint xsi:type="SequencePoint" vc="3" uspid="3470" ordinal="0" offset="0" sl="314" sc="9" el="314" ec="10" bec="0" bev="0" fileid="73" />
            </Method>
            <Method visited="true" cyclomaticComplexity="3" nPathComplexity="4" sequenceCoverage="100" branchCoverage="100" isConstructor="false" isStatic="false" isGetter="false" isSetter="false">
              <Summary numSequencePoints="7" visitedSequencePoints="7" numBranchPoints="5" visitedBranchPoints="5" sequenceCoverage="100" branchCoverage="100" maxCyclomaticComplexity="3" minCyclomaticComplexity="3" visitedClasses="0" numClasses="0" visitedMethods="1" numMethods="1" />
              <MetadataToken>100663721</MetadataToken>
              <Name>System.Void SportsWeb.Services.Services.InstallerSiteService::ValidateSite(SportsWeb.Models.SiteModel)</Name>
              <FileRef uid="73" />
              <SequencePoints>
                <SequencePoint vc="11" uspid="3496" ordinal="0" offset="0" sl="345" sc="9" el="345" ec="10" bec="0" bev="0" fileid="73" />
                <SequencePoint vc="11" uspid="3497" ordinal="1" offset="1" sl="346" sc="13" el="346" ec="30" bec="2" bev="2" fileid="73" />
                <SequencePoint vc="1" uspid="3498" ordinal="2" offset="9" sl="346" sc="31" el="346" ec="98" bec="0" bev="0" fileid="73" />
                <SequencePoint vc="10" uspid="3499" ordinal="3" offset="20" sl="348" sc="13" el="348" ec="54" bec="2" bev="2" fileid="73" />
                <SequencePoint vc="3" uspid="3500" ordinal="4" offset="35" sl="349" sc="13" el="349" ec="14" bec="0" bev="0" fileid="73" />
                <SequencePoint vc="3" uspid="3501" ordinal="5" offset="36" sl="350" sc="17" el="350" ec="97" bec="0" bev="0" fileid="73" />
                <SequencePoint vc="7" uspid="3502" ordinal="6" offset="47" sl="352" sc="9" el="352" ec="10" bec="0" bev="0" fileid="73" />
              </SequencePoints>
              <BranchPoints>
                <BranchPoint vc="1" uspid="3503" ordinal="0" offset="7" sl="346" path="0" offsetend="9" fileid="73" />
                <BranchPoint vc="10" uspid="3504" ordinal="1" offset="7" sl="346" path="1" offsetend="20" fileid="73" />
                <BranchPoint vc="3" uspid="3505" ordinal="2" offset="33" sl="348" path="0" offsetend="35" fileid="73" />
                <BranchPoint vc="7" uspid="3506" ordinal="3" offset="33" sl="348" path="1" offsetend="47" fileid="73" />
              </BranchPoints>
              <MethodPoint xsi:type="SequencePoint" vc="11" uspid="3496" ordinal="0" offset="0" sl="345" sc="9" el="345" ec="10" bec="0" bev="0" fileid="73" />
            </Method>
            <Method visited="true" cyclomaticComplexity="7" nPathComplexity="8" sequenceCoverage="100" branchCoverage="85.71" isConstructor="false" isStatic="false" isGetter="false" isSetter="false">
              <Summary numSequencePoints="16" visitedSequencePoints="16" numBranchPoints="7" visitedBranchPoints="6" sequenceCoverage="100" branchCoverage="85.71" maxCyclomaticComplexity="7" minCyclomaticComplexity="7" visitedClasses="0" numClasses="0" visitedMethods="1" numMethods="1" />
              <MetadataToken>100663722</MetadataToken>
              <Name>SportsWeb.Entities.Customer SportsWeb.Services.Services.InstallerSiteService::GetCustomerForUser(System.String)</Name>
              <FileRef uid="73" />
              <SequencePoints>
                <SequencePoint vc="3" uspid="3507" ordinal="0" offset="13" sl="355" sc="9" el="355" ec="10" bec="0" bev="0" fileid="73" />
                <SequencePoint vc="3" uspid="3508" ordinal="1" offset="14" sl="357" sc="13" el="357" ec="14" bec="0" bev="0" fileid="73" />
                <SequencePoint vc="3" uspid="3509" ordinal="2" offset="15" sl="358" sc="24" el="358" ec="51" bec="0" bev="0" fileid="73" />
                <SequencePoint vc="3" uspid="3510" ordinal="3" offset="22" sl="359" sc="17" el="359" ec="18" bec="0" bev="0" fileid="73" />
                <SequencePoint vc="3" uspid="3511" ordinal="4" offset="23" sl="360" sc="21" el="360" ec="85" bec="0" bev="0" fileid="73" />
                <SequencePoint vc="3" uspid="3512" ordinal="5" offset="30" sl="362" sc="21" el="363" ec="87" bec="0" bev="0" fileid="73" />
                <SequencePoint vc="3" uspid="3513" ordinal="6" offset="188" sl="365" sc="21" el="365" ec="76" bec="4" bev="3" fileid="73" />
                <SequencePoint vc="3" uspid="3514" ordinal="7" offset="214" sl="367" sc="21" el="367" ec="42" bec="2" bev="2" fileid="73" />
                <SequencePoint vc="1" uspid="3515" ordinal="8" offset="225" sl="368" sc="21" el="368" ec="22" bec="0" bev="0" fileid="73" />
                <SequencePoint vc="1" uspid="3516" ordinal="9" offset="226" sl="369" sc="25" el="370" ec="40" bec="0" bev="0" fileid="73" />
                <SequencePoint vc="2" uspid="3517" ordinal="10" offset="248" sl="374" sc="21" el="374" ec="37" bec="0" bev="0" fileid="73" />
                <SequencePoint vc="1" uspid="3518" ordinal="11" offset="265" sl="377" sc="13" el="377" ec="34" bec="0" bev="0" fileid="73" />
                <SequencePoint vc="1" uspid="3519" ordinal="12" offset="267" sl="378" sc="13" el="378" ec="14" bec="0" bev="0" fileid="73" />
                <SequencePoint vc="1" uspid="3520" ordinal="13" offset="268" sl="379" sc="17" el="379" ec="115" bec="0" bev="0" fileid="73" />
                <SequencePoint vc="1" uspid="3521" ordinal="14" offset="286" sl="380" sc="17" el="380" ec="23" bec="0" bev="0" fileid="73" />
                <SequencePoint vc="2" uspid="3522" ordinal="15" offset="288" sl="382" sc="9" el="382" ec="10" bec="0" bev="0" fileid="73" />
              </SequencePoints>
              <BranchPoints>
                <BranchPoint vc="0" uspid="3523" ordinal="0" offset="189" sl="365" path="0" offsetend="191" fileid="73" />
                <BranchPoint vc="3" uspid="3524" ordinal="1" offset="189" sl="365" path="1" offsetend="194" fileid="73" />
                <BranchPoint vc="1" uspid="3525" ordinal="2" offset="201" sl="365" path="0" offsetend="203" fileid="73" />
                <BranchPoint vc="2" uspid="3526" ordinal="3" offset="201" sl="365" path="1" offsetend="207" fileid="73" />
                <BranchPoint vc="1" uspid="3527" ordinal="4" offset="223" sl="367" path="0" offsetend="225" fileid="73" />
                <BranchPoint vc="2" uspid="3528" ordinal="5" offset="223" sl="367" path="1" offsetend="248" fileid="73" />
              </BranchPoints>
              <MethodPoint vc="3" uspid="3529" ordinal="0" offset="0" />
            </Method>
            <Method visited="true" cyclomaticComplexity="11" nPathComplexity="8" sequenceCoverage="73.02" branchCoverage="71.43" isConstructor="false" isStatic="false" isGetter="false" isSetter="false">
              <Summary numSequencePoints="63" visitedSequencePoints="46" numBranchPoints="7" visitedBranchPoints="5" sequenceCoverage="73.02" branchCoverage="71.43" maxCyclomaticComplexity="11" minCyclomaticComplexity="11" visitedClasses="0" numClasses="0" visitedMethods="1" numMethods="1" />
              <MetadataToken>100663723</MetadataToken>
              <Name>System.Void SportsWeb.Services.Services.InstallerSiteService::DeleteSite(System.Guid)</Name>
              <FileRef uid="73" />
              <SequencePoints>
                <SequencePoint vc="3" uspid="3530" ordinal="0" offset="13" sl="385" sc="9" el="385" ec="10" bec="0" bev="0" fileid="73" />
                <SequencePoint vc="3" uspid="3531" ordinal="1" offset="14" sl="387" sc="20" el="387" ec="53" bec="0" bev="0" fileid="73" />
                <SequencePoint vc="3" uspid="3532" ordinal="2" offset="21" sl="388" sc="13" el="388" ec="14" bec="0" bev="0" fileid="73" />
                <SequencePoint vc="3" uspid="3533" ordinal="3" offset="22" sl="389" sc="17" el="389" ec="77" bec="0" bev="0" fileid="73" />
                <SequencePoint vc="3" uspid="3534" ordinal="4" offset="29" sl="391" sc="17" el="391" ec="90" bec="0" bev="0" fileid="73" />
                <SequencePoint vc="3" uspid="3535" ordinal="5" offset="153" sl="392" sc="17" el="392" ec="34" bec="2" bev="2" fileid="73" />
                <SequencePoint vc="1" uspid="3536" ordinal="6" offset="163" sl="393" sc="17" el="393" ec="18" bec="0" bev="0" fileid="73" />
                <SequencePoint vc="1" uspid="3537" ordinal="7" offset="164" sl="394" sc="21" el="394" ec="69" bec="0" bev="0" fileid="73" />
                <SequencePoint vc="1" uspid="3538" ordinal="8" offset="196" sl="395" sc="21" el="395" ec="109" bec="0" bev="0" fileid="73" />
                <SequencePoint vc="2" uspid="3539" ordinal="9" offset="223" sl="397" sc="17" el="397" ec="41" bec="2" bev="2" fileid="73" />
                <SequencePoint vc="1" uspid="3540" ordinal="10" offset="241" sl="398" sc="17" el="398" ec="18" bec="0" bev="0" fileid="73" />
                <SequencePoint vc="1" uspid="3541" ordinal="11" offset="242" sl="399" sc="21" el="405" ec="23" bec="0" bev="0" fileid="73" />
                <SequencePoint vc="1" uspid="3542" ordinal="12" offset="301" sl="407" sc="21" el="407" ec="22" bec="0" bev="0" fileid="73" />
                <SequencePoint vc="1" uspid="3543" ordinal="13" offset="302" sl="408" sc="25" el="408" ec="51" bec="0" bev="0" fileid="73" />
                <SequencePoint vc="1" uspid="3544" ordinal="14" offset="316" sl="409" sc="21" el="409" ec="22" bec="0" bev="0" fileid="73" />
                <SequencePoint vc="0" uspid="3545" ordinal="15" offset="319" sl="410" sc="21" el="410" ec="40" bec="0" bev="0" fileid="73" />
                <SequencePoint vc="0" uspid="3546" ordinal="16" offset="321" sl="411" sc="21" el="411" ec="22" bec="0" bev="0" fileid="73" />
                <SequencePoint vc="0" uspid="3547" ordinal="17" offset="322" sl="413" sc="25" el="413" ec="90" bec="2" bev="0" fileid="73" />
                <SequencePoint vc="0" uspid="3548" ordinal="18" offset="345" sl="414" sc="25" el="414" ec="26" bec="0" bev="0" fileid="73" />
                <SequencePoint vc="0" uspid="3549" ordinal="19" offset="346" sl="415" sc="29" el="415" ec="35" bec="0" bev="0" fileid="73" />
                <SequencePoint vc="0" uspid="3550" ordinal="20" offset="348" sl="418" sc="25" el="418" ec="26" bec="0" bev="0" fileid="73" />
                <SequencePoint vc="0" uspid="3551" ordinal="21" offset="349" sl="419" sc="29" el="419" ec="109" bec="0" bev="0" fileid="73" />
                <SequencePoint vc="0" uspid="3552" ordinal="22" offset="365" sl="420" sc="25" el="420" ec="26" bec="0" bev="0" fileid="73" />
                <SequencePoint vc="0" uspid="3553" ordinal="23" offset="366" sl="421" sc="21" el="421" ec="22" bec="0" bev="0" fileid="73" />
                <SequencePoint vc="1" uspid="3554" ordinal="24" offset="369" sl="423" sc="17" el="423" ec="18" bec="0" bev="0" fileid="73" />
                <SequencePoint vc="2" uspid="3555" ordinal="25" offset="370" sl="426" sc="17" el="426" ec="24" bec="0" bev="0" fileid="73" />
                <SequencePoint vc="2" uspid="3556" ordinal="26" offset="371" sl="426" sc="39" el="426" ec="51" bec="0" bev="0" fileid="73" />
                <SequencePoint vc="4" uspid="3557" ordinal="27" offset="396" sl="426" sc="26" el="426" ec="35" bec="0" bev="0" fileid="73" />
                <SequencePoint vc="4" uspid="3558" ordinal="28" offset="410" sl="427" sc="17" el="427" ec="18" bec="0" bev="0" fileid="73" />
                <SequencePoint vc="4" uspid="3559" ordinal="29" offset="411" sl="429" sc="21" el="429" ec="79" bec="0" bev="0" fileid="73" />
                <SequencePoint vc="4" uspid="3560" ordinal="30" offset="419" sl="430" sc="21" el="430" ec="103" bec="0" bev="0" fileid="73" />
                <SequencePoint vc="4" uspid="3561" ordinal="31" offset="586" sl="431" sc="21" el="431" ec="28" bec="0" bev="0" fileid="73" />
                <SequencePoint vc="4" uspid="3562" ordinal="32" offset="587" sl="431" sc="46" el="431" ec="55" bec="0" bev="0" fileid="73" />
                <SequencePoint vc="0" uspid="3563" ordinal="33" offset="598" sl="431" sc="30" el="431" ec="42" bec="0" bev="0" fileid="73" />
                <SequencePoint vc="0" uspid="3564" ordinal="34" offset="607" sl="432" sc="21" el="432" ec="22" bec="0" bev="0" fileid="73" />
                <SequencePoint vc="0" uspid="3565" ordinal="35" offset="608" sl="433" sc="25" el="433" ec="84" bec="0" bev="0" fileid="73" />
                <SequencePoint vc="0" uspid="3566" ordinal="36" offset="634" sl="434" sc="21" el="434" ec="22" bec="0" bev="0" fileid="73" />
                <SequencePoint vc="4" uspid="3567" ordinal="37" offset="635" sl="431" sc="43" el="431" ec="45" bec="0" bev="0" fileid="73" />
                <SequencePoint vc="4" uspid="3568" ordinal="38" offset="661" sl="436" sc="21" el="436" ec="74" bec="0" bev="0" fileid="73" />
                <SequencePoint vc="4" uspid="3569" ordinal="39" offset="692" sl="437" sc="21" el="437" ec="110" bec="0" bev="0" fileid="73" />
                <SequencePoint vc="4" uspid="3570" ordinal="40" offset="735" sl="438" sc="17" el="438" ec="18" bec="0" bev="0" fileid="73" />
                <SequencePoint vc="6" uspid="3571" ordinal="41" offset="736" sl="426" sc="36" el="426" ec="38" bec="0" bev="0" fileid="73" />
                <SequencePoint vc="2" uspid="3572" ordinal="42" offset="763" sl="439" sc="17" el="439" ec="24" bec="0" bev="0" fileid="73" />
                <SequencePoint vc="2" uspid="3573" ordinal="43" offset="764" sl="439" sc="38" el="439" ec="48" bec="0" bev="0" fileid="73" />
                <SequencePoint vc="2" uspid="3574" ordinal="44" offset="779" sl="439" sc="26" el="439" ec="34" bec="0" bev="0" fileid="73" />
                <SequencePoint vc="2" uspid="3575" ordinal="45" offset="788" sl="440" sc="17" el="440" ec="18" bec="0" bev="0" fileid="73" />
                <SequencePoint vc="2" uspid="3576" ordinal="46" offset="789" sl="441" sc="21" el="441" ec="80" bec="0" bev="0" fileid="73" />
                <SequencePoint vc="2" uspid="3577" ordinal="47" offset="815" sl="442" sc="21" el="442" ec="107" bec="0" bev="0" fileid="73" />
                <SequencePoint vc="2" uspid="3578" ordinal="48" offset="853" sl="443" sc="17" el="443" ec="18" bec="0" bev="0" fileid="73" />
                <SequencePoint vc="4" uspid="3579" ordinal="49" offset="854" sl="439" sc="35" el="439" ec="37" bec="0" bev="0" fileid="73" />
                <SequencePoint vc="2" uspid="3580" ordinal="50" offset="878" sl="446" sc="17" el="446" ec="75" bec="0" bev="0" fileid="73" />
                <SequencePoint vc="2" uspid="3581" ordinal="51" offset="886" sl="447" sc="17" el="447" ec="102" bec="0" bev="0" fileid="73" />
                <SequencePoint vc="2" uspid="3582" ordinal="52" offset="1017" sl="448" sc="17" el="448" ec="24" bec="0" bev="0" fileid="73" />
                <SequencePoint vc="2" uspid="3583" ordinal="53" offset="1018" sl="448" sc="42" el="448" ec="57" bec="0" bev="0" fileid="73" />
                <SequencePoint vc="0" uspid="3584" ordinal="54" offset="1029" sl="448" sc="26" el="448" ec="38" bec="0" bev="0" fileid="73" />
                <SequencePoint vc="0" uspid="3585" ordinal="55" offset="1038" sl="449" sc="17" el="449" ec="18" bec="0" bev="0" fileid="73" />
                <SequencePoint vc="0" uspid="3586" ordinal="56" offset="1039" sl="450" sc="21" el="450" ec="80" bec="0" bev="0" fileid="73" />
                <SequencePoint vc="0" uspid="3587" ordinal="57" offset="1065" sl="451" sc="17" el="451" ec="18" bec="0" bev="0" fileid="73" />
                <SequencePoint vc="2" uspid="3588" ordinal="58" offset="1066" sl="448" sc="39" el="448" ec="41" bec="0" bev="0" fileid="73" />
                <SequencePoint vc="2" uspid="3589" ordinal="59" offset="1092" sl="453" sc="17" el="453" ec="67" bec="0" bev="0" fileid="73" />
                <SequencePoint vc="2" uspid="3590" ordinal="60" offset="1117" sl="454" sc="17" el="454" ec="73" bec="0" bev="0" fileid="73" />
                <SequencePoint vc="2" uspid="3591" ordinal="61" offset="1154" sl="455" sc="13" el="455" ec="14" bec="0" bev="0" fileid="73" />
                <SequencePoint vc="2" uspid="3592" ordinal="62" offset="1168" sl="457" sc="9" el="457" ec="10" bec="0" bev="0" fileid="73" />
              </SequencePoints>
              <BranchPoints>
                <BranchPoint vc="1" uspid="3593" ordinal="0" offset="161" sl="392" path="0" offsetend="163" fileid="73" />
                <BranchPoint vc="2" uspid="3594" ordinal="1" offset="161" sl="392" path="1" offsetend="223" fileid="73" />
                <BranchPoint vc="1" uspid="3595" ordinal="2" offset="236" sl="397" path="0" offsetend="241" fileid="73" />
                <BranchPoint vc="1" uspid="3596" ordinal="3" offset="236" sl="397" path="1" offsetend="370" fileid="73" />
                <BranchPoint vc="0" uspid="3597" ordinal="4" offset="343" sl="413" path="0" offsetend="345" fileid="73" />
                <BranchPoint vc="0" uspid="3598" ordinal="5" offset="343" sl="413" path="1" offsetend="348" fileid="73" />
              </BranchPoints>
              <MethodPoint vc="3" uspid="3607" ordinal="0" offset="0" />
            </Method>
            <Method visited="false" cyclomaticComplexity="2" nPathComplexity="0" sequenceCoverage="0" branchCoverage="0" isConstructor="false" isStatic="false" isGetter="false" isSetter="false">
              <Summary numSequencePoints="12" visitedSequencePoints="0" numBranchPoints="1" visitedBranchPoints="0" sequenceCoverage="0" branchCoverage="0" maxCyclomaticComplexity="2" minCyclomaticComplexity="2" visitedClasses="0" numClasses="0" visitedMethods="0" numMethods="1" />
              <MetadataToken>100663724</MetadataToken>
              <Name>System.Collections.Generic.List`1&lt;SportsWeb.Models.SearchResultModel&gt; SportsWeb.Services.Services.InstallerSiteService::SearchSiteByName(System.String)</Name>
              <FileRef uid="73" />
              <SequencePoints>
                <SequencePoint vc="0" uspid="3608" ordinal="0" offset="13" sl="460" sc="9" el="460" ec="10" bec="0" bev="0" fileid="73" />
                <SequencePoint vc="0" uspid="3609" ordinal="1" offset="14" sl="461" sc="13" el="461" ec="110" bec="0" bev="0" fileid="73" />
                <SequencePoint vc="0" uspid="3610" ordinal="2" offset="41" sl="463" sc="13" el="463" ec="14" bec="0" bev="0" fileid="73" />
                <SequencePoint vc="0" uspid="3611" ordinal="3" offset="42" sl="464" sc="24" el="464" ec="57" bec="0" bev="0" fileid="73" />
                <SequencePoint vc="0" uspid="3612" ordinal="4" offset="49" sl="465" sc="17" el="465" ec="18" bec="0" bev="0" fileid="73" />
                <SequencePoint vc="0" uspid="3613" ordinal="5" offset="50" sl="467" sc="21" el="478" ec="74" bec="0" bev="0" fileid="73" />
                <SequencePoint vc="0" uspid="3614" ordinal="6" offset="1036" sl="480" sc="21" el="480" ec="37" bec="0" bev="0" fileid="73" />
                <SequencePoint vc="0" uspid="3615" ordinal="7" offset="1052" sl="483" sc="13" el="483" ec="34" bec="0" bev="0" fileid="73" />
                <SequencePoint vc="0" uspid="3616" ordinal="8" offset="1054" sl="484" sc="13" el="484" ec="14" bec="0" bev="0" fileid="73" />
                <SequencePoint vc="0" uspid="3617" ordinal="9" offset="1055" sl="485" sc="17" el="485" ec="107" bec="0" bev="0" fileid="73" />
                <SequencePoint vc="0" uspid="3618" ordinal="10" offset="1073" sl="486" sc="17" el="486" ec="23" bec="0" bev="0" fileid="73" />
                <SequencePoint vc="0" uspid="3619" ordinal="11" offset="1075" sl="488" sc="9" el="488" ec="10" bec="0" bev="0" fileid="73" />
              </SequencePoints>
              <BranchPoints />
              <MethodPoint vc="0" uspid="3620" ordinal="0" offset="0" />
            </Method>
            <Method visited="true" cyclomaticComplexity="10" nPathComplexity="64" sequenceCoverage="100" branchCoverage="100" isConstructor="false" isStatic="false" isGetter="false" isSetter="false">
              <Summary numSequencePoints="50" visitedSequencePoints="50" numBranchPoints="13" visitedBranchPoints="13" sequenceCoverage="100" branchCoverage="100" maxCyclomaticComplexity="10" minCyclomaticComplexity="10" visitedClasses="0" numClasses="0" visitedMethods="1" numMethods="1" />
              <MetadataToken>100663725</MetadataToken>
              <Name>System.Void SportsWeb.Services.Services.InstallerSiteService::SetSceneSettings(SportsWeb.Models.Models.ScenesettingForSiteModel)</Name>
              <FileRef uid="73" />
              <SequencePoints>
                <SequencePoint vc="8" uspid="3621" ordinal="0" offset="13" sl="491" sc="9" el="491" ec="10" bec="0" bev="0" fileid="73" />
                <SequencePoint vc="8" uspid="3622" ordinal="1" offset="14" sl="492" sc="13" el="493" ec="58" bec="2" bev="2" fileid="73" />
                <SequencePoint vc="7" uspid="3623" ordinal="2" offset="41" sl="494" sc="13" el="494" ec="14" bec="0" bev="0" fileid="73" />
                <SequencePoint vc="7" uspid="3624" ordinal="3" offset="42" sl="495" sc="17" el="495" ec="35" bec="2" bev="2" fileid="73" />
                <SequencePoint vc="1" uspid="3625" ordinal="4" offset="55" sl="496" sc="17" el="496" ec="18" bec="0" bev="0" fileid="73" />
                <SequencePoint vc="1" uspid="3626" ordinal="5" offset="56" sl="497" sc="21" el="497" ec="72" bec="0" bev="0" fileid="73" />
                <SequencePoint vc="1" uspid="3627" ordinal="6" offset="72" sl="498" sc="21" el="498" ec="114" bec="0" bev="0" fileid="73" />
                <SequencePoint vc="6" uspid="3628" ordinal="7" offset="83" sl="500" sc="24" el="500" ec="57" bec="0" bev="0" fileid="73" />
                <SequencePoint vc="6" uspid="3629" ordinal="8" offset="90" sl="501" sc="17" el="501" ec="18" bec="0" bev="0" fileid="73" />
                <SequencePoint vc="6" uspid="3630" ordinal="9" offset="91" sl="502" sc="21" el="502" ec="81" bec="0" bev="0" fileid="73" />
                <SequencePoint vc="6" uspid="3631" ordinal="10" offset="99" sl="504" sc="21" el="504" ec="100" bec="0" bev="0" fileid="73" />
                <SequencePoint vc="6" uspid="3632" ordinal="11" offset="245" sl="505" sc="21" el="505" ec="38" bec="2" bev="2" fileid="73" />
                <SequencePoint vc="1" uspid="3633" ordinal="12" offset="256" sl="506" sc="21" el="506" ec="22" bec="0" bev="0" fileid="73" />
                <SequencePoint vc="1" uspid="3634" ordinal="13" offset="257" sl="507" sc="25" el="507" ec="79" bec="0" bev="0" fileid="73" />
                <SequencePoint vc="1" uspid="3635" ordinal="14" offset="294" sl="508" sc="25" el="508" ec="119" bec="0" bev="0" fileid="73" />
                <SequencePoint vc="5" uspid="3636" ordinal="15" offset="326" sl="512" sc="21" el="512" ec="97" bec="0" bev="0" fileid="73" />
                <SequencePoint vc="5" uspid="3637" ordinal="16" offset="334" sl="513" sc="21" el="514" ec="109" bec="0" bev="0" fileid="73" />
                <SequencePoint vc="5" uspid="3638" ordinal="17" offset="500" sl="515" sc="21" el="515" ec="52" bec="2" bev="2" fileid="73" />
                <SequencePoint vc="2" uspid="3639" ordinal="18" offset="519" sl="516" sc="21" el="516" ec="22" bec="0" bev="0" fileid="73" />
                <SequencePoint vc="2" uspid="3640" ordinal="19" offset="520" sl="517" sc="25" el="517" ec="57" bec="0" bev="0" fileid="73" />
                <SequencePoint vc="1" uspid="3641" ordinal="20" offset="538" sl="518" sc="25" el="518" ec="32" bec="0" bev="0" fileid="73" />
                <SequencePoint vc="1" uspid="3642" ordinal="21" offset="539" sl="518" sc="54" el="518" ec="72" bec="0" bev="0" fileid="73" />
                <SequencePoint vc="1" uspid="3643" ordinal="22" offset="559" sl="518" sc="34" el="518" ec="50" bec="0" bev="0" fileid="73" />
                <SequencePoint vc="1" uspid="3644" ordinal="23" offset="568" sl="519" sc="25" el="519" ec="26" bec="0" bev="0" fileid="73" />
                <SequencePoint vc="1" uspid="3645" ordinal="24" offset="569" sl="520" sc="29" el="525" ec="32" bec="0" bev="0" fileid="73" />
                <SequencePoint vc="1" uspid="3646" ordinal="25" offset="627" sl="526" sc="25" el="526" ec="26" bec="0" bev="0" fileid="73" />
                <SequencePoint vc="2" uspid="3647" ordinal="26" offset="628" sl="518" sc="51" el="518" ec="53" bec="0" bev="0" fileid="73" />
                <SequencePoint vc="1" uspid="3648" ordinal="27" offset="654" sl="528" sc="21" el="528" ec="22" bec="0" bev="0" fileid="73" />
                <SequencePoint vc="3" uspid="3649" ordinal="28" offset="660" sl="530" sc="21" el="530" ec="22" bec="0" bev="0" fileid="73" />
                <SequencePoint vc="3" uspid="3650" ordinal="29" offset="661" sl="531" sc="25" el="531" ec="32" bec="0" bev="0" fileid="73" />
                <SequencePoint vc="3" uspid="3651" ordinal="30" offset="662" sl="531" sc="54" el="531" ec="72" bec="0" bev="0" fileid="73" />
                <SequencePoint vc="3" uspid="3652" ordinal="31" offset="692" sl="531" sc="34" el="531" ec="50" bec="0" bev="0" fileid="73" />
                <SequencePoint vc="3" uspid="3653" ordinal="32" offset="706" sl="532" sc="25" el="532" ec="26" bec="0" bev="0" fileid="73" />
                <SequencePoint vc="3" uspid="3654" ordinal="33" offset="707" sl="533" sc="29" el="534" ec="91" bec="0" bev="0" fileid="73" />
                <SequencePoint vc="3" uspid="3655" ordinal="34" offset="848" sl="535" sc="29" el="535" ec="73" bec="2" bev="2" fileid="73" />
                <SequencePoint vc="1" uspid="3656" ordinal="35" offset="859" sl="536" sc="29" el="536" ec="30" bec="0" bev="0" fileid="73" />
                <SequencePoint vc="1" uspid="3657" ordinal="36" offset="860" sl="537" sc="33" el="537" ec="65" bec="0" bev="0" fileid="73" />
                <SequencePoint vc="1" uspid="3658" ordinal="37" offset="878" sl="538" sc="33" el="543" ec="36" bec="0" bev="0" fileid="73" />
                <SequencePoint vc="1" uspid="3659" ordinal="38" offset="946" sl="544" sc="29" el="544" ec="30" bec="0" bev="0" fileid="73" />
                <SequencePoint vc="2" uspid="3660" ordinal="39" offset="949" sl="545" sc="34" el="546" ec="72" bec="2" bev="2" fileid="73" />
                <SequencePoint vc="1" uspid="3661" ordinal="40" offset="979" sl="547" sc="29" el="547" ec="30" bec="0" bev="0" fileid="73" />
                <SequencePoint vc="1" uspid="3662" ordinal="41" offset="980" sl="548" sc="33" el="548" ec="65" bec="0" bev="0" fileid="73" />
                <SequencePoint vc="1" uspid="3663" ordinal="42" offset="998" sl="549" sc="33" el="554" ec="36" bec="0" bev="0" fileid="73" />
                <SequencePoint vc="1" uspid="3664" ordinal="43" offset="1062" sl="555" sc="29" el="555" ec="30" bec="0" bev="0" fileid="73" />
                <SequencePoint vc="3" uspid="3665" ordinal="44" offset="1063" sl="556" sc="25" el="556" ec="26" bec="0" bev="0" fileid="73" />
                <SequencePoint vc="6" uspid="3666" ordinal="45" offset="1064" sl="531" sc="51" el="531" ec="53" bec="0" bev="0" fileid="73" />
                <SequencePoint vc="3" uspid="3667" ordinal="46" offset="1093" sl="557" sc="21" el="557" ec="22" bec="0" bev="0" fileid="73" />
                <SequencePoint vc="4" uspid="3668" ordinal="47" offset="1094" sl="559" sc="17" el="559" ec="18" bec="0" bev="0" fileid="73" />
                <SequencePoint vc="4" uspid="3669" ordinal="48" offset="1108" sl="560" sc="13" el="560" ec="14" bec="0" bev="0" fileid="73" />
                <SequencePoint vc="5" uspid="3670" ordinal="49" offset="1109" sl="561" sc="9" el="561" ec="10" bec="0" bev="0" fileid="73" />
              </SequencePoints>
              <BranchPoints>
                <BranchPoint vc="7" uspid="3671" ordinal="0" offset="36" sl="492" path="0" offsetend="41" fileid="73" />
                <BranchPoint vc="1" uspid="3672" ordinal="1" offset="36" sl="492" path="1" offsetend="1109" fileid="73" />
                <BranchPoint vc="1" uspid="3673" ordinal="2" offset="53" sl="495" path="0" offsetend="55" fileid="73" />
                <BranchPoint vc="6" uspid="3674" ordinal="3" offset="53" sl="495" path="1" offsetend="83" fileid="73" />
                <BranchPoint vc="1" uspid="3675" ordinal="4" offset="254" sl="505" path="0" offsetend="256" fileid="73" />
                <BranchPoint vc="5" uspid="3676" ordinal="5" offset="254" sl="505" path="1" offsetend="326" fileid="73" />
                <BranchPoint vc="2" uspid="3677" ordinal="6" offset="514" sl="515" path="0" offsetend="519" fileid="73" />
                <BranchPoint vc="3" uspid="3678" ordinal="7" offset="514" sl="515" path="1" offsetend="660" fileid="73" />
                <BranchPoint vc="1" uspid="3681" ordinal="10" offset="857" sl="535" path="0" offsetend="859" fileid="73" />
                <BranchPoint vc="2" uspid="3682" ordinal="11" offset="857" sl="535" path="1" offsetend="949" fileid="73" />
                <BranchPoint vc="1" uspid="3683" ordinal="12" offset="977" sl="545" path="0" offsetend="979" fileid="73" />
                <BranchPoint vc="1" uspid="3684" ordinal="13" offset="977" sl="545" path="1" offsetend="1063" fileid="73" />
              </BranchPoints>
              <MethodPoint vc="8" uspid="3687" ordinal="0" offset="0" />
            </Method>
            <Method visited="true" cyclomaticComplexity="3" nPathComplexity="2" sequenceCoverage="100" branchCoverage="100" isConstructor="false" isStatic="false" isGetter="false" isSetter="false">
              <Summary numSequencePoints="9" visitedSequencePoints="9" numBranchPoints="3" visitedBranchPoints="3" sequenceCoverage="100" branchCoverage="100" maxCyclomaticComplexity="3" minCyclomaticComplexity="3" visitedClasses="0" numClasses="0" visitedMethods="1" numMethods="1" />
              <MetadataToken>100663726</MetadataToken>
              <Name>System.Collections.Generic.List`1&lt;SportsWeb.Models.Models.SceneToDimLevelMapingModel&gt; SportsWeb.Services.Services.InstallerSiteService::GetDimLevelMapping()</Name>
              <FileRef uid="73" />
              <SequencePoints>
                <SequencePoint vc="2" uspid="3688" ordinal="0" offset="0" sl="564" sc="9" el="564" ec="10" bec="0" bev="0" fileid="73" />
                <SequencePoint vc="2" uspid="3689" ordinal="1" offset="1" sl="565" sc="13" el="566" ec="61" bec="2" bev="2" fileid="73" />
                <SequencePoint vc="1" uspid="3690" ordinal="2" offset="25" sl="567" sc="13" el="567" ec="14" bec="0" bev="0" fileid="73" />
                <SequencePoint vc="1" uspid="3691" ordinal="3" offset="26" sl="568" sc="17" el="568" ec="58" bec="0" bev="0" fileid="73" />
                <SequencePoint vc="1" uspid="3692" ordinal="4" offset="32" sl="569" sc="17" el="574" ec="33" bec="0" bev="0" fileid="73" />
                <SequencePoint vc="1" uspid="3693" ordinal="5" offset="85" sl="575" sc="17" el="575" ec="40" bec="0" bev="0" fileid="73" />
                <SequencePoint vc="1" uspid="3694" ordinal="6" offset="89" sl="578" sc="13" el="578" ec="14" bec="0" bev="0" fileid="73" />
                <SequencePoint vc="1" uspid="3695" ordinal="7" offset="90" sl="579" sc="17" el="579" ec="63" bec="0" bev="0" fileid="73" />
                <SequencePoint vc="2" uspid="3696" ordinal="8" offset="98" sl="581" sc="9" el="581" ec="10" bec="0" bev="0" fileid="73" />
              </SequencePoints>
              <BranchPoints>
                <BranchPoint vc="1" uspid="3697" ordinal="0" offset="23" sl="565" path="0" offsetend="25" fileid="73" />
                <BranchPoint vc="1" uspid="3698" ordinal="1" offset="23" sl="565" path="1" offsetend="89" fileid="73" />
              </BranchPoints>
              <MethodPoint xsi:type="SequencePoint" vc="2" uspid="3688" ordinal="0" offset="0" sl="564" sc="9" el="564" ec="10" bec="0" bev="0" fileid="73" />
            </Method>
            <Method visited="true" cyclomaticComplexity="7" nPathComplexity="16" sequenceCoverage="100" branchCoverage="100" isConstructor="false" isStatic="false" isGetter="false" isSetter="false">
              <Summary numSequencePoints="39" visitedSequencePoints="39" numBranchPoints="9" visitedBranchPoints="9" sequenceCoverage="100" branchCoverage="100" maxCyclomaticComplexity="7" minCyclomaticComplexity="7" visitedClasses="0" numClasses="0" visitedMethods="1" numMethods="1" />
              <MetadataToken>100663727</MetadataToken>
              <Name>SportsWeb.Models.Models.ScenesettingForSiteModel SportsWeb.Services.Services.InstallerSiteService::GetScenesettingForSite(System.Guid)</Name>
              <FileRef uid="73" />
              <SequencePoints>
                <SequencePoint vc="4" uspid="3701" ordinal="0" offset="13" sl="584" sc="9" el="584" ec="10" bec="0" bev="0" fileid="73" />
                <SequencePoint vc="4" uspid="3702" ordinal="1" offset="14" sl="585" sc="13" el="586" ec="58" bec="2" bev="2" fileid="73" />
                <SequencePoint vc="3" uspid="3703" ordinal="2" offset="41" sl="587" sc="13" el="587" ec="14" bec="0" bev="0" fileid="73" />
                <SequencePoint vc="3" uspid="3704" ordinal="3" offset="42" sl="589" sc="17" el="589" ec="18" bec="0" bev="0" fileid="73" />
                <SequencePoint vc="3" uspid="3705" ordinal="4" offset="43" sl="590" sc="21" el="590" ec="46" bec="2" bev="2" fileid="73" />
                <SequencePoint vc="1" uspid="3706" ordinal="5" offset="63" sl="591" sc="21" el="591" ec="22" bec="0" bev="0" fileid="73" />
                <SequencePoint vc="1" uspid="3707" ordinal="6" offset="64" sl="592" sc="25" el="592" ec="84" bec="0" bev="0" fileid="73" />
                <SequencePoint vc="1" uspid="3708" ordinal="7" offset="80" sl="593" sc="25" el="593" ec="117" bec="0" bev="0" fileid="73" />
                <SequencePoint vc="2" uspid="3709" ordinal="8" offset="91" sl="595" sc="28" el="595" ec="61" bec="0" bev="0" fileid="73" />
                <SequencePoint vc="2" uspid="3710" ordinal="9" offset="105" sl="596" sc="21" el="596" ec="22" bec="0" bev="0" fileid="73" />
                <SequencePoint vc="2" uspid="3711" ordinal="10" offset="106" sl="597" sc="25" el="597" ec="85" bec="0" bev="0" fileid="73" />
                <SequencePoint vc="2" uspid="3712" ordinal="11" offset="114" sl="599" sc="25" el="599" ec="98" bec="0" bev="0" fileid="73" />
                <SequencePoint vc="2" uspid="3713" ordinal="12" offset="240" sl="600" sc="25" el="600" ec="42" bec="2" bev="2" fileid="73" />
                <SequencePoint vc="1" uspid="3714" ordinal="13" offset="251" sl="601" sc="25" el="601" ec="26" bec="0" bev="0" fileid="73" />
                <SequencePoint vc="1" uspid="3715" ordinal="14" offset="252" sl="602" sc="29" el="602" ec="77" bec="0" bev="0" fileid="73" />
                <SequencePoint vc="1" uspid="3716" ordinal="15" offset="284" sl="603" sc="29" el="603" ec="117" bec="0" bev="0" fileid="73" />
                <SequencePoint vc="1" uspid="3717" ordinal="16" offset="311" sl="605" sc="25" el="605" ec="101" bec="0" bev="0" fileid="73" />
                <SequencePoint vc="1" uspid="3718" ordinal="17" offset="319" sl="607" sc="25" el="607" ec="49" bec="0" bev="0" fileid="73" />
                <SequencePoint vc="1" uspid="3719" ordinal="18" offset="327" sl="609" sc="25" el="611" ec="43" bec="0" bev="0" fileid="73" />
                <SequencePoint vc="1" uspid="3720" ordinal="19" offset="551" sl="614" sc="25" el="614" ec="32" bec="0" bev="0" fileid="73" />
                <SequencePoint vc="1" uspid="3721" ordinal="20" offset="552" sl="614" sc="54" el="614" ec="76" bec="0" bev="0" fileid="73" />
                <SequencePoint vc="6" uspid="3722" ordinal="21" offset="575" sl="614" sc="34" el="614" ec="50" bec="0" bev="0" fileid="73" />
                <SequencePoint vc="6" uspid="3723" ordinal="22" offset="589" sl="615" sc="25" el="615" ec="26" bec="0" bev="0" fileid="73" />
                <SequencePoint vc="6" uspid="3724" ordinal="23" offset="590" sl="616" sc="29" el="616" ec="115" bec="2" bev="2" fileid="73" />
                <SequencePoint vc="2" uspid="3725" ordinal="24" offset="619" sl="617" sc="29" el="617" ec="30" bec="0" bev="0" fileid="73" />
                <SequencePoint vc="2" uspid="3726" ordinal="25" offset="620" sl="618" sc="33" el="619" ec="110" bec="0" bev="0" fileid="73" />
                <SequencePoint vc="2" uspid="3727" ordinal="26" offset="641" sl="620" sc="33" el="620" ec="51" bec="0" bev="0" fileid="73" />
                <SequencePoint vc="2" uspid="3728" ordinal="27" offset="649" sl="621" sc="29" el="621" ec="30" bec="0" bev="0" fileid="73" />
                <SequencePoint vc="6" uspid="3729" ordinal="28" offset="650" sl="623" sc="25" el="623" ec="26" bec="0" bev="0" fileid="73" />
                <SequencePoint vc="7" uspid="3730" ordinal="29" offset="651" sl="614" sc="51" el="614" ec="53" bec="0" bev="0" fileid="73" />
                <SequencePoint vc="1" uspid="3731" ordinal="30" offset="677" sl="625" sc="25" el="633" ec="27" bec="0" bev="0" fileid="73" />
                <SequencePoint vc="1" uspid="3732" ordinal="31" offset="729" sl="634" sc="25" el="634" ec="52" bec="0" bev="0" fileid="73" />
                <SequencePoint vc="2" uspid="3733" ordinal="32" offset="746" sl="639" sc="17" el="639" ec="37" bec="0" bev="0" fileid="73" />
                <SequencePoint vc="2" uspid="3734" ordinal="33" offset="748" sl="640" sc="17" el="640" ec="18" bec="0" bev="0" fileid="73" />
                <SequencePoint vc="2" uspid="3735" ordinal="34" offset="749" sl="641" sc="21" el="642" ec="29" bec="0" bev="0" fileid="73" />
                <SequencePoint vc="2" uspid="3736" ordinal="35" offset="767" sl="643" sc="21" el="643" ec="27" bec="0" bev="0" fileid="73" />
                <SequencePoint vc="1" uspid="3737" ordinal="36" offset="769" sl="647" sc="13" el="647" ec="14" bec="0" bev="0" fileid="73" />
                <SequencePoint vc="1" uspid="3738" ordinal="37" offset="770" sl="648" sc="17" el="648" ec="55" bec="0" bev="0" fileid="73" />
                <SequencePoint vc="2" uspid="3739" ordinal="38" offset="779" sl="650" sc="9" el="650" ec="10" bec="0" bev="0" fileid="73" />
              </SequencePoints>
              <BranchPoints>
                <BranchPoint vc="3" uspid="3740" ordinal="0" offset="36" sl="585" path="0" offsetend="41" fileid="73" />
                <BranchPoint vc="1" uspid="3741" ordinal="1" offset="36" sl="585" path="1" offsetend="769" fileid="73" />
                <BranchPoint vc="1" uspid="3742" ordinal="2" offset="61" sl="590" path="0" offsetend="63" fileid="73" />
                <BranchPoint vc="2" uspid="3743" ordinal="3" offset="61" sl="590" path="1" offsetend="91" fileid="73" />
                <BranchPoint vc="1" uspid="3744" ordinal="4" offset="249" sl="600" path="0" offsetend="251" fileid="73" />
                <BranchPoint vc="1" uspid="3745" ordinal="5" offset="249" sl="600" path="1" offsetend="311" fileid="73" />
                <BranchPoint vc="2" uspid="3746" ordinal="6" offset="617" sl="616" path="0" offsetend="619" fileid="73" />
                <BranchPoint vc="4" uspid="3747" ordinal="7" offset="617" sl="616" path="1" offsetend="650" fileid="73" />
              </BranchPoints>
              <MethodPoint vc="4" uspid="3750" ordinal="0" offset="0" />
            </Method>
            <Method visited="false" cyclomaticComplexity="3" nPathComplexity="2" sequenceCoverage="0" branchCoverage="0" isConstructor="false" isStatic="false" isGetter="false" isSetter="false">
              <Summary numSequencePoints="16" visitedSequencePoints="0" numBranchPoints="3" visitedBranchPoints="0" sequenceCoverage="0" branchCoverage="0" maxCyclomaticComplexity="3" minCyclomaticComplexity="3" visitedClasses="0" numClasses="0" visitedMethods="0" numMethods="1" />
              <MetadataToken>100663728</MetadataToken>
              <Name>SportsWeb.Models.Models.SiteServiceProvider SportsWeb.Services.Services.InstallerSiteService::GetServiceProviderStatus(System.Guid)</Name>
              <FileRef uid="73" />
              <SequencePoints>
                <SequencePoint vc="0" uspid="3751" ordinal="0" offset="13" sl="653" sc="9" el="653" ec="10" bec="0" bev="0" fileid="73" />
                <SequencePoint vc="0" uspid="3752" ordinal="1" offset="14" sl="655" sc="13" el="655" ec="14" bec="0" bev="0" fileid="73" />
                <SequencePoint vc="0" uspid="3753" ordinal="2" offset="15" sl="656" sc="24" el="656" ec="51" bec="0" bev="0" fileid="73" />
                <SequencePoint vc="0" uspid="3754" ordinal="3" offset="22" sl="657" sc="17" el="657" ec="18" bec="0" bev="0" fileid="73" />
                <SequencePoint vc="0" uspid="3755" ordinal="4" offset="23" sl="658" sc="21" el="658" ec="75" bec="0" bev="0" fileid="73" />
                <SequencePoint vc="0" uspid="3756" ordinal="5" offset="30" sl="660" sc="21" el="662" ec="67" bec="0" bev="0" fileid="73" />
                <SequencePoint vc="0" uspid="3757" ordinal="6" offset="154" sl="663" sc="21" el="663" ec="38" bec="2" bev="0" fileid="73" />
                <SequencePoint vc="0" uspid="3758" ordinal="7" offset="164" sl="664" sc="21" el="664" ec="22" bec="0" bev="0" fileid="73" />
                <SequencePoint vc="0" uspid="3759" ordinal="8" offset="165" sl="665" sc="25" el="665" ec="113" bec="0" bev="0" fileid="73" />
                <SequencePoint vc="0" uspid="3760" ordinal="9" offset="192" sl="668" sc="21" el="673" ec="23" bec="0" bev="0" fileid="73" />
                <SequencePoint vc="0" uspid="3761" ordinal="10" offset="238" sl="676" sc="21" el="676" ec="40" bec="0" bev="0" fileid="73" />
                <SequencePoint vc="0" uspid="3762" ordinal="11" offset="255" sl="679" sc="13" el="679" ec="34" bec="0" bev="0" fileid="73" />
                <SequencePoint vc="0" uspid="3763" ordinal="12" offset="257" sl="680" sc="13" el="680" ec="14" bec="0" bev="0" fileid="73" />
                <SequencePoint vc="0" uspid="3764" ordinal="13" offset="258" sl="681" sc="17" el="681" ec="121" bec="0" bev="0" fileid="73" />
                <SequencePoint vc="0" uspid="3765" ordinal="14" offset="276" sl="682" sc="17" el="682" ec="23" bec="0" bev="0" fileid="73" />
                <SequencePoint vc="0" uspid="3766" ordinal="15" offset="278" sl="684" sc="9" el="684" ec="10" bec="0" bev="0" fileid="73" />
              </SequencePoints>
              <BranchPoints>
                <BranchPoint vc="0" uspid="3767" ordinal="0" offset="162" sl="663" path="0" offsetend="164" fileid="73" />
                <BranchPoint vc="0" uspid="3768" ordinal="1" offset="162" sl="663" path="1" offsetend="192" fileid="73" />
              </BranchPoints>
              <MethodPoint vc="0" uspid="3769" ordinal="0" offset="0" />
            </Method>
            <Method visited="false" cyclomaticComplexity="1" nPathComplexity="0" sequenceCoverage="0" branchCoverage="0" isConstructor="false" isStatic="false" isGetter="false" isSetter="false">
              <Summary numSequencePoints="9" visitedSequencePoints="0" numBranchPoints="1" visitedBranchPoints="0" sequenceCoverage="0" branchCoverage="0" maxCyclomaticComplexity="1" minCyclomaticComplexity="1" visitedClasses="0" numClasses="0" visitedMethods="0" numMethods="1" />
              <MetadataToken>100663729</MetadataToken>
              <Name>System.Void SportsWeb.Services.Services.InstallerSiteService::UpdateServiceProviderStatus(System.Guid,SportsWeb.Models.Models.SiteServiceProvider)</Name>
              <FileRef uid="73" />
              <SequencePoints>
                <SequencePoint vc="0" uspid="3770" ordinal="0" offset="0" sl="687" sc="9" el="687" ec="10" bec="0" bev="0" fileid="73" />
                <SequencePoint vc="0" uspid="3771" ordinal="1" offset="1" sl="689" sc="13" el="689" ec="14" bec="0" bev="0" fileid="73" />
                <SequencePoint vc="0" uspid="3772" ordinal="2" offset="2" sl="690" sc="17" el="695" ec="20" bec="0" bev="0" fileid="73" />
                <SequencePoint vc="0" uspid="3773" ordinal="3" offset="35" sl="696" sc="13" el="696" ec="14" bec="0" bev="0" fileid="73" />
                <SequencePoint vc="0" uspid="3774" ordinal="4" offset="38" sl="697" sc="13" el="697" ec="34" bec="0" bev="0" fileid="73" />
                <SequencePoint vc="0" uspid="3775" ordinal="5" offset="39" sl="698" sc="13" el="698" ec="14" bec="0" bev="0" fileid="73" />
                <SequencePoint vc="0" uspid="3776" ordinal="6" offset="40" sl="699" sc="17" el="699" ec="124" bec="0" bev="0" fileid="73" />
                <SequencePoint vc="0" uspid="3777" ordinal="7" offset="57" sl="700" sc="17" el="700" ec="23" bec="0" bev="0" fileid="73" />
                <SequencePoint vc="0" uspid="3778" ordinal="8" offset="59" sl="702" sc="9" el="702" ec="10" bec="0" bev="0" fileid="73" />
              </SequencePoints>
              <BranchPoints />
              <MethodPoint xsi:type="SequencePoint" vc="0" uspid="3770" ordinal="0" offset="0" sl="687" sc="9" el="687" ec="10" bec="0" bev="0" fileid="73" />
            </Method>
            <Method visited="true" cyclomaticComplexity="1" nPathComplexity="0" sequenceCoverage="100" branchCoverage="100" isConstructor="true" isStatic="true" isGetter="false" isSetter="false">
              <Summary numSequencePoints="1" visitedSequencePoints="1" numBranchPoints="1" visitedBranchPoints="1" sequenceCoverage="100" branchCoverage="100" maxCyclomaticComplexity="1" minCyclomaticComplexity="1" visitedClasses="0" numClasses="0" visitedMethods="1" numMethods="1" />
              <MetadataToken>100663730</MetadataToken>
              <Name>System.Void SportsWeb.Services.Services.InstallerSiteService::.cctor()</Name>
              <FileRef uid="73" />
              <SequencePoints>
                <SequencePoint vc="1" uspid="3779" ordinal="0" offset="0" sl="26" sc="9" el="26" ec="98" bec="0" bev="0" fileid="73" />
              </SequencePoints>
              <BranchPoints />
              <MethodPoint xsi:type="SequencePoint" vc="1" uspid="3779" ordinal="0" offset="0" sl="26" sc="9" el="26" ec="98" bec="0" bev="0" fileid="73" />
            </Method>
          </Methods>
        </Class>
        <Class>
          <Summary numSequencePoints="0" visitedSequencePoints="0" numBranchPoints="0" visitedBranchPoints="0" sequenceCoverage="0" branchCoverage="0" maxCyclomaticComplexity="1" minCyclomaticComplexity="1" visitedClasses="0" numClasses="0" visitedMethods="0" numMethods="0" />
          <FullName>SportsWeb.Services.Services.InstallerSiteService/&lt;&gt;c__DisplayClass3_0</FullName>
          <Methods>
            <Method visited="true" cyclomaticComplexity="1" nPathComplexity="0" sequenceCoverage="0" branchCoverage="0" isConstructor="true" isStatic="false" isGetter="false" isSetter="false">
              <Summary numSequencePoints="0" visitedSequencePoints="0" numBranchPoints="0" visitedBranchPoints="0" sequenceCoverage="0" branchCoverage="0" maxCyclomaticComplexity="1" minCyclomaticComplexity="1" visitedClasses="0" numClasses="0" visitedMethods="0" numMethods="0" />
              <MetadataToken>100666905</MetadataToken>
              <Name>System.Void SportsWeb.Services.Services.InstallerSiteService/&lt;&gt;c__DisplayClass3_0::.ctor()</Name>
              <SequencePoints />
              <BranchPoints />
              <MethodPoint vc="7" uspid="3780" ordinal="0" offset="0" />
            </Method>
          </Methods>
        </Class>
        <Class>
          <Summary numSequencePoints="4" visitedSequencePoints="4" numBranchPoints="3" visitedBranchPoints="2" sequenceCoverage="100" branchCoverage="66.67" maxCyclomaticComplexity="2" minCyclomaticComplexity="1" visitedClasses="1" numClasses="1" visitedMethods="1" numMethods="1" />
          <FullName>SportsWeb.Services.Services.InstallerSiteService/&lt;&gt;c__DisplayClass3_1</FullName>
          <Methods>
            <Method visited="true" cyclomaticComplexity="1" nPathComplexity="0" sequenceCoverage="0" branchCoverage="0" isConstructor="true" isStatic="false" isGetter="false" isSetter="false">
              <Summary numSequencePoints="0" visitedSequencePoints="0" numBranchPoints="0" visitedBranchPoints="0" sequenceCoverage="0" branchCoverage="0" maxCyclomaticComplexity="1" minCyclomaticComplexity="1" visitedClasses="0" numClasses="0" visitedMethods="0" numMethods="0" />
              <MetadataToken>100666906</MetadataToken>
              <Name>System.Void SportsWeb.Services.Services.InstallerSiteService/&lt;&gt;c__DisplayClass3_1::.ctor()</Name>
              <SequencePoints />
              <BranchPoints />
              <MethodPoint vc="7" uspid="3781" ordinal="0" offset="0" />
            </Method>
            <Method visited="true" cyclomaticComplexity="2" nPathComplexity="2" sequenceCoverage="100" branchCoverage="66.67" isConstructor="false" isStatic="false" isGetter="false" isSetter="false">
              <Summary numSequencePoints="4" visitedSequencePoints="4" numBranchPoints="3" visitedBranchPoints="2" sequenceCoverage="100" branchCoverage="66.67" maxCyclomaticComplexity="2" minCyclomaticComplexity="2" visitedClasses="0" numClasses="0" visitedMethods="1" numMethods="1" />
              <MetadataToken>100666907</MetadataToken>
              <Name>System.Void SportsWeb.Services.Services.InstallerSiteService/&lt;&gt;c__DisplayClass3_1::&lt;GetSitesByCustomerId&gt;b__2(SportsWeb.Entities.Site)</Name>
              <FileRef uid="73" />
              <SequencePoints>
                <SequencePoint vc="4" uspid="3782" ordinal="0" offset="0" sl="80" sc="21" el="80" ec="22" bec="0" bev="0" fileid="73" />
                <SequencePoint vc="4" uspid="3783" ordinal="1" offset="1" sl="81" sc="25" el="81" ec="64" bec="2" bev="1" fileid="73" />
                <SequencePoint vc="4" uspid="3784" ordinal="2" offset="19" sl="82" sc="29" el="82" ec="50" bec="0" bev="0" fileid="73" />
                <SequencePoint vc="4" uspid="3785" ordinal="3" offset="37" sl="83" sc="21" el="83" ec="22" bec="0" bev="0" fileid="73" />
              </SequencePoints>
              <BranchPoints>
                <BranchPoint vc="4" uspid="3786" ordinal="0" offset="17" sl="81" path="0" offsetend="19" fileid="73" />
                <BranchPoint vc="0" uspid="3787" ordinal="1" offset="17" sl="81" path="1" offsetend="37" fileid="73" />
              </BranchPoints>
              <MethodPoint xsi:type="SequencePoint" vc="4" uspid="3782" ordinal="0" offset="0" sl="80" sc="21" el="80" ec="22" bec="0" bev="0" fileid="73" />
            </Method>
          </Methods>
        </Class>
        <Class>
          <Summary numSequencePoints="1" visitedSequencePoints="1" numBranchPoints="1" visitedBranchPoints="1" sequenceCoverage="100" branchCoverage="100" maxCyclomaticComplexity="2" minCyclomaticComplexity="1" visitedClasses="1" numClasses="1" visitedMethods="1" numMethods="1" />
          <FullName>SportsWeb.Services.Services.InstallerSiteService/&lt;&gt;c__DisplayClass3_2</FullName>
          <Methods>
            <Method visited="true" cyclomaticComplexity="1" nPathComplexity="0" sequenceCoverage="0" branchCoverage="0" isConstructor="true" isStatic="false" isGetter="false" isSetter="false">
              <Summary numSequencePoints="0" visitedSequencePoints="0" numBranchPoints="0" visitedBranchPoints="0" sequenceCoverage="0" branchCoverage="0" maxCyclomaticComplexity="1" minCyclomaticComplexity="1" visitedClasses="0" numClasses="0" visitedMethods="0" numMethods="0" />
              <MetadataToken>100666908</MetadataToken>
              <Name>System.Void SportsWeb.Services.Services.InstallerSiteService/&lt;&gt;c__DisplayClass3_2::.ctor()</Name>
              <SequencePoints />
              <BranchPoints />
              <MethodPoint vc="5" uspid="3788" ordinal="0" offset="0" />
            </Method>
            <Method visited="true" cyclomaticComplexity="2" nPathComplexity="0" sequenceCoverage="100" branchCoverage="100" isConstructor="false" isStatic="false" isGetter="false" isSetter="false">
              <Summary numSequencePoints="1" visitedSequencePoints="1" numBranchPoints="1" visitedBranchPoints="1" sequenceCoverage="100" branchCoverage="100" maxCyclomaticComplexity="2" minCyclomaticComplexity="2" visitedClasses="0" numClasses="0" visitedMethods="1" numMethods="1" />
              <MetadataToken>100666909</MetadataToken>
              <Name>System.Boolean SportsWeb.Services.Services.InstallerSiteService/&lt;&gt;c__DisplayClass3_2::&lt;GetSitesByCustomerId&gt;b__3(SportsWeb.Entities.Site)</Name>
              <FileRef uid="73" />
              <SequencePoints>
                <SequencePoint vc="4" uspid="3789" ordinal="0" offset="13" sl="62" sc="63" el="65" ec="109" bec="0" bev="0" fileid="73" />
              </SequencePoints>
              <BranchPoints />
              <MethodPoint vc="4" uspid="3792" ordinal="0" offset="0" />
            </Method>
          </Methods>
        </Class>
        <Class>
          <Summary numSequencePoints="1" visitedSequencePoints="1" numBranchPoints="1" visitedBranchPoints="1" sequenceCoverage="100" branchCoverage="100" maxCyclomaticComplexity="1" minCyclomaticComplexity="1" visitedClasses="1" numClasses="1" visitedMethods="1" numMethods="1" />
          <FullName>SportsWeb.Services.Services.InstallerSiteService/&lt;&gt;c__DisplayClass3_3</FullName>
          <Methods>
            <Method visited="true" cyclomaticComplexity="1" nPathComplexity="0" sequenceCoverage="0" branchCoverage="0" isConstructor="true" isStatic="false" isGetter="false" isSetter="false">
              <Summary numSequencePoints="0" visitedSequencePoints="0" numBranchPoints="0" visitedBranchPoints="0" sequenceCoverage="0" branchCoverage="0" maxCyclomaticComplexity="1" minCyclomaticComplexity="1" visitedClasses="0" numClasses="0" visitedMethods="0" numMethods="0" />
              <MetadataToken>100666910</MetadataToken>
              <Name>System.Void SportsWeb.Services.Services.InstallerSiteService/&lt;&gt;c__DisplayClass3_3::.ctor()</Name>
              <SequencePoints />
              <BranchPoints />
              <MethodPoint vc="4" uspid="3793" ordinal="0" offset="0" />
            </Method>
            <Method visited="true" cyclomaticComplexity="1" nPathComplexity="0" sequenceCoverage="100" branchCoverage="100" isConstructor="false" isStatic="false" isGetter="false" isSetter="false">
              <Summary numSequencePoints="1" visitedSequencePoints="1" numBranchPoints="1" visitedBranchPoints="1" sequenceCoverage="100" branchCoverage="100" maxCyclomaticComplexity="1" minCyclomaticComplexity="1" visitedClasses="0" numClasses="0" visitedMethods="1" numMethods="1" />
              <MetadataToken>100666911</MetadataToken>
              <Name>System.Boolean SportsWeb.Services.Services.InstallerSiteService/&lt;&gt;c__DisplayClass3_3::&lt;GetSitesByCustomerId&gt;b__4(System.Tuple`2&lt;System.Int64,System.String&gt;)</Name>
              <FileRef uid="73" />
              <SequencePoints>
                <SequencePoint vc="6" uspid="3794" ordinal="0" offset="0" sl="65" sc="72" el="65" ec="108" bec="0" bev="0" fileid="73" />
              </SequencePoints>
              <BranchPoints />
              <MethodPoint xsi:type="SequencePoint" vc="6" uspid="3794" ordinal="0" offset="0" sl="65" sc="72" el="65" ec="108" bec="0" bev="0" fileid="73" />
            </Method>
          </Methods>
        </Class>
        <Class>
          <Summary numSequencePoints="3" visitedSequencePoints="2" numBranchPoints="3" visitedBranchPoints="2" sequenceCoverage="66.67" branchCoverage="66.67" maxCyclomaticComplexity="1" minCyclomaticComplexity="1" visitedClasses="1" numClasses="1" visitedMethods="2" numMethods="3" />
          <FullName>SportsWeb.Services.Services.InstallerSiteService/&lt;&gt;c</FullName>
          <Methods>
            <Method visited="true" cyclomaticComplexity="1" nPathComplexity="0" sequenceCoverage="0" branchCoverage="0" isConstructor="true" isStatic="true" isGetter="false" isSetter="false">
              <Summary numSequencePoints="0" visitedSequencePoints="0" numBranchPoints="0" visitedBranchPoints="0" sequenceCoverage="0" branchCoverage="0" maxCyclomaticComplexity="1" minCyclomaticComplexity="1" visitedClasses="0" numClasses="0" visitedMethods="0" numMethods="0" />
              <MetadataToken>100666912</MetadataToken>
              <Name>System.Void SportsWeb.Services.Services.InstallerSiteService/&lt;&gt;c::.cctor()</Name>
              <SequencePoints />
              <BranchPoints />
              <MethodPoint vc="1" uspid="3795" ordinal="0" offset="0" />
            </Method>
            <Method visited="true" cyclomaticComplexity="1" nPathComplexity="0" sequenceCoverage="0" branchCoverage="0" isConstructor="true" isStatic="false" isGetter="false" isSetter="false">
              <Summary numSequencePoints="0" visitedSequencePoints="0" numBranchPoints="0" visitedBranchPoints="0" sequenceCoverage="0" branchCoverage="0" maxCyclomaticComplexity="1" minCyclomaticComplexity="1" visitedClasses="0" numClasses="0" visitedMethods="0" numMethods="0" />
              <MetadataToken>100666913</MetadataToken>
              <Name>System.Void SportsWeb.Services.Services.InstallerSiteService/&lt;&gt;c::.ctor()</Name>
              <SequencePoints />
              <BranchPoints />
              <MethodPoint vc="1" uspid="3796" ordinal="0" offset="0" />
            </Method>
            <Method visited="true" cyclomaticComplexity="1" nPathComplexity="0" sequenceCoverage="100" branchCoverage="100" isConstructor="false" isStatic="false" isGetter="false" isSetter="false">
              <Summary numSequencePoints="1" visitedSequencePoints="1" numBranchPoints="1" visitedBranchPoints="1" sequenceCoverage="100" branchCoverage="100" maxCyclomaticComplexity="1" minCyclomaticComplexity="1" visitedClasses="0" numClasses="0" visitedMethods="1" numMethods="1" />
              <MetadataToken>100666914</MetadataToken>
              <Name>System.Boolean SportsWeb.Services.Services.InstallerSiteService/&lt;&gt;c::&lt;GetSitesByCustomerId&gt;b__3_1(SportsWeb.Entities.Site)</Name>
              <FileRef uid="73" />
              <SequencePoints>
                <SequencePoint vc="2" uspid="3797" ordinal="0" offset="0" sl="75" sc="59" el="75" ec="71" bec="0" bev="0" fileid="73" />
              </SequencePoints>
              <BranchPoints />
              <MethodPoint xsi:type="SequencePoint" vc="2" uspid="3797" ordinal="0" offset="0" sl="75" sc="59" el="75" ec="71" bec="0" bev="0" fileid="73" />
            </Method>
            <Method visited="false" cyclomaticComplexity="1" nPathComplexity="0" sequenceCoverage="0" branchCoverage="0" isConstructor="false" isStatic="false" isGetter="false" isSetter="false">
              <Summary numSequencePoints="1" visitedSequencePoints="0" numBranchPoints="1" visitedBranchPoints="0" sequenceCoverage="0" branchCoverage="0" maxCyclomaticComplexity="1" minCyclomaticComplexity="1" visitedClasses="0" numClasses="0" visitedMethods="0" numMethods="1" />
              <MetadataToken>100666915</MetadataToken>
              <Name>System.Boolean SportsWeb.Services.Services.InstallerSiteService/&lt;&gt;c::&lt;GetSitesForServiceProvider&gt;b__6_1(SportsWeb.Entities.Site)</Name>
              <FileRef uid="73" />
              <SequencePoints>
                <SequencePoint vc="0" uspid="3798" ordinal="0" offset="0" sl="187" sc="71" el="187" ec="102" bec="0" bev="0" fileid="73" />
              </SequencePoints>
              <BranchPoints />
              <MethodPoint xsi:type="SequencePoint" vc="0" uspid="3798" ordinal="0" offset="0" sl="187" sc="71" el="187" ec="102" bec="0" bev="0" fileid="73" />
            </Method>
            <Method visited="true" cyclomaticComplexity="1" nPathComplexity="0" sequenceCoverage="100" branchCoverage="100" isConstructor="false" isStatic="false" isGetter="false" isSetter="false">
              <Summary numSequencePoints="1" visitedSequencePoints="1" numBranchPoints="1" visitedBranchPoints="1" sequenceCoverage="100" branchCoverage="100" maxCyclomaticComplexity="1" minCyclomaticComplexity="1" visitedClasses="0" numClasses="0" visitedMethods="1" numMethods="1" />
              <MetadataToken>100666916</MetadataToken>
              <Name>SportsWeb.Models.Models.SceneToDimLevelMapingModel SportsWeb.Services.Services.InstallerSiteService/&lt;&gt;c::&lt;GetDimLevelMapping&gt;b__16_0(SportsWeb.Services.Utils.MappingListForSceneToDimLevel)</Name>
              <FileRef uid="73" />
              <SequencePoints>
                <SequencePoint vc="12" uspid="3799" ordinal="0" offset="0" sl="570" sc="21" el="574" ec="22" bec="0" bev="0" fileid="73" />
              </SequencePoints>
              <BranchPoints />
              <MethodPoint xsi:type="SequencePoint" vc="12" uspid="3799" ordinal="0" offset="0" sl="570" sc="21" el="574" ec="22" bec="0" bev="0" fileid="73" />
            </Method>
          </Methods>
        </Class>
        <Class>
          <Summary numSequencePoints="0" visitedSequencePoints="0" numBranchPoints="0" visitedBranchPoints="0" sequenceCoverage="0" branchCoverage="0" maxCyclomaticComplexity="1" minCyclomaticComplexity="1" visitedClasses="0" numClasses="0" visitedMethods="0" numMethods="0" />
          <FullName>SportsWeb.Services.Services.InstallerSiteService/&lt;&gt;c__DisplayClass4_0</FullName>
          <Methods>
            <Method visited="true" cyclomaticComplexity="1" nPathComplexity="0" sequenceCoverage="0" branchCoverage="0" isConstructor="true" isStatic="false" isGetter="false" isSetter="false">
              <Summary numSequencePoints="0" visitedSequencePoints="0" numBranchPoints="0" visitedBranchPoints="0" sequenceCoverage="0" branchCoverage="0" maxCyclomaticComplexity="1" minCyclomaticComplexity="1" visitedClasses="0" numClasses="0" visitedMethods="0" numMethods="0" />
              <MetadataToken>100666917</MetadataToken>
              <Name>System.Void SportsWeb.Services.Services.InstallerSiteService/&lt;&gt;c__DisplayClass4_0::.ctor()</Name>
              <SequencePoints />
              <BranchPoints />
              <MethodPoint vc="4" uspid="3800" ordinal="0" offset="0" />
            </Method>
          </Methods>
        </Class>
        <Class>
          <Summary numSequencePoints="4" visitedSequencePoints="0" numBranchPoints="3" visitedBranchPoints="0" sequenceCoverage="0" branchCoverage="0" maxCyclomaticComplexity="2" minCyclomaticComplexity="1" visitedClasses="0" numClasses="1" visitedMethods="0" numMethods="1" />
          <FullName>SportsWeb.Services.Services.InstallerSiteService/&lt;&gt;c__DisplayClass4_1</FullName>
          <Methods>
            <Method visited="false" cyclomaticComplexity="1" nPathComplexity="0" sequenceCoverage="0" branchCoverage="0" isConstructor="true" isStatic="false" isGetter="false" isSetter="false">
              <Summary numSequencePoints="0" visitedSequencePoints="0" numBranchPoints="0" visitedBranchPoints="0" sequenceCoverage="0" branchCoverage="0" maxCyclomaticComplexity="1" minCyclomaticComplexity="1" visitedClasses="0" numClasses="0" visitedMethods="0" numMethods="0" />
              <MetadataToken>100666918</MetadataToken>
              <Name>System.Void SportsWeb.Services.Services.InstallerSiteService/&lt;&gt;c__DisplayClass4_1::.ctor()</Name>
              <SequencePoints />
              <BranchPoints />
              <MethodPoint vc="0" uspid="3801" ordinal="0" offset="0" />
            </Method>
            <Method visited="false" cyclomaticComplexity="2" nPathComplexity="2" sequenceCoverage="0" branchCoverage="0" isConstructor="false" isStatic="false" isGetter="false" isSetter="false">
              <Summary numSequencePoints="4" visitedSequencePoints="0" numBranchPoints="3" visitedBranchPoints="0" sequenceCoverage="0" branchCoverage="0" maxCyclomaticComplexity="2" minCyclomaticComplexity="2" visitedClasses="0" numClasses="0" visitedMethods="0" numMethods="1" />
              <MetadataToken>100666919</MetadataToken>
              <Name>System.Void SportsWeb.Services.Services.InstallerSiteService/&lt;&gt;c__DisplayClass4_1::&lt;GetSites&gt;b__1(SportsWeb.Entities.Site)</Name>
              <FileRef uid="73" />
              <SequencePoints>
                <SequencePoint vc="0" uspid="3802" ordinal="0" offset="0" sl="128" sc="29" el="128" ec="30" bec="0" bev="0" fileid="73" />
                <SequencePoint vc="0" uspid="3803" ordinal="1" offset="1" sl="129" sc="33" el="129" ec="72" bec="2" bev="0" fileid="73" />
                <SequencePoint vc="0" uspid="3804" ordinal="2" offset="19" sl="130" sc="37" el="130" ec="58" bec="0" bev="0" fileid="73" />
                <SequencePoint vc="0" uspid="3805" ordinal="3" offset="37" sl="131" sc="29" el="131" ec="30" bec="0" bev="0" fileid="73" />
              </SequencePoints>
              <BranchPoints>
                <BranchPoint vc="0" uspid="3806" ordinal="0" offset="17" sl="129" path="0" offsetend="19" fileid="73" />
                <BranchPoint vc="0" uspid="3807" ordinal="1" offset="17" sl="129" path="1" offsetend="37" fileid="73" />
              </BranchPoints>
              <MethodPoint xsi:type="SequencePoint" vc="0" uspid="3802" ordinal="0" offset="0" sl="128" sc="29" el="128" ec="30" bec="0" bev="0" fileid="73" />
            </Method>
          </Methods>
        </Class>
        <Class>
          <Summary numSequencePoints="0" visitedSequencePoints="0" numBranchPoints="0" visitedBranchPoints="0" sequenceCoverage="0" branchCoverage="0" maxCyclomaticComplexity="1" minCyclomaticComplexity="1" visitedClasses="0" numClasses="0" visitedMethods="0" numMethods="0" />
          <FullName>SportsWeb.Services.Services.InstallerSiteService/&lt;&gt;c__DisplayClass5_0</FullName>
          <Methods>
            <Method visited="true" cyclomaticComplexity="1" nPathComplexity="0" sequenceCoverage="0" branchCoverage="0" isConstructor="true" isStatic="false" isGetter="false" isSetter="false">
              <Summary numSequencePoints="0" visitedSequencePoints="0" numBranchPoints="0" visitedBranchPoints="0" sequenceCoverage="0" branchCoverage="0" maxCyclomaticComplexity="1" minCyclomaticComplexity="1" visitedClasses="0" numClasses="0" visitedMethods="0" numMethods="0" />
              <MetadataToken>100666920</MetadataToken>
              <Name>System.Void SportsWeb.Services.Services.InstallerSiteService/&lt;&gt;c__DisplayClass5_0::.ctor()</Name>
              <SequencePoints />
              <BranchPoints />
              <MethodPoint vc="2" uspid="3808" ordinal="0" offset="0" />
            </Method>
          </Methods>
        </Class>
        <Class>
          <Summary numSequencePoints="0" visitedSequencePoints="0" numBranchPoints="0" visitedBranchPoints="0" sequenceCoverage="0" branchCoverage="0" maxCyclomaticComplexity="1" minCyclomaticComplexity="1" visitedClasses="0" numClasses="0" visitedMethods="0" numMethods="0" />
          <FullName>SportsWeb.Services.Services.InstallerSiteService/&lt;&gt;c__DisplayClass6_0</FullName>
          <Methods>
            <Method visited="false" cyclomaticComplexity="1" nPathComplexity="0" sequenceCoverage="0" branchCoverage="0" isConstructor="true" isStatic="false" isGetter="false" isSetter="false">
              <Summary numSequencePoints="0" visitedSequencePoints="0" numBranchPoints="0" visitedBranchPoints="0" sequenceCoverage="0" branchCoverage="0" maxCyclomaticComplexity="1" minCyclomaticComplexity="1" visitedClasses="0" numClasses="0" visitedMethods="0" numMethods="0" />
              <MetadataToken>100666921</MetadataToken>
              <Name>System.Void SportsWeb.Services.Services.InstallerSiteService/&lt;&gt;c__DisplayClass6_0::.ctor()</Name>
              <SequencePoints />
              <BranchPoints />
              <MethodPoint vc="0" uspid="3809" ordinal="0" offset="0" />
            </Method>
          </Methods>
        </Class>
        <Class>
          <Summary numSequencePoints="0" visitedSequencePoints="0" numBranchPoints="0" visitedBranchPoints="0" sequenceCoverage="0" branchCoverage="0" maxCyclomaticComplexity="1" minCyclomaticComplexity="1" visitedClasses="0" numClasses="0" visitedMethods="0" numMethods="0" />
          <FullName>SportsWeb.Services.Services.InstallerSiteService/&lt;&gt;c__DisplayClass9_0</FullName>
          <Methods>
            <Method visited="true" cyclomaticComplexity="1" nPathComplexity="0" sequenceCoverage="0" branchCoverage="0" isConstructor="true" isStatic="false" isGetter="false" isSetter="false">
              <Summary numSequencePoints="0" visitedSequencePoints="0" numBranchPoints="0" visitedBranchPoints="0" sequenceCoverage="0" branchCoverage="0" maxCyclomaticComplexity="1" minCyclomaticComplexity="1" visitedClasses="0" numClasses="0" visitedMethods="0" numMethods="0" />
              <MetadataToken>100666922</MetadataToken>
              <Name>System.Void SportsWeb.Services.Services.InstallerSiteService/&lt;&gt;c__DisplayClass9_0::.ctor()</Name>
              <SequencePoints />
              <BranchPoints />
              <MethodPoint vc="8" uspid="3810" ordinal="0" offset="0" />
            </Method>
          </Methods>
        </Class>
        <Class>
          <Summary numSequencePoints="0" visitedSequencePoints="0" numBranchPoints="0" visitedBranchPoints="0" sequenceCoverage="0" branchCoverage="0" maxCyclomaticComplexity="1" minCyclomaticComplexity="1" visitedClasses="0" numClasses="0" visitedMethods="0" numMethods="0" />
          <FullName>SportsWeb.Services.Services.InstallerSiteService/&lt;&gt;c__DisplayClass12_0</FullName>
          <Methods>
            <Method visited="true" cyclomaticComplexity="1" nPathComplexity="0" sequenceCoverage="0" branchCoverage="0" isConstructor="true" isStatic="false" isGetter="false" isSetter="false">
              <Summary numSequencePoints="0" visitedSequencePoints="0" numBranchPoints="0" visitedBranchPoints="0" sequenceCoverage="0" branchCoverage="0" maxCyclomaticComplexity="1" minCyclomaticComplexity="1" visitedClasses="0" numClasses="0" visitedMethods="0" numMethods="0" />
              <MetadataToken>100666923</MetadataToken>
              <Name>System.Void SportsWeb.Services.Services.InstallerSiteService/&lt;&gt;c__DisplayClass12_0::.ctor()</Name>
              <SequencePoints />
              <BranchPoints />
              <MethodPoint vc="3" uspid="3811" ordinal="0" offset="0" />
            </Method>
          </Methods>
        </Class>
        <Class>
          <Summary numSequencePoints="0" visitedSequencePoints="0" numBranchPoints="0" visitedBranchPoints="0" sequenceCoverage="0" branchCoverage="0" maxCyclomaticComplexity="1" minCyclomaticComplexity="1" visitedClasses="0" numClasses="0" visitedMethods="0" numMethods="0" />
          <FullName>SportsWeb.Services.Services.InstallerSiteService/&lt;&gt;c__DisplayClass13_0</FullName>
          <Methods>
            <Method visited="true" cyclomaticComplexity="1" nPathComplexity="0" sequenceCoverage="0" branchCoverage="0" isConstructor="true" isStatic="false" isGetter="false" isSetter="false">
              <Summary numSequencePoints="0" visitedSequencePoints="0" numBranchPoints="0" visitedBranchPoints="0" sequenceCoverage="0" branchCoverage="0" maxCyclomaticComplexity="1" minCyclomaticComplexity="1" visitedClasses="0" numClasses="0" visitedMethods="0" numMethods="0" />
              <MetadataToken>100666924</MetadataToken>
              <Name>System.Void SportsWeb.Services.Services.InstallerSiteService/&lt;&gt;c__DisplayClass13_0::.ctor()</Name>
              <SequencePoints />
              <BranchPoints />
              <MethodPoint vc="3" uspid="3812" ordinal="0" offset="0" />
            </Method>
          </Methods>
        </Class>
        <Class>
          <Summary numSequencePoints="0" visitedSequencePoints="0" numBranchPoints="0" visitedBranchPoints="0" sequenceCoverage="0" branchCoverage="0" maxCyclomaticComplexity="1" minCyclomaticComplexity="1" visitedClasses="0" numClasses="0" visitedMethods="0" numMethods="0" />
          <FullName>SportsWeb.Services.Services.InstallerSiteService/&lt;&gt;c__DisplayClass13_1</FullName>
          <Methods>
            <Method visited="true" cyclomaticComplexity="1" nPathComplexity="0" sequenceCoverage="0" branchCoverage="0" isConstructor="true" isStatic="false" isGetter="false" isSetter="false">
              <Summary numSequencePoints="0" visitedSequencePoints="0" numBranchPoints="0" visitedBranchPoints="0" sequenceCoverage="0" branchCoverage="0" maxCyclomaticComplexity="1" minCyclomaticComplexity="1" visitedClasses="0" numClasses="0" visitedMethods="0" numMethods="0" />
              <MetadataToken>100666925</MetadataToken>
              <Name>System.Void SportsWeb.Services.Services.InstallerSiteService/&lt;&gt;c__DisplayClass13_1::.ctor()</Name>
              <SequencePoints />
              <BranchPoints />
              <MethodPoint vc="4" uspid="3813" ordinal="0" offset="0" />
            </Method>
          </Methods>
        </Class>
        <Class>
          <Summary numSequencePoints="0" visitedSequencePoints="0" numBranchPoints="0" visitedBranchPoints="0" sequenceCoverage="0" branchCoverage="0" maxCyclomaticComplexity="1" minCyclomaticComplexity="1" visitedClasses="0" numClasses="0" visitedMethods="0" numMethods="0" />
          <FullName>SportsWeb.Services.Services.InstallerSiteService/&lt;&gt;c__DisplayClass14_0</FullName>
          <Methods>
            <Method visited="false" cyclomaticComplexity="1" nPathComplexity="0" sequenceCoverage="0" branchCoverage="0" isConstructor="true" isStatic="false" isGetter="false" isSetter="false">
              <Summary numSequencePoints="0" visitedSequencePoints="0" numBranchPoints="0" visitedBranchPoints="0" sequenceCoverage="0" branchCoverage="0" maxCyclomaticComplexity="1" minCyclomaticComplexity="1" visitedClasses="0" numClasses="0" visitedMethods="0" numMethods="0" />
              <MetadataToken>100666926</MetadataToken>
              <Name>System.Void SportsWeb.Services.Services.InstallerSiteService/&lt;&gt;c__DisplayClass14_0::.ctor()</Name>
              <SequencePoints />
              <BranchPoints />
              <MethodPoint vc="0" uspid="3814" ordinal="0" offset="0" />
            </Method>
          </Methods>
        </Class>
        <Class>
          <Summary numSequencePoints="0" visitedSequencePoints="0" numBranchPoints="0" visitedBranchPoints="0" sequenceCoverage="0" branchCoverage="0" maxCyclomaticComplexity="1" minCyclomaticComplexity="1" visitedClasses="0" numClasses="0" visitedMethods="0" numMethods="0" />
          <FullName>SportsWeb.Services.Services.InstallerSiteService/&lt;&gt;c__DisplayClass15_0</FullName>
          <Methods>
            <Method visited="true" cyclomaticComplexity="1" nPathComplexity="0" sequenceCoverage="0" branchCoverage="0" isConstructor="true" isStatic="false" isGetter="false" isSetter="false">
              <Summary numSequencePoints="0" visitedSequencePoints="0" numBranchPoints="0" visitedBranchPoints="0" sequenceCoverage="0" branchCoverage="0" maxCyclomaticComplexity="1" minCyclomaticComplexity="1" visitedClasses="0" numClasses="0" visitedMethods="0" numMethods="0" />
              <MetadataToken>100666927</MetadataToken>
              <Name>System.Void SportsWeb.Services.Services.InstallerSiteService/&lt;&gt;c__DisplayClass15_0::.ctor()</Name>
              <SequencePoints />
              <BranchPoints />
              <MethodPoint vc="8" uspid="3815" ordinal="0" offset="0" />
            </Method>
          </Methods>
        </Class>
        <Class>
          <Summary numSequencePoints="0" visitedSequencePoints="0" numBranchPoints="0" visitedBranchPoints="0" sequenceCoverage="0" branchCoverage="0" maxCyclomaticComplexity="1" minCyclomaticComplexity="1" visitedClasses="0" numClasses="0" visitedMethods="0" numMethods="0" />
          <FullName>SportsWeb.Services.Services.InstallerSiteService/&lt;&gt;c__DisplayClass15_1</FullName>
          <Methods>
            <Method visited="true" cyclomaticComplexity="1" nPathComplexity="0" sequenceCoverage="0" branchCoverage="0" isConstructor="true" isStatic="false" isGetter="false" isSetter="false">
              <Summary numSequencePoints="0" visitedSequencePoints="0" numBranchPoints="0" visitedBranchPoints="0" sequenceCoverage="0" branchCoverage="0" maxCyclomaticComplexity="1" minCyclomaticComplexity="1" visitedClasses="0" numClasses="0" visitedMethods="0" numMethods="0" />
              <MetadataToken>100666928</MetadataToken>
              <Name>System.Void SportsWeb.Services.Services.InstallerSiteService/&lt;&gt;c__DisplayClass15_1::.ctor()</Name>
              <SequencePoints />
              <BranchPoints />
              <MethodPoint vc="3" uspid="3816" ordinal="0" offset="0" />
            </Method>
          </Methods>
        </Class>
        <Class>
          <Summary numSequencePoints="0" visitedSequencePoints="0" numBranchPoints="0" visitedBranchPoints="0" sequenceCoverage="0" branchCoverage="0" maxCyclomaticComplexity="1" minCyclomaticComplexity="1" visitedClasses="0" numClasses="0" visitedMethods="0" numMethods="0" />
          <FullName>SportsWeb.Services.Services.InstallerSiteService/&lt;&gt;c__DisplayClass17_0</FullName>
          <Methods>
            <Method visited="true" cyclomaticComplexity="1" nPathComplexity="0" sequenceCoverage="0" branchCoverage="0" isConstructor="true" isStatic="false" isGetter="false" isSetter="false">
              <Summary numSequencePoints="0" visitedSequencePoints="0" numBranchPoints="0" visitedBranchPoints="0" sequenceCoverage="0" branchCoverage="0" maxCyclomaticComplexity="1" minCyclomaticComplexity="1" visitedClasses="0" numClasses="0" visitedMethods="0" numMethods="0" />
              <MetadataToken>100666929</MetadataToken>
              <Name>System.Void SportsWeb.Services.Services.InstallerSiteService/&lt;&gt;c__DisplayClass17_0::.ctor()</Name>
              <SequencePoints />
              <BranchPoints />
              <MethodPoint vc="4" uspid="3817" ordinal="0" offset="0" />
            </Method>
          </Methods>
        </Class>
        <Class>
          <Summary numSequencePoints="1" visitedSequencePoints="1" numBranchPoints="1" visitedBranchPoints="1" sequenceCoverage="100" branchCoverage="100" maxCyclomaticComplexity="2" minCyclomaticComplexity="1" visitedClasses="1" numClasses="1" visitedMethods="1" numMethods="1" />
          <FullName>SportsWeb.Services.Services.InstallerSiteService/&lt;&gt;c__DisplayClass17_1</FullName>
          <Methods>
            <Method visited="true" cyclomaticComplexity="1" nPathComplexity="0" sequenceCoverage="0" branchCoverage="0" isConstructor="true" isStatic="false" isGetter="false" isSetter="false">
              <Summary numSequencePoints="0" visitedSequencePoints="0" numBranchPoints="0" visitedBranchPoints="0" sequenceCoverage="0" branchCoverage="0" maxCyclomaticComplexity="1" minCyclomaticComplexity="1" visitedClasses="0" numClasses="0" visitedMethods="0" numMethods="0" />
              <MetadataToken>100666930</MetadataToken>
              <Name>System.Void SportsWeb.Services.Services.InstallerSiteService/&lt;&gt;c__DisplayClass17_1::.ctor()</Name>
              <SequencePoints />
              <BranchPoints />
              <MethodPoint vc="2" uspid="3818" ordinal="0" offset="0" />
            </Method>
            <Method visited="true" cyclomaticComplexity="2" nPathComplexity="0" sequenceCoverage="100" branchCoverage="100" isConstructor="false" isStatic="false" isGetter="false" isSetter="false">
              <Summary numSequencePoints="1" visitedSequencePoints="1" numBranchPoints="1" visitedBranchPoints="1" sequenceCoverage="100" branchCoverage="100" maxCyclomaticComplexity="2" minCyclomaticComplexity="2" visitedClasses="0" numClasses="0" visitedMethods="1" numMethods="1" />
              <MetadataToken>100666931</MetadataToken>
              <Name>SportsWeb.Models.Models.ScenesettingForSite SportsWeb.Services.Services.InstallerSiteService/&lt;&gt;c__DisplayClass17_1::&lt;GetScenesettingForSite&gt;b__4(SportsWeb.Entities.SceneSetting)</Name>
              <FileRef uid="73" />
              <SequencePoints>
                <SequencePoint vc="4" uspid="3819" ordinal="0" offset="0" sl="628" sc="70" el="632" ec="30" bec="0" bev="0" fileid="73" />
              </SequencePoints>
              <BranchPoints />
              <MethodPoint xsi:type="SequencePoint" vc="4" uspid="3819" ordinal="0" offset="0" sl="628" sc="70" el="632" ec="30" bec="0" bev="0" fileid="73" />
            </Method>
          </Methods>
        </Class>
        <Class>
          <Summary numSequencePoints="2" visitedSequencePoints="2" numBranchPoints="2" visitedBranchPoints="2" sequenceCoverage="100" branchCoverage="100" maxCyclomaticComplexity="2" minCyclomaticComplexity="1" visitedClasses="1" numClasses="1" visitedMethods="2" numMethods="2" />
          <FullName>SportsWeb.Services.Services.InstallerSiteService/&lt;&gt;c__DisplayClass17_2</FullName>
          <Methods>
            <Method visited="true" cyclomaticComplexity="1" nPathComplexity="0" sequenceCoverage="0" branchCoverage="0" isConstructor="true" isStatic="false" isGetter="false" isSetter="false">
              <Summary numSequencePoints="0" visitedSequencePoints="0" numBranchPoints="0" visitedBranchPoints="0" sequenceCoverage="0" branchCoverage="0" maxCyclomaticComplexity="1" minCyclomaticComplexity="1" visitedClasses="0" numClasses="0" visitedMethods="0" numMethods="0" />
              <MetadataToken>100666932</MetadataToken>
              <Name>System.Void SportsWeb.Services.Services.InstallerSiteService/&lt;&gt;c__DisplayClass17_2::.ctor()</Name>
              <SequencePoints />
              <BranchPoints />
              <MethodPoint vc="6" uspid="3822" ordinal="0" offset="0" />
            </Method>
            <Method visited="true" cyclomaticComplexity="1" nPathComplexity="0" sequenceCoverage="100" branchCoverage="100" isConstructor="false" isStatic="false" isGetter="false" isSetter="false">
              <Summary numSequencePoints="1" visitedSequencePoints="1" numBranchPoints="1" visitedBranchPoints="1" sequenceCoverage="100" branchCoverage="100" maxCyclomaticComplexity="1" minCyclomaticComplexity="1" visitedClasses="0" numClasses="0" visitedMethods="1" numMethods="1" />
              <MetadataToken>100666933</MetadataToken>
              <Name>System.Boolean SportsWeb.Services.Services.InstallerSiteService/&lt;&gt;c__DisplayClass17_2::&lt;GetScenesettingForSite&gt;b__3(SportsWeb.Entities.SceneSetting)</Name>
              <FileRef uid="73" />
              <SequencePoints>
                <SequencePoint vc="27" uspid="3823" ordinal="0" offset="0" sl="616" sc="58" el="616" ec="109" bec="0" bev="0" fileid="73" />
              </SequencePoints>
              <BranchPoints />
              <MethodPoint xsi:type="SequencePoint" vc="27" uspid="3823" ordinal="0" offset="0" sl="616" sc="58" el="616" ec="109" bec="0" bev="0" fileid="73" />
            </Method>
            <Method visited="true" cyclomaticComplexity="2" nPathComplexity="0" sequenceCoverage="100" branchCoverage="100" isConstructor="false" isStatic="false" isGetter="false" isSetter="false">
              <Summary numSequencePoints="1" visitedSequencePoints="1" numBranchPoints="1" visitedBranchPoints="1" sequenceCoverage="100" branchCoverage="100" maxCyclomaticComplexity="2" minCyclomaticComplexity="2" visitedClasses="0" numClasses="0" visitedMethods="1" numMethods="1" />
              <MetadataToken>100666934</MetadataToken>
              <Name>System.Boolean SportsWeb.Services.Services.InstallerSiteService/&lt;&gt;c__DisplayClass17_2::&lt;GetScenesettingForSite&gt;b__2(SportsWeb.Entities.SceneSetting)</Name>
              <FileRef uid="73" />
              <SequencePoints>
                <SequencePoint vc="11" uspid="3824" ordinal="0" offset="0" sl="619" sc="37" el="619" ec="108" bec="0" bev="0" fileid="73" />
              </SequencePoints>
              <BranchPoints />
              <MethodPoint xsi:type="SequencePoint" vc="11" uspid="3824" ordinal="0" offset="0" sl="619" sc="37" el="619" ec="108" bec="0" bev="0" fileid="73" />
            </Method>
          </Methods>
        </Class>
        <Class>
          <Summary numSequencePoints="0" visitedSequencePoints="0" numBranchPoints="0" visitedBranchPoints="0" sequenceCoverage="0" branchCoverage="0" maxCyclomaticComplexity="1" minCyclomaticComplexity="1" visitedClasses="0" numClasses="0" visitedMethods="0" numMethods="0" />
          <FullName>SportsWeb.Services.Services.InstallerSiteService/&lt;&gt;c__DisplayClass18_0</FullName>
          <Methods>
            <Method visited="false" cyclomaticComplexity="1" nPathComplexity="0" sequenceCoverage="0" branchCoverage="0" isConstructor="true" isStatic="false" isGetter="false" isSetter="false">
              <Summary numSequencePoints="0" visitedSequencePoints="0" numBranchPoints="0" visitedBranchPoints="0" sequenceCoverage="0" branchCoverage="0" maxCyclomaticComplexity="1" minCyclomaticComplexity="1" visitedClasses="0" numClasses="0" visitedMethods="0" numMethods="0" />
              <MetadataToken>100666935</MetadataToken>
              <Name>System.Void SportsWeb.Services.Services.InstallerSiteService/&lt;&gt;c__DisplayClass18_0::.ctor()</Name>
              <SequencePoints />
              <BranchPoints />
              <MethodPoint vc="0" uspid="3827" ordinal="0" offset="0" />
            </Method>
          </Methods>
        </Class>
        <Class>
          <Summary numSequencePoints="245" visitedSequencePoints="143" numBranchPoints="51" visitedBranchPoints="31" sequenceCoverage="58.37" branchCoverage="60.78" maxCyclomaticComplexity="8" minCyclomaticComplexity="1" visitedClasses="1" numClasses="1" visitedMethods="10" numMethods="13" />
          <FullName>SportsWeb.Services.Services.InstallerUserService</FullName>
          <Methods>
            <Method visited="true" cyclomaticComplexity="6" nPathComplexity="16" sequenceCoverage="70.21" branchCoverage="55.56" isConstructor="false" isStatic="false" isGetter="false" isSetter="false">
              <Summary numSequencePoints="47" visitedSequencePoints="33" numBranchPoints="9" visitedBranchPoints="5" sequenceCoverage="70.21" branchCoverage="55.56" maxCyclomaticComplexity="6" minCyclomaticComplexity="6" visitedClasses="0" numClasses="0" visitedMethods="1" numMethods="1" />
              <MetadataToken>100663731</MetadataToken>
              <Name>System.Void SportsWeb.Services.Services.InstallerUserService::CreateTabletUser(System.Guid,SportsWeb.Models.UserDto)</Name>
              <FileRef uid="81" />
              <SequencePoints>
                <SequencePoint vc="6" uspid="3828" ordinal="0" offset="20" sl="33" sc="9" el="33" ec="10" bec="0" bev="0" fileid="81" />
                <SequencePoint vc="6" uspid="3829" ordinal="1" offset="21" sl="34" sc="13" el="34" ec="126" bec="0" bev="0" fileid="81" />
                <SequencePoint vc="6" uspid="3830" ordinal="2" offset="53" sl="35" sc="13" el="35" ec="35" bec="0" bev="0" fileid="81" />
                <SequencePoint vc="6" uspid="3831" ordinal="3" offset="66" sl="36" sc="13" el="36" ec="56" bec="0" bev="0" fileid="81" />
                <SequencePoint vc="6" uspid="3832" ordinal="4" offset="82" sl="38" sc="13" el="38" ec="14" bec="0" bev="0" fileid="81" />
                <SequencePoint vc="6" uspid="3833" ordinal="5" offset="83" sl="40" sc="17" el="50" ec="19" bec="0" bev="0" fileid="81" />
                <SequencePoint vc="6" uspid="3834" ordinal="6" offset="189" sl="51" sc="17" el="51" ec="82" bec="0" bev="0" fileid="81" />
                <SequencePoint vc="6" uspid="3835" ordinal="7" offset="205" sl="52" sc="17" el="52" ec="93" bec="0" bev="0" fileid="81" />
                <SequencePoint vc="6" uspid="3836" ordinal="8" offset="222" sl="54" sc="17" el="54" ec="117" bec="0" bev="0" fileid="81" />
                <SequencePoint vc="6" uspid="3837" ordinal="9" offset="251" sl="55" sc="17" el="59" ec="19" bec="0" bev="0" fileid="81" />
                <SequencePoint vc="6" uspid="3838" ordinal="10" offset="278" sl="60" sc="17" el="60" ec="83" bec="0" bev="0" fileid="81" />
                <SequencePoint vc="6" uspid="3839" ordinal="11" offset="301" sl="61" sc="17" el="66" ec="19" bec="0" bev="0" fileid="81" />
                <SequencePoint vc="6" uspid="3840" ordinal="12" offset="339" sl="68" sc="17" el="68" ec="85" bec="0" bev="0" fileid="81" />
                <SequencePoint vc="6" uspid="3841" ordinal="13" offset="355" sl="70" sc="17" el="70" ec="92" bec="0" bev="0" fileid="81" />
                <SequencePoint vc="6" uspid="3842" ordinal="14" offset="371" sl="71" sc="17" el="71" ec="95" bec="0" bev="0" fileid="81" />
                <SequencePoint vc="6" uspid="3843" ordinal="15" offset="386" sl="73" sc="17" el="73" ec="38" bec="2" bev="2" fileid="81" />
                <SequencePoint vc="5" uspid="3844" ordinal="16" offset="397" sl="74" sc="17" el="74" ec="18" bec="0" bev="0" fileid="81" />
                <SequencePoint vc="5" uspid="3845" ordinal="17" offset="398" sl="77" sc="21" el="77" ec="50" bec="2" bev="2" fileid="81" />
                <SequencePoint vc="4" uspid="3846" ordinal="18" offset="415" sl="78" sc="21" el="78" ec="22" bec="0" bev="0" fileid="81" />
                <SequencePoint vc="4" uspid="3847" ordinal="19" offset="416" sl="79" sc="25" el="90" ec="28" bec="0" bev="0" fileid="81" />
                <SequencePoint vc="4" uspid="3848" ordinal="20" offset="524" sl="91" sc="21" el="91" ec="22" bec="0" bev="0" fileid="81" />
                <SequencePoint vc="1" uspid="3849" ordinal="21" offset="527" sl="93" sc="21" el="93" ec="22" bec="0" bev="0" fileid="81" />
                <SequencePoint vc="1" uspid="3850" ordinal="22" offset="528" sl="94" sc="25" el="103" ec="28" bec="0" bev="0" fileid="81" />
                <SequencePoint vc="1" uspid="3851" ordinal="23" offset="613" sl="104" sc="21" el="104" ec="22" bec="0" bev="0" fileid="81" />
                <SequencePoint vc="5" uspid="3852" ordinal="24" offset="614" sl="105" sc="21" el="105" ec="131" bec="0" bev="0" fileid="81" />
                <SequencePoint vc="5" uspid="3853" ordinal="25" offset="630" sl="106" sc="17" el="106" ec="18" bec="0" bev="0" fileid="81" />
                <SequencePoint vc="1" uspid="3854" ordinal="26" offset="633" sl="108" sc="17" el="108" ec="18" bec="0" bev="0" fileid="81" />
                <SequencePoint vc="1" uspid="3855" ordinal="27" offset="634" sl="109" sc="21" el="109" ec="117" bec="0" bev="0" fileid="81" />
                <SequencePoint vc="5" uspid="3856" ordinal="28" offset="661" sl="111" sc="13" el="111" ec="14" bec="0" bev="0" fileid="81" />
                <SequencePoint vc="1" uspid="3857" ordinal="29" offset="667" sl="112" sc="13" el="112" ec="42" bec="0" bev="0" fileid="81" />
                <SequencePoint vc="1" uspid="3858" ordinal="30" offset="668" sl="113" sc="13" el="113" ec="14" bec="0" bev="0" fileid="81" />
                <SequencePoint vc="1" uspid="3859" ordinal="31" offset="669" sl="114" sc="17" el="114" ec="23" bec="0" bev="0" fileid="81" />
                <SequencePoint vc="0" uspid="3860" ordinal="32" offset="671" sl="116" sc="13" el="116" ec="34" bec="0" bev="0" fileid="81" />
                <SequencePoint vc="0" uspid="3861" ordinal="33" offset="673" sl="117" sc="13" el="117" ec="14" bec="0" bev="0" fileid="81" />
                <SequencePoint vc="0" uspid="3862" ordinal="34" offset="674" sl="118" sc="17" el="118" ec="66" bec="2" bev="0" fileid="81" />
                <SequencePoint vc="0" uspid="3863" ordinal="35" offset="705" sl="119" sc="17" el="119" ec="18" bec="0" bev="0" fileid="81" />
                <SequencePoint vc="0" uspid="3864" ordinal="36" offset="706" sl="120" sc="28" el="120" ec="61" bec="0" bev="0" fileid="81" />
                <SequencePoint vc="0" uspid="3865" ordinal="37" offset="714" sl="121" sc="21" el="121" ec="22" bec="0" bev="0" fileid="81" />
                <SequencePoint vc="0" uspid="3866" ordinal="38" offset="715" sl="122" sc="25" el="122" ec="86" bec="0" bev="0" fileid="81" />
                <SequencePoint vc="0" uspid="3867" ordinal="39" offset="724" sl="123" sc="25" el="124" ec="142" bec="0" bev="0" fileid="81" />
                <SequencePoint vc="0" uspid="3868" ordinal="40" offset="983" sl="125" sc="25" el="125" ec="40" bec="2" bev="0" fileid="81" />
                <SequencePoint vc="0" uspid="3869" ordinal="41" offset="994" sl="126" sc="25" el="126" ec="26" bec="0" bev="0" fileid="81" />
                <SequencePoint vc="0" uspid="3870" ordinal="42" offset="995" sl="127" sc="29" el="127" ec="140" bec="0" bev="0" fileid="81" />
                <SequencePoint vc="0" uspid="3871" ordinal="43" offset="1022" sl="129" sc="21" el="129" ec="22" bec="0" bev="0" fileid="81" />
                <SequencePoint vc="0" uspid="3872" ordinal="44" offset="1038" sl="130" sc="17" el="130" ec="18" bec="0" bev="0" fileid="81" />
                <SequencePoint vc="0" uspid="3873" ordinal="45" offset="1039" sl="131" sc="17" el="131" ec="123" bec="0" bev="0" fileid="81" />
                <SequencePoint vc="5" uspid="3874" ordinal="46" offset="1066" sl="135" sc="9" el="135" ec="10" bec="0" bev="0" fileid="81" />
              </SequencePoints>
              <BranchPoints>
                <BranchPoint vc="5" uspid="3875" ordinal="0" offset="392" sl="73" path="0" offsetend="397" fileid="81" />
                <BranchPoint vc="1" uspid="3876" ordinal="1" offset="392" sl="73" path="1" offsetend="633" fileid="81" />
                <BranchPoint vc="4" uspid="3877" ordinal="2" offset="413" sl="77" path="0" offsetend="415" fileid="81" />
                <BranchPoint vc="1" uspid="3878" ordinal="3" offset="413" sl="77" path="1" offsetend="527" fileid="81" />
                <BranchPoint vc="0" uspid="3879" ordinal="4" offset="700" sl="118" path="0" offsetend="705" fileid="81" />
                <BranchPoint vc="0" uspid="3880" ordinal="5" offset="700" sl="118" path="1" offsetend="1039" fileid="81" />
                <BranchPoint vc="0" uspid="3881" ordinal="6" offset="992" sl="125" path="0" offsetend="994" fileid="81" />
                <BranchPoint vc="0" uspid="3882" ordinal="7" offset="992" sl="125" path="1" offsetend="1022" fileid="81" />
              </BranchPoints>
              <MethodPoint vc="6" uspid="3883" ordinal="0" offset="0" />
            </Method>
            <Method visited="false" cyclomaticComplexity="5" nPathComplexity="4" sequenceCoverage="0" branchCoverage="0" isConstructor="false" isStatic="false" isGetter="false" isSetter="false">
              <Summary numSequencePoints="25" visitedSequencePoints="0" numBranchPoints="5" visitedBranchPoints="0" sequenceCoverage="0" branchCoverage="0" maxCyclomaticComplexity="5" minCyclomaticComplexity="5" visitedClasses="0" numClasses="0" visitedMethods="0" numMethods="1" />
              <MetadataToken>100663732</MetadataToken>
              <Name>System.Void SportsWeb.Services.Services.InstallerUserService::DeleteTabletUser(System.Guid)</Name>
              <FileRef uid="81" />
              <SequencePoints>
                <SequencePoint vc="0" uspid="3884" ordinal="0" offset="13" sl="138" sc="9" el="138" ec="10" bec="0" bev="0" fileid="81" />
                <SequencePoint vc="0" uspid="3885" ordinal="1" offset="14" sl="139" sc="13" el="139" ec="116" bec="0" bev="0" fileid="81" />
                <SequencePoint vc="0" uspid="3886" ordinal="2" offset="46" sl="141" sc="13" el="141" ec="14" bec="0" bev="0" fileid="81" />
                <SequencePoint vc="0" uspid="3887" ordinal="3" offset="47" sl="142" sc="24" el="142" ec="57" bec="0" bev="0" fileid="81" />
                <SequencePoint vc="0" uspid="3888" ordinal="4" offset="54" sl="143" sc="17" el="143" ec="18" bec="0" bev="0" fileid="81" />
                <SequencePoint vc="0" uspid="3889" ordinal="5" offset="55" sl="144" sc="21" el="144" ec="82" bec="0" bev="0" fileid="81" />
                <SequencePoint vc="0" uspid="3890" ordinal="6" offset="62" sl="145" sc="21" el="146" ec="87" bec="0" bev="0" fileid="81" />
                <SequencePoint vc="0" uspid="3891" ordinal="7" offset="186" sl="147" sc="21" el="147" ec="38" bec="2" bev="0" fileid="81" />
                <SequencePoint vc="0" uspid="3892" ordinal="8" offset="196" sl="148" sc="21" el="148" ec="22" bec="0" bev="0" fileid="81" />
                <SequencePoint vc="0" uspid="3893" ordinal="9" offset="197" sl="149" sc="25" el="149" ec="113" bec="0" bev="0" fileid="81" />
                <SequencePoint vc="0" uspid="3894" ordinal="10" offset="224" sl="152" sc="21" el="152" ec="105" bec="2" bev="0" fileid="81" />
                <SequencePoint vc="0" uspid="3895" ordinal="11" offset="272" sl="153" sc="21" el="153" ec="22" bec="0" bev="0" fileid="81" />
                <SequencePoint vc="0" uspid="3896" ordinal="12" offset="273" sl="154" sc="25" el="155" ec="38" bec="0" bev="0" fileid="81" />
                <SequencePoint vc="0" uspid="3897" ordinal="13" offset="300" sl="157" sc="17" el="157" ec="18" bec="0" bev="0" fileid="81" />
                <SequencePoint vc="0" uspid="3898" ordinal="14" offset="314" sl="159" sc="17" el="162" ec="20" bec="0" bev="0" fileid="81" />
                <SequencePoint vc="0" uspid="3899" ordinal="15" offset="339" sl="163" sc="17" el="164" ec="121" bec="0" bev="0" fileid="81" />
                <SequencePoint vc="0" uspid="3900" ordinal="16" offset="355" sl="165" sc="13" el="165" ec="14" bec="0" bev="0" fileid="81" />
                <SequencePoint vc="0" uspid="3901" ordinal="17" offset="358" sl="166" sc="13" el="166" ec="43" bec="0" bev="0" fileid="81" />
                <SequencePoint vc="0" uspid="3902" ordinal="18" offset="359" sl="167" sc="13" el="167" ec="14" bec="0" bev="0" fileid="81" />
                <SequencePoint vc="0" uspid="3903" ordinal="19" offset="360" sl="168" sc="17" el="168" ec="23" bec="0" bev="0" fileid="81" />
                <SequencePoint vc="0" uspid="3904" ordinal="20" offset="362" sl="170" sc="13" el="170" ec="34" bec="0" bev="0" fileid="81" />
                <SequencePoint vc="0" uspid="3905" ordinal="21" offset="364" sl="171" sc="13" el="171" ec="14" bec="0" bev="0" fileid="81" />
                <SequencePoint vc="0" uspid="3906" ordinal="22" offset="365" sl="172" sc="17" el="172" ec="107" bec="0" bev="0" fileid="81" />
                <SequencePoint vc="0" uspid="3907" ordinal="23" offset="383" sl="173" sc="17" el="173" ec="92" bec="0" bev="0" fileid="81" />
                <SequencePoint vc="0" uspid="3908" ordinal="24" offset="394" sl="176" sc="9" el="176" ec="10" bec="0" bev="0" fileid="81" />
              </SequencePoints>
              <BranchPoints>
                <BranchPoint vc="0" uspid="3909" ordinal="0" offset="194" sl="147" path="0" offsetend="196" fileid="81" />
                <BranchPoint vc="0" uspid="3910" ordinal="1" offset="194" sl="147" path="1" offsetend="224" fileid="81" />
                <BranchPoint vc="0" uspid="3913" ordinal="4" offset="270" sl="152" path="0" offsetend="272" fileid="81" />
                <BranchPoint vc="0" uspid="3914" ordinal="5" offset="270" sl="152" path="1" offsetend="300" fileid="81" />
              </BranchPoints>
              <MethodPoint vc="0" uspid="3915" ordinal="0" offset="0" />
            </Method>
            <Method visited="true" cyclomaticComplexity="2" nPathComplexity="2" sequenceCoverage="77.78" branchCoverage="100" isConstructor="false" isStatic="false" isGetter="false" isSetter="false">
              <Summary numSequencePoints="18" visitedSequencePoints="14" numBranchPoints="3" visitedBranchPoints="3" sequenceCoverage="77.78" branchCoverage="100" maxCyclomaticComplexity="2" minCyclomaticComplexity="2" visitedClasses="0" numClasses="0" visitedMethods="1" numMethods="1" />
              <MetadataToken>100663733</MetadataToken>
              <Name>System.Void SportsWeb.Services.Services.InstallerUserService::EditTabletUser(SportsWeb.Models.UserDto)</Name>
              <FileRef uid="81" />
              <SequencePoints>
                <SequencePoint vc="3" uspid="3916" ordinal="0" offset="0" sl="179" sc="9" el="179" ec="10" bec="0" bev="0" fileid="81" />
                <SequencePoint vc="3" uspid="3917" ordinal="1" offset="1" sl="180" sc="13" el="180" ec="116" bec="0" bev="0" fileid="81" />
                <SequencePoint vc="2" uspid="3918" ordinal="2" offset="33" sl="181" sc="13" el="181" ec="35" bec="0" bev="0" fileid="81" />
                <SequencePoint vc="2" uspid="3919" ordinal="3" offset="41" sl="183" sc="13" el="183" ec="14" bec="0" bev="0" fileid="81" />
                <SequencePoint vc="2" uspid="3920" ordinal="4" offset="42" sl="184" sc="17" el="184" ec="46" bec="2" bev="2" fileid="81" />
                <SequencePoint vc="1" uspid="3921" ordinal="5" offset="52" sl="185" sc="17" el="185" ec="18" bec="0" bev="0" fileid="81" />
                <SequencePoint vc="1" uspid="3922" ordinal="6" offset="53" sl="186" sc="21" el="192" ec="24" bec="0" bev="0" fileid="81" />
                <SequencePoint vc="1" uspid="3923" ordinal="7" offset="122" sl="193" sc="17" el="193" ec="18" bec="0" bev="0" fileid="81" />
                <SequencePoint vc="1" uspid="3924" ordinal="8" offset="125" sl="195" sc="17" el="195" ec="18" bec="0" bev="0" fileid="81" />
                <SequencePoint vc="1" uspid="3925" ordinal="9" offset="126" sl="196" sc="21" el="202" ec="24" bec="0" bev="0" fileid="81" />
                <SequencePoint vc="1" uspid="3926" ordinal="10" offset="177" sl="203" sc="17" el="203" ec="18" bec="0" bev="0" fileid="81" />
                <SequencePoint vc="2" uspid="3927" ordinal="11" offset="178" sl="204" sc="17" el="204" ec="125" bec="0" bev="0" fileid="81" />
                <SequencePoint vc="2" uspid="3928" ordinal="12" offset="194" sl="205" sc="13" el="205" ec="14" bec="0" bev="0" fileid="81" />
                <SequencePoint vc="0" uspid="3929" ordinal="13" offset="197" sl="206" sc="13" el="206" ec="34" bec="0" bev="0" fileid="81" />
                <SequencePoint vc="0" uspid="3930" ordinal="14" offset="198" sl="207" sc="13" el="207" ec="14" bec="0" bev="0" fileid="81" />
                <SequencePoint vc="0" uspid="3931" ordinal="15" offset="199" sl="208" sc="17" el="208" ec="105" bec="0" bev="0" fileid="81" />
                <SequencePoint vc="0" uspid="3932" ordinal="16" offset="216" sl="209" sc="17" el="209" ec="23" bec="0" bev="0" fileid="81" />
                <SequencePoint vc="2" uspid="3933" ordinal="17" offset="218" sl="212" sc="9" el="212" ec="10" bec="0" bev="0" fileid="81" />
              </SequencePoints>
              <BranchPoints>
                <BranchPoint vc="1" uspid="3934" ordinal="0" offset="50" sl="184" path="0" offsetend="52" fileid="81" />
                <BranchPoint vc="1" uspid="3935" ordinal="1" offset="50" sl="184" path="1" offsetend="125" fileid="81" />
              </BranchPoints>
              <MethodPoint xsi:type="SequencePoint" vc="3" uspid="3916" ordinal="0" offset="0" sl="179" sc="9" el="179" ec="10" bec="0" bev="0" fileid="81" />
            </Method>
            <Method visited="true" cyclomaticComplexity="4" nPathComplexity="2" sequenceCoverage="100" branchCoverage="100" isConstructor="false" isStatic="false" isGetter="false" isSetter="false">
              <Summary numSequencePoints="17" visitedSequencePoints="17" numBranchPoints="3" visitedBranchPoints="3" sequenceCoverage="100" branchCoverage="100" maxCyclomaticComplexity="4" minCyclomaticComplexity="4" visitedClasses="0" numClasses="0" visitedMethods="1" numMethods="1" />
              <MetadataToken>100663734</MetadataToken>
              <Name>SportsWeb.Models.UserDto SportsWeb.Services.Services.InstallerUserService::GetUserById(System.Guid)</Name>
              <FileRef uid="81" />
              <SequencePoints>
                <SequencePoint vc="2" uspid="3936" ordinal="0" offset="0" sl="215" sc="9" el="215" ec="10" bec="0" bev="0" fileid="81" />
                <SequencePoint vc="2" uspid="3937" ordinal="1" offset="1" sl="216" sc="13" el="216" ec="119" bec="0" bev="0" fileid="81" />
                <SequencePoint vc="2" uspid="3938" ordinal="2" offset="28" sl="218" sc="13" el="218" ec="14" bec="0" bev="0" fileid="81" />
                <SequencePoint vc="2" uspid="3939" ordinal="3" offset="29" sl="219" sc="24" el="219" ec="57" bec="0" bev="0" fileid="81" />
                <SequencePoint vc="2" uspid="3940" ordinal="4" offset="36" sl="220" sc="17" el="220" ec="18" bec="0" bev="0" fileid="81" />
                <SequencePoint vc="2" uspid="3941" ordinal="5" offset="37" sl="221" sc="21" el="221" ec="82" bec="0" bev="0" fileid="81" />
                <SequencePoint vc="2" uspid="3942" ordinal="6" offset="44" sl="222" sc="21" el="222" ec="60" bec="0" bev="0" fileid="81" />
                <SequencePoint vc="2" uspid="3943" ordinal="7" offset="52" sl="224" sc="21" el="224" ec="38" bec="2" bev="2" fileid="81" />
                <SequencePoint vc="1" uspid="3944" ordinal="8" offset="62" sl="225" sc="25" el="225" ec="113" bec="0" bev="0" fileid="81" />
                <SequencePoint vc="1" uspid="3945" ordinal="9" offset="84" sl="227" sc="21" el="233" ec="23" bec="0" bev="0" fileid="81" />
                <SequencePoint vc="1" uspid="3946" ordinal="10" offset="183" sl="235" sc="21" el="235" ec="93" bec="0" bev="0" fileid="81" />
                <SequencePoint vc="1" uspid="3947" ordinal="11" offset="199" sl="236" sc="21" el="236" ec="36" bec="0" bev="0" fileid="81" />
                <SequencePoint vc="1" uspid="3948" ordinal="12" offset="215" sl="239" sc="13" el="239" ec="34" bec="0" bev="0" fileid="81" />
                <SequencePoint vc="1" uspid="3949" ordinal="13" offset="217" sl="240" sc="13" el="240" ec="14" bec="0" bev="0" fileid="81" />
                <SequencePoint vc="1" uspid="3950" ordinal="14" offset="218" sl="241" sc="17" el="241" ec="102" bec="0" bev="0" fileid="81" />
                <SequencePoint vc="1" uspid="3951" ordinal="15" offset="236" sl="242" sc="17" el="242" ec="23" bec="0" bev="0" fileid="81" />
                <SequencePoint vc="1" uspid="3952" ordinal="16" offset="238" sl="245" sc="9" el="245" ec="10" bec="0" bev="0" fileid="81" />
              </SequencePoints>
              <BranchPoints>
                <BranchPoint vc="1" uspid="3953" ordinal="0" offset="60" sl="224" path="0" offsetend="62" fileid="81" />
                <BranchPoint vc="1" uspid="3954" ordinal="1" offset="60" sl="224" path="1" offsetend="84" fileid="81" />
              </BranchPoints>
              <MethodPoint xsi:type="SequencePoint" vc="2" uspid="3936" ordinal="0" offset="0" sl="215" sc="9" el="215" ec="10" bec="0" bev="0" fileid="81" />
            </Method>
            <Method visited="true" cyclomaticComplexity="3" nPathComplexity="2" sequenceCoverage="100" branchCoverage="100" isConstructor="false" isStatic="false" isGetter="false" isSetter="false">
              <Summary numSequencePoints="17" visitedSequencePoints="17" numBranchPoints="3" visitedBranchPoints="3" sequenceCoverage="100" branchCoverage="100" maxCyclomaticComplexity="3" minCyclomaticComplexity="3" visitedClasses="0" numClasses="0" visitedMethods="1" numMethods="1" />
              <MetadataToken>100663735</MetadataToken>
              <Name>SportsWeb.Models.UserDto SportsWeb.Services.Services.InstallerUserService::GetUserByName(System.String,System.Guid)</Name>
              <FileRef uid="81" />
              <SequencePoints>
                <SequencePoint vc="2" uspid="3957" ordinal="0" offset="20" sl="248" sc="9" el="248" ec="10" bec="0" bev="0" fileid="81" />
                <SequencePoint vc="2" uspid="3958" ordinal="1" offset="21" sl="249" sc="13" el="249" ec="123" bec="0" bev="0" fileid="81" />
                <SequencePoint vc="2" uspid="3959" ordinal="2" offset="48" sl="251" sc="13" el="251" ec="14" bec="0" bev="0" fileid="81" />
                <SequencePoint vc="2" uspid="3960" ordinal="3" offset="49" sl="252" sc="24" el="252" ec="57" bec="0" bev="0" fileid="81" />
                <SequencePoint vc="2" uspid="3961" ordinal="4" offset="56" sl="253" sc="17" el="253" ec="18" bec="0" bev="0" fileid="81" />
                <SequencePoint vc="2" uspid="3962" ordinal="5" offset="57" sl="254" sc="21" el="254" ec="82" bec="0" bev="0" fileid="81" />
                <SequencePoint vc="2" uspid="3963" ordinal="6" offset="64" sl="255" sc="21" el="256" ec="134" bec="0" bev="0" fileid="81" />
                <SequencePoint vc="2" uspid="3964" ordinal="7" offset="301" sl="258" sc="21" el="258" ec="38" bec="2" bev="2" fileid="81" />
                <SequencePoint vc="1" uspid="3965" ordinal="8" offset="311" sl="259" sc="21" el="259" ec="22" bec="0" bev="0" fileid="81" />
                <SequencePoint vc="1" uspid="3966" ordinal="9" offset="312" sl="260" sc="25" el="260" ec="123" bec="0" bev="0" fileid="81" />
                <SequencePoint vc="1" uspid="3967" ordinal="10" offset="334" sl="263" sc="21" el="263" ec="95" bec="0" bev="0" fileid="81" />
                <SequencePoint vc="1" uspid="3968" ordinal="11" offset="350" sl="265" sc="21" el="265" ec="42" bec="0" bev="0" fileid="81" />
                <SequencePoint vc="1" uspid="3969" ordinal="12" offset="371" sl="268" sc="13" el="268" ec="34" bec="0" bev="0" fileid="81" />
                <SequencePoint vc="1" uspid="3970" ordinal="13" offset="373" sl="269" sc="13" el="269" ec="14" bec="0" bev="0" fileid="81" />
                <SequencePoint vc="1" uspid="3971" ordinal="14" offset="374" sl="270" sc="17" el="270" ec="102" bec="0" bev="0" fileid="81" />
                <SequencePoint vc="1" uspid="3972" ordinal="15" offset="392" sl="271" sc="17" el="271" ec="23" bec="0" bev="0" fileid="81" />
                <SequencePoint vc="1" uspid="3973" ordinal="16" offset="394" sl="273" sc="9" el="273" ec="10" bec="0" bev="0" fileid="81" />
              </SequencePoints>
              <BranchPoints>
                <BranchPoint vc="1" uspid="3974" ordinal="0" offset="309" sl="258" path="0" offsetend="311" fileid="81" />
                <BranchPoint vc="1" uspid="3975" ordinal="1" offset="309" sl="258" path="1" offsetend="334" fileid="81" />
              </BranchPoints>
              <MethodPoint vc="2" uspid="3976" ordinal="0" offset="0" />
            </Method>
            <Method visited="true" cyclomaticComplexity="8" nPathComplexity="16" sequenceCoverage="100" branchCoverage="100" isConstructor="false" isStatic="false" isGetter="false" isSetter="false">
              <Summary numSequencePoints="14" visitedSequencePoints="14" numBranchPoints="9" visitedBranchPoints="9" sequenceCoverage="100" branchCoverage="100" maxCyclomaticComplexity="8" minCyclomaticComplexity="8" visitedClasses="0" numClasses="0" visitedMethods="1" numMethods="1" />
              <MetadataToken>100663736</MetadataToken>
              <Name>System.Void SportsWeb.Services.Services.InstallerUserService::ValidateUser(SportsWeb.Models.UserDto)</Name>
              <FileRef uid="81" />
              <SequencePoints>
                <SequencePoint vc="15" uspid="3977" ordinal="0" offset="0" sl="276" sc="9" el="276" ec="10" bec="0" bev="0" fileid="81" />
                <SequencePoint vc="15" uspid="3978" ordinal="1" offset="1" sl="277" sc="13" el="277" ec="81" bec="0" bev="0" fileid="81" />
                <SequencePoint vc="15" uspid="3979" ordinal="2" offset="17" sl="278" sc="13" el="278" ec="33" bec="2" bev="2" fileid="81" />
                <SequencePoint vc="1" uspid="3980" ordinal="3" offset="25" sl="278" sc="34" el="278" ec="102" bec="0" bev="0" fileid="81" />
                <SequencePoint vc="14" uspid="3981" ordinal="4" offset="36" sl="279" sc="13" el="279" ec="57" bec="2" bev="2" fileid="81" />
                <SequencePoint vc="3" uspid="3982" ordinal="5" offset="51" sl="280" sc="13" el="280" ec="14" bec="0" bev="0" fileid="81" />
                <SequencePoint vc="3" uspid="3983" ordinal="6" offset="52" sl="281" sc="17" el="281" ec="81" bec="0" bev="0" fileid="81" />
                <SequencePoint vc="11" uspid="3984" ordinal="7" offset="63" sl="283" sc="13" el="283" ec="45" bec="2" bev="2" fileid="81" />
                <SequencePoint vc="1" uspid="3985" ordinal="8" offset="82" sl="284" sc="13" el="284" ec="14" bec="0" bev="0" fileid="81" />
                <SequencePoint vc="1" uspid="3986" ordinal="9" offset="83" sl="285" sc="17" el="285" ec="82" bec="0" bev="0" fileid="81" />
                <SequencePoint vc="10" uspid="3987" ordinal="10" offset="94" sl="288" sc="13" el="288" ec="99" bec="2" bev="2" fileid="81" />
                <SequencePoint vc="1" uspid="3988" ordinal="11" offset="134" sl="289" sc="13" el="289" ec="14" bec="0" bev="0" fileid="81" />
                <SequencePoint vc="1" uspid="3989" ordinal="12" offset="135" sl="290" sc="17" el="290" ec="95" bec="0" bev="0" fileid="81" />
                <SequencePoint vc="9" uspid="3990" ordinal="13" offset="146" sl="293" sc="9" el="293" ec="10" bec="0" bev="0" fileid="81" />
              </SequencePoints>
              <BranchPoints>
                <BranchPoint vc="1" uspid="3991" ordinal="0" offset="23" sl="278" path="0" offsetend="25" fileid="81" />
                <BranchPoint vc="14" uspid="3992" ordinal="1" offset="23" sl="278" path="1" offsetend="36" fileid="81" />
                <BranchPoint vc="3" uspid="3993" ordinal="2" offset="49" sl="279" path="0" offsetend="51" fileid="81" />
                <BranchPoint vc="11" uspid="3994" ordinal="3" offset="49" sl="279" path="1" offsetend="63" fileid="81" />
                <BranchPoint vc="1" uspid="3995" ordinal="4" offset="80" sl="283" path="0" offsetend="82" fileid="81" />
                <BranchPoint vc="10" uspid="3996" ordinal="5" offset="80" sl="283" path="1" offsetend="94" fileid="81" />
                <BranchPoint vc="1" uspid="4001" ordinal="10" offset="132" sl="288" path="0" offsetend="134" fileid="81" />
                <BranchPoint vc="9" uspid="4002" ordinal="11" offset="132" sl="288" path="1" offsetend="146" fileid="81" />
              </BranchPoints>
              <MethodPoint xsi:type="SequencePoint" vc="15" uspid="3977" ordinal="0" offset="0" sl="276" sc="9" el="276" ec="10" bec="0" bev="0" fileid="81" />
            </Method>
            <Method visited="true" cyclomaticComplexity="4" nPathComplexity="2" sequenceCoverage="100" branchCoverage="66.67" isConstructor="false" isStatic="false" isGetter="false" isSetter="false">
              <Summary numSequencePoints="22" visitedSequencePoints="22" numBranchPoints="3" visitedBranchPoints="2" sequenceCoverage="100" branchCoverage="66.67" maxCyclomaticComplexity="4" minCyclomaticComplexity="4" visitedClasses="0" numClasses="0" visitedMethods="1" numMethods="1" />
              <MetadataToken>100663737</MetadataToken>
              <Name>System.String SportsWeb.Services.Services.InstallerUserService::UserSiteAssigned(System.String)</Name>
              <FileRef uid="81" />
              <SequencePoints>
                <SequencePoint vc="1" uspid="4003" ordinal="0" offset="13" sl="296" sc="9" el="296" ec="10" bec="0" bev="0" fileid="81" />
                <SequencePoint vc="1" uspid="4004" ordinal="1" offset="14" sl="297" sc="13" el="297" ec="85" bec="0" bev="0" fileid="81" />
                <SequencePoint vc="1" uspid="4005" ordinal="2" offset="30" sl="299" sc="13" el="299" ec="65" bec="0" bev="0" fileid="81" />
                <SequencePoint vc="1" uspid="4006" ordinal="3" offset="36" sl="301" sc="20" el="301" ec="53" bec="0" bev="0" fileid="81" />
                <SequencePoint vc="1" uspid="4007" ordinal="4" offset="43" sl="302" sc="13" el="302" ec="14" bec="0" bev="0" fileid="81" />
                <SequencePoint vc="1" uspid="4008" ordinal="5" offset="44" sl="303" sc="17" el="303" ec="78" bec="0" bev="0" fileid="81" />
                <SequencePoint vc="1" uspid="4009" ordinal="6" offset="51" sl="304" sc="17" el="304" ec="125" bec="0" bev="0" fileid="81" />
                <SequencePoint vc="1" uspid="4010" ordinal="7" offset="215" sl="305" sc="17" el="305" ec="51" bec="2" bev="1" fileid="81" />
                <SequencePoint vc="1" uspid="4011" ordinal="8" offset="231" sl="306" sc="17" el="306" ec="18" bec="0" bev="0" fileid="81" />
                <SequencePoint vc="1" uspid="4012" ordinal="9" offset="232" sl="307" sc="21" el="307" ec="82" bec="0" bev="0" fileid="81" />
                <SequencePoint vc="1" uspid="4013" ordinal="10" offset="240" sl="316" sc="21" el="316" ec="88" bec="0" bev="0" fileid="81" />
                <SequencePoint vc="1" uspid="4014" ordinal="11" offset="256" sl="321" sc="21" el="321" ec="28" bec="0" bev="0" fileid="81" />
                <SequencePoint vc="1" uspid="4015" ordinal="12" offset="257" sl="321" sc="57" el="321" ec="76" bec="0" bev="0" fileid="81" />
                <SequencePoint vc="1" uspid="4016" ordinal="13" offset="268" sl="321" sc="30" el="321" ec="53" bec="0" bev="0" fileid="81" />
                <SequencePoint vc="1" uspid="4017" ordinal="14" offset="277" sl="322" sc="21" el="322" ec="22" bec="0" bev="0" fileid="81" />
                <SequencePoint vc="1" uspid="4018" ordinal="15" offset="278" sl="323" sc="25" el="323" ec="120" bec="0" bev="0" fileid="81" />
                <SequencePoint vc="1" uspid="4019" ordinal="16" offset="314" sl="324" sc="21" el="324" ec="22" bec="0" bev="0" fileid="81" />
                <SequencePoint vc="2" uspid="4020" ordinal="17" offset="315" sl="321" sc="54" el="321" ec="56" bec="0" bev="0" fileid="81" />
                <SequencePoint vc="1" uspid="4021" ordinal="18" offset="341" sl="325" sc="17" el="325" ec="18" bec="0" bev="0" fileid="81" />
                <SequencePoint vc="1" uspid="4022" ordinal="19" offset="342" sl="326" sc="13" el="326" ec="14" bec="0" bev="0" fileid="81" />
                <SequencePoint vc="1" uspid="4023" ordinal="20" offset="356" sl="327" sc="13" el="327" ec="72" bec="0" bev="0" fileid="81" />
                <SequencePoint vc="1" uspid="4024" ordinal="21" offset="382" sl="328" sc="9" el="328" ec="10" bec="0" bev="0" fileid="81" />
              </SequencePoints>
              <BranchPoints>
                <BranchPoint vc="1" uspid="4025" ordinal="0" offset="229" sl="305" path="0" offsetend="231" fileid="81" />
                <BranchPoint vc="0" uspid="4026" ordinal="1" offset="229" sl="305" path="1" offsetend="342" fileid="81" />
              </BranchPoints>
              <MethodPoint vc="1" uspid="4029" ordinal="0" offset="0" />
            </Method>
            <Method visited="true" cyclomaticComplexity="2" nPathComplexity="0" sequenceCoverage="100" branchCoverage="100" isConstructor="false" isStatic="false" isGetter="false" isSetter="false">
              <Summary numSequencePoints="12" visitedSequencePoints="12" numBranchPoints="1" visitedBranchPoints="1" sequenceCoverage="100" branchCoverage="100" maxCyclomaticComplexity="2" minCyclomaticComplexity="2" visitedClasses="0" numClasses="0" visitedMethods="1" numMethods="1" />
              <MetadataToken>100663738</MetadataToken>
              <Name>System.Int32 SportsWeb.Services.Services.InstallerUserService::CountUserPerSite(System.Guid)</Name>
              <FileRef uid="81" />
              <SequencePoints>
                <SequencePoint vc="2" uspid="4030" ordinal="0" offset="13" sl="331" sc="9" el="331" ec="10" bec="0" bev="0" fileid="81" />
                <SequencePoint vc="2" uspid="4031" ordinal="1" offset="14" sl="333" sc="13" el="333" ec="14" bec="0" bev="0" fileid="81" />
                <SequencePoint vc="2" uspid="4032" ordinal="2" offset="15" sl="334" sc="24" el="334" ec="57" bec="0" bev="0" fileid="81" />
                <SequencePoint vc="2" uspid="4033" ordinal="3" offset="22" sl="335" sc="17" el="335" ec="18" bec="0" bev="0" fileid="81" />
                <SequencePoint vc="2" uspid="4034" ordinal="4" offset="23" sl="336" sc="21" el="336" ec="82" bec="0" bev="0" fileid="81" />
                <SequencePoint vc="2" uspid="4035" ordinal="5" offset="30" sl="337" sc="21" el="337" ec="114" bec="0" bev="0" fileid="81" />
                <SequencePoint vc="1" uspid="4036" ordinal="6" offset="159" sl="338" sc="21" el="338" ec="54" bec="0" bev="0" fileid="81" />
                <SequencePoint vc="1" uspid="4037" ordinal="7" offset="180" sl="342" sc="13" el="342" ec="33" bec="0" bev="0" fileid="81" />
                <SequencePoint vc="1" uspid="4038" ordinal="8" offset="182" sl="343" sc="13" el="343" ec="14" bec="0" bev="0" fileid="81" />
                <SequencePoint vc="1" uspid="4039" ordinal="9" offset="183" sl="344" sc="17" el="344" ec="106" bec="0" bev="0" fileid="81" />
                <SequencePoint vc="1" uspid="4040" ordinal="10" offset="201" sl="345" sc="17" el="345" ec="23" bec="0" bev="0" fileid="81" />
                <SequencePoint vc="1" uspid="4041" ordinal="11" offset="203" sl="347" sc="9" el="347" ec="10" bec="0" bev="0" fileid="81" />
              </SequencePoints>
              <BranchPoints />
              <MethodPoint vc="2" uspid="4042" ordinal="0" offset="0" />
            </Method>
            <Method visited="true" cyclomaticComplexity="2" nPathComplexity="2" sequenceCoverage="100" branchCoverage="100" isConstructor="false" isStatic="false" isGetter="false" isSetter="false">
              <Summary numSequencePoints="11" visitedSequencePoints="11" numBranchPoints="3" visitedBranchPoints="3" sequenceCoverage="100" branchCoverage="100" maxCyclomaticComplexity="2" minCyclomaticComplexity="2" visitedClasses="0" numClasses="0" visitedMethods="1" numMethods="1" />
              <MetadataToken>100663739</MetadataToken>
              <Name>System.Boolean SportsWeb.Services.Services.InstallerUserService::IsValidEmail(System.String)</Name>
              <FileRef uid="81" />
              <SequencePoints>
                <SequencePoint vc="13" uspid="4043" ordinal="0" offset="0" sl="350" sc="9" el="350" ec="10" bec="0" bev="0" fileid="81" />
                <SequencePoint vc="13" uspid="4044" ordinal="1" offset="1" sl="351" sc="13" el="351" ec="81" bec="0" bev="0" fileid="81" />
                <SequencePoint vc="13" uspid="4045" ordinal="2" offset="17" sl="352" sc="13" el="352" ec="54" bec="0" bev="0" fileid="81" />
                <SequencePoint vc="13" uspid="4046" ordinal="3" offset="23" sl="353" sc="13" el="353" ec="46" bec="0" bev="0" fileid="81" />
                <SequencePoint vc="13" uspid="4047" ordinal="4" offset="30" sl="354" sc="13" el="354" ec="36" bec="2" bev="2" fileid="81" />
                <SequencePoint vc="2" uspid="4048" ordinal="5" offset="44" sl="355" sc="13" el="355" ec="14" bec="0" bev="0" fileid="81" />
                <SequencePoint vc="2" uspid="4049" ordinal="6" offset="45" sl="356" sc="17" el="356" ec="112" bec="0" bev="0" fileid="81" />
                <SequencePoint vc="2" uspid="4050" ordinal="7" offset="61" sl="357" sc="17" el="357" ec="30" bec="0" bev="0" fileid="81" />
                <SequencePoint vc="11" uspid="4051" ordinal="8" offset="65" sl="359" sc="13" el="359" ec="110" bec="0" bev="0" fileid="81" />
                <SequencePoint vc="11" uspid="4052" ordinal="9" offset="81" sl="360" sc="13" el="360" ec="25" bec="0" bev="0" fileid="81" />
                <SequencePoint vc="13" uspid="4053" ordinal="10" offset="85" sl="361" sc="9" el="361" ec="10" bec="0" bev="0" fileid="81" />
              </SequencePoints>
              <BranchPoints>
                <BranchPoint vc="2" uspid="4054" ordinal="0" offset="42" sl="354" path="0" offsetend="44" fileid="81" />
                <BranchPoint vc="11" uspid="4055" ordinal="1" offset="42" sl="354" path="1" offsetend="65" fileid="81" />
              </BranchPoints>
              <MethodPoint xsi:type="SequencePoint" vc="13" uspid="4043" ordinal="0" offset="0" sl="350" sc="9" el="350" ec="10" bec="0" bev="0" fileid="81" />
            </Method>
            <Method visited="false" cyclomaticComplexity="2" nPathComplexity="0" sequenceCoverage="0" branchCoverage="0" isConstructor="false" isStatic="false" isGetter="false" isSetter="false">
              <Summary numSequencePoints="12" visitedSequencePoints="0" numBranchPoints="1" visitedBranchPoints="0" sequenceCoverage="0" branchCoverage="0" maxCyclomaticComplexity="2" minCyclomaticComplexity="2" visitedClasses="0" numClasses="0" visitedMethods="0" numMethods="1" />
              <MetadataToken>100663740</MetadataToken>
              <Name>System.Collections.Generic.IList`1&lt;SportsWeb.Models.SearchResultModel&gt; SportsWeb.Services.Services.InstallerUserService::SearchUser(System.String)</Name>
              <FileRef uid="81" />
              <SequencePoints>
                <SequencePoint vc="0" uspid="4056" ordinal="0" offset="13" sl="364" sc="9" el="364" ec="10" bec="0" bev="0" fileid="81" />
                <SequencePoint vc="0" uspid="4057" ordinal="1" offset="14" sl="365" sc="13" el="365" ec="104" bec="0" bev="0" fileid="81" />
                <SequencePoint vc="0" uspid="4058" ordinal="2" offset="41" sl="367" sc="13" el="367" ec="14" bec="0" bev="0" fileid="81" />
                <SequencePoint vc="0" uspid="4059" ordinal="3" offset="42" sl="368" sc="24" el="368" ec="57" bec="0" bev="0" fileid="81" />
                <SequencePoint vc="0" uspid="4060" ordinal="4" offset="49" sl="369" sc="17" el="369" ec="18" bec="0" bev="0" fileid="81" />
                <SequencePoint vc="0" uspid="4061" ordinal="5" offset="50" sl="371" sc="21" el="388" ec="72" bec="0" bev="0" fileid="81" />
                <SequencePoint vc="0" uspid="4062" ordinal="6" offset="2198" sl="390" sc="21" el="390" ec="37" bec="0" bev="0" fileid="81" />
                <SequencePoint vc="0" uspid="4063" ordinal="7" offset="2214" sl="393" sc="13" el="393" ec="34" bec="0" bev="0" fileid="81" />
                <SequencePoint vc="0" uspid="4064" ordinal="8" offset="2216" sl="394" sc="13" el="394" ec="14" bec="0" bev="0" fileid="81" />
                <SequencePoint vc="0" uspid="4065" ordinal="9" offset="2217" sl="395" sc="17" el="395" ec="101" bec="0" bev="0" fileid="81" />
                <SequencePoint vc="0" uspid="4066" ordinal="10" offset="2235" sl="396" sc="17" el="396" ec="23" bec="0" bev="0" fileid="81" />
                <SequencePoint vc="0" uspid="4067" ordinal="11" offset="2237" sl="398" sc="9" el="398" ec="10" bec="0" bev="0" fileid="81" />
              </SequencePoints>
              <BranchPoints />
              <MethodPoint vc="0" uspid="4068" ordinal="0" offset="0" />
            </Method>
            <Method visited="false" cyclomaticComplexity="6" nPathComplexity="16" sequenceCoverage="0" branchCoverage="0" isConstructor="false" isStatic="false" isGetter="false" isSetter="false">
              <Summary numSequencePoints="47" visitedSequencePoints="0" numBranchPoints="9" visitedBranchPoints="0" sequenceCoverage="0" branchCoverage="0" maxCyclomaticComplexity="6" minCyclomaticComplexity="6" visitedClasses="0" numClasses="0" visitedMethods="0" numMethods="1" />
              <MetadataToken>100663741</MetadataToken>
              <Name>System.Void SportsWeb.Services.Services.InstallerUserService::CreateOpenApiUser(System.Guid,SportsWeb.Models.UserDto)</Name>
              <FileRef uid="81" />
              <SequencePoints>
                <SequencePoint vc="0" uspid="4069" ordinal="0" offset="20" sl="401" sc="9" el="401" ec="10" bec="0" bev="0" fileid="81" />
                <SequencePoint vc="0" uspid="4070" ordinal="1" offset="21" sl="402" sc="13" el="402" ec="127" bec="0" bev="0" fileid="81" />
                <SequencePoint vc="0" uspid="4071" ordinal="2" offset="53" sl="403" sc="13" el="403" ec="35" bec="0" bev="0" fileid="81" />
                <SequencePoint vc="0" uspid="4072" ordinal="3" offset="66" sl="404" sc="13" el="404" ec="56" bec="0" bev="0" fileid="81" />
                <SequencePoint vc="0" uspid="4073" ordinal="4" offset="82" sl="406" sc="13" el="406" ec="14" bec="0" bev="0" fileid="81" />
                <SequencePoint vc="0" uspid="4074" ordinal="5" offset="83" sl="408" sc="17" el="418" ec="19" bec="0" bev="0" fileid="81" />
                <SequencePoint vc="0" uspid="4075" ordinal="6" offset="189" sl="419" sc="17" el="419" ec="82" bec="0" bev="0" fileid="81" />
                <SequencePoint vc="0" uspid="4076" ordinal="7" offset="205" sl="420" sc="17" el="420" ec="94" bec="0" bev="0" fileid="81" />
                <SequencePoint vc="0" uspid="4077" ordinal="8" offset="222" sl="422" sc="17" el="422" ec="117" bec="0" bev="0" fileid="81" />
                <SequencePoint vc="0" uspid="4078" ordinal="9" offset="251" sl="423" sc="17" el="427" ec="19" bec="0" bev="0" fileid="81" />
                <SequencePoint vc="0" uspid="4079" ordinal="10" offset="278" sl="428" sc="17" el="428" ec="83" bec="0" bev="0" fileid="81" />
                <SequencePoint vc="0" uspid="4080" ordinal="11" offset="301" sl="429" sc="17" el="434" ec="19" bec="0" bev="0" fileid="81" />
                <SequencePoint vc="0" uspid="4081" ordinal="12" offset="339" sl="436" sc="17" el="436" ec="85" bec="0" bev="0" fileid="81" />
                <SequencePoint vc="0" uspid="4082" ordinal="13" offset="355" sl="438" sc="17" el="438" ec="92" bec="0" bev="0" fileid="81" />
                <SequencePoint vc="0" uspid="4083" ordinal="14" offset="371" sl="439" sc="17" el="439" ec="95" bec="0" bev="0" fileid="81" />
                <SequencePoint vc="0" uspid="4084" ordinal="15" offset="386" sl="441" sc="17" el="441" ec="38" bec="2" bev="0" fileid="81" />
                <SequencePoint vc="0" uspid="4085" ordinal="16" offset="397" sl="442" sc="17" el="442" ec="18" bec="0" bev="0" fileid="81" />
                <SequencePoint vc="0" uspid="4086" ordinal="17" offset="398" sl="445" sc="21" el="445" ec="50" bec="2" bev="0" fileid="81" />
                <SequencePoint vc="0" uspid="4087" ordinal="18" offset="415" sl="446" sc="21" el="446" ec="22" bec="0" bev="0" fileid="81" />
                <SequencePoint vc="0" uspid="4088" ordinal="19" offset="416" sl="447" sc="25" el="458" ec="28" bec="0" bev="0" fileid="81" />
                <SequencePoint vc="0" uspid="4089" ordinal="20" offset="524" sl="459" sc="21" el="459" ec="22" bec="0" bev="0" fileid="81" />
                <SequencePoint vc="0" uspid="4090" ordinal="21" offset="527" sl="461" sc="21" el="461" ec="22" bec="0" bev="0" fileid="81" />
                <SequencePoint vc="0" uspid="4091" ordinal="22" offset="528" sl="462" sc="25" el="471" ec="28" bec="0" bev="0" fileid="81" />
                <SequencePoint vc="0" uspid="4092" ordinal="23" offset="613" sl="472" sc="21" el="472" ec="22" bec="0" bev="0" fileid="81" />
                <SequencePoint vc="0" uspid="4093" ordinal="24" offset="614" sl="473" sc="21" el="473" ec="131" bec="0" bev="0" fileid="81" />
                <SequencePoint vc="0" uspid="4094" ordinal="25" offset="630" sl="474" sc="17" el="474" ec="18" bec="0" bev="0" fileid="81" />
                <SequencePoint vc="0" uspid="4095" ordinal="26" offset="633" sl="476" sc="17" el="476" ec="18" bec="0" bev="0" fileid="81" />
                <SequencePoint vc="0" uspid="4096" ordinal="27" offset="634" sl="477" sc="21" el="477" ec="117" bec="0" bev="0" fileid="81" />
                <SequencePoint vc="0" uspid="4097" ordinal="28" offset="661" sl="479" sc="13" el="479" ec="14" bec="0" bev="0" fileid="81" />
                <SequencePoint vc="0" uspid="4098" ordinal="29" offset="667" sl="480" sc="13" el="480" ec="42" bec="0" bev="0" fileid="81" />
                <SequencePoint vc="0" uspid="4099" ordinal="30" offset="668" sl="481" sc="13" el="481" ec="14" bec="0" bev="0" fileid="81" />
                <SequencePoint vc="0" uspid="4100" ordinal="31" offset="669" sl="482" sc="17" el="482" ec="23" bec="0" bev="0" fileid="81" />
                <SequencePoint vc="0" uspid="4101" ordinal="32" offset="671" sl="484" sc="13" el="484" ec="34" bec="0" bev="0" fileid="81" />
                <SequencePoint vc="0" uspid="4102" ordinal="33" offset="673" sl="485" sc="13" el="485" ec="14" bec="0" bev="0" fileid="81" />
                <SequencePoint vc="0" uspid="4103" ordinal="34" offset="674" sl="486" sc="17" el="486" ec="66" bec="2" bev="0" fileid="81" />
                <SequencePoint vc="0" uspid="4104" ordinal="35" offset="705" sl="487" sc="17" el="487" ec="18" bec="0" bev="0" fileid="81" />
                <SequencePoint vc="0" uspid="4105" ordinal="36" offset="706" sl="488" sc="28" el="488" ec="61" bec="0" bev="0" fileid="81" />
                <SequencePoint vc="0" uspid="4106" ordinal="37" offset="714" sl="489" sc="21" el="489" ec="22" bec="0" bev="0" fileid="81" />
                <SequencePoint vc="0" uspid="4107" ordinal="38" offset="715" sl="490" sc="25" el="490" ec="86" bec="0" bev="0" fileid="81" />
                <SequencePoint vc="0" uspid="4108" ordinal="39" offset="724" sl="491" sc="25" el="492" ec="142" bec="0" bev="0" fileid="81" />
                <SequencePoint vc="0" uspid="4109" ordinal="40" offset="983" sl="493" sc="25" el="493" ec="42" bec="2" bev="0" fileid="81" />
                <SequencePoint vc="0" uspid="4110" ordinal="41" offset="994" sl="494" sc="25" el="494" ec="26" bec="0" bev="0" fileid="81" />
                <SequencePoint vc="0" uspid="4111" ordinal="42" offset="995" sl="495" sc="29" el="495" ec="140" bec="0" bev="0" fileid="81" />
                <SequencePoint vc="0" uspid="4112" ordinal="43" offset="1022" sl="497" sc="21" el="497" ec="22" bec="0" bev="0" fileid="81" />
                <SequencePoint vc="0" uspid="4113" ordinal="44" offset="1038" sl="498" sc="17" el="498" ec="18" bec="0" bev="0" fileid="81" />
                <SequencePoint vc="0" uspid="4114" ordinal="45" offset="1039" sl="499" sc="17" el="499" ec="123" bec="0" bev="0" fileid="81" />
                <SequencePoint vc="0" uspid="4115" ordinal="46" offset="1066" sl="503" sc="9" el="503" ec="10" bec="0" bev="0" fileid="81" />
              </SequencePoints>
              <BranchPoints>
                <BranchPoint vc="0" uspid="4116" ordinal="0" offset="392" sl="441" path="0" offsetend="397" fileid="81" />
                <BranchPoint vc="0" uspid="4117" ordinal="1" offset="392" sl="441" path="1" offsetend="633" fileid="81" />
                <BranchPoint vc="0" uspid="4118" ordinal="2" offset="413" sl="445" path="0" offsetend="415" fileid="81" />
                <BranchPoint vc="0" uspid="4119" ordinal="3" offset="413" sl="445" path="1" offsetend="527" fileid="81" />
                <BranchPoint vc="0" uspid="4120" ordinal="4" offset="700" sl="486" path="0" offsetend="705" fileid="81" />
                <BranchPoint vc="0" uspid="4121" ordinal="5" offset="700" sl="486" path="1" offsetend="1039" fileid="81" />
                <BranchPoint vc="0" uspid="4122" ordinal="6" offset="992" sl="493" path="0" offsetend="994" fileid="81" />
                <BranchPoint vc="0" uspid="4123" ordinal="7" offset="992" sl="493" path="1" offsetend="1022" fileid="81" />
              </BranchPoints>
              <MethodPoint vc="0" uspid="4124" ordinal="0" offset="0" />
            </Method>
            <Method visited="true" cyclomaticComplexity="1" nPathComplexity="0" sequenceCoverage="100" branchCoverage="100" isConstructor="true" isStatic="false" isGetter="false" isSetter="false">
              <Summary numSequencePoints="2" visitedSequencePoints="2" numBranchPoints="1" visitedBranchPoints="1" sequenceCoverage="100" branchCoverage="100" maxCyclomaticComplexity="1" minCyclomaticComplexity="1" visitedClasses="0" numClasses="0" visitedMethods="1" numMethods="1" />
              <MetadataToken>100663742</MetadataToken>
              <Name>System.Void SportsWeb.Services.Services.InstallerUserService::.ctor()</Name>
              <FileRef uid="81" />
              <SequencePoints>
                <SequencePoint vc="19" uspid="4125" ordinal="0" offset="0" sl="28" sc="9" el="28" ec="127" bec="0" bev="0" fileid="81" />
                <SequencePoint vc="19" uspid="4126" ordinal="1" offset="21" sl="29" sc="9" el="29" ec="101" bec="0" bev="0" fileid="81" />
              </SequencePoints>
              <BranchPoints />
              <MethodPoint xsi:type="SequencePoint" vc="19" uspid="4125" ordinal="0" offset="0" sl="28" sc="9" el="28" ec="127" bec="0" bev="0" fileid="81" />
            </Method>
            <Method visited="true" cyclomaticComplexity="1" nPathComplexity="0" sequenceCoverage="100" branchCoverage="100" isConstructor="true" isStatic="true" isGetter="false" isSetter="false">
              <Summary numSequencePoints="1" visitedSequencePoints="1" numBranchPoints="1" visitedBranchPoints="1" sequenceCoverage="100" branchCoverage="100" maxCyclomaticComplexity="1" minCyclomaticComplexity="1" visitedClasses="0" numClasses="0" visitedMethods="1" numMethods="1" />
              <MetadataToken>100663743</MetadataToken>
              <Name>System.Void SportsWeb.Services.Services.InstallerUserService::.cctor()</Name>
              <FileRef uid="81" />
              <SequencePoints>
                <SequencePoint vc="1" uspid="4127" ordinal="0" offset="0" sl="30" sc="9" el="30" ec="98" bec="0" bev="0" fileid="81" />
              </SequencePoints>
              <BranchPoints />
              <MethodPoint xsi:type="SequencePoint" vc="1" uspid="4127" ordinal="0" offset="0" sl="30" sc="9" el="30" ec="98" bec="0" bev="0" fileid="81" />
            </Method>
          </Methods>
        </Class>
        <Class>
          <Summary numSequencePoints="0" visitedSequencePoints="0" numBranchPoints="0" visitedBranchPoints="0" sequenceCoverage="0" branchCoverage="0" maxCyclomaticComplexity="1" minCyclomaticComplexity="1" visitedClasses="0" numClasses="0" visitedMethods="0" numMethods="0" />
          <FullName>SportsWeb.Services.Services.InstallerUserService/&lt;&gt;c__DisplayClass3_0</FullName>
          <Methods>
            <Method visited="true" cyclomaticComplexity="1" nPathComplexity="0" sequenceCoverage="0" branchCoverage="0" isConstructor="true" isStatic="false" isGetter="false" isSetter="false">
              <Summary numSequencePoints="0" visitedSequencePoints="0" numBranchPoints="0" visitedBranchPoints="0" sequenceCoverage="0" branchCoverage="0" maxCyclomaticComplexity="1" minCyclomaticComplexity="1" visitedClasses="0" numClasses="0" visitedMethods="0" numMethods="0" />
              <MetadataToken>100666936</MetadataToken>
              <Name>System.Void SportsWeb.Services.Services.InstallerUserService/&lt;&gt;c__DisplayClass3_0::.ctor()</Name>
              <SequencePoints />
              <BranchPoints />
              <MethodPoint vc="6" uspid="4128" ordinal="0" offset="0" />
            </Method>
          </Methods>
        </Class>
        <Class>
          <Summary numSequencePoints="0" visitedSequencePoints="0" numBranchPoints="0" visitedBranchPoints="0" sequenceCoverage="0" branchCoverage="0" maxCyclomaticComplexity="1" minCyclomaticComplexity="1" visitedClasses="0" numClasses="0" visitedMethods="0" numMethods="0" />
          <FullName>SportsWeb.Services.Services.InstallerUserService/&lt;&gt;c__DisplayClass4_0</FullName>
          <Methods>
            <Method visited="false" cyclomaticComplexity="1" nPathComplexity="0" sequenceCoverage="0" branchCoverage="0" isConstructor="true" isStatic="false" isGetter="false" isSetter="false">
              <Summary numSequencePoints="0" visitedSequencePoints="0" numBranchPoints="0" visitedBranchPoints="0" sequenceCoverage="0" branchCoverage="0" maxCyclomaticComplexity="1" minCyclomaticComplexity="1" visitedClasses="0" numClasses="0" visitedMethods="0" numMethods="0" />
              <MetadataToken>100666937</MetadataToken>
              <Name>System.Void SportsWeb.Services.Services.InstallerUserService/&lt;&gt;c__DisplayClass4_0::.ctor()</Name>
              <SequencePoints />
              <BranchPoints />
              <MethodPoint vc="0" uspid="4129" ordinal="0" offset="0" />
            </Method>
          </Methods>
        </Class>
        <Class>
          <Summary numSequencePoints="2" visitedSequencePoints="1" numBranchPoints="2" visitedBranchPoints="1" sequenceCoverage="50" branchCoverage="50" maxCyclomaticComplexity="1" minCyclomaticComplexity="1" visitedClasses="1" numClasses="1" visitedMethods="1" numMethods="2" />
          <FullName>SportsWeb.Services.Services.InstallerUserService/&lt;&gt;c</FullName>
          <Methods>
            <Method visited="true" cyclomaticComplexity="1" nPathComplexity="0" sequenceCoverage="0" branchCoverage="0" isConstructor="true" isStatic="true" isGetter="false" isSetter="false">
              <Summary numSequencePoints="0" visitedSequencePoints="0" numBranchPoints="0" visitedBranchPoints="0" sequenceCoverage="0" branchCoverage="0" maxCyclomaticComplexity="1" minCyclomaticComplexity="1" visitedClasses="0" numClasses="0" visitedMethods="0" numMethods="0" />
              <MetadataToken>100666938</MetadataToken>
              <Name>System.Void SportsWeb.Services.Services.InstallerUserService/&lt;&gt;c::.cctor()</Name>
              <SequencePoints />
              <BranchPoints />
              <MethodPoint vc="1" uspid="4130" ordinal="0" offset="0" />
            </Method>
            <Method visited="true" cyclomaticComplexity="1" nPathComplexity="0" sequenceCoverage="0" branchCoverage="0" isConstructor="true" isStatic="false" isGetter="false" isSetter="false">
              <Summary numSequencePoints="0" visitedSequencePoints="0" numBranchPoints="0" visitedBranchPoints="0" sequenceCoverage="0" branchCoverage="0" maxCyclomaticComplexity="1" minCyclomaticComplexity="1" visitedClasses="0" numClasses="0" visitedMethods="0" numMethods="0" />
              <MetadataToken>100666939</MetadataToken>
              <Name>System.Void SportsWeb.Services.Services.InstallerUserService/&lt;&gt;c::.ctor()</Name>
              <SequencePoints />
              <BranchPoints />
              <MethodPoint vc="1" uspid="4131" ordinal="0" offset="0" />
            </Method>
            <Method visited="false" cyclomaticComplexity="1" nPathComplexity="0" sequenceCoverage="0" branchCoverage="0" isConstructor="false" isStatic="false" isGetter="false" isSetter="false">
              <Summary numSequencePoints="1" visitedSequencePoints="0" numBranchPoints="1" visitedBranchPoints="0" sequenceCoverage="0" branchCoverage="0" maxCyclomaticComplexity="1" minCyclomaticComplexity="1" visitedClasses="0" numClasses="0" visitedMethods="0" numMethods="1" />
              <MetadataToken>100666940</MetadataToken>
              <Name>System.Boolean SportsWeb.Services.Services.InstallerUserService/&lt;&gt;c::&lt;DeleteTabletUser&gt;b__4_1(SportsWeb.Entities.ScenePermissions)</Name>
              <FileRef uid="81" />
              <SequencePoints>
                <SequencePoint vc="0" uspid="4132" ordinal="0" offset="0" sl="152" sc="50" el="152" ec="103" bec="0" bev="0" fileid="81" />
              </SequencePoints>
              <BranchPoints />
              <MethodPoint xsi:type="SequencePoint" vc="0" uspid="4132" ordinal="0" offset="0" sl="152" sc="50" el="152" ec="103" bec="0" bev="0" fileid="81" />
            </Method>
            <Method visited="true" cyclomaticComplexity="1" nPathComplexity="0" sequenceCoverage="100" branchCoverage="100" isConstructor="false" isStatic="false" isGetter="false" isSetter="false">
              <Summary numSequencePoints="1" visitedSequencePoints="1" numBranchPoints="1" visitedBranchPoints="1" sequenceCoverage="100" branchCoverage="100" maxCyclomaticComplexity="1" minCyclomaticComplexity="1" visitedClasses="0" numClasses="0" visitedMethods="1" numMethods="1" />
              <MetadataToken>100666941</MetadataToken>
              <Name>SportsWeb.Entities.ScenePermissions SportsWeb.Services.Services.InstallerUserService/&lt;&gt;c::&lt;GetUserById&gt;b__6_0(SportsWeb.Entities.ScenePermissions)</Name>
              <FileRef uid="81" />
              <SequencePoints>
                <SequencePoint vc="1" uspid="4133" ordinal="0" offset="0" sl="232" sc="58" el="232" ec="109" bec="0" bev="0" fileid="81" />
              </SequencePoints>
              <BranchPoints />
              <MethodPoint xsi:type="SequencePoint" vc="1" uspid="4133" ordinal="0" offset="0" sl="232" sc="58" el="232" ec="109" bec="0" bev="0" fileid="81" />
            </Method>
          </Methods>
        </Class>
        <Class>
          <Summary numSequencePoints="0" visitedSequencePoints="0" numBranchPoints="0" visitedBranchPoints="0" sequenceCoverage="0" branchCoverage="0" maxCyclomaticComplexity="1" minCyclomaticComplexity="1" visitedClasses="0" numClasses="0" visitedMethods="0" numMethods="0" />
          <FullName>SportsWeb.Services.Services.InstallerUserService/&lt;&gt;c__DisplayClass7_0</FullName>
          <Methods>
            <Method visited="true" cyclomaticComplexity="1" nPathComplexity="0" sequenceCoverage="0" branchCoverage="0" isConstructor="true" isStatic="false" isGetter="false" isSetter="false">
              <Summary numSequencePoints="0" visitedSequencePoints="0" numBranchPoints="0" visitedBranchPoints="0" sequenceCoverage="0" branchCoverage="0" maxCyclomaticComplexity="1" minCyclomaticComplexity="1" visitedClasses="0" numClasses="0" visitedMethods="0" numMethods="0" />
              <MetadataToken>100666942</MetadataToken>
              <Name>System.Void SportsWeb.Services.Services.InstallerUserService/&lt;&gt;c__DisplayClass7_0::.ctor()</Name>
              <SequencePoints />
              <BranchPoints />
              <MethodPoint vc="2" uspid="4134" ordinal="0" offset="0" />
            </Method>
          </Methods>
        </Class>
        <Class>
          <Summary numSequencePoints="0" visitedSequencePoints="0" numBranchPoints="0" visitedBranchPoints="0" sequenceCoverage="0" branchCoverage="0" maxCyclomaticComplexity="1" minCyclomaticComplexity="1" visitedClasses="0" numClasses="0" visitedMethods="0" numMethods="0" />
          <FullName>SportsWeb.Services.Services.InstallerUserService/&lt;&gt;c__DisplayClass9_0</FullName>
          <Methods>
            <Method visited="true" cyclomaticComplexity="1" nPathComplexity="0" sequenceCoverage="0" branchCoverage="0" isConstructor="true" isStatic="false" isGetter="false" isSetter="false">
              <Summary numSequencePoints="0" visitedSequencePoints="0" numBranchPoints="0" visitedBranchPoints="0" sequenceCoverage="0" branchCoverage="0" maxCyclomaticComplexity="1" minCyclomaticComplexity="1" visitedClasses="0" numClasses="0" visitedMethods="0" numMethods="0" />
              <MetadataToken>100666943</MetadataToken>
              <Name>System.Void SportsWeb.Services.Services.InstallerUserService/&lt;&gt;c__DisplayClass9_0::.ctor()</Name>
              <SequencePoints />
              <BranchPoints />
              <MethodPoint vc="1" uspid="4135" ordinal="0" offset="0" />
            </Method>
          </Methods>
        </Class>
        <Class>
          <Summary numSequencePoints="0" visitedSequencePoints="0" numBranchPoints="0" visitedBranchPoints="0" sequenceCoverage="0" branchCoverage="0" maxCyclomaticComplexity="1" minCyclomaticComplexity="1" visitedClasses="0" numClasses="0" visitedMethods="0" numMethods="0" />
          <FullName>SportsWeb.Services.Services.InstallerUserService/&lt;&gt;c__DisplayClass10_0</FullName>
          <Methods>
            <Method visited="true" cyclomaticComplexity="1" nPathComplexity="0" sequenceCoverage="0" branchCoverage="0" isConstructor="true" isStatic="false" isGetter="false" isSetter="false">
              <Summary numSequencePoints="0" visitedSequencePoints="0" numBranchPoints="0" visitedBranchPoints="0" sequenceCoverage="0" branchCoverage="0" maxCyclomaticComplexity="1" minCyclomaticComplexity="1" visitedClasses="0" numClasses="0" visitedMethods="0" numMethods="0" />
              <MetadataToken>100666944</MetadataToken>
              <Name>System.Void SportsWeb.Services.Services.InstallerUserService/&lt;&gt;c__DisplayClass10_0::.ctor()</Name>
              <SequencePoints />
              <BranchPoints />
              <MethodPoint vc="2" uspid="4136" ordinal="0" offset="0" />
            </Method>
          </Methods>
        </Class>
        <Class>
          <Summary numSequencePoints="0" visitedSequencePoints="0" numBranchPoints="0" visitedBranchPoints="0" sequenceCoverage="0" branchCoverage="0" maxCyclomaticComplexity="1" minCyclomaticComplexity="1" visitedClasses="0" numClasses="0" visitedMethods="0" numMethods="0" />
          <FullName>SportsWeb.Services.Services.InstallerUserService/&lt;&gt;c__DisplayClass12_0</FullName>
          <Methods>
            <Method visited="false" cyclomaticComplexity="1" nPathComplexity="0" sequenceCoverage="0" branchCoverage="0" isConstructor="true" isStatic="false" isGetter="false" isSetter="false">
              <Summary numSequencePoints="0" visitedSequencePoints="0" numBranchPoints="0" visitedBranchPoints="0" sequenceCoverage="0" branchCoverage="0" maxCyclomaticComplexity="1" minCyclomaticComplexity="1" visitedClasses="0" numClasses="0" visitedMethods="0" numMethods="0" />
              <MetadataToken>100666945</MetadataToken>
              <Name>System.Void SportsWeb.Services.Services.InstallerUserService/&lt;&gt;c__DisplayClass12_0::.ctor()</Name>
              <SequencePoints />
              <BranchPoints />
              <MethodPoint vc="0" uspid="4137" ordinal="0" offset="0" />
            </Method>
          </Methods>
        </Class>
        <Class>
          <Summary numSequencePoints="0" visitedSequencePoints="0" numBranchPoints="0" visitedBranchPoints="0" sequenceCoverage="0" branchCoverage="0" maxCyclomaticComplexity="1" minCyclomaticComplexity="1" visitedClasses="0" numClasses="0" visitedMethods="0" numMethods="0" />
          <FullName>SportsWeb.Services.Services.InstallerUserService/&lt;&gt;c__DisplayClass13_0</FullName>
          <Methods>
            <Method visited="false" cyclomaticComplexity="1" nPathComplexity="0" sequenceCoverage="0" branchCoverage="0" isConstructor="true" isStatic="false" isGetter="false" isSetter="false">
              <Summary numSequencePoints="0" visitedSequencePoints="0" numBranchPoints="0" visitedBranchPoints="0" sequenceCoverage="0" branchCoverage="0" maxCyclomaticComplexity="1" minCyclomaticComplexity="1" visitedClasses="0" numClasses="0" visitedMethods="0" numMethods="0" />
              <MetadataToken>100666946</MetadataToken>
              <Name>System.Void SportsWeb.Services.Services.InstallerUserService/&lt;&gt;c__DisplayClass13_0::.ctor()</Name>
              <SequencePoints />
              <BranchPoints />
              <MethodPoint vc="0" uspid="4138" ordinal="0" offset="0" />
            </Method>
          </Methods>
        </Class>
        <Class>
          <Summary numSequencePoints="15" visitedSequencePoints="11" numBranchPoints="4" visitedBranchPoints="3" sequenceCoverage="73.33" branchCoverage="75" maxCyclomaticComplexity="1" minCyclomaticComplexity="1" visitedClasses="1" numClasses="1" visitedMethods="3" numMethods="4" />
          <FullName>SportsWeb.Services.Services.ServiceBase</FullName>
          <Methods>
            <Method visited="true" cyclomaticComplexity="1" nPathComplexity="0" sequenceCoverage="100" branchCoverage="100" isConstructor="false" isStatic="false" isGetter="false" isSetter="false">
              <Summary numSequencePoints="3" visitedSequencePoints="3" numBranchPoints="1" visitedBranchPoints="1" sequenceCoverage="100" branchCoverage="100" maxCyclomaticComplexity="1" minCyclomaticComplexity="1" visitedClasses="0" numClasses="0" visitedMethods="1" numMethods="1" />
              <MetadataToken>100663744</MetadataToken>
              <Name>SportsWeb.Services.Repository.IUnitOfWork SportsWeb.Services.Services.ServiceBase::OpenRepository()</Name>
              <FileRef uid="83" />
              <SequencePoints>
                <SequencePoint vc="976" uspid="4139" ordinal="0" offset="0" sl="14" sc="9" el="14" ec="10" bec="0" bev="0" fileid="83" />
                <SequencePoint vc="976" uspid="4140" ordinal="1" offset="1" sl="15" sc="13" el="15" ec="59" bec="0" bev="0" fileid="83" />
                <SequencePoint vc="976" uspid="4141" ordinal="2" offset="14" sl="16" sc="9" el="16" ec="10" bec="0" bev="0" fileid="83" />
              </SequencePoints>
              <BranchPoints />
              <MethodPoint xsi:type="SequencePoint" vc="976" uspid="4139" ordinal="0" offset="0" sl="14" sc="9" el="14" ec="10" bec="0" bev="0" fileid="83" />
            </Method>
            <Method visited="true" cyclomaticComplexity="1" nPathComplexity="0" sequenceCoverage="100" branchCoverage="100" isConstructor="false" isStatic="false" isGetter="false" isSetter="false">
              <Summary numSequencePoints="4" visitedSequencePoints="4" numBranchPoints="1" visitedBranchPoints="1" sequenceCoverage="100" branchCoverage="100" maxCyclomaticComplexity="1" minCyclomaticComplexity="1" visitedClasses="0" numClasses="0" visitedMethods="1" numMethods="1" />
              <MetadataToken>100663745</MetadataToken>
              <Name>System.Void SportsWeb.Services.Services.ServiceBase::Dispatch(TCommand)</Name>
              <FileRef uid="83" />
              <SequencePoints>
                <SequencePoint vc="77" uspid="4142" ordinal="0" offset="0" sl="34" sc="9" el="34" ec="10" bec="0" bev="0" fileid="83" />
                <SequencePoint vc="77" uspid="4143" ordinal="1" offset="1" sl="35" sc="13" el="35" ec="69" bec="0" bev="0" fileid="83" />
                <SequencePoint vc="77" uspid="4144" ordinal="2" offset="12" sl="36" sc="13" el="36" ec="52" bec="0" bev="0" fileid="83" />
                <SequencePoint vc="77" uspid="4145" ordinal="3" offset="20" sl="38" sc="9" el="38" ec="10" bec="0" bev="0" fileid="83" />
              </SequencePoints>
              <BranchPoints />
              <MethodPoint xsi:type="SequencePoint" vc="77" uspid="4142" ordinal="0" offset="0" sl="34" sc="9" el="34" ec="10" bec="0" bev="0" fileid="83" />
            </Method>
            <Method visited="true" cyclomaticComplexity="1" nPathComplexity="0" sequenceCoverage="100" branchCoverage="100" isConstructor="false" isStatic="false" isGetter="false" isSetter="false">
              <Summary numSequencePoints="4" visitedSequencePoints="4" numBranchPoints="1" visitedBranchPoints="1" sequenceCoverage="100" branchCoverage="100" maxCyclomaticComplexity="1" minCyclomaticComplexity="1" visitedClasses="0" numClasses="0" visitedMethods="1" numMethods="1" />
              <MetadataToken>100663746</MetadataToken>
              <Name>System.Void SportsWeb.Services.Services.ServiceBase::Dispatch(System.Collections.Generic.IList`1&lt;TCommand&gt;)</Name>
              <FileRef uid="83" />
              <SequencePoints>
                <SequencePoint vc="38" uspid="4146" ordinal="0" offset="0" sl="41" sc="9" el="41" ec="10" bec="0" bev="0" fileid="83" />
                <SequencePoint vc="38" uspid="4147" ordinal="1" offset="1" sl="42" sc="13" el="42" ec="69" bec="0" bev="0" fileid="83" />
                <SequencePoint vc="38" uspid="4148" ordinal="2" offset="12" sl="43" sc="13" el="43" ec="53" bec="0" bev="0" fileid="83" />
                <SequencePoint vc="38" uspid="4149" ordinal="3" offset="20" sl="44" sc="9" el="44" ec="10" bec="0" bev="0" fileid="83" />
              </SequencePoints>
              <BranchPoints />
              <MethodPoint xsi:type="SequencePoint" vc="38" uspid="4146" ordinal="0" offset="0" sl="41" sc="9" el="41" ec="10" bec="0" bev="0" fileid="83" />
            </Method>
            <Method visited="false" cyclomaticComplexity="1" nPathComplexity="0" sequenceCoverage="0" branchCoverage="0" isConstructor="false" isStatic="false" isGetter="false" isSetter="false">
              <Summary numSequencePoints="4" visitedSequencePoints="0" numBranchPoints="1" visitedBranchPoints="0" sequenceCoverage="0" branchCoverage="0" maxCyclomaticComplexity="1" minCyclomaticComplexity="1" visitedClasses="0" numClasses="0" visitedMethods="0" numMethods="1" />
              <MetadataToken>100663747</MetadataToken>
              <Name>SportsWeb.Services.Cabinate.AmpLightService.Interfaces.UserInfo SportsWeb.Services.Services.ServiceBase::GetUserInfo()</Name>
              <FileRef uid="83" />
              <SequencePoints>
                <SequencePoint vc="0" uspid="4150" ordinal="0" offset="0" sl="52" sc="9" el="52" ec="10" bec="0" bev="0" fileid="83" />
                <SequencePoint vc="0" uspid="4151" ordinal="1" offset="1" sl="53" sc="13" el="53" ec="96" bec="0" bev="0" fileid="83" />
                <SequencePoint vc="0" uspid="4152" ordinal="2" offset="17" sl="54" sc="13" el="58" ec="15" bec="0" bev="0" fileid="83" />
                <SequencePoint vc="0" uspid="4153" ordinal="3" offset="51" sl="59" sc="9" el="59" ec="10" bec="0" bev="0" fileid="83" />
              </SequencePoints>
              <BranchPoints />
              <MethodPoint xsi:type="SequencePoint" vc="0" uspid="4150" ordinal="0" offset="0" sl="52" sc="9" el="52" ec="10" bec="0" bev="0" fileid="83" />
            </Method>
            <Method visited="true" cyclomaticComplexity="1" nPathComplexity="0" sequenceCoverage="0" branchCoverage="0" isConstructor="true" isStatic="false" isGetter="false" isSetter="false">
              <Summary numSequencePoints="0" visitedSequencePoints="0" numBranchPoints="0" visitedBranchPoints="0" sequenceCoverage="0" branchCoverage="0" maxCyclomaticComplexity="1" minCyclomaticComplexity="1" visitedClasses="0" numClasses="0" visitedMethods="0" numMethods="0" />
              <MetadataToken>100663748</MetadataToken>
              <Name>System.Void SportsWeb.Services.Services.ServiceBase::.ctor()</Name>
              <SequencePoints />
              <BranchPoints />
              <MethodPoint vc="813" uspid="4154" ordinal="0" offset="0" />
            </Method>
          </Methods>
        </Class>
        <Class>
          <Summary numSequencePoints="167" visitedSequencePoints="137" numBranchPoints="41" visitedBranchPoints="33" sequenceCoverage="82.04" branchCoverage="80.49" maxCyclomaticComplexity="12" minCyclomaticComplexity="1" visitedClasses="1" numClasses="1" visitedMethods="10" numMethods="11" />
          <FullName>SportsWeb.Services.Services.SiteServiceAmp</FullName>
          <Methods>
            <Method visited="true" cyclomaticComplexity="1" nPathComplexity="0" sequenceCoverage="100" branchCoverage="100" isConstructor="true" isStatic="false" isGetter="false" isSetter="false">
              <Summary numSequencePoints="4" visitedSequencePoints="4" numBranchPoints="1" visitedBranchPoints="1" sequenceCoverage="100" branchCoverage="100" maxCyclomaticComplexity="1" minCyclomaticComplexity="1" visitedClasses="0" numClasses="0" visitedMethods="1" numMethods="1" />
              <MetadataToken>100663749</MetadataToken>
              <Name>System.Void SportsWeb.Services.Services.SiteServiceAmp::.ctor()</Name>
              <FileRef uid="84" />
              <SequencePoints>
                <SequencePoint vc="18" uspid="4155" ordinal="0" offset="0" sl="23" sc="9" el="23" ec="32" bec="0" bev="0" fileid="84" />
                <SequencePoint vc="18" uspid="4156" ordinal="1" offset="7" sl="24" sc="9" el="24" ec="10" bec="0" bev="0" fileid="84" />
                <SequencePoint vc="18" uspid="4157" ordinal="2" offset="8" sl="25" sc="13" el="25" ec="68" bec="0" bev="0" fileid="84" />
                <SequencePoint vc="18" uspid="4158" ordinal="3" offset="29" sl="26" sc="9" el="26" ec="10" bec="0" bev="0" fileid="84" />
              </SequencePoints>
              <BranchPoints />
              <MethodPoint xsi:type="SequencePoint" vc="18" uspid="4155" ordinal="0" offset="0" sl="23" sc="9" el="23" ec="32" bec="0" bev="0" fileid="84" />
            </Method>
            <Method visited="true" cyclomaticComplexity="4" nPathComplexity="4" sequenceCoverage="76.47" branchCoverage="100" isConstructor="false" isStatic="false" isGetter="false" isSetter="false">
              <Summary numSequencePoints="17" visitedSequencePoints="13" numBranchPoints="5" visitedBranchPoints="5" sequenceCoverage="76.47" branchCoverage="100" maxCyclomaticComplexity="4" minCyclomaticComplexity="4" visitedClasses="0" numClasses="0" visitedMethods="1" numMethods="1" />
              <MetadataToken>100663750</MetadataToken>
              <Name>SportsWeb.Services.Services.Interfaces.SitesResponse SportsWeb.Services.Services.SiteServiceAmp::GetSites(System.String)</Name>
              <FileRef uid="84" />
              <SequencePoints>
                <SequencePoint vc="5" uspid="4159" ordinal="0" offset="13" sl="29" sc="9" el="29" ec="10" bec="0" bev="0" fileid="84" />
                <SequencePoint vc="5" uspid="4160" ordinal="1" offset="14" sl="30" sc="13" el="30" ec="48" bec="2" bev="2" fileid="84" />
                <SequencePoint vc="2" uspid="4161" ordinal="2" offset="29" sl="31" sc="17" el="31" ec="67" bec="0" bev="0" fileid="84" />
                <SequencePoint vc="3" uspid="4162" ordinal="3" offset="41" sl="34" sc="13" el="34" ec="14" bec="0" bev="0" fileid="84" />
                <SequencePoint vc="3" uspid="4163" ordinal="4" offset="42" sl="35" sc="24" el="35" ec="51" bec="0" bev="0" fileid="84" />
                <SequencePoint vc="3" uspid="4164" ordinal="5" offset="55" sl="36" sc="17" el="36" ec="18" bec="0" bev="0" fileid="84" />
                <SequencePoint vc="3" uspid="4165" ordinal="6" offset="56" sl="37" sc="21" el="37" ec="75" bec="0" bev="0" fileid="84" />
                <SequencePoint vc="3" uspid="4166" ordinal="7" offset="64" sl="39" sc="21" el="40" ec="58" bec="0" bev="0" fileid="84" />
                <SequencePoint vc="3" uspid="4167" ordinal="8" offset="298" sl="42" sc="21" el="42" ec="44" bec="2" bev="2" fileid="84" />
                <SequencePoint vc="1" uspid="4168" ordinal="9" offset="318" sl="42" sc="45" el="42" ec="72" bec="0" bev="0" fileid="84" />
                <SequencePoint vc="2" uspid="4169" ordinal="10" offset="330" sl="44" sc="21" el="44" ec="75" bec="0" bev="0" fileid="84" />
                <SequencePoint vc="2" uspid="4170" ordinal="11" offset="338" sl="46" sc="21" el="54" ec="23" bec="0" bev="0" fileid="84" />
                <SequencePoint vc="0" uspid="4171" ordinal="12" offset="768" sl="57" sc="13" el="57" ec="33" bec="0" bev="0" fileid="84" />
                <SequencePoint vc="0" uspid="4172" ordinal="13" offset="770" sl="58" sc="13" el="58" ec="14" bec="0" bev="0" fileid="84" />
                <SequencePoint vc="0" uspid="4173" ordinal="14" offset="771" sl="59" sc="17" el="59" ec="92" bec="0" bev="0" fileid="84" />
                <SequencePoint vc="0" uspid="4174" ordinal="15" offset="789" sl="60" sc="17" el="60" ec="23" bec="0" bev="0" fileid="84" />
                <SequencePoint vc="3" uspid="4175" ordinal="16" offset="791" sl="62" sc="9" el="62" ec="10" bec="0" bev="0" fileid="84" />
              </SequencePoints>
              <BranchPoints>
                <BranchPoint vc="2" uspid="4176" ordinal="0" offset="27" sl="30" path="0" offsetend="29" fileid="84" />
                <BranchPoint vc="3" uspid="4177" ordinal="1" offset="27" sl="30" path="1" offsetend="40" fileid="84" />
                <BranchPoint vc="1" uspid="4178" ordinal="2" offset="316" sl="42" path="0" offsetend="318" fileid="84" />
                <BranchPoint vc="2" uspid="4179" ordinal="3" offset="316" sl="42" path="1" offsetend="330" fileid="84" />
              </BranchPoints>
              <MethodPoint vc="5" uspid="4180" ordinal="0" offset="0" />
            </Method>
            <Method visited="true" cyclomaticComplexity="7" nPathComplexity="4" sequenceCoverage="78.95" branchCoverage="100" isConstructor="false" isStatic="false" isGetter="false" isSetter="false">
              <Summary numSequencePoints="19" visitedSequencePoints="15" numBranchPoints="5" visitedBranchPoints="5" sequenceCoverage="78.95" branchCoverage="100" maxCyclomaticComplexity="7" minCyclomaticComplexity="7" visitedClasses="0" numClasses="0" visitedMethods="1" numMethods="1" />
              <MetadataToken>100663751</MetadataToken>
              <Name>SportsWeb.Services.Services.Interfaces.SiteDetailResponse SportsWeb.Services.Services.SiteServiceAmp::GetSite(System.Guid)</Name>
              <FileRef uid="84" />
              <SequencePoints>
                <SequencePoint vc="3" uspid="4181" ordinal="0" offset="13" sl="65" sc="9" el="65" ec="10" bec="0" bev="0" fileid="84" />
                <SequencePoint vc="3" uspid="4182" ordinal="1" offset="14" sl="67" sc="13" el="67" ec="14" bec="0" bev="0" fileid="84" />
                <SequencePoint vc="3" uspid="4183" ordinal="2" offset="15" sl="68" sc="24" el="68" ec="51" bec="0" bev="0" fileid="84" />
                <SequencePoint vc="3" uspid="4184" ordinal="3" offset="22" sl="69" sc="17" el="69" ec="18" bec="0" bev="0" fileid="84" />
                <SequencePoint vc="3" uspid="4185" ordinal="4" offset="23" sl="70" sc="21" el="70" ec="75" bec="0" bev="0" fileid="84" />
                <SequencePoint vc="3" uspid="4186" ordinal="5" offset="30" sl="72" sc="21" el="72" ec="112" bec="0" bev="0" fileid="84" />
                <SequencePoint vc="3" uspid="4187" ordinal="6" offset="186" sl="74" sc="21" el="74" ec="40" bec="2" bev="2" fileid="84" />
                <SequencePoint vc="1" uspid="4188" ordinal="7" offset="196" sl="74" sc="41" el="74" ec="73" bec="0" bev="0" fileid="84" />
                <SequencePoint vc="2" uspid="4189" ordinal="8" offset="208" sl="76" sc="21" el="83" ec="23" bec="0" bev="0" fileid="84" />
                <SequencePoint vc="2" uspid="4190" ordinal="9" offset="318" sl="86" sc="21" el="86" ec="107" bec="2" bev="2" fileid="84" />
                <SequencePoint vc="1" uspid="4191" ordinal="10" offset="354" sl="87" sc="21" el="87" ec="22" bec="0" bev="0" fileid="84" />
                <SequencePoint vc="1" uspid="4192" ordinal="11" offset="355" sl="88" sc="25" el="88" ec="88" bec="0" bev="0" fileid="84" />
                <SequencePoint vc="1" uspid="4193" ordinal="12" offset="382" sl="89" sc="21" el="89" ec="22" bec="0" bev="0" fileid="84" />
                <SequencePoint vc="2" uspid="4194" ordinal="13" offset="383" sl="91" sc="21" el="91" ec="73" bec="0" bev="0" fileid="84" />
                <SequencePoint vc="0" uspid="4195" ordinal="14" offset="412" sl="94" sc="13" el="94" ec="33" bec="0" bev="0" fileid="84" />
                <SequencePoint vc="0" uspid="4196" ordinal="15" offset="414" sl="95" sc="13" el="95" ec="14" bec="0" bev="0" fileid="84" />
                <SequencePoint vc="0" uspid="4197" ordinal="16" offset="415" sl="96" sc="17" el="96" ec="91" bec="0" bev="0" fileid="84" />
                <SequencePoint vc="0" uspid="4198" ordinal="17" offset="433" sl="97" sc="17" el="97" ec="23" bec="0" bev="0" fileid="84" />
                <SequencePoint vc="3" uspid="4199" ordinal="18" offset="435" sl="99" sc="9" el="99" ec="10" bec="0" bev="0" fileid="84" />
              </SequencePoints>
              <BranchPoints>
                <BranchPoint vc="1" uspid="4200" ordinal="0" offset="194" sl="74" path="0" offsetend="196" fileid="84" />
                <BranchPoint vc="2" uspid="4201" ordinal="1" offset="194" sl="74" path="1" offsetend="208" fileid="84" />
                <BranchPoint vc="1" uspid="4208" ordinal="8" offset="352" sl="86" path="0" offsetend="354" fileid="84" />
                <BranchPoint vc="1" uspid="4209" ordinal="9" offset="352" sl="86" path="1" offsetend="383" fileid="84" />
              </BranchPoints>
              <MethodPoint vc="3" uspid="4210" ordinal="0" offset="0" />
            </Method>
            <Method visited="true" cyclomaticComplexity="3" nPathComplexity="4" sequenceCoverage="80" branchCoverage="60" isConstructor="false" isStatic="false" isGetter="false" isSetter="false">
              <Summary numSequencePoints="10" visitedSequencePoints="8" numBranchPoints="5" visitedBranchPoints="3" sequenceCoverage="80" branchCoverage="60" maxCyclomaticComplexity="3" minCyclomaticComplexity="3" visitedClasses="0" numClasses="0" visitedMethods="1" numMethods="1" />
              <MetadataToken>100663752</MetadataToken>
              <Name>System.Collections.Generic.List`1&lt;SportsWeb.Models.Field&gt; SportsWeb.Services.Services.SiteServiceAmp::FieldsIntersect(System.Guid,System.Collections.Generic.List`1&lt;SportsWeb.Models.Field&gt;)</Name>
              <FileRef uid="84" />
              <SequencePoints>
                <SequencePoint vc="2" uspid="4211" ordinal="0" offset="6" sl="102" sc="9" el="102" ec="10" bec="0" bev="0" fileid="84" />
                <SequencePoint vc="2" uspid="4212" ordinal="1" offset="7" sl="103" sc="13" el="103" ec="52" bec="0" bev="0" fileid="84" />
                <SequencePoint vc="2" uspid="4213" ordinal="2" offset="25" sl="104" sc="13" el="104" ec="39" bec="0" bev="0" fileid="84" />
                <SequencePoint vc="2" uspid="4214" ordinal="3" offset="27" sl="105" sc="13" el="105" ec="33" bec="2" bev="1" fileid="84" />
                <SequencePoint vc="2" uspid="4215" ordinal="4" offset="40" sl="107" sc="17" el="108" ec="34" bec="0" bev="0" fileid="84" />
                <SequencePoint vc="2" uspid="4216" ordinal="5" offset="64" sl="110" sc="13" el="110" ec="32" bec="2" bev="1" fileid="84" />
                <SequencePoint vc="2" uspid="4217" ordinal="6" offset="72" sl="110" sc="33" el="110" ec="47" bec="0" bev="0" fileid="84" />
                <SequencePoint vc="0" uspid="4218" ordinal="7" offset="77" sl="111" sc="13" el="111" ec="85" bec="0" bev="0" fileid="84" />
                <SequencePoint vc="0" uspid="4219" ordinal="8" offset="104" sl="112" sc="13" el="112" ec="38" bec="0" bev="0" fileid="84" />
                <SequencePoint vc="2" uspid="4220" ordinal="9" offset="113" sl="113" sc="9" el="113" ec="10" bec="0" bev="0" fileid="84" />
              </SequencePoints>
              <BranchPoints>
                <BranchPoint vc="2" uspid="4221" ordinal="0" offset="38" sl="105" path="0" offsetend="40" fileid="84" />
                <BranchPoint vc="0" uspid="4222" ordinal="1" offset="38" sl="105" path="1" offsetend="64" fileid="84" />
                <BranchPoint vc="2" uspid="4223" ordinal="2" offset="70" sl="110" path="0" offsetend="72" fileid="84" />
                <BranchPoint vc="0" uspid="4224" ordinal="3" offset="70" sl="110" path="1" offsetend="77" fileid="84" />
              </BranchPoints>
              <MethodPoint vc="2" uspid="4225" ordinal="0" offset="0" />
            </Method>
            <Method visited="true" cyclomaticComplexity="12" nPathComplexity="16" sequenceCoverage="100" branchCoverage="77.78" isConstructor="false" isStatic="false" isGetter="false" isSetter="false">
              <Summary numSequencePoints="29" visitedSequencePoints="29" numBranchPoints="9" visitedBranchPoints="7" sequenceCoverage="100" branchCoverage="77.78" maxCyclomaticComplexity="12" minCyclomaticComplexity="12" visitedClasses="0" numClasses="0" visitedMethods="1" numMethods="1" />
              <MetadataToken>100663753</MetadataToken>
              <Name>SportsWeb.Services.Services.Interfaces.SiteStateResponse SportsWeb.Services.Services.SiteServiceAmp::GetSiteState(System.Guid)</Name>
              <FileRef uid="84" />
              <SequencePoints>
                <SequencePoint vc="4" uspid="4226" ordinal="0" offset="13" sl="116" sc="9" el="116" ec="10" bec="0" bev="0" fileid="84" />
                <SequencePoint vc="4" uspid="4227" ordinal="1" offset="14" sl="118" sc="13" el="118" ec="14" bec="0" bev="0" fileid="84" />
                <SequencePoint vc="4" uspid="4228" ordinal="2" offset="15" sl="122" sc="24" el="122" ec="51" bec="0" bev="0" fileid="84" />
                <SequencePoint vc="4" uspid="4229" ordinal="3" offset="23" sl="123" sc="17" el="123" ec="18" bec="0" bev="0" fileid="84" />
                <SequencePoint vc="4" uspid="4230" ordinal="4" offset="24" sl="124" sc="21" el="124" ec="75" bec="0" bev="0" fileid="84" />
                <SequencePoint vc="4" uspid="4231" ordinal="5" offset="33" sl="125" sc="21" el="125" ec="106" bec="0" bev="0" fileid="84" />
                <SequencePoint vc="4" uspid="4232" ordinal="6" offset="190" sl="127" sc="21" el="127" ec="38" bec="2" bev="2" fileid="84" />
                <SequencePoint vc="1" uspid="4233" ordinal="7" offset="200" sl="127" sc="39" el="127" ec="70" bec="0" bev="0" fileid="84" />
                <SequencePoint vc="3" uspid="4234" ordinal="8" offset="212" sl="129" sc="21" el="134" ec="37" bec="2" bev="1" fileid="84" />
                <SequencePoint vc="3" uspid="4235" ordinal="9" offset="339" sl="136" sc="21" el="136" ec="71" bec="0" bev="0" fileid="84" />
                <SequencePoint vc="3" uspid="4236" ordinal="10" offset="357" sl="137" sc="17" el="137" ec="18" bec="0" bev="0" fileid="84" />
                <SequencePoint vc="3" uspid="4237" ordinal="11" offset="373" sl="139" sc="17" el="139" ec="59" bec="2" bev="2" fileid="84" />
                <SequencePoint vc="1" uspid="4238" ordinal="12" offset="394" sl="140" sc="21" el="140" ec="104" bec="0" bev="0" fileid="84" />
                <SequencePoint vc="2" uspid="4239" ordinal="13" offset="431" sl="142" sc="17" el="142" ec="58" bec="0" bev="0" fileid="84" />
                <SequencePoint vc="2" uspid="4240" ordinal="14" offset="438" sl="143" sc="17" el="143" ec="24" bec="0" bev="0" fileid="84" />
                <SequencePoint vc="2" uspid="4241" ordinal="15" offset="439" sl="143" sc="35" el="143" ec="42" bec="0" bev="0" fileid="84" />
                <SequencePoint vc="3" uspid="4242" ordinal="16" offset="449" sl="143" sc="26" el="143" ec="31" bec="0" bev="0" fileid="84" />
                <SequencePoint vc="3" uspid="4243" ordinal="17" offset="458" sl="144" sc="17" el="144" ec="18" bec="0" bev="0" fileid="84" />
                <SequencePoint vc="3" uspid="4244" ordinal="18" offset="459" sl="145" sc="21" el="145" ec="73" bec="0" bev="0" fileid="84" />
                <SequencePoint vc="2" uspid="4245" ordinal="19" offset="475" sl="147" sc="21" el="147" ec="44" bec="2" bev="1" fileid="84" />
                <SequencePoint vc="2" uspid="4246" ordinal="20" offset="486" sl="148" sc="25" el="148" ec="53" bec="0" bev="0" fileid="84" />
                <SequencePoint vc="2" uspid="4247" ordinal="21" offset="496" sl="151" sc="17" el="151" ec="18" bec="0" bev="0" fileid="84" />
                <SequencePoint vc="4" uspid="4248" ordinal="22" offset="497" sl="143" sc="32" el="143" ec="34" bec="0" bev="0" fileid="84" />
                <SequencePoint vc="1" uspid="4249" ordinal="23" offset="523" sl="153" sc="17" el="157" ec="19" bec="0" bev="0" fileid="84" />
                <SequencePoint vc="1" uspid="4250" ordinal="24" offset="554" sl="159" sc="13" el="159" ec="33" bec="0" bev="0" fileid="84" />
                <SequencePoint vc="1" uspid="4251" ordinal="25" offset="556" sl="160" sc="13" el="160" ec="14" bec="0" bev="0" fileid="84" />
                <SequencePoint vc="1" uspid="4252" ordinal="26" offset="557" sl="161" sc="17" el="161" ec="96" bec="0" bev="0" fileid="84" />
                <SequencePoint vc="1" uspid="4253" ordinal="27" offset="575" sl="162" sc="17" el="162" ec="23" bec="0" bev="0" fileid="84" />
                <SequencePoint vc="3" uspid="4254" ordinal="28" offset="577" sl="164" sc="9" el="164" ec="10" bec="0" bev="0" fileid="84" />
              </SequencePoints>
              <BranchPoints>
                <BranchPoint vc="1" uspid="4255" ordinal="0" offset="198" sl="127" path="0" offsetend="200" fileid="84" />
                <BranchPoint vc="3" uspid="4256" ordinal="1" offset="198" sl="127" path="1" offsetend="212" fileid="84" />
                <BranchPoint vc="0" uspid="4257" ordinal="2" offset="219" sl="129" path="0" offsetend="221" fileid="84" />
                <BranchPoint vc="3" uspid="4258" ordinal="3" offset="219" sl="129" path="1" offsetend="225" fileid="84" />
                <BranchPoint vc="1" uspid="4267" ordinal="12" offset="392" sl="139" path="0" offsetend="394" fileid="84" />
                <BranchPoint vc="2" uspid="4268" ordinal="13" offset="392" sl="139" path="1" offsetend="431" fileid="84" />
                <BranchPoint vc="2" uspid="4269" ordinal="14" offset="484" sl="147" path="0" offsetend="486" fileid="84" />
                <BranchPoint vc="0" uspid="4270" ordinal="15" offset="484" sl="147" path="1" offsetend="496" fileid="84" />
              </BranchPoints>
              <MethodPoint vc="4" uspid="4273" ordinal="0" offset="0" />
            </Method>
            <Method visited="true" cyclomaticComplexity="3" nPathComplexity="2" sequenceCoverage="94.44" branchCoverage="66.67" isConstructor="false" isStatic="false" isGetter="false" isSetter="false">
              <Summary numSequencePoints="18" visitedSequencePoints="17" numBranchPoints="3" visitedBranchPoints="2" sequenceCoverage="94.44" branchCoverage="66.67" maxCyclomaticComplexity="3" minCyclomaticComplexity="3" visitedClasses="0" numClasses="0" visitedMethods="1" numMethods="1" />
              <MetadataToken>100663754</MetadataToken>
              <Name>System.Void SportsWeb.Services.Services.SiteServiceAmp::SwitchOff(System.Guid)</Name>
              <FileRef uid="84" />
              <SequencePoints>
                <SequencePoint vc="2" uspid="4274" ordinal="0" offset="13" sl="167" sc="9" el="167" ec="10" bec="0" bev="0" fileid="84" />
                <SequencePoint vc="2" uspid="4275" ordinal="1" offset="14" sl="169" sc="13" el="169" ec="14" bec="0" bev="0" fileid="84" />
                <SequencePoint vc="2" uspid="4276" ordinal="2" offset="15" sl="172" sc="24" el="172" ec="51" bec="0" bev="0" fileid="84" />
                <SequencePoint vc="2" uspid="4277" ordinal="3" offset="23" sl="173" sc="17" el="173" ec="18" bec="0" bev="0" fileid="84" />
                <SequencePoint vc="2" uspid="4278" ordinal="4" offset="24" sl="174" sc="21" el="174" ec="75" bec="0" bev="0" fileid="84" />
                <SequencePoint vc="2" uspid="4279" ordinal="5" offset="33" sl="175" sc="21" el="175" ec="106" bec="0" bev="0" fileid="84" />
                <SequencePoint vc="2" uspid="4280" ordinal="6" offset="190" sl="176" sc="21" el="176" ec="38" bec="2" bev="1" fileid="84" />
                <SequencePoint vc="0" uspid="4281" ordinal="7" offset="200" sl="177" sc="25" el="177" ec="32" bec="0" bev="0" fileid="84" />
                <SequencePoint vc="2" uspid="4282" ordinal="8" offset="202" sl="179" sc="21" el="179" ec="71" bec="0" bev="0" fileid="84" />
                <SequencePoint vc="2" uspid="4283" ordinal="9" offset="220" sl="180" sc="17" el="180" ec="18" bec="0" bev="0" fileid="84" />
                <SequencePoint vc="2" uspid="4284" ordinal="10" offset="236" sl="182" sc="17" el="186" ec="19" bec="0" bev="0" fileid="84" />
                <SequencePoint vc="2" uspid="4285" ordinal="11" offset="268" sl="188" sc="17" el="188" ec="76" bec="0" bev="0" fileid="84" />
                <SequencePoint vc="1" uspid="4286" ordinal="12" offset="283" sl="189" sc="13" el="189" ec="14" bec="0" bev="0" fileid="84" />
                <SequencePoint vc="1" uspid="4287" ordinal="13" offset="286" sl="190" sc="13" el="190" ec="33" bec="0" bev="0" fileid="84" />
                <SequencePoint vc="1" uspid="4288" ordinal="14" offset="288" sl="191" sc="13" el="191" ec="14" bec="0" bev="0" fileid="84" />
                <SequencePoint vc="1" uspid="4289" ordinal="15" offset="289" sl="192" sc="17" el="192" ec="94" bec="0" bev="0" fileid="84" />
                <SequencePoint vc="1" uspid="4290" ordinal="16" offset="307" sl="193" sc="17" el="193" ec="23" bec="0" bev="0" fileid="84" />
                <SequencePoint vc="1" uspid="4291" ordinal="17" offset="309" sl="195" sc="9" el="195" ec="10" bec="0" bev="0" fileid="84" />
              </SequencePoints>
              <BranchPoints>
                <BranchPoint vc="0" uspid="4292" ordinal="0" offset="198" sl="176" path="0" offsetend="200" fileid="84" />
                <BranchPoint vc="2" uspid="4293" ordinal="1" offset="198" sl="176" path="1" offsetend="202" fileid="84" />
              </BranchPoints>
              <MethodPoint vc="2" uspid="4294" ordinal="0" offset="0" />
            </Method>
            <Method visited="true" cyclomaticComplexity="8" nPathComplexity="8" sequenceCoverage="70.83" branchCoverage="71.43" isConstructor="false" isStatic="false" isGetter="false" isSetter="false">
              <Summary numSequencePoints="24" visitedSequencePoints="17" numBranchPoints="7" visitedBranchPoints="5" sequenceCoverage="70.83" branchCoverage="71.43" maxCyclomaticComplexity="8" minCyclomaticComplexity="8" visitedClasses="0" numClasses="0" visitedMethods="1" numMethods="1" />
              <MetadataToken>100663755</MetadataToken>
              <Name>SportsWeb.Services.Services.Interfaces.SitesResponse SportsWeb.Services.Services.SiteServiceAmp::GetSites(System.String,SportsWeb.Services.Utils.UserTypeEnum)</Name>
              <FileRef uid="84" />
              <SequencePoints>
                <SequencePoint vc="4" uspid="4295" ordinal="0" offset="0" sl="198" sc="9" el="198" ec="10" bec="0" bev="0" fileid="84" />
                <SequencePoint vc="4" uspid="4296" ordinal="1" offset="1" sl="200" sc="13" el="200" ec="14" bec="0" bev="0" fileid="84" />
                <SequencePoint vc="4" uspid="4297" ordinal="2" offset="2" sl="203" sc="24" el="203" ec="51" bec="0" bev="0" fileid="84" />
                <SequencePoint vc="4" uspid="4298" ordinal="3" offset="15" sl="204" sc="17" el="204" ec="18" bec="0" bev="0" fileid="84" />
                <SequencePoint vc="4" uspid="4299" ordinal="4" offset="16" sl="205" sc="21" el="205" ec="75" bec="0" bev="0" fileid="84" />
                <SequencePoint vc="4" uspid="4300" ordinal="5" offset="23" sl="206" sc="21" el="206" ec="57" bec="0" bev="0" fileid="84" />
                <SequencePoint vc="4" uspid="4301" ordinal="6" offset="29" sl="207" sc="21" el="207" ec="38" bec="4" bev="2" fileid="84" />
                <SequencePoint vc="2" uspid="4302" ordinal="7" offset="53" sl="210" sc="29" el="210" ec="81" bec="0" bev="0" fileid="84" />
                <SequencePoint vc="2" uspid="4303" ordinal="8" offset="62" sl="211" sc="29" el="211" ec="35" bec="0" bev="0" fileid="84" />
                <SequencePoint vc="2" uspid="4304" ordinal="9" offset="64" sl="213" sc="29" el="213" ec="84" bec="0" bev="0" fileid="84" />
                <SequencePoint vc="2" uspid="4305" ordinal="10" offset="73" sl="214" sc="29" el="214" ec="35" bec="0" bev="0" fileid="84" />
                <SequencePoint vc="0" uspid="4306" ordinal="11" offset="75" sl="216" sc="29" el="216" ec="78" bec="0" bev="0" fileid="84" />
                <SequencePoint vc="0" uspid="4307" ordinal="12" offset="84" sl="217" sc="29" el="217" ec="35" bec="0" bev="0" fileid="84" />
                <SequencePoint vc="0" uspid="4308" ordinal="13" offset="86" sl="219" sc="29" el="219" ec="103" bec="0" bev="0" fileid="84" />
                <SequencePoint vc="4" uspid="4309" ordinal="14" offset="97" sl="221" sc="21" el="221" ec="73" bec="0" bev="0" fileid="84" />
                <SequencePoint vc="4" uspid="4310" ordinal="15" offset="145" sl="223" sc="21" el="223" ec="44" bec="2" bev="2" fileid="84" />
                <SequencePoint vc="2" uspid="4311" ordinal="16" offset="165" sl="223" sc="45" el="223" ec="72" bec="0" bev="0" fileid="84" />
                <SequencePoint vc="2" uspid="4312" ordinal="17" offset="177" sl="225" sc="21" el="225" ec="75" bec="0" bev="0" fileid="84" />
                <SequencePoint vc="2" uspid="4313" ordinal="18" offset="185" sl="227" sc="21" el="235" ec="23" bec="0" bev="0" fileid="84" />
                <SequencePoint vc="0" uspid="4314" ordinal="19" offset="615" sl="238" sc="13" el="238" ec="33" bec="0" bev="0" fileid="84" />
                <SequencePoint vc="0" uspid="4315" ordinal="20" offset="617" sl="239" sc="13" el="239" ec="14" bec="0" bev="0" fileid="84" />
                <SequencePoint vc="0" uspid="4316" ordinal="21" offset="618" sl="240" sc="17" el="240" ec="92" bec="0" bev="0" fileid="84" />
                <SequencePoint vc="0" uspid="4317" ordinal="22" offset="636" sl="241" sc="17" el="241" ec="23" bec="0" bev="0" fileid="84" />
                <SequencePoint vc="4" uspid="4318" ordinal="23" offset="638" sl="244" sc="9" el="244" ec="10" bec="0" bev="0" fileid="84" />
              </SequencePoints>
              <BranchPoints>
                <BranchPoint vc="0" uspid="4319" ordinal="0" offset="34" sl="207" path="0" offsetchain="51" offsetend="86" fileid="84" />
                <BranchPoint vc="2" uspid="4320" ordinal="1" offset="34" sl="207" path="1" offsetend="53" fileid="84" />
                <BranchPoint vc="2" uspid="4321" ordinal="2" offset="34" sl="207" path="2" offsetend="64" fileid="84" />
                <BranchPoint vc="0" uspid="4322" ordinal="3" offset="34" sl="207" path="3" offsetend="75" fileid="84" />
                <BranchPoint vc="2" uspid="4325" ordinal="6" offset="163" sl="223" path="0" offsetend="165" fileid="84" />
                <BranchPoint vc="2" uspid="4326" ordinal="7" offset="163" sl="223" path="1" offsetend="177" fileid="84" />
              </BranchPoints>
              <MethodPoint xsi:type="SequencePoint" vc="4" uspid="4295" ordinal="0" offset="0" sl="198" sc="9" el="198" ec="10" bec="0" bev="0" fileid="84" />
            </Method>
            <Method visited="true" cyclomaticComplexity="5" nPathComplexity="2" sequenceCoverage="100" branchCoverage="100" isConstructor="false" isStatic="false" isGetter="false" isSetter="false">
              <Summary numSequencePoints="21" visitedSequencePoints="21" numBranchPoints="3" visitedBranchPoints="3" sequenceCoverage="100" branchCoverage="100" maxCyclomaticComplexity="5" minCyclomaticComplexity="5" visitedClasses="0" numClasses="0" visitedMethods="1" numMethods="1" />
              <MetadataToken>100663756</MetadataToken>
              <Name>System.Collections.Generic.List`1&lt;SportsWeb.Entities.User&gt; SportsWeb.Services.Services.SiteServiceAmp::GetControlAppUser(System.String,SportsWeb.Services.Repository.Repository`2&lt;System.Guid,SportsWeb.Entities.User&gt;)</Name>
              <FileRef uid="84" />
              <SequencePoints>
                <SequencePoint vc="2" uspid="4327" ordinal="0" offset="13" sl="253" sc="9" el="253" ec="10" bec="0" bev="0" fileid="84" />
                <SequencePoint vc="2" uspid="4328" ordinal="1" offset="14" sl="254" sc="13" el="254" ec="56" bec="0" bev="0" fileid="84" />
                <SequencePoint vc="2" uspid="4329" ordinal="2" offset="20" sl="255" sc="13" el="255" ec="110" bec="0" bev="0" fileid="84" />
                <SequencePoint vc="2" uspid="4330" ordinal="3" offset="180" sl="256" sc="13" el="256" ec="20" bec="0" bev="0" fileid="84" />
                <SequencePoint vc="2" uspid="4331" ordinal="4" offset="181" sl="256" sc="34" el="256" ec="39" bec="0" bev="0" fileid="84" />
                <SequencePoint vc="2" uspid="4332" ordinal="5" offset="191" sl="256" sc="22" el="256" ec="30" bec="0" bev="0" fileid="84" />
                <SequencePoint vc="2" uspid="4333" ordinal="6" offset="200" sl="257" sc="13" el="257" ec="14" bec="0" bev="0" fileid="84" />
                <SequencePoint vc="2" uspid="4334" ordinal="7" offset="201" sl="258" sc="17" el="258" ec="24" bec="0" bev="0" fileid="84" />
                <SequencePoint vc="2" uspid="4335" ordinal="8" offset="202" sl="258" sc="39" el="258" ec="50" bec="0" bev="0" fileid="84" />
                <SequencePoint vc="3" uspid="4336" ordinal="9" offset="218" sl="258" sc="26" el="258" ec="35" bec="0" bev="0" fileid="84" />
                <SequencePoint vc="3" uspid="4337" ordinal="10" offset="227" sl="259" sc="17" el="259" ec="18" bec="0" bev="0" fileid="84" />
                <SequencePoint vc="3" uspid="4338" ordinal="11" offset="228" sl="260" sc="21" el="260" ec="76" bec="2" bev="2" fileid="84" />
                <SequencePoint vc="1" uspid="4339" ordinal="12" offset="256" sl="261" sc="21" el="261" ec="22" bec="0" bev="0" fileid="84" />
                <SequencePoint vc="1" uspid="4340" ordinal="13" offset="257" sl="262" sc="25" el="262" ec="50" bec="0" bev="0" fileid="84" />
                <SequencePoint vc="1" uspid="4341" ordinal="14" offset="266" sl="263" sc="25" el="263" ec="34" bec="0" bev="0" fileid="84" />
                <SequencePoint vc="2" uspid="4342" ordinal="15" offset="268" sl="265" sc="17" el="265" ec="18" bec="0" bev="0" fileid="84" />
                <SequencePoint vc="5" uspid="4343" ordinal="16" offset="269" sl="258" sc="36" el="258" ec="38" bec="0" bev="0" fileid="84" />
                <SequencePoint vc="2" uspid="4344" ordinal="17" offset="293" sl="266" sc="13" el="266" ec="14" bec="0" bev="0" fileid="84" />
                <SequencePoint vc="4" uspid="4345" ordinal="18" offset="294" sl="256" sc="31" el="256" ec="33" bec="0" bev="0" fileid="84" />
                <SequencePoint vc="2" uspid="4346" ordinal="19" offset="320" sl="268" sc="13" el="268" ec="35" bec="0" bev="0" fileid="84" />
                <SequencePoint vc="2" uspid="4347" ordinal="20" offset="325" sl="269" sc="9" el="269" ec="10" bec="0" bev="0" fileid="84" />
              </SequencePoints>
              <BranchPoints>
                <BranchPoint vc="1" uspid="4348" ordinal="0" offset="254" sl="260" path="0" offsetend="256" fileid="84" />
                <BranchPoint vc="2" uspid="4349" ordinal="1" offset="254" sl="260" path="1" offsetend="268" fileid="84" />
              </BranchPoints>
              <MethodPoint vc="2" uspid="4354" ordinal="0" offset="0" />
            </Method>
            <Method visited="true" cyclomaticComplexity="3" nPathComplexity="0" sequenceCoverage="100" branchCoverage="100" isConstructor="false" isStatic="false" isGetter="false" isSetter="false">
              <Summary numSequencePoints="12" visitedSequencePoints="12" numBranchPoints="1" visitedBranchPoints="1" sequenceCoverage="100" branchCoverage="100" maxCyclomaticComplexity="3" minCyclomaticComplexity="3" visitedClasses="0" numClasses="0" visitedMethods="1" numMethods="1" />
              <MetadataToken>100663757</MetadataToken>
              <Name>System.Collections.Generic.List`1&lt;SportsWeb.Entities.User&gt; SportsWeb.Services.Services.SiteServiceAmp::GetSchedulingAppUser(System.String,SportsWeb.Services.Repository.Repository`2&lt;System.Guid,SportsWeb.Entities.User&gt;)</Name>
              <FileRef uid="84" />
              <SequencePoints>
                <SequencePoint vc="2" uspid="4355" ordinal="0" offset="13" sl="278" sc="9" el="278" ec="10" bec="0" bev="0" fileid="84" />
                <SequencePoint vc="2" uspid="4356" ordinal="1" offset="14" sl="279" sc="13" el="279" ec="61" bec="0" bev="0" fileid="84" />
                <SequencePoint vc="2" uspid="4357" ordinal="2" offset="20" sl="280" sc="13" el="280" ec="110" bec="0" bev="0" fileid="84" />
                <SequencePoint vc="2" uspid="4358" ordinal="3" offset="180" sl="281" sc="13" el="281" ec="20" bec="0" bev="0" fileid="84" />
                <SequencePoint vc="2" uspid="4359" ordinal="4" offset="181" sl="281" sc="34" el="281" ec="39" bec="0" bev="0" fileid="84" />
                <SequencePoint vc="2" uspid="4360" ordinal="5" offset="198" sl="281" sc="22" el="281" ec="30" bec="0" bev="0" fileid="84" />
                <SequencePoint vc="2" uspid="4361" ordinal="6" offset="212" sl="282" sc="13" el="282" ec="14" bec="0" bev="0" fileid="84" />
                <SequencePoint vc="2" uspid="4362" ordinal="7" offset="213" sl="283" sc="17" el="283" ec="144" bec="0" bev="0" fileid="84" />
                <SequencePoint vc="2" uspid="4363" ordinal="8" offset="286" sl="284" sc="13" el="284" ec="14" bec="0" bev="0" fileid="84" />
                <SequencePoint vc="4" uspid="4364" ordinal="9" offset="287" sl="281" sc="31" el="281" ec="33" bec="0" bev="0" fileid="84" />
                <SequencePoint vc="2" uspid="4365" ordinal="10" offset="313" sl="285" sc="13" el="285" ec="38" bec="0" bev="0" fileid="84" />
                <SequencePoint vc="2" uspid="4366" ordinal="11" offset="318" sl="286" sc="9" el="286" ec="10" bec="0" bev="0" fileid="84" />
              </SequencePoints>
              <BranchPoints />
              <MethodPoint vc="2" uspid="4371" ordinal="0" offset="0" />
            </Method>
            <Method visited="false" cyclomaticComplexity="3" nPathComplexity="0" sequenceCoverage="0" branchCoverage="0" isConstructor="false" isStatic="false" isGetter="false" isSetter="false">
              <Summary numSequencePoints="12" visitedSequencePoints="0" numBranchPoints="1" visitedBranchPoints="0" sequenceCoverage="0" branchCoverage="0" maxCyclomaticComplexity="3" minCyclomaticComplexity="3" visitedClasses="0" numClasses="0" visitedMethods="0" numMethods="1" />
              <MetadataToken>100663758</MetadataToken>
              <Name>System.Collections.Generic.List`1&lt;SportsWeb.Entities.User&gt; SportsWeb.Services.Services.SiteServiceAmp::GetOpenApiUser(System.String,SportsWeb.Services.Repository.Repository`2&lt;System.Guid,SportsWeb.Entities.User&gt;)</Name>
              <FileRef uid="84" />
              <SequencePoints>
                <SequencePoint vc="0" uspid="4372" ordinal="0" offset="13" sl="288" sc="9" el="288" ec="10" bec="0" bev="0" fileid="84" />
                <SequencePoint vc="0" uspid="4373" ordinal="1" offset="14" sl="289" sc="13" el="289" ec="61" bec="0" bev="0" fileid="84" />
                <SequencePoint vc="0" uspid="4374" ordinal="2" offset="20" sl="290" sc="13" el="290" ec="110" bec="0" bev="0" fileid="84" />
                <SequencePoint vc="0" uspid="4375" ordinal="3" offset="180" sl="291" sc="13" el="291" ec="20" bec="0" bev="0" fileid="84" />
                <SequencePoint vc="0" uspid="4376" ordinal="4" offset="181" sl="291" sc="34" el="291" ec="39" bec="0" bev="0" fileid="84" />
                <SequencePoint vc="0" uspid="4377" ordinal="5" offset="198" sl="291" sc="22" el="291" ec="30" bec="0" bev="0" fileid="84" />
                <SequencePoint vc="0" uspid="4378" ordinal="6" offset="212" sl="292" sc="13" el="292" ec="14" bec="0" bev="0" fileid="84" />
                <SequencePoint vc="0" uspid="4379" ordinal="7" offset="213" sl="293" sc="17" el="293" ec="143" bec="0" bev="0" fileid="84" />
                <SequencePoint vc="0" uspid="4380" ordinal="8" offset="286" sl="294" sc="13" el="294" ec="14" bec="0" bev="0" fileid="84" />
                <SequencePoint vc="0" uspid="4381" ordinal="9" offset="287" sl="291" sc="31" el="291" ec="33" bec="0" bev="0" fileid="84" />
                <SequencePoint vc="0" uspid="4382" ordinal="10" offset="313" sl="295" sc="13" el="295" ec="38" bec="0" bev="0" fileid="84" />
                <SequencePoint vc="0" uspid="4383" ordinal="11" offset="318" sl="296" sc="9" el="296" ec="10" bec="0" bev="0" fileid="84" />
              </SequencePoints>
              <BranchPoints />
              <MethodPoint vc="0" uspid="4388" ordinal="0" offset="0" />
            </Method>
            <Method visited="true" cyclomaticComplexity="1" nPathComplexity="0" sequenceCoverage="100" branchCoverage="100" isConstructor="true" isStatic="true" isGetter="false" isSetter="false">
              <Summary numSequencePoints="1" visitedSequencePoints="1" numBranchPoints="1" visitedBranchPoints="1" sequenceCoverage="100" branchCoverage="100" maxCyclomaticComplexity="1" minCyclomaticComplexity="1" visitedClasses="0" numClasses="0" visitedMethods="1" numMethods="1" />
              <MetadataToken>100663759</MetadataToken>
              <Name>System.Void SportsWeb.Services.Services.SiteServiceAmp::.cctor()</Name>
              <FileRef uid="84" />
              <SequencePoints>
                <SequencePoint vc="1" uspid="4389" ordinal="0" offset="0" sl="21" sc="9" el="21" ec="92" bec="0" bev="0" fileid="84" />
              </SequencePoints>
              <BranchPoints />
              <MethodPoint xsi:type="SequencePoint" vc="1" uspid="4389" ordinal="0" offset="0" sl="21" sc="9" el="21" ec="92" bec="0" bev="0" fileid="84" />
            </Method>
          </Methods>
        </Class>
        <Class>
          <Summary numSequencePoints="0" visitedSequencePoints="0" numBranchPoints="0" visitedBranchPoints="0" sequenceCoverage="0" branchCoverage="0" maxCyclomaticComplexity="1" minCyclomaticComplexity="1" visitedClasses="0" numClasses="0" visitedMethods="0" numMethods="0" />
          <FullName>SportsWeb.Services.Services.SiteServiceAmp/&lt;&gt;c__DisplayClass3_0</FullName>
          <Methods>
            <Method visited="true" cyclomaticComplexity="1" nPathComplexity="0" sequenceCoverage="0" branchCoverage="0" isConstructor="true" isStatic="false" isGetter="false" isSetter="false">
              <Summary numSequencePoints="0" visitedSequencePoints="0" numBranchPoints="0" visitedBranchPoints="0" sequenceCoverage="0" branchCoverage="0" maxCyclomaticComplexity="1" minCyclomaticComplexity="1" visitedClasses="0" numClasses="0" visitedMethods="0" numMethods="0" />
              <MetadataToken>100666947</MetadataToken>
              <Name>System.Void SportsWeb.Services.Services.SiteServiceAmp/&lt;&gt;c__DisplayClass3_0::.ctor()</Name>
              <SequencePoints />
              <BranchPoints />
              <MethodPoint vc="5" uspid="4390" ordinal="0" offset="0" />
            </Method>
          </Methods>
        </Class>
        <Class>
          <Summary numSequencePoints="0" visitedSequencePoints="0" numBranchPoints="0" visitedBranchPoints="0" sequenceCoverage="0" branchCoverage="0" maxCyclomaticComplexity="1" minCyclomaticComplexity="1" visitedClasses="0" numClasses="0" visitedMethods="0" numMethods="0" />
          <FullName>SportsWeb.Services.Services.SiteServiceAmp/&lt;&gt;c__DisplayClass3_1</FullName>
          <Methods>
            <Method visited="true" cyclomaticComplexity="1" nPathComplexity="0" sequenceCoverage="0" branchCoverage="0" isConstructor="true" isStatic="false" isGetter="false" isSetter="false">
              <Summary numSequencePoints="0" visitedSequencePoints="0" numBranchPoints="0" visitedBranchPoints="0" sequenceCoverage="0" branchCoverage="0" maxCyclomaticComplexity="1" minCyclomaticComplexity="1" visitedClasses="0" numClasses="0" visitedMethods="0" numMethods="0" />
              <MetadataToken>100666948</MetadataToken>
              <Name>System.Void SportsWeb.Services.Services.SiteServiceAmp/&lt;&gt;c__DisplayClass3_1::.ctor()</Name>
              <SequencePoints />
              <BranchPoints />
              <MethodPoint vc="3" uspid="4391" ordinal="0" offset="0" />
            </Method>
          </Methods>
        </Class>
        <Class>
          <Summary numSequencePoints="8" visitedSequencePoints="7" numBranchPoints="8" visitedBranchPoints="7" sequenceCoverage="87.5" branchCoverage="87.5" maxCyclomaticComplexity="2" minCyclomaticComplexity="1" visitedClasses="1" numClasses="1" visitedMethods="7" numMethods="8" />
          <FullName>SportsWeb.Services.Services.SiteServiceAmp/&lt;&gt;c</FullName>
          <Methods>
            <Method visited="true" cyclomaticComplexity="1" nPathComplexity="0" sequenceCoverage="0" branchCoverage="0" isConstructor="true" isStatic="true" isGetter="false" isSetter="false">
              <Summary numSequencePoints="0" visitedSequencePoints="0" numBranchPoints="0" visitedBranchPoints="0" sequenceCoverage="0" branchCoverage="0" maxCyclomaticComplexity="1" minCyclomaticComplexity="1" visitedClasses="0" numClasses="0" visitedMethods="0" numMethods="0" />
              <MetadataToken>100666949</MetadataToken>
              <Name>System.Void SportsWeb.Services.Services.SiteServiceAmp/&lt;&gt;c::.cctor()</Name>
              <SequencePoints />
              <BranchPoints />
              <MethodPoint vc="1" uspid="4392" ordinal="0" offset="0" />
            </Method>
            <Method visited="true" cyclomaticComplexity="1" nPathComplexity="0" sequenceCoverage="0" branchCoverage="0" isConstructor="true" isStatic="false" isGetter="false" isSetter="false">
              <Summary numSequencePoints="0" visitedSequencePoints="0" numBranchPoints="0" visitedBranchPoints="0" sequenceCoverage="0" branchCoverage="0" maxCyclomaticComplexity="1" minCyclomaticComplexity="1" visitedClasses="0" numClasses="0" visitedMethods="0" numMethods="0" />
              <MetadataToken>100666950</MetadataToken>
              <Name>System.Void SportsWeb.Services.Services.SiteServiceAmp/&lt;&gt;c::.ctor()</Name>
              <SequencePoints />
              <BranchPoints />
              <MethodPoint vc="1" uspid="4393" ordinal="0" offset="0" />
            </Method>
            <Method visited="true" cyclomaticComplexity="1" nPathComplexity="0" sequenceCoverage="100" branchCoverage="100" isConstructor="false" isStatic="false" isGetter="false" isSetter="false">
              <Summary numSequencePoints="1" visitedSequencePoints="1" numBranchPoints="1" visitedBranchPoints="1" sequenceCoverage="100" branchCoverage="100" maxCyclomaticComplexity="1" minCyclomaticComplexity="1" visitedClasses="0" numClasses="0" visitedMethods="1" numMethods="1" />
              <MetadataToken>100666951</MetadataToken>
              <Name>System.DateTime SportsWeb.Services.Services.SiteServiceAmp/&lt;&gt;c::&lt;GetSite&gt;b__4_1(SportsWeb.Entities.Pitch)</Name>
              <FileRef uid="84" />
              <SequencePoints>
                <SequencePoint vc="4" uspid="4394" ordinal="0" offset="0" sl="80" sc="57" el="80" ec="71" bec="0" bev="0" fileid="84" />
              </SequencePoints>
              <BranchPoints />
              <MethodPoint xsi:type="SequencePoint" vc="4" uspid="4394" ordinal="0" offset="0" sl="80" sc="57" el="80" ec="71" bec="0" bev="0" fileid="84" />
            </Method>
            <Method visited="true" cyclomaticComplexity="1" nPathComplexity="0" sequenceCoverage="100" branchCoverage="100" isConstructor="false" isStatic="false" isGetter="false" isSetter="false">
              <Summary numSequencePoints="1" visitedSequencePoints="1" numBranchPoints="1" visitedBranchPoints="1" sequenceCoverage="100" branchCoverage="100" maxCyclomaticComplexity="1" minCyclomaticComplexity="1" visitedClasses="0" numClasses="0" visitedMethods="1" numMethods="1" />
              <MetadataToken>100666952</MetadataToken>
              <Name>SportsWeb.Models.Field SportsWeb.Services.Services.SiteServiceAmp/&lt;&gt;c::&lt;GetSite&gt;b__4_2(SportsWeb.Entities.Pitch)</Name>
              <FileRef uid="84" />
              <SequencePoints>
                <SequencePoint vc="4" uspid="4395" ordinal="0" offset="0" sl="81" sc="46" el="81" ec="162" bec="0" bev="0" fileid="84" />
              </SequencePoints>
              <BranchPoints />
              <MethodPoint xsi:type="SequencePoint" vc="4" uspid="4395" ordinal="0" offset="0" sl="81" sc="46" el="81" ec="162" bec="0" bev="0" fileid="84" />
            </Method>
            <Method visited="true" cyclomaticComplexity="2" nPathComplexity="0" sequenceCoverage="100" branchCoverage="100" isConstructor="false" isStatic="false" isGetter="false" isSetter="false">
              <Summary numSequencePoints="1" visitedSequencePoints="1" numBranchPoints="1" visitedBranchPoints="1" sequenceCoverage="100" branchCoverage="100" maxCyclomaticComplexity="2" minCyclomaticComplexity="2" visitedClasses="0" numClasses="0" visitedMethods="1" numMethods="1" />
              <MetadataToken>100666953</MetadataToken>
              <Name>System.Boolean SportsWeb.Services.Services.SiteServiceAmp/&lt;&gt;c::&lt;GetSiteState&gt;b__6_1(SportsWeb.Entities.Pitch)</Name>
              <FileRef uid="84" />
              <SequencePoints>
                <SequencePoint vc="4" uspid="4396" ordinal="0" offset="0" sl="130" sc="50" el="130" ec="97" bec="0" bev="0" fileid="84" />
              </SequencePoints>
              <BranchPoints />
              <MethodPoint xsi:type="SequencePoint" vc="4" uspid="4396" ordinal="0" offset="0" sl="130" sc="50" el="130" ec="97" bec="0" bev="0" fileid="84" />
            </Method>
            <Method visited="true" cyclomaticComplexity="1" nPathComplexity="0" sequenceCoverage="100" branchCoverage="100" isConstructor="false" isStatic="false" isGetter="false" isSetter="false">
              <Summary numSequencePoints="1" visitedSequencePoints="1" numBranchPoints="1" visitedBranchPoints="1" sequenceCoverage="100" branchCoverage="100" maxCyclomaticComplexity="1" minCyclomaticComplexity="1" visitedClasses="0" numClasses="0" visitedMethods="1" numMethods="1" />
              <MetadataToken>100666954</MetadataToken>
              <Name>System.DateTime SportsWeb.Services.Services.SiteServiceAmp/&lt;&gt;c::&lt;GetSiteState&gt;b__6_2(SportsWeb.Entities.Pitch)</Name>
              <FileRef uid="84" />
              <SequencePoints>
                <SequencePoint vc="4" uspid="4399" ordinal="0" offset="0" sl="130" sc="112" el="130" ec="126" bec="0" bev="0" fileid="84" />
              </SequencePoints>
              <BranchPoints />
              <MethodPoint xsi:type="SequencePoint" vc="4" uspid="4399" ordinal="0" offset="0" sl="130" sc="112" el="130" ec="126" bec="0" bev="0" fileid="84" />
            </Method>
            <Method visited="true" cyclomaticComplexity="1" nPathComplexity="0" sequenceCoverage="100" branchCoverage="100" isConstructor="false" isStatic="false" isGetter="false" isSetter="false">
              <Summary numSequencePoints="1" visitedSequencePoints="1" numBranchPoints="1" visitedBranchPoints="1" sequenceCoverage="100" branchCoverage="100" maxCyclomaticComplexity="1" minCyclomaticComplexity="1" visitedClasses="0" numClasses="0" visitedMethods="1" numMethods="1" />
              <MetadataToken>100666955</MetadataToken>
              <Name>SportsWeb.Models.PitchModel SportsWeb.Services.Services.SiteServiceAmp/&lt;&gt;c::&lt;GetSiteState&gt;b__6_3(SportsWeb.Entities.Pitch)</Name>
              <FileRef uid="84" />
              <SequencePoints>
                <SequencePoint vc="4" uspid="4400" ordinal="0" offset="0" sl="130" sc="140" el="134" ec="26" bec="0" bev="0" fileid="84" />
              </SequencePoints>
              <BranchPoints />
              <MethodPoint xsi:type="SequencePoint" vc="4" uspid="4400" ordinal="0" offset="0" sl="130" sc="140" el="134" ec="26" bec="0" bev="0" fileid="84" />
            </Method>
            <Method visited="true" cyclomaticComplexity="1" nPathComplexity="0" sequenceCoverage="100" branchCoverage="100" isConstructor="false" isStatic="false" isGetter="false" isSetter="false">
              <Summary numSequencePoints="1" visitedSequencePoints="1" numBranchPoints="1" visitedBranchPoints="1" sequenceCoverage="100" branchCoverage="100" maxCyclomaticComplexity="1" minCyclomaticComplexity="1" visitedClasses="0" numClasses="0" visitedMethods="1" numMethods="1" />
              <MetadataToken>100666956</MetadataToken>
              <Name>System.Guid SportsWeb.Services.Services.SiteServiceAmp/&lt;&gt;c::&lt;GetSites&gt;b__8_0(SportsWeb.Entities.User)</Name>
              <FileRef uid="84" />
              <SequencePoints>
                <SequencePoint vc="3" uspid="4401" ordinal="0" offset="0" sl="221" sc="53" el="221" ec="62" bec="0" bev="0" fileid="84" />
              </SequencePoints>
              <BranchPoints />
              <MethodPoint xsi:type="SequencePoint" vc="3" uspid="4401" ordinal="0" offset="0" sl="221" sc="53" el="221" ec="62" bec="0" bev="0" fileid="84" />
            </Method>
            <Method visited="true" cyclomaticComplexity="1" nPathComplexity="0" sequenceCoverage="100" branchCoverage="100" isConstructor="false" isStatic="false" isGetter="false" isSetter="false">
              <Summary numSequencePoints="1" visitedSequencePoints="1" numBranchPoints="1" visitedBranchPoints="1" sequenceCoverage="100" branchCoverage="100" maxCyclomaticComplexity="1" minCyclomaticComplexity="1" visitedClasses="0" numClasses="0" visitedMethods="1" numMethods="1" />
              <MetadataToken>100666957</MetadataToken>
              <Name>System.Boolean SportsWeb.Services.Services.SiteServiceAmp/&lt;&gt;c::&lt;GetSchedulingAppUser&gt;b__10_1(SportsWeb.Entities.ScenePermissions)</Name>
              <FileRef uid="84" />
              <SequencePoints>
                <SequencePoint vc="3" uspid="4402" ordinal="0" offset="0" sl="283" sc="76" el="283" ec="130" bec="0" bev="0" fileid="84" />
              </SequencePoints>
              <BranchPoints />
              <MethodPoint xsi:type="SequencePoint" vc="3" uspid="4402" ordinal="0" offset="0" sl="283" sc="76" el="283" ec="130" bec="0" bev="0" fileid="84" />
            </Method>
            <Method visited="false" cyclomaticComplexity="1" nPathComplexity="0" sequenceCoverage="0" branchCoverage="0" isConstructor="false" isStatic="false" isGetter="false" isSetter="false">
              <Summary numSequencePoints="1" visitedSequencePoints="0" numBranchPoints="1" visitedBranchPoints="0" sequenceCoverage="0" branchCoverage="0" maxCyclomaticComplexity="1" minCyclomaticComplexity="1" visitedClasses="0" numClasses="0" visitedMethods="0" numMethods="1" />
              <MetadataToken>100666958</MetadataToken>
              <Name>System.Boolean SportsWeb.Services.Services.SiteServiceAmp/&lt;&gt;c::&lt;GetOpenApiUser&gt;b__11_1(SportsWeb.Entities.ScenePermissions)</Name>
              <FileRef uid="84" />
              <SequencePoints>
                <SequencePoint vc="0" uspid="4403" ordinal="0" offset="0" sl="293" sc="76" el="293" ec="129" bec="0" bev="0" fileid="84" />
              </SequencePoints>
              <BranchPoints />
              <MethodPoint xsi:type="SequencePoint" vc="0" uspid="4403" ordinal="0" offset="0" sl="293" sc="76" el="293" ec="129" bec="0" bev="0" fileid="84" />
            </Method>
          </Methods>
        </Class>
        <Class>
          <Summary numSequencePoints="0" visitedSequencePoints="0" numBranchPoints="0" visitedBranchPoints="0" sequenceCoverage="0" branchCoverage="0" maxCyclomaticComplexity="1" minCyclomaticComplexity="1" visitedClasses="0" numClasses="0" visitedMethods="0" numMethods="0" />
          <FullName>SportsWeb.Services.Services.SiteServiceAmp/&lt;&gt;c__DisplayClass4_0</FullName>
          <Methods>
            <Method visited="true" cyclomaticComplexity="1" nPathComplexity="0" sequenceCoverage="0" branchCoverage="0" isConstructor="true" isStatic="false" isGetter="false" isSetter="false">
              <Summary numSequencePoints="0" visitedSequencePoints="0" numBranchPoints="0" visitedBranchPoints="0" sequenceCoverage="0" branchCoverage="0" maxCyclomaticComplexity="1" minCyclomaticComplexity="1" visitedClasses="0" numClasses="0" visitedMethods="0" numMethods="0" />
              <MetadataToken>100666959</MetadataToken>
              <Name>System.Void SportsWeb.Services.Services.SiteServiceAmp/&lt;&gt;c__DisplayClass4_0::.ctor()</Name>
              <SequencePoints />
              <BranchPoints />
              <MethodPoint vc="3" uspid="4404" ordinal="0" offset="0" />
            </Method>
          </Methods>
        </Class>
        <Class>
          <Summary numSequencePoints="1" visitedSequencePoints="1" numBranchPoints="1" visitedBranchPoints="1" sequenceCoverage="100" branchCoverage="100" maxCyclomaticComplexity="1" minCyclomaticComplexity="1" visitedClasses="1" numClasses="1" visitedMethods="1" numMethods="1" />
          <FullName>SportsWeb.Services.Services.SiteServiceAmp/&lt;&gt;c__DisplayClass5_0</FullName>
          <Methods>
            <Method visited="true" cyclomaticComplexity="1" nPathComplexity="0" sequenceCoverage="0" branchCoverage="0" isConstructor="true" isStatic="false" isGetter="false" isSetter="false">
              <Summary numSequencePoints="0" visitedSequencePoints="0" numBranchPoints="0" visitedBranchPoints="0" sequenceCoverage="0" branchCoverage="0" maxCyclomaticComplexity="1" minCyclomaticComplexity="1" visitedClasses="0" numClasses="0" visitedMethods="0" numMethods="0" />
              <MetadataToken>100666960</MetadataToken>
              <Name>System.Void SportsWeb.Services.Services.SiteServiceAmp/&lt;&gt;c__DisplayClass5_0::.ctor()</Name>
              <SequencePoints />
              <BranchPoints />
              <MethodPoint vc="2" uspid="4405" ordinal="0" offset="0" />
            </Method>
            <Method visited="true" cyclomaticComplexity="1" nPathComplexity="0" sequenceCoverage="100" branchCoverage="100" isConstructor="false" isStatic="false" isGetter="false" isSetter="false">
              <Summary numSequencePoints="1" visitedSequencePoints="1" numBranchPoints="1" visitedBranchPoints="1" sequenceCoverage="100" branchCoverage="100" maxCyclomaticComplexity="1" minCyclomaticComplexity="1" visitedClasses="0" numClasses="0" visitedMethods="1" numMethods="1" />
              <MetadataToken>100666961</MetadataToken>
              <Name>System.Boolean SportsWeb.Services.Services.SiteServiceAmp/&lt;&gt;c__DisplayClass5_0::&lt;FieldsIntersect&gt;b__0(SportsWeb.Models.Field)</Name>
              <FileRef uid="84" />
              <SequencePoints>
                <SequencePoint vc="4" uspid="4406" ordinal="0" offset="13" sl="107" sc="52" el="107" ec="105" bec="0" bev="0" fileid="84" />
              </SequencePoints>
              <BranchPoints />
              <MethodPoint vc="4" uspid="4407" ordinal="0" offset="0" />
            </Method>
          </Methods>
        </Class>
        <Class>
          <Summary numSequencePoints="1" visitedSequencePoints="1" numBranchPoints="1" visitedBranchPoints="1" sequenceCoverage="100" branchCoverage="100" maxCyclomaticComplexity="1" minCyclomaticComplexity="1" visitedClasses="1" numClasses="1" visitedMethods="1" numMethods="1" />
          <FullName>SportsWeb.Services.Services.SiteServiceAmp/&lt;&gt;c__DisplayClass5_1</FullName>
          <Methods>
            <Method visited="true" cyclomaticComplexity="1" nPathComplexity="0" sequenceCoverage="0" branchCoverage="0" isConstructor="true" isStatic="false" isGetter="false" isSetter="false">
              <Summary numSequencePoints="0" visitedSequencePoints="0" numBranchPoints="0" visitedBranchPoints="0" sequenceCoverage="0" branchCoverage="0" maxCyclomaticComplexity="1" minCyclomaticComplexity="1" visitedClasses="0" numClasses="0" visitedMethods="0" numMethods="0" />
              <MetadataToken>100666962</MetadataToken>
              <Name>System.Void SportsWeb.Services.Services.SiteServiceAmp/&lt;&gt;c__DisplayClass5_1::.ctor()</Name>
              <SequencePoints />
              <BranchPoints />
              <MethodPoint vc="4" uspid="4408" ordinal="0" offset="0" />
            </Method>
            <Method visited="true" cyclomaticComplexity="1" nPathComplexity="0" sequenceCoverage="100" branchCoverage="100" isConstructor="false" isStatic="false" isGetter="false" isSetter="false">
              <Summary numSequencePoints="1" visitedSequencePoints="1" numBranchPoints="1" visitedBranchPoints="1" sequenceCoverage="100" branchCoverage="100" maxCyclomaticComplexity="1" minCyclomaticComplexity="1" visitedClasses="0" numClasses="0" visitedMethods="1" numMethods="1" />
              <MetadataToken>100666963</MetadataToken>
              <Name>System.Boolean SportsWeb.Services.Services.SiteServiceAmp/&lt;&gt;c__DisplayClass5_1::&lt;FieldsIntersect&gt;b__1(SportsWeb.Models.PitchModel)</Name>
              <FileRef uid="84" />
              <SequencePoints>
                <SequencePoint vc="4" uspid="4409" ordinal="0" offset="0" sl="107" sc="76" el="107" ec="104" bec="0" bev="0" fileid="84" />
              </SequencePoints>
              <BranchPoints />
              <MethodPoint xsi:type="SequencePoint" vc="4" uspid="4409" ordinal="0" offset="0" sl="107" sc="76" el="107" ec="104" bec="0" bev="0" fileid="84" />
            </Method>
          </Methods>
        </Class>
        <Class>
          <Summary numSequencePoints="0" visitedSequencePoints="0" numBranchPoints="0" visitedBranchPoints="0" sequenceCoverage="0" branchCoverage="0" maxCyclomaticComplexity="1" minCyclomaticComplexity="1" visitedClasses="0" numClasses="0" visitedMethods="0" numMethods="0" />
          <FullName>SportsWeb.Services.Services.SiteServiceAmp/&lt;&gt;c__DisplayClass6_0</FullName>
          <Methods>
            <Method visited="true" cyclomaticComplexity="1" nPathComplexity="0" sequenceCoverage="0" branchCoverage="0" isConstructor="true" isStatic="false" isGetter="false" isSetter="false">
              <Summary numSequencePoints="0" visitedSequencePoints="0" numBranchPoints="0" visitedBranchPoints="0" sequenceCoverage="0" branchCoverage="0" maxCyclomaticComplexity="1" minCyclomaticComplexity="1" visitedClasses="0" numClasses="0" visitedMethods="0" numMethods="0" />
              <MetadataToken>100666964</MetadataToken>
              <Name>System.Void SportsWeb.Services.Services.SiteServiceAmp/&lt;&gt;c__DisplayClass6_0::.ctor()</Name>
              <SequencePoints />
              <BranchPoints />
              <MethodPoint vc="4" uspid="4410" ordinal="0" offset="0" />
            </Method>
          </Methods>
        </Class>
        <Class>
          <Summary numSequencePoints="0" visitedSequencePoints="0" numBranchPoints="0" visitedBranchPoints="0" sequenceCoverage="0" branchCoverage="0" maxCyclomaticComplexity="1" minCyclomaticComplexity="1" visitedClasses="0" numClasses="0" visitedMethods="0" numMethods="0" />
          <FullName>SportsWeb.Services.Services.SiteServiceAmp/&lt;&gt;c__DisplayClass7_0</FullName>
          <Methods>
            <Method visited="true" cyclomaticComplexity="1" nPathComplexity="0" sequenceCoverage="0" branchCoverage="0" isConstructor="true" isStatic="false" isGetter="false" isSetter="false">
              <Summary numSequencePoints="0" visitedSequencePoints="0" numBranchPoints="0" visitedBranchPoints="0" sequenceCoverage="0" branchCoverage="0" maxCyclomaticComplexity="1" minCyclomaticComplexity="1" visitedClasses="0" numClasses="0" visitedMethods="0" numMethods="0" />
              <MetadataToken>100666965</MetadataToken>
              <Name>System.Void SportsWeb.Services.Services.SiteServiceAmp/&lt;&gt;c__DisplayClass7_0::.ctor()</Name>
              <SequencePoints />
              <BranchPoints />
              <MethodPoint vc="2" uspid="4411" ordinal="0" offset="0" />
            </Method>
          </Methods>
        </Class>
        <Class>
          <Summary numSequencePoints="0" visitedSequencePoints="0" numBranchPoints="0" visitedBranchPoints="0" sequenceCoverage="0" branchCoverage="0" maxCyclomaticComplexity="1" minCyclomaticComplexity="1" visitedClasses="0" numClasses="0" visitedMethods="0" numMethods="0" />
          <FullName>SportsWeb.Services.Services.SiteServiceAmp/&lt;&gt;c__DisplayClass8_0</FullName>
          <Methods>
            <Method visited="true" cyclomaticComplexity="1" nPathComplexity="0" sequenceCoverage="0" branchCoverage="0" isConstructor="true" isStatic="false" isGetter="false" isSetter="false">
              <Summary numSequencePoints="0" visitedSequencePoints="0" numBranchPoints="0" visitedBranchPoints="0" sequenceCoverage="0" branchCoverage="0" maxCyclomaticComplexity="1" minCyclomaticComplexity="1" visitedClasses="0" numClasses="0" visitedMethods="0" numMethods="0" />
              <MetadataToken>100666966</MetadataToken>
              <Name>System.Void SportsWeb.Services.Services.SiteServiceAmp/&lt;&gt;c__DisplayClass8_0::.ctor()</Name>
              <SequencePoints />
              <BranchPoints />
              <MethodPoint vc="4" uspid="4412" ordinal="0" offset="0" />
            </Method>
          </Methods>
        </Class>
        <Class>
          <Summary numSequencePoints="0" visitedSequencePoints="0" numBranchPoints="0" visitedBranchPoints="0" sequenceCoverage="0" branchCoverage="0" maxCyclomaticComplexity="1" minCyclomaticComplexity="1" visitedClasses="0" numClasses="0" visitedMethods="0" numMethods="0" />
          <FullName>SportsWeb.Services.Services.SiteServiceAmp/&lt;&gt;c__DisplayClass9_0</FullName>
          <Methods>
            <Method visited="true" cyclomaticComplexity="1" nPathComplexity="0" sequenceCoverage="0" branchCoverage="0" isConstructor="true" isStatic="false" isGetter="false" isSetter="false">
              <Summary numSequencePoints="0" visitedSequencePoints="0" numBranchPoints="0" visitedBranchPoints="0" sequenceCoverage="0" branchCoverage="0" maxCyclomaticComplexity="1" minCyclomaticComplexity="1" visitedClasses="0" numClasses="0" visitedMethods="0" numMethods="0" />
              <MetadataToken>100666967</MetadataToken>
              <Name>System.Void SportsWeb.Services.Services.SiteServiceAmp/&lt;&gt;c__DisplayClass9_0::.ctor()</Name>
              <SequencePoints />
              <BranchPoints />
              <MethodPoint vc="2" uspid="4413" ordinal="0" offset="0" />
            </Method>
          </Methods>
        </Class>
        <Class>
          <Summary numSequencePoints="0" visitedSequencePoints="0" numBranchPoints="0" visitedBranchPoints="0" sequenceCoverage="0" branchCoverage="0" maxCyclomaticComplexity="1" minCyclomaticComplexity="1" visitedClasses="0" numClasses="0" visitedMethods="0" numMethods="0" />
          <FullName>SportsWeb.Services.Services.SiteServiceAmp/&lt;&gt;c__DisplayClass10_0</FullName>
          <Methods>
            <Method visited="true" cyclomaticComplexity="1" nPathComplexity="0" sequenceCoverage="0" branchCoverage="0" isConstructor="true" isStatic="false" isGetter="false" isSetter="false">
              <Summary numSequencePoints="0" visitedSequencePoints="0" numBranchPoints="0" visitedBranchPoints="0" sequenceCoverage="0" branchCoverage="0" maxCyclomaticComplexity="1" minCyclomaticComplexity="1" visitedClasses="0" numClasses="0" visitedMethods="0" numMethods="0" />
              <MetadataToken>100666968</MetadataToken>
              <Name>System.Void SportsWeb.Services.Services.SiteServiceAmp/&lt;&gt;c__DisplayClass10_0::.ctor()</Name>
              <SequencePoints />
              <BranchPoints />
              <MethodPoint vc="2" uspid="4414" ordinal="0" offset="0" />
            </Method>
          </Methods>
        </Class>
        <Class>
          <Summary numSequencePoints="1" visitedSequencePoints="1" numBranchPoints="1" visitedBranchPoints="1" sequenceCoverage="100" branchCoverage="100" maxCyclomaticComplexity="1" minCyclomaticComplexity="1" visitedClasses="1" numClasses="1" visitedMethods="1" numMethods="1" />
          <FullName>SportsWeb.Services.Services.SiteServiceAmp/&lt;&gt;c__DisplayClass10_1</FullName>
          <Methods>
            <Method visited="true" cyclomaticComplexity="1" nPathComplexity="0" sequenceCoverage="0" branchCoverage="0" isConstructor="true" isStatic="false" isGetter="false" isSetter="false">
              <Summary numSequencePoints="0" visitedSequencePoints="0" numBranchPoints="0" visitedBranchPoints="0" sequenceCoverage="0" branchCoverage="0" maxCyclomaticComplexity="1" minCyclomaticComplexity="1" visitedClasses="0" numClasses="0" visitedMethods="0" numMethods="0" />
              <MetadataToken>100666969</MetadataToken>
              <Name>System.Void SportsWeb.Services.Services.SiteServiceAmp/&lt;&gt;c__DisplayClass10_1::.ctor()</Name>
              <SequencePoints />
              <BranchPoints />
              <MethodPoint vc="2" uspid="4415" ordinal="0" offset="0" />
            </Method>
            <Method visited="true" cyclomaticComplexity="1" nPathComplexity="0" sequenceCoverage="100" branchCoverage="100" isConstructor="false" isStatic="false" isGetter="false" isSetter="false">
              <Summary numSequencePoints="1" visitedSequencePoints="1" numBranchPoints="1" visitedBranchPoints="1" sequenceCoverage="100" branchCoverage="100" maxCyclomaticComplexity="1" minCyclomaticComplexity="1" visitedClasses="0" numClasses="0" visitedMethods="1" numMethods="1" />
              <MetadataToken>100666970</MetadataToken>
              <Name>SportsWeb.Entities.User SportsWeb.Services.Services.SiteServiceAmp/&lt;&gt;c__DisplayClass10_1::&lt;GetSchedulingAppUser&gt;b__2(SportsWeb.Entities.ScenePermissions)</Name>
              <FileRef uid="84" />
              <SequencePoints>
                <SequencePoint vc="2" uspid="4416" ordinal="0" offset="0" sl="283" sc="138" el="283" ec="142" bec="0" bev="0" fileid="84" />
              </SequencePoints>
              <BranchPoints />
              <MethodPoint xsi:type="SequencePoint" vc="2" uspid="4416" ordinal="0" offset="0" sl="283" sc="138" el="283" ec="142" bec="0" bev="0" fileid="84" />
            </Method>
          </Methods>
        </Class>
        <Class>
          <Summary numSequencePoints="0" visitedSequencePoints="0" numBranchPoints="0" visitedBranchPoints="0" sequenceCoverage="0" branchCoverage="0" maxCyclomaticComplexity="1" minCyclomaticComplexity="1" visitedClasses="0" numClasses="0" visitedMethods="0" numMethods="0" />
          <FullName>SportsWeb.Services.Services.SiteServiceAmp/&lt;&gt;c__DisplayClass11_0</FullName>
          <Methods>
            <Method visited="false" cyclomaticComplexity="1" nPathComplexity="0" sequenceCoverage="0" branchCoverage="0" isConstructor="true" isStatic="false" isGetter="false" isSetter="false">
              <Summary numSequencePoints="0" visitedSequencePoints="0" numBranchPoints="0" visitedBranchPoints="0" sequenceCoverage="0" branchCoverage="0" maxCyclomaticComplexity="1" minCyclomaticComplexity="1" visitedClasses="0" numClasses="0" visitedMethods="0" numMethods="0" />
              <MetadataToken>100666971</MetadataToken>
              <Name>System.Void SportsWeb.Services.Services.SiteServiceAmp/&lt;&gt;c__DisplayClass11_0::.ctor()</Name>
              <SequencePoints />
              <BranchPoints />
              <MethodPoint vc="0" uspid="4417" ordinal="0" offset="0" />
            </Method>
          </Methods>
        </Class>
        <Class>
          <Summary numSequencePoints="1" visitedSequencePoints="0" numBranchPoints="1" visitedBranchPoints="0" sequenceCoverage="0" branchCoverage="0" maxCyclomaticComplexity="1" minCyclomaticComplexity="1" visitedClasses="0" numClasses="1" visitedMethods="0" numMethods="1" />
          <FullName>SportsWeb.Services.Services.SiteServiceAmp/&lt;&gt;c__DisplayClass11_1</FullName>
          <Methods>
            <Method visited="false" cyclomaticComplexity="1" nPathComplexity="0" sequenceCoverage="0" branchCoverage="0" isConstructor="true" isStatic="false" isGetter="false" isSetter="false">
              <Summary numSequencePoints="0" visitedSequencePoints="0" numBranchPoints="0" visitedBranchPoints="0" sequenceCoverage="0" branchCoverage="0" maxCyclomaticComplexity="1" minCyclomaticComplexity="1" visitedClasses="0" numClasses="0" visitedMethods="0" numMethods="0" />
              <MetadataToken>100666972</MetadataToken>
              <Name>System.Void SportsWeb.Services.Services.SiteServiceAmp/&lt;&gt;c__DisplayClass11_1::.ctor()</Name>
              <SequencePoints />
              <BranchPoints />
              <MethodPoint vc="0" uspid="4418" ordinal="0" offset="0" />
            </Method>
            <Method visited="false" cyclomaticComplexity="1" nPathComplexity="0" sequenceCoverage="0" branchCoverage="0" isConstructor="false" isStatic="false" isGetter="false" isSetter="false">
              <Summary numSequencePoints="1" visitedSequencePoints="0" numBranchPoints="1" visitedBranchPoints="0" sequenceCoverage="0" branchCoverage="0" maxCyclomaticComplexity="1" minCyclomaticComplexity="1" visitedClasses="0" numClasses="0" visitedMethods="0" numMethods="1" />
              <MetadataToken>100666973</MetadataToken>
              <Name>SportsWeb.Entities.User SportsWeb.Services.Services.SiteServiceAmp/&lt;&gt;c__DisplayClass11_1::&lt;GetOpenApiUser&gt;b__2(SportsWeb.Entities.ScenePermissions)</Name>
              <FileRef uid="84" />
              <SequencePoints>
                <SequencePoint vc="0" uspid="4419" ordinal="0" offset="0" sl="293" sc="137" el="293" ec="141" bec="0" bev="0" fileid="84" />
              </SequencePoints>
              <BranchPoints />
              <MethodPoint xsi:type="SequencePoint" vc="0" uspid="4419" ordinal="0" offset="0" sl="293" sc="137" el="293" ec="141" bec="0" bev="0" fileid="84" />
            </Method>
          </Methods>
        </Class>
        <Class>
          <Summary numSequencePoints="38" visitedSequencePoints="0" numBranchPoints="8" visitedBranchPoints="0" sequenceCoverage="0" branchCoverage="0" maxCyclomaticComplexity="9" minCyclomaticComplexity="1" visitedClasses="0" numClasses="1" visitedMethods="0" numMethods="2" />
          <FullName>SportsWeb.Services.Services.Validation.ValidateEndUserApplicationPermission</FullName>
          <Methods>
            <Method visited="false" cyclomaticComplexity="9" nPathComplexity="4" sequenceCoverage="0" branchCoverage="0" isConstructor="false" isStatic="false" isGetter="false" isSetter="false">
              <Summary numSequencePoints="21" visitedSequencePoints="0" numBranchPoints="5" visitedBranchPoints="0" sequenceCoverage="0" branchCoverage="0" maxCyclomaticComplexity="9" minCyclomaticComplexity="9" visitedClasses="0" numClasses="0" visitedMethods="0" numMethods="1" />
              <MetadataToken>100663760</MetadataToken>
              <Name>System.Boolean SportsWeb.Services.Services.Validation.ValidateEndUserApplicationPermission::ValidateField(System.Guid,System.String)</Name>
              <FileRef uid="90" />
              <SequencePoints>
                <SequencePoint vc="0" uspid="4420" ordinal="0" offset="20" sl="12" sc="9" el="12" ec="10" bec="0" bev="0" fileid="90" />
                <SequencePoint vc="0" uspid="4421" ordinal="1" offset="21" sl="13" sc="20" el="13" ec="47" bec="0" bev="0" fileid="90" />
                <SequencePoint vc="0" uspid="4422" ordinal="2" offset="41" sl="14" sc="13" el="14" ec="14" bec="0" bev="0" fileid="90" />
                <SequencePoint vc="0" uspid="4423" ordinal="3" offset="42" sl="15" sc="17" el="15" ec="73" bec="0" bev="0" fileid="90" />
                <SequencePoint vc="0" uspid="4424" ordinal="4" offset="49" sl="16" sc="17" el="16" ec="71" bec="0" bev="0" fileid="90" />
                <SequencePoint vc="0" uspid="4425" ordinal="5" offset="57" sl="18" sc="17" el="18" ec="119" bec="0" bev="0" fileid="90" />
                <SequencePoint vc="0" uspid="4426" ordinal="6" offset="259" sl="19" sc="17" el="19" ec="36" bec="2" bev="0" fileid="90" />
                <SequencePoint vc="0" uspid="4427" ordinal="7" offset="279" sl="19" sc="37" el="19" ec="50" bec="0" bev="0" fileid="90" />
                <SequencePoint vc="0" uspid="4428" ordinal="8" offset="287" sl="23" sc="17" el="24" ec="96" bec="0" bev="0" fileid="90" />
                <SequencePoint vc="0" uspid="4429" ordinal="9" offset="556" sl="26" sc="17" el="26" ec="24" bec="0" bev="0" fileid="90" />
                <SequencePoint vc="0" uspid="4430" ordinal="10" offset="557" sl="26" sc="38" el="26" ec="43" bec="0" bev="0" fileid="90" />
                <SequencePoint vc="0" uspid="4431" ordinal="11" offset="568" sl="26" sc="26" el="26" ec="34" bec="0" bev="0" fileid="90" />
                <SequencePoint vc="0" uspid="4432" ordinal="12" offset="577" sl="27" sc="17" el="27" ec="18" bec="0" bev="0" fileid="90" />
                <SequencePoint vc="0" uspid="4433" ordinal="13" offset="578" sl="28" sc="21" el="28" ec="160" bec="2" bev="0" fileid="90" />
                <SequencePoint vc="0" uspid="4434" ordinal="14" offset="627" sl="29" sc="21" el="29" ec="22" bec="0" bev="0" fileid="90" />
                <SequencePoint vc="0" uspid="4435" ordinal="15" offset="628" sl="30" sc="25" el="30" ec="37" bec="0" bev="0" fileid="90" />
                <SequencePoint vc="0" uspid="4436" ordinal="16" offset="633" sl="32" sc="17" el="32" ec="18" bec="0" bev="0" fileid="90" />
                <SequencePoint vc="0" uspid="4437" ordinal="17" offset="634" sl="26" sc="35" el="26" ec="37" bec="0" bev="0" fileid="90" />
                <SequencePoint vc="0" uspid="4438" ordinal="18" offset="658" sl="33" sc="13" el="33" ec="14" bec="0" bev="0" fileid="90" />
                <SequencePoint vc="0" uspid="4439" ordinal="19" offset="672" sl="34" sc="13" el="34" ec="26" bec="0" bev="0" fileid="90" />
                <SequencePoint vc="0" uspid="4440" ordinal="20" offset="677" sl="35" sc="9" el="35" ec="10" bec="0" bev="0" fileid="90" />
              </SequencePoints>
              <BranchPoints>
                <BranchPoint vc="0" uspid="4443" ordinal="2" offset="277" sl="19" path="0" offsetend="279" fileid="90" />
                <BranchPoint vc="0" uspid="4444" ordinal="3" offset="277" sl="19" path="1" offsetend="287" fileid="90" />
                <BranchPoint vc="0" uspid="4447" ordinal="6" offset="625" sl="28" path="0" offsetend="627" fileid="90" />
                <BranchPoint vc="0" uspid="4448" ordinal="7" offset="625" sl="28" path="1" offsetend="633" fileid="90" />
              </BranchPoints>
              <MethodPoint vc="0" uspid="4451" ordinal="0" offset="0" />
            </Method>
            <Method visited="false" cyclomaticComplexity="6" nPathComplexity="2" sequenceCoverage="0" branchCoverage="0" isConstructor="false" isStatic="false" isGetter="false" isSetter="false">
              <Summary numSequencePoints="17" visitedSequencePoints="0" numBranchPoints="3" visitedBranchPoints="0" sequenceCoverage="0" branchCoverage="0" maxCyclomaticComplexity="6" minCyclomaticComplexity="6" visitedClasses="0" numClasses="0" visitedMethods="0" numMethods="1" />
              <MetadataToken>100663761</MetadataToken>
              <Name>System.Boolean SportsWeb.Services.Services.Validation.ValidateEndUserApplicationPermission::ValidateSite(System.Guid,System.String)</Name>
              <FileRef uid="90" />
              <SequencePoints>
                <SequencePoint vc="0" uspid="4452" ordinal="0" offset="20" sl="38" sc="9" el="38" ec="10" bec="0" bev="0" fileid="90" />
                <SequencePoint vc="0" uspid="4453" ordinal="1" offset="21" sl="39" sc="20" el="39" ec="47" bec="0" bev="0" fileid="90" />
                <SequencePoint vc="0" uspid="4454" ordinal="2" offset="28" sl="40" sc="13" el="40" ec="14" bec="0" bev="0" fileid="90" />
                <SequencePoint vc="0" uspid="4455" ordinal="3" offset="29" sl="41" sc="17" el="41" ec="71" bec="0" bev="0" fileid="90" />
                <SequencePoint vc="0" uspid="4456" ordinal="4" offset="36" sl="43" sc="17" el="44" ec="96" bec="0" bev="0" fileid="90" />
                <SequencePoint vc="0" uspid="4457" ordinal="5" offset="273" sl="46" sc="17" el="46" ec="24" bec="0" bev="0" fileid="90" />
                <SequencePoint vc="0" uspid="4458" ordinal="6" offset="274" sl="46" sc="38" el="46" ec="43" bec="0" bev="0" fileid="90" />
                <SequencePoint vc="0" uspid="4459" ordinal="7" offset="284" sl="46" sc="26" el="46" ec="34" bec="0" bev="0" fileid="90" />
                <SequencePoint vc="0" uspid="4460" ordinal="8" offset="293" sl="47" sc="17" el="47" ec="18" bec="0" bev="0" fileid="90" />
                <SequencePoint vc="0" uspid="4461" ordinal="9" offset="294" sl="48" sc="21" el="48" ec="160" bec="2" bev="0" fileid="90" />
                <SequencePoint vc="0" uspid="4462" ordinal="10" offset="343" sl="49" sc="21" el="49" ec="22" bec="0" bev="0" fileid="90" />
                <SequencePoint vc="0" uspid="4463" ordinal="11" offset="344" sl="50" sc="25" el="50" ec="37" bec="0" bev="0" fileid="90" />
                <SequencePoint vc="0" uspid="4464" ordinal="12" offset="349" sl="52" sc="17" el="52" ec="18" bec="0" bev="0" fileid="90" />
                <SequencePoint vc="0" uspid="4465" ordinal="13" offset="350" sl="46" sc="35" el="46" ec="37" bec="0" bev="0" fileid="90" />
                <SequencePoint vc="0" uspid="4466" ordinal="14" offset="374" sl="54" sc="13" el="54" ec="14" bec="0" bev="0" fileid="90" />
                <SequencePoint vc="0" uspid="4467" ordinal="15" offset="388" sl="55" sc="13" el="55" ec="26" bec="0" bev="0" fileid="90" />
                <SequencePoint vc="0" uspid="4468" ordinal="16" offset="393" sl="57" sc="9" el="57" ec="10" bec="0" bev="0" fileid="90" />
              </SequencePoints>
              <BranchPoints>
                <BranchPoint vc="0" uspid="4471" ordinal="2" offset="341" sl="48" path="0" offsetend="343" fileid="90" />
                <BranchPoint vc="0" uspid="4472" ordinal="3" offset="341" sl="48" path="1" offsetend="349" fileid="90" />
              </BranchPoints>
              <MethodPoint vc="0" uspid="4475" ordinal="0" offset="0" />
            </Method>
            <Method visited="false" cyclomaticComplexity="1" nPathComplexity="0" sequenceCoverage="0" branchCoverage="0" isConstructor="true" isStatic="false" isGetter="false" isSetter="false">
              <Summary numSequencePoints="0" visitedSequencePoints="0" numBranchPoints="0" visitedBranchPoints="0" sequenceCoverage="0" branchCoverage="0" maxCyclomaticComplexity="1" minCyclomaticComplexity="1" visitedClasses="0" numClasses="0" visitedMethods="0" numMethods="0" />
              <MetadataToken>100663762</MetadataToken>
              <Name>System.Void SportsWeb.Services.Services.Validation.ValidateEndUserApplicationPermission::.ctor()</Name>
              <SequencePoints />
              <BranchPoints />
              <MethodPoint vc="0" uspid="4476" ordinal="0" offset="0" />
            </Method>
          </Methods>
        </Class>
        <Class>
          <Summary numSequencePoints="0" visitedSequencePoints="0" numBranchPoints="0" visitedBranchPoints="0" sequenceCoverage="0" branchCoverage="0" maxCyclomaticComplexity="1" minCyclomaticComplexity="1" visitedClasses="0" numClasses="0" visitedMethods="0" numMethods="0" />
          <FullName>SportsWeb.Services.Services.Validation.ValidateEndUserApplicationPermission/&lt;&gt;c__DisplayClass0_0</FullName>
          <Methods>
            <Method visited="false" cyclomaticComplexity="1" nPathComplexity="0" sequenceCoverage="0" branchCoverage="0" isConstructor="true" isStatic="false" isGetter="false" isSetter="false">
              <Summary numSequencePoints="0" visitedSequencePoints="0" numBranchPoints="0" visitedBranchPoints="0" sequenceCoverage="0" branchCoverage="0" maxCyclomaticComplexity="1" minCyclomaticComplexity="1" visitedClasses="0" numClasses="0" visitedMethods="0" numMethods="0" />
              <MetadataToken>100666974</MetadataToken>
              <Name>System.Void SportsWeb.Services.Services.Validation.ValidateEndUserApplicationPermission/&lt;&gt;c__DisplayClass0_0::.ctor()</Name>
              <SequencePoints />
              <BranchPoints />
              <MethodPoint vc="0" uspid="4477" ordinal="0" offset="0" />
            </Method>
          </Methods>
        </Class>
        <Class>
          <Summary numSequencePoints="0" visitedSequencePoints="0" numBranchPoints="0" visitedBranchPoints="0" sequenceCoverage="0" branchCoverage="0" maxCyclomaticComplexity="1" minCyclomaticComplexity="1" visitedClasses="0" numClasses="0" visitedMethods="0" numMethods="0" />
          <FullName>SportsWeb.Services.Services.Validation.ValidateEndUserApplicationPermission/&lt;&gt;c__DisplayClass0_1</FullName>
          <Methods>
            <Method visited="false" cyclomaticComplexity="1" nPathComplexity="0" sequenceCoverage="0" branchCoverage="0" isConstructor="true" isStatic="false" isGetter="false" isSetter="false">
              <Summary numSequencePoints="0" visitedSequencePoints="0" numBranchPoints="0" visitedBranchPoints="0" sequenceCoverage="0" branchCoverage="0" maxCyclomaticComplexity="1" minCyclomaticComplexity="1" visitedClasses="0" numClasses="0" visitedMethods="0" numMethods="0" />
              <MetadataToken>100666975</MetadataToken>
              <Name>System.Void SportsWeb.Services.Services.Validation.ValidateEndUserApplicationPermission/&lt;&gt;c__DisplayClass0_1::.ctor()</Name>
              <SequencePoints />
              <BranchPoints />
              <MethodPoint vc="0" uspid="4478" ordinal="0" offset="0" />
            </Method>
          </Methods>
        </Class>
        <Class>
          <Summary numSequencePoints="2" visitedSequencePoints="0" numBranchPoints="2" visitedBranchPoints="0" sequenceCoverage="0" branchCoverage="0" maxCyclomaticComplexity="2" minCyclomaticComplexity="1" visitedClasses="0" numClasses="1" visitedMethods="0" numMethods="2" />
          <FullName>SportsWeb.Services.Services.Validation.ValidateEndUserApplicationPermission/&lt;&gt;c</FullName>
          <Methods>
            <Method visited="false" cyclomaticComplexity="1" nPathComplexity="0" sequenceCoverage="0" branchCoverage="0" isConstructor="true" isStatic="true" isGetter="false" isSetter="false">
              <Summary numSequencePoints="0" visitedSequencePoints="0" numBranchPoints="0" visitedBranchPoints="0" sequenceCoverage="0" branchCoverage="0" maxCyclomaticComplexity="1" minCyclomaticComplexity="1" visitedClasses="0" numClasses="0" visitedMethods="0" numMethods="0" />
              <MetadataToken>100666976</MetadataToken>
              <Name>System.Void SportsWeb.Services.Services.Validation.ValidateEndUserApplicationPermission/&lt;&gt;c::.cctor()</Name>
              <SequencePoints />
              <BranchPoints />
              <MethodPoint vc="0" uspid="4479" ordinal="0" offset="0" />
            </Method>
            <Method visited="false" cyclomaticComplexity="1" nPathComplexity="0" sequenceCoverage="0" branchCoverage="0" isConstructor="true" isStatic="false" isGetter="false" isSetter="false">
              <Summary numSequencePoints="0" visitedSequencePoints="0" numBranchPoints="0" visitedBranchPoints="0" sequenceCoverage="0" branchCoverage="0" maxCyclomaticComplexity="1" minCyclomaticComplexity="1" visitedClasses="0" numClasses="0" visitedMethods="0" numMethods="0" />
              <MetadataToken>100666977</MetadataToken>
              <Name>System.Void SportsWeb.Services.Services.Validation.ValidateEndUserApplicationPermission/&lt;&gt;c::.ctor()</Name>
              <SequencePoints />
              <BranchPoints />
              <MethodPoint vc="0" uspid="4480" ordinal="0" offset="0" />
            </Method>
            <Method visited="false" cyclomaticComplexity="2" nPathComplexity="0" sequenceCoverage="0" branchCoverage="0" isConstructor="false" isStatic="false" isGetter="false" isSetter="false">
              <Summary numSequencePoints="1" visitedSequencePoints="0" numBranchPoints="1" visitedBranchPoints="0" sequenceCoverage="0" branchCoverage="0" maxCyclomaticComplexity="2" minCyclomaticComplexity="2" visitedClasses="0" numClasses="0" visitedMethods="0" numMethods="1" />
              <MetadataToken>100666978</MetadataToken>
              <Name>System.Boolean SportsWeb.Services.Services.Validation.ValidateEndUserApplicationPermission/&lt;&gt;c::&lt;ValidateField&gt;b__0_2(SportsWeb.Entities.ScenePermissions)</Name>
              <FileRef uid="90" />
              <SequencePoints>
                <SequencePoint vc="0" uspid="4481" ordinal="0" offset="0" sl="28" sc="50" el="28" ec="158" bec="0" bev="0" fileid="90" />
              </SequencePoints>
              <BranchPoints />
              <MethodPoint xsi:type="SequencePoint" vc="0" uspid="4481" ordinal="0" offset="0" sl="28" sc="50" el="28" ec="158" bec="0" bev="0" fileid="90" />
            </Method>
            <Method visited="false" cyclomaticComplexity="2" nPathComplexity="0" sequenceCoverage="0" branchCoverage="0" isConstructor="false" isStatic="false" isGetter="false" isSetter="false">
              <Summary numSequencePoints="1" visitedSequencePoints="0" numBranchPoints="1" visitedBranchPoints="0" sequenceCoverage="0" branchCoverage="0" maxCyclomaticComplexity="2" minCyclomaticComplexity="2" visitedClasses="0" numClasses="0" visitedMethods="0" numMethods="1" />
              <MetadataToken>100666979</MetadataToken>
              <Name>System.Boolean SportsWeb.Services.Services.Validation.ValidateEndUserApplicationPermission/&lt;&gt;c::&lt;ValidateSite&gt;b__1_1(SportsWeb.Entities.ScenePermissions)</Name>
              <FileRef uid="90" />
              <SequencePoints>
                <SequencePoint vc="0" uspid="4484" ordinal="0" offset="0" sl="48" sc="50" el="48" ec="158" bec="0" bev="0" fileid="90" />
              </SequencePoints>
              <BranchPoints />
              <MethodPoint xsi:type="SequencePoint" vc="0" uspid="4484" ordinal="0" offset="0" sl="48" sc="50" el="48" ec="158" bec="0" bev="0" fileid="90" />
            </Method>
          </Methods>
        </Class>
        <Class>
          <Summary numSequencePoints="0" visitedSequencePoints="0" numBranchPoints="0" visitedBranchPoints="0" sequenceCoverage="0" branchCoverage="0" maxCyclomaticComplexity="1" minCyclomaticComplexity="1" visitedClasses="0" numClasses="0" visitedMethods="0" numMethods="0" />
          <FullName>SportsWeb.Services.Services.Validation.ValidateEndUserApplicationPermission/&lt;&gt;c__DisplayClass1_0</FullName>
          <Methods>
            <Method visited="false" cyclomaticComplexity="1" nPathComplexity="0" sequenceCoverage="0" branchCoverage="0" isConstructor="true" isStatic="false" isGetter="false" isSetter="false">
              <Summary numSequencePoints="0" visitedSequencePoints="0" numBranchPoints="0" visitedBranchPoints="0" sequenceCoverage="0" branchCoverage="0" maxCyclomaticComplexity="1" minCyclomaticComplexity="1" visitedClasses="0" numClasses="0" visitedMethods="0" numMethods="0" />
              <MetadataToken>100666980</MetadataToken>
              <Name>System.Void SportsWeb.Services.Services.Validation.ValidateEndUserApplicationPermission/&lt;&gt;c__DisplayClass1_0::.ctor()</Name>
              <SequencePoints />
              <BranchPoints />
              <MethodPoint vc="0" uspid="4487" ordinal="0" offset="0" />
            </Method>
          </Methods>
        </Class>
        <Class>
          <Summary numSequencePoints="34" visitedSequencePoints="12" numBranchPoints="24" visitedBranchPoints="6" sequenceCoverage="35.29" branchCoverage="25" maxCyclomaticComplexity="6" minCyclomaticComplexity="1" visitedClasses="1" numClasses="1" visitedMethods="2" numMethods="4" />
          <FullName>SportsWeb.Services.Services.Validation.ValidateInstallerUserPermission</FullName>
          <Methods>
            <Method visited="true" cyclomaticComplexity="3" nPathComplexity="4" sequenceCoverage="75" branchCoverage="60" isConstructor="false" isStatic="false" isGetter="false" isSetter="false">
              <Summary numSequencePoints="8" visitedSequencePoints="6" numBranchPoints="5" visitedBranchPoints="3" sequenceCoverage="75" branchCoverage="60" maxCyclomaticComplexity="3" minCyclomaticComplexity="3" visitedClasses="0" numClasses="0" visitedMethods="1" numMethods="1" />
              <MetadataToken>100663767</MetadataToken>
              <Name>System.Boolean SportsWeb.Services.Services.Validation.ValidateInstallerUserPermission::ValidateField(System.Guid,System.String)</Name>
              <FileRef uid="92" />
              <SequencePoints>
                <SequencePoint vc="2" uspid="4488" ordinal="0" offset="0" sl="22" sc="9" el="22" ec="10" bec="0" bev="0" fileid="92" />
                <SequencePoint vc="2" uspid="4489" ordinal="1" offset="1" sl="23" sc="13" el="23" ec="39" bec="2" bev="1" fileid="92" />
                <SequencePoint vc="0" uspid="4490" ordinal="2" offset="16" sl="24" sc="17" el="24" ec="82" bec="0" bev="0" fileid="92" />
                <SequencePoint vc="2" uspid="4491" ordinal="3" offset="27" sl="26" sc="13" el="26" ec="48" bec="2" bev="1" fileid="92" />
                <SequencePoint vc="0" uspid="4492" ordinal="4" offset="37" sl="27" sc="17" el="27" ec="82" bec="0" bev="0" fileid="92" />
                <SequencePoint vc="2" uspid="4493" ordinal="5" offset="48" sl="29" sc="13" el="29" ec="80" bec="0" bev="0" fileid="92" />
                <SequencePoint vc="2" uspid="4494" ordinal="6" offset="59" sl="30" sc="13" el="30" ec="109" bec="0" bev="0" fileid="92" />
                <SequencePoint vc="2" uspid="4495" ordinal="7" offset="82" sl="31" sc="9" el="31" ec="10" bec="0" bev="0" fileid="92" />
              </SequencePoints>
              <BranchPoints>
                <BranchPoint vc="0" uspid="4496" ordinal="0" offset="14" sl="23" path="0" offsetend="16" fileid="92" />
                <BranchPoint vc="2" uspid="4497" ordinal="1" offset="14" sl="23" path="1" offsetend="27" fileid="92" />
                <BranchPoint vc="0" uspid="4498" ordinal="2" offset="35" sl="26" path="0" offsetend="37" fileid="92" />
                <BranchPoint vc="2" uspid="4499" ordinal="3" offset="35" sl="26" path="1" offsetend="48" fileid="92" />
              </BranchPoints>
              <MethodPoint xsi:type="SequencePoint" vc="2" uspid="4488" ordinal="0" offset="0" sl="22" sc="9" el="22" ec="10" bec="0" bev="0" fileid="92" />
            </Method>
            <Method visited="false" cyclomaticComplexity="6" nPathComplexity="8" sequenceCoverage="0" branchCoverage="0" isConstructor="false" isStatic="false" isGetter="false" isSetter="false">
              <Summary numSequencePoints="9" visitedSequencePoints="0" numBranchPoints="7" visitedBranchPoints="0" sequenceCoverage="0" branchCoverage="0" maxCyclomaticComplexity="6" minCyclomaticComplexity="6" visitedClasses="0" numClasses="0" visitedMethods="0" numMethods="1" />
              <MetadataToken>100663768</MetadataToken>
              <Name>System.Boolean SportsWeb.Services.Services.Validation.ValidateInstallerUserPermission::ValidateField(System.Collections.Generic.List`1&lt;System.Guid&gt;,System.String)</Name>
              <FileRef uid="92" />
              <SequencePoints>
                <SequencePoint vc="0" uspid="4500" ordinal="0" offset="0" sl="34" sc="9" el="34" ec="10" bec="0" bev="0" fileid="92" />
                <SequencePoint vc="0" uspid="4501" ordinal="1" offset="1" sl="35" sc="13" el="35" ec="58" bec="4" bev="0" fileid="92" />
                <SequencePoint vc="0" uspid="4502" ordinal="2" offset="26" sl="36" sc="13" el="36" ec="14" bec="0" bev="0" fileid="92" />
                <SequencePoint vc="0" uspid="4503" ordinal="3" offset="27" sl="37" sc="17" el="37" ec="82" bec="0" bev="0" fileid="92" />
                <SequencePoint vc="0" uspid="4504" ordinal="4" offset="38" sl="40" sc="13" el="40" ec="48" bec="2" bev="0" fileid="92" />
                <SequencePoint vc="0" uspid="4505" ordinal="5" offset="48" sl="41" sc="17" el="41" ec="82" bec="0" bev="0" fileid="92" />
                <SequencePoint vc="0" uspid="4506" ordinal="6" offset="59" sl="43" sc="13" el="43" ec="80" bec="0" bev="0" fileid="92" />
                <SequencePoint vc="0" uspid="4507" ordinal="7" offset="70" sl="44" sc="13" el="44" ec="89" bec="0" bev="0" fileid="92" />
                <SequencePoint vc="0" uspid="4508" ordinal="8" offset="81" sl="45" sc="9" el="45" ec="10" bec="0" bev="0" fileid="92" />
              </SequencePoints>
              <BranchPoints>
                <BranchPoint vc="0" uspid="4511" ordinal="2" offset="5" sl="35" path="0" offsetend="7" fileid="92" />
                <BranchPoint vc="0" uspid="4512" ordinal="3" offset="5" sl="35" path="1" offsetend="10" fileid="92" />
                <BranchPoint vc="0" uspid="4513" ordinal="4" offset="24" sl="35" path="0" offsetend="26" fileid="92" />
                <BranchPoint vc="0" uspid="4514" ordinal="5" offset="24" sl="35" path="1" offsetend="38" fileid="92" />
                <BranchPoint vc="0" uspid="4515" ordinal="6" offset="46" sl="40" path="0" offsetend="48" fileid="92" />
                <BranchPoint vc="0" uspid="4516" ordinal="7" offset="46" sl="40" path="1" offsetend="59" fileid="92" />
              </BranchPoints>
              <MethodPoint xsi:type="SequencePoint" vc="0" uspid="4500" ordinal="0" offset="0" sl="34" sc="9" el="34" ec="10" bec="0" bev="0" fileid="92" />
            </Method>
            <Method visited="true" cyclomaticComplexity="3" nPathComplexity="4" sequenceCoverage="75" branchCoverage="60" isConstructor="false" isStatic="false" isGetter="false" isSetter="false">
              <Summary numSequencePoints="8" visitedSequencePoints="6" numBranchPoints="5" visitedBranchPoints="3" sequenceCoverage="75" branchCoverage="60" maxCyclomaticComplexity="3" minCyclomaticComplexity="3" visitedClasses="0" numClasses="0" visitedMethods="1" numMethods="1" />
              <MetadataToken>100663769</MetadataToken>
              <Name>System.Boolean SportsWeb.Services.Services.Validation.ValidateInstallerUserPermission::ValidateSite(System.Guid,System.String)</Name>
              <FileRef uid="92" />
              <SequencePoints>
                <SequencePoint vc="2" uspid="4517" ordinal="0" offset="0" sl="48" sc="9" el="48" ec="10" bec="0" bev="0" fileid="92" />
                <SequencePoint vc="2" uspid="4518" ordinal="1" offset="1" sl="49" sc="13" el="49" ec="38" bec="2" bev="1" fileid="92" />
                <SequencePoint vc="0" uspid="4519" ordinal="2" offset="16" sl="50" sc="17" el="50" ec="81" bec="0" bev="0" fileid="92" />
                <SequencePoint vc="2" uspid="4520" ordinal="3" offset="27" sl="52" sc="13" el="52" ec="48" bec="2" bev="1" fileid="92" />
                <SequencePoint vc="0" uspid="4521" ordinal="4" offset="37" sl="53" sc="17" el="53" ec="82" bec="0" bev="0" fileid="92" />
                <SequencePoint vc="2" uspid="4522" ordinal="5" offset="48" sl="55" sc="13" el="55" ec="80" bec="0" bev="0" fileid="92" />
                <SequencePoint vc="2" uspid="4523" ordinal="6" offset="59" sl="56" sc="13" el="56" ec="107" bec="0" bev="0" fileid="92" />
                <SequencePoint vc="2" uspid="4524" ordinal="7" offset="82" sl="57" sc="9" el="57" ec="10" bec="0" bev="0" fileid="92" />
              </SequencePoints>
              <BranchPoints>
                <BranchPoint vc="0" uspid="4525" ordinal="0" offset="14" sl="49" path="0" offsetend="16" fileid="92" />
                <BranchPoint vc="2" uspid="4526" ordinal="1" offset="14" sl="49" path="1" offsetend="27" fileid="92" />
                <BranchPoint vc="0" uspid="4527" ordinal="2" offset="35" sl="52" path="0" offsetend="37" fileid="92" />
                <BranchPoint vc="2" uspid="4528" ordinal="3" offset="35" sl="52" path="1" offsetend="48" fileid="92" />
              </BranchPoints>
              <MethodPoint xsi:type="SequencePoint" vc="2" uspid="4517" ordinal="0" offset="0" sl="48" sc="9" el="48" ec="10" bec="0" bev="0" fileid="92" />
            </Method>
            <Method visited="false" cyclomaticComplexity="6" nPathComplexity="8" sequenceCoverage="0" branchCoverage="0" isConstructor="false" isStatic="false" isGetter="false" isSetter="false">
              <Summary numSequencePoints="9" visitedSequencePoints="0" numBranchPoints="7" visitedBranchPoints="0" sequenceCoverage="0" branchCoverage="0" maxCyclomaticComplexity="6" minCyclomaticComplexity="6" visitedClasses="0" numClasses="0" visitedMethods="0" numMethods="1" />
              <MetadataToken>100663770</MetadataToken>
              <Name>System.Boolean SportsWeb.Services.Services.Validation.ValidateInstallerUserPermission::ValidateSite(System.Collections.Generic.List`1&lt;System.Guid&gt;,System.String)</Name>
              <FileRef uid="92" />
              <SequencePoints>
                <SequencePoint vc="0" uspid="4529" ordinal="0" offset="0" sl="60" sc="9" el="60" ec="10" bec="0" bev="0" fileid="92" />
                <SequencePoint vc="0" uspid="4530" ordinal="1" offset="1" sl="61" sc="13" el="61" ec="56" bec="4" bev="0" fileid="92" />
                <SequencePoint vc="0" uspid="4531" ordinal="2" offset="26" sl="62" sc="13" el="62" ec="14" bec="0" bev="0" fileid="92" />
                <SequencePoint vc="0" uspid="4532" ordinal="3" offset="27" sl="63" sc="17" el="63" ec="81" bec="0" bev="0" fileid="92" />
                <SequencePoint vc="0" uspid="4533" ordinal="4" offset="38" sl="66" sc="13" el="66" ec="48" bec="2" bev="0" fileid="92" />
                <SequencePoint vc="0" uspid="4534" ordinal="5" offset="48" sl="67" sc="17" el="67" ec="82" bec="0" bev="0" fileid="92" />
                <SequencePoint vc="0" uspid="4535" ordinal="6" offset="59" sl="69" sc="13" el="69" ec="80" bec="0" bev="0" fileid="92" />
                <SequencePoint vc="0" uspid="4536" ordinal="7" offset="70" sl="70" sc="13" el="70" ec="87" bec="0" bev="0" fileid="92" />
                <SequencePoint vc="0" uspid="4537" ordinal="8" offset="81" sl="71" sc="9" el="71" ec="10" bec="0" bev="0" fileid="92" />
              </SequencePoints>
              <BranchPoints>
                <BranchPoint vc="0" uspid="4540" ordinal="2" offset="5" sl="61" path="0" offsetend="7" fileid="92" />
                <BranchPoint vc="0" uspid="4541" ordinal="3" offset="5" sl="61" path="1" offsetend="10" fileid="92" />
                <BranchPoint vc="0" uspid="4542" ordinal="4" offset="24" sl="61" path="0" offsetend="26" fileid="92" />
                <BranchPoint vc="0" uspid="4543" ordinal="5" offset="24" sl="61" path="1" offsetend="38" fileid="92" />
                <BranchPoint vc="0" uspid="4544" ordinal="6" offset="46" sl="66" path="0" offsetend="48" fileid="92" />
                <BranchPoint vc="0" uspid="4545" ordinal="7" offset="46" sl="66" path="1" offsetend="59" fileid="92" />
              </BranchPoints>
              <MethodPoint xsi:type="SequencePoint" vc="0" uspid="4529" ordinal="0" offset="0" sl="60" sc="9" el="60" ec="10" bec="0" bev="0" fileid="92" />
            </Method>
            <Method visited="true" cyclomaticComplexity="1" nPathComplexity="0" sequenceCoverage="0" branchCoverage="0" isConstructor="true" isStatic="false" isGetter="false" isSetter="false">
              <Summary numSequencePoints="0" visitedSequencePoints="0" numBranchPoints="0" visitedBranchPoints="0" sequenceCoverage="0" branchCoverage="0" maxCyclomaticComplexity="1" minCyclomaticComplexity="1" visitedClasses="0" numClasses="0" visitedMethods="0" numMethods="0" />
              <MetadataToken>100663771</MetadataToken>
              <Name>System.Void SportsWeb.Services.Services.Validation.ValidateInstallerUserPermission::.ctor()</Name>
              <SequencePoints />
              <BranchPoints />
              <MethodPoint vc="4" uspid="4546" ordinal="0" offset="0" />
            </Method>
          </Methods>
        </Class>
        <Class>
          <Summary numSequencePoints="38" visitedSequencePoints="36" numBranchPoints="8" visitedBranchPoints="6" sequenceCoverage="94.74" branchCoverage="75" maxCyclomaticComplexity="9" minCyclomaticComplexity="1" visitedClasses="1" numClasses="1" visitedMethods="2" numMethods="2" />
          <FullName>SportsWeb.Services.Services.Validation.ValidateTabletTabletUserPermission</FullName>
          <Methods>
            <Method visited="true" cyclomaticComplexity="9" nPathComplexity="4" sequenceCoverage="95.24" branchCoverage="80" isConstructor="false" isStatic="false" isGetter="false" isSetter="false">
              <Summary numSequencePoints="21" visitedSequencePoints="20" numBranchPoints="5" visitedBranchPoints="4" sequenceCoverage="95.24" branchCoverage="80" maxCyclomaticComplexity="9" minCyclomaticComplexity="9" visitedClasses="0" numClasses="0" visitedMethods="1" numMethods="1" />
              <MetadataToken>100663774</MetadataToken>
              <Name>System.Boolean SportsWeb.Services.Services.Validation.ValidateTabletTabletUserPermission::ValidateField(System.Guid,System.String)</Name>
              <FileRef uid="93" />
              <SequencePoints>
                <SequencePoint vc="3" uspid="4547" ordinal="0" offset="20" sl="18" sc="9" el="18" ec="10" bec="0" bev="0" fileid="93" />
                <SequencePoint vc="3" uspid="4548" ordinal="1" offset="21" sl="19" sc="20" el="19" ec="47" bec="0" bev="0" fileid="93" />
                <SequencePoint vc="3" uspid="4549" ordinal="2" offset="41" sl="20" sc="13" el="20" ec="14" bec="0" bev="0" fileid="93" />
                <SequencePoint vc="3" uspid="4550" ordinal="3" offset="42" sl="21" sc="17" el="21" ec="73" bec="0" bev="0" fileid="93" />
                <SequencePoint vc="3" uspid="4551" ordinal="4" offset="49" sl="22" sc="17" el="22" ec="71" bec="0" bev="0" fileid="93" />
                <SequencePoint vc="3" uspid="4552" ordinal="5" offset="57" sl="24" sc="17" el="24" ec="119" bec="0" bev="0" fileid="93" />
                <SequencePoint vc="3" uspid="4553" ordinal="6" offset="259" sl="25" sc="17" el="25" ec="36" bec="2" bev="2" fileid="93" />
                <SequencePoint vc="1" uspid="4554" ordinal="7" offset="279" sl="25" sc="37" el="25" ec="50" bec="0" bev="0" fileid="93" />
                <SequencePoint vc="2" uspid="4555" ordinal="8" offset="287" sl="29" sc="17" el="30" ec="96" bec="0" bev="0" fileid="93" />
                <SequencePoint vc="2" uspid="4556" ordinal="9" offset="556" sl="32" sc="17" el="32" ec="24" bec="0" bev="0" fileid="93" />
                <SequencePoint vc="2" uspid="4557" ordinal="10" offset="557" sl="32" sc="38" el="32" ec="43" bec="0" bev="0" fileid="93" />
                <SequencePoint vc="1" uspid="4558" ordinal="11" offset="568" sl="32" sc="26" el="32" ec="34" bec="0" bev="0" fileid="93" />
                <SequencePoint vc="1" uspid="4559" ordinal="12" offset="577" sl="33" sc="17" el="33" ec="18" bec="0" bev="0" fileid="93" />
                <SequencePoint vc="1" uspid="4560" ordinal="13" offset="578" sl="34" sc="21" el="34" ec="102" bec="2" bev="1" fileid="93" />
                <SequencePoint vc="1" uspid="4561" ordinal="14" offset="627" sl="35" sc="21" el="35" ec="22" bec="0" bev="0" fileid="93" />
                <SequencePoint vc="1" uspid="4562" ordinal="15" offset="628" sl="36" sc="25" el="36" ec="37" bec="0" bev="0" fileid="93" />
                <SequencePoint vc="0" uspid="4563" ordinal="16" offset="633" sl="38" sc="17" el="38" ec="18" bec="0" bev="0" fileid="93" />
                <SequencePoint vc="2" uspid="4564" ordinal="17" offset="634" sl="32" sc="35" el="32" ec="37" bec="0" bev="0" fileid="93" />
                <SequencePoint vc="1" uspid="4565" ordinal="18" offset="658" sl="39" sc="13" el="39" ec="14" bec="0" bev="0" fileid="93" />
                <SequencePoint vc="1" uspid="4566" ordinal="19" offset="672" sl="40" sc="13" el="40" ec="26" bec="0" bev="0" fileid="93" />
                <SequencePoint vc="3" uspid="4567" ordinal="20" offset="677" sl="41" sc="9" el="41" ec="10" bec="0" bev="0" fileid="93" />
              </SequencePoints>
              <BranchPoints>
                <BranchPoint vc="1" uspid="4570" ordinal="2" offset="277" sl="25" path="0" offsetend="279" fileid="93" />
                <BranchPoint vc="2" uspid="4571" ordinal="3" offset="277" sl="25" path="1" offsetend="287" fileid="93" />
                <BranchPoint vc="1" uspid="4574" ordinal="6" offset="625" sl="34" path="0" offsetend="627" fileid="93" />
                <BranchPoint vc="0" uspid="4575" ordinal="7" offset="625" sl="34" path="1" offsetend="633" fileid="93" />
              </BranchPoints>
              <MethodPoint vc="3" uspid="4578" ordinal="0" offset="0" />
            </Method>
            <Method visited="true" cyclomaticComplexity="6" nPathComplexity="2" sequenceCoverage="94.12" branchCoverage="66.67" isConstructor="false" isStatic="false" isGetter="false" isSetter="false">
              <Summary numSequencePoints="17" visitedSequencePoints="16" numBranchPoints="3" visitedBranchPoints="2" sequenceCoverage="94.12" branchCoverage="66.67" maxCyclomaticComplexity="6" minCyclomaticComplexity="6" visitedClasses="0" numClasses="0" visitedMethods="1" numMethods="1" />
              <MetadataToken>100663775</MetadataToken>
              <Name>System.Boolean SportsWeb.Services.Services.Validation.ValidateTabletTabletUserPermission::ValidateSite(System.Guid,System.String)</Name>
              <FileRef uid="93" />
              <SequencePoints>
                <SequencePoint vc="2" uspid="4579" ordinal="0" offset="20" sl="44" sc="9" el="44" ec="10" bec="0" bev="0" fileid="93" />
                <SequencePoint vc="2" uspid="4580" ordinal="1" offset="21" sl="45" sc="20" el="45" ec="47" bec="0" bev="0" fileid="93" />
                <SequencePoint vc="2" uspid="4581" ordinal="2" offset="28" sl="46" sc="13" el="46" ec="14" bec="0" bev="0" fileid="93" />
                <SequencePoint vc="2" uspid="4582" ordinal="3" offset="29" sl="47" sc="17" el="47" ec="71" bec="0" bev="0" fileid="93" />
                <SequencePoint vc="2" uspid="4583" ordinal="4" offset="36" sl="49" sc="17" el="50" ec="96" bec="0" bev="0" fileid="93" />
                <SequencePoint vc="2" uspid="4584" ordinal="5" offset="273" sl="52" sc="17" el="52" ec="24" bec="0" bev="0" fileid="93" />
                <SequencePoint vc="2" uspid="4585" ordinal="6" offset="274" sl="52" sc="38" el="52" ec="43" bec="0" bev="0" fileid="93" />
                <SequencePoint vc="1" uspid="4586" ordinal="7" offset="284" sl="52" sc="26" el="52" ec="34" bec="0" bev="0" fileid="93" />
                <SequencePoint vc="1" uspid="4587" ordinal="8" offset="293" sl="53" sc="17" el="53" ec="18" bec="0" bev="0" fileid="93" />
                <SequencePoint vc="1" uspid="4588" ordinal="9" offset="294" sl="54" sc="21" el="54" ec="102" bec="2" bev="1" fileid="93" />
                <SequencePoint vc="1" uspid="4589" ordinal="10" offset="343" sl="55" sc="21" el="55" ec="22" bec="0" bev="0" fileid="93" />
                <SequencePoint vc="1" uspid="4590" ordinal="11" offset="344" sl="56" sc="25" el="56" ec="37" bec="0" bev="0" fileid="93" />
                <SequencePoint vc="0" uspid="4591" ordinal="12" offset="349" sl="58" sc="17" el="58" ec="18" bec="0" bev="0" fileid="93" />
                <SequencePoint vc="2" uspid="4592" ordinal="13" offset="350" sl="52" sc="35" el="52" ec="37" bec="0" bev="0" fileid="93" />
                <SequencePoint vc="1" uspid="4593" ordinal="14" offset="374" sl="60" sc="13" el="60" ec="14" bec="0" bev="0" fileid="93" />
                <SequencePoint vc="1" uspid="4594" ordinal="15" offset="388" sl="61" sc="13" el="61" ec="26" bec="0" bev="0" fileid="93" />
                <SequencePoint vc="2" uspid="4595" ordinal="16" offset="393" sl="63" sc="9" el="63" ec="10" bec="0" bev="0" fileid="93" />
              </SequencePoints>
              <BranchPoints>
                <BranchPoint vc="1" uspid="4598" ordinal="2" offset="341" sl="54" path="0" offsetend="343" fileid="93" />
                <BranchPoint vc="0" uspid="4599" ordinal="3" offset="341" sl="54" path="1" offsetend="349" fileid="93" />
              </BranchPoints>
              <MethodPoint vc="2" uspid="4602" ordinal="0" offset="0" />
            </Method>
            <Method visited="true" cyclomaticComplexity="1" nPathComplexity="0" sequenceCoverage="0" branchCoverage="0" isConstructor="true" isStatic="false" isGetter="false" isSetter="false">
              <Summary numSequencePoints="0" visitedSequencePoints="0" numBranchPoints="0" visitedBranchPoints="0" sequenceCoverage="0" branchCoverage="0" maxCyclomaticComplexity="1" minCyclomaticComplexity="1" visitedClasses="0" numClasses="0" visitedMethods="0" numMethods="0" />
              <MetadataToken>100663776</MetadataToken>
              <Name>System.Void SportsWeb.Services.Services.Validation.ValidateTabletTabletUserPermission::.ctor()</Name>
              <SequencePoints />
              <BranchPoints />
              <MethodPoint vc="5" uspid="4603" ordinal="0" offset="0" />
            </Method>
          </Methods>
        </Class>
        <Class>
          <Summary numSequencePoints="0" visitedSequencePoints="0" numBranchPoints="0" visitedBranchPoints="0" sequenceCoverage="0" branchCoverage="0" maxCyclomaticComplexity="1" minCyclomaticComplexity="1" visitedClasses="0" numClasses="0" visitedMethods="0" numMethods="0" />
          <FullName>SportsWeb.Services.Services.Validation.ValidateTabletTabletUserPermission/&lt;&gt;c__DisplayClass0_0</FullName>
          <Methods>
            <Method visited="true" cyclomaticComplexity="1" nPathComplexity="0" sequenceCoverage="0" branchCoverage="0" isConstructor="true" isStatic="false" isGetter="false" isSetter="false">
              <Summary numSequencePoints="0" visitedSequencePoints="0" numBranchPoints="0" visitedBranchPoints="0" sequenceCoverage="0" branchCoverage="0" maxCyclomaticComplexity="1" minCyclomaticComplexity="1" visitedClasses="0" numClasses="0" visitedMethods="0" numMethods="0" />
              <MetadataToken>100666981</MetadataToken>
              <Name>System.Void SportsWeb.Services.Services.Validation.ValidateTabletTabletUserPermission/&lt;&gt;c__DisplayClass0_0::.ctor()</Name>
              <SequencePoints />
              <BranchPoints />
              <MethodPoint vc="3" uspid="4604" ordinal="0" offset="0" />
            </Method>
          </Methods>
        </Class>
        <Class>
          <Summary numSequencePoints="0" visitedSequencePoints="0" numBranchPoints="0" visitedBranchPoints="0" sequenceCoverage="0" branchCoverage="0" maxCyclomaticComplexity="1" minCyclomaticComplexity="1" visitedClasses="0" numClasses="0" visitedMethods="0" numMethods="0" />
          <FullName>SportsWeb.Services.Services.Validation.ValidateTabletTabletUserPermission/&lt;&gt;c__DisplayClass0_1</FullName>
          <Methods>
            <Method visited="true" cyclomaticComplexity="1" nPathComplexity="0" sequenceCoverage="0" branchCoverage="0" isConstructor="true" isStatic="false" isGetter="false" isSetter="false">
              <Summary numSequencePoints="0" visitedSequencePoints="0" numBranchPoints="0" visitedBranchPoints="0" sequenceCoverage="0" branchCoverage="0" maxCyclomaticComplexity="1" minCyclomaticComplexity="1" visitedClasses="0" numClasses="0" visitedMethods="0" numMethods="0" />
              <MetadataToken>100666982</MetadataToken>
              <Name>System.Void SportsWeb.Services.Services.Validation.ValidateTabletTabletUserPermission/&lt;&gt;c__DisplayClass0_1::.ctor()</Name>
              <SequencePoints />
              <BranchPoints />
              <MethodPoint vc="3" uspid="4605" ordinal="0" offset="0" />
            </Method>
          </Methods>
        </Class>
        <Class>
          <Summary numSequencePoints="2" visitedSequencePoints="2" numBranchPoints="2" visitedBranchPoints="2" sequenceCoverage="100" branchCoverage="100" maxCyclomaticComplexity="1" minCyclomaticComplexity="1" visitedClasses="1" numClasses="1" visitedMethods="2" numMethods="2" />
          <FullName>SportsWeb.Services.Services.Validation.ValidateTabletTabletUserPermission/&lt;&gt;c</FullName>
          <Methods>
            <Method visited="true" cyclomaticComplexity="1" nPathComplexity="0" sequenceCoverage="0" branchCoverage="0" isConstructor="true" isStatic="true" isGetter="false" isSetter="false">
              <Summary numSequencePoints="0" visitedSequencePoints="0" numBranchPoints="0" visitedBranchPoints="0" sequenceCoverage="0" branchCoverage="0" maxCyclomaticComplexity="1" minCyclomaticComplexity="1" visitedClasses="0" numClasses="0" visitedMethods="0" numMethods="0" />
              <MetadataToken>100666983</MetadataToken>
              <Name>System.Void SportsWeb.Services.Services.Validation.ValidateTabletTabletUserPermission/&lt;&gt;c::.cctor()</Name>
              <SequencePoints />
              <BranchPoints />
              <MethodPoint vc="1" uspid="4606" ordinal="0" offset="0" />
            </Method>
            <Method visited="true" cyclomaticComplexity="1" nPathComplexity="0" sequenceCoverage="0" branchCoverage="0" isConstructor="true" isStatic="false" isGetter="false" isSetter="false">
              <Summary numSequencePoints="0" visitedSequencePoints="0" numBranchPoints="0" visitedBranchPoints="0" sequenceCoverage="0" branchCoverage="0" maxCyclomaticComplexity="1" minCyclomaticComplexity="1" visitedClasses="0" numClasses="0" visitedMethods="0" numMethods="0" />
              <MetadataToken>100666984</MetadataToken>
              <Name>System.Void SportsWeb.Services.Services.Validation.ValidateTabletTabletUserPermission/&lt;&gt;c::.ctor()</Name>
              <SequencePoints />
              <BranchPoints />
              <MethodPoint vc="1" uspid="4607" ordinal="0" offset="0" />
            </Method>
            <Method visited="true" cyclomaticComplexity="1" nPathComplexity="0" sequenceCoverage="100" branchCoverage="100" isConstructor="false" isStatic="false" isGetter="false" isSetter="false">
              <Summary numSequencePoints="1" visitedSequencePoints="1" numBranchPoints="1" visitedBranchPoints="1" sequenceCoverage="100" branchCoverage="100" maxCyclomaticComplexity="1" minCyclomaticComplexity="1" visitedClasses="0" numClasses="0" visitedMethods="1" numMethods="1" />
              <MetadataToken>100666985</MetadataToken>
              <Name>System.Boolean SportsWeb.Services.Services.Validation.ValidateTabletTabletUserPermission/&lt;&gt;c::&lt;ValidateField&gt;b__0_2(SportsWeb.Entities.ScenePermissions)</Name>
              <FileRef uid="93" />
              <SequencePoints>
                <SequencePoint vc="1" uspid="4608" ordinal="0" offset="0" sl="34" sc="50" el="34" ec="100" bec="0" bev="0" fileid="93" />
              </SequencePoints>
              <BranchPoints />
              <MethodPoint xsi:type="SequencePoint" vc="1" uspid="4608" ordinal="0" offset="0" sl="34" sc="50" el="34" ec="100" bec="0" bev="0" fileid="93" />
            </Method>
            <Method visited="true" cyclomaticComplexity="1" nPathComplexity="0" sequenceCoverage="100" branchCoverage="100" isConstructor="false" isStatic="false" isGetter="false" isSetter="false">
              <Summary numSequencePoints="1" visitedSequencePoints="1" numBranchPoints="1" visitedBranchPoints="1" sequenceCoverage="100" branchCoverage="100" maxCyclomaticComplexity="1" minCyclomaticComplexity="1" visitedClasses="0" numClasses="0" visitedMethods="1" numMethods="1" />
              <MetadataToken>100666986</MetadataToken>
              <Name>System.Boolean SportsWeb.Services.Services.Validation.ValidateTabletTabletUserPermission/&lt;&gt;c::&lt;ValidateSite&gt;b__1_1(SportsWeb.Entities.ScenePermissions)</Name>
              <FileRef uid="93" />
              <SequencePoints>
                <SequencePoint vc="1" uspid="4609" ordinal="0" offset="0" sl="54" sc="50" el="54" ec="100" bec="0" bev="0" fileid="93" />
              </SequencePoints>
              <BranchPoints />
              <MethodPoint xsi:type="SequencePoint" vc="1" uspid="4609" ordinal="0" offset="0" sl="54" sc="50" el="54" ec="100" bec="0" bev="0" fileid="93" />
            </Method>
          </Methods>
        </Class>
        <Class>
          <Summary numSequencePoints="0" visitedSequencePoints="0" numBranchPoints="0" visitedBranchPoints="0" sequenceCoverage="0" branchCoverage="0" maxCyclomaticComplexity="1" minCyclomaticComplexity="1" visitedClasses="0" numClasses="0" visitedMethods="0" numMethods="0" />
          <FullName>SportsWeb.Services.Services.Validation.ValidateTabletTabletUserPermission/&lt;&gt;c__DisplayClass1_0</FullName>
          <Methods>
            <Method visited="true" cyclomaticComplexity="1" nPathComplexity="0" sequenceCoverage="0" branchCoverage="0" isConstructor="true" isStatic="false" isGetter="false" isSetter="false">
              <Summary numSequencePoints="0" visitedSequencePoints="0" numBranchPoints="0" visitedBranchPoints="0" sequenceCoverage="0" branchCoverage="0" maxCyclomaticComplexity="1" minCyclomaticComplexity="1" visitedClasses="0" numClasses="0" visitedMethods="0" numMethods="0" />
              <MetadataToken>100666987</MetadataToken>
              <Name>System.Void SportsWeb.Services.Services.Validation.ValidateTabletTabletUserPermission/&lt;&gt;c__DisplayClass1_0::.ctor()</Name>
              <SequencePoints />
              <BranchPoints />
              <MethodPoint vc="2" uspid="4610" ordinal="0" offset="0" />
            </Method>
          </Methods>
        </Class>
        <Class>
          <Summary numSequencePoints="2" visitedSequencePoints="2" numBranchPoints="2" visitedBranchPoints="2" sequenceCoverage="100" branchCoverage="100" maxCyclomaticComplexity="1" minCyclomaticComplexity="1" visitedClasses="1" numClasses="1" visitedMethods="2" numMethods="2" />
          <FullName>SportsWeb.Services.Services.Interfaces.FieldStateResponse</FullName>
          <Methods>
            <Method visited="true" cyclomaticComplexity="1" nPathComplexity="0" sequenceCoverage="100" branchCoverage="100" isConstructor="false" isStatic="false" isGetter="true" isSetter="false">
              <Summary numSequencePoints="1" visitedSequencePoints="1" numBranchPoints="1" visitedBranchPoints="1" sequenceCoverage="100" branchCoverage="100" maxCyclomaticComplexity="1" minCyclomaticComplexity="1" visitedClasses="0" numClasses="0" visitedMethods="1" numMethods="1" />
              <MetadataToken>100663793</MetadataToken>
              <Name>SportsWeb.Entities.PitchStateEnum SportsWeb.Services.Services.Interfaces.FieldStateResponse::get_State()</Name>
              <FileRef uid="95" />
              <SequencePoints>
                <SequencePoint vc="24" uspid="4611" ordinal="0" offset="0" sl="14" sc="39" el="14" ec="43" bec="0" bev="0" fileid="95" />
              </SequencePoints>
              <BranchPoints />
              <MethodPoint xsi:type="SequencePoint" vc="24" uspid="4611" ordinal="0" offset="0" sl="14" sc="39" el="14" ec="43" bec="0" bev="0" fileid="95" />
            </Method>
            <Method visited="true" cyclomaticComplexity="1" nPathComplexity="0" sequenceCoverage="100" branchCoverage="100" isConstructor="false" isStatic="false" isGetter="false" isSetter="true">
              <Summary numSequencePoints="1" visitedSequencePoints="1" numBranchPoints="1" visitedBranchPoints="1" sequenceCoverage="100" branchCoverage="100" maxCyclomaticComplexity="1" minCyclomaticComplexity="1" visitedClasses="0" numClasses="0" visitedMethods="1" numMethods="1" />
              <MetadataToken>100663794</MetadataToken>
              <Name>System.Void SportsWeb.Services.Services.Interfaces.FieldStateResponse::set_State(SportsWeb.Entities.PitchStateEnum)</Name>
              <FileRef uid="95" />
              <SequencePoints>
                <SequencePoint vc="18" uspid="4612" ordinal="0" offset="0" sl="14" sc="44" el="14" ec="48" bec="0" bev="0" fileid="95" />
              </SequencePoints>
              <BranchPoints />
              <MethodPoint xsi:type="SequencePoint" vc="18" uspid="4612" ordinal="0" offset="0" sl="14" sc="44" el="14" ec="48" bec="0" bev="0" fileid="95" />
            </Method>
            <Method visited="true" cyclomaticComplexity="1" nPathComplexity="0" sequenceCoverage="0" branchCoverage="0" isConstructor="true" isStatic="false" isGetter="false" isSetter="false">
              <Summary numSequencePoints="0" visitedSequencePoints="0" numBranchPoints="0" visitedBranchPoints="0" sequenceCoverage="0" branchCoverage="0" maxCyclomaticComplexity="1" minCyclomaticComplexity="1" visitedClasses="0" numClasses="0" visitedMethods="0" numMethods="0" />
              <MetadataToken>100663795</MetadataToken>
              <Name>System.Void SportsWeb.Services.Services.Interfaces.FieldStateResponse::.ctor()</Name>
              <SequencePoints />
              <BranchPoints />
              <MethodPoint vc="19" uspid="4613" ordinal="0" offset="0" />
            </Method>
          </Methods>
        </Class>
        <Class>
          <Summary numSequencePoints="2" visitedSequencePoints="2" numBranchPoints="2" visitedBranchPoints="2" sequenceCoverage="100" branchCoverage="100" maxCyclomaticComplexity="1" minCyclomaticComplexity="1" visitedClasses="1" numClasses="1" visitedMethods="2" numMethods="2" />
          <FullName>SportsWeb.Services.Services.Interfaces.SitesResponse</FullName>
          <Methods>
            <Method visited="true" cyclomaticComplexity="1" nPathComplexity="0" sequenceCoverage="100" branchCoverage="100" isConstructor="false" isStatic="false" isGetter="true" isSetter="false">
              <Summary numSequencePoints="1" visitedSequencePoints="1" numBranchPoints="1" visitedBranchPoints="1" sequenceCoverage="100" branchCoverage="100" maxCyclomaticComplexity="1" minCyclomaticComplexity="1" visitedClasses="0" numClasses="0" visitedMethods="1" numMethods="1" />
              <MetadataToken>100663813</MetadataToken>
              <Name>System.Collections.Generic.List`1&lt;SportsWeb.Models.SiteDto&gt; SportsWeb.Services.Services.Interfaces.SitesResponse::get_Sites()</Name>
              <FileRef uid="96" />
              <SequencePoints>
                <SequencePoint vc="11" uspid="4614" ordinal="0" offset="0" sl="12" sc="38" el="12" ec="42" bec="0" bev="0" fileid="96" />
              </SequencePoints>
              <BranchPoints />
              <MethodPoint xsi:type="SequencePoint" vc="11" uspid="4614" ordinal="0" offset="0" sl="12" sc="38" el="12" ec="42" bec="0" bev="0" fileid="96" />
            </Method>
            <Method visited="true" cyclomaticComplexity="1" nPathComplexity="0" sequenceCoverage="100" branchCoverage="100" isConstructor="false" isStatic="false" isGetter="false" isSetter="true">
              <Summary numSequencePoints="1" visitedSequencePoints="1" numBranchPoints="1" visitedBranchPoints="1" sequenceCoverage="100" branchCoverage="100" maxCyclomaticComplexity="1" minCyclomaticComplexity="1" visitedClasses="0" numClasses="0" visitedMethods="1" numMethods="1" />
              <MetadataToken>100663814</MetadataToken>
              <Name>System.Void SportsWeb.Services.Services.Interfaces.SitesResponse::set_Sites(System.Collections.Generic.List`1&lt;SportsWeb.Models.SiteDto&gt;)</Name>
              <FileRef uid="96" />
              <SequencePoints>
                <SequencePoint vc="4" uspid="4615" ordinal="0" offset="0" sl="12" sc="43" el="12" ec="47" bec="0" bev="0" fileid="96" />
              </SequencePoints>
              <BranchPoints />
              <MethodPoint xsi:type="SequencePoint" vc="4" uspid="4615" ordinal="0" offset="0" sl="12" sc="43" el="12" ec="47" bec="0" bev="0" fileid="96" />
            </Method>
            <Method visited="true" cyclomaticComplexity="1" nPathComplexity="0" sequenceCoverage="0" branchCoverage="0" isConstructor="true" isStatic="false" isGetter="false" isSetter="false">
              <Summary numSequencePoints="0" visitedSequencePoints="0" numBranchPoints="0" visitedBranchPoints="0" sequenceCoverage="0" branchCoverage="0" maxCyclomaticComplexity="1" minCyclomaticComplexity="1" visitedClasses="0" numClasses="0" visitedMethods="0" numMethods="0" />
              <MetadataToken>100663815</MetadataToken>
              <Name>System.Void SportsWeb.Services.Services.Interfaces.SitesResponse::.ctor()</Name>
              <SequencePoints />
              <BranchPoints />
              <MethodPoint vc="7" uspid="4616" ordinal="0" offset="0" />
            </Method>
          </Methods>
        </Class>
        <Class>
          <Summary numSequencePoints="4" visitedSequencePoints="4" numBranchPoints="4" visitedBranchPoints="4" sequenceCoverage="100" branchCoverage="100" maxCyclomaticComplexity="1" minCyclomaticComplexity="1" visitedClasses="1" numClasses="1" visitedMethods="4" numMethods="4" />
          <FullName>SportsWeb.Services.Services.Interfaces.SiteStateResponse</FullName>
          <Methods>
            <Method visited="true" cyclomaticComplexity="1" nPathComplexity="0" sequenceCoverage="100" branchCoverage="100" isConstructor="false" isStatic="false" isGetter="true" isSetter="false">
              <Summary numSequencePoints="1" visitedSequencePoints="1" numBranchPoints="1" visitedBranchPoints="1" sequenceCoverage="100" branchCoverage="100" maxCyclomaticComplexity="1" minCyclomaticComplexity="1" visitedClasses="0" numClasses="0" visitedMethods="1" numMethods="1" />
              <MetadataToken>100663816</MetadataToken>
              <Name>System.String SportsWeb.Services.Services.Interfaces.SiteStateResponse::get_Name()</Name>
              <FileRef uid="96" />
              <SequencePoints>
                <SequencePoint vc="3" uspid="4617" ordinal="0" offset="0" sl="17" sc="30" el="17" ec="34" bec="0" bev="0" fileid="96" />
              </SequencePoints>
              <BranchPoints />
              <MethodPoint xsi:type="SequencePoint" vc="3" uspid="4617" ordinal="0" offset="0" sl="17" sc="30" el="17" ec="34" bec="0" bev="0" fileid="96" />
            </Method>
            <Method visited="true" cyclomaticComplexity="1" nPathComplexity="0" sequenceCoverage="100" branchCoverage="100" isConstructor="false" isStatic="false" isGetter="false" isSetter="true">
              <Summary numSequencePoints="1" visitedSequencePoints="1" numBranchPoints="1" visitedBranchPoints="1" sequenceCoverage="100" branchCoverage="100" maxCyclomaticComplexity="1" minCyclomaticComplexity="1" visitedClasses="0" numClasses="0" visitedMethods="1" numMethods="1" />
              <MetadataToken>100663817</MetadataToken>
              <Name>System.Void SportsWeb.Services.Services.Interfaces.SiteStateResponse::set_Name(System.String)</Name>
              <FileRef uid="96" />
              <SequencePoints>
                <SequencePoint vc="2" uspid="4618" ordinal="0" offset="0" sl="17" sc="35" el="17" ec="39" bec="0" bev="0" fileid="96" />
              </SequencePoints>
              <BranchPoints />
              <MethodPoint xsi:type="SequencePoint" vc="2" uspid="4618" ordinal="0" offset="0" sl="17" sc="35" el="17" ec="39" bec="0" bev="0" fileid="96" />
            </Method>
            <Method visited="true" cyclomaticComplexity="1" nPathComplexity="0" sequenceCoverage="100" branchCoverage="100" isConstructor="false" isStatic="false" isGetter="true" isSetter="false">
              <Summary numSequencePoints="1" visitedSequencePoints="1" numBranchPoints="1" visitedBranchPoints="1" sequenceCoverage="100" branchCoverage="100" maxCyclomaticComplexity="1" minCyclomaticComplexity="1" visitedClasses="0" numClasses="0" visitedMethods="1" numMethods="1" />
              <MetadataToken>100663818</MetadataToken>
              <Name>System.Collections.Generic.List`1&lt;SportsWeb.Models.FieldState&gt; SportsWeb.Services.Services.Interfaces.SiteStateResponse::get_Fields()</Name>
              <FileRef uid="96" />
              <SequencePoints>
                <SequencePoint vc="7" uspid="4619" ordinal="0" offset="0" sl="18" sc="42" el="18" ec="46" bec="0" bev="0" fileid="96" />
              </SequencePoints>
              <BranchPoints />
              <MethodPoint xsi:type="SequencePoint" vc="7" uspid="4619" ordinal="0" offset="0" sl="18" sc="42" el="18" ec="46" bec="0" bev="0" fileid="96" />
            </Method>
            <Method visited="true" cyclomaticComplexity="1" nPathComplexity="0" sequenceCoverage="100" branchCoverage="100" isConstructor="false" isStatic="false" isGetter="false" isSetter="true">
              <Summary numSequencePoints="1" visitedSequencePoints="1" numBranchPoints="1" visitedBranchPoints="1" sequenceCoverage="100" branchCoverage="100" maxCyclomaticComplexity="1" minCyclomaticComplexity="1" visitedClasses="0" numClasses="0" visitedMethods="1" numMethods="1" />
              <MetadataToken>100663819</MetadataToken>
              <Name>System.Void SportsWeb.Services.Services.Interfaces.SiteStateResponse::set_Fields(System.Collections.Generic.List`1&lt;SportsWeb.Models.FieldState&gt;)</Name>
              <FileRef uid="96" />
              <SequencePoints>
                <SequencePoint vc="2" uspid="4620" ordinal="0" offset="0" sl="18" sc="47" el="18" ec="51" bec="0" bev="0" fileid="96" />
              </SequencePoints>
              <BranchPoints />
              <MethodPoint xsi:type="SequencePoint" vc="2" uspid="4620" ordinal="0" offset="0" sl="18" sc="47" el="18" ec="51" bec="0" bev="0" fileid="96" />
            </Method>
            <Method visited="true" cyclomaticComplexity="1" nPathComplexity="0" sequenceCoverage="0" branchCoverage="0" isConstructor="true" isStatic="false" isGetter="false" isSetter="false">
              <Summary numSequencePoints="0" visitedSequencePoints="0" numBranchPoints="0" visitedBranchPoints="0" sequenceCoverage="0" branchCoverage="0" maxCyclomaticComplexity="1" minCyclomaticComplexity="1" visitedClasses="0" numClasses="0" visitedMethods="0" numMethods="0" />
              <MetadataToken>100663820</MetadataToken>
              <Name>System.Void SportsWeb.Services.Services.Interfaces.SiteStateResponse::.ctor()</Name>
              <SequencePoints />
              <BranchPoints />
              <MethodPoint vc="3" uspid="4621" ordinal="0" offset="0" />
            </Method>
          </Methods>
        </Class>
        <Class>
          <Summary numSequencePoints="2" visitedSequencePoints="2" numBranchPoints="2" visitedBranchPoints="2" sequenceCoverage="100" branchCoverage="100" maxCyclomaticComplexity="1" minCyclomaticComplexity="1" visitedClasses="1" numClasses="1" visitedMethods="2" numMethods="2" />
          <FullName>SportsWeb.Services.Services.Interfaces.SiteDetailResponse</FullName>
          <Methods>
            <Method visited="true" cyclomaticComplexity="1" nPathComplexity="0" sequenceCoverage="100" branchCoverage="100" isConstructor="false" isStatic="false" isGetter="true" isSetter="false">
              <Summary numSequencePoints="1" visitedSequencePoints="1" numBranchPoints="1" visitedBranchPoints="1" sequenceCoverage="100" branchCoverage="100" maxCyclomaticComplexity="1" minCyclomaticComplexity="1" visitedClasses="0" numClasses="0" visitedMethods="1" numMethods="1" />
              <MetadataToken>100663828</MetadataToken>
              <Name>SportsWeb.Models.SiteDetail SportsWeb.Services.Services.Interfaces.SiteDetailResponse::get_Site()</Name>
              <FileRef uid="96" />
              <SequencePoints>
                <SequencePoint vc="17" uspid="4622" ordinal="0" offset="0" sl="34" sc="34" el="34" ec="38" bec="0" bev="0" fileid="96" />
              </SequencePoints>
              <BranchPoints />
              <MethodPoint xsi:type="SequencePoint" vc="17" uspid="4622" ordinal="0" offset="0" sl="34" sc="34" el="34" ec="38" bec="0" bev="0" fileid="96" />
            </Method>
            <Method visited="true" cyclomaticComplexity="1" nPathComplexity="0" sequenceCoverage="100" branchCoverage="100" isConstructor="false" isStatic="false" isGetter="false" isSetter="true">
              <Summary numSequencePoints="1" visitedSequencePoints="1" numBranchPoints="1" visitedBranchPoints="1" sequenceCoverage="100" branchCoverage="100" maxCyclomaticComplexity="1" minCyclomaticComplexity="1" visitedClasses="0" numClasses="0" visitedMethods="1" numMethods="1" />
              <MetadataToken>100663829</MetadataToken>
              <Name>System.Void SportsWeb.Services.Services.Interfaces.SiteDetailResponse::set_Site(SportsWeb.Models.SiteDetail)</Name>
              <FileRef uid="96" />
              <SequencePoints>
                <SequencePoint vc="12" uspid="4623" ordinal="0" offset="0" sl="34" sc="39" el="34" ec="43" bec="0" bev="0" fileid="96" />
              </SequencePoints>
              <BranchPoints />
              <MethodPoint xsi:type="SequencePoint" vc="12" uspid="4623" ordinal="0" offset="0" sl="34" sc="39" el="34" ec="43" bec="0" bev="0" fileid="96" />
            </Method>
            <Method visited="true" cyclomaticComplexity="1" nPathComplexity="0" sequenceCoverage="0" branchCoverage="0" isConstructor="true" isStatic="false" isGetter="false" isSetter="false">
              <Summary numSequencePoints="0" visitedSequencePoints="0" numBranchPoints="0" visitedBranchPoints="0" sequenceCoverage="0" branchCoverage="0" maxCyclomaticComplexity="1" minCyclomaticComplexity="1" visitedClasses="0" numClasses="0" visitedMethods="0" numMethods="0" />
              <MetadataToken>100663830</MetadataToken>
              <Name>System.Void SportsWeb.Services.Services.Interfaces.SiteDetailResponse::.ctor()</Name>
              <SequencePoints />
              <BranchPoints />
              <MethodPoint vc="13" uspid="4624" ordinal="0" offset="0" />
            </Method>
          </Methods>
        </Class>
        <Class>
          <Summary numSequencePoints="2" visitedSequencePoints="2" numBranchPoints="2" visitedBranchPoints="2" sequenceCoverage="100" branchCoverage="100" maxCyclomaticComplexity="1" minCyclomaticComplexity="1" visitedClasses="1" numClasses="1" visitedMethods="2" numMethods="2" />
          <FullName>SportsWeb.Services.Services.Interfaces.EndUserApplication.SitesWithPermissionResponse</FullName>
          <Methods>
            <Method visited="true" cyclomaticComplexity="1" nPathComplexity="0" sequenceCoverage="100" branchCoverage="100" isConstructor="false" isStatic="false" isGetter="true" isSetter="false">
              <Summary numSequencePoints="1" visitedSequencePoints="1" numBranchPoints="1" visitedBranchPoints="1" sequenceCoverage="100" branchCoverage="100" maxCyclomaticComplexity="1" minCyclomaticComplexity="1" visitedClasses="0" numClasses="0" visitedMethods="1" numMethods="1" />
              <MetadataToken>100663890</MetadataToken>
              <Name>System.Collections.Generic.List`1&lt;SportsWeb.Models.SiteWithPermission&gt; SportsWeb.Services.Services.Interfaces.EndUserApplication.SitesWithPermissionResponse::get_Sites()</Name>
              <FileRef uid="99" />
              <SequencePoints>
                <SequencePoint vc="11" uspid="4625" ordinal="0" offset="0" sl="19" sc="49" el="19" ec="53" bec="0" bev="0" fileid="99" />
              </SequencePoints>
              <BranchPoints />
              <MethodPoint xsi:type="SequencePoint" vc="11" uspid="4625" ordinal="0" offset="0" sl="19" sc="49" el="19" ec="53" bec="0" bev="0" fileid="99" />
            </Method>
            <Method visited="true" cyclomaticComplexity="1" nPathComplexity="0" sequenceCoverage="100" branchCoverage="100" isConstructor="false" isStatic="false" isGetter="false" isSetter="true">
              <Summary numSequencePoints="1" visitedSequencePoints="1" numBranchPoints="1" visitedBranchPoints="1" sequenceCoverage="100" branchCoverage="100" maxCyclomaticComplexity="1" minCyclomaticComplexity="1" visitedClasses="0" numClasses="0" visitedMethods="1" numMethods="1" />
              <MetadataToken>100663891</MetadataToken>
              <Name>System.Void SportsWeb.Services.Services.Interfaces.EndUserApplication.SitesWithPermissionResponse::set_Sites(System.Collections.Generic.List`1&lt;SportsWeb.Models.SiteWithPermission&gt;)</Name>
              <FileRef uid="99" />
              <SequencePoints>
                <SequencePoint vc="3" uspid="4626" ordinal="0" offset="0" sl="19" sc="54" el="19" ec="58" bec="0" bev="0" fileid="99" />
              </SequencePoints>
              <BranchPoints />
              <MethodPoint xsi:type="SequencePoint" vc="3" uspid="4626" ordinal="0" offset="0" sl="19" sc="54" el="19" ec="58" bec="0" bev="0" fileid="99" />
            </Method>
            <Method visited="true" cyclomaticComplexity="1" nPathComplexity="0" sequenceCoverage="0" branchCoverage="0" isConstructor="true" isStatic="false" isGetter="false" isSetter="false">
              <Summary numSequencePoints="0" visitedSequencePoints="0" numBranchPoints="0" visitedBranchPoints="0" sequenceCoverage="0" branchCoverage="0" maxCyclomaticComplexity="1" minCyclomaticComplexity="1" visitedClasses="0" numClasses="0" visitedMethods="0" numMethods="0" />
              <MetadataToken>100663892</MetadataToken>
              <Name>System.Void SportsWeb.Services.Services.Interfaces.EndUserApplication.SitesWithPermissionResponse::.ctor()</Name>
              <SequencePoints />
              <BranchPoints />
              <MethodPoint vc="4" uspid="4627" ordinal="0" offset="0" />
            </Method>
          </Methods>
        </Class>
        <Class>
          <Summary numSequencePoints="67" visitedSequencePoints="47" numBranchPoints="20" visitedBranchPoints="13" sequenceCoverage="70.15" branchCoverage="65" maxCyclomaticComplexity="8" minCyclomaticComplexity="1" visitedClasses="1" numClasses="1" visitedMethods="4" numMethods="4" />
          <FullName>SportsWeb.Services.Services.Implementation.SceneServices</FullName>
          <Methods>
            <Method visited="true" cyclomaticComplexity="4" nPathComplexity="4" sequenceCoverage="73.68" branchCoverage="80" isConstructor="false" isStatic="false" isGetter="false" isSetter="false">
              <Summary numSequencePoints="19" visitedSequencePoints="14" numBranchPoints="5" visitedBranchPoints="4" sequenceCoverage="73.68" branchCoverage="80" maxCyclomaticComplexity="4" minCyclomaticComplexity="4" visitedClasses="0" numClasses="0" visitedMethods="1" numMethods="1" />
              <MetadataToken>100663893</MetadataToken>
              <Name>System.Collections.Generic.IList`1&lt;SportsWeb.Models.Models.SceneModel&gt; SportsWeb.Services.Services.Implementation.SceneServices::GetScenes(System.Guid)</Name>
              <FileRef uid="100" />
              <SequencePoints>
                <SequencePoint vc="2" uspid="4628" ordinal="0" offset="13" sl="22" sc="9" el="22" ec="10" bec="0" bev="0" fileid="100" />
                <SequencePoint vc="2" uspid="4629" ordinal="1" offset="14" sl="23" sc="13" el="23" ec="38" bec="2" bev="1" fileid="100" />
                <SequencePoint vc="0" uspid="4630" ordinal="2" offset="34" sl="24" sc="17" el="24" ec="81" bec="0" bev="0" fileid="100" />
                <SequencePoint vc="2" uspid="4631" ordinal="3" offset="46" sl="26" sc="13" el="26" ec="14" bec="0" bev="0" fileid="100" />
                <SequencePoint vc="2" uspid="4632" ordinal="4" offset="47" sl="27" sc="24" el="27" ec="51" bec="0" bev="0" fileid="100" />
                <SequencePoint vc="2" uspid="4633" ordinal="5" offset="60" sl="28" sc="17" el="28" ec="18" bec="0" bev="0" fileid="100" />
                <SequencePoint vc="2" uspid="4634" ordinal="6" offset="61" sl="29" sc="21" el="29" ec="79" bec="0" bev="0" fileid="100" />
                <SequencePoint vc="2" uspid="4635" ordinal="7" offset="69" sl="30" sc="21" el="38" ec="38" bec="0" bev="0" fileid="100" />
                <SequencePoint vc="2" uspid="4636" ordinal="8" offset="581" sl="39" sc="21" el="47" ec="37" bec="0" bev="0" fileid="100" />
                <SequencePoint vc="2" uspid="4637" ordinal="9" offset="1113" sl="48" sc="21" el="48" ec="49" bec="2" bev="2" fileid="100" />
                <SequencePoint vc="1" uspid="4638" ordinal="10" offset="1133" sl="49" sc="25" el="49" ec="46" bec="0" bev="0" fileid="100" />
                <SequencePoint vc="1" uspid="4639" ordinal="11" offset="1139" sl="52" sc="25" el="52" ec="156" bec="0" bev="0" fileid="100" />
                <SequencePoint vc="1" uspid="4640" ordinal="12" offset="1160" sl="53" sc="25" el="53" ec="68" bec="0" bev="0" fileid="100" />
                <SequencePoint vc="1" uspid="4641" ordinal="13" offset="1175" sl="54" sc="25" el="54" ec="51" bec="0" bev="0" fileid="100" />
                <SequencePoint vc="0" uspid="4642" ordinal="14" offset="1197" sl="61" sc="13" el="61" ec="33" bec="0" bev="0" fileid="100" />
                <SequencePoint vc="0" uspid="4643" ordinal="15" offset="1199" sl="62" sc="13" el="62" ec="14" bec="0" bev="0" fileid="100" />
                <SequencePoint vc="0" uspid="4644" ordinal="16" offset="1200" sl="63" sc="17" el="63" ec="92" bec="0" bev="0" fileid="100" />
                <SequencePoint vc="0" uspid="4645" ordinal="17" offset="1218" sl="64" sc="17" el="64" ec="23" bec="0" bev="0" fileid="100" />
                <SequencePoint vc="2" uspid="4646" ordinal="18" offset="1220" sl="66" sc="9" el="66" ec="10" bec="0" bev="0" fileid="100" />
              </SequencePoints>
              <BranchPoints>
                <BranchPoint vc="0" uspid="4647" ordinal="0" offset="32" sl="23" path="0" offsetend="34" fileid="100" />
                <BranchPoint vc="2" uspid="4648" ordinal="1" offset="32" sl="23" path="1" offsetend="45" fileid="100" />
                <BranchPoint vc="1" uspid="4649" ordinal="2" offset="1131" sl="48" path="0" offsetend="1133" fileid="100" />
                <BranchPoint vc="1" uspid="4650" ordinal="3" offset="1131" sl="48" path="1" offsetend="1139" fileid="100" />
              </BranchPoints>
              <MethodPoint vc="2" uspid="4651" ordinal="0" offset="0" />
            </Method>
            <Method visited="true" cyclomaticComplexity="8" nPathComplexity="16" sequenceCoverage="70" branchCoverage="55.56" isConstructor="false" isStatic="false" isGetter="false" isSetter="false">
              <Summary numSequencePoints="40" visitedSequencePoints="28" numBranchPoints="9" visitedBranchPoints="5" sequenceCoverage="70" branchCoverage="55.56" maxCyclomaticComplexity="8" minCyclomaticComplexity="8" visitedClasses="0" numClasses="0" visitedMethods="1" numMethods="1" />
              <MetadataToken>100663894</MetadataToken>
              <Name>System.Void SportsWeb.Services.Services.Implementation.SceneServices::SetCustomScene(System.Collections.Generic.IList`1&lt;SportsWeb.Models.Models.SceneModel&gt;)</Name>
              <FileRef uid="100" />
              <SequencePoints>
                <SequencePoint vc="1" uspid="4652" ordinal="0" offset="0" sl="69" sc="9" el="69" ec="10" bec="0" bev="0" fileid="100" />
                <SequencePoint vc="1" uspid="4653" ordinal="1" offset="1" sl="71" sc="13" el="71" ec="14" bec="0" bev="0" fileid="100" />
                <SequencePoint vc="1" uspid="4654" ordinal="2" offset="2" sl="73" sc="24" el="73" ec="51" bec="0" bev="0" fileid="100" />
                <SequencePoint vc="1" uspid="4655" ordinal="3" offset="15" sl="74" sc="17" el="74" ec="18" bec="0" bev="0" fileid="100" />
                <SequencePoint vc="1" uspid="4656" ordinal="4" offset="16" sl="75" sc="21" el="75" ec="58" bec="0" bev="0" fileid="100" />
                <SequencePoint vc="1" uspid="4657" ordinal="5" offset="43" sl="77" sc="21" el="77" ec="61" bec="2" bev="1" fileid="100" />
                <SequencePoint vc="0" uspid="4658" ordinal="6" offset="67" sl="78" sc="25" el="78" ec="101" bec="0" bev="0" fileid="100" />
                <SequencePoint vc="1" uspid="4659" ordinal="7" offset="78" sl="79" sc="21" el="79" ec="112" bec="0" bev="0" fileid="100" />
                <SequencePoint vc="1" uspid="4660" ordinal="8" offset="84" sl="80" sc="21" el="80" ec="121" bec="0" bev="0" fileid="100" />
                <SequencePoint vc="1" uspid="4661" ordinal="9" offset="90" sl="81" sc="21" el="81" ec="28" bec="0" bev="0" fileid="100" />
                <SequencePoint vc="1" uspid="4662" ordinal="10" offset="91" sl="81" sc="54" el="81" ec="60" bec="0" bev="0" fileid="100" />
                <SequencePoint vc="3" uspid="4663" ordinal="11" offset="111" sl="81" sc="30" el="81" ec="50" bec="0" bev="0" fileid="100" />
                <SequencePoint vc="3" uspid="4664" ordinal="12" offset="125" sl="82" sc="21" el="82" ec="22" bec="0" bev="0" fileid="100" />
                <SequencePoint vc="3" uspid="4665" ordinal="13" offset="126" sl="83" sc="25" el="83" ec="50" bec="0" bev="0" fileid="100" />
                <SequencePoint vc="3" uspid="4666" ordinal="14" offset="140" sl="84" sc="25" el="84" ec="142" bec="0" bev="0" fileid="100" />
                <SequencePoint vc="3" uspid="4667" ordinal="15" offset="174" sl="85" sc="25" el="85" ec="77" bec="0" bev="0" fileid="100" />
                <SequencePoint vc="3" uspid="4668" ordinal="16" offset="182" sl="86" sc="25" el="86" ec="206" bec="0" bev="0" fileid="100" />
                <SequencePoint vc="3" uspid="4669" ordinal="17" offset="538" sl="87" sc="25" el="87" ec="43" bec="2" bev="1" fileid="100" />
                <SequencePoint vc="3" uspid="4670" ordinal="18" offset="549" sl="88" sc="25" el="88" ec="26" bec="0" bev="0" fileid="100" />
                <SequencePoint vc="3" uspid="4671" ordinal="19" offset="550" sl="89" sc="29" el="97" ec="32" bec="0" bev="0" fileid="100" />
                <SequencePoint vc="3" uspid="4672" ordinal="20" offset="663" sl="98" sc="25" el="98" ec="26" bec="0" bev="0" fileid="100" />
                <SequencePoint vc="0" uspid="4673" ordinal="21" offset="666" sl="100" sc="25" el="100" ec="26" bec="0" bev="0" fileid="100" />
                <SequencePoint vc="0" uspid="4674" ordinal="22" offset="667" sl="101" sc="29" el="110" ec="32" bec="0" bev="0" fileid="100" />
                <SequencePoint vc="0" uspid="4675" ordinal="23" offset="778" sl="112" sc="25" el="112" ec="26" bec="0" bev="0" fileid="100" />
                <SequencePoint vc="3" uspid="4676" ordinal="24" offset="779" sl="113" sc="21" el="113" ec="22" bec="0" bev="0" fileid="100" />
                <SequencePoint vc="4" uspid="4677" ordinal="25" offset="780" sl="81" sc="51" el="81" ec="53" bec="0" bev="0" fileid="100" />
                <SequencePoint vc="1" uspid="4678" ordinal="26" offset="807" sl="114" sc="21" el="114" ec="61" bec="2" bev="1" fileid="100" />
                <SequencePoint vc="1" uspid="4679" ordinal="27" offset="822" sl="115" sc="25" el="115" ec="84" bec="0" bev="0" fileid="100" />
                <SequencePoint vc="1" uspid="4680" ordinal="28" offset="830" sl="116" sc="21" el="116" ec="64" bec="2" bev="1" fileid="100" />
                <SequencePoint vc="0" uspid="4681" ordinal="29" offset="845" sl="117" sc="25" el="117" ec="90" bec="0" bev="0" fileid="100" />
                <SequencePoint vc="1" uspid="4682" ordinal="30" offset="853" sl="118" sc="17" el="118" ec="18" bec="0" bev="0" fileid="100" />
                <SequencePoint vc="1" uspid="4683" ordinal="31" offset="867" sl="120" sc="13" el="120" ec="14" bec="0" bev="0" fileid="100" />
                <SequencePoint vc="0" uspid="4684" ordinal="32" offset="870" sl="121" sc="13" el="121" ec="38" bec="0" bev="0" fileid="100" />
                <SequencePoint vc="0" uspid="4685" ordinal="33" offset="871" sl="122" sc="13" el="122" ec="14" bec="0" bev="0" fileid="100" />
                <SequencePoint vc="0" uspid="4686" ordinal="34" offset="872" sl="123" sc="17" el="123" ec="88" bec="0" bev="0" fileid="100" />
                <SequencePoint vc="0" uspid="4687" ordinal="35" offset="883" sl="125" sc="13" el="125" ec="33" bec="0" bev="0" fileid="100" />
                <SequencePoint vc="0" uspid="4688" ordinal="36" offset="885" sl="126" sc="13" el="126" ec="14" bec="0" bev="0" fileid="100" />
                <SequencePoint vc="0" uspid="4689" ordinal="37" offset="886" sl="127" sc="17" el="127" ec="98" bec="0" bev="0" fileid="100" />
                <SequencePoint vc="0" uspid="4690" ordinal="38" offset="904" sl="128" sc="17" el="128" ec="23" bec="0" bev="0" fileid="100" />
                <SequencePoint vc="1" uspid="4691" ordinal="39" offset="906" sl="130" sc="9" el="130" ec="10" bec="0" bev="0" fileid="100" />
              </SequencePoints>
              <BranchPoints>
                <BranchPoint vc="0" uspid="4692" ordinal="0" offset="65" sl="77" path="0" offsetend="67" fileid="100" />
                <BranchPoint vc="1" uspid="4693" ordinal="1" offset="65" sl="77" path="1" offsetend="78" fileid="100" />
                <BranchPoint vc="3" uspid="4694" ordinal="2" offset="547" sl="87" path="0" offsetend="549" fileid="100" />
                <BranchPoint vc="0" uspid="4695" ordinal="3" offset="547" sl="87" path="1" offsetend="666" fileid="100" />
                <BranchPoint vc="1" uspid="4698" ordinal="6" offset="820" sl="114" path="0" offsetend="822" fileid="100" />
                <BranchPoint vc="0" uspid="4699" ordinal="7" offset="820" sl="114" path="1" offsetend="830" fileid="100" />
                <BranchPoint vc="0" uspid="4700" ordinal="8" offset="843" sl="116" path="0" offsetend="845" fileid="100" />
                <BranchPoint vc="1" uspid="4701" ordinal="9" offset="843" sl="116" path="1" offsetend="853" fileid="100" />
              </BranchPoints>
              <MethodPoint xsi:type="SequencePoint" vc="1" uspid="4652" ordinal="0" offset="0" sl="69" sc="9" el="69" ec="10" bec="0" bev="0" fileid="100" />
            </Method>
            <Method visited="true" cyclomaticComplexity="3" nPathComplexity="4" sequenceCoverage="57.14" branchCoverage="60" isConstructor="false" isStatic="false" isGetter="false" isSetter="false">
              <Summary numSequencePoints="7" visitedSequencePoints="4" numBranchPoints="5" visitedBranchPoints="3" sequenceCoverage="57.14" branchCoverage="60" maxCyclomaticComplexity="3" minCyclomaticComplexity="3" visitedClasses="0" numClasses="0" visitedMethods="1" numMethods="1" />
              <MetadataToken>100663895</MetadataToken>
              <Name>System.Void SportsWeb.Services.Services.Implementation.SceneServices::ValidateScene(SportsWeb.Models.Models.SceneModel)</Name>
              <FileRef uid="100" />
              <SequencePoints>
                <SequencePoint vc="3" uspid="4702" ordinal="0" offset="0" sl="132" sc="9" el="132" ec="10" bec="0" bev="0" fileid="100" />
                <SequencePoint vc="3" uspid="4703" ordinal="1" offset="1" sl="133" sc="13" el="133" ec="31" bec="2" bev="1" fileid="100" />
                <SequencePoint vc="0" uspid="4704" ordinal="2" offset="9" sl="133" sc="32" el="133" ec="100" bec="0" bev="0" fileid="100" />
                <SequencePoint vc="3" uspid="4705" ordinal="3" offset="20" sl="135" sc="13" el="135" ec="63" bec="2" bev="1" fileid="100" />
                <SequencePoint vc="0" uspid="4706" ordinal="4" offset="35" sl="136" sc="13" el="136" ec="14" bec="0" bev="0" fileid="100" />
                <SequencePoint vc="0" uspid="4707" ordinal="5" offset="36" sl="137" sc="17" el="137" ec="98" bec="0" bev="0" fileid="100" />
                <SequencePoint vc="3" uspid="4708" ordinal="6" offset="47" sl="139" sc="9" el="139" ec="10" bec="0" bev="0" fileid="100" />
              </SequencePoints>
              <BranchPoints>
                <BranchPoint vc="0" uspid="4709" ordinal="0" offset="7" sl="133" path="0" offsetend="9" fileid="100" />
                <BranchPoint vc="3" uspid="4710" ordinal="1" offset="7" sl="133" path="1" offsetend="20" fileid="100" />
                <BranchPoint vc="0" uspid="4711" ordinal="2" offset="33" sl="135" path="0" offsetend="35" fileid="100" />
                <BranchPoint vc="3" uspid="4712" ordinal="3" offset="33" sl="135" path="1" offsetend="47" fileid="100" />
              </BranchPoints>
              <MethodPoint xsi:type="SequencePoint" vc="3" uspid="4702" ordinal="0" offset="0" sl="132" sc="9" el="132" ec="10" bec="0" bev="0" fileid="100" />
            </Method>
            <Method visited="true" cyclomaticComplexity="1" nPathComplexity="0" sequenceCoverage="0" branchCoverage="0" isConstructor="true" isStatic="false" isGetter="false" isSetter="false">
              <Summary numSequencePoints="0" visitedSequencePoints="0" numBranchPoints="0" visitedBranchPoints="0" sequenceCoverage="0" branchCoverage="0" maxCyclomaticComplexity="1" minCyclomaticComplexity="1" visitedClasses="0" numClasses="0" visitedMethods="0" numMethods="0" />
              <MetadataToken>100663896</MetadataToken>
              <Name>System.Void SportsWeb.Services.Services.Implementation.SceneServices::.ctor()</Name>
              <SequencePoints />
              <BranchPoints />
              <MethodPoint vc="3" uspid="4713" ordinal="0" offset="0" />
            </Method>
            <Method visited="true" cyclomaticComplexity="1" nPathComplexity="0" sequenceCoverage="100" branchCoverage="100" isConstructor="true" isStatic="true" isGetter="false" isSetter="false">
              <Summary numSequencePoints="1" visitedSequencePoints="1" numBranchPoints="1" visitedBranchPoints="1" sequenceCoverage="100" branchCoverage="100" maxCyclomaticComplexity="1" minCyclomaticComplexity="1" visitedClasses="0" numClasses="0" visitedMethods="1" numMethods="1" />
              <MetadataToken>100663897</MetadataToken>
              <Name>System.Void SportsWeb.Services.Services.Implementation.SceneServices::.cctor()</Name>
              <FileRef uid="100" />
              <SequencePoints>
                <SequencePoint vc="1" uspid="4714" ordinal="0" offset="0" sl="20" sc="9" el="20" ec="91" bec="0" bev="0" fileid="100" />
              </SequencePoints>
              <BranchPoints />
              <MethodPoint xsi:type="SequencePoint" vc="1" uspid="4714" ordinal="0" offset="0" sl="20" sc="9" el="20" ec="91" bec="0" bev="0" fileid="100" />
            </Method>
          </Methods>
        </Class>
        <Class>
          <Summary numSequencePoints="0" visitedSequencePoints="0" numBranchPoints="0" visitedBranchPoints="0" sequenceCoverage="0" branchCoverage="0" maxCyclomaticComplexity="1" minCyclomaticComplexity="1" visitedClasses="0" numClasses="0" visitedMethods="0" numMethods="0" />
          <FullName>SportsWeb.Services.Services.Implementation.SceneServices/&lt;&gt;c__DisplayClass1_0</FullName>
          <Methods>
            <Method visited="true" cyclomaticComplexity="1" nPathComplexity="0" sequenceCoverage="0" branchCoverage="0" isConstructor="true" isStatic="false" isGetter="false" isSetter="false">
              <Summary numSequencePoints="0" visitedSequencePoints="0" numBranchPoints="0" visitedBranchPoints="0" sequenceCoverage="0" branchCoverage="0" maxCyclomaticComplexity="1" minCyclomaticComplexity="1" visitedClasses="0" numClasses="0" visitedMethods="0" numMethods="0" />
              <MetadataToken>100666988</MetadataToken>
              <Name>System.Void SportsWeb.Services.Services.Implementation.SceneServices/&lt;&gt;c__DisplayClass1_0::.ctor()</Name>
              <SequencePoints />
              <BranchPoints />
              <MethodPoint vc="2" uspid="4715" ordinal="0" offset="0" />
            </Method>
          </Methods>
        </Class>
        <Class>
          <Summary numSequencePoints="1" visitedSequencePoints="1" numBranchPoints="1" visitedBranchPoints="1" sequenceCoverage="100" branchCoverage="100" maxCyclomaticComplexity="1" minCyclomaticComplexity="1" visitedClasses="1" numClasses="1" visitedMethods="1" numMethods="1" />
          <FullName>SportsWeb.Services.Services.Implementation.SceneServices/&lt;&gt;c__DisplayClass1_1</FullName>
          <Methods>
            <Method visited="true" cyclomaticComplexity="1" nPathComplexity="0" sequenceCoverage="0" branchCoverage="0" isConstructor="true" isStatic="false" isGetter="false" isSetter="false">
              <Summary numSequencePoints="0" visitedSequencePoints="0" numBranchPoints="0" visitedBranchPoints="0" sequenceCoverage="0" branchCoverage="0" maxCyclomaticComplexity="1" minCyclomaticComplexity="1" visitedClasses="0" numClasses="0" visitedMethods="0" numMethods="0" />
              <MetadataToken>100666989</MetadataToken>
              <Name>System.Void SportsWeb.Services.Services.Implementation.SceneServices/&lt;&gt;c__DisplayClass1_1::.ctor()</Name>
              <SequencePoints />
              <BranchPoints />
              <MethodPoint vc="2" uspid="4716" ordinal="0" offset="0" />
            </Method>
            <Method visited="true" cyclomaticComplexity="1" nPathComplexity="0" sequenceCoverage="100" branchCoverage="100" isConstructor="false" isStatic="false" isGetter="false" isSetter="false">
              <Summary numSequencePoints="1" visitedSequencePoints="1" numBranchPoints="1" visitedBranchPoints="1" sequenceCoverage="100" branchCoverage="100" maxCyclomaticComplexity="1" minCyclomaticComplexity="1" visitedClasses="0" numClasses="0" visitedMethods="1" numMethods="1" />
              <MetadataToken>100666990</MetadataToken>
              <Name>System.Boolean SportsWeb.Services.Services.Implementation.SceneServices/&lt;&gt;c__DisplayClass1_1::&lt;GetScenes&gt;b__4(SportsWeb.Models.Models.SceneModel)</Name>
              <FileRef uid="100" />
              <SequencePoints>
                <SequencePoint vc="6" uspid="4717" ordinal="0" offset="13" sl="52" sc="66" el="52" ec="154" bec="0" bev="0" fileid="100" />
              </SequencePoints>
              <BranchPoints />
              <MethodPoint vc="6" uspid="4718" ordinal="0" offset="0" />
            </Method>
          </Methods>
        </Class>
        <Class>
          <Summary numSequencePoints="1" visitedSequencePoints="1" numBranchPoints="1" visitedBranchPoints="1" sequenceCoverage="100" branchCoverage="100" maxCyclomaticComplexity="2" minCyclomaticComplexity="1" visitedClasses="1" numClasses="1" visitedMethods="1" numMethods="1" />
          <FullName>SportsWeb.Services.Services.Implementation.SceneServices/&lt;&gt;c__DisplayClass1_2</FullName>
          <Methods>
            <Method visited="true" cyclomaticComplexity="1" nPathComplexity="0" sequenceCoverage="0" branchCoverage="0" isConstructor="true" isStatic="false" isGetter="false" isSetter="false">
              <Summary numSequencePoints="0" visitedSequencePoints="0" numBranchPoints="0" visitedBranchPoints="0" sequenceCoverage="0" branchCoverage="0" maxCyclomaticComplexity="1" minCyclomaticComplexity="1" visitedClasses="0" numClasses="0" visitedMethods="0" numMethods="0" />
              <MetadataToken>100666991</MetadataToken>
              <Name>System.Void SportsWeb.Services.Services.Implementation.SceneServices/&lt;&gt;c__DisplayClass1_2::.ctor()</Name>
              <SequencePoints />
              <BranchPoints />
              <MethodPoint vc="6" uspid="4719" ordinal="0" offset="0" />
            </Method>
            <Method visited="true" cyclomaticComplexity="2" nPathComplexity="0" sequenceCoverage="100" branchCoverage="100" isConstructor="false" isStatic="false" isGetter="false" isSetter="false">
              <Summary numSequencePoints="1" visitedSequencePoints="1" numBranchPoints="1" visitedBranchPoints="1" sequenceCoverage="100" branchCoverage="100" maxCyclomaticComplexity="2" minCyclomaticComplexity="2" visitedClasses="0" numClasses="0" visitedMethods="1" numMethods="1" />
              <MetadataToken>100666992</MetadataToken>
              <Name>System.Boolean SportsWeb.Services.Services.Implementation.SceneServices/&lt;&gt;c__DisplayClass1_2::&lt;GetScenes&gt;b__5(SportsWeb.Models.Models.SceneModel)</Name>
              <FileRef uid="100" />
              <SequencePoints>
                <SequencePoint vc="6" uspid="4720" ordinal="0" offset="0" sl="52" sc="90" el="52" ec="153" bec="0" bev="0" fileid="100" />
              </SequencePoints>
              <BranchPoints />
              <MethodPoint xsi:type="SequencePoint" vc="6" uspid="4720" ordinal="0" offset="0" sl="52" sc="90" el="52" ec="153" bec="0" bev="0" fileid="100" />
            </Method>
          </Methods>
        </Class>
        <Class>
          <Summary numSequencePoints="0" visitedSequencePoints="0" numBranchPoints="0" visitedBranchPoints="0" sequenceCoverage="0" branchCoverage="0" maxCyclomaticComplexity="1" minCyclomaticComplexity="1" visitedClasses="0" numClasses="0" visitedMethods="0" numMethods="0" />
          <FullName>SportsWeb.Services.Services.Implementation.SceneServices/&lt;&gt;c</FullName>
          <Methods>
            <Method visited="false" cyclomaticComplexity="1" nPathComplexity="0" sequenceCoverage="0" branchCoverage="0" isConstructor="true" isStatic="true" isGetter="false" isSetter="false">
              <Summary numSequencePoints="0" visitedSequencePoints="0" numBranchPoints="0" visitedBranchPoints="0" sequenceCoverage="0" branchCoverage="0" maxCyclomaticComplexity="1" minCyclomaticComplexity="1" visitedClasses="0" numClasses="0" visitedMethods="0" numMethods="0" />
              <MetadataToken>100666993</MetadataToken>
              <Name>System.Void SportsWeb.Services.Services.Implementation.SceneServices/&lt;&gt;c::.cctor()</Name>
              <SequencePoints />
              <BranchPoints />
              <MethodPoint vc="0" uspid="4723" ordinal="0" offset="0" />
            </Method>
            <Method visited="false" cyclomaticComplexity="1" nPathComplexity="0" sequenceCoverage="0" branchCoverage="0" isConstructor="true" isStatic="false" isGetter="false" isSetter="false">
              <Summary numSequencePoints="0" visitedSequencePoints="0" numBranchPoints="0" visitedBranchPoints="0" sequenceCoverage="0" branchCoverage="0" maxCyclomaticComplexity="1" minCyclomaticComplexity="1" visitedClasses="0" numClasses="0" visitedMethods="0" numMethods="0" />
              <MetadataToken>100666994</MetadataToken>
              <Name>System.Void SportsWeb.Services.Services.Implementation.SceneServices/&lt;&gt;c::.ctor()</Name>
              <SequencePoints />
              <BranchPoints />
              <MethodPoint vc="0" uspid="4724" ordinal="0" offset="0" />
            </Method>
          </Methods>
        </Class>
        <Class>
          <Summary numSequencePoints="1" visitedSequencePoints="1" numBranchPoints="5" visitedBranchPoints="3" sequenceCoverage="100" branchCoverage="60" maxCyclomaticComplexity="5" minCyclomaticComplexity="1" visitedClasses="1" numClasses="1" visitedMethods="1" numMethods="1" />
          <FullName>SportsWeb.Services.Services.Implementation.SceneServices/&lt;&gt;c__DisplayClass2_0</FullName>
          <Methods>
            <Method visited="true" cyclomaticComplexity="1" nPathComplexity="0" sequenceCoverage="0" branchCoverage="0" isConstructor="true" isStatic="false" isGetter="false" isSetter="false">
              <Summary numSequencePoints="0" visitedSequencePoints="0" numBranchPoints="0" visitedBranchPoints="0" sequenceCoverage="0" branchCoverage="0" maxCyclomaticComplexity="1" minCyclomaticComplexity="1" visitedClasses="0" numClasses="0" visitedMethods="0" numMethods="0" />
              <MetadataToken>100666995</MetadataToken>
              <Name>System.Void SportsWeb.Services.Services.Implementation.SceneServices/&lt;&gt;c__DisplayClass2_0::.ctor()</Name>
              <SequencePoints />
              <BranchPoints />
              <MethodPoint vc="1" uspid="4725" ordinal="0" offset="0" />
            </Method>
            <Method visited="true" cyclomaticComplexity="5" nPathComplexity="4" sequenceCoverage="100" branchCoverage="60" isConstructor="false" isStatic="false" isGetter="false" isSetter="false">
              <Summary numSequencePoints="1" visitedSequencePoints="1" numBranchPoints="5" visitedBranchPoints="3" sequenceCoverage="100" branchCoverage="60" maxCyclomaticComplexity="5" minCyclomaticComplexity="5" visitedClasses="0" numClasses="0" visitedMethods="1" numMethods="1" />
              <MetadataToken>100666996</MetadataToken>
              <Name>System.Boolean SportsWeb.Services.Services.Implementation.SceneServices/&lt;&gt;c__DisplayClass2_0::&lt;SetCustomScene&gt;b__0(SportsWeb.Models.Models.SceneModel)</Name>
              <FileRef uid="100" />
              <SequencePoints>
                <SequencePoint vc="3" uspid="4726" ordinal="0" offset="0" sl="77" sc="41" el="77" ec="59" bec="4" bev="2" fileid="100" />
              </SequencePoints>
              <BranchPoints>
                <BranchPoint vc="0" uspid="4727" ordinal="0" offset="21" sl="77" path="0" offsetend="23" fileid="100" />
                <BranchPoint vc="3" uspid="4728" ordinal="1" offset="21" sl="77" path="1" offsetend="26" fileid="100" />
                <BranchPoint vc="0" uspid="4729" ordinal="2" offset="33" sl="77" path="0" offsetend="35" fileid="100" />
                <BranchPoint vc="3" uspid="4730" ordinal="3" offset="33" sl="77" path="1" offsetend="38" fileid="100" />
              </BranchPoints>
              <MethodPoint xsi:type="SequencePoint" vc="3" uspid="4726" ordinal="0" offset="0" sl="77" sc="41" el="77" ec="59" bec="4" bev="2" fileid="100" />
            </Method>
          </Methods>
        </Class>
        <Class>
          <Summary numSequencePoints="0" visitedSequencePoints="0" numBranchPoints="0" visitedBranchPoints="0" sequenceCoverage="0" branchCoverage="0" maxCyclomaticComplexity="1" minCyclomaticComplexity="1" visitedClasses="0" numClasses="0" visitedMethods="0" numMethods="0" />
          <FullName>SportsWeb.Services.Services.Implementation.SceneServices/&lt;&gt;c__DisplayClass2_1</FullName>
          <Methods>
            <Method visited="true" cyclomaticComplexity="1" nPathComplexity="0" sequenceCoverage="0" branchCoverage="0" isConstructor="true" isStatic="false" isGetter="false" isSetter="false">
              <Summary numSequencePoints="0" visitedSequencePoints="0" numBranchPoints="0" visitedBranchPoints="0" sequenceCoverage="0" branchCoverage="0" maxCyclomaticComplexity="1" minCyclomaticComplexity="1" visitedClasses="0" numClasses="0" visitedMethods="0" numMethods="0" />
              <MetadataToken>100666997</MetadataToken>
              <Name>System.Void SportsWeb.Services.Services.Implementation.SceneServices/&lt;&gt;c__DisplayClass2_1::.ctor()</Name>
              <SequencePoints />
              <BranchPoints />
              <MethodPoint vc="3" uspid="4731" ordinal="0" offset="0" />
            </Method>
          </Methods>
        </Class>
        <Class>
          <Summary numSequencePoints="310" visitedSequencePoints="309" numBranchPoints="112" visitedBranchPoints="102" sequenceCoverage="99.68" branchCoverage="91.07" maxCyclomaticComplexity="18" minCyclomaticComplexity="1" visitedClasses="1" numClasses="1" visitedMethods="12" numMethods="12" />
          <FullName>SportsWeb.Services.Services.Implementation.SchedulingApplication.ScheduleServices</FullName>
          <Methods>
            <Method visited="true" cyclomaticComplexity="1" nPathComplexity="0" sequenceCoverage="100" branchCoverage="100" isConstructor="true" isStatic="false" isGetter="false" isSetter="false">
              <Summary numSequencePoints="4" visitedSequencePoints="4" numBranchPoints="1" visitedBranchPoints="1" sequenceCoverage="100" branchCoverage="100" maxCyclomaticComplexity="1" minCyclomaticComplexity="1" visitedClasses="0" numClasses="0" visitedMethods="1" numMethods="1" />
              <MetadataToken>100663898</MetadataToken>
              <Name>System.Void SportsWeb.Services.Services.Implementation.SchedulingApplication.ScheduleServices::.ctor()</Name>
              <FileRef uid="104" />
              <SequencePoints>
                <SequencePoint vc="50" uspid="4732" ordinal="0" offset="0" sl="29" sc="9" el="29" ec="34" bec="0" bev="0" fileid="104" />
                <SequencePoint vc="50" uspid="4733" ordinal="1" offset="7" sl="30" sc="9" el="30" ec="10" bec="0" bev="0" fileid="104" />
                <SequencePoint vc="50" uspid="4734" ordinal="2" offset="8" sl="31" sc="13" el="31" ec="69" bec="0" bev="0" fileid="104" />
                <SequencePoint vc="50" uspid="4735" ordinal="3" offset="29" sl="32" sc="9" el="32" ec="10" bec="0" bev="0" fileid="104" />
              </SequencePoints>
              <BranchPoints />
              <MethodPoint xsi:type="SequencePoint" vc="50" uspid="4732" ordinal="0" offset="0" sl="29" sc="9" el="29" ec="34" bec="0" bev="0" fileid="104" />
            </Method>
            <Method visited="true" cyclomaticComplexity="5" nPathComplexity="8" sequenceCoverage="100" branchCoverage="100" isConstructor="false" isStatic="false" isGetter="false" isSetter="false">
              <Summary numSequencePoints="31" visitedSequencePoints="31" numBranchPoints="7" visitedBranchPoints="7" sequenceCoverage="100" branchCoverage="100" maxCyclomaticComplexity="5" minCyclomaticComplexity="5" visitedClasses="0" numClasses="0" visitedMethods="1" numMethods="1" />
              <MetadataToken>100663899</MetadataToken>
              <Name>System.Void SportsWeb.Services.Services.Implementation.SchedulingApplication.ScheduleServices::CreateScheduleForField(SportsWeb.Models.Models.ScheduleForFieldModel)</Name>
              <FileRef uid="104" />
              <SequencePoints>
                <SequencePoint vc="18" uspid="4736" ordinal="0" offset="0" sl="34" sc="9" el="34" ec="10" bec="0" bev="0" fileid="104" />
                <SequencePoint vc="18" uspid="4737" ordinal="1" offset="1" sl="35" sc="13" el="36" ec="77" bec="2" bev="2" fileid="104" />
                <SequencePoint vc="17" uspid="4738" ordinal="2" offset="28" sl="37" sc="13" el="37" ec="14" bec="0" bev="0" fileid="104" />
                <SequencePoint vc="17" uspid="4739" ordinal="3" offset="29" sl="38" sc="17" el="38" ec="35" bec="2" bev="2" fileid="104" />
                <SequencePoint vc="1" uspid="4740" ordinal="4" offset="37" sl="39" sc="17" el="39" ec="18" bec="0" bev="0" fileid="104" />
                <SequencePoint vc="1" uspid="4741" ordinal="5" offset="38" sl="40" sc="21" el="40" ec="110" bec="0" bev="0" fileid="104" />
                <SequencePoint vc="1" uspid="4742" ordinal="6" offset="54" sl="41" sc="21" el="41" ec="114" bec="0" bev="0" fileid="104" />
                <SequencePoint vc="16" uspid="4743" ordinal="7" offset="66" sl="45" sc="17" el="45" ec="18" bec="0" bev="0" fileid="104" />
                <SequencePoint vc="16" uspid="4744" ordinal="8" offset="67" sl="46" sc="21" el="46" ec="54" bec="0" bev="0" fileid="104" />
                <SequencePoint vc="5" uspid="4745" ordinal="9" offset="75" sl="47" sc="21" el="47" ec="80" bec="0" bev="0" fileid="104" />
                <SequencePoint vc="5" uspid="4746" ordinal="10" offset="95" sl="48" sc="21" el="48" ec="78" bec="0" bev="0" fileid="104" />
                <SequencePoint vc="5" uspid="4747" ordinal="11" offset="113" sl="51" sc="28" el="51" ec="55" bec="0" bev="0" fileid="104" />
                <SequencePoint vc="5" uspid="4748" ordinal="12" offset="128" sl="52" sc="21" el="52" ec="22" bec="0" bev="0" fileid="104" />
                <SequencePoint vc="5" uspid="4749" ordinal="13" offset="129" sl="53" sc="25" el="53" ec="81" bec="0" bev="0" fileid="104" />
                <SequencePoint vc="5" uspid="4750" ordinal="14" offset="138" sl="54" sc="25" el="54" ec="72" bec="0" bev="0" fileid="104" />
                <SequencePoint vc="5" uspid="4751" ordinal="15" offset="158" sl="56" sc="25" el="56" ec="74" bec="0" bev="0" fileid="104" />
                <SequencePoint vc="5" uspid="4752" ordinal="16" offset="167" sl="57" sc="25" el="57" ec="103" bec="0" bev="0" fileid="104" />
                <SequencePoint vc="5" uspid="4753" ordinal="17" offset="345" sl="58" sc="21" el="58" ec="22" bec="0" bev="0" fileid="104" />
                <SequencePoint vc="5" uspid="4754" ordinal="18" offset="361" sl="59" sc="21" el="59" ec="83" bec="2" bev="2" fileid="104" />
                <SequencePoint vc="1" uspid="4755" ordinal="19" offset="376" sl="60" sc="21" el="60" ec="22" bec="0" bev="0" fileid="104" />
                <SequencePoint vc="1" uspid="4756" ordinal="20" offset="377" sl="61" sc="25" el="61" ec="64" bec="0" bev="0" fileid="104" />
                <SequencePoint vc="1" uspid="4757" ordinal="21" offset="391" sl="62" sc="25" el="62" ec="32" bec="0" bev="0" fileid="104" />
                <SequencePoint vc="4" uspid="4758" ordinal="22" offset="396" sl="64" sc="21" el="64" ec="77" bec="0" bev="0" fileid="104" />
                <SequencePoint vc="3" uspid="4759" ordinal="23" offset="410" sl="67" sc="21" el="82" ec="24" bec="0" bev="0" fileid="104" />
                <SequencePoint vc="3" uspid="4760" ordinal="24" offset="583" sl="83" sc="17" el="83" ec="18" bec="0" bev="0" fileid="104" />
                <SequencePoint vc="12" uspid="4761" ordinal="25" offset="586" sl="84" sc="17" el="84" ec="37" bec="0" bev="0" fileid="104" />
                <SequencePoint vc="12" uspid="4762" ordinal="26" offset="588" sl="85" sc="17" el="85" ec="18" bec="0" bev="0" fileid="104" />
                <SequencePoint vc="12" uspid="4763" ordinal="27" offset="589" sl="86" sc="21" el="86" ec="111" bec="0" bev="0" fileid="104" />
                <SequencePoint vc="12" uspid="4764" ordinal="28" offset="607" sl="87" sc="21" el="87" ec="27" bec="0" bev="0" fileid="104" />
                <SequencePoint vc="3" uspid="4765" ordinal="29" offset="609" sl="89" sc="13" el="89" ec="14" bec="0" bev="0" fileid="104" />
                <SequencePoint vc="5" uspid="4766" ordinal="30" offset="610" sl="91" sc="9" el="91" ec="10" bec="0" bev="0" fileid="104" />
              </SequencePoints>
              <BranchPoints>
                <BranchPoint vc="17" uspid="4767" ordinal="0" offset="23" sl="35" path="0" offsetend="28" fileid="104" />
                <BranchPoint vc="1" uspid="4768" ordinal="1" offset="23" sl="35" path="1" offsetend="610" fileid="104" />
                <BranchPoint vc="1" uspid="4769" ordinal="2" offset="35" sl="38" path="0" offsetend="37" fileid="104" />
                <BranchPoint vc="16" uspid="4770" ordinal="3" offset="35" sl="38" path="1" offsetend="65" fileid="104" />
                <BranchPoint vc="1" uspid="4771" ordinal="4" offset="374" sl="59" path="0" offsetend="376" fileid="104" />
                <BranchPoint vc="4" uspid="4772" ordinal="5" offset="374" sl="59" path="1" offsetend="396" fileid="104" />
              </BranchPoints>
              <MethodPoint xsi:type="SequencePoint" vc="18" uspid="4736" ordinal="0" offset="0" sl="34" sc="9" el="34" ec="10" bec="0" bev="0" fileid="104" />
            </Method>
            <Method visited="true" cyclomaticComplexity="15" nPathComplexity="8192" sequenceCoverage="100" branchCoverage="100" isConstructor="false" isStatic="false" isGetter="false" isSetter="false">
              <Summary numSequencePoints="45" visitedSequencePoints="45" numBranchPoints="27" visitedBranchPoints="27" sequenceCoverage="100" branchCoverage="100" maxCyclomaticComplexity="15" minCyclomaticComplexity="15" visitedClasses="0" numClasses="0" visitedMethods="1" numMethods="1" />
              <MetadataToken>100663900</MetadataToken>
              <Name>System.Void SportsWeb.Services.Services.Implementation.SchedulingApplication.ScheduleServices::ValidateSchedulingDetails(SportsWeb.Models.Models.ScheduleForFieldModel)</Name>
              <FileRef uid="104" />
              <SequencePoints>
                <SequencePoint vc="37" uspid="4773" ordinal="0" offset="0" sl="94" sc="9" el="94" ec="10" bec="0" bev="0" fileid="104" />
                <SequencePoint vc="37" uspid="4774" ordinal="1" offset="1" sl="95" sc="13" el="95" ec="62" bec="2" bev="2" fileid="104" />
                <SequencePoint vc="2" uspid="4775" ordinal="2" offset="21" sl="96" sc="13" el="96" ec="14" bec="0" bev="0" fileid="104" />
                <SequencePoint vc="2" uspid="4776" ordinal="3" offset="22" sl="97" sc="17" el="97" ec="112" bec="0" bev="0" fileid="104" />
                <SequencePoint vc="35" uspid="4777" ordinal="4" offset="33" sl="99" sc="13" el="99" ec="60" bec="2" bev="2" fileid="104" />
                <SequencePoint vc="2" uspid="4778" ordinal="5" offset="53" sl="100" sc="13" el="100" ec="14" bec="0" bev="0" fileid="104" />
                <SequencePoint vc="2" uspid="4779" ordinal="6" offset="54" sl="101" sc="17" el="101" ec="110" bec="0" bev="0" fileid="104" />
                <SequencePoint vc="33" uspid="4780" ordinal="7" offset="65" sl="103" sc="13" el="103" ec="75" bec="0" bev="0" fileid="104" />
                <SequencePoint vc="33" uspid="4781" ordinal="8" offset="83" sl="104" sc="13" el="104" ec="69" bec="0" bev="0" fileid="104" />
                <SequencePoint vc="33" uspid="4782" ordinal="9" offset="101" sl="105" sc="13" el="105" ec="46" bec="2" bev="2" fileid="104" />
                <SequencePoint vc="2" uspid="4783" ordinal="10" offset="114" sl="106" sc="13" el="106" ec="14" bec="0" bev="0" fileid="104" />
                <SequencePoint vc="2" uspid="4784" ordinal="11" offset="115" sl="107" sc="17" el="107" ec="122" bec="0" bev="0" fileid="104" />
                <SequencePoint vc="31" uspid="4785" ordinal="12" offset="126" sl="110" sc="13" el="110" ec="37" bec="2" bev="2" fileid="104" />
                <SequencePoint vc="2" uspid="4786" ordinal="13" offset="150" sl="111" sc="13" el="111" ec="14" bec="0" bev="0" fileid="104" />
                <SequencePoint vc="2" uspid="4787" ordinal="14" offset="151" sl="112" sc="17" el="112" ec="101" bec="0" bev="0" fileid="104" />
                <SequencePoint vc="29" uspid="4788" ordinal="15" offset="162" sl="114" sc="13" el="114" ec="61" bec="2" bev="2" fileid="104" />
                <SequencePoint vc="2" uspid="4789" ordinal="16" offset="197" sl="115" sc="13" el="115" ec="14" bec="0" bev="0" fileid="104" />
                <SequencePoint vc="2" uspid="4790" ordinal="17" offset="198" sl="116" sc="17" el="116" ec="100" bec="0" bev="0" fileid="104" />
                <SequencePoint vc="27" uspid="4791" ordinal="18" offset="209" sl="118" sc="13" el="118" ec="89" bec="2" bev="2" fileid="104" />
                <SequencePoint vc="2" uspid="4792" ordinal="19" offset="244" sl="119" sc="13" el="119" ec="14" bec="0" bev="0" fileid="104" />
                <SequencePoint vc="2" uspid="4793" ordinal="20" offset="245" sl="120" sc="17" el="120" ec="114" bec="0" bev="0" fileid="104" />
                <SequencePoint vc="25" uspid="4794" ordinal="21" offset="256" sl="122" sc="13" el="122" ec="72" bec="2" bev="2" fileid="104" />
                <SequencePoint vc="21" uspid="4795" ordinal="22" offset="274" sl="123" sc="13" el="123" ec="14" bec="0" bev="0" fileid="104" />
                <SequencePoint vc="21" uspid="4796" ordinal="23" offset="275" sl="124" sc="17" el="124" ec="80" bec="2" bev="2" fileid="104" />
                <SequencePoint vc="2" uspid="4797" ordinal="24" offset="316" sl="125" sc="17" el="125" ec="18" bec="0" bev="0" fileid="104" />
                <SequencePoint vc="2" uspid="4798" ordinal="25" offset="317" sl="126" sc="21" el="126" ec="127" bec="0" bev="0" fileid="104" />
                <SequencePoint vc="19" uspid="4799" ordinal="26" offset="328" sl="129" sc="17" el="129" ec="138" bec="2" bev="2" fileid="104" />
                <SequencePoint vc="15" uspid="4800" ordinal="27" offset="358" sl="130" sc="17" el="130" ec="18" bec="0" bev="0" fileid="104" />
                <SequencePoint vc="15" uspid="4801" ordinal="28" offset="359" sl="131" sc="21" el="131" ec="49" bec="2" bev="2" fileid="104" />
                <SequencePoint vc="2" uspid="4802" ordinal="29" offset="383" sl="132" sc="21" el="132" ec="22" bec="0" bev="0" fileid="104" />
                <SequencePoint vc="2" uspid="4803" ordinal="30" offset="384" sl="133" sc="25" el="133" ec="131" bec="0" bev="0" fileid="104" />
                <SequencePoint vc="13" uspid="4804" ordinal="31" offset="395" sl="135" sc="21" el="135" ec="91" bec="2" bev="2" fileid="104" />
                <SequencePoint vc="2" uspid="4805" ordinal="32" offset="430" sl="136" sc="21" el="136" ec="22" bec="0" bev="0" fileid="104" />
                <SequencePoint vc="2" uspid="4806" ordinal="33" offset="431" sl="137" sc="25" el="137" ec="112" bec="0" bev="0" fileid="104" />
                <SequencePoint vc="11" uspid="4807" ordinal="34" offset="442" sl="140" sc="21" el="140" ec="88" bec="2" bev="2" fileid="104" />
                <SequencePoint vc="2" uspid="4808" ordinal="35" offset="483" sl="141" sc="21" el="141" ec="22" bec="0" bev="0" fileid="104" />
                <SequencePoint vc="2" uspid="4809" ordinal="36" offset="484" sl="142" sc="25" el="142" ec="128" bec="0" bev="0" fileid="104" />
                <SequencePoint vc="9" uspid="4810" ordinal="37" offset="495" sl="144" sc="17" el="144" ec="18" bec="0" bev="0" fileid="104" />
                <SequencePoint vc="13" uspid="4811" ordinal="38" offset="496" sl="145" sc="13" el="145" ec="14" bec="0" bev="0" fileid="104" />
                <SequencePoint vc="4" uspid="4812" ordinal="39" offset="499" sl="147" sc="13" el="147" ec="14" bec="0" bev="0" fileid="104" />
                <SequencePoint vc="4" uspid="4813" ordinal="40" offset="500" sl="148" sc="17" el="148" ec="80" bec="2" bev="2" fileid="104" />
                <SequencePoint vc="2" uspid="4814" ordinal="41" offset="541" sl="149" sc="17" el="149" ec="18" bec="0" bev="0" fileid="104" />
                <SequencePoint vc="2" uspid="4815" ordinal="42" offset="542" sl="150" sc="21" el="150" ec="133" bec="0" bev="0" fileid="104" />
                <SequencePoint vc="2" uspid="4816" ordinal="43" offset="553" sl="152" sc="13" el="152" ec="14" bec="0" bev="0" fileid="104" />
                <SequencePoint vc="15" uspid="4817" ordinal="44" offset="554" sl="153" sc="9" el="153" ec="10" bec="0" bev="0" fileid="104" />
              </SequencePoints>
              <BranchPoints>
                <BranchPoint vc="2" uspid="4818" ordinal="0" offset="19" sl="95" path="0" offsetend="21" fileid="104" />
                <BranchPoint vc="35" uspid="4819" ordinal="1" offset="19" sl="95" path="1" offsetend="33" fileid="104" />
                <BranchPoint vc="2" uspid="4820" ordinal="2" offset="51" sl="99" path="0" offsetend="53" fileid="104" />
                <BranchPoint vc="33" uspid="4821" ordinal="3" offset="51" sl="99" path="1" offsetend="65" fileid="104" />
                <BranchPoint vc="2" uspid="4822" ordinal="4" offset="112" sl="105" path="0" offsetend="114" fileid="104" />
                <BranchPoint vc="31" uspid="4823" ordinal="5" offset="112" sl="105" path="1" offsetend="126" fileid="104" />
                <BranchPoint vc="2" uspid="4824" ordinal="6" offset="148" sl="110" path="0" offsetend="150" fileid="104" />
                <BranchPoint vc="29" uspid="4825" ordinal="7" offset="148" sl="110" path="1" offsetend="162" fileid="104" />
                <BranchPoint vc="2" uspid="4826" ordinal="8" offset="195" sl="114" path="0" offsetend="197" fileid="104" />
                <BranchPoint vc="27" uspid="4827" ordinal="9" offset="195" sl="114" path="1" offsetend="209" fileid="104" />
                <BranchPoint vc="2" uspid="4828" ordinal="10" offset="242" sl="118" path="0" offsetend="244" fileid="104" />
                <BranchPoint vc="25" uspid="4829" ordinal="11" offset="242" sl="118" path="1" offsetend="256" fileid="104" />
                <BranchPoint vc="21" uspid="4830" ordinal="12" offset="269" sl="122" path="0" offsetend="274" fileid="104" />
                <BranchPoint vc="4" uspid="4831" ordinal="13" offset="269" sl="122" path="1" offsetend="499" fileid="104" />
                <BranchPoint vc="2" uspid="4832" ordinal="14" offset="314" sl="124" path="0" offsetend="316" fileid="104" />
                <BranchPoint vc="19" uspid="4833" ordinal="15" offset="314" sl="124" path="1" offsetend="328" fileid="104" />
                <BranchPoint vc="15" uspid="4836" ordinal="18" offset="353" sl="129" path="0" offsetend="358" fileid="104" />
                <BranchPoint vc="4" uspid="4837" ordinal="19" offset="353" sl="129" path="1" offsetend="496" fileid="104" />
                <BranchPoint vc="2" uspid="4838" ordinal="20" offset="381" sl="131" path="0" offsetend="383" fileid="104" />
                <BranchPoint vc="13" uspid="4839" ordinal="21" offset="381" sl="131" path="1" offsetend="395" fileid="104" />
                <BranchPoint vc="2" uspid="4840" ordinal="22" offset="428" sl="135" path="0" offsetend="430" fileid="104" />
                <BranchPoint vc="11" uspid="4841" ordinal="23" offset="428" sl="135" path="1" offsetend="442" fileid="104" />
                <BranchPoint vc="2" uspid="4842" ordinal="24" offset="481" sl="140" path="0" offsetend="483" fileid="104" />
                <BranchPoint vc="9" uspid="4843" ordinal="25" offset="481" sl="140" path="1" offsetend="495" fileid="104" />
                <BranchPoint vc="2" uspid="4844" ordinal="26" offset="539" sl="148" path="0" offsetend="541" fileid="104" />
                <BranchPoint vc="2" uspid="4845" ordinal="27" offset="539" sl="148" path="1" offsetend="553" fileid="104" />
              </BranchPoints>
              <MethodPoint xsi:type="SequencePoint" vc="37" uspid="4773" ordinal="0" offset="0" sl="94" sc="9" el="94" ec="10" bec="0" bev="0" fileid="104" />
            </Method>
            <Method visited="true" cyclomaticComplexity="12" nPathComplexity="64" sequenceCoverage="93.75" branchCoverage="76.92" isConstructor="false" isStatic="false" isGetter="false" isSetter="false">
              <Summary numSequencePoints="16" visitedSequencePoints="15" numBranchPoints="13" visitedBranchPoints="10" sequenceCoverage="93.75" branchCoverage="76.92" maxCyclomaticComplexity="12" minCyclomaticComplexity="12" visitedClasses="0" numClasses="0" visitedMethods="1" numMethods="1" />
              <MetadataToken>100663901</MetadataToken>
              <Name>System.Void SportsWeb.Services.Services.Implementation.SchedulingApplication.ScheduleServices::ValidateEditSchedulingDetails(SportsWeb.Models.Models.EditScheduleForFieldModel)</Name>
              <FileRef uid="104" />
              <SequencePoints>
                <SequencePoint vc="21" uspid="4846" ordinal="0" offset="0" sl="156" sc="9" el="156" ec="10" bec="0" bev="0" fileid="104" />
                <SequencePoint vc="21" uspid="4847" ordinal="1" offset="1" sl="157" sc="13" el="157" ec="46" bec="0" bev="0" fileid="104" />
                <SequencePoint vc="10" uspid="4848" ordinal="2" offset="9" sl="158" sc="13" el="158" ec="80" bec="0" bev="0" fileid="104" />
                <SequencePoint vc="10" uspid="4849" ordinal="3" offset="35" sl="159" sc="13" el="159" ec="127" bec="2" bev="2" fileid="104" />
                <SequencePoint vc="6" uspid="4850" ordinal="4" offset="99" sl="160" sc="13" el="160" ec="14" bec="0" bev="0" fileid="104" />
                <SequencePoint vc="6" uspid="4851" ordinal="5" offset="100" sl="162" sc="17" el="162" ec="53" bec="2" bev="2" fileid="104" />
                <SequencePoint vc="1" uspid="4852" ordinal="6" offset="117" sl="163" sc="17" el="163" ec="18" bec="0" bev="0" fileid="104" />
                <SequencePoint vc="1" uspid="4853" ordinal="7" offset="118" sl="164" sc="21" el="165" ec="88" bec="0" bev="0" fileid="104" />
                <SequencePoint vc="5" uspid="4854" ordinal="8" offset="129" sl="167" sc="13" el="167" ec="14" bec="0" bev="0" fileid="104" />
                <SequencePoint vc="4" uspid="4855" ordinal="9" offset="132" sl="169" sc="18" el="169" ec="150" bec="6" bev="4" fileid="104" />
                <SequencePoint vc="1" uspid="4856" ordinal="10" offset="223" sl="170" sc="13" el="170" ec="14" bec="0" bev="0" fileid="104" />
                <SequencePoint vc="1" uspid="4857" ordinal="11" offset="224" sl="171" sc="17" el="171" ec="53" bec="2" bev="1" fileid="104" />
                <SequencePoint vc="1" uspid="4858" ordinal="12" offset="241" sl="172" sc="17" el="172" ec="18" bec="0" bev="0" fileid="104" />
                <SequencePoint vc="1" uspid="4859" ordinal="13" offset="242" sl="173" sc="21" el="174" ec="88" bec="0" bev="0" fileid="104" />
                <SequencePoint vc="0" uspid="4860" ordinal="14" offset="253" sl="176" sc="13" el="176" ec="14" bec="0" bev="0" fileid="104" />
                <SequencePoint vc="8" uspid="4861" ordinal="15" offset="254" sl="180" sc="9" el="180" ec="10" bec="0" bev="0" fileid="104" />
              </SequencePoints>
              <BranchPoints>
                <BranchPoint vc="6" uspid="4864" ordinal="2" offset="97" sl="159" path="0" offsetend="99" fileid="104" />
                <BranchPoint vc="4" uspid="4865" ordinal="3" offset="97" sl="159" path="1" offsetend="132" fileid="104" />
                <BranchPoint vc="1" uspid="4866" ordinal="4" offset="115" sl="162" path="0" offsetend="117" fileid="104" />
                <BranchPoint vc="5" uspid="4867" ordinal="5" offset="115" sl="162" path="1" offsetend="129" fileid="104" />
                <BranchPoint vc="0" uspid="4870" ordinal="8" offset="172" sl="169" path="0" offsetend="174" fileid="104" />
                <BranchPoint vc="1" uspid="4871" ordinal="9" offset="172" sl="169" path="1" offsetend="177" fileid="104" />
                <BranchPoint vc="0" uspid="4872" ordinal="10" offset="184" sl="169" path="0" offsetend="186" fileid="104" />
                <BranchPoint vc="1" uspid="4873" ordinal="11" offset="184" sl="169" path="1" offsetend="189" fileid="104" />
                <BranchPoint vc="1" uspid="4876" ordinal="14" offset="221" sl="169" path="0" offsetend="223" fileid="104" />
                <BranchPoint vc="3" uspid="4877" ordinal="15" offset="221" sl="169" path="1" offsetend="254" fileid="104" />
                <BranchPoint vc="1" uspid="4878" ordinal="16" offset="239" sl="171" path="0" offsetend="241" fileid="104" />
                <BranchPoint vc="0" uspid="4879" ordinal="17" offset="239" sl="171" path="1" offsetend="253" fileid="104" />
              </BranchPoints>
              <MethodPoint xsi:type="SequencePoint" vc="21" uspid="4846" ordinal="0" offset="0" sl="156" sc="9" el="156" ec="10" bec="0" bev="0" fileid="104" />
            </Method>
            <Method visited="true" cyclomaticComplexity="13" nPathComplexity="128" sequenceCoverage="100" branchCoverage="86.67" isConstructor="false" isStatic="false" isGetter="false" isSetter="false">
              <Summary numSequencePoints="47" visitedSequencePoints="47" numBranchPoints="15" visitedBranchPoints="13" sequenceCoverage="100" branchCoverage="86.67" maxCyclomaticComplexity="13" minCyclomaticComplexity="13" visitedClasses="0" numClasses="0" visitedMethods="1" numMethods="1" />
              <MetadataToken>100663902</MetadataToken>
              <Name>System.Collections.Generic.List`1&lt;SportsWeb.Models.Models.GetScheduleForFieldModel&gt; SportsWeb.Services.Services.Implementation.SchedulingApplication.ScheduleServices::GetScheduleForField(System.Guid,System.DateTime,System.DateTime)</Name>
              <FileRef uid="104" />
              <SequencePoints>
                <SequencePoint vc="6" uspid="4880" ordinal="0" offset="20" sl="183" sc="9" el="183" ec="10" bec="0" bev="0" fileid="104" />
                <SequencePoint vc="6" uspid="4881" ordinal="1" offset="21" sl="184" sc="13" el="185" ec="75" bec="2" bev="2" fileid="104" />
                <SequencePoint vc="5" uspid="4882" ordinal="2" offset="48" sl="186" sc="13" el="186" ec="14" bec="0" bev="0" fileid="104" />
                <SequencePoint vc="5" uspid="4883" ordinal="3" offset="49" sl="187" sc="17" el="187" ec="43" bec="2" bev="2" fileid="104" />
                <SequencePoint vc="1" uspid="4884" ordinal="4" offset="64" sl="188" sc="17" el="188" ec="18" bec="0" bev="0" fileid="104" />
                <SequencePoint vc="1" uspid="4885" ordinal="5" offset="65" sl="189" sc="21" el="189" ec="111" bec="0" bev="0" fileid="104" />
                <SequencePoint vc="1" uspid="4886" ordinal="6" offset="81" sl="190" sc="21" el="190" ec="117" bec="0" bev="0" fileid="104" />
                <SequencePoint vc="4" uspid="4887" ordinal="7" offset="93" sl="194" sc="17" el="194" ec="18" bec="0" bev="0" fileid="104" />
                <SequencePoint vc="4" uspid="4888" ordinal="8" offset="94" sl="196" sc="21" el="196" ec="75" bec="0" bev="0" fileid="104" />
                <SequencePoint vc="3" uspid="4889" ordinal="9" offset="107" sl="197" sc="21" el="197" ec="45" bec="2" bev="1" fileid="104" />
                <SequencePoint vc="3" uspid="4890" ordinal="10" offset="132" sl="198" sc="21" el="198" ec="22" bec="0" bev="0" fileid="104" />
                <SequencePoint vc="3" uspid="4891" ordinal="11" offset="133" sl="200" sc="25" el="200" ec="114" bec="0" bev="0" fileid="104" />
                <SequencePoint vc="3" uspid="4892" ordinal="12" offset="152" sl="202" sc="25" el="202" ec="67" bec="0" bev="0" fileid="104" />
                <SequencePoint vc="3" uspid="4893" ordinal="13" offset="164" sl="203" sc="25" el="203" ec="79" bec="0" bev="0" fileid="104" />
                <SequencePoint vc="3" uspid="4894" ordinal="14" offset="184" sl="205" sc="32" el="205" ec="65" bec="0" bev="0" fileid="104" />
                <SequencePoint vc="3" uspid="4895" ordinal="15" offset="192" sl="206" sc="25" el="206" ec="26" bec="0" bev="0" fileid="104" />
                <SequencePoint vc="3" uspid="4896" ordinal="16" offset="193" sl="207" sc="29" el="207" ec="96" bec="0" bev="0" fileid="104" />
                <SequencePoint vc="3" uspid="4897" ordinal="17" offset="202" sl="208" sc="29" el="209" ec="95" bec="0" bev="0" fileid="104" />
                <SequencePoint vc="3" uspid="4898" ordinal="18" offset="347" sl="212" sc="29" el="212" ec="36" bec="0" bev="0" fileid="104" />
                <SequencePoint vc="3" uspid="4899" ordinal="19" offset="348" sl="212" sc="54" el="212" ec="63" bec="0" bev="0" fileid="104" />
                <SequencePoint vc="3" uspid="4900" ordinal="20" offset="368" sl="212" sc="38" el="212" ec="50" bec="0" bev="0" fileid="104" />
                <SequencePoint vc="3" uspid="4901" ordinal="21" offset="382" sl="213" sc="29" el="213" ec="30" bec="0" bev="0" fileid="104" />
                <SequencePoint vc="3" uspid="4902" ordinal="22" offset="383" sl="214" sc="33" el="215" ec="96" bec="0" bev="0" fileid="104" />
                <SequencePoint vc="3" uspid="4903" ordinal="23" offset="559" sl="216" sc="33" el="216" ec="60" bec="2" bev="2" fileid="104" />
                <SequencePoint vc="2" uspid="4904" ordinal="24" offset="573" sl="217" sc="33" el="217" ec="34" bec="0" bev="0" fileid="104" />
                <SequencePoint vc="2" uspid="4905" ordinal="25" offset="574" sl="218" sc="37" el="218" ec="87" bec="0" bev="0" fileid="104" />
                <SequencePoint vc="2" uspid="4906" ordinal="26" offset="594" sl="219" sc="37" el="219" ec="84" bec="0" bev="0" fileid="104" />
                <SequencePoint vc="2" uspid="4907" ordinal="27" offset="614" sl="220" sc="37" el="220" ec="97" bec="0" bev="0" fileid="104" />
                <SequencePoint vc="2" uspid="4908" ordinal="28" offset="634" sl="221" sc="37" el="221" ec="133" bec="6" bev="5" fileid="104" />
                <SequencePoint vc="1" uspid="4909" ordinal="29" offset="715" sl="222" sc="37" el="222" ec="38" bec="0" bev="0" fileid="104" />
                <SequencePoint vc="1" uspid="4910" ordinal="30" offset="716" sl="223" sc="41" el="223" ec="101" bec="0" bev="0" fileid="104" />
                <SequencePoint vc="1" uspid="4911" ordinal="31" offset="730" sl="224" sc="37" el="224" ec="38" bec="0" bev="0" fileid="104" />
                <SequencePoint vc="2" uspid="4912" ordinal="32" offset="731" sl="225" sc="33" el="225" ec="34" bec="0" bev="0" fileid="104" />
                <SequencePoint vc="1" uspid="4913" ordinal="33" offset="734" sl="227" sc="33" el="227" ec="34" bec="0" bev="0" fileid="104" />
                <SequencePoint vc="1" uspid="4914" ordinal="34" offset="735" sl="228" sc="37" el="228" ec="67" bec="0" bev="0" fileid="104" />
                <SequencePoint vc="1" uspid="4915" ordinal="35" offset="749" sl="229" sc="33" el="229" ec="34" bec="0" bev="0" fileid="104" />
                <SequencePoint vc="3" uspid="4916" ordinal="36" offset="750" sl="230" sc="29" el="230" ec="30" bec="0" bev="0" fileid="104" />
                <SequencePoint vc="6" uspid="4917" ordinal="37" offset="751" sl="212" sc="51" el="212" ec="53" bec="0" bev="0" fileid="104" />
                <SequencePoint vc="3" uspid="4918" ordinal="38" offset="780" sl="233" sc="25" el="233" ec="26" bec="0" bev="0" fileid="104" />
                <SequencePoint vc="3" uspid="4919" ordinal="39" offset="796" sl="234" sc="21" el="234" ec="22" bec="0" bev="0" fileid="104" />
                <SequencePoint vc="3" uspid="4920" ordinal="40" offset="797" sl="235" sc="21" el="235" ec="38" bec="0" bev="0" fileid="104" />
                <SequencePoint vc="1" uspid="4921" ordinal="41" offset="802" sl="238" sc="17" el="238" ec="37" bec="0" bev="0" fileid="104" />
                <SequencePoint vc="1" uspid="4922" ordinal="42" offset="804" sl="239" sc="17" el="239" ec="18" bec="0" bev="0" fileid="104" />
                <SequencePoint vc="1" uspid="4923" ordinal="43" offset="805" sl="240" sc="21" el="240" ec="108" bec="0" bev="0" fileid="104" />
                <SequencePoint vc="1" uspid="4924" ordinal="44" offset="823" sl="241" sc="21" el="241" ec="27" bec="0" bev="0" fileid="104" />
                <SequencePoint vc="1" uspid="4925" ordinal="45" offset="825" sl="244" sc="13" el="244" ec="57" bec="0" bev="0" fileid="104" />
                <SequencePoint vc="4" uspid="4926" ordinal="46" offset="834" sl="245" sc="9" el="245" ec="10" bec="0" bev="0" fileid="104" />
              </SequencePoints>
              <BranchPoints>
                <BranchPoint vc="5" uspid="4927" ordinal="0" offset="43" sl="184" path="0" offsetend="48" fileid="104" />
                <BranchPoint vc="1" uspid="4928" ordinal="1" offset="43" sl="184" path="1" offsetend="825" fileid="104" />
                <BranchPoint vc="1" uspid="4929" ordinal="2" offset="62" sl="187" path="0" offsetend="64" fileid="104" />
                <BranchPoint vc="4" uspid="4930" ordinal="3" offset="62" sl="187" path="1" offsetend="92" fileid="104" />
                <BranchPoint vc="3" uspid="4931" ordinal="4" offset="120" sl="197" path="0" offsetend="125" fileid="104" />
                <BranchPoint vc="0" uspid="4932" ordinal="5" offset="120" sl="197" path="1" offsetend="797" fileid="104" />
                <BranchPoint vc="2" uspid="4933" ordinal="6" offset="568" sl="216" path="0" offsetend="573" fileid="104" />
                <BranchPoint vc="1" uspid="4934" ordinal="7" offset="568" sl="216" path="1" offsetend="734" fileid="104" />
                <BranchPoint vc="1" uspid="4935" ordinal="8" offset="657" sl="221" path="0" offsetend="659" fileid="104" />
                <BranchPoint vc="1" uspid="4936" ordinal="9" offset="657" sl="221" path="1" offsetend="662" fileid="104" />
                <BranchPoint vc="0" uspid="4937" ordinal="10" offset="669" sl="221" path="0" offsetend="671" fileid="104" />
                <BranchPoint vc="1" uspid="4938" ordinal="11" offset="669" sl="221" path="1" offsetend="674" fileid="104" />
                <BranchPoint vc="1" uspid="4941" ordinal="14" offset="713" sl="221" path="0" offsetend="715" fileid="104" />
                <BranchPoint vc="1" uspid="4942" ordinal="15" offset="713" sl="221" path="1" offsetend="731" fileid="104" />
              </BranchPoints>
              <MethodPoint vc="6" uspid="4945" ordinal="0" offset="0" />
            </Method>
            <Method visited="true" cyclomaticComplexity="11" nPathComplexity="64" sequenceCoverage="100" branchCoverage="92.31" isConstructor="false" isStatic="false" isGetter="false" isSetter="false">
              <Summary numSequencePoints="48" visitedSequencePoints="48" numBranchPoints="13" visitedBranchPoints="12" sequenceCoverage="100" branchCoverage="92.31" maxCyclomaticComplexity="11" minCyclomaticComplexity="11" visitedClasses="0" numClasses="0" visitedMethods="1" numMethods="1" />
              <MetadataToken>100663903</MetadataToken>
              <Name>System.Void SportsWeb.Services.Services.Implementation.SchedulingApplication.ScheduleServices::RemoveSchedule(System.Guid,System.Int64,System.Boolean)</Name>
              <FileRef uid="104" />
              <SequencePoints>
                <SequencePoint vc="8" uspid="4946" ordinal="0" offset="13" sl="248" sc="9" el="248" ec="10" bec="0" bev="0" fileid="104" />
                <SequencePoint vc="8" uspid="4947" ordinal="1" offset="14" sl="249" sc="13" el="250" ec="75" bec="2" bev="2" fileid="104" />
                <SequencePoint vc="7" uspid="4948" ordinal="2" offset="41" sl="251" sc="13" el="251" ec="14" bec="0" bev="0" fileid="104" />
                <SequencePoint vc="7" uspid="4949" ordinal="3" offset="42" sl="252" sc="17" el="252" ec="43" bec="2" bev="2" fileid="104" />
                <SequencePoint vc="1" uspid="4950" ordinal="4" offset="57" sl="253" sc="17" el="253" ec="18" bec="0" bev="0" fileid="104" />
                <SequencePoint vc="1" uspid="4951" ordinal="5" offset="58" sl="254" sc="21" el="254" ec="106" bec="0" bev="0" fileid="104" />
                <SequencePoint vc="1" uspid="4952" ordinal="6" offset="74" sl="255" sc="21" el="255" ec="121" bec="0" bev="0" fileid="104" />
                <SequencePoint vc="6" uspid="4953" ordinal="7" offset="85" sl="258" sc="17" el="258" ec="37" bec="2" bev="2" fileid="104" />
                <SequencePoint vc="1" uspid="4954" ordinal="8" offset="99" sl="259" sc="17" el="259" ec="18" bec="0" bev="0" fileid="104" />
                <SequencePoint vc="1" uspid="4955" ordinal="9" offset="100" sl="260" sc="21" el="260" ec="109" bec="0" bev="0" fileid="104" />
                <SequencePoint vc="1" uspid="4956" ordinal="10" offset="116" sl="261" sc="21" el="261" ec="121" bec="0" bev="0" fileid="104" />
                <SequencePoint vc="5" uspid="4957" ordinal="11" offset="128" sl="265" sc="17" el="265" ec="18" bec="0" bev="0" fileid="104" />
                <SequencePoint vc="5" uspid="4958" ordinal="12" offset="129" sl="266" sc="28" el="266" ec="61" bec="0" bev="0" fileid="104" />
                <SequencePoint vc="5" uspid="4959" ordinal="13" offset="144" sl="267" sc="21" el="267" ec="22" bec="0" bev="0" fileid="104" />
                <SequencePoint vc="5" uspid="4960" ordinal="14" offset="145" sl="268" sc="25" el="268" ec="93" bec="0" bev="0" fileid="104" />
                <SequencePoint vc="5" uspid="4961" ordinal="15" offset="154" sl="269" sc="25" el="269" ec="118" bec="0" bev="0" fileid="104" />
                <SequencePoint vc="5" uspid="4962" ordinal="16" offset="269" sl="271" sc="25" el="271" ec="46" bec="2" bev="1" fileid="104" />
                <SequencePoint vc="5" uspid="4963" ordinal="17" offset="288" sl="272" sc="25" el="272" ec="26" bec="0" bev="0" fileid="104" />
                <SequencePoint vc="5" uspid="4964" ordinal="18" offset="289" sl="274" sc="29" el="274" ec="129" bec="2" bev="2" fileid="104" />
                <SequencePoint vc="2" uspid="4965" ordinal="19" offset="337" sl="275" sc="29" el="275" ec="30" bec="0" bev="0" fileid="104" />
                <SequencePoint vc="2" uspid="4966" ordinal="20" offset="338" sl="276" sc="33" el="277" ec="47" bec="0" bev="0" fileid="104" />
                <SequencePoint vc="2" uspid="4967" ordinal="21" offset="490" sl="279" sc="33" el="279" ec="40" bec="0" bev="0" fileid="104" />
                <SequencePoint vc="2" uspid="4968" ordinal="22" offset="491" sl="279" sc="66" el="279" ec="86" bec="0" bev="0" fileid="104" />
                <SequencePoint vc="4" uspid="4969" ordinal="23" offset="502" sl="279" sc="42" el="279" ec="62" bec="0" bev="0" fileid="104" />
                <SequencePoint vc="4" uspid="4970" ordinal="24" offset="511" sl="280" sc="33" el="280" ec="34" bec="0" bev="0" fileid="104" />
                <SequencePoint vc="4" uspid="4971" ordinal="25" offset="512" sl="281" sc="37" el="281" ec="99" bec="0" bev="0" fileid="104" />
                <SequencePoint vc="4" uspid="4972" ordinal="26" offset="532" sl="282" sc="33" el="282" ec="34" bec="0" bev="0" fileid="104" />
                <SequencePoint vc="6" uspid="4973" ordinal="27" offset="533" sl="279" sc="63" el="279" ec="65" bec="0" bev="0" fileid="104" />
                <SequencePoint vc="2" uspid="4974" ordinal="28" offset="559" sl="284" sc="33" el="284" ec="149" bec="0" bev="0" fileid="104" />
                <SequencePoint vc="2" uspid="4975" ordinal="29" offset="604" sl="286" sc="33" el="286" ec="50" bec="2" bev="2" fileid="104" />
                <SequencePoint vc="1" uspid="4976" ordinal="30" offset="611" sl="287" sc="33" el="287" ec="34" bec="0" bev="0" fileid="104" />
                <SequencePoint vc="1" uspid="4977" ordinal="31" offset="612" sl="288" sc="37" el="289" ec="111" bec="0" bev="0" fileid="104" />
                <SequencePoint vc="1" uspid="4978" ordinal="32" offset="653" sl="290" sc="33" el="290" ec="34" bec="0" bev="0" fileid="104" />
                <SequencePoint vc="2" uspid="4979" ordinal="33" offset="654" sl="292" sc="33" el="292" ec="91" bec="0" bev="0" fileid="104" />
                <SequencePoint vc="2" uspid="4980" ordinal="34" offset="663" sl="293" sc="29" el="293" ec="30" bec="0" bev="0" fileid="104" />
                <SequencePoint vc="3" uspid="4981" ordinal="35" offset="666" sl="295" sc="29" el="295" ec="30" bec="0" bev="0" fileid="104" />
                <SequencePoint vc="3" uspid="4982" ordinal="36" offset="667" sl="297" sc="33" el="297" ec="78" bec="0" bev="0" fileid="104" />
                <SequencePoint vc="2" uspid="4983" ordinal="37" offset="686" sl="298" sc="33" el="301" ec="36" bec="0" bev="0" fileid="104" />
                <SequencePoint vc="2" uspid="4984" ordinal="38" offset="717" sl="302" sc="29" el="302" ec="30" bec="0" bev="0" fileid="104" />
                <SequencePoint vc="4" uspid="4985" ordinal="39" offset="718" sl="303" sc="25" el="303" ec="26" bec="0" bev="0" fileid="104" />
                <SequencePoint vc="4" uspid="4986" ordinal="40" offset="719" sl="304" sc="21" el="304" ec="22" bec="0" bev="0" fileid="104" />
                <SequencePoint vc="4" uspid="4987" ordinal="41" offset="735" sl="305" sc="17" el="305" ec="18" bec="0" bev="0" fileid="104" />
                <SequencePoint vc="1" uspid="4988" ordinal="42" offset="738" sl="306" sc="17" el="306" ec="37" bec="0" bev="0" fileid="104" />
                <SequencePoint vc="1" uspid="4989" ordinal="43" offset="740" sl="307" sc="17" el="307" ec="18" bec="0" bev="0" fileid="104" />
                <SequencePoint vc="1" uspid="4990" ordinal="44" offset="741" sl="308" sc="21" el="308" ec="103" bec="0" bev="0" fileid="104" />
                <SequencePoint vc="1" uspid="4991" ordinal="45" offset="759" sl="309" sc="21" el="309" ec="27" bec="0" bev="0" fileid="104" />
                <SequencePoint vc="4" uspid="4992" ordinal="46" offset="761" sl="311" sc="13" el="311" ec="14" bec="0" bev="0" fileid="104" />
                <SequencePoint vc="5" uspid="4993" ordinal="47" offset="762" sl="312" sc="9" el="312" ec="10" bec="0" bev="0" fileid="104" />
              </SequencePoints>
              <BranchPoints>
                <BranchPoint vc="7" uspid="4994" ordinal="0" offset="36" sl="249" path="0" offsetend="41" fileid="104" />
                <BranchPoint vc="1" uspid="4995" ordinal="1" offset="36" sl="249" path="1" offsetend="762" fileid="104" />
                <BranchPoint vc="1" uspid="4996" ordinal="2" offset="55" sl="252" path="0" offsetend="57" fileid="104" />
                <BranchPoint vc="6" uspid="4997" ordinal="3" offset="55" sl="252" path="1" offsetend="85" fileid="104" />
                <BranchPoint vc="1" uspid="4998" ordinal="4" offset="97" sl="258" path="0" offsetend="99" fileid="104" />
                <BranchPoint vc="5" uspid="4999" ordinal="5" offset="97" sl="258" path="1" offsetend="127" fileid="104" />
                <BranchPoint vc="5" uspid="5000" ordinal="6" offset="283" sl="271" path="0" offsetend="288" fileid="104" />
                <BranchPoint vc="0" uspid="5001" ordinal="7" offset="283" sl="271" path="1" offsetend="719" fileid="104" />
                <BranchPoint vc="2" uspid="5004" ordinal="10" offset="332" sl="274" path="0" offsetend="337" fileid="104" />
                <BranchPoint vc="3" uspid="5005" ordinal="11" offset="332" sl="274" path="1" offsetend="666" fileid="104" />
                <BranchPoint vc="1" uspid="5010" ordinal="16" offset="609" sl="286" path="0" offsetend="611" fileid="104" />
                <BranchPoint vc="1" uspid="5011" ordinal="17" offset="609" sl="286" path="1" offsetend="654" fileid="104" />
              </BranchPoints>
              <MethodPoint vc="8" uspid="5012" ordinal="0" offset="0" />
            </Method>
            <Method visited="true" cyclomaticComplexity="18" nPathComplexity="1024" sequenceCoverage="100" branchCoverage="90.48" isConstructor="false" isStatic="false" isGetter="false" isSetter="false">
              <Summary numSequencePoints="40" visitedSequencePoints="40" numBranchPoints="21" visitedBranchPoints="19" sequenceCoverage="100" branchCoverage="90.48" maxCyclomaticComplexity="18" minCyclomaticComplexity="18" visitedClasses="0" numClasses="0" visitedMethods="1" numMethods="1" />
              <MetadataToken>100663904</MetadataToken>
              <Name>System.Void SportsWeb.Services.Services.Implementation.SchedulingApplication.ScheduleServices::EditScheduleForField(SportsWeb.Models.Models.EditScheduleForFieldModel)</Name>
              <FileRef uid="104" />
              <SequencePoints>
                <SequencePoint vc="23" uspid="5013" ordinal="0" offset="13" sl="315" sc="9" el="315" ec="10" bec="0" bev="0" fileid="104" />
                <SequencePoint vc="23" uspid="5014" ordinal="1" offset="14" sl="316" sc="13" el="317" ec="77" bec="2" bev="2" fileid="104" />
                <SequencePoint vc="22" uspid="5015" ordinal="2" offset="41" sl="318" sc="13" el="318" ec="14" bec="0" bev="0" fileid="104" />
                <SequencePoint vc="22" uspid="5016" ordinal="3" offset="42" sl="319" sc="17" el="319" ec="35" bec="2" bev="2" fileid="104" />
                <SequencePoint vc="1" uspid="5017" ordinal="4" offset="55" sl="320" sc="17" el="320" ec="18" bec="0" bev="0" fileid="104" />
                <SequencePoint vc="1" uspid="5018" ordinal="5" offset="56" sl="321" sc="21" el="321" ec="108" bec="0" bev="0" fileid="104" />
                <SequencePoint vc="1" uspid="5019" ordinal="6" offset="72" sl="322" sc="21" el="322" ec="117" bec="0" bev="0" fileid="104" />
                <SequencePoint vc="21" uspid="5020" ordinal="7" offset="84" sl="326" sc="17" el="326" ec="18" bec="0" bev="0" fileid="104" />
                <SequencePoint vc="21" uspid="5021" ordinal="8" offset="85" sl="327" sc="21" el="327" ec="58" bec="0" bev="0" fileid="104" />
                <SequencePoint vc="8" uspid="5022" ordinal="9" offset="98" sl="329" sc="21" el="329" ec="52" bec="0" bev="0" fileid="104" />
                <SequencePoint vc="8" uspid="5023" ordinal="10" offset="100" sl="330" sc="21" el="330" ec="47" bec="2" bev="2" fileid="104" />
                <SequencePoint vc="5" uspid="5024" ordinal="11" offset="124" sl="331" sc="21" el="331" ec="22" bec="0" bev="0" fileid="104" />
                <SequencePoint vc="5" uspid="5025" ordinal="12" offset="125" sl="332" sc="32" el="332" ec="59" bec="0" bev="0" fileid="104" />
                <SequencePoint vc="5" uspid="5026" ordinal="13" offset="133" sl="333" sc="25" el="333" ec="26" bec="0" bev="0" fileid="104" />
                <SequencePoint vc="5" uspid="5027" ordinal="14" offset="134" sl="334" sc="29" el="334" ec="86" bec="0" bev="0" fileid="104" />
                <SequencePoint vc="5" uspid="5028" ordinal="15" offset="143" sl="335" sc="29" el="335" ec="116" bec="0" bev="0" fileid="104" />
                <SequencePoint vc="5" uspid="5029" ordinal="16" offset="272" sl="336" sc="25" el="336" ec="26" bec="0" bev="0" fileid="104" />
                <SequencePoint vc="5" uspid="5030" ordinal="17" offset="288" sl="337" sc="25" el="337" ec="72" bec="0" bev="0" fileid="104" />
                <SequencePoint vc="5" uspid="5031" ordinal="18" offset="306" sl="338" sc="21" el="338" ec="22" bec="0" bev="0" fileid="104" />
                <SequencePoint vc="8" uspid="5032" ordinal="19" offset="307" sl="343" sc="21" el="343" ec="83" bec="2" bev="2" fileid="104" />
                <SequencePoint vc="3" uspid="5033" ordinal="20" offset="330" sl="344" sc="21" el="344" ec="22" bec="0" bev="0" fileid="104" />
                <SequencePoint vc="3" uspid="5034" ordinal="21" offset="331" sl="346" sc="25" el="346" ec="100" bec="6" bev="5" fileid="104" />
                <SequencePoint vc="1" uspid="5035" ordinal="22" offset="423" sl="347" sc="25" el="347" ec="26" bec="0" bev="0" fileid="104" />
                <SequencePoint vc="1" uspid="5036" ordinal="23" offset="424" sl="348" sc="29" el="348" ec="65" bec="0" bev="0" fileid="104" />
                <SequencePoint vc="1" uspid="5037" ordinal="24" offset="437" sl="349" sc="29" el="349" ec="36" bec="0" bev="0" fileid="104" />
                <SequencePoint vc="2" uspid="5038" ordinal="25" offset="442" sl="354" sc="25" el="354" ec="53" bec="0" bev="0" fileid="104" />
                <SequencePoint vc="2" uspid="5039" ordinal="26" offset="455" sl="355" sc="25" el="355" ec="32" bec="0" bev="0" fileid="104" />
                <SequencePoint vc="5" uspid="5040" ordinal="27" offset="460" sl="359" sc="21" el="359" ec="96" bec="6" bev="5" fileid="104" />
                <SequencePoint vc="1" uspid="5041" ordinal="28" offset="549" sl="360" sc="21" el="360" ec="22" bec="0" bev="0" fileid="104" />
                <SequencePoint vc="1" uspid="5042" ordinal="29" offset="550" sl="361" sc="25" el="361" ec="61" bec="0" bev="0" fileid="104" />
                <SequencePoint vc="1" uspid="5043" ordinal="30" offset="563" sl="362" sc="25" el="362" ec="32" bec="0" bev="0" fileid="104" />
                <SequencePoint vc="4" uspid="5044" ordinal="31" offset="568" sl="365" sc="21" el="365" ec="58" bec="0" bev="0" fileid="104" />
                <SequencePoint vc="3" uspid="5045" ordinal="32" offset="586" sl="369" sc="21" el="381" ec="24" bec="0" bev="0" fileid="104" />
                <SequencePoint vc="3" uspid="5046" ordinal="33" offset="733" sl="382" sc="17" el="382" ec="18" bec="0" bev="0" fileid="104" />
                <SequencePoint vc="14" uspid="5047" ordinal="34" offset="736" sl="383" sc="17" el="383" ec="37" bec="0" bev="0" fileid="104" />
                <SequencePoint vc="14" uspid="5048" ordinal="35" offset="738" sl="384" sc="17" el="384" ec="18" bec="0" bev="0" fileid="104" />
                <SequencePoint vc="14" uspid="5049" ordinal="36" offset="739" sl="385" sc="21" el="385" ec="109" bec="0" bev="0" fileid="104" />
                <SequencePoint vc="14" uspid="5050" ordinal="37" offset="757" sl="386" sc="21" el="386" ec="27" bec="0" bev="0" fileid="104" />
                <SequencePoint vc="3" uspid="5051" ordinal="38" offset="759" sl="388" sc="13" el="388" ec="14" bec="0" bev="0" fileid="104" />
                <SequencePoint vc="8" uspid="5052" ordinal="39" offset="760" sl="389" sc="9" el="389" ec="10" bec="0" bev="0" fileid="104" />
              </SequencePoints>
              <BranchPoints>
                <BranchPoint vc="22" uspid="5053" ordinal="0" offset="36" sl="316" path="0" offsetend="41" fileid="104" />
                <BranchPoint vc="1" uspid="5054" ordinal="1" offset="36" sl="316" path="1" offsetend="760" fileid="104" />
                <BranchPoint vc="1" uspid="5055" ordinal="2" offset="53" sl="319" path="0" offsetend="55" fileid="104" />
                <BranchPoint vc="21" uspid="5056" ordinal="3" offset="53" sl="319" path="1" offsetend="83" fileid="104" />
                <BranchPoint vc="5" uspid="5057" ordinal="4" offset="119" sl="330" path="0" offsetend="124" fileid="104" />
                <BranchPoint vc="3" uspid="5058" ordinal="5" offset="119" sl="330" path="1" offsetend="307" fileid="104" />
                <BranchPoint vc="3" uspid="5059" ordinal="6" offset="325" sl="343" path="0" offsetend="330" fileid="104" />
                <BranchPoint vc="5" uspid="5060" ordinal="7" offset="325" sl="343" path="1" offsetend="460" fileid="104" />
                <BranchPoint vc="1" uspid="5061" ordinal="8" offset="358" sl="346" path="0" offsetend="360" fileid="104" />
                <BranchPoint vc="2" uspid="5062" ordinal="9" offset="358" sl="346" path="1" offsetend="363" fileid="104" />
                <BranchPoint vc="0" uspid="5063" ordinal="10" offset="370" sl="346" path="0" offsetend="372" fileid="104" />
                <BranchPoint vc="2" uspid="5064" ordinal="11" offset="370" sl="346" path="1" offsetend="375" fileid="104" />
                <BranchPoint vc="1" uspid="5067" ordinal="14" offset="421" sl="346" path="0" offsetend="423" fileid="104" />
                <BranchPoint vc="2" uspid="5068" ordinal="15" offset="421" sl="346" path="1" offsetend="442" fileid="104" />
                <BranchPoint vc="4" uspid="5069" ordinal="16" offset="487" sl="359" path="0" offsetend="489" fileid="104" />
                <BranchPoint vc="1" uspid="5070" ordinal="17" offset="487" sl="359" path="1" offsetend="492" fileid="104" />
                <BranchPoint vc="0" uspid="5071" ordinal="18" offset="499" sl="359" path="0" offsetend="501" fileid="104" />
                <BranchPoint vc="1" uspid="5072" ordinal="19" offset="499" sl="359" path="1" offsetend="504" fileid="104" />
                <BranchPoint vc="1" uspid="5075" ordinal="22" offset="547" sl="359" path="0" offsetend="549" fileid="104" />
                <BranchPoint vc="4" uspid="5076" ordinal="23" offset="547" sl="359" path="1" offsetend="568" fileid="104" />
              </BranchPoints>
              <MethodPoint vc="23" uspid="5077" ordinal="0" offset="0" />
            </Method>
            <Method visited="true" cyclomaticComplexity="2" nPathComplexity="2" sequenceCoverage="100" branchCoverage="100" isConstructor="false" isStatic="false" isGetter="false" isSetter="false">
              <Summary numSequencePoints="15" visitedSequencePoints="15" numBranchPoints="3" visitedBranchPoints="3" sequenceCoverage="100" branchCoverage="100" maxCyclomaticComplexity="2" minCyclomaticComplexity="2" visitedClasses="0" numClasses="0" visitedMethods="1" numMethods="1" />
              <MetadataToken>100663905</MetadataToken>
              <Name>System.Void SportsWeb.Services.Services.Implementation.SchedulingApplication.ScheduleServices::CreateBiWeeklySchedule(SportsWeb.Models.Models.ScheduleForFieldModel,System.Guid)</Name>
              <FileRef uid="104" />
              <SequencePoints>
                <SequencePoint vc="2" uspid="5078" ordinal="0" offset="0" sl="392" sc="9" el="392" ec="10" bec="0" bev="0" fileid="104" />
                <SequencePoint vc="2" uspid="5079" ordinal="1" offset="1" sl="395" sc="13" el="409" ec="15" bec="0" bev="0" fileid="104" />
                <SequencePoint vc="2" uspid="5080" ordinal="2" offset="149" sl="410" sc="13" el="410" ec="42" bec="0" bev="0" fileid="104" />
                <SequencePoint vc="2" uspid="5081" ordinal="3" offset="157" sl="411" sc="13" el="411" ec="58" bec="0" bev="0" fileid="104" />
                <SequencePoint vc="2" uspid="5082" ordinal="4" offset="164" sl="414" sc="13" el="424" ec="15" bec="0" bev="0" fileid="104" />
                <SequencePoint vc="2" uspid="5083" ordinal="5" offset="269" sl="427" sc="18" el="427" ec="70" bec="0" bev="0" fileid="104" />
                <SequencePoint vc="5" uspid="5084" ordinal="6" offset="281" sl="428" sc="13" el="428" ec="14" bec="0" bev="0" fileid="104" />
                <SequencePoint vc="5" uspid="5085" ordinal="7" offset="282" sl="429" sc="17" el="429" ec="69" bec="0" bev="0" fileid="104" />
                <SequencePoint vc="5" uspid="5086" ordinal="8" offset="290" sl="430" sc="17" el="430" ec="67" bec="0" bev="0" fileid="104" />
                <SequencePoint vc="5" uspid="5087" ordinal="9" offset="298" sl="432" sc="17" el="432" ec="81" bec="0" bev="0" fileid="104" />
                <SequencePoint vc="5" uspid="5088" ordinal="10" offset="312" sl="435" sc="17" el="451" ec="20" bec="0" bev="0" fileid="104" />
                <SequencePoint vc="5" uspid="5089" ordinal="11" offset="488" sl="453" sc="13" el="453" ec="14" bec="0" bev="0" fileid="104" />
                <SequencePoint vc="5" uspid="5090" ordinal="12" offset="489" sl="427" sc="116" el="427" ec="165" bec="0" bev="0" fileid="104" />
                <SequencePoint vc="7" uspid="5091" ordinal="13" offset="506" sl="427" sc="72" el="427" ec="114" bec="2" bev="2" fileid="104" />
                <SequencePoint vc="2" uspid="5092" ordinal="14" offset="527" sl="454" sc="9" el="454" ec="10" bec="0" bev="0" fileid="104" />
              </SequencePoints>
              <BranchPoints>
                <BranchPoint vc="2" uspid="5093" ordinal="0" offset="522" sl="427" path="0" offsetend="527" fileid="104" />
                <BranchPoint vc="5" uspid="5094" ordinal="1" offset="522" sl="427" path="1" offsetend="281" fileid="104" />
              </BranchPoints>
              <MethodPoint xsi:type="SequencePoint" vc="2" uspid="5078" ordinal="0" offset="0" sl="392" sc="9" el="392" ec="10" bec="0" bev="0" fileid="104" />
            </Method>
            <Method visited="true" cyclomaticComplexity="3" nPathComplexity="2" sequenceCoverage="100" branchCoverage="66.67" isConstructor="false" isStatic="false" isGetter="false" isSetter="false">
              <Summary numSequencePoints="13" visitedSequencePoints="13" numBranchPoints="3" visitedBranchPoints="2" sequenceCoverage="100" branchCoverage="66.67" maxCyclomaticComplexity="3" minCyclomaticComplexity="3" visitedClasses="0" numClasses="0" visitedMethods="1" numMethods="1" />
              <MetadataToken>100663906</MetadataToken>
              <Name>System.Void SportsWeb.Services.Services.Implementation.SchedulingApplication.ScheduleServices::ConvertBiweeklyToNonBiweekly(SportsWeb.Models.Models.EditScheduleForFieldModel)</Name>
              <FileRef uid="104" />
              <SequencePoints>
                <SequencePoint vc="1" uspid="5095" ordinal="0" offset="13" sl="457" sc="9" el="457" ec="10" bec="0" bev="0" fileid="104" />
                <SequencePoint vc="1" uspid="5096" ordinal="1" offset="14" sl="458" sc="20" el="458" ec="47" bec="0" bev="0" fileid="104" />
                <SequencePoint vc="1" uspid="5097" ordinal="2" offset="21" sl="459" sc="13" el="459" ec="14" bec="0" bev="0" fileid="104" />
                <SequencePoint vc="1" uspid="5098" ordinal="3" offset="22" sl="460" sc="17" el="460" ec="79" bec="0" bev="0" fileid="104" />
                <SequencePoint vc="1" uspid="5099" ordinal="4" offset="29" sl="461" sc="17" el="461" ec="111" bec="0" bev="0" fileid="104" />
                <SequencePoint vc="1" uspid="5100" ordinal="5" offset="188" sl="464" sc="17" el="465" ec="96" bec="0" bev="0" fileid="104" />
                <SequencePoint vc="1" uspid="5101" ordinal="6" offset="338" sl="466" sc="17" el="466" ec="39" bec="2" bev="1" fileid="104" />
                <SequencePoint vc="1" uspid="5102" ordinal="7" offset="349" sl="467" sc="17" el="467" ec="18" bec="0" bev="0" fileid="104" />
                <SequencePoint vc="1" uspid="5103" ordinal="8" offset="350" sl="468" sc="21" el="468" ec="78" bec="0" bev="0" fileid="104" />
                <SequencePoint vc="1" uspid="5104" ordinal="9" offset="376" sl="484" sc="17" el="484" ec="18" bec="0" bev="0" fileid="104" />
                <SequencePoint vc="1" uspid="5105" ordinal="10" offset="377" sl="487" sc="17" el="487" ec="47" bec="0" bev="0" fileid="104" />
                <SequencePoint vc="1" uspid="5106" ordinal="11" offset="390" sl="488" sc="13" el="488" ec="14" bec="0" bev="0" fileid="104" />
                <SequencePoint vc="1" uspid="5107" ordinal="12" offset="404" sl="490" sc="9" el="490" ec="10" bec="0" bev="0" fileid="104" />
              </SequencePoints>
              <BranchPoints>
                <BranchPoint vc="1" uspid="5108" ordinal="0" offset="347" sl="466" path="0" offsetend="349" fileid="104" />
                <BranchPoint vc="0" uspid="5109" ordinal="1" offset="347" sl="466" path="1" offsetend="377" fileid="104" />
              </BranchPoints>
              <MethodPoint vc="1" uspid="5110" ordinal="0" offset="0" />
            </Method>
            <Method visited="true" cyclomaticComplexity="2" nPathComplexity="0" sequenceCoverage="100" branchCoverage="100" isConstructor="false" isStatic="false" isGetter="false" isSetter="false">
              <Summary numSequencePoints="11" visitedSequencePoints="11" numBranchPoints="1" visitedBranchPoints="1" sequenceCoverage="100" branchCoverage="100" maxCyclomaticComplexity="2" minCyclomaticComplexity="2" visitedClasses="0" numClasses="0" visitedMethods="1" numMethods="1" />
              <MetadataToken>100663907</MetadataToken>
              <Name>System.Void SportsWeb.Services.Services.Implementation.SchedulingApplication.ScheduleServices::ConvertNonBiweeklyToBiweekly(SportsWeb.Models.Models.EditScheduleForFieldModel)</Name>
              <FileRef uid="104" />
              <SequencePoints>
                <SequencePoint vc="1" uspid="5111" ordinal="0" offset="0" sl="493" sc="9" el="493" ec="10" bec="0" bev="0" fileid="104" />
                <SequencePoint vc="1" uspid="5112" ordinal="1" offset="1" sl="495" sc="13" el="495" ec="66" bec="0" bev="0" fileid="104" />
                <SequencePoint vc="1" uspid="5113" ordinal="2" offset="21" sl="497" sc="20" el="497" ec="47" bec="0" bev="0" fileid="104" />
                <SequencePoint vc="1" uspid="5114" ordinal="3" offset="34" sl="498" sc="13" el="498" ec="14" bec="0" bev="0" fileid="104" />
                <SequencePoint vc="1" uspid="5115" ordinal="4" offset="35" sl="499" sc="17" el="499" ec="73" bec="0" bev="0" fileid="104" />
                <SequencePoint vc="1" uspid="5116" ordinal="5" offset="42" sl="500" sc="17" el="500" ec="64" bec="0" bev="0" fileid="104" />
                <SequencePoint vc="1" uspid="5117" ordinal="6" offset="60" sl="502" sc="17" el="502" ec="66" bec="0" bev="0" fileid="104" />
                <SequencePoint vc="1" uspid="5118" ordinal="7" offset="67" sl="503" sc="17" el="503" ec="104" bec="0" bev="0" fileid="104" />
                <SequencePoint vc="1" uspid="5119" ordinal="8" offset="249" sl="504" sc="17" el="504" ec="55" bec="0" bev="0" fileid="104" />
                <SequencePoint vc="1" uspid="5120" ordinal="9" offset="259" sl="505" sc="13" el="505" ec="14" bec="0" bev="0" fileid="104" />
                <SequencePoint vc="1" uspid="5121" ordinal="10" offset="273" sl="507" sc="9" el="507" ec="10" bec="0" bev="0" fileid="104" />
              </SequencePoints>
              <BranchPoints />
              <MethodPoint xsi:type="SequencePoint" vc="1" uspid="5111" ordinal="0" offset="0" sl="493" sc="9" el="493" ec="10" bec="0" bev="0" fileid="104" />
            </Method>
            <Method visited="true" cyclomaticComplexity="7" nPathComplexity="8" sequenceCoverage="100" branchCoverage="85.71" isConstructor="false" isStatic="false" isGetter="false" isSetter="false">
              <Summary numSequencePoints="39" visitedSequencePoints="39" numBranchPoints="7" visitedBranchPoints="6" sequenceCoverage="100" branchCoverage="85.71" maxCyclomaticComplexity="7" minCyclomaticComplexity="7" visitedClasses="0" numClasses="0" visitedMethods="1" numMethods="1" />
              <MetadataToken>100663908</MetadataToken>
              <Name>System.Void SportsWeb.Services.Services.Implementation.SchedulingApplication.ScheduleServices::EditBiweeklySchedule(SportsWeb.Models.Models.EditScheduleForFieldModel)</Name>
              <FileRef uid="104" />
              <SequencePoints>
                <SequencePoint vc="2" uspid="5122" ordinal="0" offset="13" sl="510" sc="9" el="510" ec="10" bec="0" bev="0" fileid="104" />
                <SequencePoint vc="2" uspid="5123" ordinal="1" offset="14" sl="512" sc="20" el="512" ec="47" bec="0" bev="0" fileid="104" />
                <SequencePoint vc="2" uspid="5124" ordinal="2" offset="21" sl="513" sc="13" el="513" ec="14" bec="0" bev="0" fileid="104" />
                <SequencePoint vc="2" uspid="5125" ordinal="3" offset="22" sl="514" sc="17" el="514" ec="79" bec="0" bev="0" fileid="104" />
                <SequencePoint vc="2" uspid="5126" ordinal="4" offset="29" sl="515" sc="17" el="515" ec="111" bec="0" bev="0" fileid="104" />
                <SequencePoint vc="2" uspid="5127" ordinal="5" offset="188" sl="518" sc="17" el="519" ec="88" bec="0" bev="0" fileid="104" />
                <SequencePoint vc="2" uspid="5128" ordinal="6" offset="338" sl="521" sc="17" el="522" ec="87" bec="2" bev="2" fileid="104" />
                <SequencePoint vc="1" uspid="5129" ordinal="7" offset="432" sl="523" sc="17" el="523" ec="18" bec="0" bev="0" fileid="104" />
                <SequencePoint vc="1" uspid="5130" ordinal="8" offset="433" sl="525" sc="21" el="525" ec="45" bec="2" bev="1" fileid="104" />
                <SequencePoint vc="1" uspid="5131" ordinal="9" offset="449" sl="526" sc="21" el="526" ec="22" bec="0" bev="0" fileid="104" />
                <SequencePoint vc="1" uspid="5132" ordinal="10" offset="450" sl="527" sc="25" el="527" ec="86" bec="0" bev="0" fileid="104" />
                <SequencePoint vc="1" uspid="5133" ordinal="11" offset="482" sl="528" sc="21" el="528" ec="22" bec="0" bev="0" fileid="104" />
                <SequencePoint vc="1" uspid="5134" ordinal="12" offset="483" sl="536" sc="21" el="536" ec="68" bec="0" bev="0" fileid="104" />
                <SequencePoint vc="1" uspid="5135" ordinal="13" offset="501" sl="537" sc="21" el="547" ec="23" bec="0" bev="0" fileid="104" />
                <SequencePoint vc="1" uspid="5136" ordinal="14" offset="642" sl="550" sc="26" el="550" ec="78" bec="0" bev="0" fileid="104" />
                <SequencePoint vc="2" uspid="5137" ordinal="15" offset="660" sl="553" sc="21" el="553" ec="22" bec="0" bev="0" fileid="104" />
                <SequencePoint vc="2" uspid="5138" ordinal="16" offset="661" sl="554" sc="25" el="554" ec="77" bec="0" bev="0" fileid="104" />
                <SequencePoint vc="2" uspid="5139" ordinal="17" offset="671" sl="555" sc="25" el="555" ec="75" bec="0" bev="0" fileid="104" />
                <SequencePoint vc="2" uspid="5140" ordinal="18" offset="681" sl="557" sc="25" el="557" ec="89" bec="0" bev="0" fileid="104" />
                <SequencePoint vc="2" uspid="5141" ordinal="19" offset="696" sl="560" sc="25" el="576" ec="28" bec="0" bev="0" fileid="104" />
                <SequencePoint vc="2" uspid="5142" ordinal="20" offset="899" sl="578" sc="21" el="578" ec="22" bec="0" bev="0" fileid="104" />
                <SequencePoint vc="2" uspid="5143" ordinal="21" offset="900" sl="552" sc="25" el="552" ec="74" bec="0" bev="0" fileid="104" />
                <SequencePoint vc="3" uspid="5144" ordinal="22" offset="918" sl="551" sc="25" el="551" ec="67" bec="2" bev="2" fileid="104" />
                <SequencePoint vc="1" uspid="5145" ordinal="23" offset="945" sl="581" sc="21" el="593" ec="24" bec="0" bev="0" fileid="104" />
                <SequencePoint vc="1" uspid="5146" ordinal="24" offset="1092" sl="594" sc="17" el="594" ec="18" bec="0" bev="0" fileid="104" />
                <SequencePoint vc="1" uspid="5147" ordinal="25" offset="1098" sl="596" sc="17" el="596" ec="18" bec="0" bev="0" fileid="104" />
                <SequencePoint vc="1" uspid="5148" ordinal="26" offset="1099" sl="599" sc="21" el="599" ec="28" bec="0" bev="0" fileid="104" />
                <SequencePoint vc="1" uspid="5149" ordinal="27" offset="1100" sl="599" sc="46" el="599" ec="55" bec="0" bev="0" fileid="104" />
                <SequencePoint vc="2" uspid="5150" ordinal="28" offset="1114" sl="599" sc="30" el="599" ec="42" bec="0" bev="0" fileid="104" />
                <SequencePoint vc="2" uspid="5151" ordinal="29" offset="1123" sl="600" sc="21" el="600" ec="22" bec="0" bev="0" fileid="104" />
                <SequencePoint vc="2" uspid="5152" ordinal="30" offset="1124" sl="601" sc="25" el="614" ec="27" bec="0" bev="0" fileid="104" />
                <SequencePoint vc="2" uspid="5153" ordinal="31" offset="1303" sl="616" sc="25" el="616" ec="70" bec="0" bev="0" fileid="104" />
                <SequencePoint vc="2" uspid="5154" ordinal="32" offset="1317" sl="619" sc="25" el="638" ec="28" bec="0" bev="0" fileid="104" />
                <SequencePoint vc="2" uspid="5155" ordinal="33" offset="1541" sl="640" sc="21" el="640" ec="22" bec="0" bev="0" fileid="104" />
                <SequencePoint vc="3" uspid="5156" ordinal="34" offset="1542" sl="599" sc="43" el="599" ec="45" bec="0" bev="0" fileid="104" />
                <SequencePoint vc="1" uspid="5157" ordinal="35" offset="1571" sl="642" sc="21" el="654" ec="24" bec="0" bev="0" fileid="104" />
                <SequencePoint vc="1" uspid="5158" ordinal="36" offset="1713" sl="656" sc="17" el="656" ec="18" bec="0" bev="0" fileid="104" />
                <SequencePoint vc="2" uspid="5159" ordinal="37" offset="1714" sl="657" sc="13" el="657" ec="14" bec="0" bev="0" fileid="104" />
                <SequencePoint vc="2" uspid="5160" ordinal="38" offset="1728" sl="658" sc="9" el="658" ec="10" bec="0" bev="0" fileid="104" />
              </SequencePoints>
              <BranchPoints>
                <BranchPoint vc="1" uspid="5163" ordinal="2" offset="427" sl="521" path="0" offsetend="432" fileid="104" />
                <BranchPoint vc="1" uspid="5164" ordinal="3" offset="427" sl="521" path="1" offsetend="1098" fileid="104" />
                <BranchPoint vc="1" uspid="5165" ordinal="4" offset="447" sl="525" path="0" offsetend="449" fileid="104" />
                <BranchPoint vc="0" uspid="5166" ordinal="5" offset="447" sl="525" path="1" offsetend="483" fileid="104" />
                <BranchPoint vc="1" uspid="5167" ordinal="6" offset="940" sl="551" path="0" offsetend="945" fileid="104" />
                <BranchPoint vc="2" uspid="5168" ordinal="7" offset="940" sl="551" path="1" offsetend="660" fileid="104" />
              </BranchPoints>
              <MethodPoint vc="2" uspid="5171" ordinal="0" offset="0" />
            </Method>
            <Method visited="true" cyclomaticComplexity="1" nPathComplexity="0" sequenceCoverage="100" branchCoverage="100" isConstructor="true" isStatic="true" isGetter="false" isSetter="false">
              <Summary numSequencePoints="1" visitedSequencePoints="1" numBranchPoints="1" visitedBranchPoints="1" sequenceCoverage="100" branchCoverage="100" maxCyclomaticComplexity="1" minCyclomaticComplexity="1" visitedClasses="0" numClasses="0" visitedMethods="1" numMethods="1" />
              <MetadataToken>100663909</MetadataToken>
              <Name>System.Void SportsWeb.Services.Services.Implementation.SchedulingApplication.ScheduleServices::.cctor()</Name>
              <FileRef uid="104" />
              <SequencePoints>
                <SequencePoint vc="1" uspid="5172" ordinal="0" offset="0" sl="25" sc="9" el="25" ec="94" bec="0" bev="0" fileid="104" />
              </SequencePoints>
              <BranchPoints />
              <MethodPoint xsi:type="SequencePoint" vc="1" uspid="5172" ordinal="0" offset="0" sl="25" sc="9" el="25" ec="94" bec="0" bev="0" fileid="104" />
            </Method>
          </Methods>
        </Class>
        <Class>
          <Summary numSequencePoints="0" visitedSequencePoints="0" numBranchPoints="0" visitedBranchPoints="0" sequenceCoverage="0" branchCoverage="0" maxCyclomaticComplexity="1" minCyclomaticComplexity="1" visitedClasses="0" numClasses="0" visitedMethods="0" numMethods="0" />
          <FullName>SportsWeb.Services.Services.Implementation.SchedulingApplication.ScheduleServices/&lt;&gt;c__DisplayClass3_0</FullName>
          <Methods>
            <Method visited="true" cyclomaticComplexity="1" nPathComplexity="0" sequenceCoverage="0" branchCoverage="0" isConstructor="true" isStatic="false" isGetter="false" isSetter="false">
              <Summary numSequencePoints="0" visitedSequencePoints="0" numBranchPoints="0" visitedBranchPoints="0" sequenceCoverage="0" branchCoverage="0" maxCyclomaticComplexity="1" minCyclomaticComplexity="1" visitedClasses="0" numClasses="0" visitedMethods="0" numMethods="0" />
              <MetadataToken>100666998</MetadataToken>
              <Name>System.Void SportsWeb.Services.Services.Implementation.SchedulingApplication.ScheduleServices/&lt;&gt;c__DisplayClass3_0::.ctor()</Name>
              <SequencePoints />
              <BranchPoints />
              <MethodPoint vc="5" uspid="5173" ordinal="0" offset="0" />
            </Method>
          </Methods>
        </Class>
        <Class>
          <Summary numSequencePoints="1" visitedSequencePoints="1" numBranchPoints="1" visitedBranchPoints="1" sequenceCoverage="100" branchCoverage="100" maxCyclomaticComplexity="2" minCyclomaticComplexity="1" visitedClasses="1" numClasses="1" visitedMethods="1" numMethods="1" />
          <FullName>SportsWeb.Services.Services.Implementation.SchedulingApplication.ScheduleServices/&lt;&gt;c__DisplayClass6_0</FullName>
          <Methods>
            <Method visited="true" cyclomaticComplexity="1" nPathComplexity="0" sequenceCoverage="0" branchCoverage="0" isConstructor="true" isStatic="false" isGetter="false" isSetter="false">
              <Summary numSequencePoints="0" visitedSequencePoints="0" numBranchPoints="0" visitedBranchPoints="0" sequenceCoverage="0" branchCoverage="0" maxCyclomaticComplexity="1" minCyclomaticComplexity="1" visitedClasses="0" numClasses="0" visitedMethods="0" numMethods="0" />
              <MetadataToken>100666999</MetadataToken>
              <Name>System.Void SportsWeb.Services.Services.Implementation.SchedulingApplication.ScheduleServices/&lt;&gt;c__DisplayClass6_0::.ctor()</Name>
              <SequencePoints />
              <BranchPoints />
              <MethodPoint vc="6" uspid="5174" ordinal="0" offset="0" />
            </Method>
            <Method visited="true" cyclomaticComplexity="2" nPathComplexity="0" sequenceCoverage="100" branchCoverage="100" isConstructor="false" isStatic="false" isGetter="false" isSetter="false">
              <Summary numSequencePoints="1" visitedSequencePoints="1" numBranchPoints="1" visitedBranchPoints="1" sequenceCoverage="100" branchCoverage="100" maxCyclomaticComplexity="2" minCyclomaticComplexity="2" visitedClasses="0" numClasses="0" visitedMethods="1" numMethods="1" />
              <MetadataToken>100667000</MetadataToken>
              <Name>System.Boolean SportsWeb.Services.Services.Implementation.SchedulingApplication.ScheduleServices/&lt;&gt;c__DisplayClass6_0::&lt;GetScheduleForField&gt;b__0(SportsWeb.Models.Models.GetScheduleForFieldModel)</Name>
              <FileRef uid="104" />
              <SequencePoints>
                <SequencePoint vc="5" uspid="5175" ordinal="0" offset="0" sl="200" sc="50" el="200" ec="112" bec="0" bev="0" fileid="104" />
              </SequencePoints>
              <BranchPoints />
              <MethodPoint xsi:type="SequencePoint" vc="5" uspid="5175" ordinal="0" offset="0" sl="200" sc="50" el="200" ec="112" bec="0" bev="0" fileid="104" />
            </Method>
          </Methods>
        </Class>
        <Class>
          <Summary numSequencePoints="1" visitedSequencePoints="1" numBranchPoints="1" visitedBranchPoints="1" sequenceCoverage="100" branchCoverage="100" maxCyclomaticComplexity="1" minCyclomaticComplexity="1" visitedClasses="1" numClasses="1" visitedMethods="1" numMethods="1" />
          <FullName>SportsWeb.Services.Services.Implementation.SchedulingApplication.ScheduleServices/&lt;&gt;c__DisplayClass6_1</FullName>
          <Methods>
            <Method visited="true" cyclomaticComplexity="1" nPathComplexity="0" sequenceCoverage="0" branchCoverage="0" isConstructor="true" isStatic="false" isGetter="false" isSetter="false">
              <Summary numSequencePoints="0" visitedSequencePoints="0" numBranchPoints="0" visitedBranchPoints="0" sequenceCoverage="0" branchCoverage="0" maxCyclomaticComplexity="1" minCyclomaticComplexity="1" visitedClasses="0" numClasses="0" visitedMethods="0" numMethods="0" />
              <MetadataToken>100667001</MetadataToken>
              <Name>System.Void SportsWeb.Services.Services.Implementation.SchedulingApplication.ScheduleServices/&lt;&gt;c__DisplayClass6_1::.ctor()</Name>
              <SequencePoints />
              <BranchPoints />
              <MethodPoint vc="3" uspid="5178" ordinal="0" offset="0" />
            </Method>
            <Method visited="true" cyclomaticComplexity="1" nPathComplexity="0" sequenceCoverage="100" branchCoverage="100" isConstructor="false" isStatic="false" isGetter="false" isSetter="false">
              <Summary numSequencePoints="1" visitedSequencePoints="1" numBranchPoints="1" visitedBranchPoints="1" sequenceCoverage="100" branchCoverage="100" maxCyclomaticComplexity="1" minCyclomaticComplexity="1" visitedClasses="0" numClasses="0" visitedMethods="1" numMethods="1" />
              <MetadataToken>100667002</MetadataToken>
              <Name>System.Void SportsWeb.Services.Services.Implementation.SchedulingApplication.ScheduleServices/&lt;&gt;c__DisplayClass6_1::&lt;GetScheduleForField&gt;b__1(SportsWeb.Models.Models.GetScheduleForFieldModel)</Name>
              <FileRef uid="104" />
              <SequencePoints>
                <SequencePoint vc="3" uspid="5179" ordinal="0" offset="0" sl="203" sc="48" el="203" ec="77" bec="0" bev="0" fileid="104" />
              </SequencePoints>
              <BranchPoints />
              <MethodPoint xsi:type="SequencePoint" vc="3" uspid="5179" ordinal="0" offset="0" sl="203" sc="48" el="203" ec="77" bec="0" bev="0" fileid="104" />
            </Method>
          </Methods>
        </Class>
        <Class>
          <Summary numSequencePoints="0" visitedSequencePoints="0" numBranchPoints="0" visitedBranchPoints="0" sequenceCoverage="0" branchCoverage="0" maxCyclomaticComplexity="1" minCyclomaticComplexity="1" visitedClasses="0" numClasses="0" visitedMethods="0" numMethods="0" />
          <FullName>SportsWeb.Services.Services.Implementation.SchedulingApplication.ScheduleServices/&lt;&gt;c__DisplayClass6_2</FullName>
          <Methods>
            <Method visited="true" cyclomaticComplexity="1" nPathComplexity="0" sequenceCoverage="0" branchCoverage="0" isConstructor="true" isStatic="false" isGetter="false" isSetter="false">
              <Summary numSequencePoints="0" visitedSequencePoints="0" numBranchPoints="0" visitedBranchPoints="0" sequenceCoverage="0" branchCoverage="0" maxCyclomaticComplexity="1" minCyclomaticComplexity="1" visitedClasses="0" numClasses="0" visitedMethods="0" numMethods="0" />
              <MetadataToken>100667003</MetadataToken>
              <Name>System.Void SportsWeb.Services.Services.Implementation.SchedulingApplication.ScheduleServices/&lt;&gt;c__DisplayClass6_2::.ctor()</Name>
              <SequencePoints />
              <BranchPoints />
              <MethodPoint vc="3" uspid="5180" ordinal="0" offset="0" />
            </Method>
          </Methods>
        </Class>
        <Class>
          <Summary numSequencePoints="0" visitedSequencePoints="0" numBranchPoints="0" visitedBranchPoints="0" sequenceCoverage="0" branchCoverage="0" maxCyclomaticComplexity="1" minCyclomaticComplexity="1" visitedClasses="0" numClasses="0" visitedMethods="0" numMethods="0" />
          <FullName>SportsWeb.Services.Services.Implementation.SchedulingApplication.ScheduleServices/&lt;&gt;c__DisplayClass7_0</FullName>
          <Methods>
            <Method visited="true" cyclomaticComplexity="1" nPathComplexity="0" sequenceCoverage="0" branchCoverage="0" isConstructor="true" isStatic="false" isGetter="false" isSetter="false">
              <Summary numSequencePoints="0" visitedSequencePoints="0" numBranchPoints="0" visitedBranchPoints="0" sequenceCoverage="0" branchCoverage="0" maxCyclomaticComplexity="1" minCyclomaticComplexity="1" visitedClasses="0" numClasses="0" visitedMethods="0" numMethods="0" />
              <MetadataToken>100667004</MetadataToken>
              <Name>System.Void SportsWeb.Services.Services.Implementation.SchedulingApplication.ScheduleServices/&lt;&gt;c__DisplayClass7_0::.ctor()</Name>
              <SequencePoints />
              <BranchPoints />
              <MethodPoint vc="8" uspid="5181" ordinal="0" offset="0" />
            </Method>
          </Methods>
        </Class>
        <Class>
          <Summary numSequencePoints="0" visitedSequencePoints="0" numBranchPoints="0" visitedBranchPoints="0" sequenceCoverage="0" branchCoverage="0" maxCyclomaticComplexity="1" minCyclomaticComplexity="1" visitedClasses="0" numClasses="0" visitedMethods="0" numMethods="0" />
          <FullName>SportsWeb.Services.Services.Implementation.SchedulingApplication.ScheduleServices/&lt;&gt;c__DisplayClass7_1</FullName>
          <Methods>
            <Method visited="true" cyclomaticComplexity="1" nPathComplexity="0" sequenceCoverage="0" branchCoverage="0" isConstructor="true" isStatic="false" isGetter="false" isSetter="false">
              <Summary numSequencePoints="0" visitedSequencePoints="0" numBranchPoints="0" visitedBranchPoints="0" sequenceCoverage="0" branchCoverage="0" maxCyclomaticComplexity="1" minCyclomaticComplexity="1" visitedClasses="0" numClasses="0" visitedMethods="0" numMethods="0" />
              <MetadataToken>100667005</MetadataToken>
              <Name>System.Void SportsWeb.Services.Services.Implementation.SchedulingApplication.ScheduleServices/&lt;&gt;c__DisplayClass7_1::.ctor()</Name>
              <SequencePoints />
              <BranchPoints />
              <MethodPoint vc="5" uspid="5182" ordinal="0" offset="0" />
            </Method>
          </Methods>
        </Class>
        <Class>
          <Summary numSequencePoints="1" visitedSequencePoints="1" numBranchPoints="1" visitedBranchPoints="1" sequenceCoverage="100" branchCoverage="100" maxCyclomaticComplexity="1" minCyclomaticComplexity="1" visitedClasses="1" numClasses="1" visitedMethods="1" numMethods="1" />
          <FullName>SportsWeb.Services.Services.Implementation.SchedulingApplication.ScheduleServices/&lt;&gt;c</FullName>
          <Methods>
            <Method visited="true" cyclomaticComplexity="1" nPathComplexity="0" sequenceCoverage="0" branchCoverage="0" isConstructor="true" isStatic="true" isGetter="false" isSetter="false">
              <Summary numSequencePoints="0" visitedSequencePoints="0" numBranchPoints="0" visitedBranchPoints="0" sequenceCoverage="0" branchCoverage="0" maxCyclomaticComplexity="1" minCyclomaticComplexity="1" visitedClasses="0" numClasses="0" visitedMethods="0" numMethods="0" />
              <MetadataToken>100667006</MetadataToken>
              <Name>System.Void SportsWeb.Services.Services.Implementation.SchedulingApplication.ScheduleServices/&lt;&gt;c::.cctor()</Name>
              <SequencePoints />
              <BranchPoints />
              <MethodPoint vc="1" uspid="5183" ordinal="0" offset="0" />
            </Method>
            <Method visited="true" cyclomaticComplexity="1" nPathComplexity="0" sequenceCoverage="0" branchCoverage="0" isConstructor="true" isStatic="false" isGetter="false" isSetter="false">
              <Summary numSequencePoints="0" visitedSequencePoints="0" numBranchPoints="0" visitedBranchPoints="0" sequenceCoverage="0" branchCoverage="0" maxCyclomaticComplexity="1" minCyclomaticComplexity="1" visitedClasses="0" numClasses="0" visitedMethods="0" numMethods="0" />
              <MetadataToken>100667007</MetadataToken>
              <Name>System.Void SportsWeb.Services.Services.Implementation.SchedulingApplication.ScheduleServices/&lt;&gt;c::.ctor()</Name>
              <SequencePoints />
              <BranchPoints />
              <MethodPoint vc="1" uspid="5184" ordinal="0" offset="0" />
            </Method>
            <Method visited="true" cyclomaticComplexity="1" nPathComplexity="0" sequenceCoverage="100" branchCoverage="100" isConstructor="false" isStatic="false" isGetter="false" isSetter="false">
              <Summary numSequencePoints="1" visitedSequencePoints="1" numBranchPoints="1" visitedBranchPoints="1" sequenceCoverage="100" branchCoverage="100" maxCyclomaticComplexity="1" minCyclomaticComplexity="1" visitedClasses="0" numClasses="0" visitedMethods="1" numMethods="1" />
              <MetadataToken>100667008</MetadataToken>
              <Name>SportsWeb.Services.DomainModel.Commands.DeleteScheduleCommand SportsWeb.Services.Services.Implementation.SchedulingApplication.ScheduleServices/&lt;&gt;c::&lt;RemoveSchedule&gt;b__7_2(SportsWeb.Entities.Entities.Schedule)</Name>
              <FileRef uid="104" />
              <SequencePoints>
                <SequencePoint vc="4" uspid="5185" ordinal="0" offset="0" sl="284" sc="97" el="284" ec="138" bec="0" bev="0" fileid="104" />
              </SequencePoints>
              <BranchPoints />
              <MethodPoint xsi:type="SequencePoint" vc="4" uspid="5185" ordinal="0" offset="0" sl="284" sc="97" el="284" ec="138" bec="0" bev="0" fileid="104" />
            </Method>
          </Methods>
        </Class>
        <Class>
          <Summary numSequencePoints="0" visitedSequencePoints="0" numBranchPoints="0" visitedBranchPoints="0" sequenceCoverage="0" branchCoverage="0" maxCyclomaticComplexity="1" minCyclomaticComplexity="1" visitedClasses="0" numClasses="0" visitedMethods="0" numMethods="0" />
          <FullName>SportsWeb.Services.Services.Implementation.SchedulingApplication.ScheduleServices/&lt;&gt;c__DisplayClass8_0</FullName>
          <Methods>
            <Method visited="true" cyclomaticComplexity="1" nPathComplexity="0" sequenceCoverage="0" branchCoverage="0" isConstructor="true" isStatic="false" isGetter="false" isSetter="false">
              <Summary numSequencePoints="0" visitedSequencePoints="0" numBranchPoints="0" visitedBranchPoints="0" sequenceCoverage="0" branchCoverage="0" maxCyclomaticComplexity="1" minCyclomaticComplexity="1" visitedClasses="0" numClasses="0" visitedMethods="0" numMethods="0" />
              <MetadataToken>100667009</MetadataToken>
              <Name>System.Void SportsWeb.Services.Services.Implementation.SchedulingApplication.ScheduleServices/&lt;&gt;c__DisplayClass8_0::.ctor()</Name>
              <SequencePoints />
              <BranchPoints />
              <MethodPoint vc="23" uspid="5186" ordinal="0" offset="0" />
            </Method>
          </Methods>
        </Class>
        <Class>
          <Summary numSequencePoints="0" visitedSequencePoints="0" numBranchPoints="0" visitedBranchPoints="0" sequenceCoverage="0" branchCoverage="0" maxCyclomaticComplexity="1" minCyclomaticComplexity="1" visitedClasses="0" numClasses="0" visitedMethods="0" numMethods="0" />
          <FullName>SportsWeb.Services.Services.Implementation.SchedulingApplication.ScheduleServices/&lt;&gt;c__DisplayClass10_0</FullName>
          <Methods>
            <Method visited="true" cyclomaticComplexity="1" nPathComplexity="0" sequenceCoverage="0" branchCoverage="0" isConstructor="true" isStatic="false" isGetter="false" isSetter="false">
              <Summary numSequencePoints="0" visitedSequencePoints="0" numBranchPoints="0" visitedBranchPoints="0" sequenceCoverage="0" branchCoverage="0" maxCyclomaticComplexity="1" minCyclomaticComplexity="1" visitedClasses="0" numClasses="0" visitedMethods="0" numMethods="0" />
              <MetadataToken>100667010</MetadataToken>
              <Name>System.Void SportsWeb.Services.Services.Implementation.SchedulingApplication.ScheduleServices/&lt;&gt;c__DisplayClass10_0::.ctor()</Name>
              <SequencePoints />
              <BranchPoints />
              <MethodPoint vc="1" uspid="5187" ordinal="0" offset="0" />
            </Method>
          </Methods>
        </Class>
        <Class>
          <Summary numSequencePoints="0" visitedSequencePoints="0" numBranchPoints="0" visitedBranchPoints="0" sequenceCoverage="0" branchCoverage="0" maxCyclomaticComplexity="1" minCyclomaticComplexity="1" visitedClasses="0" numClasses="0" visitedMethods="0" numMethods="0" />
          <FullName>SportsWeb.Services.Services.Implementation.SchedulingApplication.ScheduleServices/&lt;&gt;c__DisplayClass11_0</FullName>
          <Methods>
            <Method visited="true" cyclomaticComplexity="1" nPathComplexity="0" sequenceCoverage="0" branchCoverage="0" isConstructor="true" isStatic="false" isGetter="false" isSetter="false">
              <Summary numSequencePoints="0" visitedSequencePoints="0" numBranchPoints="0" visitedBranchPoints="0" sequenceCoverage="0" branchCoverage="0" maxCyclomaticComplexity="1" minCyclomaticComplexity="1" visitedClasses="0" numClasses="0" visitedMethods="0" numMethods="0" />
              <MetadataToken>100667011</MetadataToken>
              <Name>System.Void SportsWeb.Services.Services.Implementation.SchedulingApplication.ScheduleServices/&lt;&gt;c__DisplayClass11_0::.ctor()</Name>
              <SequencePoints />
              <BranchPoints />
              <MethodPoint vc="1" uspid="5188" ordinal="0" offset="0" />
            </Method>
          </Methods>
        </Class>
        <Class>
          <Summary numSequencePoints="0" visitedSequencePoints="0" numBranchPoints="0" visitedBranchPoints="0" sequenceCoverage="0" branchCoverage="0" maxCyclomaticComplexity="1" minCyclomaticComplexity="1" visitedClasses="0" numClasses="0" visitedMethods="0" numMethods="0" />
          <FullName>SportsWeb.Services.Services.Implementation.SchedulingApplication.ScheduleServices/&lt;&gt;c__DisplayClass12_0</FullName>
          <Methods>
            <Method visited="true" cyclomaticComplexity="1" nPathComplexity="0" sequenceCoverage="0" branchCoverage="0" isConstructor="true" isStatic="false" isGetter="false" isSetter="false">
              <Summary numSequencePoints="0" visitedSequencePoints="0" numBranchPoints="0" visitedBranchPoints="0" sequenceCoverage="0" branchCoverage="0" maxCyclomaticComplexity="1" minCyclomaticComplexity="1" visitedClasses="0" numClasses="0" visitedMethods="0" numMethods="0" />
              <MetadataToken>100667012</MetadataToken>
              <Name>System.Void SportsWeb.Services.Services.Implementation.SchedulingApplication.ScheduleServices/&lt;&gt;c__DisplayClass12_0::.ctor()</Name>
              <SequencePoints />
              <BranchPoints />
              <MethodPoint vc="2" uspid="5189" ordinal="0" offset="0" />
            </Method>
          </Methods>
        </Class>
        <Class>
          <Summary numSequencePoints="438" visitedSequencePoints="416" numBranchPoints="125" visitedBranchPoints="118" sequenceCoverage="94.98" branchCoverage="94.4" maxCyclomaticComplexity="19" minCyclomaticComplexity="1" visitedClasses="1" numClasses="1" visitedMethods="11" numMethods="11" />
          <FullName>SportsWeb.Services.Services.Implementation.SchedulingApplication.MasterScheduleService</FullName>
          <Methods>
            <Method visited="true" cyclomaticComplexity="1" nPathComplexity="0" sequenceCoverage="100" branchCoverage="100" isConstructor="true" isStatic="false" isGetter="false" isSetter="false">
              <Summary numSequencePoints="4" visitedSequencePoints="4" numBranchPoints="1" visitedBranchPoints="1" sequenceCoverage="100" branchCoverage="100" maxCyclomaticComplexity="1" minCyclomaticComplexity="1" visitedClasses="0" numClasses="0" visitedMethods="1" numMethods="1" />
              <MetadataToken>100663910</MetadataToken>
              <Name>System.Void SportsWeb.Services.Services.Implementation.SchedulingApplication.MasterScheduleService::.ctor()</Name>
              <FileRef uid="108" />
              <SequencePoints>
                <SequencePoint vc="51" uspid="5190" ordinal="0" offset="0" sl="31" sc="9" el="31" ec="39" bec="0" bev="0" fileid="108" />
                <SequencePoint vc="51" uspid="5191" ordinal="1" offset="7" sl="32" sc="9" el="32" ec="10" bec="0" bev="0" fileid="108" />
                <SequencePoint vc="51" uspid="5192" ordinal="2" offset="8" sl="33" sc="13" el="33" ec="69" bec="0" bev="0" fileid="108" />
                <SequencePoint vc="51" uspid="5193" ordinal="3" offset="29" sl="34" sc="9" el="34" ec="10" bec="0" bev="0" fileid="108" />
              </SequencePoints>
              <BranchPoints />
              <MethodPoint xsi:type="SequencePoint" vc="51" uspid="5190" ordinal="0" offset="0" sl="31" sc="9" el="31" ec="39" bec="0" bev="0" fileid="108" />
            </Method>
            <Method visited="true" cyclomaticComplexity="8" nPathComplexity="32" sequenceCoverage="90.70" branchCoverage="90.91" isConstructor="false" isStatic="false" isGetter="false" isSetter="false">
              <Summary numSequencePoints="43" visitedSequencePoints="39" numBranchPoints="11" visitedBranchPoints="10" sequenceCoverage="90.70" branchCoverage="90.91" maxCyclomaticComplexity="8" minCyclomaticComplexity="8" visitedClasses="0" numClasses="0" visitedMethods="1" numMethods="1" />
              <MetadataToken>100663911</MetadataToken>
              <Name>System.Collections.Generic.IList`1&lt;SportsWeb.Models.Models.MasterScheduleModel&gt; SportsWeb.Services.Services.Implementation.SchedulingApplication.MasterScheduleService::GetMasterScheduleForSite(System.Guid,System.DateTime,System.DateTime)</Name>
              <FileRef uid="108" />
              <SequencePoints>
                <SequencePoint vc="3" uspid="5194" ordinal="0" offset="27" sl="37" sc="9" el="37" ec="10" bec="0" bev="0" fileid="108" />
                <SequencePoint vc="3" uspid="5195" ordinal="1" offset="28" sl="38" sc="13" el="39" ec="77" bec="2" bev="2" fileid="108" />
                <SequencePoint vc="2" uspid="5196" ordinal="2" offset="55" sl="40" sc="13" el="40" ec="14" bec="0" bev="0" fileid="108" />
                <SequencePoint vc="2" uspid="5197" ordinal="3" offset="56" sl="41" sc="17" el="41" ec="42" bec="2" bev="2" fileid="108" />
                <SequencePoint vc="1" uspid="5198" ordinal="4" offset="76" sl="42" sc="17" el="42" ec="18" bec="0" bev="0" fileid="108" />
                <SequencePoint vc="1" uspid="5199" ordinal="5" offset="77" sl="43" sc="21" el="43" ec="117" bec="0" bev="0" fileid="108" />
                <SequencePoint vc="1" uspid="5200" ordinal="6" offset="93" sl="44" sc="21" el="44" ec="115" bec="0" bev="0" fileid="108" />
                <SequencePoint vc="1" uspid="5201" ordinal="7" offset="104" sl="47" sc="17" el="47" ec="68" bec="0" bev="0" fileid="108" />
                <SequencePoint vc="1" uspid="5202" ordinal="8" offset="110" sl="50" sc="17" el="50" ec="18" bec="0" bev="0" fileid="108" />
                <SequencePoint vc="1" uspid="5203" ordinal="9" offset="111" sl="51" sc="28" el="51" ec="55" bec="0" bev="0" fileid="108" />
                <SequencePoint vc="1" uspid="5204" ordinal="10" offset="119" sl="52" sc="21" el="52" ec="22" bec="0" bev="0" fileid="108" />
                <SequencePoint vc="1" uspid="5205" ordinal="11" offset="120" sl="53" sc="25" el="53" ec="95" bec="0" bev="0" fileid="108" />
                <SequencePoint vc="1" uspid="5206" ordinal="12" offset="144" sl="55" sc="25" el="55" ec="81" bec="0" bev="0" fileid="108" />
                <SequencePoint vc="1" uspid="5207" ordinal="13" offset="153" sl="57" sc="25" el="59" ec="27" bec="0" bev="0" fileid="108" />
                <SequencePoint vc="1" uspid="5208" ordinal="14" offset="332" sl="61" sc="25" el="61" ec="52" bec="2" bev="1" fileid="108" />
                <SequencePoint vc="1" uspid="5209" ordinal="15" offset="348" sl="62" sc="25" el="62" ec="26" bec="0" bev="0" fileid="108" />
                <SequencePoint vc="1" uspid="5210" ordinal="16" offset="349" sl="63" sc="29" el="63" ec="121" bec="0" bev="0" fileid="108" />
                <SequencePoint vc="1" uspid="5211" ordinal="17" offset="369" sl="64" sc="25" el="64" ec="26" bec="0" bev="0" fileid="108" />
                <SequencePoint vc="1" uspid="5212" ordinal="18" offset="370" sl="67" sc="25" el="67" ec="32" bec="0" bev="0" fileid="108" />
                <SequencePoint vc="1" uspid="5213" ordinal="19" offset="371" sl="67" sc="53" el="67" ec="65" bec="0" bev="0" fileid="108" />
                <SequencePoint vc="4" uspid="5214" ordinal="20" offset="392" sl="67" sc="34" el="67" ec="49" bec="0" bev="0" fileid="108" />
                <SequencePoint vc="4" uspid="5215" ordinal="21" offset="413" sl="68" sc="25" el="68" ec="26" bec="0" bev="0" fileid="108" />
                <SequencePoint vc="4" uspid="5216" ordinal="22" offset="414" sl="69" sc="29" el="69" ec="122" bec="0" bev="0" fileid="108" />
                <SequencePoint vc="4" uspid="5217" ordinal="23" offset="545" sl="72" sc="29" el="72" ec="58" bec="2" bev="2" fileid="108" />
                <SequencePoint vc="2" uspid="5218" ordinal="24" offset="564" sl="73" sc="29" el="73" ec="30" bec="0" bev="0" fileid="108" />
                <SequencePoint vc="2" uspid="5219" ordinal="25" offset="565" sl="76" sc="33" el="78" ec="101" bec="2" bev="2" fileid="108" />
                <SequencePoint vc="1" uspid="5220" ordinal="26" offset="596" sl="79" sc="33" el="79" ec="34" bec="0" bev="0" fileid="108" />
                <SequencePoint vc="1" uspid="5221" ordinal="27" offset="597" sl="80" sc="37" el="80" ec="131" bec="0" bev="0" fileid="108" />
                <SequencePoint vc="1" uspid="5222" ordinal="28" offset="754" sl="81" sc="37" el="101" ec="39" bec="0" bev="0" fileid="108" />
                <SequencePoint vc="1" uspid="5223" ordinal="29" offset="1092" sl="103" sc="37" el="103" ec="70" bec="0" bev="0" fileid="108" />
                <SequencePoint vc="1" uspid="5224" ordinal="30" offset="1101" sl="104" sc="33" el="104" ec="34" bec="0" bev="0" fileid="108" />
                <SequencePoint vc="2" uspid="5225" ordinal="31" offset="1102" sl="105" sc="29" el="105" ec="30" bec="0" bev="0" fileid="108" />
                <SequencePoint vc="4" uspid="5226" ordinal="32" offset="1103" sl="106" sc="25" el="106" ec="26" bec="0" bev="0" fileid="108" />
                <SequencePoint vc="5" uspid="5227" ordinal="33" offset="1104" sl="67" sc="50" el="67" ec="52" bec="0" bev="0" fileid="108" />
                <SequencePoint vc="1" uspid="5228" ordinal="34" offset="1133" sl="107" sc="21" el="107" ec="22" bec="0" bev="0" fileid="108" />
                <SequencePoint vc="1" uspid="5229" ordinal="35" offset="1149" sl="108" sc="17" el="108" ec="18" bec="0" bev="0" fileid="108" />
                <SequencePoint vc="0" uspid="5230" ordinal="36" offset="1152" sl="109" sc="17" el="109" ec="37" bec="0" bev="0" fileid="108" />
                <SequencePoint vc="0" uspid="5231" ordinal="37" offset="1154" sl="110" sc="17" el="110" ec="18" bec="0" bev="0" fileid="108" />
                <SequencePoint vc="0" uspid="5232" ordinal="38" offset="1155" sl="111" sc="21" el="111" ec="118" bec="0" bev="0" fileid="108" />
                <SequencePoint vc="0" uspid="5233" ordinal="39" offset="1173" sl="112" sc="21" el="112" ec="27" bec="0" bev="0" fileid="108" />
                <SequencePoint vc="1" uspid="5234" ordinal="40" offset="1175" sl="115" sc="17" el="115" ec="37" bec="0" bev="0" fileid="108" />
                <SequencePoint vc="1" uspid="5235" ordinal="41" offset="1180" sl="118" sc="13" el="118" ec="52" bec="0" bev="0" fileid="108" />
                <SequencePoint vc="2" uspid="5236" ordinal="42" offset="1189" sl="119" sc="9" el="119" ec="10" bec="0" bev="0" fileid="108" />
              </SequencePoints>
              <BranchPoints>
                <BranchPoint vc="2" uspid="5237" ordinal="0" offset="50" sl="38" path="0" offsetend="55" fileid="108" />
                <BranchPoint vc="1" uspid="5238" ordinal="1" offset="50" sl="38" path="1" offsetend="1180" fileid="108" />
                <BranchPoint vc="1" uspid="5239" ordinal="2" offset="74" sl="41" path="0" offsetend="76" fileid="108" />
                <BranchPoint vc="1" uspid="5240" ordinal="3" offset="74" sl="41" path="1" offsetend="104" fileid="108" />
                <BranchPoint vc="1" uspid="5241" ordinal="4" offset="346" sl="61" path="0" offsetend="348" fileid="108" />
                <BranchPoint vc="0" uspid="5242" ordinal="5" offset="346" sl="61" path="1" offsetend="370" fileid="108" />
                <BranchPoint vc="2" uspid="5243" ordinal="6" offset="559" sl="72" path="0" offsetend="564" fileid="108" />
                <BranchPoint vc="2" uspid="5244" ordinal="7" offset="559" sl="72" path="1" offsetend="1103" fileid="108" />
                <BranchPoint vc="1" uspid="5245" ordinal="8" offset="591" sl="76" path="0" offsetend="596" fileid="108" />
                <BranchPoint vc="1" uspid="5246" ordinal="9" offset="591" sl="76" path="1" offsetend="1102" fileid="108" />
              </BranchPoints>
              <MethodPoint vc="3" uspid="5249" ordinal="0" offset="0" />
            </Method>
            <Method visited="true" cyclomaticComplexity="17" nPathComplexity="512" sequenceCoverage="97.53" branchCoverage="94.74" isConstructor="false" isStatic="false" isGetter="false" isSetter="false">
              <Summary numSequencePoints="81" visitedSequencePoints="79" numBranchPoints="19" visitedBranchPoints="18" sequenceCoverage="97.53" branchCoverage="94.74" maxCyclomaticComplexity="17" minCyclomaticComplexity="17" visitedClasses="0" numClasses="0" visitedMethods="1" numMethods="1" />
              <MetadataToken>100663912</MetadataToken>
              <Name>System.Void SportsWeb.Services.Services.Implementation.SchedulingApplication.MasterScheduleService::AddMasterSchedule(SportsWeb.Models.Models.MasterScheduleModel)</Name>
              <FileRef uid="108" />
              <SequencePoints>
                <SequencePoint vc="13" uspid="5250" ordinal="0" offset="0" sl="122" sc="9" el="122" ec="10" bec="0" bev="0" fileid="108" />
                <SequencePoint vc="13" uspid="5251" ordinal="1" offset="1" sl="123" sc="13" el="124" ec="77" bec="2" bev="2" fileid="108" />
                <SequencePoint vc="12" uspid="5252" ordinal="2" offset="28" sl="125" sc="13" el="125" ec="14" bec="0" bev="0" fileid="108" />
                <SequencePoint vc="12" uspid="5253" ordinal="3" offset="29" sl="127" sc="17" el="127" ec="18" bec="0" bev="0" fileid="108" />
                <SequencePoint vc="12" uspid="5254" ordinal="4" offset="30" sl="128" sc="21" el="128" ec="39" bec="2" bev="2" fileid="108" />
                <SequencePoint vc="1" uspid="5255" ordinal="5" offset="40" sl="129" sc="21" el="129" ec="22" bec="0" bev="0" fileid="108" />
                <SequencePoint vc="1" uspid="5256" ordinal="6" offset="41" sl="130" sc="25" el="130" ec="114" bec="0" bev="0" fileid="108" />
                <SequencePoint vc="1" uspid="5257" ordinal="7" offset="57" sl="131" sc="25" el="131" ec="135" bec="0" bev="0" fileid="108" />
                <SequencePoint vc="11" uspid="5258" ordinal="8" offset="68" sl="134" sc="21" el="134" ec="54" bec="0" bev="0" fileid="108" />
                <SequencePoint vc="9" uspid="5259" ordinal="9" offset="76" sl="136" sc="21" el="136" ec="65" bec="2" bev="2" fileid="108" />
                <SequencePoint vc="4" uspid="5260" ordinal="10" offset="93" sl="137" sc="21" el="137" ec="22" bec="0" bev="0" fileid="108" />
                <SequencePoint vc="4" uspid="5261" ordinal="11" offset="94" sl="138" sc="25" el="138" ec="84" bec="0" bev="0" fileid="108" />
                <SequencePoint vc="4" uspid="5262" ordinal="12" offset="115" sl="139" sc="25" el="139" ec="82" bec="0" bev="0" fileid="108" />
                <SequencePoint vc="4" uspid="5263" ordinal="13" offset="134" sl="140" sc="21" el="140" ec="22" bec="0" bev="0" fileid="108" />
                <SequencePoint vc="9" uspid="5264" ordinal="14" offset="135" sl="142" sc="21" el="142" ec="76" bec="0" bev="0" fileid="108" />
                <SequencePoint vc="9" uspid="5265" ordinal="15" offset="153" sl="144" sc="21" el="144" ec="70" bec="2" bev="1" fileid="108" />
                <SequencePoint vc="0" uspid="5266" ordinal="16" offset="174" sl="145" sc="21" el="145" ec="22" bec="0" bev="0" fileid="108" />
                <SequencePoint vc="0" uspid="5267" ordinal="17" offset="175" sl="146" sc="25" el="146" ec="112" bec="0" bev="0" fileid="108" />
                <SequencePoint vc="9" uspid="5268" ordinal="18" offset="186" sl="149" sc="21" el="149" ec="155" bec="0" bev="0" fileid="108" />
                <SequencePoint vc="9" uspid="5269" ordinal="19" offset="224" sl="151" sc="21" el="151" ec="110" bec="2" bev="2" fileid="108" />
                <SequencePoint vc="1" uspid="5270" ordinal="20" offset="245" sl="152" sc="21" el="152" ec="22" bec="0" bev="0" fileid="108" />
                <SequencePoint vc="1" uspid="5271" ordinal="21" offset="246" sl="153" sc="25" el="153" ec="115" bec="0" bev="0" fileid="108" />
                <SequencePoint vc="8" uspid="5272" ordinal="22" offset="257" sl="156" sc="21" el="156" ec="62" bec="2" bev="2" fileid="108" />
                <SequencePoint vc="8" uspid="5273" ordinal="23" offset="270" sl="157" sc="21" el="157" ec="78" bec="0" bev="0" fileid="108" />
                <SequencePoint vc="8" uspid="5274" ordinal="24" offset="277" sl="158" sc="21" el="158" ec="71" bec="0" bev="0" fileid="108" />
                <SequencePoint vc="8" uspid="5275" ordinal="25" offset="284" sl="160" sc="21" el="177" ec="23" bec="0" bev="0" fileid="108" />
                <SequencePoint vc="8" uspid="5276" ordinal="26" offset="445" sl="179" sc="21" el="179" ec="46" bec="0" bev="0" fileid="108" />
                <SequencePoint vc="8" uspid="5277" ordinal="27" offset="454" sl="181" sc="21" el="181" ec="111" bec="0" bev="0" fileid="108" />
                <SequencePoint vc="8" uspid="5278" ordinal="28" offset="461" sl="183" sc="21" el="183" ec="28" bec="0" bev="0" fileid="108" />
                <SequencePoint vc="8" uspid="5279" ordinal="29" offset="462" sl="183" sc="48" el="183" ec="59" bec="0" bev="0" fileid="108" />
                <SequencePoint vc="8" uspid="5280" ordinal="30" offset="475" sl="183" sc="30" el="183" ec="44" bec="0" bev="0" fileid="108" />
                <SequencePoint vc="8" uspid="5281" ordinal="31" offset="484" sl="184" sc="21" el="184" ec="22" bec="0" bev="0" fileid="108" />
                <SequencePoint vc="8" uspid="5282" ordinal="32" offset="485" sl="186" sc="25" el="186" ec="26" bec="0" bev="0" fileid="108" />
                <SequencePoint vc="8" uspid="5283" ordinal="33" offset="486" sl="187" sc="29" el="187" ec="94" bec="0" bev="0" fileid="108" />
                <SequencePoint vc="8" uspid="5284" ordinal="34" offset="499" sl="188" sc="29" el="188" ec="107" bec="0" bev="0" fileid="108" />
                <SequencePoint vc="8" uspid="5285" ordinal="35" offset="519" sl="189" sc="29" el="189" ec="73" bec="0" bev="0" fileid="108" />
                <SequencePoint vc="8" uspid="5286" ordinal="36" offset="528" sl="191" sc="29" el="191" ec="109" bec="2" bev="2" fileid="108" />
                <SequencePoint vc="3" uspid="5287" ordinal="37" offset="547" sl="192" sc="29" el="192" ec="30" bec="0" bev="0" fileid="108" />
                <SequencePoint vc="3" uspid="5288" ordinal="38" offset="548" sl="193" sc="33" el="193" ec="105" bec="0" bev="0" fileid="108" />
                <SequencePoint vc="3" uspid="5289" ordinal="39" offset="557" sl="194" sc="38" el="194" ec="108" bec="0" bev="0" fileid="108" />
                <SequencePoint vc="9" uspid="5290" ordinal="40" offset="571" sl="195" sc="33" el="195" ec="34" bec="0" bev="0" fileid="108" />
                <SequencePoint vc="9" uspid="5291" ordinal="41" offset="572" sl="196" sc="37" el="196" ec="99" bec="0" bev="0" fileid="108" />
                <SequencePoint vc="9" uspid="5292" ordinal="42" offset="582" sl="197" sc="37" el="197" ec="97" bec="0" bev="0" fileid="108" />
                <SequencePoint vc="9" uspid="5293" ordinal="43" offset="592" sl="198" sc="37" el="198" ec="109" bec="0" bev="0" fileid="108" />
                <SequencePoint vc="9" uspid="5294" ordinal="44" offset="607" sl="200" sc="37" el="218" ec="40" bec="0" bev="0" fileid="108" />
                <SequencePoint vc="9" uspid="5295" ordinal="45" offset="790" sl="219" sc="33" el="219" ec="34" bec="0" bev="0" fileid="108" />
                <SequencePoint vc="9" uspid="5296" ordinal="46" offset="791" sl="194" sc="154" el="194" ec="203" bec="0" bev="0" fileid="108" />
                <SequencePoint vc="12" uspid="5297" ordinal="47" offset="809" sl="194" sc="110" el="194" ec="152" bec="2" bev="2" fileid="108" />
                <SequencePoint vc="3" uspid="5298" ordinal="48" offset="831" sl="220" sc="29" el="220" ec="30" bec="0" bev="0" fileid="108" />
                <SequencePoint vc="5" uspid="5299" ordinal="49" offset="837" sl="222" sc="29" el="222" ec="30" bec="0" bev="0" fileid="108" />
                <SequencePoint vc="5" uspid="5300" ordinal="50" offset="838" sl="224" sc="33" el="224" ec="105" bec="0" bev="0" fileid="108" />
                <SequencePoint vc="4" uspid="5301" ordinal="51" offset="853" sl="226" sc="33" el="244" ec="36" bec="0" bev="0" fileid="108" />
                <SequencePoint vc="4" uspid="5302" ordinal="52" offset="1042" sl="245" sc="29" el="245" ec="30" bec="0" bev="0" fileid="108" />
                <SequencePoint vc="7" uspid="5303" ordinal="53" offset="1043" sl="246" sc="25" el="246" ec="26" bec="0" bev="0" fileid="108" />
                <SequencePoint vc="1" uspid="5304" ordinal="54" offset="1046" sl="247" sc="25" el="247" ec="44" bec="0" bev="0" fileid="108" />
                <SequencePoint vc="1" uspid="5305" ordinal="55" offset="1048" sl="248" sc="25" el="248" ec="26" bec="0" bev="0" fileid="108" />
                <SequencePoint vc="1" uspid="5306" ordinal="56" offset="1049" sl="249" sc="29" el="249" ec="51" bec="0" bev="0" fileid="108" />
                <SequencePoint vc="1" uspid="5307" ordinal="57" offset="1059" sl="250" sc="25" el="250" ec="26" bec="0" bev="0" fileid="108" />
                <SequencePoint vc="8" uspid="5308" ordinal="58" offset="1062" sl="251" sc="21" el="251" ec="22" bec="0" bev="0" fileid="108" />
                <SequencePoint vc="16" uspid="5309" ordinal="59" offset="1063" sl="183" sc="45" el="183" ec="47" bec="0" bev="0" fileid="108" />
                <SequencePoint vc="8" uspid="5310" ordinal="60" offset="1092" sl="253" sc="21" el="253" ec="46" bec="2" bev="2" fileid="108" />
                <SequencePoint vc="1" uspid="5311" ordinal="61" offset="1108" sl="254" sc="21" el="254" ec="22" bec="0" bev="0" fileid="108" />
                <SequencePoint vc="1" uspid="5312" ordinal="62" offset="1109" sl="255" sc="25" el="255" ec="90" bec="0" bev="0" fileid="108" />
                <SequencePoint vc="1" uspid="5313" ordinal="63" offset="1135" sl="256" sc="25" el="256" ec="32" bec="0" bev="0" fileid="108" />
                <SequencePoint vc="1" uspid="5314" ordinal="64" offset="1136" sl="256" sc="51" el="256" ec="61" bec="0" bev="0" fileid="108" />
                <SequencePoint vc="1" uspid="5315" ordinal="65" offset="1147" sl="256" sc="34" el="256" ec="47" bec="0" bev="0" fileid="108" />
                <SequencePoint vc="1" uspid="5316" ordinal="66" offset="1156" sl="257" sc="25" el="257" ec="26" bec="0" bev="0" fileid="108" />
                <SequencePoint vc="1" uspid="5317" ordinal="67" offset="1157" sl="258" sc="29" el="258" ec="53" bec="0" bev="0" fileid="108" />
                <SequencePoint vc="1" uspid="5318" ordinal="68" offset="1170" sl="259" sc="25" el="259" ec="26" bec="0" bev="0" fileid="108" />
                <SequencePoint vc="2" uspid="5319" ordinal="69" offset="1171" sl="256" sc="48" el="256" ec="50" bec="0" bev="0" fileid="108" />
                <SequencePoint vc="1" uspid="5320" ordinal="70" offset="1195" sl="262" sc="25" el="263" ec="96" bec="0" bev="0" fileid="108" />
                <SequencePoint vc="7" uspid="5321" ordinal="71" offset="1206" sl="266" sc="21" el="266" ec="22" bec="0" bev="0" fileid="108" />
                <SequencePoint vc="7" uspid="5322" ordinal="72" offset="1207" sl="267" sc="25" el="267" ec="74" bec="0" bev="0" fileid="108" />
                <SequencePoint vc="7" uspid="5323" ordinal="73" offset="1221" sl="268" sc="21" el="268" ec="22" bec="0" bev="0" fileid="108" />
                <SequencePoint vc="7" uspid="5324" ordinal="74" offset="1222" sl="269" sc="17" el="269" ec="18" bec="0" bev="0" fileid="108" />
                <SequencePoint vc="5" uspid="5325" ordinal="75" offset="1225" sl="270" sc="17" el="270" ec="36" bec="0" bev="0" fileid="108" />
                <SequencePoint vc="5" uspid="5326" ordinal="76" offset="1227" sl="271" sc="17" el="271" ec="18" bec="0" bev="0" fileid="108" />
                <SequencePoint vc="5" uspid="5327" ordinal="77" offset="1228" sl="272" sc="21" el="272" ec="37" bec="0" bev="0" fileid="108" />
                <SequencePoint vc="5" uspid="5328" ordinal="78" offset="1241" sl="273" sc="21" el="273" ec="27" bec="0" bev="0" fileid="108" />
                <SequencePoint vc="7" uspid="5329" ordinal="79" offset="1243" sl="275" sc="13" el="275" ec="14" bec="0" bev="0" fileid="108" />
                <SequencePoint vc="8" uspid="5330" ordinal="80" offset="1244" sl="276" sc="9" el="276" ec="10" bec="0" bev="0" fileid="108" />
              </SequencePoints>
              <BranchPoints>
                <BranchPoint vc="12" uspid="5331" ordinal="0" offset="23" sl="123" path="0" offsetend="28" fileid="108" />
                <BranchPoint vc="1" uspid="5332" ordinal="1" offset="23" sl="123" path="1" offsetend="1244" fileid="108" />
                <BranchPoint vc="1" uspid="5333" ordinal="2" offset="38" sl="128" path="0" offsetend="40" fileid="108" />
                <BranchPoint vc="11" uspid="5334" ordinal="3" offset="38" sl="128" path="1" offsetend="68" fileid="108" />
                <BranchPoint vc="4" uspid="5335" ordinal="4" offset="91" sl="136" path="0" offsetend="93" fileid="108" />
                <BranchPoint vc="5" uspid="5336" ordinal="5" offset="91" sl="136" path="1" offsetend="135" fileid="108" />
                <BranchPoint vc="0" uspid="5339" ordinal="8" offset="172" sl="144" path="0" offsetend="174" fileid="108" />
                <BranchPoint vc="9" uspid="5340" ordinal="9" offset="172" sl="144" path="1" offsetend="186" fileid="108" />
                <BranchPoint vc="1" uspid="5345" ordinal="14" offset="243" sl="151" path="0" offsetend="245" fileid="108" />
                <BranchPoint vc="8" uspid="5346" ordinal="15" offset="243" sl="151" path="1" offsetend="257" fileid="108" />
                <BranchPoint vc="6" uspid="5347" ordinal="16" offset="258" sl="156" path="0" offsetend="260" fileid="108" />
                <BranchPoint vc="2" uspid="5348" ordinal="17" offset="258" sl="156" path="1" offsetend="263" fileid="108" />
                <BranchPoint vc="3" uspid="5349" ordinal="18" offset="542" sl="191" path="0" offsetend="547" fileid="108" />
                <BranchPoint vc="5" uspid="5350" ordinal="19" offset="542" sl="191" path="1" offsetend="837" fileid="108" />
                <BranchPoint vc="3" uspid="5351" ordinal="20" offset="826" sl="194" path="0" offsetend="831" fileid="108" />
                <BranchPoint vc="9" uspid="5352" ordinal="21" offset="826" sl="194" path="1" offsetend="571" fileid="108" />
                <BranchPoint vc="1" uspid="5355" ordinal="24" offset="1106" sl="253" path="0" offsetend="1108" fileid="108" />
                <BranchPoint vc="7" uspid="5356" ordinal="25" offset="1106" sl="253" path="1" offsetend="1206" fileid="108" />
              </BranchPoints>
              <MethodPoint xsi:type="SequencePoint" vc="13" uspid="5250" ordinal="0" offset="0" sl="122" sc="9" el="122" ec="10" bec="0" bev="0" fileid="108" />
            </Method>
            <Method visited="true" cyclomaticComplexity="14" nPathComplexity="32" sequenceCoverage="100" branchCoverage="100" isConstructor="false" isStatic="false" isGetter="false" isSetter="false">
              <Summary numSequencePoints="25" visitedSequencePoints="25" numBranchPoints="11" visitedBranchPoints="11" sequenceCoverage="100" branchCoverage="100" maxCyclomaticComplexity="14" minCyclomaticComplexity="14" visitedClasses="0" numClasses="0" visitedMethods="1" numMethods="1" />
              <MetadataToken>100663913</MetadataToken>
              <Name>System.Void SportsWeb.Services.Services.Implementation.SchedulingApplication.MasterScheduleService::EditMasterSchedule(SportsWeb.Models.Models.EditMasterScheduleModel)</Name>
              <FileRef uid="108" />
              <SequencePoints>
                <SequencePoint vc="36" uspid="5359" ordinal="0" offset="0" sl="279" sc="9" el="279" ec="10" bec="0" bev="0" fileid="108" />
                <SequencePoint vc="36" uspid="5360" ordinal="1" offset="1" sl="280" sc="13" el="281" ec="77" bec="2" bev="2" fileid="108" />
                <SequencePoint vc="34" uspid="5361" ordinal="2" offset="28" sl="282" sc="13" el="282" ec="14" bec="0" bev="0" fileid="108" />
                <SequencePoint vc="34" uspid="5362" ordinal="3" offset="29" sl="283" sc="17" el="283" ec="35" bec="2" bev="2" fileid="108" />
                <SequencePoint vc="2" uspid="5363" ordinal="4" offset="37" sl="284" sc="17" el="284" ec="18" bec="0" bev="0" fileid="108" />
                <SequencePoint vc="2" uspid="5364" ordinal="5" offset="38" sl="285" sc="21" el="285" ec="111" bec="0" bev="0" fileid="108" />
                <SequencePoint vc="2" uspid="5365" ordinal="6" offset="54" sl="286" sc="21" el="286" ec="116" bec="0" bev="0" fileid="108" />
                <SequencePoint vc="32" uspid="5366" ordinal="7" offset="65" sl="288" sc="17" el="288" ec="54" bec="0" bev="0" fileid="108" />
                <SequencePoint vc="21" uspid="5367" ordinal="8" offset="73" sl="290" sc="24" el="290" ec="51" bec="0" bev="0" fileid="108" />
                <SequencePoint vc="21" uspid="5368" ordinal="9" offset="80" sl="291" sc="17" el="291" ec="18" bec="0" bev="0" fileid="108" />
                <SequencePoint vc="21" uspid="5369" ordinal="10" offset="81" sl="292" sc="21" el="292" ec="77" bec="0" bev="0" fileid="108" />
                <SequencePoint vc="21" uspid="5370" ordinal="11" offset="88" sl="294" sc="21" el="294" ec="69" bec="0" bev="0" fileid="108" />
                <SequencePoint vc="21" uspid="5371" ordinal="12" offset="102" sl="299" sc="21" el="303" ec="125" bec="4" bev="4" fileid="108" />
                <SequencePoint vc="2" uspid="5372" ordinal="13" offset="209" sl="305" sc="21" el="305" ec="22" bec="0" bev="0" fileid="108" />
                <SequencePoint vc="2" uspid="5373" ordinal="14" offset="210" sl="307" sc="25" el="307" ec="120" bec="0" bev="0" fileid="108" />
                <SequencePoint vc="2" uspid="5374" ordinal="15" offset="248" sl="308" sc="25" el="308" ec="50" bec="0" bev="0" fileid="108" />
                <SequencePoint vc="2" uspid="5375" ordinal="16" offset="256" sl="309" sc="25" el="309" ec="32" bec="0" bev="0" fileid="108" />
                <SequencePoint vc="19" uspid="5376" ordinal="17" offset="258" sl="311" sc="17" el="311" ec="18" bec="0" bev="0" fileid="108" />
                <SequencePoint vc="19" uspid="5377" ordinal="18" offset="272" sl="313" sc="17" el="313" ec="79" bec="2" bev="2" fileid="108" />
                <SequencePoint vc="9" uspid="5378" ordinal="19" offset="287" sl="314" sc="17" el="314" ec="18" bec="0" bev="0" fileid="108" />
                <SequencePoint vc="9" uspid="5379" ordinal="20" offset="288" sl="315" sc="21" el="315" ec="55" bec="0" bev="0" fileid="108" />
                <SequencePoint vc="7" uspid="5380" ordinal="21" offset="296" sl="316" sc="21" el="316" ec="28" bec="0" bev="0" fileid="108" />
                <SequencePoint vc="10" uspid="5381" ordinal="22" offset="298" sl="318" sc="17" el="318" ec="48" bec="0" bev="0" fileid="108" />
                <SequencePoint vc="8" uspid="5382" ordinal="23" offset="306" sl="319" sc="13" el="319" ec="14" bec="0" bev="0" fileid="108" />
                <SequencePoint vc="19" uspid="5383" ordinal="24" offset="307" sl="320" sc="9" el="320" ec="10" bec="0" bev="0" fileid="108" />
              </SequencePoints>
              <BranchPoints>
                <BranchPoint vc="34" uspid="5384" ordinal="0" offset="23" sl="280" path="0" offsetend="28" fileid="108" />
                <BranchPoint vc="2" uspid="5385" ordinal="1" offset="23" sl="280" path="1" offsetend="307" fileid="108" />
                <BranchPoint vc="2" uspid="5386" ordinal="2" offset="35" sl="283" path="0" offsetend="37" fileid="108" />
                <BranchPoint vc="32" uspid="5387" ordinal="3" offset="35" sl="283" path="1" offsetend="65" fileid="108" />
                <BranchPoint vc="2" uspid="5398" ordinal="14" offset="182" sl="299" path="0" offsetend="184" fileid="108" />
                <BranchPoint vc="1" uspid="5399" ordinal="15" offset="182" sl="299" path="1" offsetend="187" fileid="108" />
                <BranchPoint vc="2" uspid="5400" ordinal="16" offset="207" sl="299" path="0" offsetend="209" fileid="108" />
                <BranchPoint vc="19" uspid="5401" ordinal="17" offset="207" sl="299" path="1" offsetend="258" fileid="108" />
                <BranchPoint vc="9" uspid="5402" ordinal="18" offset="285" sl="313" path="0" offsetend="287" fileid="108" />
                <BranchPoint vc="10" uspid="5403" ordinal="19" offset="285" sl="313" path="1" offsetend="298" fileid="108" />
              </BranchPoints>
              <MethodPoint xsi:type="SequencePoint" vc="36" uspid="5359" ordinal="0" offset="0" sl="279" sc="9" el="279" ec="10" bec="0" bev="0" fileid="108" />
            </Method>
            <Method visited="true" cyclomaticComplexity="18" nPathComplexity="128" sequenceCoverage="84.52" branchCoverage="93.33" isConstructor="false" isStatic="false" isGetter="false" isSetter="false">
              <Summary numSequencePoints="84" visitedSequencePoints="71" numBranchPoints="15" visitedBranchPoints="14" sequenceCoverage="84.52" branchCoverage="93.33" maxCyclomaticComplexity="18" minCyclomaticComplexity="18" visitedClasses="0" numClasses="0" visitedMethods="1" numMethods="1" />
              <MetadataToken>100663914</MetadataToken>
              <Name>System.Void SportsWeb.Services.Services.Implementation.SchedulingApplication.MasterScheduleService::EditMasterScheduleModel(SportsWeb.Models.Models.EditMasterScheduleModel)</Name>
              <FileRef uid="108" />
              <SequencePoints>
                <SequencePoint vc="10" uspid="5404" ordinal="0" offset="13" sl="323" sc="9" el="323" ec="10" bec="0" bev="0" fileid="108" />
                <SequencePoint vc="10" uspid="5405" ordinal="1" offset="14" sl="325" sc="13" el="325" ec="14" bec="0" bev="0" fileid="108" />
                <SequencePoint vc="10" uspid="5406" ordinal="2" offset="15" sl="326" sc="24" el="326" ec="51" bec="0" bev="0" fileid="108" />
                <SequencePoint vc="10" uspid="5407" ordinal="3" offset="22" sl="327" sc="17" el="327" ec="18" bec="0" bev="0" fileid="108" />
                <SequencePoint vc="10" uspid="5408" ordinal="4" offset="23" sl="328" sc="21" el="328" ec="77" bec="0" bev="0" fileid="108" />
                <SequencePoint vc="10" uspid="5409" ordinal="5" offset="30" sl="330" sc="21" el="333" ec="108" bec="0" bev="0" fileid="108" />
                <SequencePoint vc="10" uspid="5410" ordinal="6" offset="440" sl="336" sc="21" el="336" ec="76" bec="0" bev="0" fileid="108" />
                <SequencePoint vc="10" uspid="5411" ordinal="7" offset="464" sl="337" sc="21" el="337" ec="78" bec="0" bev="0" fileid="108" />
                <SequencePoint vc="10" uspid="5412" ordinal="8" offset="471" sl="338" sc="21" el="338" ec="155" bec="0" bev="0" fileid="108" />
                <SequencePoint vc="10" uspid="5413" ordinal="9" offset="511" sl="339" sc="21" el="339" ec="110" bec="2" bev="2" fileid="108" />
                <SequencePoint vc="2" uspid="5414" ordinal="10" offset="538" sl="340" sc="21" el="340" ec="22" bec="0" bev="0" fileid="108" />
                <SequencePoint vc="2" uspid="5415" ordinal="11" offset="539" sl="341" sc="25" el="341" ec="115" bec="0" bev="0" fileid="108" />
                <SequencePoint vc="8" uspid="5416" ordinal="12" offset="550" sl="344" sc="21" el="344" ec="62" bec="2" bev="2" fileid="108" />
                <SequencePoint vc="8" uspid="5417" ordinal="13" offset="566" sl="345" sc="21" el="345" ec="53" bec="0" bev="0" fileid="108" />
                <SequencePoint vc="8" uspid="5418" ordinal="14" offset="579" sl="346" sc="21" el="346" ec="71" bec="0" bev="0" fileid="108" />
                <SequencePoint vc="8" uspid="5419" ordinal="15" offset="586" sl="347" sc="21" el="347" ec="114" bec="0" bev="0" fileid="108" />
                <SequencePoint vc="8" uspid="5420" ordinal="16" offset="593" sl="348" sc="21" el="349" ec="70" bec="0" bev="0" fileid="108" />
                <SequencePoint vc="8" uspid="5421" ordinal="17" offset="600" sl="350" sc="21" el="351" ec="70" bec="0" bev="0" fileid="108" />
                <SequencePoint vc="8" uspid="5422" ordinal="18" offset="607" sl="353" sc="21" el="353" ec="28" bec="0" bev="0" fileid="108" />
                <SequencePoint vc="8" uspid="5423" ordinal="19" offset="608" sl="353" sc="48" el="353" ec="59" bec="0" bev="0" fileid="108" />
                <SequencePoint vc="12" uspid="5424" ordinal="20" offset="629" sl="353" sc="30" el="353" ec="44" bec="0" bev="0" fileid="108" />
                <SequencePoint vc="12" uspid="5425" ordinal="21" offset="643" sl="354" sc="21" el="354" ec="22" bec="0" bev="0" fileid="108" />
                <SequencePoint vc="12" uspid="5426" ordinal="22" offset="644" sl="356" sc="25" el="356" ec="26" bec="0" bev="0" fileid="108" />
                <SequencePoint vc="12" uspid="5427" ordinal="23" offset="645" sl="358" sc="29" el="360" ec="95" bec="0" bev="0" fileid="108" />
                <SequencePoint vc="12" uspid="5428" ordinal="24" offset="800" sl="361" sc="29" el="361" ec="113" bec="0" bev="0" fileid="108" />
                <SequencePoint vc="12" uspid="5429" ordinal="25" offset="904" sl="362" sc="29" el="362" ec="60" bec="2" bev="2" fileid="108" />
                <SequencePoint vc="4" uspid="5430" ordinal="26" offset="918" sl="363" sc="29" el="363" ec="30" bec="0" bev="0" fileid="108" />
                <SequencePoint vc="4" uspid="5431" ordinal="27" offset="919" sl="365" sc="33" el="365" ec="93" bec="0" bev="0" fileid="108" />
                <SequencePoint vc="4" uspid="5432" ordinal="28" offset="948" sl="366" sc="33" el="366" ec="59" bec="0" bev="0" fileid="108" />
                <SequencePoint vc="4" uspid="5433" ordinal="29" offset="962" sl="367" sc="33" el="367" ec="87" bec="0" bev="0" fileid="108" />
                <SequencePoint vc="4" uspid="5434" ordinal="30" offset="981" sl="368" sc="33" el="385" ec="36" bec="0" bev="0" fileid="108" />
                <SequencePoint vc="4" uspid="5435" ordinal="31" offset="1193" sl="386" sc="29" el="386" ec="30" bec="0" bev="0" fileid="108" />
                <SequencePoint vc="8" uspid="5436" ordinal="32" offset="1199" sl="388" sc="29" el="388" ec="30" bec="0" bev="0" fileid="108" />
                <SequencePoint vc="8" uspid="5437" ordinal="33" offset="1200" sl="391" sc="33" el="391" ec="94" bec="0" bev="0" fileid="108" />
                <SequencePoint vc="8" uspid="5438" ordinal="34" offset="1219" sl="392" sc="33" el="392" ec="82" bec="0" bev="0" fileid="108" />
                <SequencePoint vc="8" uspid="5439" ordinal="35" offset="1238" sl="393" sc="33" el="393" ec="59" bec="0" bev="0" fileid="108" />
                <SequencePoint vc="8" uspid="5440" ordinal="36" offset="1252" sl="394" sc="33" el="394" ec="68" bec="0" bev="0" fileid="108" />
                <SequencePoint vc="8" uspid="5441" ordinal="37" offset="1270" sl="395" sc="33" el="411" ec="36" bec="0" bev="0" fileid="108" />
                <SequencePoint vc="8" uspid="5442" ordinal="38" offset="1480" sl="412" sc="29" el="412" ec="30" bec="0" bev="0" fileid="108" />
                <SequencePoint vc="12" uspid="5443" ordinal="39" offset="1481" sl="413" sc="25" el="413" ec="26" bec="0" bev="0" fileid="108" />
                <SequencePoint vc="0" uspid="5444" ordinal="40" offset="1484" sl="414" sc="25" el="414" ec="44" bec="0" bev="0" fileid="108" />
                <SequencePoint vc="0" uspid="5445" ordinal="41" offset="1486" sl="415" sc="25" el="415" ec="26" bec="0" bev="0" fileid="108" />
                <SequencePoint vc="0" uspid="5446" ordinal="42" offset="1487" sl="416" sc="29" el="416" ec="51" bec="0" bev="0" fileid="108" />
                <SequencePoint vc="0" uspid="5447" ordinal="43" offset="1497" sl="417" sc="25" el="417" ec="26" bec="0" bev="0" fileid="108" />
                <SequencePoint vc="12" uspid="5448" ordinal="44" offset="1500" sl="418" sc="21" el="418" ec="22" bec="0" bev="0" fileid="108" />
                <SequencePoint vc="20" uspid="5449" ordinal="45" offset="1501" sl="353" sc="45" el="353" ec="47" bec="0" bev="0" fileid="108" />
                <SequencePoint vc="8" uspid="5450" ordinal="46" offset="1530" sl="420" sc="21" el="420" ec="22" bec="0" bev="0" fileid="108" />
                <SequencePoint vc="8" uspid="5451" ordinal="47" offset="1531" sl="422" sc="21" el="422" ec="46" bec="2" bev="1" fileid="108" />
                <SequencePoint vc="0" uspid="5452" ordinal="48" offset="1547" sl="423" sc="21" el="423" ec="22" bec="0" bev="0" fileid="108" />
                <SequencePoint vc="0" uspid="5453" ordinal="49" offset="1548" sl="425" sc="25" el="425" ec="32" bec="0" bev="0" fileid="108" />
                <SequencePoint vc="0" uspid="5454" ordinal="50" offset="1549" sl="425" sc="51" el="425" ec="61" bec="0" bev="0" fileid="108" />
                <SequencePoint vc="0" uspid="5455" ordinal="51" offset="1560" sl="425" sc="34" el="425" ec="47" bec="0" bev="0" fileid="108" />
                <SequencePoint vc="0" uspid="5456" ordinal="52" offset="1569" sl="426" sc="25" el="426" ec="26" bec="0" bev="0" fileid="108" />
                <SequencePoint vc="0" uspid="5457" ordinal="53" offset="1570" sl="427" sc="29" el="427" ec="53" bec="0" bev="0" fileid="108" />
                <SequencePoint vc="0" uspid="5458" ordinal="54" offset="1583" sl="428" sc="25" el="428" ec="26" bec="0" bev="0" fileid="108" />
                <SequencePoint vc="0" uspid="5459" ordinal="55" offset="1584" sl="425" sc="48" el="425" ec="50" bec="0" bev="0" fileid="108" />
                <SequencePoint vc="0" uspid="5460" ordinal="56" offset="1608" sl="429" sc="25" el="430" ec="81" bec="0" bev="0" fileid="108" />
                <SequencePoint vc="8" uspid="5461" ordinal="57" offset="1619" sl="434" sc="21" el="434" ec="28" bec="0" bev="0" fileid="108" />
                <SequencePoint vc="8" uspid="5462" ordinal="58" offset="1620" sl="434" sc="46" el="434" ec="55" bec="0" bev="0" fileid="108" />
                <SequencePoint vc="20" uspid="5463" ordinal="59" offset="1637" sl="434" sc="30" el="434" ec="42" bec="0" bev="0" fileid="108" />
                <SequencePoint vc="20" uspid="5464" ordinal="60" offset="1651" sl="435" sc="21" el="435" ec="22" bec="0" bev="0" fileid="108" />
                <SequencePoint vc="20" uspid="5465" ordinal="61" offset="1652" sl="436" sc="25" el="437" ec="110" bec="2" bev="2" fileid="108" />
                <SequencePoint vc="4" uspid="5466" ordinal="62" offset="1698" sl="438" sc="25" el="438" ec="26" bec="0" bev="0" fileid="108" />
                <SequencePoint vc="4" uspid="5467" ordinal="63" offset="1699" sl="439" sc="29" el="442" ec="32" bec="0" bev="0" fileid="108" />
                <SequencePoint vc="4" uspid="5468" ordinal="64" offset="1731" sl="443" sc="25" el="443" ec="26" bec="0" bev="0" fileid="108" />
                <SequencePoint vc="20" uspid="5469" ordinal="65" offset="1732" sl="444" sc="21" el="444" ec="22" bec="0" bev="0" fileid="108" />
                <SequencePoint vc="28" uspid="5470" ordinal="66" offset="1733" sl="434" sc="43" el="434" ec="45" bec="0" bev="0" fileid="108" />
                <SequencePoint vc="8" uspid="5471" ordinal="67" offset="1757" sl="446" sc="21" el="462" ec="24" bec="0" bev="0" fileid="108" />
                <SequencePoint vc="8" uspid="5472" ordinal="68" offset="1951" sl="465" sc="21" el="465" ec="79" bec="0" bev="0" fileid="108" />
                <SequencePoint vc="8" uspid="5473" ordinal="69" offset="1965" sl="467" sc="21" el="467" ec="48" bec="2" bev="2" fileid="108" />
                <SequencePoint vc="4" uspid="5474" ordinal="70" offset="1981" sl="468" sc="21" el="468" ec="22" bec="0" bev="0" fileid="108" />
                <SequencePoint vc="4" uspid="5475" ordinal="71" offset="1982" sl="469" sc="25" el="469" ec="77" bec="0" bev="0" fileid="108" />
                <SequencePoint vc="4" uspid="5476" ordinal="72" offset="1996" sl="470" sc="21" el="470" ec="22" bec="0" bev="0" fileid="108" />
                <SequencePoint vc="8" uspid="5477" ordinal="73" offset="1997" sl="472" sc="21" el="472" ec="51" bec="2" bev="2" fileid="108" />
                <SequencePoint vc="4" uspid="5478" ordinal="74" offset="2013" sl="473" sc="21" el="473" ec="22" bec="0" bev="0" fileid="108" />
                <SequencePoint vc="4" uspid="5479" ordinal="75" offset="2014" sl="474" sc="25" el="474" ec="83" bec="0" bev="0" fileid="108" />
                <SequencePoint vc="4" uspid="5480" ordinal="76" offset="2028" sl="475" sc="21" el="475" ec="22" bec="0" bev="0" fileid="108" />
                <SequencePoint vc="8" uspid="5481" ordinal="77" offset="2029" sl="476" sc="17" el="476" ec="18" bec="0" bev="0" fileid="108" />
                <SequencePoint vc="8" uspid="5482" ordinal="78" offset="2043" sl="477" sc="13" el="477" ec="14" bec="0" bev="0" fileid="108" />
                <SequencePoint vc="2" uspid="5483" ordinal="79" offset="2046" sl="478" sc="13" el="478" ec="32" bec="0" bev="0" fileid="108" />
                <SequencePoint vc="2" uspid="5484" ordinal="80" offset="2048" sl="479" sc="13" el="479" ec="14" bec="0" bev="0" fileid="108" />
                <SequencePoint vc="2" uspid="5485" ordinal="81" offset="2049" sl="480" sc="17" el="480" ec="33" bec="0" bev="0" fileid="108" />
                <SequencePoint vc="2" uspid="5486" ordinal="82" offset="2062" sl="481" sc="17" el="481" ec="23" bec="0" bev="0" fileid="108" />
                <SequencePoint vc="8" uspid="5487" ordinal="83" offset="2064" sl="483" sc="9" el="483" ec="10" bec="0" bev="0" fileid="108" />
              </SequencePoints>
              <BranchPoints>
                <BranchPoint vc="2" uspid="5492" ordinal="4" offset="536" sl="339" path="0" offsetend="538" fileid="108" />
                <BranchPoint vc="8" uspid="5493" ordinal="5" offset="536" sl="339" path="1" offsetend="550" fileid="108" />
                <BranchPoint vc="4" uspid="5494" ordinal="6" offset="552" sl="344" path="0" offsetend="554" fileid="108" />
                <BranchPoint vc="4" uspid="5495" ordinal="7" offset="552" sl="344" path="1" offsetend="557" fileid="108" />
                <BranchPoint vc="4" uspid="5496" ordinal="8" offset="913" sl="362" path="0" offsetend="918" fileid="108" />
                <BranchPoint vc="8" uspid="5497" ordinal="9" offset="913" sl="362" path="1" offsetend="1199" fileid="108" />
                <BranchPoint vc="0" uspid="5500" ordinal="12" offset="1545" sl="422" path="0" offsetend="1547" fileid="108" />
                <BranchPoint vc="8" uspid="5501" ordinal="13" offset="1545" sl="422" path="1" offsetend="1619" fileid="108" />
                <BranchPoint vc="4" uspid="5506" ordinal="18" offset="1696" sl="436" path="0" offsetend="1698" fileid="108" />
                <BranchPoint vc="16" uspid="5507" ordinal="19" offset="1696" sl="436" path="1" offsetend="1732" fileid="108" />
                <BranchPoint vc="4" uspid="5510" ordinal="22" offset="1979" sl="467" path="0" offsetend="1981" fileid="108" />
                <BranchPoint vc="4" uspid="5511" ordinal="23" offset="1979" sl="467" path="1" offsetend="1997" fileid="108" />
                <BranchPoint vc="4" uspid="5512" ordinal="24" offset="2011" sl="472" path="0" offsetend="2013" fileid="108" />
                <BranchPoint vc="4" uspid="5513" ordinal="25" offset="2011" sl="472" path="1" offsetend="2029" fileid="108" />
              </BranchPoints>
              <MethodPoint vc="10" uspid="5514" ordinal="0" offset="0" />
            </Method>
            <Method visited="true" cyclomaticComplexity="19" nPathComplexity="128" sequenceCoverage="97.80" branchCoverage="93.33" isConstructor="false" isStatic="false" isGetter="false" isSetter="false">
              <Summary numSequencePoints="91" visitedSequencePoints="89" numBranchPoints="15" visitedBranchPoints="14" sequenceCoverage="97.80" branchCoverage="93.33" maxCyclomaticComplexity="19" minCyclomaticComplexity="19" visitedClasses="0" numClasses="0" visitedMethods="1" numMethods="1" />
              <MetadataToken>100663915</MetadataToken>
              <Name>System.Void SportsWeb.Services.Services.Implementation.SchedulingApplication.MasterScheduleService::EditBiweeklyMasterScheduleModel(SportsWeb.Models.Models.EditMasterScheduleModel)</Name>
              <FileRef uid="108" />
              <SequencePoints>
                <SequencePoint vc="7" uspid="5515" ordinal="0" offset="13" sl="486" sc="9" el="486" ec="10" bec="0" bev="0" fileid="108" />
                <SequencePoint vc="7" uspid="5516" ordinal="1" offset="14" sl="488" sc="13" el="488" ec="14" bec="0" bev="0" fileid="108" />
                <SequencePoint vc="7" uspid="5517" ordinal="2" offset="15" sl="489" sc="24" el="489" ec="51" bec="0" bev="0" fileid="108" />
                <SequencePoint vc="7" uspid="5518" ordinal="3" offset="22" sl="490" sc="17" el="490" ec="18" bec="0" bev="0" fileid="108" />
                <SequencePoint vc="7" uspid="5519" ordinal="4" offset="23" sl="491" sc="21" el="491" ec="77" bec="0" bev="0" fileid="108" />
                <SequencePoint vc="7" uspid="5520" ordinal="5" offset="30" sl="493" sc="21" el="496" ec="108" bec="0" bev="0" fileid="108" />
                <SequencePoint vc="7" uspid="5521" ordinal="6" offset="440" sl="499" sc="21" el="499" ec="76" bec="0" bev="0" fileid="108" />
                <SequencePoint vc="7" uspid="5522" ordinal="7" offset="464" sl="500" sc="21" el="500" ec="78" bec="0" bev="0" fileid="108" />
                <SequencePoint vc="7" uspid="5523" ordinal="8" offset="471" sl="501" sc="21" el="501" ec="155" bec="0" bev="0" fileid="108" />
                <SequencePoint vc="7" uspid="5524" ordinal="9" offset="511" sl="503" sc="21" el="503" ec="110" bec="2" bev="1" fileid="108" />
                <SequencePoint vc="0" uspid="5525" ordinal="10" offset="538" sl="504" sc="21" el="504" ec="22" bec="0" bev="0" fileid="108" />
                <SequencePoint vc="0" uspid="5526" ordinal="11" offset="539" sl="505" sc="25" el="505" ec="115" bec="0" bev="0" fileid="108" />
                <SequencePoint vc="7" uspid="5527" ordinal="12" offset="550" sl="508" sc="21" el="508" ec="62" bec="2" bev="2" fileid="108" />
                <SequencePoint vc="7" uspid="5528" ordinal="13" offset="566" sl="509" sc="21" el="509" ec="53" bec="0" bev="0" fileid="108" />
                <SequencePoint vc="7" uspid="5529" ordinal="14" offset="579" sl="510" sc="21" el="510" ec="71" bec="0" bev="0" fileid="108" />
                <SequencePoint vc="7" uspid="5530" ordinal="15" offset="586" sl="511" sc="21" el="511" ec="114" bec="0" bev="0" fileid="108" />
                <SequencePoint vc="7" uspid="5531" ordinal="16" offset="593" sl="512" sc="21" el="513" ec="70" bec="0" bev="0" fileid="108" />
                <SequencePoint vc="7" uspid="5532" ordinal="17" offset="600" sl="514" sc="21" el="515" ec="70" bec="0" bev="0" fileid="108" />
                <SequencePoint vc="7" uspid="5533" ordinal="18" offset="607" sl="517" sc="21" el="517" ec="28" bec="0" bev="0" fileid="108" />
                <SequencePoint vc="7" uspid="5534" ordinal="19" offset="608" sl="517" sc="48" el="517" ec="59" bec="0" bev="0" fileid="108" />
                <SequencePoint vc="8" uspid="5535" ordinal="20" offset="629" sl="517" sc="30" el="517" ec="44" bec="0" bev="0" fileid="108" />
                <SequencePoint vc="8" uspid="5536" ordinal="21" offset="643" sl="518" sc="21" el="518" ec="22" bec="0" bev="0" fileid="108" />
                <SequencePoint vc="8" uspid="5537" ordinal="22" offset="644" sl="520" sc="25" el="520" ec="26" bec="0" bev="0" fileid="108" />
                <SequencePoint vc="8" uspid="5538" ordinal="23" offset="645" sl="522" sc="29" el="538" ec="32" bec="0" bev="0" fileid="108" />
                <SequencePoint vc="8" uspid="5539" ordinal="24" offset="829" sl="539" sc="29" el="539" ec="83" bec="0" bev="0" fileid="108" />
                <SequencePoint vc="8" uspid="5540" ordinal="25" offset="842" sl="540" sc="29" el="542" ec="95" bec="0" bev="0" fileid="108" />
                <SequencePoint vc="8" uspid="5541" ordinal="26" offset="997" sl="543" sc="29" el="543" ec="113" bec="0" bev="0" fileid="108" />
                <SequencePoint vc="8" uspid="5542" ordinal="27" offset="1101" sl="544" sc="29" el="544" ec="59" bec="2" bev="2" fileid="108" />
                <SequencePoint vc="2" uspid="5543" ordinal="28" offset="1120" sl="545" sc="29" el="545" ec="30" bec="0" bev="0" fileid="108" />
                <SequencePoint vc="2" uspid="5544" ordinal="29" offset="1121" sl="547" sc="33" el="547" ec="93" bec="0" bev="0" fileid="108" />
                <SequencePoint vc="2" uspid="5545" ordinal="30" offset="1150" sl="548" sc="33" el="548" ec="59" bec="0" bev="0" fileid="108" />
                <SequencePoint vc="2" uspid="5546" ordinal="31" offset="1164" sl="549" sc="33" el="549" ec="87" bec="0" bev="0" fileid="108" />
                <SequencePoint vc="2" uspid="5547" ordinal="32" offset="1183" sl="550" sc="33" el="567" ec="36" bec="0" bev="0" fileid="108" />
                <SequencePoint vc="2" uspid="5548" ordinal="33" offset="1395" sl="568" sc="29" el="568" ec="30" bec="0" bev="0" fileid="108" />
                <SequencePoint vc="6" uspid="5549" ordinal="34" offset="1401" sl="570" sc="29" el="570" ec="30" bec="0" bev="0" fileid="108" />
                <SequencePoint vc="6" uspid="5550" ordinal="35" offset="1402" sl="572" sc="33" el="572" ec="40" bec="0" bev="0" fileid="108" />
                <SequencePoint vc="6" uspid="5551" ordinal="36" offset="1403" sl="572" sc="58" el="572" ec="85" bec="0" bev="0" fileid="108" />
                <SequencePoint vc="10" uspid="5552" ordinal="37" offset="1422" sl="572" sc="42" el="572" ec="54" bec="0" bev="0" fileid="108" />
                <SequencePoint vc="10" uspid="5553" ordinal="38" offset="1431" sl="573" sc="33" el="573" ec="34" bec="0" bev="0" fileid="108" />
                <SequencePoint vc="10" uspid="5554" ordinal="39" offset="1432" sl="574" sc="37" el="574" ec="88" bec="0" bev="0" fileid="108" />
                <SequencePoint vc="10" uspid="5555" ordinal="40" offset="1451" sl="575" sc="37" el="575" ec="76" bec="0" bev="0" fileid="108" />
                <SequencePoint vc="10" uspid="5556" ordinal="41" offset="1470" sl="576" sc="37" el="576" ec="63" bec="0" bev="0" fileid="108" />
                <SequencePoint vc="10" uspid="5557" ordinal="42" offset="1484" sl="577" sc="37" el="577" ec="72" bec="0" bev="0" fileid="108" />
                <SequencePoint vc="8" uspid="5558" ordinal="43" offset="1502" sl="578" sc="37" el="594" ec="40" bec="0" bev="0" fileid="108" />
                <SequencePoint vc="8" uspid="5559" ordinal="44" offset="1712" sl="595" sc="33" el="595" ec="34" bec="0" bev="0" fileid="108" />
                <SequencePoint vc="14" uspid="5560" ordinal="45" offset="1713" sl="572" sc="55" el="572" ec="57" bec="0" bev="0" fileid="108" />
                <SequencePoint vc="4" uspid="5561" ordinal="46" offset="1742" sl="596" sc="29" el="596" ec="30" bec="0" bev="0" fileid="108" />
                <SequencePoint vc="6" uspid="5562" ordinal="47" offset="1743" sl="597" sc="25" el="597" ec="26" bec="0" bev="0" fileid="108" />
                <SequencePoint vc="2" uspid="5563" ordinal="48" offset="1746" sl="598" sc="25" el="598" ec="44" bec="0" bev="0" fileid="108" />
                <SequencePoint vc="2" uspid="5564" ordinal="49" offset="1748" sl="599" sc="25" el="599" ec="26" bec="0" bev="0" fileid="108" />
                <SequencePoint vc="2" uspid="5565" ordinal="50" offset="1749" sl="600" sc="29" el="600" ec="51" bec="0" bev="0" fileid="108" />
                <SequencePoint vc="2" uspid="5566" ordinal="51" offset="1759" sl="601" sc="25" el="601" ec="26" bec="0" bev="0" fileid="108" />
                <SequencePoint vc="8" uspid="5567" ordinal="52" offset="1762" sl="602" sc="21" el="602" ec="22" bec="0" bev="0" fileid="108" />
                <SequencePoint vc="15" uspid="5568" ordinal="53" offset="1763" sl="517" sc="45" el="517" ec="47" bec="0" bev="0" fileid="108" />
                <SequencePoint vc="7" uspid="5569" ordinal="54" offset="1792" sl="604" sc="21" el="604" ec="22" bec="0" bev="0" fileid="108" />
                <SequencePoint vc="7" uspid="5570" ordinal="55" offset="1793" sl="606" sc="21" el="606" ec="46" bec="2" bev="2" fileid="108" />
                <SequencePoint vc="2" uspid="5571" ordinal="56" offset="1809" sl="607" sc="21" el="607" ec="22" bec="0" bev="0" fileid="108" />
                <SequencePoint vc="2" uspid="5572" ordinal="57" offset="1810" sl="608" sc="25" el="608" ec="32" bec="0" bev="0" fileid="108" />
                <SequencePoint vc="2" uspid="5573" ordinal="58" offset="1811" sl="608" sc="51" el="608" ec="61" bec="0" bev="0" fileid="108" />
                <SequencePoint vc="2" uspid="5574" ordinal="59" offset="1822" sl="608" sc="34" el="608" ec="47" bec="0" bev="0" fileid="108" />
                <SequencePoint vc="2" uspid="5575" ordinal="60" offset="1831" sl="609" sc="25" el="609" ec="26" bec="0" bev="0" fileid="108" />
                <SequencePoint vc="2" uspid="5576" ordinal="61" offset="1832" sl="610" sc="29" el="610" ec="53" bec="0" bev="0" fileid="108" />
                <SequencePoint vc="2" uspid="5577" ordinal="62" offset="1845" sl="611" sc="25" el="611" ec="26" bec="0" bev="0" fileid="108" />
                <SequencePoint vc="4" uspid="5578" ordinal="63" offset="1846" sl="608" sc="48" el="608" ec="50" bec="0" bev="0" fileid="108" />
                <SequencePoint vc="2" uspid="5579" ordinal="64" offset="1870" sl="613" sc="25" el="614" ec="81" bec="0" bev="0" fileid="108" />
                <SequencePoint vc="5" uspid="5580" ordinal="65" offset="1881" sl="618" sc="21" el="618" ec="28" bec="0" bev="0" fileid="108" />
                <SequencePoint vc="5" uspid="5581" ordinal="66" offset="1882" sl="618" sc="46" el="618" ec="55" bec="0" bev="0" fileid="108" />
                <SequencePoint vc="15" uspid="5582" ordinal="67" offset="1899" sl="618" sc="30" el="618" ec="42" bec="0" bev="0" fileid="108" />
                <SequencePoint vc="15" uspid="5583" ordinal="68" offset="1913" sl="619" sc="21" el="619" ec="22" bec="0" bev="0" fileid="108" />
                <SequencePoint vc="15" uspid="5584" ordinal="69" offset="1914" sl="620" sc="25" el="621" ec="110" bec="2" bev="2" fileid="108" />
                <SequencePoint vc="2" uspid="5585" ordinal="70" offset="1960" sl="622" sc="25" el="622" ec="26" bec="0" bev="0" fileid="108" />
                <SequencePoint vc="2" uspid="5586" ordinal="71" offset="1961" sl="623" sc="29" el="626" ec="32" bec="0" bev="0" fileid="108" />
                <SequencePoint vc="2" uspid="5587" ordinal="72" offset="1993" sl="627" sc="25" el="627" ec="26" bec="0" bev="0" fileid="108" />
                <SequencePoint vc="15" uspid="5588" ordinal="73" offset="1994" sl="628" sc="21" el="628" ec="22" bec="0" bev="0" fileid="108" />
                <SequencePoint vc="20" uspid="5589" ordinal="74" offset="1995" sl="618" sc="43" el="618" ec="45" bec="0" bev="0" fileid="108" />
                <SequencePoint vc="5" uspid="5590" ordinal="75" offset="2019" sl="631" sc="21" el="631" ec="79" bec="0" bev="0" fileid="108" />
                <SequencePoint vc="5" uspid="5591" ordinal="76" offset="2033" sl="633" sc="21" el="633" ec="48" bec="2" bev="2" fileid="108" />
                <SequencePoint vc="2" uspid="5592" ordinal="77" offset="2049" sl="634" sc="21" el="634" ec="22" bec="0" bev="0" fileid="108" />
                <SequencePoint vc="2" uspid="5593" ordinal="78" offset="2050" sl="635" sc="25" el="635" ec="77" bec="0" bev="0" fileid="108" />
                <SequencePoint vc="2" uspid="5594" ordinal="79" offset="2064" sl="636" sc="21" el="636" ec="22" bec="0" bev="0" fileid="108" />
                <SequencePoint vc="5" uspid="5595" ordinal="80" offset="2065" sl="638" sc="21" el="638" ec="51" bec="2" bev="2" fileid="108" />
                <SequencePoint vc="1" uspid="5596" ordinal="81" offset="2081" sl="639" sc="21" el="639" ec="22" bec="0" bev="0" fileid="108" />
                <SequencePoint vc="1" uspid="5597" ordinal="82" offset="2082" sl="640" sc="25" el="640" ec="83" bec="0" bev="0" fileid="108" />
                <SequencePoint vc="1" uspid="5598" ordinal="83" offset="2096" sl="641" sc="21" el="641" ec="22" bec="0" bev="0" fileid="108" />
                <SequencePoint vc="5" uspid="5599" ordinal="84" offset="2097" sl="642" sc="17" el="642" ec="18" bec="0" bev="0" fileid="108" />
                <SequencePoint vc="5" uspid="5600" ordinal="85" offset="2111" sl="643" sc="13" el="643" ec="14" bec="0" bev="0" fileid="108" />
                <SequencePoint vc="2" uspid="5601" ordinal="86" offset="2114" sl="644" sc="13" el="644" ec="32" bec="0" bev="0" fileid="108" />
                <SequencePoint vc="2" uspid="5602" ordinal="87" offset="2116" sl="645" sc="13" el="645" ec="14" bec="0" bev="0" fileid="108" />
                <SequencePoint vc="2" uspid="5603" ordinal="88" offset="2117" sl="646" sc="17" el="646" ec="33" bec="0" bev="0" fileid="108" />
                <SequencePoint vc="2" uspid="5604" ordinal="89" offset="2130" sl="647" sc="17" el="647" ec="23" bec="0" bev="0" fileid="108" />
                <SequencePoint vc="5" uspid="5605" ordinal="90" offset="2132" sl="649" sc="9" el="649" ec="10" bec="0" bev="0" fileid="108" />
              </SequencePoints>
              <BranchPoints>
                <BranchPoint vc="0" uspid="5610" ordinal="4" offset="536" sl="503" path="0" offsetend="538" fileid="108" />
                <BranchPoint vc="7" uspid="5611" ordinal="5" offset="536" sl="503" path="1" offsetend="550" fileid="108" />
                <BranchPoint vc="4" uspid="5612" ordinal="6" offset="552" sl="508" path="0" offsetend="554" fileid="108" />
                <BranchPoint vc="3" uspid="5613" ordinal="7" offset="552" sl="508" path="1" offsetend="557" fileid="108" />
                <BranchPoint vc="2" uspid="5614" ordinal="8" offset="1115" sl="544" path="0" offsetend="1120" fileid="108" />
                <BranchPoint vc="6" uspid="5615" ordinal="9" offset="1115" sl="544" path="1" offsetend="1401" fileid="108" />
                <BranchPoint vc="2" uspid="5620" ordinal="14" offset="1807" sl="606" path="0" offsetend="1809" fileid="108" />
                <BranchPoint vc="5" uspid="5621" ordinal="15" offset="1807" sl="606" path="1" offsetend="1881" fileid="108" />
                <BranchPoint vc="2" uspid="5626" ordinal="20" offset="1958" sl="620" path="0" offsetend="1960" fileid="108" />
                <BranchPoint vc="13" uspid="5627" ordinal="21" offset="1958" sl="620" path="1" offsetend="1994" fileid="108" />
                <BranchPoint vc="2" uspid="5630" ordinal="24" offset="2047" sl="633" path="0" offsetend="2049" fileid="108" />
                <BranchPoint vc="3" uspid="5631" ordinal="25" offset="2047" sl="633" path="1" offsetend="2065" fileid="108" />
                <BranchPoint vc="1" uspid="5632" ordinal="26" offset="2079" sl="638" path="0" offsetend="2081" fileid="108" />
                <BranchPoint vc="4" uspid="5633" ordinal="27" offset="2079" sl="638" path="1" offsetend="2097" fileid="108" />
              </BranchPoints>
              <MethodPoint vc="7" uspid="5634" ordinal="0" offset="0" />
            </Method>
            <Method visited="true" cyclomaticComplexity="9" nPathComplexity="16" sequenceCoverage="100" branchCoverage="100" isConstructor="false" isStatic="false" isGetter="false" isSetter="false">
              <Summary numSequencePoints="33" visitedSequencePoints="33" numBranchPoints="9" visitedBranchPoints="9" sequenceCoverage="100" branchCoverage="100" maxCyclomaticComplexity="9" minCyclomaticComplexity="9" visitedClasses="0" numClasses="0" visitedMethods="1" numMethods="1" />
              <MetadataToken>100663916</MetadataToken>
              <Name>System.Void SportsWeb.Services.Services.Implementation.SchedulingApplication.MasterScheduleService::DeleteMasterSchedule(SportsWeb.Models.Models.DeleteMasterScheduleModel)</Name>
              <FileRef uid="108" />
              <SequencePoints>
                <SequencePoint vc="7" uspid="5635" ordinal="0" offset="13" sl="652" sc="9" el="652" ec="10" bec="0" bev="0" fileid="108" />
                <SequencePoint vc="7" uspid="5636" ordinal="1" offset="14" sl="653" sc="13" el="654" ec="77" bec="2" bev="2" fileid="108" />
                <SequencePoint vc="6" uspid="5637" ordinal="2" offset="41" sl="655" sc="13" el="655" ec="14" bec="0" bev="0" fileid="108" />
                <SequencePoint vc="6" uspid="5638" ordinal="3" offset="42" sl="656" sc="17" el="656" ec="63" bec="4" bev="4" fileid="108" />
                <SequencePoint vc="1" uspid="5639" ordinal="4" offset="84" sl="657" sc="17" el="657" ec="18" bec="0" bev="0" fileid="108" />
                <SequencePoint vc="1" uspid="5640" ordinal="5" offset="85" sl="658" sc="21" el="659" ec="126" bec="0" bev="0" fileid="108" />
                <SequencePoint vc="1" uspid="5641" ordinal="6" offset="101" sl="660" sc="21" el="660" ec="115" bec="0" bev="0" fileid="108" />
                <SequencePoint vc="5" uspid="5642" ordinal="7" offset="119" sl="664" sc="17" el="664" ec="18" bec="0" bev="0" fileid="108" />
                <SequencePoint vc="5" uspid="5643" ordinal="8" offset="120" sl="666" sc="21" el="666" ec="87" bec="0" bev="0" fileid="108" />
                <SequencePoint vc="5" uspid="5644" ordinal="9" offset="131" sl="667" sc="28" el="667" ec="55" bec="0" bev="0" fileid="108" />
                <SequencePoint vc="5" uspid="5645" ordinal="10" offset="139" sl="668" sc="21" el="668" ec="22" bec="0" bev="0" fileid="108" />
                <SequencePoint vc="5" uspid="5646" ordinal="11" offset="140" sl="669" sc="25" el="669" ec="81" bec="0" bev="0" fileid="108" />
                <SequencePoint vc="5" uspid="5647" ordinal="12" offset="149" sl="671" sc="25" el="673" ec="112" bec="0" bev="0" fileid="108" />
                <SequencePoint vc="5" uspid="5648" ordinal="13" offset="508" sl="675" sc="25" el="675" ec="51" bec="2" bev="2" fileid="108" />
                <SequencePoint vc="4" uspid="5649" ordinal="14" offset="524" sl="676" sc="25" el="676" ec="26" bec="0" bev="0" fileid="108" />
                <SequencePoint vc="4" uspid="5650" ordinal="15" offset="525" sl="678" sc="29" el="678" ec="80" bec="0" bev="0" fileid="108" />
                <SequencePoint vc="4" uspid="5651" ordinal="16" offset="541" sl="679" sc="29" el="679" ec="67" bec="0" bev="0" fileid="108" />
                <SequencePoint vc="4" uspid="5652" ordinal="17" offset="559" sl="680" sc="29" el="680" ec="95" bec="0" bev="0" fileid="108" />
                <SequencePoint vc="4" uspid="5653" ordinal="18" offset="575" sl="682" sc="29" el="686" ec="36" bec="0" bev="0" fileid="108" />
                <SequencePoint vc="4" uspid="5654" ordinal="19" offset="595" sl="687" sc="29" el="687" ec="74" bec="0" bev="0" fileid="108" />
                <SequencePoint vc="4" uspid="5655" ordinal="20" offset="611" sl="689" sc="29" el="689" ec="86" bec="0" bev="0" fileid="108" />
                <SequencePoint vc="4" uspid="5656" ordinal="21" offset="629" sl="691" sc="25" el="691" ec="26" bec="0" bev="0" fileid="108" />
                <SequencePoint vc="1" uspid="5657" ordinal="22" offset="632" sl="693" sc="25" el="693" ec="26" bec="0" bev="0" fileid="108" />
                <SequencePoint vc="1" uspid="5658" ordinal="23" offset="633" sl="695" sc="29" el="695" ec="100" bec="0" bev="0" fileid="108" />
                <SequencePoint vc="1" uspid="5659" ordinal="24" offset="649" sl="696" sc="29" el="696" ec="121" bec="0" bev="0" fileid="108" />
                <SequencePoint vc="4" uspid="5660" ordinal="25" offset="660" sl="698" sc="21" el="698" ec="22" bec="0" bev="0" fileid="108" />
                <SequencePoint vc="4" uspid="5661" ordinal="26" offset="676" sl="699" sc="17" el="699" ec="18" bec="0" bev="0" fileid="108" />
                <SequencePoint vc="1" uspid="5662" ordinal="27" offset="679" sl="700" sc="17" el="700" ec="36" bec="0" bev="0" fileid="108" />
                <SequencePoint vc="1" uspid="5663" ordinal="28" offset="681" sl="701" sc="17" el="701" ec="18" bec="0" bev="0" fileid="108" />
                <SequencePoint vc="1" uspid="5664" ordinal="29" offset="682" sl="702" sc="21" el="702" ec="37" bec="0" bev="0" fileid="108" />
                <SequencePoint vc="1" uspid="5665" ordinal="30" offset="695" sl="703" sc="21" el="703" ec="27" bec="0" bev="0" fileid="108" />
                <SequencePoint vc="4" uspid="5666" ordinal="31" offset="697" sl="705" sc="13" el="705" ec="14" bec="0" bev="0" fileid="108" />
                <SequencePoint vc="5" uspid="5667" ordinal="32" offset="698" sl="706" sc="9" el="706" ec="10" bec="0" bev="0" fileid="108" />
              </SequencePoints>
              <BranchPoints>
                <BranchPoint vc="6" uspid="5668" ordinal="0" offset="36" sl="653" path="0" offsetend="41" fileid="108" />
                <BranchPoint vc="1" uspid="5669" ordinal="1" offset="36" sl="653" path="1" offsetend="698" fileid="108" />
                <BranchPoint vc="1" uspid="5670" ordinal="2" offset="49" sl="656" path="0" offsetend="51" fileid="108" />
                <BranchPoint vc="5" uspid="5671" ordinal="3" offset="49" sl="656" path="1" offsetend="55" fileid="108" />
                <BranchPoint vc="1" uspid="5674" ordinal="6" offset="82" sl="656" path="0" offsetend="84" fileid="108" />
                <BranchPoint vc="5" uspid="5675" ordinal="7" offset="82" sl="656" path="1" offsetend="112" fileid="108" />
                <BranchPoint vc="4" uspid="5676" ordinal="8" offset="522" sl="675" path="0" offsetend="524" fileid="108" />
                <BranchPoint vc="1" uspid="5677" ordinal="9" offset="522" sl="675" path="1" offsetend="632" fileid="108" />
              </BranchPoints>
              <MethodPoint vc="7" uspid="5678" ordinal="0" offset="0" />
            </Method>
            <Method visited="true" cyclomaticComplexity="14" nPathComplexity="4096" sequenceCoverage="100" branchCoverage="100" isConstructor="false" isStatic="false" isGetter="false" isSetter="false">
              <Summary numSequencePoints="42" visitedSequencePoints="42" numBranchPoints="25" visitedBranchPoints="25" sequenceCoverage="100" branchCoverage="100" maxCyclomaticComplexity="14" minCyclomaticComplexity="14" visitedClasses="0" numClasses="0" visitedMethods="1" numMethods="1" />
              <MetadataToken>100663917</MetadataToken>
              <Name>System.Void SportsWeb.Services.Services.Implementation.SchedulingApplication.MasterScheduleService::ValidateSchedulingDetails(SportsWeb.Models.Models.MasterScheduleModel)</Name>
              <FileRef uid="108" />
              <SequencePoints>
                <SequencePoint vc="43" uspid="5679" ordinal="0" offset="0" sl="709" sc="9" el="709" ec="10" bec="0" bev="0" fileid="108" />
                <SequencePoint vc="43" uspid="5680" ordinal="1" offset="1" sl="710" sc="13" el="710" ec="62" bec="2" bev="2" fileid="108" />
                <SequencePoint vc="1" uspid="5681" ordinal="2" offset="21" sl="711" sc="13" el="711" ec="14" bec="0" bev="0" fileid="108" />
                <SequencePoint vc="1" uspid="5682" ordinal="3" offset="22" sl="712" sc="17" el="712" ec="112" bec="0" bev="0" fileid="108" />
                <SequencePoint vc="42" uspid="5683" ordinal="4" offset="33" sl="714" sc="13" el="714" ec="60" bec="2" bev="2" fileid="108" />
                <SequencePoint vc="1" uspid="5684" ordinal="5" offset="53" sl="715" sc="13" el="715" ec="14" bec="0" bev="0" fileid="108" />
                <SequencePoint vc="1" uspid="5685" ordinal="6" offset="54" sl="716" sc="17" el="716" ec="110" bec="0" bev="0" fileid="108" />
                <SequencePoint vc="41" uspid="5686" ordinal="7" offset="65" sl="719" sc="13" el="719" ec="72" bec="2" bev="2" fileid="108" />
                <SequencePoint vc="27" uspid="5687" ordinal="8" offset="78" sl="720" sc="13" el="720" ec="14" bec="0" bev="0" fileid="108" />
                <SequencePoint vc="27" uspid="5688" ordinal="9" offset="79" sl="721" sc="17" el="721" ec="79" bec="0" bev="0" fileid="108" />
                <SequencePoint vc="27" uspid="5689" ordinal="10" offset="97" sl="722" sc="17" el="722" ec="73" bec="0" bev="0" fileid="108" />
                <SequencePoint vc="27" uspid="5690" ordinal="11" offset="116" sl="723" sc="17" el="723" ec="50" bec="2" bev="2" fileid="108" />
                <SequencePoint vc="1" uspid="5691" ordinal="12" offset="130" sl="724" sc="17" el="724" ec="18" bec="0" bev="0" fileid="108" />
                <SequencePoint vc="1" uspid="5692" ordinal="13" offset="131" sl="725" sc="21" el="726" ec="87" bec="0" bev="0" fileid="108" />
                <SequencePoint vc="26" uspid="5693" ordinal="14" offset="142" sl="728" sc="13" el="728" ec="14" bec="0" bev="0" fileid="108" />
                <SequencePoint vc="40" uspid="5694" ordinal="15" offset="143" sl="730" sc="13" el="730" ec="89" bec="2" bev="2" fileid="108" />
                <SequencePoint vc="1" uspid="5695" ordinal="16" offset="178" sl="731" sc="13" el="731" ec="14" bec="0" bev="0" fileid="108" />
                <SequencePoint vc="1" uspid="5696" ordinal="17" offset="179" sl="732" sc="17" el="732" ec="114" bec="0" bev="0" fileid="108" />
                <SequencePoint vc="39" uspid="5697" ordinal="18" offset="190" sl="734" sc="13" el="734" ec="72" bec="2" bev="2" fileid="108" />
                <SequencePoint vc="22" uspid="5698" ordinal="19" offset="208" sl="735" sc="13" el="735" ec="14" bec="0" bev="0" fileid="108" />
                <SequencePoint vc="22" uspid="5699" ordinal="20" offset="209" sl="736" sc="17" el="736" ec="80" bec="2" bev="2" fileid="108" />
                <SequencePoint vc="1" uspid="5700" ordinal="21" offset="250" sl="737" sc="17" el="737" ec="18" bec="0" bev="0" fileid="108" />
                <SequencePoint vc="1" uspid="5701" ordinal="22" offset="251" sl="738" sc="21" el="738" ec="127" bec="0" bev="0" fileid="108" />
                <SequencePoint vc="21" uspid="5702" ordinal="23" offset="262" sl="740" sc="17" el="740" ec="138" bec="2" bev="2" fileid="108" />
                <SequencePoint vc="16" uspid="5703" ordinal="24" offset="292" sl="741" sc="17" el="741" ec="18" bec="0" bev="0" fileid="108" />
                <SequencePoint vc="16" uspid="5704" ordinal="25" offset="293" sl="742" sc="21" el="742" ec="49" bec="2" bev="2" fileid="108" />
                <SequencePoint vc="2" uspid="5705" ordinal="26" offset="317" sl="743" sc="21" el="743" ec="22" bec="0" bev="0" fileid="108" />
                <SequencePoint vc="2" uspid="5706" ordinal="27" offset="318" sl="744" sc="25" el="744" ec="131" bec="0" bev="0" fileid="108" />
                <SequencePoint vc="14" uspid="5707" ordinal="28" offset="329" sl="746" sc="21" el="746" ec="91" bec="2" bev="2" fileid="108" />
                <SequencePoint vc="1" uspid="5708" ordinal="29" offset="364" sl="747" sc="21" el="747" ec="22" bec="0" bev="0" fileid="108" />
                <SequencePoint vc="1" uspid="5709" ordinal="30" offset="365" sl="748" sc="25" el="748" ec="112" bec="0" bev="0" fileid="108" />
                <SequencePoint vc="13" uspid="5710" ordinal="31" offset="376" sl="751" sc="21" el="751" ec="88" bec="2" bev="2" fileid="108" />
                <SequencePoint vc="1" uspid="5711" ordinal="32" offset="417" sl="752" sc="21" el="752" ec="22" bec="0" bev="0" fileid="108" />
                <SequencePoint vc="1" uspid="5712" ordinal="33" offset="418" sl="753" sc="25" el="753" ec="128" bec="0" bev="0" fileid="108" />
                <SequencePoint vc="12" uspid="5713" ordinal="34" offset="429" sl="755" sc="17" el="755" ec="18" bec="0" bev="0" fileid="108" />
                <SequencePoint vc="17" uspid="5714" ordinal="35" offset="430" sl="756" sc="13" el="756" ec="14" bec="0" bev="0" fileid="108" />
                <SequencePoint vc="17" uspid="5715" ordinal="36" offset="433" sl="758" sc="13" el="758" ec="14" bec="0" bev="0" fileid="108" />
                <SequencePoint vc="17" uspid="5716" ordinal="37" offset="434" sl="759" sc="17" el="759" ec="80" bec="2" bev="2" fileid="108" />
                <SequencePoint vc="1" uspid="5717" ordinal="38" offset="475" sl="760" sc="17" el="760" ec="18" bec="0" bev="0" fileid="108" />
                <SequencePoint vc="1" uspid="5718" ordinal="39" offset="476" sl="761" sc="21" el="761" ec="133" bec="0" bev="0" fileid="108" />
                <SequencePoint vc="16" uspid="5719" ordinal="40" offset="487" sl="763" sc="13" el="763" ec="14" bec="0" bev="0" fileid="108" />
                <SequencePoint vc="33" uspid="5720" ordinal="41" offset="488" sl="764" sc="9" el="764" ec="10" bec="0" bev="0" fileid="108" />
              </SequencePoints>
              <BranchPoints>
                <BranchPoint vc="1" uspid="5721" ordinal="0" offset="19" sl="710" path="0" offsetend="21" fileid="108" />
                <BranchPoint vc="42" uspid="5722" ordinal="1" offset="19" sl="710" path="1" offsetend="33" fileid="108" />
                <BranchPoint vc="1" uspid="5723" ordinal="2" offset="51" sl="714" path="0" offsetend="53" fileid="108" />
                <BranchPoint vc="41" uspid="5724" ordinal="3" offset="51" sl="714" path="1" offsetend="65" fileid="108" />
                <BranchPoint vc="27" uspid="5725" ordinal="4" offset="76" sl="719" path="0" offsetend="78" fileid="108" />
                <BranchPoint vc="14" uspid="5726" ordinal="5" offset="76" sl="719" path="1" offsetend="143" fileid="108" />
                <BranchPoint vc="1" uspid="5727" ordinal="6" offset="128" sl="723" path="0" offsetend="130" fileid="108" />
                <BranchPoint vc="26" uspid="5728" ordinal="7" offset="128" sl="723" path="1" offsetend="142" fileid="108" />
                <BranchPoint vc="1" uspid="5729" ordinal="8" offset="176" sl="730" path="0" offsetend="178" fileid="108" />
                <BranchPoint vc="39" uspid="5730" ordinal="9" offset="176" sl="730" path="1" offsetend="190" fileid="108" />
                <BranchPoint vc="22" uspid="5731" ordinal="10" offset="203" sl="734" path="0" offsetend="208" fileid="108" />
                <BranchPoint vc="17" uspid="5732" ordinal="11" offset="203" sl="734" path="1" offsetend="433" fileid="108" />
                <BranchPoint vc="1" uspid="5733" ordinal="12" offset="248" sl="736" path="0" offsetend="250" fileid="108" />
                <BranchPoint vc="21" uspid="5734" ordinal="13" offset="248" sl="736" path="1" offsetend="262" fileid="108" />
                <BranchPoint vc="16" uspid="5737" ordinal="16" offset="287" sl="740" path="0" offsetend="292" fileid="108" />
                <BranchPoint vc="5" uspid="5738" ordinal="17" offset="287" sl="740" path="1" offsetend="430" fileid="108" />
                <BranchPoint vc="2" uspid="5739" ordinal="18" offset="315" sl="742" path="0" offsetend="317" fileid="108" />
                <BranchPoint vc="14" uspid="5740" ordinal="19" offset="315" sl="742" path="1" offsetend="329" fileid="108" />
                <BranchPoint vc="1" uspid="5741" ordinal="20" offset="362" sl="746" path="0" offsetend="364" fileid="108" />
                <BranchPoint vc="13" uspid="5742" ordinal="21" offset="362" sl="746" path="1" offsetend="376" fileid="108" />
                <BranchPoint vc="1" uspid="5743" ordinal="22" offset="415" sl="751" path="0" offsetend="417" fileid="108" />
                <BranchPoint vc="12" uspid="5744" ordinal="23" offset="415" sl="751" path="1" offsetend="429" fileid="108" />
                <BranchPoint vc="1" uspid="5745" ordinal="24" offset="473" sl="759" path="0" offsetend="475" fileid="108" />
                <BranchPoint vc="16" uspid="5746" ordinal="25" offset="473" sl="759" path="1" offsetend="487" fileid="108" />
              </BranchPoints>
              <MethodPoint xsi:type="SequencePoint" vc="43" uspid="5679" ordinal="0" offset="0" sl="709" sc="9" el="709" ec="10" bec="0" bev="0" fileid="108" />
            </Method>
            <Method visited="true" cyclomaticComplexity="13" nPathComplexity="128" sequenceCoverage="94.74" branchCoverage="80" isConstructor="false" isStatic="false" isGetter="false" isSetter="false">
              <Summary numSequencePoints="19" visitedSequencePoints="18" numBranchPoints="15" visitedBranchPoints="12" sequenceCoverage="94.74" branchCoverage="80" maxCyclomaticComplexity="13" minCyclomaticComplexity="13" visitedClasses="0" numClasses="0" visitedMethods="1" numMethods="1" />
              <MetadataToken>100663918</MetadataToken>
              <Name>System.Void SportsWeb.Services.Services.Implementation.SchedulingApplication.MasterScheduleService::ValidateEditSchedulingDetails(SportsWeb.Models.Models.EditMasterScheduleModel)</Name>
              <FileRef uid="108" />
              <SequencePoints>
                <SequencePoint vc="32" uspid="5747" ordinal="0" offset="0" sl="766" sc="9" el="766" ec="10" bec="0" bev="0" fileid="108" />
                <SequencePoint vc="32" uspid="5748" ordinal="1" offset="1" sl="767" sc="13" el="767" ec="46" bec="0" bev="0" fileid="108" />
                <SequencePoint vc="24" uspid="5749" ordinal="2" offset="9" sl="768" sc="13" el="768" ec="60" bec="2" bev="2" fileid="108" />
                <SequencePoint vc="1" uspid="5750" ordinal="3" offset="36" sl="769" sc="13" el="769" ec="14" bec="0" bev="0" fileid="108" />
                <SequencePoint vc="1" uspid="5751" ordinal="4" offset="37" sl="770" sc="17" el="771" ec="63" bec="0" bev="0" fileid="108" />
                <SequencePoint vc="23" uspid="5752" ordinal="5" offset="48" sl="773" sc="13" el="773" ec="80" bec="0" bev="0" fileid="108" />
                <SequencePoint vc="23" uspid="5753" ordinal="6" offset="74" sl="774" sc="13" el="774" ec="127" bec="2" bev="2" fileid="108" />
                <SequencePoint vc="3" uspid="5754" ordinal="7" offset="140" sl="775" sc="13" el="775" ec="14" bec="0" bev="0" fileid="108" />
                <SequencePoint vc="3" uspid="5755" ordinal="8" offset="141" sl="777" sc="17" el="777" ec="53" bec="2" bev="2" fileid="108" />
                <SequencePoint vc="1" uspid="5756" ordinal="9" offset="158" sl="778" sc="17" el="778" ec="18" bec="0" bev="0" fileid="108" />
                <SequencePoint vc="1" uspid="5757" ordinal="10" offset="159" sl="779" sc="21" el="780" ec="88" bec="0" bev="0" fileid="108" />
                <SequencePoint vc="2" uspid="5758" ordinal="11" offset="170" sl="782" sc="13" el="782" ec="14" bec="0" bev="0" fileid="108" />
                <SequencePoint vc="20" uspid="5759" ordinal="12" offset="173" sl="784" sc="18" el="784" ec="150" bec="6" bev="4" fileid="108" />
                <SequencePoint vc="1" uspid="5760" ordinal="13" offset="264" sl="785" sc="13" el="785" ec="14" bec="0" bev="0" fileid="108" />
                <SequencePoint vc="1" uspid="5761" ordinal="14" offset="265" sl="786" sc="17" el="786" ec="53" bec="2" bev="1" fileid="108" />
                <SequencePoint vc="1" uspid="5762" ordinal="15" offset="282" sl="787" sc="17" el="787" ec="18" bec="0" bev="0" fileid="108" />
                <SequencePoint vc="1" uspid="5763" ordinal="16" offset="283" sl="788" sc="21" el="789" ec="88" bec="0" bev="0" fileid="108" />
                <SequencePoint vc="0" uspid="5764" ordinal="17" offset="294" sl="791" sc="13" el="791" ec="14" bec="0" bev="0" fileid="108" />
                <SequencePoint vc="21" uspid="5765" ordinal="18" offset="295" sl="795" sc="9" el="795" ec="10" bec="0" bev="0" fileid="108" />
              </SequencePoints>
              <BranchPoints>
                <BranchPoint vc="1" uspid="5766" ordinal="0" offset="34" sl="768" path="0" offsetend="36" fileid="108" />
                <BranchPoint vc="23" uspid="5767" ordinal="1" offset="34" sl="768" path="1" offsetend="48" fileid="108" />
                <BranchPoint vc="3" uspid="5770" ordinal="4" offset="138" sl="774" path="0" offsetend="140" fileid="108" />
                <BranchPoint vc="20" uspid="5771" ordinal="5" offset="138" sl="774" path="1" offsetend="173" fileid="108" />
                <BranchPoint vc="1" uspid="5772" ordinal="6" offset="156" sl="777" path="0" offsetend="158" fileid="108" />
                <BranchPoint vc="2" uspid="5773" ordinal="7" offset="156" sl="777" path="1" offsetend="170" fileid="108" />
                <BranchPoint vc="0" uspid="5776" ordinal="10" offset="213" sl="784" path="0" offsetend="215" fileid="108" />
                <BranchPoint vc="1" uspid="5777" ordinal="11" offset="213" sl="784" path="1" offsetend="218" fileid="108" />
                <BranchPoint vc="0" uspid="5778" ordinal="12" offset="225" sl="784" path="0" offsetend="227" fileid="108" />
                <BranchPoint vc="1" uspid="5779" ordinal="13" offset="225" sl="784" path="1" offsetend="230" fileid="108" />
                <BranchPoint vc="1" uspid="5782" ordinal="16" offset="262" sl="784" path="0" offsetend="264" fileid="108" />
                <BranchPoint vc="19" uspid="5783" ordinal="17" offset="262" sl="784" path="1" offsetend="295" fileid="108" />
                <BranchPoint vc="1" uspid="5784" ordinal="18" offset="280" sl="786" path="0" offsetend="282" fileid="108" />
                <BranchPoint vc="0" uspid="5785" ordinal="19" offset="280" sl="786" path="1" offsetend="294" fileid="108" />
              </BranchPoints>
              <MethodPoint xsi:type="SequencePoint" vc="32" uspid="5747" ordinal="0" offset="0" sl="766" sc="9" el="766" ec="10" bec="0" bev="0" fileid="108" />
            </Method>
            <Method visited="true" cyclomaticComplexity="4" nPathComplexity="2" sequenceCoverage="100" branchCoverage="100" isConstructor="false" isStatic="false" isGetter="false" isSetter="false">
              <Summary numSequencePoints="15" visitedSequencePoints="15" numBranchPoints="3" visitedBranchPoints="3" sequenceCoverage="100" branchCoverage="100" maxCyclomaticComplexity="4" minCyclomaticComplexity="4" visitedClasses="0" numClasses="0" visitedMethods="1" numMethods="1" />
              <MetadataToken>100663919</MetadataToken>
              <Name>System.Void SportsWeb.Services.Services.Implementation.SchedulingApplication.MasterScheduleService::EditBiweeklyMasterSchedule(SportsWeb.Models.Models.EditMasterScheduleModel)</Name>
              <FileRef uid="108" />
              <SequencePoints>
                <SequencePoint vc="9" uspid="5786" ordinal="0" offset="13" sl="798" sc="9" el="798" ec="10" bec="0" bev="0" fileid="108" />
                <SequencePoint vc="9" uspid="5787" ordinal="1" offset="14" sl="800" sc="20" el="800" ec="47" bec="0" bev="0" fileid="108" />
                <SequencePoint vc="9" uspid="5788" ordinal="2" offset="21" sl="801" sc="13" el="801" ec="14" bec="0" bev="0" fileid="108" />
                <SequencePoint vc="9" uspid="5789" ordinal="3" offset="22" sl="802" sc="17" el="802" ec="79" bec="0" bev="0" fileid="108" />
                <SequencePoint vc="9" uspid="5790" ordinal="4" offset="29" sl="803" sc="17" el="803" ec="97" bec="0" bev="0" fileid="108" />
                <SequencePoint vc="9" uspid="5791" ordinal="5" offset="173" sl="806" sc="17" el="807" ec="87" bec="2" bev="2" fileid="108" />
                <SequencePoint vc="2" uspid="5792" ordinal="6" offset="264" sl="808" sc="17" el="808" ec="18" bec="0" bev="0" fileid="108" />
                <SequencePoint vc="2" uspid="5793" ordinal="7" offset="265" sl="811" sc="21" el="811" ec="116" bec="0" bev="0" fileid="108" />
                <SequencePoint vc="2" uspid="5794" ordinal="8" offset="313" sl="812" sc="21" el="812" ec="46" bec="0" bev="0" fileid="108" />
                <SequencePoint vc="2" uspid="5795" ordinal="9" offset="326" sl="814" sc="17" el="814" ec="18" bec="0" bev="0" fileid="108" />
                <SequencePoint vc="7" uspid="5796" ordinal="10" offset="329" sl="816" sc="17" el="816" ec="18" bec="0" bev="0" fileid="108" />
                <SequencePoint vc="7" uspid="5797" ordinal="11" offset="330" sl="818" sc="21" el="818" ec="60" bec="0" bev="0" fileid="108" />
                <SequencePoint vc="5" uspid="5798" ordinal="12" offset="343" sl="819" sc="17" el="819" ec="18" bec="0" bev="0" fileid="108" />
                <SequencePoint vc="7" uspid="5799" ordinal="13" offset="344" sl="820" sc="13" el="820" ec="14" bec="0" bev="0" fileid="108" />
                <SequencePoint vc="7" uspid="5800" ordinal="14" offset="358" sl="821" sc="9" el="821" ec="10" bec="0" bev="0" fileid="108" />
              </SequencePoints>
              <BranchPoints>
                <BranchPoint vc="2" uspid="5803" ordinal="2" offset="262" sl="806" path="0" offsetend="264" fileid="108" />
                <BranchPoint vc="7" uspid="5804" ordinal="3" offset="262" sl="806" path="1" offsetend="329" fileid="108" />
              </BranchPoints>
              <MethodPoint vc="9" uspid="5805" ordinal="0" offset="0" />
            </Method>
            <Method visited="true" cyclomaticComplexity="1" nPathComplexity="0" sequenceCoverage="100" branchCoverage="100" isConstructor="true" isStatic="true" isGetter="false" isSetter="false">
              <Summary numSequencePoints="1" visitedSequencePoints="1" numBranchPoints="1" visitedBranchPoints="1" sequenceCoverage="100" branchCoverage="100" maxCyclomaticComplexity="1" minCyclomaticComplexity="1" visitedClasses="0" numClasses="0" visitedMethods="1" numMethods="1" />
              <MetadataToken>100663920</MetadataToken>
              <Name>System.Void SportsWeb.Services.Services.Implementation.SchedulingApplication.MasterScheduleService::.cctor()</Name>
              <FileRef uid="108" />
              <SequencePoints>
                <SequencePoint vc="1" uspid="5806" ordinal="0" offset="0" sl="27" sc="9" el="27" ec="94" bec="0" bev="0" fileid="108" />
              </SequencePoints>
              <BranchPoints />
              <MethodPoint xsi:type="SequencePoint" vc="1" uspid="5806" ordinal="0" offset="0" sl="27" sc="9" el="27" ec="94" bec="0" bev="0" fileid="108" />
            </Method>
          </Methods>
        </Class>
        <Class>
          <Summary numSequencePoints="1" visitedSequencePoints="1" numBranchPoints="1" visitedBranchPoints="1" sequenceCoverage="100" branchCoverage="100" maxCyclomaticComplexity="2" minCyclomaticComplexity="1" visitedClasses="1" numClasses="1" visitedMethods="1" numMethods="1" />
          <FullName>SportsWeb.Services.Services.Implementation.SchedulingApplication.MasterScheduleService/&lt;&gt;c__DisplayClass3_0</FullName>
          <Methods>
            <Method visited="true" cyclomaticComplexity="1" nPathComplexity="0" sequenceCoverage="0" branchCoverage="0" isConstructor="true" isStatic="false" isGetter="false" isSetter="false">
              <Summary numSequencePoints="0" visitedSequencePoints="0" numBranchPoints="0" visitedBranchPoints="0" sequenceCoverage="0" branchCoverage="0" maxCyclomaticComplexity="1" minCyclomaticComplexity="1" visitedClasses="0" numClasses="0" visitedMethods="0" numMethods="0" />
              <MetadataToken>100667013</MetadataToken>
              <Name>System.Void SportsWeb.Services.Services.Implementation.SchedulingApplication.MasterScheduleService/&lt;&gt;c__DisplayClass3_0::.ctor()</Name>
              <SequencePoints />
              <BranchPoints />
              <MethodPoint vc="3" uspid="5807" ordinal="0" offset="0" />
            </Method>
            <Method visited="true" cyclomaticComplexity="2" nPathComplexity="0" sequenceCoverage="100" branchCoverage="100" isConstructor="false" isStatic="false" isGetter="false" isSetter="false">
              <Summary numSequencePoints="1" visitedSequencePoints="1" numBranchPoints="1" visitedBranchPoints="1" sequenceCoverage="100" branchCoverage="100" maxCyclomaticComplexity="2" minCyclomaticComplexity="2" visitedClasses="0" numClasses="0" visitedMethods="1" numMethods="1" />
              <MetadataToken>100667014</MetadataToken>
              <Name>System.Boolean SportsWeb.Services.Services.Implementation.SchedulingApplication.MasterScheduleService/&lt;&gt;c__DisplayClass3_0::&lt;GetMasterScheduleForSite&gt;b__1(SportsWeb.Models.Models.MasterScheduleModel)</Name>
              <FileRef uid="108" />
              <SequencePoints>
                <SequencePoint vc="4" uspid="5808" ordinal="0" offset="0" sl="63" sc="57" el="63" ec="119" bec="0" bev="0" fileid="108" />
              </SequencePoints>
              <BranchPoints />
              <MethodPoint xsi:type="SequencePoint" vc="4" uspid="5808" ordinal="0" offset="0" sl="63" sc="57" el="63" ec="119" bec="0" bev="0" fileid="108" />
            </Method>
          </Methods>
        </Class>
        <Class>
          <Summary numSequencePoints="0" visitedSequencePoints="0" numBranchPoints="0" visitedBranchPoints="0" sequenceCoverage="0" branchCoverage="0" maxCyclomaticComplexity="1" minCyclomaticComplexity="1" visitedClasses="0" numClasses="0" visitedMethods="0" numMethods="0" />
          <FullName>SportsWeb.Services.Services.Implementation.SchedulingApplication.MasterScheduleService/&lt;&gt;c__DisplayClass3_1</FullName>
          <Methods>
            <Method visited="true" cyclomaticComplexity="1" nPathComplexity="0" sequenceCoverage="0" branchCoverage="0" isConstructor="true" isStatic="false" isGetter="false" isSetter="false">
              <Summary numSequencePoints="0" visitedSequencePoints="0" numBranchPoints="0" visitedBranchPoints="0" sequenceCoverage="0" branchCoverage="0" maxCyclomaticComplexity="1" minCyclomaticComplexity="1" visitedClasses="0" numClasses="0" visitedMethods="0" numMethods="0" />
              <MetadataToken>100667015</MetadataToken>
              <Name>System.Void SportsWeb.Services.Services.Implementation.SchedulingApplication.MasterScheduleService/&lt;&gt;c__DisplayClass3_1::.ctor()</Name>
              <SequencePoints />
              <BranchPoints />
              <MethodPoint vc="4" uspid="5811" ordinal="0" offset="0" />
            </Method>
          </Methods>
        </Class>
        <Class>
          <Summary numSequencePoints="1" visitedSequencePoints="1" numBranchPoints="3" visitedBranchPoints="2" sequenceCoverage="100" branchCoverage="66.67" maxCyclomaticComplexity="5" minCyclomaticComplexity="1" visitedClasses="1" numClasses="1" visitedMethods="1" numMethods="1" />
          <FullName>SportsWeb.Services.Services.Implementation.SchedulingApplication.MasterScheduleService/&lt;&gt;c__DisplayClass3_2</FullName>
          <Methods>
            <Method visited="true" cyclomaticComplexity="1" nPathComplexity="0" sequenceCoverage="0" branchCoverage="0" isConstructor="true" isStatic="false" isGetter="false" isSetter="false">
              <Summary numSequencePoints="0" visitedSequencePoints="0" numBranchPoints="0" visitedBranchPoints="0" sequenceCoverage="0" branchCoverage="0" maxCyclomaticComplexity="1" minCyclomaticComplexity="1" visitedClasses="0" numClasses="0" visitedMethods="0" numMethods="0" />
              <MetadataToken>100667016</MetadataToken>
              <Name>System.Void SportsWeb.Services.Services.Implementation.SchedulingApplication.MasterScheduleService/&lt;&gt;c__DisplayClass3_2::.ctor()</Name>
              <SequencePoints />
              <BranchPoints />
              <MethodPoint vc="4" uspid="5812" ordinal="0" offset="0" />
            </Method>
            <Method visited="true" cyclomaticComplexity="5" nPathComplexity="2" sequenceCoverage="100" branchCoverage="66.67" isConstructor="false" isStatic="false" isGetter="false" isSetter="false">
              <Summary numSequencePoints="1" visitedSequencePoints="1" numBranchPoints="3" visitedBranchPoints="2" sequenceCoverage="100" branchCoverage="66.67" maxCyclomaticComplexity="5" minCyclomaticComplexity="5" visitedClasses="0" numClasses="0" visitedMethods="1" numMethods="1" />
              <MetadataToken>100667017</MetadataToken>
              <Name>System.Boolean SportsWeb.Services.Services.Implementation.SchedulingApplication.MasterScheduleService/&lt;&gt;c__DisplayClass3_2::&lt;GetMasterScheduleForSite&gt;b__3(SportsWeb.Models.Models.MasterScheduleModel)</Name>
              <FileRef uid="108" />
              <SequencePoints>
                <SequencePoint vc="1" uspid="5813" ordinal="0" offset="0" sl="76" sc="63" el="78" ec="99" bec="2" bev="1" fileid="108" />
              </SequencePoints>
              <BranchPoints>
                <BranchPoint vc="0" uspid="5814" ordinal="0" offset="26" sl="76" path="0" offsetend="28" fileid="108" />
                <BranchPoint vc="1" uspid="5815" ordinal="1" offset="26" sl="76" path="1" offsetend="31" fileid="108" />
              </BranchPoints>
              <MethodPoint xsi:type="SequencePoint" vc="1" uspid="5813" ordinal="0" offset="0" sl="76" sc="63" el="78" ec="99" bec="2" bev="1" fileid="108" />
            </Method>
          </Methods>
        </Class>
        <Class>
          <Summary numSequencePoints="3" visitedSequencePoints="3" numBranchPoints="3" visitedBranchPoints="3" sequenceCoverage="100" branchCoverage="100" maxCyclomaticComplexity="4" minCyclomaticComplexity="1" visitedClasses="1" numClasses="1" visitedMethods="3" numMethods="3" />
          <FullName>SportsWeb.Services.Services.Implementation.SchedulingApplication.MasterScheduleService/&lt;&gt;c</FullName>
          <Methods>
            <Method visited="true" cyclomaticComplexity="1" nPathComplexity="0" sequenceCoverage="0" branchCoverage="0" isConstructor="true" isStatic="true" isGetter="false" isSetter="false">
              <Summary numSequencePoints="0" visitedSequencePoints="0" numBranchPoints="0" visitedBranchPoints="0" sequenceCoverage="0" branchCoverage="0" maxCyclomaticComplexity="1" minCyclomaticComplexity="1" visitedClasses="0" numClasses="0" visitedMethods="0" numMethods="0" />
              <MetadataToken>100667018</MetadataToken>
              <Name>System.Void SportsWeb.Services.Services.Implementation.SchedulingApplication.MasterScheduleService/&lt;&gt;c::.cctor()</Name>
              <SequencePoints />
              <BranchPoints />
              <MethodPoint vc="1" uspid="5820" ordinal="0" offset="0" />
            </Method>
            <Method visited="true" cyclomaticComplexity="1" nPathComplexity="0" sequenceCoverage="0" branchCoverage="0" isConstructor="true" isStatic="false" isGetter="false" isSetter="false">
              <Summary numSequencePoints="0" visitedSequencePoints="0" numBranchPoints="0" visitedBranchPoints="0" sequenceCoverage="0" branchCoverage="0" maxCyclomaticComplexity="1" minCyclomaticComplexity="1" visitedClasses="0" numClasses="0" visitedMethods="0" numMethods="0" />
              <MetadataToken>100667019</MetadataToken>
              <Name>System.Void SportsWeb.Services.Services.Implementation.SchedulingApplication.MasterScheduleService/&lt;&gt;c::.ctor()</Name>
              <SequencePoints />
              <BranchPoints />
              <MethodPoint vc="1" uspid="5821" ordinal="0" offset="0" />
            </Method>
            <Method visited="true" cyclomaticComplexity="4" nPathComplexity="0" sequenceCoverage="100" branchCoverage="100" isConstructor="false" isStatic="false" isGetter="false" isSetter="false">
              <Summary numSequencePoints="1" visitedSequencePoints="1" numBranchPoints="1" visitedBranchPoints="1" sequenceCoverage="100" branchCoverage="100" maxCyclomaticComplexity="4" minCyclomaticComplexity="4" visitedClasses="0" numClasses="0" visitedMethods="1" numMethods="1" />
              <MetadataToken>100667020</MetadataToken>
              <Name>System.Boolean SportsWeb.Services.Services.Implementation.SchedulingApplication.MasterScheduleService/&lt;&gt;c::&lt;AddMasterSchedule&gt;b__4_0(SportsWeb.Models.CPUModel)</Name>
              <FileRef uid="108" />
              <SequencePoints>
                <SequencePoint vc="9" uspid="5822" ordinal="0" offset="0" sl="149" sc="75" el="149" ec="153" bec="0" bev="0" fileid="108" />
              </SequencePoints>
              <BranchPoints />
              <MethodPoint xsi:type="SequencePoint" vc="9" uspid="5822" ordinal="0" offset="0" sl="149" sc="75" el="149" ec="153" bec="0" bev="0" fileid="108" />
            </Method>
            <Method visited="true" cyclomaticComplexity="4" nPathComplexity="0" sequenceCoverage="100" branchCoverage="100" isConstructor="false" isStatic="false" isGetter="false" isSetter="false">
              <Summary numSequencePoints="1" visitedSequencePoints="1" numBranchPoints="1" visitedBranchPoints="1" sequenceCoverage="100" branchCoverage="100" maxCyclomaticComplexity="4" minCyclomaticComplexity="4" visitedClasses="0" numClasses="0" visitedMethods="1" numMethods="1" />
              <MetadataToken>100667021</MetadataToken>
              <Name>System.Boolean SportsWeb.Services.Services.Implementation.SchedulingApplication.MasterScheduleService/&lt;&gt;c::&lt;EditMasterScheduleModel&gt;b__6_1(SportsWeb.Models.CPUModel)</Name>
              <FileRef uid="108" />
              <SequencePoints>
                <SequencePoint vc="12" uspid="5827" ordinal="0" offset="0" sl="338" sc="75" el="338" ec="153" bec="0" bev="0" fileid="108" />
              </SequencePoints>
              <BranchPoints />
              <MethodPoint xsi:type="SequencePoint" vc="12" uspid="5827" ordinal="0" offset="0" sl="338" sc="75" el="338" ec="153" bec="0" bev="0" fileid="108" />
            </Method>
            <Method visited="true" cyclomaticComplexity="4" nPathComplexity="0" sequenceCoverage="100" branchCoverage="100" isConstructor="false" isStatic="false" isGetter="false" isSetter="false">
              <Summary numSequencePoints="1" visitedSequencePoints="1" numBranchPoints="1" visitedBranchPoints="1" sequenceCoverage="100" branchCoverage="100" maxCyclomaticComplexity="4" minCyclomaticComplexity="4" visitedClasses="0" numClasses="0" visitedMethods="1" numMethods="1" />
              <MetadataToken>100667022</MetadataToken>
              <Name>System.Boolean SportsWeb.Services.Services.Implementation.SchedulingApplication.MasterScheduleService/&lt;&gt;c::&lt;EditBiweeklyMasterScheduleModel&gt;b__7_1(SportsWeb.Models.CPUModel)</Name>
              <FileRef uid="108" />
              <SequencePoints>
                <SequencePoint vc="7" uspid="5832" ordinal="0" offset="0" sl="501" sc="75" el="501" ec="153" bec="0" bev="0" fileid="108" />
              </SequencePoints>
              <BranchPoints />
              <MethodPoint xsi:type="SequencePoint" vc="7" uspid="5832" ordinal="0" offset="0" sl="501" sc="75" el="501" ec="153" bec="0" bev="0" fileid="108" />
            </Method>
          </Methods>
        </Class>
        <Class>
          <Summary numSequencePoints="0" visitedSequencePoints="0" numBranchPoints="0" visitedBranchPoints="0" sequenceCoverage="0" branchCoverage="0" maxCyclomaticComplexity="1" minCyclomaticComplexity="1" visitedClasses="0" numClasses="0" visitedMethods="0" numMethods="0" />
          <FullName>SportsWeb.Services.Services.Implementation.SchedulingApplication.MasterScheduleService/&lt;&gt;c__DisplayClass6_0</FullName>
          <Methods>
            <Method visited="true" cyclomaticComplexity="1" nPathComplexity="0" sequenceCoverage="0" branchCoverage="0" isConstructor="true" isStatic="false" isGetter="false" isSetter="false">
              <Summary numSequencePoints="0" visitedSequencePoints="0" numBranchPoints="0" visitedBranchPoints="0" sequenceCoverage="0" branchCoverage="0" maxCyclomaticComplexity="1" minCyclomaticComplexity="1" visitedClasses="0" numClasses="0" visitedMethods="0" numMethods="0" />
              <MetadataToken>100667023</MetadataToken>
              <Name>System.Void SportsWeb.Services.Services.Implementation.SchedulingApplication.MasterScheduleService/&lt;&gt;c__DisplayClass6_0::.ctor()</Name>
              <SequencePoints />
              <BranchPoints />
              <MethodPoint vc="10" uspid="5837" ordinal="0" offset="0" />
            </Method>
          </Methods>
        </Class>
        <Class>
          <Summary numSequencePoints="0" visitedSequencePoints="0" numBranchPoints="0" visitedBranchPoints="0" sequenceCoverage="0" branchCoverage="0" maxCyclomaticComplexity="1" minCyclomaticComplexity="1" visitedClasses="0" numClasses="0" visitedMethods="0" numMethods="0" />
          <FullName>SportsWeb.Services.Services.Implementation.SchedulingApplication.MasterScheduleService/&lt;&gt;c__DisplayClass6_1</FullName>
          <Methods>
            <Method visited="true" cyclomaticComplexity="1" nPathComplexity="0" sequenceCoverage="0" branchCoverage="0" isConstructor="true" isStatic="false" isGetter="false" isSetter="false">
              <Summary numSequencePoints="0" visitedSequencePoints="0" numBranchPoints="0" visitedBranchPoints="0" sequenceCoverage="0" branchCoverage="0" maxCyclomaticComplexity="1" minCyclomaticComplexity="1" visitedClasses="0" numClasses="0" visitedMethods="0" numMethods="0" />
              <MetadataToken>100667024</MetadataToken>
              <Name>System.Void SportsWeb.Services.Services.Implementation.SchedulingApplication.MasterScheduleService/&lt;&gt;c__DisplayClass6_1::.ctor()</Name>
              <SequencePoints />
              <BranchPoints />
              <MethodPoint vc="12" uspid="5838" ordinal="0" offset="0" />
            </Method>
          </Methods>
        </Class>
        <Class>
          <Summary numSequencePoints="1" visitedSequencePoints="1" numBranchPoints="1" visitedBranchPoints="1" sequenceCoverage="100" branchCoverage="100" maxCyclomaticComplexity="1" minCyclomaticComplexity="1" visitedClasses="1" numClasses="1" visitedMethods="1" numMethods="1" />
          <FullName>SportsWeb.Services.Services.Implementation.SchedulingApplication.MasterScheduleService/&lt;&gt;c__DisplayClass6_2</FullName>
          <Methods>
            <Method visited="true" cyclomaticComplexity="1" nPathComplexity="0" sequenceCoverage="0" branchCoverage="0" isConstructor="true" isStatic="false" isGetter="false" isSetter="false">
              <Summary numSequencePoints="0" visitedSequencePoints="0" numBranchPoints="0" visitedBranchPoints="0" sequenceCoverage="0" branchCoverage="0" maxCyclomaticComplexity="1" minCyclomaticComplexity="1" visitedClasses="0" numClasses="0" visitedMethods="0" numMethods="0" />
              <MetadataToken>100667025</MetadataToken>
              <Name>System.Void SportsWeb.Services.Services.Implementation.SchedulingApplication.MasterScheduleService/&lt;&gt;c__DisplayClass6_2::.ctor()</Name>
              <SequencePoints />
              <BranchPoints />
              <MethodPoint vc="20" uspid="5839" ordinal="0" offset="0" />
            </Method>
            <Method visited="true" cyclomaticComplexity="1" nPathComplexity="0" sequenceCoverage="100" branchCoverage="100" isConstructor="false" isStatic="false" isGetter="false" isSetter="false">
              <Summary numSequencePoints="1" visitedSequencePoints="1" numBranchPoints="1" visitedBranchPoints="1" sequenceCoverage="100" branchCoverage="100" maxCyclomaticComplexity="1" minCyclomaticComplexity="1" visitedClasses="0" numClasses="0" visitedMethods="1" numMethods="1" />
              <MetadataToken>100667026</MetadataToken>
              <Name>System.Boolean SportsWeb.Services.Services.Implementation.SchedulingApplication.MasterScheduleService/&lt;&gt;c__DisplayClass6_2::&lt;EditMasterScheduleModel&gt;b__4(SportsWeb.Models.CPUModel)</Name>
              <FileRef uid="108" />
              <SequencePoints>
                <SequencePoint vc="14" uspid="5840" ordinal="0" offset="0" sl="437" sc="54" el="437" ec="108" bec="0" bev="0" fileid="108" />
              </SequencePoints>
              <BranchPoints />
              <MethodPoint xsi:type="SequencePoint" vc="14" uspid="5840" ordinal="0" offset="0" sl="437" sc="54" el="437" ec="108" bec="0" bev="0" fileid="108" />
            </Method>
          </Methods>
        </Class>
        <Class>
          <Summary numSequencePoints="0" visitedSequencePoints="0" numBranchPoints="0" visitedBranchPoints="0" sequenceCoverage="0" branchCoverage="0" maxCyclomaticComplexity="1" minCyclomaticComplexity="1" visitedClasses="0" numClasses="0" visitedMethods="0" numMethods="0" />
          <FullName>SportsWeb.Services.Services.Implementation.SchedulingApplication.MasterScheduleService/&lt;&gt;c__DisplayClass7_0</FullName>
          <Methods>
            <Method visited="true" cyclomaticComplexity="1" nPathComplexity="0" sequenceCoverage="0" branchCoverage="0" isConstructor="true" isStatic="false" isGetter="false" isSetter="false">
              <Summary numSequencePoints="0" visitedSequencePoints="0" numBranchPoints="0" visitedBranchPoints="0" sequenceCoverage="0" branchCoverage="0" maxCyclomaticComplexity="1" minCyclomaticComplexity="1" visitedClasses="0" numClasses="0" visitedMethods="0" numMethods="0" />
              <MetadataToken>100667027</MetadataToken>
              <Name>System.Void SportsWeb.Services.Services.Implementation.SchedulingApplication.MasterScheduleService/&lt;&gt;c__DisplayClass7_0::.ctor()</Name>
              <SequencePoints />
              <BranchPoints />
              <MethodPoint vc="7" uspid="5841" ordinal="0" offset="0" />
            </Method>
          </Methods>
        </Class>
        <Class>
          <Summary numSequencePoints="0" visitedSequencePoints="0" numBranchPoints="0" visitedBranchPoints="0" sequenceCoverage="0" branchCoverage="0" maxCyclomaticComplexity="1" minCyclomaticComplexity="1" visitedClasses="0" numClasses="0" visitedMethods="0" numMethods="0" />
          <FullName>SportsWeb.Services.Services.Implementation.SchedulingApplication.MasterScheduleService/&lt;&gt;c__DisplayClass7_1</FullName>
          <Methods>
            <Method visited="true" cyclomaticComplexity="1" nPathComplexity="0" sequenceCoverage="0" branchCoverage="0" isConstructor="true" isStatic="false" isGetter="false" isSetter="false">
              <Summary numSequencePoints="0" visitedSequencePoints="0" numBranchPoints="0" visitedBranchPoints="0" sequenceCoverage="0" branchCoverage="0" maxCyclomaticComplexity="1" minCyclomaticComplexity="1" visitedClasses="0" numClasses="0" visitedMethods="0" numMethods="0" />
              <MetadataToken>100667028</MetadataToken>
              <Name>System.Void SportsWeb.Services.Services.Implementation.SchedulingApplication.MasterScheduleService/&lt;&gt;c__DisplayClass7_1::.ctor()</Name>
              <SequencePoints />
              <BranchPoints />
              <MethodPoint vc="8" uspid="5842" ordinal="0" offset="0" />
            </Method>
          </Methods>
        </Class>
        <Class>
          <Summary numSequencePoints="1" visitedSequencePoints="1" numBranchPoints="1" visitedBranchPoints="1" sequenceCoverage="100" branchCoverage="100" maxCyclomaticComplexity="1" minCyclomaticComplexity="1" visitedClasses="1" numClasses="1" visitedMethods="1" numMethods="1" />
          <FullName>SportsWeb.Services.Services.Implementation.SchedulingApplication.MasterScheduleService/&lt;&gt;c__DisplayClass7_2</FullName>
          <Methods>
            <Method visited="true" cyclomaticComplexity="1" nPathComplexity="0" sequenceCoverage="0" branchCoverage="0" isConstructor="true" isStatic="false" isGetter="false" isSetter="false">
              <Summary numSequencePoints="0" visitedSequencePoints="0" numBranchPoints="0" visitedBranchPoints="0" sequenceCoverage="0" branchCoverage="0" maxCyclomaticComplexity="1" minCyclomaticComplexity="1" visitedClasses="0" numClasses="0" visitedMethods="0" numMethods="0" />
              <MetadataToken>100667029</MetadataToken>
              <Name>System.Void SportsWeb.Services.Services.Implementation.SchedulingApplication.MasterScheduleService/&lt;&gt;c__DisplayClass7_2::.ctor()</Name>
              <SequencePoints />
              <BranchPoints />
              <MethodPoint vc="15" uspid="5843" ordinal="0" offset="0" />
            </Method>
            <Method visited="true" cyclomaticComplexity="1" nPathComplexity="0" sequenceCoverage="100" branchCoverage="100" isConstructor="false" isStatic="false" isGetter="false" isSetter="false">
              <Summary numSequencePoints="1" visitedSequencePoints="1" numBranchPoints="1" visitedBranchPoints="1" sequenceCoverage="100" branchCoverage="100" maxCyclomaticComplexity="1" minCyclomaticComplexity="1" visitedClasses="0" numClasses="0" visitedMethods="1" numMethods="1" />
              <MetadataToken>100667030</MetadataToken>
              <Name>System.Boolean SportsWeb.Services.Services.Implementation.SchedulingApplication.MasterScheduleService/&lt;&gt;c__DisplayClass7_2::&lt;EditBiweeklyMasterScheduleModel&gt;b__4(SportsWeb.Models.CPUModel)</Name>
              <FileRef uid="108" />
              <SequencePoints>
                <SequencePoint vc="8" uspid="5844" ordinal="0" offset="0" sl="621" sc="54" el="621" ec="108" bec="0" bev="0" fileid="108" />
              </SequencePoints>
              <BranchPoints />
              <MethodPoint xsi:type="SequencePoint" vc="8" uspid="5844" ordinal="0" offset="0" sl="621" sc="54" el="621" ec="108" bec="0" bev="0" fileid="108" />
            </Method>
          </Methods>
        </Class>
        <Class>
          <Summary numSequencePoints="0" visitedSequencePoints="0" numBranchPoints="0" visitedBranchPoints="0" sequenceCoverage="0" branchCoverage="0" maxCyclomaticComplexity="1" minCyclomaticComplexity="1" visitedClasses="0" numClasses="0" visitedMethods="0" numMethods="0" />
          <FullName>SportsWeb.Services.Services.Implementation.SchedulingApplication.MasterScheduleService/&lt;&gt;c__DisplayClass8_0</FullName>
          <Methods>
            <Method visited="true" cyclomaticComplexity="1" nPathComplexity="0" sequenceCoverage="0" branchCoverage="0" isConstructor="true" isStatic="false" isGetter="false" isSetter="false">
              <Summary numSequencePoints="0" visitedSequencePoints="0" numBranchPoints="0" visitedBranchPoints="0" sequenceCoverage="0" branchCoverage="0" maxCyclomaticComplexity="1" minCyclomaticComplexity="1" visitedClasses="0" numClasses="0" visitedMethods="0" numMethods="0" />
              <MetadataToken>100667031</MetadataToken>
              <Name>System.Void SportsWeb.Services.Services.Implementation.SchedulingApplication.MasterScheduleService/&lt;&gt;c__DisplayClass8_0::.ctor()</Name>
              <SequencePoints />
              <BranchPoints />
              <MethodPoint vc="7" uspid="5845" ordinal="0" offset="0" />
            </Method>
          </Methods>
        </Class>
        <Class>
          <Summary numSequencePoints="3" visitedSequencePoints="3" numBranchPoints="1" visitedBranchPoints="1" sequenceCoverage="100" branchCoverage="100" maxCyclomaticComplexity="1" minCyclomaticComplexity="1" visitedClasses="1" numClasses="1" visitedMethods="1" numMethods="1" />
          <FullName>SportsWeb.Services.Services.Implementation.SchedulingApplication.MasterScheduleService/&lt;&gt;c__DisplayClass8_1</FullName>
          <Methods>
            <Method visited="true" cyclomaticComplexity="1" nPathComplexity="0" sequenceCoverage="0" branchCoverage="0" isConstructor="true" isStatic="false" isGetter="false" isSetter="false">
              <Summary numSequencePoints="0" visitedSequencePoints="0" numBranchPoints="0" visitedBranchPoints="0" sequenceCoverage="0" branchCoverage="0" maxCyclomaticComplexity="1" minCyclomaticComplexity="1" visitedClasses="0" numClasses="0" visitedMethods="0" numMethods="0" />
              <MetadataToken>100667032</MetadataToken>
              <Name>System.Void SportsWeb.Services.Services.Implementation.SchedulingApplication.MasterScheduleService/&lt;&gt;c__DisplayClass8_1::.ctor()</Name>
              <SequencePoints />
              <BranchPoints />
              <MethodPoint vc="5" uspid="5846" ordinal="0" offset="0" />
            </Method>
            <Method visited="true" cyclomaticComplexity="1" nPathComplexity="0" sequenceCoverage="100" branchCoverage="100" isConstructor="false" isStatic="false" isGetter="false" isSetter="false">
              <Summary numSequencePoints="3" visitedSequencePoints="3" numBranchPoints="1" visitedBranchPoints="1" sequenceCoverage="100" branchCoverage="100" maxCyclomaticComplexity="1" minCyclomaticComplexity="1" visitedClasses="0" numClasses="0" visitedMethods="1" numMethods="1" />
              <MetadataToken>100667033</MetadataToken>
              <Name>System.Void SportsWeb.Services.Services.Implementation.SchedulingApplication.MasterScheduleService/&lt;&gt;c__DisplayClass8_1::&lt;DeleteMasterSchedule&gt;b__1(SportsWeb.Entities.Entities.Schedule)</Name>
              <FileRef uid="108" />
              <SequencePoints>
                <SequencePoint vc="12" uspid="5847" ordinal="0" offset="0" sl="684" sc="33" el="684" ec="34" bec="0" bev="0" fileid="108" />
                <SequencePoint vc="12" uspid="5848" ordinal="1" offset="1" sl="685" sc="37" el="685" ec="117" bec="0" bev="0" fileid="108" />
                <SequencePoint vc="12" uspid="5849" ordinal="2" offset="31" sl="686" sc="33" el="686" ec="34" bec="0" bev="0" fileid="108" />
              </SequencePoints>
              <BranchPoints />
              <MethodPoint xsi:type="SequencePoint" vc="12" uspid="5847" ordinal="0" offset="0" sl="684" sc="33" el="684" ec="34" bec="0" bev="0" fileid="108" />
            </Method>
          </Methods>
        </Class>
        <Class>
          <Summary numSequencePoints="0" visitedSequencePoints="0" numBranchPoints="0" visitedBranchPoints="0" sequenceCoverage="0" branchCoverage="0" maxCyclomaticComplexity="1" minCyclomaticComplexity="1" visitedClasses="0" numClasses="0" visitedMethods="0" numMethods="0" />
          <FullName>SportsWeb.Services.Services.Implementation.SchedulingApplication.MasterScheduleService/&lt;&gt;c__DisplayClass11_0</FullName>
          <Methods>
            <Method visited="true" cyclomaticComplexity="1" nPathComplexity="0" sequenceCoverage="0" branchCoverage="0" isConstructor="true" isStatic="false" isGetter="false" isSetter="false">
              <Summary numSequencePoints="0" visitedSequencePoints="0" numBranchPoints="0" visitedBranchPoints="0" sequenceCoverage="0" branchCoverage="0" maxCyclomaticComplexity="1" minCyclomaticComplexity="1" visitedClasses="0" numClasses="0" visitedMethods="0" numMethods="0" />
              <MetadataToken>100667034</MetadataToken>
              <Name>System.Void SportsWeb.Services.Services.Implementation.SchedulingApplication.MasterScheduleService/&lt;&gt;c__DisplayClass11_0::.ctor()</Name>
              <SequencePoints />
              <BranchPoints />
              <MethodPoint vc="9" uspid="5850" ordinal="0" offset="0" />
            </Method>
          </Methods>
        </Class>
        <Class>
          <Summary numSequencePoints="39" visitedSequencePoints="0" numBranchPoints="15" visitedBranchPoints="0" sequenceCoverage="0" branchCoverage="0" maxCyclomaticComplexity="8" minCyclomaticComplexity="1" visitedClasses="0" numClasses="1" visitedMethods="0" numMethods="5" />
          <FullName>SportsWeb.Services.Services.Implementation.EndUserApplication.TwilightService</FullName>
          <Methods>
            <Method visited="false" cyclomaticComplexity="1" nPathComplexity="0" sequenceCoverage="0" branchCoverage="0" isConstructor="true" isStatic="false" isGetter="false" isSetter="false">
              <Summary numSequencePoints="5" visitedSequencePoints="0" numBranchPoints="1" visitedBranchPoints="0" sequenceCoverage="0" branchCoverage="0" maxCyclomaticComplexity="1" minCyclomaticComplexity="1" visitedClasses="0" numClasses="0" visitedMethods="0" numMethods="1" />
              <MetadataToken>100663921</MetadataToken>
              <Name>System.Void SportsWeb.Services.Services.Implementation.EndUserApplication.TwilightService::.ctor()</Name>
              <FileRef uid="115" />
              <SequencePoints>
                <SequencePoint vc="0" uspid="5851" ordinal="0" offset="0" sl="20" sc="9" el="20" ec="101" bec="0" bev="0" fileid="115" />
                <SequencePoint vc="0" uspid="5852" ordinal="1" offset="21" sl="23" sc="9" el="23" ec="33" bec="0" bev="0" fileid="115" />
                <SequencePoint vc="0" uspid="5853" ordinal="2" offset="28" sl="24" sc="9" el="24" ec="10" bec="0" bev="0" fileid="115" />
                <SequencePoint vc="0" uspid="5854" ordinal="3" offset="29" sl="25" sc="13" el="25" ec="83" bec="0" bev="0" fileid="115" />
                <SequencePoint vc="0" uspid="5855" ordinal="4" offset="50" sl="26" sc="9" el="26" ec="10" bec="0" bev="0" fileid="115" />
              </SequencePoints>
              <BranchPoints />
              <MethodPoint xsi:type="SequencePoint" vc="0" uspid="5851" ordinal="0" offset="0" sl="20" sc="9" el="20" ec="101" bec="0" bev="0" fileid="115" />
            </Method>
            <Method visited="false" cyclomaticComplexity="8" nPathComplexity="16" sequenceCoverage="0" branchCoverage="0" isConstructor="false" isStatic="false" isGetter="false" isSetter="false">
              <Summary numSequencePoints="22" visitedSequencePoints="0" numBranchPoints="9" visitedBranchPoints="0" sequenceCoverage="0" branchCoverage="0" maxCyclomaticComplexity="8" minCyclomaticComplexity="8" visitedClasses="0" numClasses="0" visitedMethods="0" numMethods="1" />
              <MetadataToken>100663922</MetadataToken>
              <Name>System.Collections.Generic.List`1&lt;SportsWeb.Models.Models.DailyTwilightDetails&gt; SportsWeb.Services.Services.Implementation.EndUserApplication.TwilightService::GetSiteSunRiseSunSetDetails(System.Guid,System.DateTime,System.DateTime)</Name>
              <FileRef uid="115" />
              <SequencePoints>
                <SequencePoint vc="0" uspid="5856" ordinal="0" offset="0" sl="29" sc="9" el="29" ec="10" bec="0" bev="0" fileid="115" />
                <SequencePoint vc="0" uspid="5857" ordinal="1" offset="1" sl="30" sc="13" el="30" ec="70" bec="0" bev="0" fileid="115" />
                <SequencePoint vc="0" uspid="5858" ordinal="2" offset="14" sl="31" sc="13" el="31" ec="63" bec="2" bev="0" fileid="115" />
                <SequencePoint vc="0" uspid="5859" ordinal="3" offset="35" sl="32" sc="13" el="32" ec="14" bec="0" bev="0" fileid="115" />
                <SequencePoint vc="0" uspid="5860" ordinal="4" offset="36" sl="33" sc="17" el="33" ec="104" bec="0" bev="0" fileid="115" />
                <SequencePoint vc="0" uspid="5861" ordinal="5" offset="47" sl="35" sc="13" el="35" ec="154" bec="2" bev="0" fileid="115" />
                <SequencePoint vc="0" uspid="5862" ordinal="6" offset="97" sl="36" sc="13" el="36" ec="38" bec="2" bev="0" fileid="115" />
                <SequencePoint vc="0" uspid="5863" ordinal="7" offset="107" sl="37" sc="13" el="37" ec="14" bec="0" bev="0" fileid="115" />
                <SequencePoint vc="0" uspid="5864" ordinal="8" offset="108" sl="38" sc="17" el="38" ec="107" bec="0" bev="0" fileid="115" />
                <SequencePoint vc="0" uspid="5865" ordinal="9" offset="119" sl="40" sc="13" el="40" ec="71" bec="0" bev="0" fileid="115" />
                <SequencePoint vc="0" uspid="5866" ordinal="10" offset="127" sl="41" sc="13" el="41" ec="86" bec="0" bev="0" fileid="115" />
                <SequencePoint vc="0" uspid="5867" ordinal="11" offset="134" sl="42" sc="13" el="42" ec="89" bec="0" bev="0" fileid="115" />
                <SequencePoint vc="0" uspid="5868" ordinal="12" offset="141" sl="45" sc="18" el="45" ec="41" bec="0" bev="0" fileid="115" />
                <SequencePoint vc="0" uspid="5869" ordinal="13" offset="146" sl="46" sc="13" el="46" ec="14" bec="0" bev="0" fileid="115" />
                <SequencePoint vc="0" uspid="5870" ordinal="14" offset="147" sl="47" sc="17" el="48" ec="54" bec="0" bev="0" fileid="115" />
                <SequencePoint vc="0" uspid="5871" ordinal="15" offset="190" sl="56" sc="17" el="71" ec="19" bec="0" bev="0" fileid="115" />
                <SequencePoint vc="0" uspid="5872" ordinal="16" offset="242" sl="73" sc="17" el="73" ec="44" bec="0" bev="0" fileid="115" />
                <SequencePoint vc="0" uspid="5873" ordinal="17" offset="252" sl="74" sc="13" el="74" ec="14" bec="0" bev="0" fileid="115" />
                <SequencePoint vc="0" uspid="5874" ordinal="18" offset="253" sl="45" sc="58" el="45" ec="76" bec="0" bev="0" fileid="115" />
                <SequencePoint vc="0" uspid="5875" ordinal="19" offset="271" sl="45" sc="43" el="45" ec="56" bec="2" bev="0" fileid="115" />
                <SequencePoint vc="0" uspid="5876" ordinal="20" offset="288" sl="76" sc="13" el="76" ec="34" bec="0" bev="0" fileid="115" />
                <SequencePoint vc="0" uspid="5877" ordinal="21" offset="294" sl="77" sc="9" el="77" ec="10" bec="0" bev="0" fileid="115" />
              </SequencePoints>
              <BranchPoints>
                <BranchPoint vc="0" uspid="5880" ordinal="2" offset="33" sl="31" path="0" offsetend="35" fileid="115" />
                <BranchPoint vc="0" uspid="5881" ordinal="3" offset="33" sl="31" path="1" offsetend="47" fileid="115" />
                <BranchPoint vc="0" uspid="5884" ordinal="6" offset="85" sl="35" path="0" offsetend="87" fileid="115" />
                <BranchPoint vc="0" uspid="5885" ordinal="7" offset="85" sl="35" path="1" offsetend="91" fileid="115" />
                <BranchPoint vc="0" uspid="5886" ordinal="8" offset="105" sl="36" path="0" offsetend="107" fileid="115" />
                <BranchPoint vc="0" uspid="5887" ordinal="9" offset="105" sl="36" path="1" offsetend="119" fileid="115" />
                <BranchPoint vc="0" uspid="5888" ordinal="10" offset="283" sl="45" path="0" offsetend="288" fileid="115" />
                <BranchPoint vc="0" uspid="5889" ordinal="11" offset="283" sl="45" path="1" offsetend="146" fileid="115" />
              </BranchPoints>
              <MethodPoint xsi:type="SequencePoint" vc="0" uspid="5856" ordinal="0" offset="0" sl="29" sc="9" el="29" ec="10" bec="0" bev="0" fileid="115" />
            </Method>
            <Method visited="false" cyclomaticComplexity="1" nPathComplexity="0" sequenceCoverage="0" branchCoverage="0" isConstructor="false" isStatic="false" isGetter="false" isSetter="false">
              <Summary numSequencePoints="3" visitedSequencePoints="0" numBranchPoints="1" visitedBranchPoints="0" sequenceCoverage="0" branchCoverage="0" maxCyclomaticComplexity="1" minCyclomaticComplexity="1" visitedClasses="0" numClasses="0" visitedMethods="0" numMethods="1" />
              <MetadataToken>100663923</MetadataToken>
              <Name>System.DateTime SportsWeb.Services.Services.Implementation.EndUserApplication.TwilightService::GetTimeFromTimeZone(System.DateTime,System.Double,System.TimeZoneInfo)</Name>
              <FileRef uid="115" />
              <SequencePoints>
                <SequencePoint vc="0" uspid="5890" ordinal="0" offset="0" sl="80" sc="9" el="80" ec="10" bec="0" bev="0" fileid="115" />
                <SequencePoint vc="0" uspid="5891" ordinal="1" offset="1" sl="82" sc="13" el="82" ec="99" bec="0" bev="0" fileid="115" />
                <SequencePoint vc="0" uspid="5892" ordinal="2" offset="28" sl="83" sc="9" el="83" ec="10" bec="0" bev="0" fileid="115" />
              </SequencePoints>
              <BranchPoints />
              <MethodPoint xsi:type="SequencePoint" vc="0" uspid="5890" ordinal="0" offset="0" sl="80" sc="9" el="80" ec="10" bec="0" bev="0" fileid="115" />
            </Method>
            <Method visited="false" cyclomaticComplexity="6" nPathComplexity="2" sequenceCoverage="0" branchCoverage="0" isConstructor="false" isStatic="false" isGetter="false" isSetter="false">
              <Summary numSequencePoints="8" visitedSequencePoints="0" numBranchPoints="3" visitedBranchPoints="0" sequenceCoverage="0" branchCoverage="0" maxCyclomaticComplexity="6" minCyclomaticComplexity="6" visitedClasses="0" numClasses="0" visitedMethods="0" numMethods="1" />
              <MetadataToken>100663924</MetadataToken>
              <Name>System.String SportsWeb.Services.Services.Implementation.EndUserApplication.TwilightService::GetCustomerTimeZoneBySiteId(System.Guid)</Name>
              <FileRef uid="115" />
              <SequencePoints>
                <SequencePoint vc="0" uspid="5893" ordinal="0" offset="13" sl="86" sc="9" el="86" ec="10" bec="0" bev="0" fileid="115" />
                <SequencePoint vc="0" uspid="5894" ordinal="1" offset="14" sl="87" sc="20" el="87" ec="47" bec="0" bev="0" fileid="115" />
                <SequencePoint vc="0" uspid="5895" ordinal="2" offset="27" sl="88" sc="13" el="88" ec="14" bec="0" bev="0" fileid="115" />
                <SequencePoint vc="0" uspid="5896" ordinal="3" offset="28" sl="89" sc="17" el="89" ec="71" bec="0" bev="0" fileid="115" />
                <SequencePoint vc="0" uspid="5897" ordinal="4" offset="35" sl="90" sc="17" el="90" ec="79" bec="0" bev="0" fileid="115" />
                <SequencePoint vc="0" uspid="5898" ordinal="5" offset="43" sl="92" sc="17" el="92" ec="108" bec="0" bev="0" fileid="115" />
                <SequencePoint vc="0" uspid="5899" ordinal="6" offset="198" sl="94" sc="17" el="94" ec="105" bec="2" bev="0" fileid="115" />
                <SequencePoint vc="0" uspid="5900" ordinal="7" offset="364" sl="96" sc="9" el="96" ec="10" bec="0" bev="0" fileid="115" />
              </SequencePoints>
              <BranchPoints>
                <BranchPoint vc="0" uspid="5903" ordinal="2" offset="338" sl="94" path="0" offsetend="340" fileid="115" />
                <BranchPoint vc="0" uspid="5904" ordinal="3" offset="338" sl="94" path="1" offsetend="344" fileid="115" />
              </BranchPoints>
              <MethodPoint vc="0" uspid="5905" ordinal="0" offset="0" />
            </Method>
            <Method visited="false" cyclomaticComplexity="1" nPathComplexity="0" sequenceCoverage="0" branchCoverage="0" isConstructor="true" isStatic="true" isGetter="false" isSetter="false">
              <Summary numSequencePoints="1" visitedSequencePoints="0" numBranchPoints="1" visitedBranchPoints="0" sequenceCoverage="0" branchCoverage="0" maxCyclomaticComplexity="1" minCyclomaticComplexity="1" visitedClasses="0" numClasses="0" visitedMethods="0" numMethods="1" />
              <MetadataToken>100663925</MetadataToken>
              <Name>System.Void SportsWeb.Services.Services.Implementation.EndUserApplication.TwilightService::.cctor()</Name>
              <FileRef uid="115" />
              <SequencePoints>
                <SequencePoint vc="0" uspid="5906" ordinal="0" offset="0" sl="21" sc="9" el="21" ec="92" bec="0" bev="0" fileid="115" />
              </SequencePoints>
              <BranchPoints />
              <MethodPoint xsi:type="SequencePoint" vc="0" uspid="5906" ordinal="0" offset="0" sl="21" sc="9" el="21" ec="92" bec="0" bev="0" fileid="115" />
            </Method>
          </Methods>
        </Class>
        <Class>
          <Summary numSequencePoints="1" visitedSequencePoints="0" numBranchPoints="1" visitedBranchPoints="0" sequenceCoverage="0" branchCoverage="0" maxCyclomaticComplexity="4" minCyclomaticComplexity="1" visitedClasses="0" numClasses="1" visitedMethods="0" numMethods="1" />
          <FullName>SportsWeb.Services.Services.Implementation.EndUserApplication.TwilightService/&lt;&gt;c</FullName>
          <Methods>
            <Method visited="false" cyclomaticComplexity="1" nPathComplexity="0" sequenceCoverage="0" branchCoverage="0" isConstructor="true" isStatic="true" isGetter="false" isSetter="false">
              <Summary numSequencePoints="0" visitedSequencePoints="0" numBranchPoints="0" visitedBranchPoints="0" sequenceCoverage="0" branchCoverage="0" maxCyclomaticComplexity="1" minCyclomaticComplexity="1" visitedClasses="0" numClasses="0" visitedMethods="0" numMethods="0" />
              <MetadataToken>100667035</MetadataToken>
              <Name>System.Void SportsWeb.Services.Services.Implementation.EndUserApplication.TwilightService/&lt;&gt;c::.cctor()</Name>
              <SequencePoints />
              <BranchPoints />
              <MethodPoint vc="0" uspid="5907" ordinal="0" offset="0" />
            </Method>
            <Method visited="false" cyclomaticComplexity="1" nPathComplexity="0" sequenceCoverage="0" branchCoverage="0" isConstructor="true" isStatic="false" isGetter="false" isSetter="false">
              <Summary numSequencePoints="0" visitedSequencePoints="0" numBranchPoints="0" visitedBranchPoints="0" sequenceCoverage="0" branchCoverage="0" maxCyclomaticComplexity="1" minCyclomaticComplexity="1" visitedClasses="0" numClasses="0" visitedMethods="0" numMethods="0" />
              <MetadataToken>100667036</MetadataToken>
              <Name>System.Void SportsWeb.Services.Services.Implementation.EndUserApplication.TwilightService/&lt;&gt;c::.ctor()</Name>
              <SequencePoints />
              <BranchPoints />
              <MethodPoint vc="0" uspid="5908" ordinal="0" offset="0" />
            </Method>
            <Method visited="false" cyclomaticComplexity="4" nPathComplexity="0" sequenceCoverage="0" branchCoverage="0" isConstructor="false" isStatic="false" isGetter="false" isSetter="false">
              <Summary numSequencePoints="1" visitedSequencePoints="0" numBranchPoints="1" visitedBranchPoints="0" sequenceCoverage="0" branchCoverage="0" maxCyclomaticComplexity="4" minCyclomaticComplexity="4" visitedClasses="0" numClasses="0" visitedMethods="0" numMethods="1" />
              <MetadataToken>100667037</MetadataToken>
              <Name>System.Boolean SportsWeb.Services.Services.Implementation.EndUserApplication.TwilightService/&lt;&gt;c::&lt;GetSiteSunRiseSunSetDetails&gt;b__4_0(SportsWeb.Models.CPUModel)</Name>
              <FileRef uid="115" />
              <SequencePoints>
                <SequencePoint vc="0" uspid="5909" ordinal="0" offset="0" sl="35" sc="64" el="35" ec="142" bec="0" bev="0" fileid="115" />
              </SequencePoints>
              <BranchPoints />
              <MethodPoint xsi:type="SequencePoint" vc="0" uspid="5909" ordinal="0" offset="0" sl="35" sc="64" el="35" ec="142" bec="0" bev="0" fileid="115" />
            </Method>
          </Methods>
        </Class>
        <Class>
          <Summary numSequencePoints="0" visitedSequencePoints="0" numBranchPoints="0" visitedBranchPoints="0" sequenceCoverage="0" branchCoverage="0" maxCyclomaticComplexity="1" minCyclomaticComplexity="1" visitedClasses="0" numClasses="0" visitedMethods="0" numMethods="0" />
          <FullName>SportsWeb.Services.Services.Implementation.EndUserApplication.TwilightService/&lt;&gt;c__DisplayClass6_0</FullName>
          <Methods>
            <Method visited="false" cyclomaticComplexity="1" nPathComplexity="0" sequenceCoverage="0" branchCoverage="0" isConstructor="true" isStatic="false" isGetter="false" isSetter="false">
              <Summary numSequencePoints="0" visitedSequencePoints="0" numBranchPoints="0" visitedBranchPoints="0" sequenceCoverage="0" branchCoverage="0" maxCyclomaticComplexity="1" minCyclomaticComplexity="1" visitedClasses="0" numClasses="0" visitedMethods="0" numMethods="0" />
              <MetadataToken>100667038</MetadataToken>
              <Name>System.Void SportsWeb.Services.Services.Implementation.EndUserApplication.TwilightService/&lt;&gt;c__DisplayClass6_0::.ctor()</Name>
              <SequencePoints />
              <BranchPoints />
              <MethodPoint vc="0" uspid="5914" ordinal="0" offset="0" />
            </Method>
          </Methods>
        </Class>
        <Class>
          <Summary numSequencePoints="0" visitedSequencePoints="0" numBranchPoints="0" visitedBranchPoints="0" sequenceCoverage="0" branchCoverage="0" maxCyclomaticComplexity="1" minCyclomaticComplexity="1" visitedClasses="0" numClasses="0" visitedMethods="0" numMethods="0" />
          <FullName>SportsWeb.Services.Services.Implementation.EndUserApplication.TwilightService/&lt;&gt;c__DisplayClass6_1</FullName>
          <Methods>
            <Method visited="false" cyclomaticComplexity="1" nPathComplexity="0" sequenceCoverage="0" branchCoverage="0" isConstructor="true" isStatic="false" isGetter="false" isSetter="false">
              <Summary numSequencePoints="0" visitedSequencePoints="0" numBranchPoints="0" visitedBranchPoints="0" sequenceCoverage="0" branchCoverage="0" maxCyclomaticComplexity="1" minCyclomaticComplexity="1" visitedClasses="0" numClasses="0" visitedMethods="0" numMethods="0" />
              <MetadataToken>100667039</MetadataToken>
              <Name>System.Void SportsWeb.Services.Services.Implementation.EndUserApplication.TwilightService/&lt;&gt;c__DisplayClass6_1::.ctor()</Name>
              <SequencePoints />
              <BranchPoints />
              <MethodPoint vc="0" uspid="5915" ordinal="0" offset="0" />
            </Method>
          </Methods>
        </Class>
        <Class>
          <Summary numSequencePoints="52" visitedSequencePoints="42" numBranchPoints="23" visitedBranchPoints="16" sequenceCoverage="80.77" branchCoverage="69.57" maxCyclomaticComplexity="15" minCyclomaticComplexity="1" visitedClasses="1" numClasses="1" visitedMethods="5" numMethods="5" />
          <FullName>SportsWeb.Services.Services.Implementation.EndUserApplication.UserServices</FullName>
          <Methods>
            <Method visited="true" cyclomaticComplexity="1" nPathComplexity="0" sequenceCoverage="100" branchCoverage="100" isConstructor="false" isStatic="false" isGetter="false" isSetter="false">
              <Summary numSequencePoints="3" visitedSequencePoints="3" numBranchPoints="1" visitedBranchPoints="1" sequenceCoverage="100" branchCoverage="100" maxCyclomaticComplexity="1" minCyclomaticComplexity="1" visitedClasses="0" numClasses="0" visitedMethods="1" numMethods="1" />
              <MetadataToken>100663926</MetadataToken>
              <Name>System.String SportsWeb.Services.Services.Implementation.EndUserApplication.UserServices::GetControlUiurl()</Name>
              <FileRef uid="117" />
              <SequencePoints>
                <SequencePoint vc="1" uspid="5916" ordinal="0" offset="0" sl="21" sc="9" el="21" ec="10" bec="0" bev="0" fileid="117" />
                <SequencePoint vc="1" uspid="5917" ordinal="1" offset="1" sl="22" sc="13" el="22" ec="63" bec="0" bev="0" fileid="117" />
                <SequencePoint vc="1" uspid="5918" ordinal="2" offset="20" sl="23" sc="9" el="23" ec="10" bec="0" bev="0" fileid="117" />
              </SequencePoints>
              <BranchPoints />
              <MethodPoint xsi:type="SequencePoint" vc="1" uspid="5916" ordinal="0" offset="0" sl="21" sc="9" el="21" ec="10" bec="0" bev="0" fileid="117" />
            </Method>
            <Method visited="true" cyclomaticComplexity="15" nPathComplexity="96" sequenceCoverage="83.33" branchCoverage="60" isConstructor="false" isStatic="false" isGetter="false" isSetter="false">
              <Summary numSequencePoints="30" visitedSequencePoints="25" numBranchPoints="15" visitedBranchPoints="9" sequenceCoverage="83.33" branchCoverage="60" maxCyclomaticComplexity="15" minCyclomaticComplexity="15" visitedClasses="0" numClasses="0" visitedMethods="1" numMethods="1" />
              <MetadataToken>100663927</MetadataToken>
              <Name>System.Collections.Generic.List`1&lt;SportsWeb.Models.AppPermissionEnum&gt; SportsWeb.Services.Services.Implementation.EndUserApplication.UserServices::GetPermissionsforSite(System.String,System.Guid,SportsWeb.Services.Repository.Repository`2&lt;System.Guid,SportsWeb.Entities.User&gt;)</Name>
              <FileRef uid="117" />
              <SequencePoints>
                <SequencePoint vc="5" uspid="5919" ordinal="0" offset="20" sl="26" sc="9" el="26" ec="10" bec="0" bev="0" fileid="117" />
                <SequencePoint vc="5" uspid="5920" ordinal="1" offset="21" sl="27" sc="13" el="27" ec="48" bec="2" bev="1" fileid="117" />
                <SequencePoint vc="0" uspid="5921" ordinal="2" offset="36" sl="28" sc="17" el="28" ec="67" bec="0" bev="0" fileid="117" />
                <SequencePoint vc="5" uspid="5922" ordinal="3" offset="48" sl="31" sc="13" el="31" ec="14" bec="0" bev="0" fileid="117" />
                <SequencePoint vc="5" uspid="5923" ordinal="4" offset="49" sl="32" sc="17" el="32" ec="85" bec="0" bev="0" fileid="117" />
                <SequencePoint vc="5" uspid="5924" ordinal="5" offset="55" sl="33" sc="17" el="34" ec="93" bec="0" bev="0" fileid="117" />
                <SequencePoint vc="5" uspid="5925" ordinal="6" offset="292" sl="36" sc="17" el="36" ec="24" bec="0" bev="0" fileid="117" />
                <SequencePoint vc="5" uspid="5926" ordinal="7" offset="293" sl="36" sc="38" el="36" ec="43" bec="0" bev="0" fileid="117" />
                <SequencePoint vc="5" uspid="5927" ordinal="8" offset="306" sl="36" sc="26" el="36" ec="34" bec="0" bev="0" fileid="117" />
                <SequencePoint vc="5" uspid="5928" ordinal="9" offset="315" sl="37" sc="17" el="37" ec="18" bec="0" bev="0" fileid="117" />
                <SequencePoint vc="5" uspid="5929" ordinal="10" offset="316" sl="38" sc="21" el="38" ec="28" bec="0" bev="0" fileid="117" />
                <SequencePoint vc="5" uspid="5930" ordinal="11" offset="317" sl="38" sc="43" el="38" ec="54" bec="0" bev="0" fileid="117" />
                <SequencePoint vc="7" uspid="5931" ordinal="12" offset="336" sl="38" sc="30" el="38" ec="39" bec="0" bev="0" fileid="117" />
                <SequencePoint vc="7" uspid="5932" ordinal="13" offset="345" sl="39" sc="21" el="39" ec="22" bec="0" bev="0" fileid="117" />
                <SequencePoint vc="7" uspid="5933" ordinal="14" offset="346" sl="40" sc="25" el="40" ec="86" bec="5" bev="4" fileid="117" />
                <SequencePoint vc="4" uspid="5934" ordinal="15" offset="448" sl="43" sc="33" el="43" ec="77" bec="0" bev="0" fileid="117" />
                <SequencePoint vc="4" uspid="5935" ordinal="16" offset="456" sl="44" sc="33" el="44" ec="39" bec="0" bev="0" fileid="117" />
                <SequencePoint vc="3" uspid="5936" ordinal="17" offset="458" sl="49" sc="33" el="49" ec="85" bec="2" bev="1" fileid="117" />
                <SequencePoint vc="3" uspid="5937" ordinal="18" offset="474" sl="49" sc="86" el="49" ec="129" bec="0" bev="0" fileid="117" />
                <SequencePoint vc="3" uspid="5938" ordinal="19" offset="482" sl="50" sc="33" el="50" ec="39" bec="0" bev="0" fileid="117" />
                <SequencePoint vc="7" uspid="5939" ordinal="20" offset="484" sl="52" sc="21" el="52" ec="22" bec="0" bev="0" fileid="117" />
                <SequencePoint vc="12" uspid="5940" ordinal="21" offset="485" sl="38" sc="40" el="38" ec="42" bec="0" bev="0" fileid="117" />
                <SequencePoint vc="5" uspid="5941" ordinal="22" offset="512" sl="53" sc="17" el="53" ec="18" bec="0" bev="0" fileid="117" />
                <SequencePoint vc="10" uspid="5942" ordinal="23" offset="513" sl="36" sc="35" el="36" ec="37" bec="0" bev="0" fileid="117" />
                <SequencePoint vc="5" uspid="5943" ordinal="24" offset="540" sl="54" sc="17" el="54" ec="36" bec="0" bev="0" fileid="117" />
                <SequencePoint vc="0" uspid="5944" ordinal="25" offset="545" sl="56" sc="13" el="56" ec="33" bec="0" bev="0" fileid="117" />
                <SequencePoint vc="0" uspid="5945" ordinal="26" offset="547" sl="57" sc="13" el="57" ec="14" bec="0" bev="0" fileid="117" />
                <SequencePoint vc="0" uspid="5946" ordinal="27" offset="548" sl="58" sc="17" el="58" ec="109" bec="0" bev="0" fileid="117" />
                <SequencePoint vc="0" uspid="5947" ordinal="28" offset="566" sl="59" sc="17" el="59" ec="23" bec="0" bev="0" fileid="117" />
                <SequencePoint vc="5" uspid="5948" ordinal="29" offset="568" sl="62" sc="9" el="62" ec="10" bec="0" bev="0" fileid="117" />
              </SequencePoints>
              <BranchPoints>
                <BranchPoint vc="0" uspid="5949" ordinal="0" offset="34" sl="27" path="0" offsetend="36" fileid="117" />
                <BranchPoint vc="5" uspid="5950" ordinal="1" offset="34" sl="27" path="1" offsetend="47" fileid="117" />
                <BranchPoint vc="0" uspid="5951" ordinal="2" offset="376" sl="40" path="0" offsetchain="378 446" offsetend="484" fileid="117" />
                <BranchPoint vc="7" uspid="5952" ordinal="3" offset="376" sl="40" path="1" offsetend="380" fileid="117" />
                <BranchPoint vc="7" uspid="5953" ordinal="4" offset="390" sl="40" path="0" offsetend="392" fileid="117" />
                <BranchPoint vc="0" uspid="5954" ordinal="5" offset="390" sl="40" path="1" offsetchain="446" offsetend="484" fileid="117" />
                <BranchPoint vc="0" uspid="5955" ordinal="6" offset="409" sl="40" path="0" offsetchain="434 446" offsetend="484" fileid="117" />
                <BranchPoint vc="0" uspid="5956" ordinal="7" offset="409" sl="40" path="1" offsetchain="440" offsetend="458" fileid="117" />
                <BranchPoint vc="2" uspid="5957" ordinal="8" offset="409" sl="40" path="2" offsetchain="444" offsetend="458" fileid="117" />
                <BranchPoint vc="1" uspid="5958" ordinal="9" offset="409" sl="40" path="3" offsetchain="442" offsetend="458" fileid="117" />
                <BranchPoint vc="3" uspid="5959" ordinal="10" offset="409" sl="40" path="4" offsetchain="438" offsetend="458" fileid="117" />
                <BranchPoint vc="4" uspid="5960" ordinal="11" offset="409" sl="40" path="5" offsetchain="436" offsetend="448" fileid="117" />
                <BranchPoint vc="3" uspid="5961" ordinal="12" offset="472" sl="49" path="0" offsetend="474" fileid="117" />
                <BranchPoint vc="0" uspid="5962" ordinal="13" offset="472" sl="49" path="1" offsetchain="482" offsetend="484" fileid="117" />
              </BranchPoints>
              <MethodPoint vc="5" uspid="5967" ordinal="0" offset="0" />
            </Method>
            <Method visited="true" cyclomaticComplexity="4" nPathComplexity="4" sequenceCoverage="70.59" branchCoverage="80" isConstructor="false" isStatic="false" isGetter="false" isSetter="false">
              <Summary numSequencePoints="17" visitedSequencePoints="12" numBranchPoints="5" visitedBranchPoints="4" sequenceCoverage="70.59" branchCoverage="80" maxCyclomaticComplexity="4" minCyclomaticComplexity="4" visitedClasses="0" numClasses="0" visitedMethods="1" numMethods="1" />
              <MetadataToken>100663928</MetadataToken>
              <Name>SportsWeb.Services.Services.Interfaces.EndUserApplication.SitesWithPermissionResponse SportsWeb.Services.Services.Implementation.EndUserApplication.UserServices::GetSitesWithPermissions(System.String)</Name>
              <FileRef uid="117" />
              <SequencePoints>
                <SequencePoint vc="4" uspid="5968" ordinal="0" offset="20" sl="64" sc="9" el="64" ec="10" bec="0" bev="0" fileid="117" />
                <SequencePoint vc="4" uspid="5969" ordinal="1" offset="21" sl="65" sc="13" el="65" ec="48" bec="2" bev="1" fileid="117" />
                <SequencePoint vc="0" uspid="5970" ordinal="2" offset="36" sl="66" sc="17" el="66" ec="67" bec="0" bev="0" fileid="117" />
                <SequencePoint vc="4" uspid="5971" ordinal="3" offset="48" sl="69" sc="13" el="69" ec="14" bec="0" bev="0" fileid="117" />
                <SequencePoint vc="4" uspid="5972" ordinal="4" offset="49" sl="70" sc="24" el="70" ec="51" bec="0" bev="0" fileid="117" />
                <SequencePoint vc="4" uspid="5973" ordinal="5" offset="69" sl="71" sc="17" el="71" ec="18" bec="0" bev="0" fileid="117" />
                <SequencePoint vc="4" uspid="5974" ordinal="6" offset="70" sl="72" sc="21" el="72" ec="75" bec="0" bev="0" fileid="117" />
                <SequencePoint vc="4" uspid="5975" ordinal="7" offset="82" sl="74" sc="21" el="75" ec="58" bec="0" bev="0" fileid="117" />
                <SequencePoint vc="4" uspid="5976" ordinal="8" offset="335" sl="77" sc="21" el="77" ec="44" bec="2" bev="2" fileid="117" />
                <SequencePoint vc="1" uspid="5977" ordinal="9" offset="355" sl="77" sc="45" el="77" ec="86" bec="0" bev="0" fileid="117" />
                <SequencePoint vc="3" uspid="5978" ordinal="10" offset="367" sl="79" sc="21" el="79" ec="75" bec="0" bev="0" fileid="117" />
                <SequencePoint vc="3" uspid="5979" ordinal="11" offset="375" sl="81" sc="21" el="94" ec="23" bec="0" bev="0" fileid="117" />
                <SequencePoint vc="0" uspid="5980" ordinal="12" offset="978" sl="97" sc="13" el="97" ec="33" bec="0" bev="0" fileid="117" />
                <SequencePoint vc="0" uspid="5981" ordinal="13" offset="980" sl="98" sc="13" el="98" ec="14" bec="0" bev="0" fileid="117" />
                <SequencePoint vc="0" uspid="5982" ordinal="14" offset="981" sl="99" sc="17" el="99" ec="92" bec="0" bev="0" fileid="117" />
                <SequencePoint vc="0" uspid="5983" ordinal="15" offset="999" sl="100" sc="17" el="100" ec="23" bec="0" bev="0" fileid="117" />
                <SequencePoint vc="4" uspid="5984" ordinal="16" offset="1001" sl="102" sc="9" el="102" ec="10" bec="0" bev="0" fileid="117" />
              </SequencePoints>
              <BranchPoints>
                <BranchPoint vc="0" uspid="5985" ordinal="0" offset="34" sl="65" path="0" offsetend="36" fileid="117" />
                <BranchPoint vc="4" uspid="5986" ordinal="1" offset="34" sl="65" path="1" offsetend="47" fileid="117" />
                <BranchPoint vc="1" uspid="5987" ordinal="2" offset="353" sl="77" path="0" offsetend="355" fileid="117" />
                <BranchPoint vc="3" uspid="5988" ordinal="3" offset="353" sl="77" path="1" offsetend="367" fileid="117" />
              </BranchPoints>
              <MethodPoint vc="4" uspid="5989" ordinal="0" offset="0" />
            </Method>
            <Method visited="true" cyclomaticComplexity="1" nPathComplexity="0" sequenceCoverage="100" branchCoverage="100" isConstructor="true" isStatic="false" isGetter="false" isSetter="false">
              <Summary numSequencePoints="1" visitedSequencePoints="1" numBranchPoints="1" visitedBranchPoints="1" sequenceCoverage="100" branchCoverage="100" maxCyclomaticComplexity="1" minCyclomaticComplexity="1" visitedClasses="0" numClasses="0" visitedMethods="1" numMethods="1" />
              <MetadataToken>100663929</MetadataToken>
              <Name>System.Void SportsWeb.Services.Services.Implementation.EndUserApplication.UserServices::.ctor()</Name>
              <FileRef uid="117" />
              <SequencePoints>
                <SequencePoint vc="5" uspid="5990" ordinal="0" offset="0" sl="18" sc="9" el="18" ec="101" bec="0" bev="0" fileid="117" />
              </SequencePoints>
              <BranchPoints />
              <MethodPoint xsi:type="SequencePoint" vc="5" uspid="5990" ordinal="0" offset="0" sl="18" sc="9" el="18" ec="101" bec="0" bev="0" fileid="117" />
            </Method>
            <Method visited="true" cyclomaticComplexity="1" nPathComplexity="0" sequenceCoverage="100" branchCoverage="100" isConstructor="true" isStatic="true" isGetter="false" isSetter="false">
              <Summary numSequencePoints="1" visitedSequencePoints="1" numBranchPoints="1" visitedBranchPoints="1" sequenceCoverage="100" branchCoverage="100" maxCyclomaticComplexity="1" minCyclomaticComplexity="1" visitedClasses="0" numClasses="0" visitedMethods="1" numMethods="1" />
              <MetadataToken>100663930</MetadataToken>
              <Name>System.Void SportsWeb.Services.Services.Implementation.EndUserApplication.UserServices::.cctor()</Name>
              <FileRef uid="117" />
              <SequencePoints>
                <SequencePoint vc="1" uspid="5991" ordinal="0" offset="0" sl="19" sc="9" el="19" ec="92" bec="0" bev="0" fileid="117" />
              </SequencePoints>
              <BranchPoints />
              <MethodPoint xsi:type="SequencePoint" vc="1" uspid="5991" ordinal="0" offset="0" sl="19" sc="9" el="19" ec="92" bec="0" bev="0" fileid="117" />
            </Method>
          </Methods>
        </Class>
        <Class>
          <Summary numSequencePoints="0" visitedSequencePoints="0" numBranchPoints="0" visitedBranchPoints="0" sequenceCoverage="0" branchCoverage="0" maxCyclomaticComplexity="1" minCyclomaticComplexity="1" visitedClasses="0" numClasses="0" visitedMethods="0" numMethods="0" />
          <FullName>SportsWeb.Services.Services.Implementation.EndUserApplication.UserServices/&lt;&gt;c__DisplayClass3_0</FullName>
          <Methods>
            <Method visited="true" cyclomaticComplexity="1" nPathComplexity="0" sequenceCoverage="0" branchCoverage="0" isConstructor="true" isStatic="false" isGetter="false" isSetter="false">
              <Summary numSequencePoints="0" visitedSequencePoints="0" numBranchPoints="0" visitedBranchPoints="0" sequenceCoverage="0" branchCoverage="0" maxCyclomaticComplexity="1" minCyclomaticComplexity="1" visitedClasses="0" numClasses="0" visitedMethods="0" numMethods="0" />
              <MetadataToken>100667040</MetadataToken>
              <Name>System.Void SportsWeb.Services.Services.Implementation.EndUserApplication.UserServices/&lt;&gt;c__DisplayClass3_0::.ctor()</Name>
              <SequencePoints />
              <BranchPoints />
              <MethodPoint vc="5" uspid="5992" ordinal="0" offset="0" />
            </Method>
          </Methods>
        </Class>
        <Class>
          <Summary numSequencePoints="0" visitedSequencePoints="0" numBranchPoints="0" visitedBranchPoints="0" sequenceCoverage="0" branchCoverage="0" maxCyclomaticComplexity="1" minCyclomaticComplexity="1" visitedClasses="0" numClasses="0" visitedMethods="0" numMethods="0" />
          <FullName>SportsWeb.Services.Services.Implementation.EndUserApplication.UserServices/&lt;&gt;c__DisplayClass4_0</FullName>
          <Methods>
            <Method visited="true" cyclomaticComplexity="1" nPathComplexity="0" sequenceCoverage="0" branchCoverage="0" isConstructor="true" isStatic="false" isGetter="false" isSetter="false">
              <Summary numSequencePoints="0" visitedSequencePoints="0" numBranchPoints="0" visitedBranchPoints="0" sequenceCoverage="0" branchCoverage="0" maxCyclomaticComplexity="1" minCyclomaticComplexity="1" visitedClasses="0" numClasses="0" visitedMethods="0" numMethods="0" />
              <MetadataToken>100667041</MetadataToken>
              <Name>System.Void SportsWeb.Services.Services.Implementation.EndUserApplication.UserServices/&lt;&gt;c__DisplayClass4_0::.ctor()</Name>
              <SequencePoints />
              <BranchPoints />
              <MethodPoint vc="4" uspid="5993" ordinal="0" offset="0" />
            </Method>
          </Methods>
        </Class>
        <Class>
          <Summary numSequencePoints="0" visitedSequencePoints="0" numBranchPoints="0" visitedBranchPoints="0" sequenceCoverage="0" branchCoverage="0" maxCyclomaticComplexity="1" minCyclomaticComplexity="1" visitedClasses="0" numClasses="0" visitedMethods="0" numMethods="0" />
          <FullName>SportsWeb.Services.Services.Implementation.EndUserApplication.UserServices/&lt;&gt;c__DisplayClass4_1</FullName>
          <Methods>
            <Method visited="true" cyclomaticComplexity="1" nPathComplexity="0" sequenceCoverage="0" branchCoverage="0" isConstructor="true" isStatic="false" isGetter="false" isSetter="false">
              <Summary numSequencePoints="0" visitedSequencePoints="0" numBranchPoints="0" visitedBranchPoints="0" sequenceCoverage="0" branchCoverage="0" maxCyclomaticComplexity="1" minCyclomaticComplexity="1" visitedClasses="0" numClasses="0" visitedMethods="0" numMethods="0" />
              <MetadataToken>100667042</MetadataToken>
              <Name>System.Void SportsWeb.Services.Services.Implementation.EndUserApplication.UserServices/&lt;&gt;c__DisplayClass4_1::.ctor()</Name>
              <SequencePoints />
              <BranchPoints />
              <MethodPoint vc="4" uspid="5994" ordinal="0" offset="0" />
            </Method>
          </Methods>
        </Class>
        <Class>
          <Summary numSequencePoints="0" visitedSequencePoints="0" numBranchPoints="0" visitedBranchPoints="0" sequenceCoverage="0" branchCoverage="0" maxCyclomaticComplexity="1" minCyclomaticComplexity="1" visitedClasses="0" numClasses="0" visitedMethods="0" numMethods="0" />
          <FullName>SportsWeb.Services.Services.Implementation.EndUserApplication.UserServices/&lt;&gt;c</FullName>
          <Methods>
            <Method visited="false" cyclomaticComplexity="1" nPathComplexity="0" sequenceCoverage="0" branchCoverage="0" isConstructor="true" isStatic="true" isGetter="false" isSetter="false">
              <Summary numSequencePoints="0" visitedSequencePoints="0" numBranchPoints="0" visitedBranchPoints="0" sequenceCoverage="0" branchCoverage="0" maxCyclomaticComplexity="1" minCyclomaticComplexity="1" visitedClasses="0" numClasses="0" visitedMethods="0" numMethods="0" />
              <MetadataToken>100667043</MetadataToken>
              <Name>System.Void SportsWeb.Services.Services.Implementation.EndUserApplication.UserServices/&lt;&gt;c::.cctor()</Name>
              <SequencePoints />
              <BranchPoints />
              <MethodPoint vc="0" uspid="5995" ordinal="0" offset="0" />
            </Method>
            <Method visited="false" cyclomaticComplexity="1" nPathComplexity="0" sequenceCoverage="0" branchCoverage="0" isConstructor="true" isStatic="false" isGetter="false" isSetter="false">
              <Summary numSequencePoints="0" visitedSequencePoints="0" numBranchPoints="0" visitedBranchPoints="0" sequenceCoverage="0" branchCoverage="0" maxCyclomaticComplexity="1" minCyclomaticComplexity="1" visitedClasses="0" numClasses="0" visitedMethods="0" numMethods="0" />
              <MetadataToken>100667044</MetadataToken>
              <Name>System.Void SportsWeb.Services.Services.Implementation.EndUserApplication.UserServices/&lt;&gt;c::.ctor()</Name>
              <SequencePoints />
              <BranchPoints />
              <MethodPoint vc="0" uspid="5996" ordinal="0" offset="0" />
            </Method>
          </Methods>
        </Class>
        <Class>
          <Summary numSequencePoints="10" visitedSequencePoints="10" numBranchPoints="10" visitedBranchPoints="10" sequenceCoverage="100" branchCoverage="100" maxCyclomaticComplexity="1" minCyclomaticComplexity="1" visitedClasses="1" numClasses="1" visitedMethods="10" numMethods="10" />
          <FullName>SportsWeb.Services.ServiceModels.VerifyCircuitAmpModel</FullName>
          <Methods>
            <Method visited="true" cyclomaticComplexity="1" nPathComplexity="0" sequenceCoverage="100" branchCoverage="100" isConstructor="false" isStatic="false" isGetter="true" isSetter="false">
              <Summary numSequencePoints="1" visitedSequencePoints="1" numBranchPoints="1" visitedBranchPoints="1" sequenceCoverage="100" branchCoverage="100" maxCyclomaticComplexity="1" minCyclomaticComplexity="1" visitedClasses="0" numClasses="0" visitedMethods="1" numMethods="1" />
              <MetadataToken>100663931</MetadataToken>
              <Name>System.Guid SportsWeb.Services.ServiceModels.VerifyCircuitAmpModel::get_SiteId()</Name>
              <FileRef uid="118" />
              <SequencePoints>
                <SequencePoint vc="13" uspid="5997" ordinal="0" offset="0" sl="8" sc="30" el="8" ec="34" bec="0" bev="0" fileid="118" />
              </SequencePoints>
              <BranchPoints />
              <MethodPoint xsi:type="SequencePoint" vc="13" uspid="5997" ordinal="0" offset="0" sl="8" sc="30" el="8" ec="34" bec="0" bev="0" fileid="118" />
            </Method>
            <Method visited="true" cyclomaticComplexity="1" nPathComplexity="0" sequenceCoverage="100" branchCoverage="100" isConstructor="false" isStatic="false" isGetter="false" isSetter="true">
              <Summary numSequencePoints="1" visitedSequencePoints="1" numBranchPoints="1" visitedBranchPoints="1" sequenceCoverage="100" branchCoverage="100" maxCyclomaticComplexity="1" minCyclomaticComplexity="1" visitedClasses="0" numClasses="0" visitedMethods="1" numMethods="1" />
              <MetadataToken>100663932</MetadataToken>
              <Name>System.Void SportsWeb.Services.ServiceModels.VerifyCircuitAmpModel::set_SiteId(System.Guid)</Name>
              <FileRef uid="118" />
              <SequencePoints>
                <SequencePoint vc="12" uspid="5998" ordinal="0" offset="0" sl="8" sc="35" el="8" ec="39" bec="0" bev="0" fileid="118" />
              </SequencePoints>
              <BranchPoints />
              <MethodPoint xsi:type="SequencePoint" vc="12" uspid="5998" ordinal="0" offset="0" sl="8" sc="35" el="8" ec="39" bec="0" bev="0" fileid="118" />
            </Method>
            <Method visited="true" cyclomaticComplexity="1" nPathComplexity="0" sequenceCoverage="100" branchCoverage="100" isConstructor="false" isStatic="false" isGetter="true" isSetter="false">
              <Summary numSequencePoints="1" visitedSequencePoints="1" numBranchPoints="1" visitedBranchPoints="1" sequenceCoverage="100" branchCoverage="100" maxCyclomaticComplexity="1" minCyclomaticComplexity="1" visitedClasses="0" numClasses="0" visitedMethods="1" numMethods="1" />
              <MetadataToken>100663933</MetadataToken>
              <Name>System.Int64 SportsWeb.Services.ServiceModels.VerifyCircuitAmpModel::get_CircuitId()</Name>
              <FileRef uid="118" />
              <SequencePoints>
                <SequencePoint vc="28" uspid="5999" ordinal="0" offset="0" sl="10" sc="33" el="10" ec="37" bec="0" bev="0" fileid="118" />
              </SequencePoints>
              <BranchPoints />
              <MethodPoint xsi:type="SequencePoint" vc="28" uspid="5999" ordinal="0" offset="0" sl="10" sc="33" el="10" ec="37" bec="0" bev="0" fileid="118" />
            </Method>
            <Method visited="true" cyclomaticComplexity="1" nPathComplexity="0" sequenceCoverage="100" branchCoverage="100" isConstructor="false" isStatic="false" isGetter="false" isSetter="true">
              <Summary numSequencePoints="1" visitedSequencePoints="1" numBranchPoints="1" visitedBranchPoints="1" sequenceCoverage="100" branchCoverage="100" maxCyclomaticComplexity="1" minCyclomaticComplexity="1" visitedClasses="0" numClasses="0" visitedMethods="1" numMethods="1" />
              <MetadataToken>100663934</MetadataToken>
              <Name>System.Void SportsWeb.Services.ServiceModels.VerifyCircuitAmpModel::set_CircuitId(System.Int64)</Name>
              <FileRef uid="118" />
              <SequencePoints>
                <SequencePoint vc="9" uspid="6000" ordinal="0" offset="0" sl="10" sc="38" el="10" ec="42" bec="0" bev="0" fileid="118" />
              </SequencePoints>
              <BranchPoints />
              <MethodPoint xsi:type="SequencePoint" vc="9" uspid="6000" ordinal="0" offset="0" sl="10" sc="38" el="10" ec="42" bec="0" bev="0" fileid="118" />
            </Method>
            <Method visited="true" cyclomaticComplexity="1" nPathComplexity="0" sequenceCoverage="100" branchCoverage="100" isConstructor="false" isStatic="false" isGetter="true" isSetter="false">
              <Summary numSequencePoints="1" visitedSequencePoints="1" numBranchPoints="1" visitedBranchPoints="1" sequenceCoverage="100" branchCoverage="100" maxCyclomaticComplexity="1" minCyclomaticComplexity="1" visitedClasses="0" numClasses="0" visitedMethods="1" numMethods="1" />
              <MetadataToken>100663935</MetadataToken>
              <Name>System.Int64 SportsWeb.Services.ServiceModels.VerifyCircuitAmpModel::get_ControllerNodeId()</Name>
              <FileRef uid="118" />
              <SequencePoints>
                <SequencePoint vc="9" uspid="6001" ordinal="0" offset="0" sl="12" sc="40" el="12" ec="44" bec="0" bev="0" fileid="118" />
              </SequencePoints>
              <BranchPoints />
              <MethodPoint xsi:type="SequencePoint" vc="9" uspid="6001" ordinal="0" offset="0" sl="12" sc="40" el="12" ec="44" bec="0" bev="0" fileid="118" />
            </Method>
            <Method visited="true" cyclomaticComplexity="1" nPathComplexity="0" sequenceCoverage="100" branchCoverage="100" isConstructor="false" isStatic="false" isGetter="false" isSetter="true">
              <Summary numSequencePoints="1" visitedSequencePoints="1" numBranchPoints="1" visitedBranchPoints="1" sequenceCoverage="100" branchCoverage="100" maxCyclomaticComplexity="1" minCyclomaticComplexity="1" visitedClasses="0" numClasses="0" visitedMethods="1" numMethods="1" />
              <MetadataToken>100663936</MetadataToken>
              <Name>System.Void SportsWeb.Services.ServiceModels.VerifyCircuitAmpModel::set_ControllerNodeId(System.Int64)</Name>
              <FileRef uid="118" />
              <SequencePoints>
                <SequencePoint vc="12" uspid="6002" ordinal="0" offset="0" sl="12" sc="45" el="12" ec="49" bec="0" bev="0" fileid="118" />
              </SequencePoints>
              <BranchPoints />
              <MethodPoint xsi:type="SequencePoint" vc="12" uspid="6002" ordinal="0" offset="0" sl="12" sc="45" el="12" ec="49" bec="0" bev="0" fileid="118" />
            </Method>
            <Method visited="true" cyclomaticComplexity="1" nPathComplexity="0" sequenceCoverage="100" branchCoverage="100" isConstructor="false" isStatic="false" isGetter="true" isSetter="false">
              <Summary numSequencePoints="1" visitedSequencePoints="1" numBranchPoints="1" visitedBranchPoints="1" sequenceCoverage="100" branchCoverage="100" maxCyclomaticComplexity="1" minCyclomaticComplexity="1" visitedClasses="0" numClasses="0" visitedMethods="1" numMethods="1" />
              <MetadataToken>100663937</MetadataToken>
              <Name>SportsWeb.Models.Scene SportsWeb.Services.ServiceModels.VerifyCircuitAmpModel::get_Scene()</Name>
              <FileRef uid="118" />
              <SequencePoints>
                <SequencePoint vc="44" uspid="6003" ordinal="0" offset="0" sl="14" sc="47" el="14" ec="51" bec="0" bev="0" fileid="118" />
              </SequencePoints>
              <BranchPoints />
              <MethodPoint xsi:type="SequencePoint" vc="44" uspid="6003" ordinal="0" offset="0" sl="14" sc="47" el="14" ec="51" bec="0" bev="0" fileid="118" />
            </Method>
            <Method visited="true" cyclomaticComplexity="1" nPathComplexity="0" sequenceCoverage="100" branchCoverage="100" isConstructor="false" isStatic="false" isGetter="false" isSetter="true">
              <Summary numSequencePoints="1" visitedSequencePoints="1" numBranchPoints="1" visitedBranchPoints="1" sequenceCoverage="100" branchCoverage="100" maxCyclomaticComplexity="1" minCyclomaticComplexity="1" visitedClasses="0" numClasses="0" visitedMethods="1" numMethods="1" />
              <MetadataToken>100663938</MetadataToken>
              <Name>System.Void SportsWeb.Services.ServiceModels.VerifyCircuitAmpModel::set_Scene(SportsWeb.Models.Scene)</Name>
              <FileRef uid="118" />
              <SequencePoints>
                <SequencePoint vc="12" uspid="6004" ordinal="0" offset="0" sl="14" sc="52" el="14" ec="56" bec="0" bev="0" fileid="118" />
              </SequencePoints>
              <BranchPoints />
              <MethodPoint xsi:type="SequencePoint" vc="12" uspid="6004" ordinal="0" offset="0" sl="14" sc="52" el="14" ec="56" bec="0" bev="0" fileid="118" />
            </Method>
            <Method visited="true" cyclomaticComplexity="1" nPathComplexity="0" sequenceCoverage="100" branchCoverage="100" isConstructor="false" isStatic="false" isGetter="true" isSetter="false">
              <Summary numSequencePoints="1" visitedSequencePoints="1" numBranchPoints="1" visitedBranchPoints="1" sequenceCoverage="100" branchCoverage="100" maxCyclomaticComplexity="1" minCyclomaticComplexity="1" visitedClasses="0" numClasses="0" visitedMethods="1" numMethods="1" />
              <MetadataToken>100663939</MetadataToken>
              <Name>SportsWeb.Services.Cabinate.AmpLightService.Interfaces.codedMainsScene SportsWeb.Services.ServiceModels.VerifyCircuitAmpModel::get_CMScene()</Name>
              <FileRef uid="118" />
              <SequencePoints>
                <SequencePoint vc="9" uspid="6005" ordinal="0" offset="0" sl="16" sc="42" el="16" ec="46" bec="0" bev="0" fileid="118" />
              </SequencePoints>
              <BranchPoints />
              <MethodPoint xsi:type="SequencePoint" vc="9" uspid="6005" ordinal="0" offset="0" sl="16" sc="42" el="16" ec="46" bec="0" bev="0" fileid="118" />
            </Method>
            <Method visited="true" cyclomaticComplexity="1" nPathComplexity="0" sequenceCoverage="100" branchCoverage="100" isConstructor="false" isStatic="false" isGetter="false" isSetter="true">
              <Summary numSequencePoints="1" visitedSequencePoints="1" numBranchPoints="1" visitedBranchPoints="1" sequenceCoverage="100" branchCoverage="100" maxCyclomaticComplexity="1" minCyclomaticComplexity="1" visitedClasses="0" numClasses="0" visitedMethods="1" numMethods="1" />
              <MetadataToken>100663940</MetadataToken>
              <Name>System.Void SportsWeb.Services.ServiceModels.VerifyCircuitAmpModel::set_CMScene(SportsWeb.Services.Cabinate.AmpLightService.Interfaces.codedMainsScene)</Name>
              <FileRef uid="118" />
              <SequencePoints>
                <SequencePoint vc="12" uspid="6006" ordinal="0" offset="0" sl="16" sc="47" el="16" ec="51" bec="0" bev="0" fileid="118" />
              </SequencePoints>
              <BranchPoints />
              <MethodPoint xsi:type="SequencePoint" vc="12" uspid="6006" ordinal="0" offset="0" sl="16" sc="47" el="16" ec="51" bec="0" bev="0" fileid="118" />
            </Method>
            <Method visited="true" cyclomaticComplexity="1" nPathComplexity="0" sequenceCoverage="0" branchCoverage="0" isConstructor="true" isStatic="false" isGetter="false" isSetter="false">
              <Summary numSequencePoints="0" visitedSequencePoints="0" numBranchPoints="0" visitedBranchPoints="0" sequenceCoverage="0" branchCoverage="0" maxCyclomaticComplexity="1" minCyclomaticComplexity="1" visitedClasses="0" numClasses="0" visitedMethods="0" numMethods="0" />
              <MetadataToken>100663941</MetadataToken>
              <Name>System.Void SportsWeb.Services.ServiceModels.VerifyCircuitAmpModel::.ctor()</Name>
              <SequencePoints />
              <BranchPoints />
              <MethodPoint vc="12" uspid="6007" ordinal="0" offset="0" />
            </Method>
          </Methods>
        </Class>
        <Class>
          <Summary numSequencePoints="69" visitedSequencePoints="0" numBranchPoints="13" visitedBranchPoints="0" sequenceCoverage="0" branchCoverage="0" maxCyclomaticComplexity="4" minCyclomaticComplexity="1" visitedClasses="0" numClasses="1" visitedMethods="0" numMethods="5" />
          <FullName>SportsWeb.Services.Repository.DBFunctions</FullName>
          <Methods>
            <Method visited="false" cyclomaticComplexity="4" nPathComplexity="2" sequenceCoverage="0" branchCoverage="0" isConstructor="false" isStatic="false" isGetter="false" isSetter="false">
              <Summary numSequencePoints="18" visitedSequencePoints="0" numBranchPoints="3" visitedBranchPoints="0" sequenceCoverage="0" branchCoverage="0" maxCyclomaticComplexity="4" minCyclomaticComplexity="4" visitedClasses="0" numClasses="0" visitedMethods="0" numMethods="1" />
              <MetadataToken>100663942</MetadataToken>
              <Name>System.Boolean SportsWeb.Services.Repository.DBFunctions::CheckPitchPermissionForAdministrator(System.Collections.Generic.List`1&lt;System.Guid&gt;,System.String)</Name>
              <FileRef uid="119" />
              <SequencePoints>
                <SequencePoint vc="0" uspid="6008" ordinal="0" offset="0" sl="16" sc="9" el="16" ec="10" bec="0" bev="0" fileid="119" />
                <SequencePoint vc="0" uspid="6009" ordinal="1" offset="1" sl="17" sc="13" el="17" ec="98" bec="0" bev="0" fileid="119" />
                <SequencePoint vc="0" uspid="6010" ordinal="2" offset="17" sl="18" sc="13" el="18" ec="77" bec="0" bev="0" fileid="119" />
                <SequencePoint vc="0" uspid="6011" ordinal="3" offset="28" sl="20" sc="13" el="20" ec="37" bec="0" bev="0" fileid="119" />
                <SequencePoint vc="0" uspid="6012" ordinal="4" offset="34" sl="21" sc="13" el="21" ec="20" bec="0" bev="0" fileid="119" />
                <SequencePoint vc="0" uspid="6013" ordinal="5" offset="35" sl="21" sc="36" el="21" ec="44" bec="0" bev="0" fileid="119" />
                <SequencePoint vc="0" uspid="6014" ordinal="6" offset="44" sl="21" sc="22" el="21" ec="32" bec="0" bev="0" fileid="119" />
                <SequencePoint vc="0" uspid="6015" ordinal="7" offset="53" sl="22" sc="13" el="22" ec="14" bec="0" bev="0" fileid="119" />
                <SequencePoint vc="0" uspid="6016" ordinal="8" offset="54" sl="23" sc="17" el="23" ec="51" bec="0" bev="0" fileid="119" />
                <SequencePoint vc="0" uspid="6017" ordinal="9" offset="74" sl="24" sc="13" el="24" ec="14" bec="0" bev="0" fileid="119" />
                <SequencePoint vc="0" uspid="6018" ordinal="10" offset="75" sl="21" sc="33" el="21" ec="35" bec="0" bev="0" fileid="119" />
                <SequencePoint vc="0" uspid="6019" ordinal="11" offset="101" sl="26" sc="13" el="26" ec="34" bec="0" bev="0" fileid="119" />
                <SequencePoint vc="0" uspid="6020" ordinal="12" offset="113" sl="28" sc="13" el="30" ec="25" bec="0" bev="0" fileid="119" />
                <SequencePoint vc="0" uspid="6021" ordinal="13" offset="178" sl="32" sc="13" el="32" ec="52" bec="2" bev="0" fileid="119" />
                <SequencePoint vc="0" uspid="6022" ordinal="14" offset="199" sl="33" sc="13" el="33" ec="14" bec="0" bev="0" fileid="119" />
                <SequencePoint vc="0" uspid="6023" ordinal="15" offset="200" sl="34" sc="17" el="34" ec="40" bec="0" bev="0" fileid="119" />
                <SequencePoint vc="0" uspid="6024" ordinal="16" offset="216" sl="37" sc="13" el="37" ec="26" bec="0" bev="0" fileid="119" />
                <SequencePoint vc="0" uspid="6025" ordinal="17" offset="221" sl="38" sc="9" el="38" ec="10" bec="0" bev="0" fileid="119" />
              </SequencePoints>
              <BranchPoints>
                <BranchPoint vc="0" uspid="6030" ordinal="4" offset="197" sl="32" path="0" offsetend="199" fileid="119" />
                <BranchPoint vc="0" uspid="6031" ordinal="5" offset="197" sl="32" path="1" offsetend="216" fileid="119" />
              </BranchPoints>
              <MethodPoint xsi:type="SequencePoint" vc="0" uspid="6008" ordinal="0" offset="0" sl="16" sc="9" el="16" ec="10" bec="0" bev="0" fileid="119" />
            </Method>
            <Method visited="false" cyclomaticComplexity="4" nPathComplexity="2" sequenceCoverage="0" branchCoverage="0" isConstructor="false" isStatic="false" isGetter="false" isSetter="false">
              <Summary numSequencePoints="18" visitedSequencePoints="0" numBranchPoints="3" visitedBranchPoints="0" sequenceCoverage="0" branchCoverage="0" maxCyclomaticComplexity="4" minCyclomaticComplexity="4" visitedClasses="0" numClasses="0" visitedMethods="0" numMethods="1" />
              <MetadataToken>100663943</MetadataToken>
              <Name>System.Boolean SportsWeb.Services.Repository.DBFunctions::CheckSitePermissionForAdministrator(System.Collections.Generic.List`1&lt;System.Guid&gt;,System.String)</Name>
              <FileRef uid="119" />
              <SequencePoints>
                <SequencePoint vc="0" uspid="6032" ordinal="0" offset="0" sl="41" sc="9" el="41" ec="10" bec="0" bev="0" fileid="119" />
                <SequencePoint vc="0" uspid="6033" ordinal="1" offset="1" sl="42" sc="13" el="42" ec="97" bec="0" bev="0" fileid="119" />
                <SequencePoint vc="0" uspid="6034" ordinal="2" offset="17" sl="43" sc="13" el="43" ec="77" bec="0" bev="0" fileid="119" />
                <SequencePoint vc="0" uspid="6035" ordinal="3" offset="28" sl="45" sc="13" el="45" ec="36" bec="0" bev="0" fileid="119" />
                <SequencePoint vc="0" uspid="6036" ordinal="4" offset="34" sl="46" sc="13" el="46" ec="20" bec="0" bev="0" fileid="119" />
                <SequencePoint vc="0" uspid="6037" ordinal="5" offset="35" sl="46" sc="36" el="46" ec="43" bec="0" bev="0" fileid="119" />
                <SequencePoint vc="0" uspid="6038" ordinal="6" offset="44" sl="46" sc="22" el="46" ec="32" bec="0" bev="0" fileid="119" />
                <SequencePoint vc="0" uspid="6039" ordinal="7" offset="53" sl="47" sc="13" el="47" ec="14" bec="0" bev="0" fileid="119" />
                <SequencePoint vc="0" uspid="6040" ordinal="8" offset="54" sl="48" sc="17" el="48" ec="50" bec="0" bev="0" fileid="119" />
                <SequencePoint vc="0" uspid="6041" ordinal="9" offset="74" sl="49" sc="13" el="49" ec="14" bec="0" bev="0" fileid="119" />
                <SequencePoint vc="0" uspid="6042" ordinal="10" offset="75" sl="46" sc="33" el="46" ec="35" bec="0" bev="0" fileid="119" />
                <SequencePoint vc="0" uspid="6043" ordinal="11" offset="101" sl="51" sc="13" el="51" ec="33" bec="0" bev="0" fileid="119" />
                <SequencePoint vc="0" uspid="6044" ordinal="12" offset="113" sl="53" sc="13" el="55" ec="25" bec="0" bev="0" fileid="119" />
                <SequencePoint vc="0" uspid="6045" ordinal="13" offset="178" sl="57" sc="13" el="57" ec="52" bec="2" bev="0" fileid="119" />
                <SequencePoint vc="0" uspid="6046" ordinal="14" offset="199" sl="58" sc="13" el="58" ec="14" bec="0" bev="0" fileid="119" />
                <SequencePoint vc="0" uspid="6047" ordinal="15" offset="200" sl="59" sc="17" el="59" ec="40" bec="0" bev="0" fileid="119" />
                <SequencePoint vc="0" uspid="6048" ordinal="16" offset="216" sl="62" sc="13" el="62" ec="26" bec="0" bev="0" fileid="119" />
                <SequencePoint vc="0" uspid="6049" ordinal="17" offset="221" sl="64" sc="9" el="64" ec="10" bec="0" bev="0" fileid="119" />
              </SequencePoints>
              <BranchPoints>
                <BranchPoint vc="0" uspid="6054" ordinal="4" offset="197" sl="57" path="0" offsetend="199" fileid="119" />
                <BranchPoint vc="0" uspid="6055" ordinal="5" offset="197" sl="57" path="1" offsetend="216" fileid="119" />
              </BranchPoints>
              <MethodPoint xsi:type="SequencePoint" vc="0" uspid="6032" ordinal="0" offset="0" sl="41" sc="9" el="41" ec="10" bec="0" bev="0" fileid="119" />
            </Method>
            <Method visited="false" cyclomaticComplexity="3" nPathComplexity="2" sequenceCoverage="0" branchCoverage="0" isConstructor="false" isStatic="false" isGetter="false" isSetter="false">
              <Summary numSequencePoints="16" visitedSequencePoints="0" numBranchPoints="3" visitedBranchPoints="0" sequenceCoverage="0" branchCoverage="0" maxCyclomaticComplexity="3" minCyclomaticComplexity="3" visitedClasses="0" numClasses="0" visitedMethods="0" numMethods="1" />
              <MetadataToken>100663944</MetadataToken>
              <Name>System.Collections.Generic.IList`1&lt;SportsWeb.Entities.Administrator&gt; SportsWeb.Services.Repository.DBFunctions::GetServiceProviderForSite(System.Guid)</Name>
              <FileRef uid="119" />
              <SequencePoints>
                <SequencePoint vc="0" uspid="6056" ordinal="0" offset="0" sl="67" sc="9" el="67" ec="10" bec="0" bev="0" fileid="119" />
                <SequencePoint vc="0" uspid="6057" ordinal="1" offset="1" sl="69" sc="13" el="69" ec="14" bec="0" bev="0" fileid="119" />
                <SequencePoint vc="0" uspid="6058" ordinal="2" offset="2" sl="70" sc="17" el="70" ec="91" bec="0" bev="0" fileid="119" />
                <SequencePoint vc="0" uspid="6059" ordinal="3" offset="18" sl="71" sc="17" el="71" ec="81" bec="0" bev="0" fileid="119" />
                <SequencePoint vc="0" uspid="6060" ordinal="4" offset="29" sl="73" sc="17" el="77" ec="44" bec="0" bev="0" fileid="119" />
                <SequencePoint vc="0" uspid="6061" ordinal="5" offset="82" sl="79" sc="17" el="79" ec="56" bec="2" bev="0" fileid="119" />
                <SequencePoint vc="0" uspid="6062" ordinal="6" offset="101" sl="80" sc="17" el="80" ec="18" bec="0" bev="0" fileid="119" />
                <SequencePoint vc="0" uspid="6063" ordinal="7" offset="102" sl="81" sc="21" el="81" ec="56" bec="0" bev="0" fileid="119" />
                <SequencePoint vc="0" uspid="6064" ordinal="8" offset="111" sl="84" sc="17" el="84" ec="18" bec="0" bev="0" fileid="119" />
                <SequencePoint vc="0" uspid="6065" ordinal="9" offset="112" sl="85" sc="21" el="85" ec="76" bec="0" bev="0" fileid="119" />
                <SequencePoint vc="0" uspid="6066" ordinal="10" offset="128" sl="86" sc="21" el="86" ec="54" bec="0" bev="0" fileid="119" />
                <SequencePoint vc="0" uspid="6067" ordinal="11" offset="136" sl="89" sc="13" el="89" ec="32" bec="0" bev="0" fileid="119" />
                <SequencePoint vc="0" uspid="6068" ordinal="12" offset="138" sl="90" sc="13" el="90" ec="14" bec="0" bev="0" fileid="119" />
                <SequencePoint vc="0" uspid="6069" ordinal="13" offset="139" sl="91" sc="17" el="91" ec="30" bec="0" bev="0" fileid="119" />
                <SequencePoint vc="0" uspid="6070" ordinal="14" offset="152" sl="92" sc="17" el="92" ec="126" bec="0" bev="0" fileid="119" />
                <SequencePoint vc="0" uspid="6071" ordinal="15" offset="163" sl="94" sc="9" el="94" ec="10" bec="0" bev="0" fileid="119" />
              </SequencePoints>
              <BranchPoints>
                <BranchPoint vc="0" uspid="6074" ordinal="2" offset="99" sl="79" path="0" offsetend="101" fileid="119" />
                <BranchPoint vc="0" uspid="6075" ordinal="3" offset="99" sl="79" path="1" offsetend="111" fileid="119" />
              </BranchPoints>
              <MethodPoint xsi:type="SequencePoint" vc="0" uspid="6056" ordinal="0" offset="0" sl="67" sc="9" el="67" ec="10" bec="0" bev="0" fileid="119" />
            </Method>
            <Method visited="false" cyclomaticComplexity="3" nPathComplexity="2" sequenceCoverage="0" branchCoverage="0" isConstructor="false" isStatic="false" isGetter="false" isSetter="false">
              <Summary numSequencePoints="16" visitedSequencePoints="0" numBranchPoints="3" visitedBranchPoints="0" sequenceCoverage="0" branchCoverage="0" maxCyclomaticComplexity="3" minCyclomaticComplexity="3" visitedClasses="0" numClasses="0" visitedMethods="0" numMethods="1" />
              <MetadataToken>100663945</MetadataToken>
              <Name>System.Collections.Generic.IList`1&lt;SportsWeb.Entities.Administrator&gt; SportsWeb.Services.Repository.DBFunctions::GetAllAdministrator()</Name>
              <FileRef uid="119" />
              <SequencePoints>
                <SequencePoint vc="0" uspid="6076" ordinal="0" offset="0" sl="97" sc="9" el="97" ec="10" bec="0" bev="0" fileid="119" />
                <SequencePoint vc="0" uspid="6077" ordinal="1" offset="1" sl="99" sc="13" el="99" ec="14" bec="0" bev="0" fileid="119" />
                <SequencePoint vc="0" uspid="6078" ordinal="2" offset="2" sl="100" sc="17" el="100" ec="91" bec="0" bev="0" fileid="119" />
                <SequencePoint vc="0" uspid="6079" ordinal="3" offset="18" sl="101" sc="17" el="101" ec="81" bec="0" bev="0" fileid="119" />
                <SequencePoint vc="0" uspid="6080" ordinal="4" offset="29" sl="103" sc="17" el="106" ec="44" bec="0" bev="0" fileid="119" />
                <SequencePoint vc="0" uspid="6081" ordinal="5" offset="71" sl="108" sc="17" el="108" ec="56" bec="2" bev="0" fileid="119" />
                <SequencePoint vc="0" uspid="6082" ordinal="6" offset="90" sl="109" sc="17" el="109" ec="18" bec="0" bev="0" fileid="119" />
                <SequencePoint vc="0" uspid="6083" ordinal="7" offset="91" sl="110" sc="21" el="110" ec="56" bec="0" bev="0" fileid="119" />
                <SequencePoint vc="0" uspid="6084" ordinal="8" offset="100" sl="113" sc="17" el="113" ec="18" bec="0" bev="0" fileid="119" />
                <SequencePoint vc="0" uspid="6085" ordinal="9" offset="101" sl="114" sc="21" el="114" ec="76" bec="0" bev="0" fileid="119" />
                <SequencePoint vc="0" uspid="6086" ordinal="10" offset="117" sl="115" sc="21" el="115" ec="54" bec="0" bev="0" fileid="119" />
                <SequencePoint vc="0" uspid="6087" ordinal="11" offset="125" sl="118" sc="13" el="118" ec="32" bec="0" bev="0" fileid="119" />
                <SequencePoint vc="0" uspid="6088" ordinal="12" offset="127" sl="119" sc="13" el="119" ec="14" bec="0" bev="0" fileid="119" />
                <SequencePoint vc="0" uspid="6089" ordinal="13" offset="128" sl="120" sc="17" el="120" ec="30" bec="0" bev="0" fileid="119" />
                <SequencePoint vc="0" uspid="6090" ordinal="14" offset="141" sl="121" sc="17" el="121" ec="126" bec="0" bev="0" fileid="119" />
                <SequencePoint vc="0" uspid="6091" ordinal="15" offset="152" sl="123" sc="9" el="123" ec="10" bec="0" bev="0" fileid="119" />
              </SequencePoints>
              <BranchPoints>
                <BranchPoint vc="0" uspid="6094" ordinal="2" offset="88" sl="108" path="0" offsetend="90" fileid="119" />
                <BranchPoint vc="0" uspid="6095" ordinal="3" offset="88" sl="108" path="1" offsetend="100" fileid="119" />
              </BranchPoints>
              <MethodPoint xsi:type="SequencePoint" vc="0" uspid="6076" ordinal="0" offset="0" sl="97" sc="9" el="97" ec="10" bec="0" bev="0" fileid="119" />
            </Method>
            <Method visited="false" cyclomaticComplexity="1" nPathComplexity="0" sequenceCoverage="0" branchCoverage="0" isConstructor="true" isStatic="false" isGetter="false" isSetter="false">
              <Summary numSequencePoints="0" visitedSequencePoints="0" numBranchPoints="0" visitedBranchPoints="0" sequenceCoverage="0" branchCoverage="0" maxCyclomaticComplexity="1" minCyclomaticComplexity="1" visitedClasses="0" numClasses="0" visitedMethods="0" numMethods="0" />
              <MetadataToken>100663946</MetadataToken>
              <Name>System.Void SportsWeb.Services.Repository.DBFunctions::.ctor()</Name>
              <SequencePoints />
              <BranchPoints />
              <MethodPoint vc="0" uspid="6096" ordinal="0" offset="0" />
            </Method>
            <Method visited="false" cyclomaticComplexity="1" nPathComplexity="0" sequenceCoverage="0" branchCoverage="0" isConstructor="true" isStatic="true" isGetter="false" isSetter="false">
              <Summary numSequencePoints="1" visitedSequencePoints="0" numBranchPoints="1" visitedBranchPoints="0" sequenceCoverage="0" branchCoverage="0" maxCyclomaticComplexity="1" minCyclomaticComplexity="1" visitedClasses="0" numClasses="0" visitedMethods="0" numMethods="1" />
              <MetadataToken>100663947</MetadataToken>
              <Name>System.Void SportsWeb.Services.Repository.DBFunctions::.cctor()</Name>
              <FileRef uid="119" />
              <SequencePoints>
                <SequencePoint vc="0" uspid="6097" ordinal="0" offset="0" sl="12" sc="9" el="12" ec="86" bec="0" bev="0" fileid="119" />
              </SequencePoints>
              <BranchPoints />
              <MethodPoint xsi:type="SequencePoint" vc="0" uspid="6097" ordinal="0" offset="0" sl="12" sc="9" el="12" ec="86" bec="0" bev="0" fileid="119" />
            </Method>
          </Methods>
        </Class>
        <Class>
          <Summary numSequencePoints="214" visitedSequencePoints="0" numBranchPoints="56" visitedBranchPoints="0" sequenceCoverage="0" branchCoverage="0" maxCyclomaticComplexity="5" minCyclomaticComplexity="1" visitedClasses="0" numClasses="1" visitedMethods="0" numMethods="22" />
          <FullName>SportsWeb.Services.Repository.ExecuteScripts</FullName>
          <Methods>
            <Method visited="false" cyclomaticComplexity="1" nPathComplexity="0" sequenceCoverage="0" branchCoverage="0" isConstructor="false" isStatic="false" isGetter="true" isSetter="false">
              <Summary numSequencePoints="1" visitedSequencePoints="0" numBranchPoints="1" visitedBranchPoints="0" sequenceCoverage="0" branchCoverage="0" maxCyclomaticComplexity="1" minCyclomaticComplexity="1" visitedClasses="0" numClasses="0" visitedMethods="0" numMethods="1" />
              <MetadataToken>100663961</MetadataToken>
              <Name>SportsWeb.Services.Repository.ConnectionStringBuilder SportsWeb.Services.Repository.ExecuteScripts::get_ConnectionStringBuilder()</Name>
              <FileRef uid="120" />
              <SequencePoints>
                <SequencePoint vc="0" uspid="6098" ordinal="0" offset="0" sl="78" sc="66" el="78" ec="70" bec="0" bev="0" fileid="120" />
              </SequencePoints>
              <BranchPoints />
              <MethodPoint xsi:type="SequencePoint" vc="0" uspid="6098" ordinal="0" offset="0" sl="78" sc="66" el="78" ec="70" bec="0" bev="0" fileid="120" />
            </Method>
            <Method visited="false" cyclomaticComplexity="1" nPathComplexity="0" sequenceCoverage="0" branchCoverage="0" isConstructor="false" isStatic="false" isGetter="false" isSetter="true">
              <Summary numSequencePoints="1" visitedSequencePoints="0" numBranchPoints="1" visitedBranchPoints="0" sequenceCoverage="0" branchCoverage="0" maxCyclomaticComplexity="1" minCyclomaticComplexity="1" visitedClasses="0" numClasses="0" visitedMethods="0" numMethods="1" />
              <MetadataToken>100663962</MetadataToken>
              <Name>System.Void SportsWeb.Services.Repository.ExecuteScripts::set_ConnectionStringBuilder(SportsWeb.Services.Repository.ConnectionStringBuilder)</Name>
              <FileRef uid="120" />
              <SequencePoints>
                <SequencePoint vc="0" uspid="6099" ordinal="0" offset="0" sl="78" sc="71" el="78" ec="75" bec="0" bev="0" fileid="120" />
              </SequencePoints>
              <BranchPoints />
              <MethodPoint xsi:type="SequencePoint" vc="0" uspid="6099" ordinal="0" offset="0" sl="78" sc="71" el="78" ec="75" bec="0" bev="0" fileid="120" />
            </Method>
            <Method visited="false" cyclomaticComplexity="1" nPathComplexity="0" sequenceCoverage="0" branchCoverage="0" isConstructor="false" isStatic="false" isGetter="true" isSetter="false">
              <Summary numSequencePoints="1" visitedSequencePoints="0" numBranchPoints="1" visitedBranchPoints="0" sequenceCoverage="0" branchCoverage="0" maxCyclomaticComplexity="1" minCyclomaticComplexity="1" visitedClasses="0" numClasses="0" visitedMethods="0" numMethods="1" />
              <MetadataToken>100663966</MetadataToken>
              <Name>System.Boolean SportsWeb.Services.Repository.ExecuteScripts::get_NoTransaction()</Name>
              <FileRef uid="120" />
              <SequencePoints>
                <SequencePoint vc="0" uspid="6100" ordinal="0" offset="0" sl="136" sc="37" el="136" ec="41" bec="0" bev="0" fileid="120" />
              </SequencePoints>
              <BranchPoints />
              <MethodPoint xsi:type="SequencePoint" vc="0" uspid="6100" ordinal="0" offset="0" sl="136" sc="37" el="136" ec="41" bec="0" bev="0" fileid="120" />
            </Method>
            <Method visited="false" cyclomaticComplexity="1" nPathComplexity="0" sequenceCoverage="0" branchCoverage="0" isConstructor="false" isStatic="false" isGetter="false" isSetter="true">
              <Summary numSequencePoints="1" visitedSequencePoints="0" numBranchPoints="1" visitedBranchPoints="0" sequenceCoverage="0" branchCoverage="0" maxCyclomaticComplexity="1" minCyclomaticComplexity="1" visitedClasses="0" numClasses="0" visitedMethods="0" numMethods="1" />
              <MetadataToken>100663967</MetadataToken>
              <Name>System.Void SportsWeb.Services.Repository.ExecuteScripts::set_NoTransaction(System.Boolean)</Name>
              <FileRef uid="120" />
              <SequencePoints>
                <SequencePoint vc="0" uspid="6101" ordinal="0" offset="0" sl="136" sc="42" el="136" ec="46" bec="0" bev="0" fileid="120" />
              </SequencePoints>
              <BranchPoints />
              <MethodPoint xsi:type="SequencePoint" vc="0" uspid="6101" ordinal="0" offset="0" sl="136" sc="42" el="136" ec="46" bec="0" bev="0" fileid="120" />
            </Method>
            <Method visited="false" cyclomaticComplexity="1" nPathComplexity="0" sequenceCoverage="0" branchCoverage="0" isConstructor="false" isStatic="false" isGetter="true" isSetter="false">
              <Summary numSequencePoints="1" visitedSequencePoints="0" numBranchPoints="1" visitedBranchPoints="0" sequenceCoverage="0" branchCoverage="0" maxCyclomaticComplexity="1" minCyclomaticComplexity="1" visitedClasses="0" numClasses="0" visitedMethods="0" numMethods="1" />
              <MetadataToken>100663968</MetadataToken>
              <Name>System.Boolean SportsWeb.Services.Repository.ExecuteScripts::get_RegisterScriptExecution()</Name>
              <FileRef uid="120" />
              <SequencePoints>
                <SequencePoint vc="0" uspid="6102" ordinal="0" offset="0" sl="137" sc="47" el="137" ec="51" bec="0" bev="0" fileid="120" />
              </SequencePoints>
              <BranchPoints />
              <MethodPoint xsi:type="SequencePoint" vc="0" uspid="6102" ordinal="0" offset="0" sl="137" sc="47" el="137" ec="51" bec="0" bev="0" fileid="120" />
            </Method>
            <Method visited="false" cyclomaticComplexity="1" nPathComplexity="0" sequenceCoverage="0" branchCoverage="0" isConstructor="false" isStatic="false" isGetter="false" isSetter="true">
              <Summary numSequencePoints="1" visitedSequencePoints="0" numBranchPoints="1" visitedBranchPoints="0" sequenceCoverage="0" branchCoverage="0" maxCyclomaticComplexity="1" minCyclomaticComplexity="1" visitedClasses="0" numClasses="0" visitedMethods="0" numMethods="1" />
              <MetadataToken>100663969</MetadataToken>
              <Name>System.Void SportsWeb.Services.Repository.ExecuteScripts::set_RegisterScriptExecution(System.Boolean)</Name>
              <FileRef uid="120" />
              <SequencePoints>
                <SequencePoint vc="0" uspid="6103" ordinal="0" offset="0" sl="137" sc="52" el="137" ec="56" bec="0" bev="0" fileid="120" />
              </SequencePoints>
              <BranchPoints />
              <MethodPoint xsi:type="SequencePoint" vc="0" uspid="6103" ordinal="0" offset="0" sl="137" sc="52" el="137" ec="56" bec="0" bev="0" fileid="120" />
            </Method>
            <Method visited="false" cyclomaticComplexity="4" nPathComplexity="4" sequenceCoverage="0" branchCoverage="0" isConstructor="false" isStatic="false" isGetter="false" isSetter="false">
              <Summary numSequencePoints="15" visitedSequencePoints="0" numBranchPoints="5" visitedBranchPoints="0" sequenceCoverage="0" branchCoverage="0" maxCyclomaticComplexity="4" minCyclomaticComplexity="4" visitedClasses="0" numClasses="0" visitedMethods="0" numMethods="1" />
              <MetadataToken>100663958</MetadataToken>
              <Name>System.Data.IDbConnection SportsWeb.Services.Repository.ExecuteScripts::GetConnection()</Name>
              <FileRef uid="120" />
              <SequencePoints>
                <SequencePoint vc="0" uspid="6104" ordinal="0" offset="0" sl="30" sc="9" el="30" ec="10" bec="0" bev="0" fileid="120" />
                <SequencePoint vc="0" uspid="6105" ordinal="1" offset="1" sl="31" sc="13" el="31" ec="37" bec="2" bev="0" fileid="120" />
                <SequencePoint vc="0" uspid="6106" ordinal="2" offset="14" sl="32" sc="13" el="32" ec="14" bec="0" bev="0" fileid="120" />
                <SequencePoint vc="0" uspid="6107" ordinal="3" offset="15" sl="33" sc="17" el="33" ec="113" bec="2" bev="0" fileid="120" />
                <SequencePoint vc="0" uspid="6108" ordinal="4" offset="53" sl="34" sc="17" el="34" ec="18" bec="0" bev="0" fileid="120" />
                <SequencePoint vc="0" uspid="6109" ordinal="5" offset="54" sl="35" sc="21" el="35" ec="43" bec="0" bev="0" fileid="120" />
                <SequencePoint vc="0" uspid="6110" ordinal="6" offset="66" sl="36" sc="17" el="36" ec="18" bec="0" bev="0" fileid="120" />
                <SequencePoint vc="0" uspid="6111" ordinal="7" offset="69" sl="38" sc="17" el="38" ec="18" bec="0" bev="0" fileid="120" />
                <SequencePoint vc="0" uspid="6112" ordinal="8" offset="70" sl="39" sc="21" el="39" ec="40" bec="0" bev="0" fileid="120" />
                <SequencePoint vc="0" uspid="6113" ordinal="9" offset="79" sl="41" sc="13" el="41" ec="14" bec="0" bev="0" fileid="120" />
                <SequencePoint vc="0" uspid="6114" ordinal="10" offset="80" sl="43" sc="13" el="43" ec="76" bec="0" bev="0" fileid="120" />
                <SequencePoint vc="0" uspid="6115" ordinal="11" offset="92" sl="44" sc="13" el="44" ec="66" bec="0" bev="0" fileid="120" />
                <SequencePoint vc="0" uspid="6116" ordinal="12" offset="104" sl="45" sc="13" el="45" ec="32" bec="0" bev="0" fileid="120" />
                <SequencePoint vc="0" uspid="6117" ordinal="13" offset="116" sl="46" sc="13" el="46" ec="32" bec="0" bev="0" fileid="120" />
                <SequencePoint vc="0" uspid="6118" ordinal="14" offset="125" sl="47" sc="9" el="47" ec="10" bec="0" bev="0" fileid="120" />
              </SequencePoints>
              <BranchPoints>
                <BranchPoint vc="0" uspid="6119" ordinal="0" offset="12" sl="31" path="0" offsetend="14" fileid="120" />
                <BranchPoint vc="0" uspid="6120" ordinal="1" offset="12" sl="31" path="1" offsetend="80" fileid="120" />
                <BranchPoint vc="0" uspid="6123" ordinal="4" offset="51" sl="33" path="0" offsetend="53" fileid="120" />
                <BranchPoint vc="0" uspid="6124" ordinal="5" offset="51" sl="33" path="1" offsetend="69" fileid="120" />
              </BranchPoints>
              <MethodPoint xsi:type="SequencePoint" vc="0" uspid="6104" ordinal="0" offset="0" sl="30" sc="9" el="30" ec="10" bec="0" bev="0" fileid="120" />
            </Method>
            <Method visited="false" cyclomaticComplexity="3" nPathComplexity="0" sequenceCoverage="0" branchCoverage="0" isConstructor="false" isStatic="false" isGetter="false" isSetter="false">
              <Summary numSequencePoints="16" visitedSequencePoints="0" numBranchPoints="1" visitedBranchPoints="0" sequenceCoverage="0" branchCoverage="0" maxCyclomaticComplexity="3" minCyclomaticComplexity="3" visitedClasses="0" numClasses="0" visitedMethods="0" numMethods="1" />
              <MetadataToken>100663959</MetadataToken>
              <Name>System.Void SportsWeb.Services.Repository.ExecuteScripts::ExecuteSqlFile(System.String,System.Data.IDbConnection,System.Data.IDbTransaction)</Name>
              <FileRef uid="120" />
              <SequencePoints>
                <SequencePoint vc="0" uspid="6125" ordinal="0" offset="0" sl="50" sc="9" el="50" ec="10" bec="0" bev="0" fileid="120" />
                <SequencePoint vc="0" uspid="6126" ordinal="1" offset="1" sl="53" sc="20" el="53" ec="64" bec="0" bev="0" fileid="120" />
                <SequencePoint vc="0" uspid="6127" ordinal="2" offset="8" sl="54" sc="13" el="54" ec="14" bec="0" bev="0" fileid="120" />
                <SequencePoint vc="0" uspid="6128" ordinal="3" offset="9" sl="55" sc="17" el="55" ec="53" bec="0" bev="0" fileid="120" />
                <SequencePoint vc="0" uspid="6129" ordinal="4" offset="17" sl="56" sc="17" el="56" ec="48" bec="0" bev="0" fileid="120" />
                <SequencePoint vc="0" uspid="6130" ordinal="5" offset="25" sl="57" sc="13" el="57" ec="14" bec="0" bev="0" fileid="120" />
                <SequencePoint vc="0" uspid="6131" ordinal="6" offset="39" sl="59" sc="13" el="59" ec="92" bec="0" bev="0" fileid="120" />
                <SequencePoint vc="0" uspid="6132" ordinal="7" offset="51" sl="60" sc="13" el="60" ec="53" bec="0" bev="0" fileid="120" />
                <SequencePoint vc="0" uspid="6133" ordinal="8" offset="59" sl="61" sc="13" el="61" ec="20" bec="0" bev="0" fileid="120" />
                <SequencePoint vc="0" uspid="6134" ordinal="9" offset="60" sl="61" sc="37" el="61" ec="42" bec="0" bev="0" fileid="120" />
                <SequencePoint vc="0" uspid="6135" ordinal="10" offset="68" sl="61" sc="22" el="61" ec="33" bec="0" bev="0" fileid="120" />
                <SequencePoint vc="0" uspid="6136" ordinal="11" offset="75" sl="62" sc="13" el="62" ec="14" bec="0" bev="0" fileid="120" />
                <SequencePoint vc="0" uspid="6137" ordinal="12" offset="76" sl="63" sc="17" el="63" ec="66" bec="0" bev="0" fileid="120" />
                <SequencePoint vc="0" uspid="6138" ordinal="13" offset="87" sl="64" sc="13" el="64" ec="14" bec="0" bev="0" fileid="120" />
                <SequencePoint vc="0" uspid="6139" ordinal="14" offset="94" sl="61" sc="34" el="61" ec="36" bec="0" bev="0" fileid="120" />
                <SequencePoint vc="0" uspid="6140" ordinal="15" offset="102" sl="65" sc="9" el="65" ec="10" bec="0" bev="0" fileid="120" />
              </SequencePoints>
              <BranchPoints />
              <MethodPoint xsi:type="SequencePoint" vc="0" uspid="6125" ordinal="0" offset="0" sl="50" sc="9" el="50" ec="10" bec="0" bev="0" fileid="120" />
            </Method>
            <Method visited="false" cyclomaticComplexity="2" nPathComplexity="2" sequenceCoverage="0" branchCoverage="0" isConstructor="false" isStatic="false" isGetter="false" isSetter="false">
              <Summary numSequencePoints="7" visitedSequencePoints="0" numBranchPoints="3" visitedBranchPoints="0" sequenceCoverage="0" branchCoverage="0" maxCyclomaticComplexity="2" minCyclomaticComplexity="2" visitedClasses="0" numClasses="0" visitedMethods="0" numMethods="1" />
              <MetadataToken>100663960</MetadataToken>
              <Name>System.Void SportsWeb.Services.Repository.ExecuteScripts::ExecuteSqlCommand(System.String,System.Data.IDbConnection,System.Data.IDbTransaction)</Name>
              <FileRef uid="120" />
              <SequencePoints>
                <SequencePoint vc="0" uspid="6143" ordinal="0" offset="0" sl="68" sc="9" el="68" ec="10" bec="0" bev="0" fileid="120" />
                <SequencePoint vc="0" uspid="6144" ordinal="1" offset="1" sl="69" sc="13" el="69" ec="54" bec="0" bev="0" fileid="120" />
                <SequencePoint vc="0" uspid="6145" ordinal="2" offset="8" sl="71" sc="13" el="71" ec="32" bec="2" bev="0" fileid="120" />
                <SequencePoint vc="0" uspid="6146" ordinal="3" offset="21" sl="72" sc="17" el="72" ec="51" bec="0" bev="0" fileid="120" />
                <SequencePoint vc="0" uspid="6147" ordinal="4" offset="29" sl="74" sc="13" el="74" ec="44" bec="0" bev="0" fileid="120" />
                <SequencePoint vc="0" uspid="6148" ordinal="5" offset="37" sl="75" sc="13" el="75" ec="39" bec="0" bev="0" fileid="120" />
                <SequencePoint vc="0" uspid="6149" ordinal="6" offset="44" sl="76" sc="9" el="76" ec="10" bec="0" bev="0" fileid="120" />
              </SequencePoints>
              <BranchPoints>
                <BranchPoint vc="0" uspid="6150" ordinal="0" offset="19" sl="71" path="0" offsetend="21" fileid="120" />
                <BranchPoint vc="0" uspid="6151" ordinal="1" offset="19" sl="71" path="1" offsetend="29" fileid="120" />
              </BranchPoints>
              <MethodPoint xsi:type="SequencePoint" vc="0" uspid="6143" ordinal="0" offset="0" sl="68" sc="9" el="68" ec="10" bec="0" bev="0" fileid="120" />
            </Method>
            <Method visited="false" cyclomaticComplexity="2" nPathComplexity="2" sequenceCoverage="0" branchCoverage="0" isConstructor="false" isStatic="false" isGetter="false" isSetter="false">
              <Summary numSequencePoints="12" visitedSequencePoints="0" numBranchPoints="3" visitedBranchPoints="0" sequenceCoverage="0" branchCoverage="0" maxCyclomaticComplexity="2" minCyclomaticComplexity="2" visitedClasses="0" numClasses="0" visitedMethods="0" numMethods="1" />
              <MetadataToken>100663963</MetadataToken>
              <Name>System.Void SportsWeb.Services.Repository.ExecuteScripts::ExecuteSqlFile(System.String)</Name>
              <FileRef uid="120" />
              <SequencePoints>
                <SequencePoint vc="0" uspid="6152" ordinal="0" offset="0" sl="81" sc="9" el="81" ec="10" bec="0" bev="0" fileid="120" />
                <SequencePoint vc="0" uspid="6153" ordinal="1" offset="1" sl="82" sc="13" el="82" ec="46" bec="0" bev="0" fileid="120" />
                <SequencePoint vc="0" uspid="6154" ordinal="2" offset="8" sl="84" sc="13" el="84" ec="31" bec="2" bev="0" fileid="120" />
                <SequencePoint vc="0" uspid="6155" ordinal="3" offset="18" sl="85" sc="13" el="85" ec="14" bec="0" bev="0" fileid="120" />
                <SequencePoint vc="0" uspid="6156" ordinal="4" offset="19" sl="86" sc="17" el="86" ec="63" bec="0" bev="0" fileid="120" />
                <SequencePoint vc="0" uspid="6157" ordinal="5" offset="29" sl="87" sc="13" el="87" ec="14" bec="0" bev="0" fileid="120" />
                <SequencePoint vc="0" uspid="6158" ordinal="6" offset="32" sl="89" sc="13" el="89" ec="14" bec="0" bev="0" fileid="120" />
                <SequencePoint vc="0" uspid="6159" ordinal="7" offset="33" sl="90" sc="17" el="90" ec="65" bec="0" bev="0" fileid="120" />
                <SequencePoint vc="0" uspid="6160" ordinal="8" offset="40" sl="91" sc="17" el="91" ec="70" bec="0" bev="0" fileid="120" />
                <SequencePoint vc="0" uspid="6161" ordinal="9" offset="50" sl="92" sc="17" el="92" ec="38" bec="0" bev="0" fileid="120" />
                <SequencePoint vc="0" uspid="6162" ordinal="10" offset="57" sl="93" sc="13" el="93" ec="14" bec="0" bev="0" fileid="120" />
                <SequencePoint vc="0" uspid="6163" ordinal="11" offset="58" sl="94" sc="9" el="94" ec="10" bec="0" bev="0" fileid="120" />
              </SequencePoints>
              <BranchPoints>
                <BranchPoint vc="0" uspid="6164" ordinal="0" offset="16" sl="84" path="0" offsetend="18" fileid="120" />
                <BranchPoint vc="0" uspid="6165" ordinal="1" offset="16" sl="84" path="1" offsetend="32" fileid="120" />
              </BranchPoints>
              <MethodPoint xsi:type="SequencePoint" vc="0" uspid="6152" ordinal="0" offset="0" sl="81" sc="9" el="81" ec="10" bec="0" bev="0" fileid="120" />
            </Method>
            <Method visited="false" cyclomaticComplexity="2" nPathComplexity="2" sequenceCoverage="0" branchCoverage="0" isConstructor="false" isStatic="false" isGetter="false" isSetter="false">
              <Summary numSequencePoints="12" visitedSequencePoints="0" numBranchPoints="3" visitedBranchPoints="0" sequenceCoverage="0" branchCoverage="0" maxCyclomaticComplexity="2" minCyclomaticComplexity="2" visitedClasses="0" numClasses="0" visitedMethods="0" numMethods="1" />
              <MetadataToken>100663964</MetadataToken>
              <Name>System.Void SportsWeb.Services.Repository.ExecuteScripts::ExecuteSqlCommand(System.String)</Name>
              <FileRef uid="120" />
              <SequencePoints>
                <SequencePoint vc="0" uspid="6166" ordinal="0" offset="0" sl="97" sc="9" el="97" ec="10" bec="0" bev="0" fileid="120" />
                <SequencePoint vc="0" uspid="6167" ordinal="1" offset="1" sl="98" sc="13" el="98" ec="46" bec="0" bev="0" fileid="120" />
                <SequencePoint vc="0" uspid="6168" ordinal="2" offset="8" sl="99" sc="13" el="99" ec="31" bec="2" bev="0" fileid="120" />
                <SequencePoint vc="0" uspid="6169" ordinal="3" offset="18" sl="100" sc="13" el="100" ec="14" bec="0" bev="0" fileid="120" />
                <SequencePoint vc="0" uspid="6170" ordinal="4" offset="19" sl="101" sc="17" el="101" ec="63" bec="0" bev="0" fileid="120" />
                <SequencePoint vc="0" uspid="6171" ordinal="5" offset="29" sl="102" sc="13" el="102" ec="14" bec="0" bev="0" fileid="120" />
                <SequencePoint vc="0" uspid="6172" ordinal="6" offset="32" sl="104" sc="13" el="104" ec="14" bec="0" bev="0" fileid="120" />
                <SequencePoint vc="0" uspid="6173" ordinal="7" offset="33" sl="105" sc="17" el="105" ec="65" bec="0" bev="0" fileid="120" />
                <SequencePoint vc="0" uspid="6174" ordinal="8" offset="40" sl="106" sc="17" el="106" ec="70" bec="0" bev="0" fileid="120" />
                <SequencePoint vc="0" uspid="6175" ordinal="9" offset="50" sl="107" sc="17" el="107" ec="38" bec="0" bev="0" fileid="120" />
                <SequencePoint vc="0" uspid="6176" ordinal="10" offset="57" sl="108" sc="13" el="108" ec="14" bec="0" bev="0" fileid="120" />
                <SequencePoint vc="0" uspid="6177" ordinal="11" offset="58" sl="109" sc="9" el="109" ec="10" bec="0" bev="0" fileid="120" />
              </SequencePoints>
              <BranchPoints>
                <BranchPoint vc="0" uspid="6178" ordinal="0" offset="16" sl="99" path="0" offsetend="18" fileid="120" />
                <BranchPoint vc="0" uspid="6179" ordinal="1" offset="16" sl="99" path="1" offsetend="32" fileid="120" />
              </BranchPoints>
              <MethodPoint xsi:type="SequencePoint" vc="0" uspid="6166" ordinal="0" offset="0" sl="97" sc="9" el="97" ec="10" bec="0" bev="0" fileid="120" />
            </Method>
            <Method visited="false" cyclomaticComplexity="5" nPathComplexity="4" sequenceCoverage="0" branchCoverage="0" isConstructor="false" isStatic="false" isGetter="false" isSetter="false">
              <Summary numSequencePoints="25" visitedSequencePoints="0" numBranchPoints="5" visitedBranchPoints="0" sequenceCoverage="0" branchCoverage="0" maxCyclomaticComplexity="5" minCyclomaticComplexity="5" visitedClasses="0" numClasses="0" visitedMethods="0" numMethods="1" />
              <MetadataToken>100663965</MetadataToken>
              <Name>System.Void SportsWeb.Services.Repository.ExecuteScripts::ExceuteScriptsFromPath(System.String)</Name>
              <FileRef uid="120" />
              <SequencePoints>
                <SequencePoint vc="0" uspid="6180" ordinal="0" offset="0" sl="112" sc="9" el="112" ec="10" bec="0" bev="0" fileid="120" />
                <SequencePoint vc="0" uspid="6181" ordinal="1" offset="1" sl="113" sc="13" el="113" ec="69" bec="0" bev="0" fileid="120" />
                <SequencePoint vc="0" uspid="6182" ordinal="2" offset="13" sl="114" sc="13" el="114" ec="66" bec="0" bev="0" fileid="120" />
                <SequencePoint vc="0" uspid="6183" ordinal="3" offset="26" sl="115" sc="13" el="115" ec="46" bec="0" bev="0" fileid="120" />
                <SequencePoint vc="0" uspid="6184" ordinal="4" offset="33" sl="116" sc="13" el="116" ec="20" bec="0" bev="0" fileid="120" />
                <SequencePoint vc="0" uspid="6185" ordinal="5" offset="34" sl="116" sc="34" el="116" ec="46" bec="0" bev="0" fileid="120" />
                <SequencePoint vc="0" uspid="6186" ordinal="6" offset="43" sl="116" sc="22" el="116" ec="30" bec="0" bev="0" fileid="120" />
                <SequencePoint vc="0" uspid="6187" ordinal="7" offset="51" sl="117" sc="13" el="117" ec="14" bec="0" bev="0" fileid="120" />
                <SequencePoint vc="0" uspid="6188" ordinal="8" offset="52" sl="118" sc="17" el="118" ec="35" bec="2" bev="0" fileid="120" />
                <SequencePoint vc="0" uspid="6189" ordinal="9" offset="64" sl="119" sc="17" el="119" ec="18" bec="0" bev="0" fileid="120" />
                <SequencePoint vc="0" uspid="6190" ordinal="10" offset="65" sl="120" sc="21" el="120" ec="60" bec="0" bev="0" fileid="120" />
                <SequencePoint vc="0" uspid="6191" ordinal="11" offset="76" sl="121" sc="21" el="121" ec="68" bec="0" bev="0" fileid="120" />
                <SequencePoint vc="0" uspid="6192" ordinal="12" offset="87" sl="122" sc="17" el="122" ec="18" bec="0" bev="0" fileid="120" />
                <SequencePoint vc="0" uspid="6193" ordinal="13" offset="90" sl="124" sc="17" el="124" ec="18" bec="0" bev="0" fileid="120" />
                <SequencePoint vc="0" uspid="6194" ordinal="14" offset="91" sl="125" sc="21" el="125" ec="69" bec="0" bev="0" fileid="120" />
                <SequencePoint vc="0" uspid="6195" ordinal="15" offset="99" sl="126" sc="21" el="126" ec="67" bec="0" bev="0" fileid="120" />
                <SequencePoint vc="0" uspid="6196" ordinal="16" offset="111" sl="127" sc="21" el="127" ec="49" bec="2" bev="0" fileid="120" />
                <SequencePoint vc="0" uspid="6197" ordinal="17" offset="123" sl="128" sc="21" el="128" ec="22" bec="0" bev="0" fileid="120" />
                <SequencePoint vc="0" uspid="6198" ordinal="18" offset="124" sl="129" sc="25" el="129" ec="79" bec="0" bev="0" fileid="120" />
                <SequencePoint vc="0" uspid="6199" ordinal="19" offset="136" sl="130" sc="21" el="130" ec="22" bec="0" bev="0" fileid="120" />
                <SequencePoint vc="0" uspid="6200" ordinal="20" offset="137" sl="131" sc="21" el="131" ec="42" bec="0" bev="0" fileid="120" />
                <SequencePoint vc="0" uspid="6201" ordinal="21" offset="145" sl="132" sc="17" el="132" ec="18" bec="0" bev="0" fileid="120" />
                <SequencePoint vc="0" uspid="6202" ordinal="22" offset="146" sl="133" sc="13" el="133" ec="14" bec="0" bev="0" fileid="120" />
                <SequencePoint vc="0" uspid="6203" ordinal="23" offset="147" sl="116" sc="31" el="116" ec="33" bec="0" bev="0" fileid="120" />
                <SequencePoint vc="0" uspid="6204" ordinal="24" offset="168" sl="134" sc="9" el="134" ec="10" bec="0" bev="0" fileid="120" />
              </SequencePoints>
              <BranchPoints>
                <BranchPoint vc="0" uspid="6205" ordinal="0" offset="62" sl="118" path="0" offsetend="64" fileid="120" />
                <BranchPoint vc="0" uspid="6206" ordinal="1" offset="62" sl="118" path="1" offsetend="90" fileid="120" />
                <BranchPoint vc="0" uspid="6207" ordinal="2" offset="121" sl="127" path="0" offsetend="123" fileid="120" />
                <BranchPoint vc="0" uspid="6208" ordinal="3" offset="121" sl="127" path="1" offsetend="137" fileid="120" />
              </BranchPoints>
              <MethodPoint xsi:type="SequencePoint" vc="0" uspid="6180" ordinal="0" offset="0" sl="112" sc="9" el="112" ec="10" bec="0" bev="0" fileid="120" />
            </Method>
            <Method visited="false" cyclomaticComplexity="3" nPathComplexity="4" sequenceCoverage="0" branchCoverage="0" isConstructor="false" isStatic="false" isGetter="false" isSetter="false">
              <Summary numSequencePoints="12" visitedSequencePoints="0" numBranchPoints="5" visitedBranchPoints="0" sequenceCoverage="0" branchCoverage="0" maxCyclomaticComplexity="3" minCyclomaticComplexity="3" visitedClasses="0" numClasses="0" visitedMethods="0" numMethods="1" />
              <MetadataToken>100663970</MetadataToken>
              <Name>System.Void SportsWeb.Services.Repository.ExecuteScripts::CreateDatabase(System.String,System.String,System.Boolean)</Name>
              <FileRef uid="120" />
              <SequencePoints>
                <SequencePoint vc="0" uspid="6211" ordinal="0" offset="0" sl="141" sc="9" el="141" ec="10" bec="0" bev="0" fileid="120" />
                <SequencePoint vc="0" uspid="6212" ordinal="1" offset="1" sl="142" sc="13" el="142" ec="46" bec="2" bev="0" fileid="120" />
                <SequencePoint vc="0" uspid="6213" ordinal="2" offset="12" sl="143" sc="13" el="143" ec="14" bec="0" bev="0" fileid="120" />
                <SequencePoint vc="0" uspid="6214" ordinal="3" offset="13" sl="144" sc="17" el="144" ec="30" bec="2" bev="0" fileid="120" />
                <SequencePoint vc="0" uspid="6215" ordinal="4" offset="18" sl="145" sc="17" el="145" ec="18" bec="0" bev="0" fileid="120" />
                <SequencePoint vc="0" uspid="6216" ordinal="5" offset="19" sl="146" sc="21" el="146" ec="48" bec="0" bev="0" fileid="120" />
                <SequencePoint vc="0" uspid="6217" ordinal="6" offset="27" sl="147" sc="17" el="147" ec="18" bec="0" bev="0" fileid="120" />
                <SequencePoint vc="0" uspid="6218" ordinal="7" offset="30" sl="149" sc="17" el="149" ec="18" bec="0" bev="0" fileid="120" />
                <SequencePoint vc="0" uspid="6219" ordinal="8" offset="31" sl="150" sc="21" el="150" ec="28" bec="0" bev="0" fileid="120" />
                <SequencePoint vc="0" uspid="6220" ordinal="9" offset="33" sl="152" sc="13" el="152" ec="14" bec="0" bev="0" fileid="120" />
                <SequencePoint vc="0" uspid="6221" ordinal="10" offset="34" sl="154" sc="13" el="154" ec="38" bec="0" bev="0" fileid="120" />
                <SequencePoint vc="0" uspid="6222" ordinal="11" offset="42" sl="156" sc="9" el="156" ec="10" bec="0" bev="0" fileid="120" />
              </SequencePoints>
              <BranchPoints>
                <BranchPoint vc="0" uspid="6223" ordinal="0" offset="10" sl="142" path="0" offsetend="12" fileid="120" />
                <BranchPoint vc="0" uspid="6224" ordinal="1" offset="10" sl="142" path="1" offsetend="34" fileid="120" />
                <BranchPoint vc="0" uspid="6225" ordinal="2" offset="16" sl="144" path="0" offsetend="18" fileid="120" />
                <BranchPoint vc="0" uspid="6226" ordinal="3" offset="16" sl="144" path="1" offsetend="30" fileid="120" />
              </BranchPoints>
              <MethodPoint xsi:type="SequencePoint" vc="0" uspid="6211" ordinal="0" offset="0" sl="141" sc="9" el="141" ec="10" bec="0" bev="0" fileid="120" />
            </Method>
            <Method visited="false" cyclomaticComplexity="3" nPathComplexity="2" sequenceCoverage="0" branchCoverage="0" isConstructor="false" isStatic="false" isGetter="false" isSetter="false">
              <Summary numSequencePoints="20" visitedSequencePoints="0" numBranchPoints="3" visitedBranchPoints="0" sequenceCoverage="0" branchCoverage="0" maxCyclomaticComplexity="3" minCyclomaticComplexity="3" visitedClasses="0" numClasses="0" visitedMethods="0" numMethods="1" />
              <MetadataToken>100663971</MetadataToken>
              <Name>System.Boolean SportsWeb.Services.Repository.ExecuteScripts::DatabaseExists(System.String)</Name>
              <FileRef uid="120" />
              <SequencePoints>
                <SequencePoint vc="0" uspid="6227" ordinal="0" offset="0" sl="158" sc="9" el="158" ec="10" bec="0" bev="0" fileid="120" />
                <SequencePoint vc="0" uspid="6228" ordinal="1" offset="1" sl="160" sc="13" el="160" ec="14" bec="0" bev="0" fileid="120" />
                <SequencePoint vc="0" uspid="6229" ordinal="2" offset="2" sl="161" sc="17" el="161" ec="50" bec="0" bev="0" fileid="120" />
                <SequencePoint vc="0" uspid="6230" ordinal="3" offset="9" sl="162" sc="17" el="162" ec="65" bec="0" bev="0" fileid="120" />
                <SequencePoint vc="0" uspid="6231" ordinal="4" offset="16" sl="163" sc="17" el="163" ec="116" bec="0" bev="0" fileid="120" />
                <SequencePoint vc="0" uspid="6232" ordinal="5" offset="22" sl="164" sc="17" el="164" ec="44" bec="0" bev="0" fileid="120" />
                <SequencePoint vc="0" uspid="6233" ordinal="6" offset="30" sl="165" sc="17" el="165" ec="50" bec="0" bev="0" fileid="120" />
                <SequencePoint vc="0" uspid="6234" ordinal="7" offset="36" sl="166" sc="17" el="166" ec="44" bec="0" bev="0" fileid="120" />
                <SequencePoint vc="0" uspid="6235" ordinal="8" offset="39" sl="167" sc="17" el="167" ec="68" bec="0" bev="0" fileid="120" />
                <SequencePoint vc="0" uspid="6236" ordinal="9" offset="49" sl="168" sc="24" el="168" ec="72" bec="0" bev="0" fileid="120" />
                <SequencePoint vc="0" uspid="6237" ordinal="10" offset="57" sl="169" sc="17" el="169" ec="18" bec="0" bev="0" fileid="120" />
                <SequencePoint vc="0" uspid="6238" ordinal="11" offset="58" sl="170" sc="21" el="170" ec="43" bec="2" bev="0" fileid="120" />
                <SequencePoint vc="0" uspid="6239" ordinal="12" offset="71" sl="171" sc="25" el="171" ec="57" bec="0" bev="0" fileid="120" />
                <SequencePoint vc="0" uspid="6240" ordinal="13" offset="92" sl="172" sc="17" el="172" ec="18" bec="0" bev="0" fileid="120" />
                <SequencePoint vc="0" uspid="6241" ordinal="14" offset="108" sl="173" sc="13" el="173" ec="14" bec="0" bev="0" fileid="120" />
                <SequencePoint vc="0" uspid="6242" ordinal="15" offset="111" sl="174" sc="13" el="174" ec="33" bec="0" bev="0" fileid="120" />
                <SequencePoint vc="0" uspid="6243" ordinal="16" offset="113" sl="175" sc="13" el="175" ec="14" bec="0" bev="0" fileid="120" />
                <SequencePoint vc="0" uspid="6244" ordinal="17" offset="114" sl="176" sc="17" el="176" ec="126" bec="0" bev="0" fileid="120" />
                <SequencePoint vc="0" uspid="6245" ordinal="18" offset="133" sl="179" sc="13" el="179" ec="26" bec="0" bev="0" fileid="120" />
                <SequencePoint vc="0" uspid="6246" ordinal="19" offset="138" sl="180" sc="9" el="180" ec="10" bec="0" bev="0" fileid="120" />
              </SequencePoints>
              <BranchPoints>
                <BranchPoint vc="0" uspid="6247" ordinal="0" offset="69" sl="170" path="0" offsetend="71" fileid="120" />
                <BranchPoint vc="0" uspid="6248" ordinal="1" offset="69" sl="170" path="1" offsetend="92" fileid="120" />
              </BranchPoints>
              <MethodPoint xsi:type="SequencePoint" vc="0" uspid="6227" ordinal="0" offset="0" sl="158" sc="9" el="158" ec="10" bec="0" bev="0" fileid="120" />
            </Method>
            <Method visited="false" cyclomaticComplexity="2" nPathComplexity="0" sequenceCoverage="0" branchCoverage="0" isConstructor="false" isStatic="false" isGetter="false" isSetter="false">
              <Summary numSequencePoints="12" visitedSequencePoints="0" numBranchPoints="1" visitedBranchPoints="0" sequenceCoverage="0" branchCoverage="0" maxCyclomaticComplexity="2" minCyclomaticComplexity="2" visitedClasses="0" numClasses="0" visitedMethods="0" numMethods="1" />
              <MetadataToken>100663972</MetadataToken>
              <Name>System.Boolean SportsWeb.Services.Repository.ExecuteScripts::DropDatabase(System.String)</Name>
              <FileRef uid="120" />
              <SequencePoints>
                <SequencePoint vc="0" uspid="6249" ordinal="0" offset="0" sl="183" sc="9" el="183" ec="10" bec="0" bev="0" fileid="120" />
                <SequencePoint vc="0" uspid="6250" ordinal="1" offset="1" sl="184" sc="13" el="184" ec="46" bec="0" bev="0" fileid="120" />
                <SequencePoint vc="0" uspid="6251" ordinal="2" offset="8" sl="186" sc="13" el="186" ec="14" bec="0" bev="0" fileid="120" />
                <SequencePoint vc="0" uspid="6252" ordinal="3" offset="9" sl="187" sc="24" el="187" ec="71" bec="0" bev="0" fileid="120" />
                <SequencePoint vc="0" uspid="6253" ordinal="4" offset="16" sl="188" sc="17" el="188" ec="18" bec="0" bev="0" fileid="120" />
                <SequencePoint vc="0" uspid="6254" ordinal="5" offset="17" sl="190" sc="21" el="190" ec="104" bec="0" bev="0" fileid="120" />
                <SequencePoint vc="0" uspid="6255" ordinal="6" offset="35" sl="191" sc="21" el="191" ec="47" bec="0" bev="0" fileid="120" />
                <SequencePoint vc="0" uspid="6256" ordinal="7" offset="42" sl="192" sc="21" el="192" ec="33" bec="0" bev="0" fileid="120" />
                <SequencePoint vc="0" uspid="6257" ordinal="8" offset="57" sl="195" sc="13" el="195" ec="31" bec="0" bev="0" fileid="120" />
                <SequencePoint vc="0" uspid="6258" ordinal="9" offset="58" sl="196" sc="13" el="196" ec="14" bec="0" bev="0" fileid="120" />
                <SequencePoint vc="0" uspid="6259" ordinal="10" offset="59" sl="197" sc="17" el="197" ec="23" bec="0" bev="0" fileid="120" />
                <SequencePoint vc="0" uspid="6260" ordinal="11" offset="61" sl="202" sc="9" el="202" ec="10" bec="0" bev="0" fileid="120" />
              </SequencePoints>
              <BranchPoints />
              <MethodPoint xsi:type="SequencePoint" vc="0" uspid="6249" ordinal="0" offset="0" sl="183" sc="9" el="183" ec="10" bec="0" bev="0" fileid="120" />
            </Method>
            <Method visited="false" cyclomaticComplexity="3" nPathComplexity="2" sequenceCoverage="0" branchCoverage="0" isConstructor="false" isStatic="false" isGetter="false" isSetter="false">
              <Summary numSequencePoints="15" visitedSequencePoints="0" numBranchPoints="3" visitedBranchPoints="0" sequenceCoverage="0" branchCoverage="0" maxCyclomaticComplexity="3" minCyclomaticComplexity="3" visitedClasses="0" numClasses="0" visitedMethods="0" numMethods="1" />
              <MetadataToken>100663973</MetadataToken>
              <Name>System.Void SportsWeb.Services.Repository.ExecuteScripts::RegisterExecutedScript(System.String,System.Data.IDbConnection,System.Data.IDbTransaction)</Name>
              <FileRef uid="120" />
              <SequencePoints>
                <SequencePoint vc="0" uspid="6261" ordinal="0" offset="0" sl="205" sc="9" el="205" ec="10" bec="0" bev="0" fileid="120" />
                <SequencePoint vc="0" uspid="6262" ordinal="1" offset="1" sl="206" sc="20" el="206" ec="60" bec="0" bev="0" fileid="120" />
                <SequencePoint vc="0" uspid="6263" ordinal="2" offset="8" sl="207" sc="13" el="207" ec="14" bec="0" bev="0" fileid="120" />
                <SequencePoint vc="0" uspid="6264" ordinal="3" offset="9" sl="209" sc="17" el="209" ec="18" bec="0" bev="0" fileid="120" />
                <SequencePoint vc="0" uspid="6265" ordinal="4" offset="10" sl="210" sc="21" el="210" ec="118" bec="0" bev="0" fileid="120" />
                <SequencePoint vc="0" uspid="6266" ordinal="5" offset="22" sl="211" sc="21" el="211" ec="83" bec="0" bev="0" fileid="120" />
                <SequencePoint vc="0" uspid="6267" ordinal="6" offset="40" sl="212" sc="21" el="212" ec="40" bec="2" bev="0" fileid="120" />
                <SequencePoint vc="0" uspid="6268" ordinal="7" offset="53" sl="213" sc="25" el="213" ec="59" bec="0" bev="0" fileid="120" />
                <SequencePoint vc="0" uspid="6269" ordinal="8" offset="61" sl="214" sc="21" el="214" ec="47" bec="0" bev="0" fileid="120" />
                <SequencePoint vc="0" uspid="6270" ordinal="9" offset="68" sl="215" sc="17" el="215" ec="18" bec="0" bev="0" fileid="120" />
                <SequencePoint vc="0" uspid="6271" ordinal="10" offset="71" sl="216" sc="17" el="216" ec="44" bec="0" bev="0" fileid="120" />
                <SequencePoint vc="0" uspid="6272" ordinal="11" offset="72" sl="217" sc="17" el="217" ec="18" bec="0" bev="0" fileid="120" />
                <SequencePoint vc="0" uspid="6273" ordinal="12" offset="73" sl="218" sc="21" el="220" ec="51" bec="0" bev="0" fileid="120" />
                <SequencePoint vc="0" uspid="6274" ordinal="13" offset="91" sl="222" sc="13" el="222" ec="14" bec="0" bev="0" fileid="120" />
                <SequencePoint vc="0" uspid="6275" ordinal="14" offset="105" sl="223" sc="9" el="223" ec="10" bec="0" bev="0" fileid="120" />
              </SequencePoints>
              <BranchPoints>
                <BranchPoint vc="0" uspid="6276" ordinal="0" offset="51" sl="212" path="0" offsetend="53" fileid="120" />
                <BranchPoint vc="0" uspid="6277" ordinal="1" offset="51" sl="212" path="1" offsetend="61" fileid="120" />
              </BranchPoints>
              <MethodPoint xsi:type="SequencePoint" vc="0" uspid="6261" ordinal="0" offset="0" sl="205" sc="9" el="205" ec="10" bec="0" bev="0" fileid="120" />
            </Method>
            <Method visited="false" cyclomaticComplexity="3" nPathComplexity="2" sequenceCoverage="0" branchCoverage="0" isConstructor="false" isStatic="true" isGetter="false" isSetter="false">
              <Summary numSequencePoints="8" visitedSequencePoints="0" numBranchPoints="3" visitedBranchPoints="0" sequenceCoverage="0" branchCoverage="0" maxCyclomaticComplexity="3" minCyclomaticComplexity="3" visitedClasses="0" numClasses="0" visitedMethods="0" numMethods="1" />
              <MetadataToken>100663974</MetadataToken>
              <Name>System.Void SportsWeb.Services.Repository.ExecuteScripts::AddParameter(System.Data.IDbCommand,System.String,System.Object)</Name>
              <FileRef uid="120" />
              <SequencePoints>
                <SequencePoint vc="0" uspid="6278" ordinal="0" offset="0" sl="226" sc="9" el="226" ec="10" bec="0" bev="0" fileid="120" />
                <SequencePoint vc="0" uspid="6279" ordinal="1" offset="1" sl="227" sc="13" el="227" ec="33" bec="2" bev="0" fileid="120" />
                <SequencePoint vc="0" uspid="6280" ordinal="2" offset="9" sl="227" sc="34" el="227" ec="77" bec="0" bev="0" fileid="120" />
                <SequencePoint vc="0" uspid="6281" ordinal="3" offset="20" sl="228" sc="13" el="228" ec="55" bec="0" bev="0" fileid="120" />
                <SequencePoint vc="0" uspid="6282" ordinal="4" offset="27" sl="229" sc="13" el="229" ec="105" bec="0" bev="0" fileid="120" />
                <SequencePoint vc="0" uspid="6283" ordinal="5" offset="50" sl="230" sc="13" el="230" ec="37" bec="0" bev="0" fileid="120" />
                <SequencePoint vc="0" uspid="6284" ordinal="6" offset="58" sl="231" sc="13" el="231" ec="47" bec="0" bev="0" fileid="120" />
                <SequencePoint vc="0" uspid="6285" ordinal="7" offset="71" sl="232" sc="9" el="232" ec="10" bec="0" bev="0" fileid="120" />
              </SequencePoints>
              <BranchPoints>
                <BranchPoint vc="0" uspid="6286" ordinal="0" offset="7" sl="227" path="0" offsetend="9" fileid="120" />
                <BranchPoint vc="0" uspid="6287" ordinal="1" offset="7" sl="227" path="1" offsetend="20" fileid="120" />
              </BranchPoints>
              <MethodPoint xsi:type="SequencePoint" vc="0" uspid="6278" ordinal="0" offset="0" sl="226" sc="9" el="226" ec="10" bec="0" bev="0" fileid="120" />
            </Method>
            <Method visited="false" cyclomaticComplexity="4" nPathComplexity="2" sequenceCoverage="0" branchCoverage="0" isConstructor="false" isStatic="false" isGetter="false" isSetter="false">
              <Summary numSequencePoints="16" visitedSequencePoints="0" numBranchPoints="3" visitedBranchPoints="0" sequenceCoverage="0" branchCoverage="0" maxCyclomaticComplexity="4" minCyclomaticComplexity="4" visitedClasses="0" numClasses="0" visitedMethods="0" numMethods="1" />
              <MetadataToken>100663975</MetadataToken>
              <Name>System.Collections.Generic.IList`1&lt;System.String&gt; SportsWeb.Services.Repository.ExecuteScripts::GetExecutedScripts()</Name>
              <FileRef uid="120" />
              <SequencePoints>
                <SequencePoint vc="0" uspid="6290" ordinal="0" offset="0" sl="235" sc="9" el="235" ec="10" bec="0" bev="0" fileid="120" />
                <SequencePoint vc="0" uspid="6291" ordinal="1" offset="1" sl="236" sc="13" el="236" ec="58" bec="0" bev="0" fileid="120" />
                <SequencePoint vc="0" uspid="6292" ordinal="2" offset="7" sl="237" sc="13" el="237" ec="68" bec="0" bev="0" fileid="120" />
                <SequencePoint vc="0" uspid="6293" ordinal="3" offset="19" sl="238" sc="20" el="238" ec="61" bec="0" bev="0" fileid="120" />
                <SequencePoint vc="0" uspid="6294" ordinal="4" offset="31" sl="239" sc="13" el="239" ec="14" bec="0" bev="0" fileid="120" />
                <SequencePoint vc="0" uspid="6295" ordinal="5" offset="32" sl="240" sc="17" el="240" ec="89" bec="0" bev="0" fileid="120" />
                <SequencePoint vc="0" uspid="6296" ordinal="6" offset="44" sl="242" sc="24" el="242" ec="60" bec="0" bev="0" fileid="120" />
                <SequencePoint vc="0" uspid="6297" ordinal="7" offset="51" sl="243" sc="17" el="243" ec="18" bec="0" bev="0" fileid="120" />
                <SequencePoint vc="0" uspid="6298" ordinal="8" offset="54" sl="245" sc="21" el="245" ec="22" bec="0" bev="0" fileid="120" />
                <SequencePoint vc="0" uspid="6299" ordinal="9" offset="55" sl="246" sc="25" el="246" ec="68" bec="0" bev="0" fileid="120" />
                <SequencePoint vc="0" uspid="6300" ordinal="10" offset="74" sl="247" sc="21" el="247" ec="22" bec="0" bev="0" fileid="120" />
                <SequencePoint vc="0" uspid="6301" ordinal="11" offset="75" sl="244" sc="21" el="244" ec="42" bec="2" bev="0" fileid="120" />
                <SequencePoint vc="0" uspid="6302" ordinal="12" offset="85" sl="248" sc="17" el="248" ec="18" bec="0" bev="0" fileid="120" />
                <SequencePoint vc="0" uspid="6303" ordinal="13" offset="99" sl="249" sc="13" el="249" ec="14" bec="0" bev="0" fileid="120" />
                <SequencePoint vc="0" uspid="6304" ordinal="14" offset="113" sl="251" sc="13" el="251" ec="40" bec="0" bev="0" fileid="120" />
                <SequencePoint vc="0" uspid="6305" ordinal="15" offset="118" sl="252" sc="9" el="252" ec="10" bec="0" bev="0" fileid="120" />
              </SequencePoints>
              <BranchPoints>
                <BranchPoint vc="0" uspid="6306" ordinal="0" offset="83" sl="244" path="0" offsetend="85" fileid="120" />
                <BranchPoint vc="0" uspid="6307" ordinal="1" offset="83" sl="244" path="1" offsetend="54" fileid="120" />
              </BranchPoints>
              <MethodPoint xsi:type="SequencePoint" vc="0" uspid="6290" ordinal="0" offset="0" sl="235" sc="9" el="235" ec="10" bec="0" bev="0" fileid="120" />
            </Method>
            <Method visited="false" cyclomaticComplexity="4" nPathComplexity="2" sequenceCoverage="0" branchCoverage="0" isConstructor="false" isStatic="false" isGetter="false" isSetter="false">
              <Summary numSequencePoints="13" visitedSequencePoints="0" numBranchPoints="3" visitedBranchPoints="0" sequenceCoverage="0" branchCoverage="0" maxCyclomaticComplexity="4" minCyclomaticComplexity="4" visitedClasses="0" numClasses="0" visitedMethods="0" numMethods="1" />
              <MetadataToken>100663976</MetadataToken>
              <Name>System.Boolean SportsWeb.Services.Repository.ExecuteScripts::ExecutedScriptsExists(System.String)</Name>
              <FileRef uid="120" />
              <SequencePoints>
                <SequencePoint vc="0" uspid="6308" ordinal="0" offset="0" sl="255" sc="9" el="255" ec="10" bec="0" bev="0" fileid="120" />
                <SequencePoint vc="0" uspid="6309" ordinal="1" offset="1" sl="256" sc="20" el="256" ec="72" bec="0" bev="0" fileid="120" />
                <SequencePoint vc="0" uspid="6310" ordinal="2" offset="13" sl="257" sc="13" el="257" ec="14" bec="0" bev="0" fileid="120" />
                <SequencePoint vc="0" uspid="6311" ordinal="3" offset="14" sl="258" sc="17" el="258" ec="126" bec="0" bev="0" fileid="120" />
                <SequencePoint vc="0" uspid="6312" ordinal="4" offset="26" sl="259" sc="17" el="259" ec="77" bec="0" bev="0" fileid="120" />
                <SequencePoint vc="0" uspid="6313" ordinal="5" offset="39" sl="260" sc="24" el="260" ec="72" bec="0" bev="0" fileid="120" />
                <SequencePoint vc="0" uspid="6314" ordinal="6" offset="46" sl="261" sc="17" el="261" ec="18" bec="0" bev="0" fileid="120" />
                <SequencePoint vc="0" uspid="6315" ordinal="7" offset="47" sl="262" sc="21" el="262" ec="43" bec="2" bev="0" fileid="120" />
                <SequencePoint vc="0" uspid="6316" ordinal="8" offset="57" sl="263" sc="25" el="263" ec="57" bec="0" bev="0" fileid="120" />
                <SequencePoint vc="0" uspid="6317" ordinal="9" offset="76" sl="264" sc="17" el="264" ec="18" bec="0" bev="0" fileid="120" />
                <SequencePoint vc="0" uspid="6318" ordinal="10" offset="90" sl="265" sc="13" el="265" ec="14" bec="0" bev="0" fileid="120" />
                <SequencePoint vc="0" uspid="6319" ordinal="11" offset="104" sl="266" sc="13" el="266" ec="26" bec="0" bev="0" fileid="120" />
                <SequencePoint vc="0" uspid="6320" ordinal="12" offset="108" sl="267" sc="9" el="267" ec="10" bec="0" bev="0" fileid="120" />
              </SequencePoints>
              <BranchPoints>
                <BranchPoint vc="0" uspid="6321" ordinal="0" offset="55" sl="262" path="0" offsetend="57" fileid="120" />
                <BranchPoint vc="0" uspid="6322" ordinal="1" offset="55" sl="262" path="1" offsetend="76" fileid="120" />
              </BranchPoints>
              <MethodPoint xsi:type="SequencePoint" vc="0" uspid="6308" ordinal="0" offset="0" sl="255" sc="9" el="255" ec="10" bec="0" bev="0" fileid="120" />
            </Method>
            <Method visited="false" cyclomaticComplexity="2" nPathComplexity="2" sequenceCoverage="0" branchCoverage="0" isConstructor="false" isStatic="false" isGetter="false" isSetter="false">
              <Summary numSequencePoints="6" visitedSequencePoints="0" numBranchPoints="3" visitedBranchPoints="0" sequenceCoverage="0" branchCoverage="0" maxCyclomaticComplexity="2" minCyclomaticComplexity="2" visitedClasses="0" numClasses="0" visitedMethods="0" numMethods="1" />
              <MetadataToken>100663977</MetadataToken>
              <Name>System.Void SportsWeb.Services.Repository.ExecuteScripts::EnsureExecutedScriptsTableExists(System.String)</Name>
              <FileRef uid="120" />
              <SequencePoints>
                <SequencePoint vc="0" uspid="6323" ordinal="0" offset="0" sl="270" sc="9" el="270" ec="10" bec="0" bev="0" fileid="120" />
                <SequencePoint vc="0" uspid="6324" ordinal="1" offset="1" sl="271" sc="13" el="271" ec="61" bec="2" bev="0" fileid="120" />
                <SequencePoint vc="0" uspid="6325" ordinal="2" offset="12" sl="272" sc="17" el="272" ec="24" bec="0" bev="0" fileid="120" />
                <SequencePoint vc="0" uspid="6326" ordinal="3" offset="14" sl="273" sc="13" el="273" ec="186" bec="0" bev="0" fileid="120" />
                <SequencePoint vc="0" uspid="6327" ordinal="4" offset="26" sl="274" sc="13" el="274" ec="39" bec="0" bev="0" fileid="120" />
                <SequencePoint vc="0" uspid="6328" ordinal="5" offset="34" sl="275" sc="9" el="275" ec="10" bec="0" bev="0" fileid="120" />
              </SequencePoints>
              <BranchPoints>
                <BranchPoint vc="0" uspid="6329" ordinal="0" offset="10" sl="271" path="0" offsetchain="12" offsetend="34" fileid="120" />
                <BranchPoint vc="0" uspid="6330" ordinal="1" offset="10" sl="271" path="1" offsetend="14" fileid="120" />
              </BranchPoints>
              <MethodPoint xsi:type="SequencePoint" vc="0" uspid="6323" ordinal="0" offset="0" sl="270" sc="9" el="270" ec="10" bec="0" bev="0" fileid="120" />
            </Method>
            <Method visited="false" cyclomaticComplexity="3" nPathComplexity="2" sequenceCoverage="0" branchCoverage="0" isConstructor="false" isStatic="false" isGetter="false" isSetter="false">
              <Summary numSequencePoints="15" visitedSequencePoints="0" numBranchPoints="3" visitedBranchPoints="0" sequenceCoverage="0" branchCoverage="0" maxCyclomaticComplexity="3" minCyclomaticComplexity="3" visitedClasses="0" numClasses="0" visitedMethods="0" numMethods="1" />
              <MetadataToken>100663978</MetadataToken>
              <Name>System.Collections.Generic.IList`1&lt;System.String&gt; SportsWeb.Services.Repository.ExecuteScripts::GetPendingScripts(System.Collections.Generic.List`1&lt;System.String&gt;)</Name>
              <FileRef uid="120" />
              <SequencePoints>
                <SequencePoint vc="0" uspid="6331" ordinal="0" offset="0" sl="280" sc="9" el="280" ec="10" bec="0" bev="0" fileid="120" />
                <SequencePoint vc="0" uspid="6332" ordinal="1" offset="1" sl="281" sc="13" el="281" ec="56" bec="0" bev="0" fileid="120" />
                <SequencePoint vc="0" uspid="6333" ordinal="2" offset="8" sl="282" sc="13" el="282" ec="53" bec="0" bev="0" fileid="120" />
                <SequencePoint vc="0" uspid="6334" ordinal="3" offset="14" sl="283" sc="13" el="283" ec="20" bec="0" bev="0" fileid="120" />
                <SequencePoint vc="0" uspid="6335" ordinal="4" offset="15" sl="283" sc="36" el="283" ec="49" bec="0" bev="0" fileid="120" />
                <SequencePoint vc="0" uspid="6336" ordinal="5" offset="24" sl="283" sc="22" el="283" ec="32" bec="0" bev="0" fileid="120" />
                <SequencePoint vc="0" uspid="6337" ordinal="6" offset="32" sl="284" sc="13" el="284" ec="14" bec="0" bev="0" fileid="120" />
                <SequencePoint vc="0" uspid="6338" ordinal="7" offset="33" sl="285" sc="17" el="285" ec="73" bec="2" bev="0" fileid="120" />
                <SequencePoint vc="0" uspid="6339" ordinal="8" offset="54" sl="286" sc="17" el="286" ec="18" bec="0" bev="0" fileid="120" />
                <SequencePoint vc="0" uspid="6340" ordinal="9" offset="55" sl="287" sc="21" el="287" ec="48" bec="0" bev="0" fileid="120" />
                <SequencePoint vc="0" uspid="6341" ordinal="10" offset="63" sl="288" sc="17" el="288" ec="18" bec="0" bev="0" fileid="120" />
                <SequencePoint vc="0" uspid="6342" ordinal="11" offset="64" sl="289" sc="13" el="289" ec="14" bec="0" bev="0" fileid="120" />
                <SequencePoint vc="0" uspid="6343" ordinal="12" offset="65" sl="283" sc="33" el="283" ec="35" bec="0" bev="0" fileid="120" />
                <SequencePoint vc="0" uspid="6344" ordinal="13" offset="91" sl="290" sc="13" el="290" ec="35" bec="0" bev="0" fileid="120" />
                <SequencePoint vc="0" uspid="6345" ordinal="14" offset="96" sl="291" sc="9" el="291" ec="10" bec="0" bev="0" fileid="120" />
              </SequencePoints>
              <BranchPoints>
                <BranchPoint vc="0" uspid="6346" ordinal="0" offset="52" sl="285" path="0" offsetend="54" fileid="120" />
                <BranchPoint vc="0" uspid="6347" ordinal="1" offset="52" sl="285" path="1" offsetend="64" fileid="120" />
              </BranchPoints>
              <MethodPoint xsi:type="SequencePoint" vc="0" uspid="6331" ordinal="0" offset="0" sl="280" sc="9" el="280" ec="10" bec="0" bev="0" fileid="120" />
            </Method>
            <Method visited="false" cyclomaticComplexity="2" nPathComplexity="2" sequenceCoverage="0" branchCoverage="0" isConstructor="false" isStatic="false" isGetter="false" isSetter="false">
              <Summary numSequencePoints="4" visitedSequencePoints="0" numBranchPoints="3" visitedBranchPoints="0" sequenceCoverage="0" branchCoverage="0" maxCyclomaticComplexity="2" minCyclomaticComplexity="2" visitedClasses="0" numClasses="0" visitedMethods="0" numMethods="1" />
              <MetadataToken>100663979</MetadataToken>
              <Name>System.Void SportsWeb.Services.Repository.ExecuteScripts::Dispose()</Name>
              <FileRef uid="120" />
              <SequencePoints>
                <SequencePoint vc="0" uspid="6350" ordinal="0" offset="0" sl="294" sc="9" el="294" ec="10" bec="0" bev="0" fileid="120" />
                <SequencePoint vc="0" uspid="6351" ordinal="1" offset="1" sl="295" sc="13" el="295" ec="36" bec="2" bev="0" fileid="120" />
                <SequencePoint vc="0" uspid="6352" ordinal="2" offset="19" sl="296" sc="13" el="296" ec="39" bec="0" bev="0" fileid="120" />
                <SequencePoint vc="0" uspid="6353" ordinal="3" offset="26" sl="297" sc="9" el="297" ec="10" bec="0" bev="0" fileid="120" />
              </SequencePoints>
              <BranchPoints>
                <BranchPoint vc="0" uspid="6354" ordinal="0" offset="8" sl="295" path="0" offsetend="10" fileid="120" />
                <BranchPoint vc="0" uspid="6355" ordinal="1" offset="8" sl="295" path="1" offsetend="13" fileid="120" />
              </BranchPoints>
              <MethodPoint xsi:type="SequencePoint" vc="0" uspid="6350" ordinal="0" offset="0" sl="294" sc="9" el="294" ec="10" bec="0" bev="0" fileid="120" />
            </Method>
            <Method visited="false" cyclomaticComplexity="1" nPathComplexity="0" sequenceCoverage="0" branchCoverage="0" isConstructor="true" isStatic="false" isGetter="false" isSetter="false">
              <Summary numSequencePoints="0" visitedSequencePoints="0" numBranchPoints="0" visitedBranchPoints="0" sequenceCoverage="0" branchCoverage="0" maxCyclomaticComplexity="1" minCyclomaticComplexity="1" visitedClasses="0" numClasses="0" visitedMethods="0" numMethods="0" />
              <MetadataToken>100663980</MetadataToken>
              <Name>System.Void SportsWeb.Services.Repository.ExecuteScripts::.ctor()</Name>
              <SequencePoints />
              <BranchPoints />
              <MethodPoint vc="0" uspid="6356" ordinal="0" offset="0" />
            </Method>
          </Methods>
        </Class>
        <Class>
          <Summary numSequencePoints="67" visitedSequencePoints="0" numBranchPoints="19" visitedBranchPoints="0" sequenceCoverage="0" branchCoverage="0" maxCyclomaticComplexity="2" minCyclomaticComplexity="1" visitedClasses="0" numClasses="1" visitedMethods="0" numMethods="17" />
          <FullName>SportsWeb.Services.Repository.ConnectionStringBuilder</FullName>
          <Methods>
            <Method visited="false" cyclomaticComplexity="1" nPathComplexity="0" sequenceCoverage="0" branchCoverage="0" isConstructor="true" isStatic="false" isGetter="false" isSetter="false">
              <Summary numSequencePoints="4" visitedSequencePoints="0" numBranchPoints="1" visitedBranchPoints="0" sequenceCoverage="0" branchCoverage="0" maxCyclomaticComplexity="1" minCyclomaticComplexity="1" visitedClasses="0" numClasses="0" visitedMethods="0" numMethods="1" />
              <MetadataToken>100663981</MetadataToken>
              <Name>System.Void SportsWeb.Services.Repository.ConnectionStringBuilder::.ctor()</Name>
              <FileRef uid="121" />
              <SequencePoints>
                <SequencePoint vc="0" uspid="6357" ordinal="0" offset="0" sl="23" sc="9" el="23" ec="41" bec="0" bev="0" fileid="121" />
                <SequencePoint vc="0" uspid="6358" ordinal="1" offset="7" sl="24" sc="9" el="24" ec="10" bec="0" bev="0" fileid="121" />
                <SequencePoint vc="0" uspid="6359" ordinal="2" offset="8" sl="25" sc="13" el="25" ec="54" bec="0" bev="0" fileid="121" />
                <SequencePoint vc="0" uspid="6360" ordinal="3" offset="19" sl="26" sc="9" el="26" ec="10" bec="0" bev="0" fileid="121" />
              </SequencePoints>
              <BranchPoints />
              <MethodPoint xsi:type="SequencePoint" vc="0" uspid="6357" ordinal="0" offset="0" sl="23" sc="9" el="23" ec="41" bec="0" bev="0" fileid="121" />
            </Method>
            <Method visited="false" cyclomaticComplexity="1" nPathComplexity="0" sequenceCoverage="0" branchCoverage="0" isConstructor="false" isStatic="false" isGetter="false" isSetter="false">
              <Summary numSequencePoints="4" visitedSequencePoints="0" numBranchPoints="1" visitedBranchPoints="0" sequenceCoverage="0" branchCoverage="0" maxCyclomaticComplexity="1" minCyclomaticComplexity="1" visitedClasses="0" numClasses="0" visitedMethods="0" numMethods="1" />
              <MetadataToken>100663982</MetadataToken>
              <Name>SportsWeb.Services.Repository.ConnectionStringBuilder SportsWeb.Services.Repository.ConnectionStringBuilder::AddServer(System.String)</Name>
              <FileRef uid="121" />
              <SequencePoints>
                <SequencePoint vc="0" uspid="6361" ordinal="0" offset="0" sl="29" sc="9" el="29" ec="10" bec="0" bev="0" fileid="121" />
                <SequencePoint vc="0" uspid="6362" ordinal="1" offset="1" sl="30" sc="13" el="30" ec="73" bec="0" bev="0" fileid="121" />
                <SequencePoint vc="0" uspid="6363" ordinal="2" offset="14" sl="31" sc="13" el="31" ec="25" bec="0" bev="0" fileid="121" />
                <SequencePoint vc="0" uspid="6364" ordinal="3" offset="18" sl="32" sc="9" el="32" ec="10" bec="0" bev="0" fileid="121" />
              </SequencePoints>
              <BranchPoints />
              <MethodPoint xsi:type="SequencePoint" vc="0" uspid="6361" ordinal="0" offset="0" sl="29" sc="9" el="29" ec="10" bec="0" bev="0" fileid="121" />
            </Method>
            <Method visited="false" cyclomaticComplexity="2" nPathComplexity="2" sequenceCoverage="0" branchCoverage="0" isConstructor="false" isStatic="false" isGetter="false" isSetter="false">
              <Summary numSequencePoints="5" visitedSequencePoints="0" numBranchPoints="3" visitedBranchPoints="0" sequenceCoverage="0" branchCoverage="0" maxCyclomaticComplexity="2" minCyclomaticComplexity="2" visitedClasses="0" numClasses="0" visitedMethods="0" numMethods="1" />
              <MetadataToken>100663983</MetadataToken>
              <Name>System.Void SportsWeb.Services.Repository.ConnectionStringBuilder::AddValueToConnectionstring(System.String,System.Object)</Name>
              <FileRef uid="121" />
              <SequencePoints>
                <SequencePoint vc="0" uspid="6365" ordinal="0" offset="0" sl="35" sc="9" el="35" ec="10" bec="0" bev="0" fileid="121" />
                <SequencePoint vc="0" uspid="6366" ordinal="1" offset="1" sl="36" sc="13" el="36" ec="34" bec="2" bev="0" fileid="121" />
                <SequencePoint vc="0" uspid="6367" ordinal="2" offset="9" sl="37" sc="17" el="37" ec="67" bec="0" bev="0" fileid="121" />
                <SequencePoint vc="0" uspid="6368" ordinal="3" offset="20" sl="38" sc="13" el="38" ec="85" bec="0" bev="0" fileid="121" />
                <SequencePoint vc="0" uspid="6369" ordinal="4" offset="39" sl="39" sc="9" el="39" ec="10" bec="0" bev="0" fileid="121" />
              </SequencePoints>
              <BranchPoints>
                <BranchPoint vc="0" uspid="6370" ordinal="0" offset="7" sl="36" path="0" offsetend="9" fileid="121" />
                <BranchPoint vc="0" uspid="6371" ordinal="1" offset="7" sl="36" path="1" offsetend="20" fileid="121" />
              </BranchPoints>
              <MethodPoint xsi:type="SequencePoint" vc="0" uspid="6365" ordinal="0" offset="0" sl="35" sc="9" el="35" ec="10" bec="0" bev="0" fileid="121" />
            </Method>
            <Method visited="false" cyclomaticComplexity="1" nPathComplexity="0" sequenceCoverage="0" branchCoverage="0" isConstructor="false" isStatic="false" isGetter="false" isSetter="false">
              <Summary numSequencePoints="4" visitedSequencePoints="0" numBranchPoints="1" visitedBranchPoints="0" sequenceCoverage="0" branchCoverage="0" maxCyclomaticComplexity="1" minCyclomaticComplexity="1" visitedClasses="0" numClasses="0" visitedMethods="0" numMethods="1" />
              <MetadataToken>100663984</MetadataToken>
              <Name>SportsWeb.Services.Repository.ConnectionStringBuilder SportsWeb.Services.Repository.ConnectionStringBuilder::AddPort(System.Int32)</Name>
              <FileRef uid="121" />
              <SequencePoints>
                <SequencePoint vc="0" uspid="6372" ordinal="0" offset="0" sl="42" sc="9" el="42" ec="10" bec="0" bev="0" fileid="121" />
                <SequencePoint vc="0" uspid="6373" ordinal="1" offset="1" sl="43" sc="13" el="43" ec="69" bec="0" bev="0" fileid="121" />
                <SequencePoint vc="0" uspid="6374" ordinal="2" offset="19" sl="44" sc="13" el="44" ec="25" bec="0" bev="0" fileid="121" />
                <SequencePoint vc="0" uspid="6375" ordinal="3" offset="23" sl="45" sc="9" el="45" ec="10" bec="0" bev="0" fileid="121" />
              </SequencePoints>
              <BranchPoints />
              <MethodPoint xsi:type="SequencePoint" vc="0" uspid="6372" ordinal="0" offset="0" sl="42" sc="9" el="42" ec="10" bec="0" bev="0" fileid="121" />
            </Method>
            <Method visited="false" cyclomaticComplexity="1" nPathComplexity="0" sequenceCoverage="0" branchCoverage="0" isConstructor="false" isStatic="false" isGetter="false" isSetter="false">
              <Summary numSequencePoints="4" visitedSequencePoints="0" numBranchPoints="1" visitedBranchPoints="0" sequenceCoverage="0" branchCoverage="0" maxCyclomaticComplexity="1" minCyclomaticComplexity="1" visitedClasses="0" numClasses="0" visitedMethods="0" numMethods="1" />
              <MetadataToken>100663985</MetadataToken>
              <Name>SportsWeb.Services.Repository.ConnectionStringBuilder SportsWeb.Services.Repository.ConnectionStringBuilder::AddDatabase(System.String)</Name>
              <FileRef uid="121" />
              <SequencePoints>
                <SequencePoint vc="0" uspid="6376" ordinal="0" offset="0" sl="48" sc="9" el="48" ec="10" bec="0" bev="0" fileid="121" />
                <SequencePoint vc="0" uspid="6377" ordinal="1" offset="1" sl="49" sc="13" el="49" ec="79" bec="0" bev="0" fileid="121" />
                <SequencePoint vc="0" uspid="6378" ordinal="2" offset="14" sl="50" sc="13" el="50" ec="25" bec="0" bev="0" fileid="121" />
                <SequencePoint vc="0" uspid="6379" ordinal="3" offset="18" sl="51" sc="9" el="51" ec="10" bec="0" bev="0" fileid="121" />
              </SequencePoints>
              <BranchPoints />
              <MethodPoint xsi:type="SequencePoint" vc="0" uspid="6376" ordinal="0" offset="0" sl="48" sc="9" el="48" ec="10" bec="0" bev="0" fileid="121" />
            </Method>
            <Method visited="false" cyclomaticComplexity="1" nPathComplexity="0" sequenceCoverage="0" branchCoverage="0" isConstructor="false" isStatic="false" isGetter="false" isSetter="false">
              <Summary numSequencePoints="4" visitedSequencePoints="0" numBranchPoints="1" visitedBranchPoints="0" sequenceCoverage="0" branchCoverage="0" maxCyclomaticComplexity="1" minCyclomaticComplexity="1" visitedClasses="0" numClasses="0" visitedMethods="0" numMethods="1" />
              <MetadataToken>100663986</MetadataToken>
              <Name>SportsWeb.Services.Repository.ConnectionStringBuilder SportsWeb.Services.Repository.ConnectionStringBuilder::AddUserId(System.String)</Name>
              <FileRef uid="121" />
              <SequencePoints>
                <SequencePoint vc="0" uspid="6380" ordinal="0" offset="0" sl="54" sc="9" el="54" ec="10" bec="0" bev="0" fileid="121" />
                <SequencePoint vc="0" uspid="6381" ordinal="1" offset="1" sl="55" sc="13" el="55" ec="74" bec="0" bev="0" fileid="121" />
                <SequencePoint vc="0" uspid="6382" ordinal="2" offset="14" sl="56" sc="13" el="56" ec="25" bec="0" bev="0" fileid="121" />
                <SequencePoint vc="0" uspid="6383" ordinal="3" offset="18" sl="57" sc="9" el="57" ec="10" bec="0" bev="0" fileid="121" />
              </SequencePoints>
              <BranchPoints />
              <MethodPoint xsi:type="SequencePoint" vc="0" uspid="6380" ordinal="0" offset="0" sl="54" sc="9" el="54" ec="10" bec="0" bev="0" fileid="121" />
            </Method>
            <Method visited="false" cyclomaticComplexity="1" nPathComplexity="0" sequenceCoverage="0" branchCoverage="0" isConstructor="false" isStatic="false" isGetter="false" isSetter="false">
              <Summary numSequencePoints="4" visitedSequencePoints="0" numBranchPoints="1" visitedBranchPoints="0" sequenceCoverage="0" branchCoverage="0" maxCyclomaticComplexity="1" minCyclomaticComplexity="1" visitedClasses="0" numClasses="0" visitedMethods="0" numMethods="1" />
              <MetadataToken>100663987</MetadataToken>
              <Name>SportsWeb.Services.Repository.ConnectionStringBuilder SportsWeb.Services.Repository.ConnectionStringBuilder::AddPassword(System.String)</Name>
              <FileRef uid="121" />
              <SequencePoints>
                <SequencePoint vc="0" uspid="6384" ordinal="0" offset="0" sl="60" sc="9" el="60" ec="10" bec="0" bev="0" fileid="121" />
                <SequencePoint vc="0" uspid="6385" ordinal="1" offset="1" sl="61" sc="13" el="61" ec="75" bec="0" bev="0" fileid="121" />
                <SequencePoint vc="0" uspid="6386" ordinal="2" offset="14" sl="62" sc="13" el="62" ec="25" bec="0" bev="0" fileid="121" />
                <SequencePoint vc="0" uspid="6387" ordinal="3" offset="18" sl="63" sc="9" el="63" ec="10" bec="0" bev="0" fileid="121" />
              </SequencePoints>
              <BranchPoints />
              <MethodPoint xsi:type="SequencePoint" vc="0" uspid="6384" ordinal="0" offset="0" sl="60" sc="9" el="60" ec="10" bec="0" bev="0" fileid="121" />
            </Method>
            <Method visited="false" cyclomaticComplexity="1" nPathComplexity="0" sequenceCoverage="0" branchCoverage="0" isConstructor="false" isStatic="false" isGetter="false" isSetter="false">
              <Summary numSequencePoints="3" visitedSequencePoints="0" numBranchPoints="1" visitedBranchPoints="0" sequenceCoverage="0" branchCoverage="0" maxCyclomaticComplexity="1" minCyclomaticComplexity="1" visitedClasses="0" numClasses="0" visitedMethods="0" numMethods="1" />
              <MetadataToken>100663988</MetadataToken>
              <Name>System.String SportsWeb.Services.Repository.ConnectionStringBuilder::ToString()</Name>
              <FileRef uid="121" />
              <SequencePoints>
                <SequencePoint vc="0" uspid="6388" ordinal="0" offset="0" sl="66" sc="9" el="66" ec="10" bec="0" bev="0" fileid="121" />
                <SequencePoint vc="0" uspid="6389" ordinal="1" offset="1" sl="67" sc="13" el="67" ec="50" bec="0" bev="0" fileid="121" />
                <SequencePoint vc="0" uspid="6390" ordinal="2" offset="15" sl="68" sc="9" el="68" ec="10" bec="0" bev="0" fileid="121" />
              </SequencePoints>
              <BranchPoints />
              <MethodPoint xsi:type="SequencePoint" vc="0" uspid="6388" ordinal="0" offset="0" sl="66" sc="9" el="66" ec="10" bec="0" bev="0" fileid="121" />
            </Method>
            <Method visited="false" cyclomaticComplexity="1" nPathComplexity="0" sequenceCoverage="0" branchCoverage="0" isConstructor="false" isStatic="false" isGetter="false" isSetter="false">
              <Summary numSequencePoints="4" visitedSequencePoints="0" numBranchPoints="1" visitedBranchPoints="0" sequenceCoverage="0" branchCoverage="0" maxCyclomaticComplexity="1" minCyclomaticComplexity="1" visitedClasses="0" numClasses="0" visitedMethods="0" numMethods="1" />
              <MetadataToken>100663989</MetadataToken>
              <Name>SportsWeb.Services.Repository.ConnectionStringBuilder SportsWeb.Services.Repository.ConnectionStringBuilder::WithPooling()</Name>
              <FileRef uid="121" />
              <SequencePoints>
                <SequencePoint vc="0" uspid="6391" ordinal="0" offset="0" sl="71" sc="9" el="71" ec="10" bec="0" bev="0" fileid="121" />
                <SequencePoint vc="0" uspid="6392" ordinal="1" offset="1" sl="72" sc="13" el="72" ec="37" bec="0" bev="0" fileid="121" />
                <SequencePoint vc="0" uspid="6393" ordinal="2" offset="13" sl="73" sc="13" el="73" ec="25" bec="0" bev="0" fileid="121" />
                <SequencePoint vc="0" uspid="6394" ordinal="3" offset="17" sl="74" sc="9" el="74" ec="10" bec="0" bev="0" fileid="121" />
              </SequencePoints>
              <BranchPoints />
              <MethodPoint xsi:type="SequencePoint" vc="0" uspid="6391" ordinal="0" offset="0" sl="71" sc="9" el="71" ec="10" bec="0" bev="0" fileid="121" />
            </Method>
            <Method visited="false" cyclomaticComplexity="1" nPathComplexity="0" sequenceCoverage="0" branchCoverage="0" isConstructor="false" isStatic="false" isGetter="false" isSetter="false">
              <Summary numSequencePoints="4" visitedSequencePoints="0" numBranchPoints="1" visitedBranchPoints="0" sequenceCoverage="0" branchCoverage="0" maxCyclomaticComplexity="1" minCyclomaticComplexity="1" visitedClasses="0" numClasses="0" visitedMethods="0" numMethods="1" />
              <MetadataToken>100663990</MetadataToken>
              <Name>SportsWeb.Services.Repository.ConnectionStringBuilder SportsWeb.Services.Repository.ConnectionStringBuilder::WithNoPooling()</Name>
              <FileRef uid="121" />
              <SequencePoints>
                <SequencePoint vc="0" uspid="6395" ordinal="0" offset="0" sl="77" sc="9" el="77" ec="10" bec="0" bev="0" fileid="121" />
                <SequencePoint vc="0" uspid="6396" ordinal="1" offset="1" sl="78" sc="13" el="78" ec="38" bec="0" bev="0" fileid="121" />
                <SequencePoint vc="0" uspid="6397" ordinal="2" offset="13" sl="79" sc="13" el="79" ec="25" bec="0" bev="0" fileid="121" />
                <SequencePoint vc="0" uspid="6398" ordinal="3" offset="17" sl="80" sc="9" el="80" ec="10" bec="0" bev="0" fileid="121" />
              </SequencePoints>
              <BranchPoints />
              <MethodPoint xsi:type="SequencePoint" vc="0" uspid="6395" ordinal="0" offset="0" sl="77" sc="9" el="77" ec="10" bec="0" bev="0" fileid="121" />
            </Method>
            <Method visited="false" cyclomaticComplexity="1" nPathComplexity="0" sequenceCoverage="0" branchCoverage="0" isConstructor="false" isStatic="false" isGetter="false" isSetter="false">
              <Summary numSequencePoints="3" visitedSequencePoints="0" numBranchPoints="1" visitedBranchPoints="0" sequenceCoverage="0" branchCoverage="0" maxCyclomaticComplexity="1" minCyclomaticComplexity="1" visitedClasses="0" numClasses="0" visitedMethods="0" numMethods="1" />
              <MetadataToken>100663991</MetadataToken>
              <Name>System.Void SportsWeb.Services.Repository.ConnectionStringBuilder::AddPooling(System.String)</Name>
              <FileRef uid="121" />
              <SequencePoints>
                <SequencePoint vc="0" uspid="6399" ordinal="0" offset="0" sl="83" sc="9" el="83" ec="10" bec="0" bev="0" fileid="121" />
                <SequencePoint vc="0" uspid="6400" ordinal="1" offset="1" sl="84" sc="13" el="84" ec="71" bec="0" bev="0" fileid="121" />
                <SequencePoint vc="0" uspid="6401" ordinal="2" offset="14" sl="85" sc="9" el="85" ec="10" bec="0" bev="0" fileid="121" />
              </SequencePoints>
              <BranchPoints />
              <MethodPoint xsi:type="SequencePoint" vc="0" uspid="6399" ordinal="0" offset="0" sl="83" sc="9" el="83" ec="10" bec="0" bev="0" fileid="121" />
            </Method>
            <Method visited="false" cyclomaticComplexity="1" nPathComplexity="0" sequenceCoverage="0" branchCoverage="0" isConstructor="false" isStatic="false" isGetter="false" isSetter="false">
              <Summary numSequencePoints="4" visitedSequencePoints="0" numBranchPoints="1" visitedBranchPoints="0" sequenceCoverage="0" branchCoverage="0" maxCyclomaticComplexity="1" minCyclomaticComplexity="1" visitedClasses="0" numClasses="0" visitedMethods="0" numMethods="1" />
              <MetadataToken>100663992</MetadataToken>
              <Name>SportsWeb.Services.Repository.ConnectionStringBuilder SportsWeb.Services.Repository.ConnectionStringBuilder::AddMinPoolSize(System.Int32)</Name>
              <FileRef uid="121" />
              <SequencePoints>
                <SequencePoint vc="0" uspid="6402" ordinal="0" offset="0" sl="88" sc="9" el="88" ec="10" bec="0" bev="0" fileid="121" />
                <SequencePoint vc="0" uspid="6403" ordinal="1" offset="1" sl="89" sc="13" el="89" ec="81" bec="0" bev="0" fileid="121" />
                <SequencePoint vc="0" uspid="6404" ordinal="2" offset="19" sl="90" sc="13" el="90" ec="25" bec="0" bev="0" fileid="121" />
                <SequencePoint vc="0" uspid="6405" ordinal="3" offset="23" sl="91" sc="9" el="91" ec="10" bec="0" bev="0" fileid="121" />
              </SequencePoints>
              <BranchPoints />
              <MethodPoint xsi:type="SequencePoint" vc="0" uspid="6402" ordinal="0" offset="0" sl="88" sc="9" el="88" ec="10" bec="0" bev="0" fileid="121" />
            </Method>
            <Method visited="false" cyclomaticComplexity="1" nPathComplexity="0" sequenceCoverage="0" branchCoverage="0" isConstructor="false" isStatic="false" isGetter="false" isSetter="false">
              <Summary numSequencePoints="4" visitedSequencePoints="0" numBranchPoints="1" visitedBranchPoints="0" sequenceCoverage="0" branchCoverage="0" maxCyclomaticComplexity="1" minCyclomaticComplexity="1" visitedClasses="0" numClasses="0" visitedMethods="0" numMethods="1" />
              <MetadataToken>100663993</MetadataToken>
              <Name>SportsWeb.Services.Repository.ConnectionStringBuilder SportsWeb.Services.Repository.ConnectionStringBuilder::AddMaxPoolSize(System.Int32)</Name>
              <FileRef uid="121" />
              <SequencePoints>
                <SequencePoint vc="0" uspid="6406" ordinal="0" offset="0" sl="94" sc="9" el="94" ec="10" bec="0" bev="0" fileid="121" />
                <SequencePoint vc="0" uspid="6407" ordinal="1" offset="1" sl="95" sc="13" el="95" ec="81" bec="0" bev="0" fileid="121" />
                <SequencePoint vc="0" uspid="6408" ordinal="2" offset="19" sl="96" sc="13" el="96" ec="25" bec="0" bev="0" fileid="121" />
                <SequencePoint vc="0" uspid="6409" ordinal="3" offset="23" sl="97" sc="9" el="97" ec="10" bec="0" bev="0" fileid="121" />
              </SequencePoints>
              <BranchPoints />
              <MethodPoint xsi:type="SequencePoint" vc="0" uspid="6406" ordinal="0" offset="0" sl="94" sc="9" el="94" ec="10" bec="0" bev="0" fileid="121" />
            </Method>
            <Method visited="false" cyclomaticComplexity="1" nPathComplexity="0" sequenceCoverage="0" branchCoverage="0" isConstructor="false" isStatic="false" isGetter="false" isSetter="false">
              <Summary numSequencePoints="4" visitedSequencePoints="0" numBranchPoints="1" visitedBranchPoints="0" sequenceCoverage="0" branchCoverage="0" maxCyclomaticComplexity="1" minCyclomaticComplexity="1" visitedClasses="0" numClasses="0" visitedMethods="0" numMethods="1" />
              <MetadataToken>100663994</MetadataToken>
              <Name>SportsWeb.Services.Repository.ConnectionStringBuilder SportsWeb.Services.Repository.ConnectionStringBuilder::AddConnectionLifeTime(System.Int32)</Name>
              <FileRef uid="121" />
              <SequencePoints>
                <SequencePoint vc="0" uspid="6410" ordinal="0" offset="0" sl="100" sc="9" el="100" ec="10" bec="0" bev="0" fileid="121" />
                <SequencePoint vc="0" uspid="6411" ordinal="1" offset="1" sl="101" sc="13" el="101" ec="85" bec="0" bev="0" fileid="121" />
                <SequencePoint vc="0" uspid="6412" ordinal="2" offset="19" sl="102" sc="13" el="102" ec="25" bec="0" bev="0" fileid="121" />
                <SequencePoint vc="0" uspid="6413" ordinal="3" offset="23" sl="103" sc="9" el="103" ec="10" bec="0" bev="0" fileid="121" />
              </SequencePoints>
              <BranchPoints />
              <MethodPoint xsi:type="SequencePoint" vc="0" uspid="6410" ordinal="0" offset="0" sl="100" sc="9" el="100" ec="10" bec="0" bev="0" fileid="121" />
            </Method>
            <Method visited="false" cyclomaticComplexity="1" nPathComplexity="0" sequenceCoverage="0" branchCoverage="0" isConstructor="false" isStatic="false" isGetter="false" isSetter="false">
              <Summary numSequencePoints="4" visitedSequencePoints="0" numBranchPoints="1" visitedBranchPoints="0" sequenceCoverage="0" branchCoverage="0" maxCyclomaticComplexity="1" minCyclomaticComplexity="1" visitedClasses="0" numClasses="0" visitedMethods="0" numMethods="1" />
              <MetadataToken>100663995</MetadataToken>
              <Name>SportsWeb.Services.Repository.ConnectionStringBuilder SportsWeb.Services.Repository.ConnectionStringBuilder::AddApplicationName(System.String)</Name>
              <FileRef uid="121" />
              <SequencePoints>
                <SequencePoint vc="0" uspid="6414" ordinal="0" offset="0" sl="106" sc="9" el="106" ec="10" bec="0" bev="0" fileid="121" />
                <SequencePoint vc="0" uspid="6415" ordinal="1" offset="1" sl="107" sc="13" el="107" ec="120" bec="0" bev="0" fileid="121" />
                <SequencePoint vc="0" uspid="6416" ordinal="2" offset="29" sl="108" sc="13" el="108" ec="25" bec="0" bev="0" fileid="121" />
                <SequencePoint vc="0" uspid="6417" ordinal="3" offset="33" sl="109" sc="9" el="109" ec="10" bec="0" bev="0" fileid="121" />
              </SequencePoints>
              <BranchPoints />
              <MethodPoint xsi:type="SequencePoint" vc="0" uspid="6414" ordinal="0" offset="0" sl="106" sc="9" el="106" ec="10" bec="0" bev="0" fileid="121" />
            </Method>
            <Method visited="false" cyclomaticComplexity="1" nPathComplexity="0" sequenceCoverage="0" branchCoverage="0" isConstructor="false" isStatic="false" isGetter="false" isSetter="false">
              <Summary numSequencePoints="4" visitedSequencePoints="0" numBranchPoints="1" visitedBranchPoints="0" sequenceCoverage="0" branchCoverage="0" maxCyclomaticComplexity="1" minCyclomaticComplexity="1" visitedClasses="0" numClasses="0" visitedMethods="0" numMethods="1" />
              <MetadataToken>100663996</MetadataToken>
              <Name>SportsWeb.Services.Repository.ConnectionStringBuilder SportsWeb.Services.Repository.ConnectionStringBuilder::AddTimeout(System.Int32)</Name>
              <FileRef uid="121" />
              <SequencePoints>
                <SequencePoint vc="0" uspid="6418" ordinal="0" offset="0" sl="112" sc="9" el="112" ec="10" bec="0" bev="0" fileid="121" />
                <SequencePoint vc="0" uspid="6419" ordinal="1" offset="1" sl="113" sc="13" el="113" ec="73" bec="0" bev="0" fileid="121" />
                <SequencePoint vc="0" uspid="6420" ordinal="2" offset="19" sl="114" sc="13" el="114" ec="25" bec="0" bev="0" fileid="121" />
                <SequencePoint vc="0" uspid="6421" ordinal="3" offset="23" sl="115" sc="9" el="115" ec="10" bec="0" bev="0" fileid="121" />
              </SequencePoints>
              <BranchPoints />
              <MethodPoint xsi:type="SequencePoint" vc="0" uspid="6418" ordinal="0" offset="0" sl="112" sc="9" el="112" ec="10" bec="0" bev="0" fileid="121" />
            </Method>
            <Method visited="false" cyclomaticComplexity="1" nPathComplexity="0" sequenceCoverage="0" branchCoverage="0" isConstructor="false" isStatic="false" isGetter="false" isSetter="false">
              <Summary numSequencePoints="4" visitedSequencePoints="0" numBranchPoints="1" visitedBranchPoints="0" sequenceCoverage="0" branchCoverage="0" maxCyclomaticComplexity="1" minCyclomaticComplexity="1" visitedClasses="0" numClasses="0" visitedMethods="0" numMethods="1" />
              <MetadataToken>100663997</MetadataToken>
              <Name>SportsWeb.Services.Repository.ConnectionStringBuilder SportsWeb.Services.Repository.ConnectionStringBuilder::AddCommandTimeout(System.Int32)</Name>
              <FileRef uid="121" />
              <SequencePoints>
                <SequencePoint vc="0" uspid="6422" ordinal="0" offset="0" sl="118" sc="9" el="118" ec="10" bec="0" bev="0" fileid="121" />
                <SequencePoint vc="0" uspid="6423" ordinal="1" offset="1" sl="119" sc="13" el="119" ec="80" bec="0" bev="0" fileid="121" />
                <SequencePoint vc="0" uspid="6424" ordinal="2" offset="19" sl="120" sc="13" el="120" ec="25" bec="0" bev="0" fileid="121" />
                <SequencePoint vc="0" uspid="6425" ordinal="3" offset="23" sl="121" sc="9" el="121" ec="10" bec="0" bev="0" fileid="121" />
              </SequencePoints>
              <BranchPoints />
              <MethodPoint xsi:type="SequencePoint" vc="0" uspid="6422" ordinal="0" offset="0" sl="118" sc="9" el="118" ec="10" bec="0" bev="0" fileid="121" />
            </Method>
          </Methods>
        </Class>
        <Class>
          <Summary numSequencePoints="45" visitedSequencePoints="0" numBranchPoints="13" visitedBranchPoints="0" sequenceCoverage="0" branchCoverage="0" maxCyclomaticComplexity="2" minCyclomaticComplexity="1" visitedClasses="0" numClasses="1" visitedMethods="0" numMethods="13" />
          <FullName>SportsWeb.Services.Repository.ManagedSession</FullName>
          <Methods>
            <Method visited="false" cyclomaticComplexity="1" nPathComplexity="0" sequenceCoverage="0" branchCoverage="0" isConstructor="false" isStatic="false" isGetter="true" isSetter="false">
              <Summary numSequencePoints="1" visitedSequencePoints="0" numBranchPoints="1" visitedBranchPoints="0" sequenceCoverage="0" branchCoverage="0" maxCyclomaticComplexity="1" minCyclomaticComplexity="1" visitedClasses="0" numClasses="0" visitedMethods="0" numMethods="1" />
              <MetadataToken>100664012</MetadataToken>
              <Name>NHibernate.ISession SportsWeb.Services.Repository.ManagedSession::get_InternalSession()</Name>
              <FileRef uid="122" />
              <SequencePoints>
                <SequencePoint vc="0" uspid="6426" ordinal="0" offset="0" sl="16" sc="43" el="16" ec="47" bec="0" bev="0" fileid="122" />
              </SequencePoints>
              <BranchPoints />
              <MethodPoint xsi:type="SequencePoint" vc="0" uspid="6426" ordinal="0" offset="0" sl="16" sc="43" el="16" ec="47" bec="0" bev="0" fileid="122" />
            </Method>
            <Method visited="false" cyclomaticComplexity="1" nPathComplexity="0" sequenceCoverage="0" branchCoverage="0" isConstructor="false" isStatic="false" isGetter="false" isSetter="true">
              <Summary numSequencePoints="1" visitedSequencePoints="0" numBranchPoints="1" visitedBranchPoints="0" sequenceCoverage="0" branchCoverage="0" maxCyclomaticComplexity="1" minCyclomaticComplexity="1" visitedClasses="0" numClasses="0" visitedMethods="0" numMethods="1" />
              <MetadataToken>100664013</MetadataToken>
              <Name>System.Void SportsWeb.Services.Repository.ManagedSession::set_InternalSession(NHibernate.ISession)</Name>
              <FileRef uid="122" />
              <SequencePoints>
                <SequencePoint vc="0" uspid="6427" ordinal="0" offset="0" sl="16" sc="48" el="16" ec="52" bec="0" bev="0" fileid="122" />
              </SequencePoints>
              <BranchPoints />
              <MethodPoint xsi:type="SequencePoint" vc="0" uspid="6427" ordinal="0" offset="0" sl="16" sc="48" el="16" ec="52" bec="0" bev="0" fileid="122" />
            </Method>
            <Method visited="false" cyclomaticComplexity="2" nPathComplexity="0" sequenceCoverage="0" branchCoverage="0" isConstructor="true" isStatic="true" isGetter="false" isSetter="false">
              <Summary numSequencePoints="11" visitedSequencePoints="0" numBranchPoints="1" visitedBranchPoints="0" sequenceCoverage="0" branchCoverage="0" maxCyclomaticComplexity="2" minCyclomaticComplexity="2" visitedClasses="0" numClasses="0" visitedMethods="0" numMethods="1" />
              <MetadataToken>100664014</MetadataToken>
              <Name>System.Void SportsWeb.Services.Repository.ManagedSession::.cctor()</Name>
              <FileRef uid="122" />
              <SequencePoints>
                <SequencePoint vc="0" uspid="6428" ordinal="0" offset="0" sl="18" sc="9" el="18" ec="64" bec="0" bev="0" fileid="122" />
                <SequencePoint vc="0" uspid="6429" ordinal="1" offset="10" sl="21" sc="9" el="21" ec="10" bec="0" bev="0" fileid="122" />
                <SequencePoint vc="0" uspid="6430" ordinal="2" offset="11" sl="22" sc="13" el="22" ec="97" bec="0" bev="0" fileid="122" />
                <SequencePoint vc="0" uspid="6431" ordinal="3" offset="22" sl="23" sc="13" el="23" ec="28" bec="0" bev="0" fileid="122" />
                <SequencePoint vc="0" uspid="6432" ordinal="4" offset="39" sl="24" sc="13" el="24" ec="14" bec="0" bev="0" fileid="122" />
                <SequencePoint vc="0" uspid="6433" ordinal="5" offset="40" sl="25" sc="17" el="25" ec="87" bec="0" bev="0" fileid="122" />
                <SequencePoint vc="0" uspid="6434" ordinal="6" offset="47" sl="27" sc="17" el="30" ec="57" bec="0" bev="0" fileid="122" />
                <SequencePoint vc="0" uspid="6435" ordinal="7" offset="75" sl="42" sc="17" el="52" ec="92" bec="0" bev="0" fileid="122" />
                <SequencePoint vc="0" uspid="6436" ordinal="8" offset="131" sl="55" sc="17" el="55" ec="71" bec="0" bev="0" fileid="122" />
                <SequencePoint vc="0" uspid="6437" ordinal="9" offset="143" sl="62" sc="13" el="62" ec="14" bec="0" bev="0" fileid="122" />
                <SequencePoint vc="0" uspid="6438" ordinal="10" offset="157" sl="63" sc="9" el="63" ec="10" bec="0" bev="0" fileid="122" />
              </SequencePoints>
              <BranchPoints />
              <MethodPoint xsi:type="SequencePoint" vc="0" uspid="6428" ordinal="0" offset="0" sl="18" sc="9" el="18" ec="64" bec="0" bev="0" fileid="122" />
            </Method>
            <Method visited="false" cyclomaticComplexity="1" nPathComplexity="0" sequenceCoverage="0" branchCoverage="0" isConstructor="true" isStatic="false" isGetter="false" isSetter="false">
              <Summary numSequencePoints="4" visitedSequencePoints="0" numBranchPoints="1" visitedBranchPoints="0" sequenceCoverage="0" branchCoverage="0" maxCyclomaticComplexity="1" minCyclomaticComplexity="1" visitedClasses="0" numClasses="0" visitedMethods="0" numMethods="1" />
              <MetadataToken>100664015</MetadataToken>
              <Name>System.Void SportsWeb.Services.Repository.ManagedSession::.ctor()</Name>
              <FileRef uid="122" />
              <SequencePoints>
                <SequencePoint vc="0" uspid="6439" ordinal="0" offset="0" sl="65" sc="9" el="65" ec="32" bec="0" bev="0" fileid="122" />
                <SequencePoint vc="0" uspid="6440" ordinal="1" offset="7" sl="66" sc="9" el="66" ec="10" bec="0" bev="0" fileid="122" />
                <SequencePoint vc="0" uspid="6441" ordinal="2" offset="8" sl="67" sc="13" el="67" ec="66" bec="0" bev="0" fileid="122" />
                <SequencePoint vc="0" uspid="6442" ordinal="3" offset="25" sl="68" sc="9" el="68" ec="10" bec="0" bev="0" fileid="122" />
              </SequencePoints>
              <BranchPoints />
              <MethodPoint xsi:type="SequencePoint" vc="0" uspid="6439" ordinal="0" offset="0" sl="65" sc="9" el="65" ec="32" bec="0" bev="0" fileid="122" />
            </Method>
            <Method visited="false" cyclomaticComplexity="1" nPathComplexity="0" sequenceCoverage="0" branchCoverage="0" isConstructor="false" isStatic="false" isGetter="false" isSetter="false">
              <Summary numSequencePoints="3" visitedSequencePoints="0" numBranchPoints="1" visitedBranchPoints="0" sequenceCoverage="0" branchCoverage="0" maxCyclomaticComplexity="1" minCyclomaticComplexity="1" visitedClasses="0" numClasses="0" visitedMethods="0" numMethods="1" />
              <MetadataToken>100664016</MetadataToken>
              <Name>System.Void SportsWeb.Services.Repository.ManagedSession::Delete(System.Object)</Name>
              <FileRef uid="122" />
              <SequencePoints>
                <SequencePoint vc="0" uspid="6443" ordinal="0" offset="0" sl="71" sc="9" el="71" ec="10" bec="0" bev="0" fileid="122" />
                <SequencePoint vc="0" uspid="6444" ordinal="1" offset="1" sl="72" sc="13" el="72" ec="46" bec="0" bev="0" fileid="122" />
                <SequencePoint vc="0" uspid="6445" ordinal="2" offset="14" sl="73" sc="9" el="73" ec="10" bec="0" bev="0" fileid="122" />
              </SequencePoints>
              <BranchPoints />
              <MethodPoint xsi:type="SequencePoint" vc="0" uspid="6443" ordinal="0" offset="0" sl="71" sc="9" el="71" ec="10" bec="0" bev="0" fileid="122" />
            </Method>
            <Method visited="false" cyclomaticComplexity="1" nPathComplexity="0" sequenceCoverage="0" branchCoverage="0" isConstructor="false" isStatic="false" isGetter="false" isSetter="false">
              <Summary numSequencePoints="3" visitedSequencePoints="0" numBranchPoints="1" visitedBranchPoints="0" sequenceCoverage="0" branchCoverage="0" maxCyclomaticComplexity="1" minCyclomaticComplexity="1" visitedClasses="0" numClasses="0" visitedMethods="0" numMethods="1" />
              <MetadataToken>100664017</MetadataToken>
              <Name>T SportsWeb.Services.Repository.ManagedSession::Get(System.Object)</Name>
              <FileRef uid="122" />
              <SequencePoints>
                <SequencePoint vc="0" uspid="6446" ordinal="0" offset="0" sl="76" sc="9" el="76" ec="10" bec="0" bev="0" fileid="122" />
                <SequencePoint vc="0" uspid="6447" ordinal="1" offset="1" sl="77" sc="13" el="77" ec="52" bec="0" bev="0" fileid="122" />
                <SequencePoint vc="0" uspid="6448" ordinal="2" offset="16" sl="78" sc="9" el="78" ec="10" bec="0" bev="0" fileid="122" />
              </SequencePoints>
              <BranchPoints />
              <MethodPoint xsi:type="SequencePoint" vc="0" uspid="6446" ordinal="0" offset="0" sl="76" sc="9" el="76" ec="10" bec="0" bev="0" fileid="122" />
            </Method>
            <Method visited="false" cyclomaticComplexity="1" nPathComplexity="0" sequenceCoverage="0" branchCoverage="0" isConstructor="false" isStatic="false" isGetter="false" isSetter="false">
              <Summary numSequencePoints="3" visitedSequencePoints="0" numBranchPoints="1" visitedBranchPoints="0" sequenceCoverage="0" branchCoverage="0" maxCyclomaticComplexity="1" minCyclomaticComplexity="1" visitedClasses="0" numClasses="0" visitedMethods="0" numMethods="1" />
              <MetadataToken>100664018</MetadataToken>
              <Name>T SportsWeb.Services.Repository.ManagedSession::Load(System.Object)</Name>
              <FileRef uid="122" />
              <SequencePoints>
                <SequencePoint vc="0" uspid="6449" ordinal="0" offset="0" sl="81" sc="9" el="81" ec="10" bec="0" bev="0" fileid="122" />
                <SequencePoint vc="0" uspid="6450" ordinal="1" offset="1" sl="82" sc="13" el="82" ec="53" bec="0" bev="0" fileid="122" />
                <SequencePoint vc="0" uspid="6451" ordinal="2" offset="16" sl="83" sc="9" el="83" ec="10" bec="0" bev="0" fileid="122" />
              </SequencePoints>
              <BranchPoints />
              <MethodPoint xsi:type="SequencePoint" vc="0" uspid="6449" ordinal="0" offset="0" sl="81" sc="9" el="81" ec="10" bec="0" bev="0" fileid="122" />
            </Method>
            <Method visited="false" cyclomaticComplexity="1" nPathComplexity="0" sequenceCoverage="0" branchCoverage="0" isConstructor="false" isStatic="false" isGetter="false" isSetter="false">
              <Summary numSequencePoints="3" visitedSequencePoints="0" numBranchPoints="1" visitedBranchPoints="0" sequenceCoverage="0" branchCoverage="0" maxCyclomaticComplexity="1" minCyclomaticComplexity="1" visitedClasses="0" numClasses="0" visitedMethods="0" numMethods="1" />
              <MetadataToken>100664019</MetadataToken>
              <Name>NHibernate.ITransaction SportsWeb.Services.Repository.ManagedSession::BeginTransaction()</Name>
              <FileRef uid="122" />
              <SequencePoints>
                <SequencePoint vc="0" uspid="6452" ordinal="0" offset="0" sl="86" sc="9" el="86" ec="10" bec="0" bev="0" fileid="122" />
                <SequencePoint vc="0" uspid="6453" ordinal="1" offset="1" sl="87" sc="13" el="87" ec="60" bec="0" bev="0" fileid="122" />
                <SequencePoint vc="0" uspid="6454" ordinal="2" offset="15" sl="88" sc="9" el="88" ec="10" bec="0" bev="0" fileid="122" />
              </SequencePoints>
              <BranchPoints />
              <MethodPoint xsi:type="SequencePoint" vc="0" uspid="6452" ordinal="0" offset="0" sl="86" sc="9" el="86" ec="10" bec="0" bev="0" fileid="122" />
            </Method>
            <Method visited="false" cyclomaticComplexity="1" nPathComplexity="0" sequenceCoverage="0" branchCoverage="0" isConstructor="false" isStatic="false" isGetter="false" isSetter="false">
              <Summary numSequencePoints="3" visitedSequencePoints="0" numBranchPoints="1" visitedBranchPoints="0" sequenceCoverage="0" branchCoverage="0" maxCyclomaticComplexity="1" minCyclomaticComplexity="1" visitedClasses="0" numClasses="0" visitedMethods="0" numMethods="1" />
              <MetadataToken>100664020</MetadataToken>
              <Name>System.Linq.IQueryable`1&lt;T&gt; SportsWeb.Services.Repository.ManagedSession::Query()</Name>
              <FileRef uid="122" />
              <SequencePoints>
                <SequencePoint vc="0" uspid="6455" ordinal="0" offset="0" sl="91" sc="9" el="91" ec="10" bec="0" bev="0" fileid="122" />
                <SequencePoint vc="0" uspid="6456" ordinal="1" offset="1" sl="92" sc="13" el="92" ec="52" bec="0" bev="0" fileid="122" />
                <SequencePoint vc="0" uspid="6457" ordinal="2" offset="15" sl="93" sc="9" el="93" ec="10" bec="0" bev="0" fileid="122" />
              </SequencePoints>
              <BranchPoints />
              <MethodPoint xsi:type="SequencePoint" vc="0" uspid="6455" ordinal="0" offset="0" sl="91" sc="9" el="91" ec="10" bec="0" bev="0" fileid="122" />
            </Method>
            <Method visited="false" cyclomaticComplexity="1" nPathComplexity="0" sequenceCoverage="0" branchCoverage="0" isConstructor="false" isStatic="false" isGetter="false" isSetter="false">
              <Summary numSequencePoints="3" visitedSequencePoints="0" numBranchPoints="1" visitedBranchPoints="0" sequenceCoverage="0" branchCoverage="0" maxCyclomaticComplexity="1" minCyclomaticComplexity="1" visitedClasses="0" numClasses="0" visitedMethods="0" numMethods="1" />
              <MetadataToken>100664021</MetadataToken>
              <Name>System.Object SportsWeb.Services.Repository.ManagedSession::Save(System.Object)</Name>
              <FileRef uid="122" />
              <SequencePoints>
                <SequencePoint vc="0" uspid="6458" ordinal="0" offset="0" sl="96" sc="9" el="96" ec="10" bec="0" bev="0" fileid="122" />
                <SequencePoint vc="0" uspid="6459" ordinal="1" offset="1" sl="97" sc="13" el="97" ec="51" bec="0" bev="0" fileid="122" />
                <SequencePoint vc="0" uspid="6460" ordinal="2" offset="16" sl="98" sc="9" el="98" ec="10" bec="0" bev="0" fileid="122" />
              </SequencePoints>
              <BranchPoints />
              <MethodPoint xsi:type="SequencePoint" vc="0" uspid="6458" ordinal="0" offset="0" sl="96" sc="9" el="96" ec="10" bec="0" bev="0" fileid="122" />
            </Method>
            <Method visited="false" cyclomaticComplexity="1" nPathComplexity="0" sequenceCoverage="0" branchCoverage="0" isConstructor="false" isStatic="false" isGetter="false" isSetter="false">
              <Summary numSequencePoints="3" visitedSequencePoints="0" numBranchPoints="1" visitedBranchPoints="0" sequenceCoverage="0" branchCoverage="0" maxCyclomaticComplexity="1" minCyclomaticComplexity="1" visitedClasses="0" numClasses="0" visitedMethods="0" numMethods="1" />
              <MetadataToken>100664022</MetadataToken>
              <Name>System.Void SportsWeb.Services.Repository.ManagedSession::Update(System.Object)</Name>
              <FileRef uid="122" />
              <SequencePoints>
                <SequencePoint vc="0" uspid="6461" ordinal="0" offset="0" sl="101" sc="9" el="101" ec="10" bec="0" bev="0" fileid="122" />
                <SequencePoint vc="0" uspid="6462" ordinal="1" offset="1" sl="102" sc="13" el="102" ec="46" bec="0" bev="0" fileid="122" />
                <SequencePoint vc="0" uspid="6463" ordinal="2" offset="14" sl="103" sc="9" el="103" ec="10" bec="0" bev="0" fileid="122" />
              </SequencePoints>
              <BranchPoints />
              <MethodPoint xsi:type="SequencePoint" vc="0" uspid="6461" ordinal="0" offset="0" sl="101" sc="9" el="101" ec="10" bec="0" bev="0" fileid="122" />
            </Method>
            <Method visited="false" cyclomaticComplexity="1" nPathComplexity="0" sequenceCoverage="0" branchCoverage="0" isConstructor="false" isStatic="false" isGetter="false" isSetter="false">
              <Summary numSequencePoints="3" visitedSequencePoints="0" numBranchPoints="1" visitedBranchPoints="0" sequenceCoverage="0" branchCoverage="0" maxCyclomaticComplexity="1" minCyclomaticComplexity="1" visitedClasses="0" numClasses="0" visitedMethods="0" numMethods="1" />
              <MetadataToken>100664023</MetadataToken>
              <Name>System.Object SportsWeb.Services.Repository.ManagedSession::Get(System.Type,System.Object)</Name>
              <FileRef uid="122" />
              <SequencePoints>
                <SequencePoint vc="0" uspid="6464" ordinal="0" offset="0" sl="106" sc="9" el="106" ec="10" bec="0" bev="0" fileid="122" />
                <SequencePoint vc="0" uspid="6465" ordinal="1" offset="1" sl="107" sc="13" el="107" ec="61" bec="0" bev="0" fileid="122" />
                <SequencePoint vc="0" uspid="6466" ordinal="2" offset="17" sl="108" sc="9" el="108" ec="10" bec="0" bev="0" fileid="122" />
              </SequencePoints>
              <BranchPoints />
              <MethodPoint xsi:type="SequencePoint" vc="0" uspid="6464" ordinal="0" offset="0" sl="106" sc="9" el="106" ec="10" bec="0" bev="0" fileid="122" />
            </Method>
            <Method visited="false" cyclomaticComplexity="1" nPathComplexity="0" sequenceCoverage="0" branchCoverage="0" isConstructor="false" isStatic="false" isGetter="false" isSetter="false">
              <Summary numSequencePoints="4" visitedSequencePoints="0" numBranchPoints="1" visitedBranchPoints="0" sequenceCoverage="0" branchCoverage="0" maxCyclomaticComplexity="1" minCyclomaticComplexity="1" visitedClasses="0" numClasses="0" visitedMethods="0" numMethods="1" />
              <MetadataToken>100664024</MetadataToken>
              <Name>System.Void SportsWeb.Services.Repository.ManagedSession::Dispose()</Name>
              <FileRef uid="122" />
              <SequencePoints>
                <SequencePoint vc="0" uspid="6467" ordinal="0" offset="0" sl="111" sc="9" el="111" ec="10" bec="0" bev="0" fileid="122" />
                <SequencePoint vc="0" uspid="6468" ordinal="1" offset="1" sl="112" sc="13" el="112" ec="44" bec="0" bev="0" fileid="122" />
                <SequencePoint vc="0" uspid="6469" ordinal="2" offset="13" sl="113" sc="13" el="113" ec="39" bec="0" bev="0" fileid="122" />
                <SequencePoint vc="0" uspid="6470" ordinal="3" offset="20" sl="114" sc="9" el="114" ec="10" bec="0" bev="0" fileid="122" />
              </SequencePoints>
              <BranchPoints />
              <MethodPoint xsi:type="SequencePoint" vc="0" uspid="6467" ordinal="0" offset="0" sl="111" sc="9" el="111" ec="10" bec="0" bev="0" fileid="122" />
            </Method>
          </Methods>
        </Class>
        <Class>
          <Summary numSequencePoints="6" visitedSequencePoints="0" numBranchPoints="3" visitedBranchPoints="0" sequenceCoverage="0" branchCoverage="0" maxCyclomaticComplexity="2" minCyclomaticComplexity="1" visitedClasses="0" numClasses="1" visitedMethods="0" numMethods="3" />
          <FullName>SportsWeb.Services.Repository.ManagedSession/&lt;&gt;c</FullName>
          <Methods>
            <Method visited="false" cyclomaticComplexity="1" nPathComplexity="0" sequenceCoverage="0" branchCoverage="0" isConstructor="true" isStatic="true" isGetter="false" isSetter="false">
              <Summary numSequencePoints="0" visitedSequencePoints="0" numBranchPoints="0" visitedBranchPoints="0" sequenceCoverage="0" branchCoverage="0" maxCyclomaticComplexity="1" minCyclomaticComplexity="1" visitedClasses="0" numClasses="0" visitedMethods="0" numMethods="0" />
              <MetadataToken>100667045</MetadataToken>
              <Name>System.Void SportsWeb.Services.Repository.ManagedSession/&lt;&gt;c::.cctor()</Name>
              <SequencePoints />
              <BranchPoints />
              <MethodPoint vc="0" uspid="6471" ordinal="0" offset="0" />
            </Method>
            <Method visited="false" cyclomaticComplexity="1" nPathComplexity="0" sequenceCoverage="0" branchCoverage="0" isConstructor="true" isStatic="false" isGetter="false" isSetter="false">
              <Summary numSequencePoints="0" visitedSequencePoints="0" numBranchPoints="0" visitedBranchPoints="0" sequenceCoverage="0" branchCoverage="0" maxCyclomaticComplexity="1" minCyclomaticComplexity="1" visitedClasses="0" numClasses="0" visitedMethods="0" numMethods="0" />
              <MetadataToken>100667046</MetadataToken>
              <Name>System.Void SportsWeb.Services.Repository.ManagedSession/&lt;&gt;c::.ctor()</Name>
              <SequencePoints />
              <BranchPoints />
              <MethodPoint vc="0" uspid="6472" ordinal="0" offset="0" />
            </Method>
            <Method visited="false" cyclomaticComplexity="2" nPathComplexity="0" sequenceCoverage="0" branchCoverage="0" isConstructor="false" isStatic="false" isGetter="false" isSetter="false">
              <Summary numSequencePoints="4" visitedSequencePoints="0" numBranchPoints="1" visitedBranchPoints="0" sequenceCoverage="0" branchCoverage="0" maxCyclomaticComplexity="2" minCyclomaticComplexity="2" visitedClasses="0" numClasses="0" visitedMethods="0" numMethods="1" />
              <MetadataToken>100667047</MetadataToken>
              <Name>System.Void SportsWeb.Services.Repository.ManagedSession/&lt;&gt;c::&lt;.cctor&gt;b__6_0(FluentNHibernate.Cfg.MappingConfiguration)</Name>
              <FileRef uid="122" />
              <SequencePoints>
                <SequencePoint vc="0" uspid="6473" ordinal="0" offset="0" sl="45" sc="21" el="45" ec="22" bec="0" bev="0" fileid="122" />
                <SequencePoint vc="0" uspid="6474" ordinal="1" offset="1" sl="46" sc="25" el="46" ec="89" bec="0" bev="0" fileid="122" />
                <SequencePoint vc="0" uspid="6475" ordinal="2" offset="23" sl="47" sc="25" el="49" ec="71" bec="0" bev="0" fileid="122" />
                <SequencePoint vc="0" uspid="6476" ordinal="3" offset="81" sl="51" sc="21" el="51" ec="22" bec="0" bev="0" fileid="122" />
              </SequencePoints>
              <BranchPoints />
              <MethodPoint xsi:type="SequencePoint" vc="0" uspid="6473" ordinal="0" offset="0" sl="45" sc="21" el="45" ec="22" bec="0" bev="0" fileid="122" />
            </Method>
            <Method visited="false" cyclomaticComplexity="2" nPathComplexity="0" sequenceCoverage="0" branchCoverage="0" isConstructor="false" isStatic="false" isGetter="false" isSetter="false">
              <Summary numSequencePoints="1" visitedSequencePoints="0" numBranchPoints="1" visitedBranchPoints="0" sequenceCoverage="0" branchCoverage="0" maxCyclomaticComplexity="2" minCyclomaticComplexity="2" visitedClasses="0" numClasses="0" visitedMethods="0" numMethods="1" />
              <MetadataToken>100667048</MetadataToken>
              <Name>System.Boolean SportsWeb.Services.Repository.ManagedSession/&lt;&gt;c::&lt;.cctor&gt;b__6_2(System.Type)</Name>
              <FileRef uid="122" />
              <SequencePoints>
                <SequencePoint vc="0" uspid="6479" ordinal="0" offset="0" sl="48" sc="33" el="48" ec="96" bec="0" bev="0" fileid="122" />
              </SequencePoints>
              <BranchPoints />
              <MethodPoint xsi:type="SequencePoint" vc="0" uspid="6479" ordinal="0" offset="0" sl="48" sc="33" el="48" ec="96" bec="0" bev="0" fileid="122" />
            </Method>
            <Method visited="false" cyclomaticComplexity="1" nPathComplexity="0" sequenceCoverage="0" branchCoverage="0" isConstructor="false" isStatic="false" isGetter="false" isSetter="false">
              <Summary numSequencePoints="1" visitedSequencePoints="0" numBranchPoints="1" visitedBranchPoints="0" sequenceCoverage="0" branchCoverage="0" maxCyclomaticComplexity="1" minCyclomaticComplexity="1" visitedClasses="0" numClasses="0" visitedMethods="0" numMethods="1" />
              <MetadataToken>100667049</MetadataToken>
              <Name>System.Void SportsWeb.Services.Repository.ManagedSession/&lt;&gt;c::&lt;.cctor&gt;b__6_1(NHibernate.Cfg.Configuration)</Name>
              <FileRef uid="122" />
              <SequencePoints>
                <SequencePoint vc="0" uspid="6482" ordinal="0" offset="0" sl="52" sc="49" el="52" ec="90" bec="0" bev="0" fileid="122" />
              </SequencePoints>
              <BranchPoints />
              <MethodPoint xsi:type="SequencePoint" vc="0" uspid="6482" ordinal="0" offset="0" sl="52" sc="49" el="52" ec="90" bec="0" bev="0" fileid="122" />
            </Method>
          </Methods>
        </Class>
        <Class>
          <Summary numSequencePoints="25" visitedSequencePoints="13" numBranchPoints="8" visitedBranchPoints="4" sequenceCoverage="52" branchCoverage="50" maxCyclomaticComplexity="1" minCyclomaticComplexity="1" visitedClasses="1" numClasses="1" visitedMethods="4" numMethods="8" />
          <FullName>SportsWeb.Services.Repository.Repository`2</FullName>
          <Methods>
            <Method visited="true" cyclomaticComplexity="1" nPathComplexity="0" sequenceCoverage="100" branchCoverage="100" isConstructor="false" isStatic="false" isGetter="true" isSetter="false">
              <Summary numSequencePoints="3" visitedSequencePoints="3" numBranchPoints="1" visitedBranchPoints="1" sequenceCoverage="100" branchCoverage="100" maxCyclomaticComplexity="1" minCyclomaticComplexity="1" visitedClasses="0" numClasses="0" visitedMethods="1" numMethods="1" />
              <MetadataToken>100664041</MetadataToken>
              <Name>SportsWeb.Services.Repository.IManagedSession SportsWeb.Services.Repository.Repository`2::get_Session()</Name>
              <FileRef uid="124" />
              <SequencePoints>
                <SequencePoint vc="1497" uspid="6483" ordinal="0" offset="0" sl="15" sc="49" el="15" ec="50" bec="0" bev="0" fileid="124" />
                <SequencePoint vc="1497" uspid="6484" ordinal="1" offset="1" sl="15" sc="51" el="15" ec="85" bec="0" bev="0" fileid="124" />
                <SequencePoint vc="1497" uspid="6485" ordinal="2" offset="15" sl="15" sc="86" el="15" ec="87" bec="0" bev="0" fileid="124" />
              </SequencePoints>
              <BranchPoints />
              <MethodPoint xsi:type="SequencePoint" vc="1497" uspid="6483" ordinal="0" offset="0" sl="15" sc="49" el="15" ec="50" bec="0" bev="0" fileid="124" />
            </Method>
            <Method visited="true" cyclomaticComplexity="1" nPathComplexity="0" sequenceCoverage="100" branchCoverage="100" isConstructor="true" isStatic="false" isGetter="false" isSetter="false">
              <Summary numSequencePoints="4" visitedSequencePoints="4" numBranchPoints="1" visitedBranchPoints="1" sequenceCoverage="100" branchCoverage="100" maxCyclomaticComplexity="1" minCyclomaticComplexity="1" visitedClasses="0" numClasses="0" visitedMethods="1" numMethods="1" />
              <MetadataToken>100664040</MetadataToken>
              <Name>System.Void SportsWeb.Services.Repository.Repository`2::.ctor(SportsWeb.Services.Repository.IUnitOfWork)</Name>
              <FileRef uid="124" />
              <SequencePoints>
                <SequencePoint vc="1486" uspid="6486" ordinal="0" offset="0" sl="10" sc="9" el="10" ec="50" bec="0" bev="0" fileid="124" />
                <SequencePoint vc="1486" uspid="6487" ordinal="1" offset="7" sl="11" sc="9" el="11" ec="10" bec="0" bev="0" fileid="124" />
                <SequencePoint vc="1486" uspid="6488" ordinal="2" offset="8" sl="12" sc="13" el="12" ec="38" bec="0" bev="0" fileid="124" />
                <SequencePoint vc="1486" uspid="6489" ordinal="3" offset="15" sl="13" sc="9" el="13" ec="10" bec="0" bev="0" fileid="124" />
              </SequencePoints>
              <BranchPoints />
              <MethodPoint xsi:type="SequencePoint" vc="1486" uspid="6486" ordinal="0" offset="0" sl="10" sc="9" el="10" ec="50" bec="0" bev="0" fileid="124" />
            </Method>
            <Method visited="true" cyclomaticComplexity="1" nPathComplexity="0" sequenceCoverage="100" branchCoverage="100" isConstructor="false" isStatic="false" isGetter="false" isSetter="false">
              <Summary numSequencePoints="3" visitedSequencePoints="3" numBranchPoints="1" visitedBranchPoints="1" sequenceCoverage="100" branchCoverage="100" maxCyclomaticComplexity="1" minCyclomaticComplexity="1" visitedClasses="0" numClasses="0" visitedMethods="1" numMethods="1" />
              <MetadataToken>100664042</MetadataToken>
              <Name>System.Linq.IQueryable`1&lt;TValue&gt; SportsWeb.Services.Repository.Repository`2::FindAll()</Name>
              <FileRef uid="124" />
              <SequencePoints>
                <SequencePoint vc="1015" uspid="6490" ordinal="0" offset="0" sl="18" sc="9" el="18" ec="10" bec="0" bev="0" fileid="124" />
                <SequencePoint vc="1015" uspid="6491" ordinal="1" offset="1" sl="19" sc="13" el="19" ec="44" bec="0" bev="0" fileid="124" />
                <SequencePoint vc="1012" uspid="6492" ordinal="2" offset="15" sl="20" sc="9" el="20" ec="10" bec="0" bev="0" fileid="124" />
              </SequencePoints>
              <BranchPoints />
              <MethodPoint xsi:type="SequencePoint" vc="1015" uspid="6490" ordinal="0" offset="0" sl="18" sc="9" el="18" ec="10" bec="0" bev="0" fileid="124" />
            </Method>
            <Method visited="false" cyclomaticComplexity="1" nPathComplexity="0" sequenceCoverage="0" branchCoverage="0" isConstructor="false" isStatic="false" isGetter="false" isSetter="false">
              <Summary numSequencePoints="3" visitedSequencePoints="0" numBranchPoints="1" visitedBranchPoints="0" sequenceCoverage="0" branchCoverage="0" maxCyclomaticComplexity="1" minCyclomaticComplexity="1" visitedClasses="0" numClasses="0" visitedMethods="0" numMethods="1" />
              <MetadataToken>100664043</MetadataToken>
              <Name>System.Linq.IQueryable`1&lt;TValue&gt; SportsWeb.Services.Repository.Repository`2::GetAll()</Name>
              <FileRef uid="124" />
              <SequencePoints>
                <SequencePoint vc="0" uspid="6493" ordinal="0" offset="0" sl="23" sc="9" el="23" ec="10" bec="0" bev="0" fileid="124" />
                <SequencePoint vc="0" uspid="6494" ordinal="1" offset="1" sl="24" sc="13" el="24" ec="44" bec="0" bev="0" fileid="124" />
                <SequencePoint vc="0" uspid="6495" ordinal="2" offset="15" sl="25" sc="9" el="25" ec="10" bec="0" bev="0" fileid="124" />
              </SequencePoints>
              <BranchPoints />
              <MethodPoint xsi:type="SequencePoint" vc="0" uspid="6493" ordinal="0" offset="0" sl="23" sc="9" el="23" ec="10" bec="0" bev="0" fileid="124" />
            </Method>
            <Method visited="true" cyclomaticComplexity="1" nPathComplexity="0" sequenceCoverage="100" branchCoverage="100" isConstructor="false" isStatic="false" isGetter="false" isSetter="false">
              <Summary numSequencePoints="3" visitedSequencePoints="3" numBranchPoints="1" visitedBranchPoints="1" sequenceCoverage="100" branchCoverage="100" maxCyclomaticComplexity="1" minCyclomaticComplexity="1" visitedClasses="0" numClasses="0" visitedMethods="1" numMethods="1" />
              <MetadataToken>100664044</MetadataToken>
              <Name>TValue SportsWeb.Services.Repository.Repository`2::Get(TKey)</Name>
              <FileRef uid="124" />
              <SequencePoints>
                <SequencePoint vc="482" uspid="6496" ordinal="0" offset="0" sl="29" sc="9" el="29" ec="10" bec="0" bev="0" fileid="124" />
                <SequencePoint vc="482" uspid="6497" ordinal="1" offset="1" sl="30" sc="13" el="30" ec="60" bec="0" bev="0" fileid="124" />
                <SequencePoint vc="482" uspid="6498" ordinal="2" offset="36" sl="32" sc="9" el="32" ec="10" bec="0" bev="0" fileid="124" />
              </SequencePoints>
              <BranchPoints />
              <MethodPoint xsi:type="SequencePoint" vc="482" uspid="6496" ordinal="0" offset="0" sl="29" sc="9" el="29" ec="10" bec="0" bev="0" fileid="124" />
            </Method>
            <Method visited="false" cyclomaticComplexity="1" nPathComplexity="0" sequenceCoverage="0" branchCoverage="0" isConstructor="false" isStatic="false" isGetter="false" isSetter="false">
              <Summary numSequencePoints="3" visitedSequencePoints="0" numBranchPoints="1" visitedBranchPoints="0" sequenceCoverage="0" branchCoverage="0" maxCyclomaticComplexity="1" minCyclomaticComplexity="1" visitedClasses="0" numClasses="0" visitedMethods="0" numMethods="1" />
              <MetadataToken>100664045</MetadataToken>
              <Name>System.Object SportsWeb.Services.Repository.Repository`2::Create(TValue)</Name>
              <FileRef uid="124" />
              <SequencePoints>
                <SequencePoint vc="0" uspid="6499" ordinal="0" offset="0" sl="35" sc="9" el="35" ec="10" bec="0" bev="0" fileid="124" />
                <SequencePoint vc="0" uspid="6500" ordinal="1" offset="1" sl="36" sc="13" el="36" ec="41" bec="0" bev="0" fileid="124" />
                <SequencePoint vc="0" uspid="6501" ordinal="2" offset="21" sl="37" sc="9" el="37" ec="10" bec="0" bev="0" fileid="124" />
              </SequencePoints>
              <BranchPoints />
              <MethodPoint xsi:type="SequencePoint" vc="0" uspid="6499" ordinal="0" offset="0" sl="35" sc="9" el="35" ec="10" bec="0" bev="0" fileid="124" />
            </Method>
            <Method visited="false" cyclomaticComplexity="1" nPathComplexity="0" sequenceCoverage="0" branchCoverage="0" isConstructor="false" isStatic="false" isGetter="false" isSetter="false">
              <Summary numSequencePoints="3" visitedSequencePoints="0" numBranchPoints="1" visitedBranchPoints="0" sequenceCoverage="0" branchCoverage="0" maxCyclomaticComplexity="1" minCyclomaticComplexity="1" visitedClasses="0" numClasses="0" visitedMethods="0" numMethods="1" />
              <MetadataToken>100664046</MetadataToken>
              <Name>System.Void SportsWeb.Services.Repository.Repository`2::Update(TValue)</Name>
              <FileRef uid="124" />
              <SequencePoints>
                <SequencePoint vc="0" uspid="6502" ordinal="0" offset="0" sl="40" sc="9" el="40" ec="10" bec="0" bev="0" fileid="124" />
                <SequencePoint vc="0" uspid="6503" ordinal="1" offset="1" sl="41" sc="13" el="41" ec="36" bec="0" bev="0" fileid="124" />
                <SequencePoint vc="0" uspid="6504" ordinal="2" offset="19" sl="42" sc="9" el="42" ec="10" bec="0" bev="0" fileid="124" />
              </SequencePoints>
              <BranchPoints />
              <MethodPoint xsi:type="SequencePoint" vc="0" uspid="6502" ordinal="0" offset="0" sl="40" sc="9" el="40" ec="10" bec="0" bev="0" fileid="124" />
            </Method>
            <Method visited="false" cyclomaticComplexity="1" nPathComplexity="0" sequenceCoverage="0" branchCoverage="0" isConstructor="false" isStatic="false" isGetter="false" isSetter="false">
              <Summary numSequencePoints="3" visitedSequencePoints="0" numBranchPoints="1" visitedBranchPoints="0" sequenceCoverage="0" branchCoverage="0" maxCyclomaticComplexity="1" minCyclomaticComplexity="1" visitedClasses="0" numClasses="0" visitedMethods="0" numMethods="1" />
              <MetadataToken>100664047</MetadataToken>
              <Name>System.Void SportsWeb.Services.Repository.Repository`2::Delete(TKey)</Name>
              <FileRef uid="124" />
              <SequencePoints>
                <SequencePoint vc="0" uspid="6505" ordinal="0" offset="0" sl="45" sc="9" el="45" ec="10" bec="0" bev="0" fileid="124" />
                <SequencePoint vc="0" uspid="6506" ordinal="1" offset="1" sl="46" sc="13" el="46" ec="54" bec="0" bev="0" fileid="124" />
                <SequencePoint vc="0" uspid="6507" ordinal="2" offset="35" sl="47" sc="9" el="47" ec="10" bec="0" bev="0" fileid="124" />
              </SequencePoints>
              <BranchPoints />
              <MethodPoint xsi:type="SequencePoint" vc="0" uspid="6505" ordinal="0" offset="0" sl="45" sc="9" el="45" ec="10" bec="0" bev="0" fileid="124" />
            </Method>
          </Methods>
        </Class>
        <Class>
          <Summary numSequencePoints="10" visitedSequencePoints="0" numBranchPoints="3" visitedBranchPoints="0" sequenceCoverage="0" branchCoverage="0" maxCyclomaticComplexity="1" minCyclomaticComplexity="1" visitedClasses="0" numClasses="1" visitedMethods="0" numMethods="3" />
          <FullName>SportsWeb.Services.Repository.FindRepository`1</FullName>
          <Methods>
            <Method visited="false" cyclomaticComplexity="1" nPathComplexity="0" sequenceCoverage="0" branchCoverage="0" isConstructor="false" isStatic="false" isGetter="true" isSetter="false">
              <Summary numSequencePoints="3" visitedSequencePoints="0" numBranchPoints="1" visitedBranchPoints="0" sequenceCoverage="0" branchCoverage="0" maxCyclomaticComplexity="1" minCyclomaticComplexity="1" visitedClasses="0" numClasses="0" visitedMethods="0" numMethods="1" />
              <MetadataToken>100664049</MetadataToken>
              <Name>SportsWeb.Services.Repository.IManagedSession SportsWeb.Services.Repository.FindRepository`1::get_Session()</Name>
              <FileRef uid="124" />
              <SequencePoints>
                <SequencePoint vc="0" uspid="6508" ordinal="0" offset="0" sl="58" sc="49" el="58" ec="50" bec="0" bev="0" fileid="124" />
                <SequencePoint vc="0" uspid="6509" ordinal="1" offset="1" sl="58" sc="51" el="58" ec="85" bec="0" bev="0" fileid="124" />
                <SequencePoint vc="0" uspid="6510" ordinal="2" offset="15" sl="58" sc="86" el="58" ec="87" bec="0" bev="0" fileid="124" />
              </SequencePoints>
              <BranchPoints />
              <MethodPoint xsi:type="SequencePoint" vc="0" uspid="6508" ordinal="0" offset="0" sl="58" sc="49" el="58" ec="50" bec="0" bev="0" fileid="124" />
            </Method>
            <Method visited="false" cyclomaticComplexity="1" nPathComplexity="0" sequenceCoverage="0" branchCoverage="0" isConstructor="true" isStatic="false" isGetter="false" isSetter="false">
              <Summary numSequencePoints="4" visitedSequencePoints="0" numBranchPoints="1" visitedBranchPoints="0" sequenceCoverage="0" branchCoverage="0" maxCyclomaticComplexity="1" minCyclomaticComplexity="1" visitedClasses="0" numClasses="0" visitedMethods="0" numMethods="1" />
              <MetadataToken>100664048</MetadataToken>
              <Name>System.Void SportsWeb.Services.Repository.FindRepository`1::.ctor()</Name>
              <FileRef uid="124" />
              <SequencePoints>
                <SequencePoint vc="0" uspid="6511" ordinal="0" offset="0" sl="53" sc="9" el="53" ec="32" bec="0" bev="0" fileid="124" />
                <SequencePoint vc="0" uspid="6512" ordinal="1" offset="7" sl="54" sc="9" el="54" ec="10" bec="0" bev="0" fileid="124" />
                <SequencePoint vc="0" uspid="6513" ordinal="2" offset="8" sl="55" sc="13" el="55" ec="85" bec="0" bev="0" fileid="124" />
                <SequencePoint vc="0" uspid="6514" ordinal="3" offset="29" sl="56" sc="9" el="56" ec="10" bec="0" bev="0" fileid="124" />
              </SequencePoints>
              <BranchPoints />
              <MethodPoint xsi:type="SequencePoint" vc="0" uspid="6511" ordinal="0" offset="0" sl="53" sc="9" el="53" ec="32" bec="0" bev="0" fileid="124" />
            </Method>
            <Method visited="false" cyclomaticComplexity="1" nPathComplexity="0" sequenceCoverage="0" branchCoverage="0" isConstructor="false" isStatic="false" isGetter="false" isSetter="false">
              <Summary numSequencePoints="3" visitedSequencePoints="0" numBranchPoints="1" visitedBranchPoints="0" sequenceCoverage="0" branchCoverage="0" maxCyclomaticComplexity="1" minCyclomaticComplexity="1" visitedClasses="0" numClasses="0" visitedMethods="0" numMethods="1" />
              <MetadataToken>100664050</MetadataToken>
              <Name>System.Linq.IQueryable`1&lt;TValue&gt; SportsWeb.Services.Repository.FindRepository`1::FindAll()</Name>
              <FileRef uid="124" />
              <SequencePoints>
                <SequencePoint vc="0" uspid="6515" ordinal="0" offset="0" sl="61" sc="9" el="61" ec="10" bec="0" bev="0" fileid="124" />
                <SequencePoint vc="0" uspid="6516" ordinal="1" offset="1" sl="62" sc="13" el="62" ec="44" bec="0" bev="0" fileid="124" />
                <SequencePoint vc="0" uspid="6517" ordinal="2" offset="15" sl="63" sc="9" el="63" ec="10" bec="0" bev="0" fileid="124" />
              </SequencePoints>
              <BranchPoints />
              <MethodPoint xsi:type="SequencePoint" vc="0" uspid="6515" ordinal="0" offset="0" sl="61" sc="9" el="61" ec="10" bec="0" bev="0" fileid="124" />
            </Method>
          </Methods>
        </Class>
        <Class>
          <Summary numSequencePoints="22" visitedSequencePoints="0" numBranchPoints="7" visitedBranchPoints="0" sequenceCoverage="0" branchCoverage="0" maxCyclomaticComplexity="1" minCyclomaticComplexity="1" visitedClasses="0" numClasses="1" visitedMethods="0" numMethods="7" />
          <FullName>SportsWeb.Services.Repository.CommandRepository`2</FullName>
          <Methods>
            <Method visited="false" cyclomaticComplexity="1" nPathComplexity="0" sequenceCoverage="0" branchCoverage="0" isConstructor="false" isStatic="false" isGetter="true" isSetter="false">
              <Summary numSequencePoints="3" visitedSequencePoints="0" numBranchPoints="1" visitedBranchPoints="0" sequenceCoverage="0" branchCoverage="0" maxCyclomaticComplexity="1" minCyclomaticComplexity="1" visitedClasses="0" numClasses="0" visitedMethods="0" numMethods="1" />
              <MetadataToken>100664052</MetadataToken>
              <Name>SportsWeb.Services.Repository.IManagedSession SportsWeb.Services.Repository.CommandRepository`2::get_Session()</Name>
              <FileRef uid="124" />
              <SequencePoints>
                <SequencePoint vc="0" uspid="6518" ordinal="0" offset="0" sl="74" sc="49" el="74" ec="50" bec="0" bev="0" fileid="124" />
                <SequencePoint vc="0" uspid="6519" ordinal="1" offset="1" sl="74" sc="51" el="74" ec="85" bec="0" bev="0" fileid="124" />
                <SequencePoint vc="0" uspid="6520" ordinal="2" offset="15" sl="74" sc="86" el="74" ec="87" bec="0" bev="0" fileid="124" />
              </SequencePoints>
              <BranchPoints />
              <MethodPoint xsi:type="SequencePoint" vc="0" uspid="6518" ordinal="0" offset="0" sl="74" sc="49" el="74" ec="50" bec="0" bev="0" fileid="124" />
            </Method>
            <Method visited="false" cyclomaticComplexity="1" nPathComplexity="0" sequenceCoverage="0" branchCoverage="0" isConstructor="true" isStatic="false" isGetter="false" isSetter="false">
              <Summary numSequencePoints="4" visitedSequencePoints="0" numBranchPoints="1" visitedBranchPoints="0" sequenceCoverage="0" branchCoverage="0" maxCyclomaticComplexity="1" minCyclomaticComplexity="1" visitedClasses="0" numClasses="0" visitedMethods="0" numMethods="1" />
              <MetadataToken>100664051</MetadataToken>
              <Name>System.Void SportsWeb.Services.Repository.CommandRepository`2::.ctor()</Name>
              <FileRef uid="124" />
              <SequencePoints>
                <SequencePoint vc="0" uspid="6521" ordinal="0" offset="0" sl="69" sc="9" el="69" ec="35" bec="0" bev="0" fileid="124" />
                <SequencePoint vc="0" uspid="6522" ordinal="1" offset="7" sl="70" sc="9" el="70" ec="10" bec="0" bev="0" fileid="124" />
                <SequencePoint vc="0" uspid="6523" ordinal="2" offset="8" sl="71" sc="13" el="71" ec="85" bec="0" bev="0" fileid="124" />
                <SequencePoint vc="0" uspid="6524" ordinal="3" offset="29" sl="72" sc="9" el="72" ec="10" bec="0" bev="0" fileid="124" />
              </SequencePoints>
              <BranchPoints />
              <MethodPoint xsi:type="SequencePoint" vc="0" uspid="6521" ordinal="0" offset="0" sl="69" sc="9" el="69" ec="35" bec="0" bev="0" fileid="124" />
            </Method>
            <Method visited="false" cyclomaticComplexity="1" nPathComplexity="0" sequenceCoverage="0" branchCoverage="0" isConstructor="false" isStatic="false" isGetter="false" isSetter="false">
              <Summary numSequencePoints="3" visitedSequencePoints="0" numBranchPoints="1" visitedBranchPoints="0" sequenceCoverage="0" branchCoverage="0" maxCyclomaticComplexity="1" minCyclomaticComplexity="1" visitedClasses="0" numClasses="0" visitedMethods="0" numMethods="1" />
              <MetadataToken>100664053</MetadataToken>
              <Name>System.Linq.IQueryable`1&lt;TValue&gt; SportsWeb.Services.Repository.CommandRepository`2::GetAll()</Name>
              <FileRef uid="124" />
              <SequencePoints>
                <SequencePoint vc="0" uspid="6525" ordinal="0" offset="0" sl="77" sc="9" el="77" ec="10" bec="0" bev="0" fileid="124" />
                <SequencePoint vc="0" uspid="6526" ordinal="1" offset="1" sl="78" sc="13" el="78" ec="44" bec="0" bev="0" fileid="124" />
                <SequencePoint vc="0" uspid="6527" ordinal="2" offset="15" sl="79" sc="9" el="79" ec="10" bec="0" bev="0" fileid="124" />
              </SequencePoints>
              <BranchPoints />
              <MethodPoint xsi:type="SequencePoint" vc="0" uspid="6525" ordinal="0" offset="0" sl="77" sc="9" el="77" ec="10" bec="0" bev="0" fileid="124" />
            </Method>
            <Method visited="false" cyclomaticComplexity="1" nPathComplexity="0" sequenceCoverage="0" branchCoverage="0" isConstructor="false" isStatic="false" isGetter="false" isSetter="false">
              <Summary numSequencePoints="3" visitedSequencePoints="0" numBranchPoints="1" visitedBranchPoints="0" sequenceCoverage="0" branchCoverage="0" maxCyclomaticComplexity="1" minCyclomaticComplexity="1" visitedClasses="0" numClasses="0" visitedMethods="0" numMethods="1" />
              <MetadataToken>100664054</MetadataToken>
              <Name>System.Object SportsWeb.Services.Repository.CommandRepository`2::Create(TValue)</Name>
              <FileRef uid="124" />
              <SequencePoints>
                <SequencePoint vc="0" uspid="6528" ordinal="0" offset="0" sl="82" sc="9" el="82" ec="10" bec="0" bev="0" fileid="124" />
                <SequencePoint vc="0" uspid="6529" ordinal="1" offset="1" sl="83" sc="13" el="83" ec="41" bec="0" bev="0" fileid="124" />
                <SequencePoint vc="0" uspid="6530" ordinal="2" offset="21" sl="84" sc="9" el="84" ec="10" bec="0" bev="0" fileid="124" />
              </SequencePoints>
              <BranchPoints />
              <MethodPoint xsi:type="SequencePoint" vc="0" uspid="6528" ordinal="0" offset="0" sl="82" sc="9" el="82" ec="10" bec="0" bev="0" fileid="124" />
            </Method>
            <Method visited="false" cyclomaticComplexity="1" nPathComplexity="0" sequenceCoverage="0" branchCoverage="0" isConstructor="false" isStatic="false" isGetter="false" isSetter="false">
              <Summary numSequencePoints="3" visitedSequencePoints="0" numBranchPoints="1" visitedBranchPoints="0" sequenceCoverage="0" branchCoverage="0" maxCyclomaticComplexity="1" minCyclomaticComplexity="1" visitedClasses="0" numClasses="0" visitedMethods="0" numMethods="1" />
              <MetadataToken>100664055</MetadataToken>
              <Name>System.Void SportsWeb.Services.Repository.CommandRepository`2::Update(TValue)</Name>
              <FileRef uid="124" />
              <SequencePoints>
                <SequencePoint vc="0" uspid="6531" ordinal="0" offset="0" sl="87" sc="9" el="87" ec="10" bec="0" bev="0" fileid="124" />
                <SequencePoint vc="0" uspid="6532" ordinal="1" offset="1" sl="88" sc="13" el="88" ec="36" bec="0" bev="0" fileid="124" />
                <SequencePoint vc="0" uspid="6533" ordinal="2" offset="19" sl="89" sc="9" el="89" ec="10" bec="0" bev="0" fileid="124" />
              </SequencePoints>
              <BranchPoints />
              <MethodPoint xsi:type="SequencePoint" vc="0" uspid="6531" ordinal="0" offset="0" sl="87" sc="9" el="87" ec="10" bec="0" bev="0" fileid="124" />
            </Method>
            <Method visited="false" cyclomaticComplexity="1" nPathComplexity="0" sequenceCoverage="0" branchCoverage="0" isConstructor="false" isStatic="false" isGetter="false" isSetter="false">
              <Summary numSequencePoints="3" visitedSequencePoints="0" numBranchPoints="1" visitedBranchPoints="0" sequenceCoverage="0" branchCoverage="0" maxCyclomaticComplexity="1" minCyclomaticComplexity="1" visitedClasses="0" numClasses="0" visitedMethods="0" numMethods="1" />
              <MetadataToken>100664056</MetadataToken>
              <Name>System.Void SportsWeb.Services.Repository.CommandRepository`2::Delete(TKey)</Name>
              <FileRef uid="124" />
              <SequencePoints>
                <SequencePoint vc="0" uspid="6534" ordinal="0" offset="0" sl="92" sc="9" el="92" ec="10" bec="0" bev="0" fileid="124" />
                <SequencePoint vc="0" uspid="6535" ordinal="1" offset="1" sl="93" sc="13" el="93" ec="54" bec="0" bev="0" fileid="124" />
                <SequencePoint vc="0" uspid="6536" ordinal="2" offset="35" sl="94" sc="9" el="94" ec="10" bec="0" bev="0" fileid="124" />
              </SequencePoints>
              <BranchPoints />
              <MethodPoint xsi:type="SequencePoint" vc="0" uspid="6534" ordinal="0" offset="0" sl="92" sc="9" el="92" ec="10" bec="0" bev="0" fileid="124" />
            </Method>
            <Method visited="false" cyclomaticComplexity="1" nPathComplexity="0" sequenceCoverage="0" branchCoverage="0" isConstructor="false" isStatic="false" isGetter="false" isSetter="false">
              <Summary numSequencePoints="3" visitedSequencePoints="0" numBranchPoints="1" visitedBranchPoints="0" sequenceCoverage="0" branchCoverage="0" maxCyclomaticComplexity="1" minCyclomaticComplexity="1" visitedClasses="0" numClasses="0" visitedMethods="0" numMethods="1" />
              <MetadataToken>100664057</MetadataToken>
              <Name>TValue SportsWeb.Services.Repository.CommandRepository`2::Get(TKey)</Name>
              <FileRef uid="124" />
              <SequencePoints>
                <SequencePoint vc="0" uspid="6537" ordinal="0" offset="0" sl="97" sc="9" el="97" ec="10" bec="0" bev="0" fileid="124" />
                <SequencePoint vc="0" uspid="6538" ordinal="1" offset="1" sl="98" sc="13" el="98" ec="60" bec="0" bev="0" fileid="124" />
                <SequencePoint vc="0" uspid="6539" ordinal="2" offset="36" sl="99" sc="9" el="99" ec="10" bec="0" bev="0" fileid="124" />
              </SequencePoints>
              <BranchPoints />
              <MethodPoint xsi:type="SequencePoint" vc="0" uspid="6537" ordinal="0" offset="0" sl="97" sc="9" el="97" ec="10" bec="0" bev="0" fileid="124" />
            </Method>
          </Methods>
        </Class>
        <Class>
          <Summary numSequencePoints="36" visitedSequencePoints="0" numBranchPoints="13" visitedBranchPoints="0" sequenceCoverage="0" branchCoverage="0" maxCyclomaticComplexity="5" minCyclomaticComplexity="1" visitedClasses="0" numClasses="1" visitedMethods="0" numMethods="7" />
          <FullName>SportsWeb.Services.Repository.UnitOfWork</FullName>
          <Methods>
            <Method visited="false" cyclomaticComplexity="1" nPathComplexity="0" sequenceCoverage="0" branchCoverage="0" isConstructor="false" isStatic="false" isGetter="true" isSetter="false">
              <Summary numSequencePoints="1" visitedSequencePoints="0" numBranchPoints="1" visitedBranchPoints="0" sequenceCoverage="0" branchCoverage="0" maxCyclomaticComplexity="1" minCyclomaticComplexity="1" visitedClasses="0" numClasses="0" visitedMethods="0" numMethods="1" />
              <MetadataToken>100664058</MetadataToken>
              <Name>SportsWeb.Services.Repository.IManagedSession SportsWeb.Services.Repository.UnitOfWork::get_CurrentSession()</Name>
              <FileRef uid="127" />
              <SequencePoints>
                <SequencePoint vc="0" uspid="6540" ordinal="0" offset="0" sl="14" sc="49" el="14" ec="53" bec="0" bev="0" fileid="127" />
              </SequencePoints>
              <BranchPoints />
              <MethodPoint xsi:type="SequencePoint" vc="0" uspid="6540" ordinal="0" offset="0" sl="14" sc="49" el="14" ec="53" bec="0" bev="0" fileid="127" />
            </Method>
            <Method visited="false" cyclomaticComplexity="1" nPathComplexity="0" sequenceCoverage="0" branchCoverage="0" isConstructor="false" isStatic="false" isGetter="false" isSetter="true">
              <Summary numSequencePoints="1" visitedSequencePoints="0" numBranchPoints="1" visitedBranchPoints="0" sequenceCoverage="0" branchCoverage="0" maxCyclomaticComplexity="1" minCyclomaticComplexity="1" visitedClasses="0" numClasses="0" visitedMethods="0" numMethods="1" />
              <MetadataToken>100664059</MetadataToken>
              <Name>System.Void SportsWeb.Services.Repository.UnitOfWork::set_CurrentSession(SportsWeb.Services.Repository.IManagedSession)</Name>
              <FileRef uid="127" />
              <SequencePoints>
                <SequencePoint vc="0" uspid="6541" ordinal="0" offset="0" sl="14" sc="54" el="14" ec="58" bec="0" bev="0" fileid="127" />
              </SequencePoints>
              <BranchPoints />
              <MethodPoint xsi:type="SequencePoint" vc="0" uspid="6541" ordinal="0" offset="0" sl="14" sc="54" el="14" ec="58" bec="0" bev="0" fileid="127" />
            </Method>
            <Method visited="false" cyclomaticComplexity="1" nPathComplexity="0" sequenceCoverage="0" branchCoverage="0" isConstructor="true" isStatic="false" isGetter="false" isSetter="false">
              <Summary numSequencePoints="4" visitedSequencePoints="0" numBranchPoints="1" visitedBranchPoints="0" sequenceCoverage="0" branchCoverage="0" maxCyclomaticComplexity="1" minCyclomaticComplexity="1" visitedClasses="0" numClasses="0" visitedMethods="0" numMethods="1" />
              <MetadataToken>100664060</MetadataToken>
              <Name>System.Void SportsWeb.Services.Repository.UnitOfWork::.ctor(SportsWeb.Services.Repository.IManagedSession)</Name>
              <FileRef uid="127" />
              <SequencePoints>
                <SequencePoint vc="0" uspid="6542" ordinal="0" offset="0" sl="16" sc="9" el="16" ec="58" bec="0" bev="0" fileid="127" />
                <SequencePoint vc="0" uspid="6543" ordinal="1" offset="7" sl="17" sc="9" el="17" ec="10" bec="0" bev="0" fileid="127" />
                <SequencePoint vc="0" uspid="6544" ordinal="2" offset="8" sl="18" sc="13" el="18" ec="45" bec="0" bev="0" fileid="127" />
                <SequencePoint vc="0" uspid="6545" ordinal="3" offset="16" sl="19" sc="9" el="19" ec="10" bec="0" bev="0" fileid="127" />
              </SequencePoints>
              <BranchPoints />
              <MethodPoint xsi:type="SequencePoint" vc="0" uspid="6542" ordinal="0" offset="0" sl="16" sc="9" el="16" ec="58" bec="0" bev="0" fileid="127" />
            </Method>
            <Method visited="false" cyclomaticComplexity="1" nPathComplexity="0" sequenceCoverage="0" branchCoverage="0" isConstructor="false" isStatic="false" isGetter="false" isSetter="false">
              <Summary numSequencePoints="3" visitedSequencePoints="0" numBranchPoints="1" visitedBranchPoints="0" sequenceCoverage="0" branchCoverage="0" maxCyclomaticComplexity="1" minCyclomaticComplexity="1" visitedClasses="0" numClasses="0" visitedMethods="0" numMethods="1" />
              <MetadataToken>100664061</MetadataToken>
              <Name>System.Void SportsWeb.Services.Repository.UnitOfWork::BeginTransaction()</Name>
              <FileRef uid="127" />
              <SequencePoints>
                <SequencePoint vc="0" uspid="6546" ordinal="0" offset="0" sl="22" sc="9" el="22" ec="10" bec="0" bev="0" fileid="127" />
                <SequencePoint vc="0" uspid="6547" ordinal="1" offset="1" sl="23" sc="13" el="23" ec="62" bec="0" bev="0" fileid="127" />
                <SequencePoint vc="0" uspid="6548" ordinal="2" offset="18" sl="24" sc="9" el="24" ec="10" bec="0" bev="0" fileid="127" />
              </SequencePoints>
              <BranchPoints />
              <MethodPoint xsi:type="SequencePoint" vc="0" uspid="6546" ordinal="0" offset="0" sl="22" sc="9" el="22" ec="10" bec="0" bev="0" fileid="127" />
            </Method>
            <Method visited="false" cyclomaticComplexity="5" nPathComplexity="4" sequenceCoverage="0" branchCoverage="0" isConstructor="false" isStatic="false" isGetter="false" isSetter="false">
              <Summary numSequencePoints="14" visitedSequencePoints="0" numBranchPoints="5" visitedBranchPoints="0" sequenceCoverage="0" branchCoverage="0" maxCyclomaticComplexity="5" minCyclomaticComplexity="5" visitedClasses="0" numClasses="0" visitedMethods="0" numMethods="1" />
              <MetadataToken>100664062</MetadataToken>
              <Name>System.Void SportsWeb.Services.Repository.UnitOfWork::Commit()</Name>
              <FileRef uid="127" />
              <SequencePoints>
                <SequencePoint vc="0" uspid="6549" ordinal="0" offset="0" sl="27" sc="9" el="27" ec="10" bec="0" bev="0" fileid="127" />
                <SequencePoint vc="0" uspid="6550" ordinal="1" offset="1" sl="29" sc="13" el="29" ec="14" bec="0" bev="0" fileid="127" />
                <SequencePoint vc="0" uspid="6551" ordinal="2" offset="2" sl="30" sc="17" el="30" ec="67" bec="2" bev="0" fileid="127" />
                <SequencePoint vc="0" uspid="6552" ordinal="3" offset="28" sl="31" sc="21" el="31" ec="43" bec="0" bev="0" fileid="127" />
                <SequencePoint vc="0" uspid="6553" ordinal="4" offset="40" sl="32" sc="13" el="32" ec="14" bec="0" bev="0" fileid="127" />
                <SequencePoint vc="0" uspid="6554" ordinal="5" offset="43" sl="33" sc="13" el="33" ec="18" bec="0" bev="0" fileid="127" />
                <SequencePoint vc="0" uspid="6555" ordinal="6" offset="44" sl="34" sc="13" el="34" ec="14" bec="0" bev="0" fileid="127" />
                <SequencePoint vc="0" uspid="6556" ordinal="7" offset="45" sl="35" sc="17" el="35" ec="67" bec="2" bev="0" fileid="127" />
                <SequencePoint vc="0" uspid="6557" ordinal="8" offset="71" sl="36" sc="21" el="36" ec="45" bec="0" bev="0" fileid="127" />
                <SequencePoint vc="0" uspid="6558" ordinal="9" offset="83" sl="38" sc="17" el="38" ec="23" bec="0" bev="0" fileid="127" />
                <SequencePoint vc="0" uspid="6559" ordinal="10" offset="87" sl="41" sc="13" el="41" ec="14" bec="0" bev="0" fileid="127" />
                <SequencePoint vc="0" uspid="6560" ordinal="11" offset="88" sl="42" sc="17" el="42" ec="42" bec="0" bev="0" fileid="127" />
                <SequencePoint vc="0" uspid="6561" ordinal="12" offset="100" sl="43" sc="13" el="43" ec="14" bec="0" bev="0" fileid="127" />
                <SequencePoint vc="0" uspid="6562" ordinal="13" offset="102" sl="44" sc="9" el="44" ec="10" bec="0" bev="0" fileid="127" />
              </SequencePoints>
              <BranchPoints>
                <BranchPoint vc="0" uspid="6565" ordinal="2" offset="26" sl="30" path="0" offsetend="28" fileid="127" />
                <BranchPoint vc="0" uspid="6566" ordinal="3" offset="26" sl="30" path="1" offsetend="40" fileid="127" />
                <BranchPoint vc="0" uspid="6569" ordinal="6" offset="69" sl="35" path="0" offsetend="71" fileid="127" />
                <BranchPoint vc="0" uspid="6570" ordinal="7" offset="69" sl="35" path="1" offsetend="83" fileid="127" />
              </BranchPoints>
              <MethodPoint xsi:type="SequencePoint" vc="0" uspid="6549" ordinal="0" offset="0" sl="27" sc="9" el="27" ec="10" bec="0" bev="0" fileid="127" />
            </Method>
            <Method visited="false" cyclomaticComplexity="3" nPathComplexity="2" sequenceCoverage="0" branchCoverage="0" isConstructor="false" isStatic="false" isGetter="false" isSetter="false">
              <Summary numSequencePoints="9" visitedSequencePoints="0" numBranchPoints="3" visitedBranchPoints="0" sequenceCoverage="0" branchCoverage="0" maxCyclomaticComplexity="3" minCyclomaticComplexity="3" visitedClasses="0" numClasses="0" visitedMethods="0" numMethods="1" />
              <MetadataToken>100664063</MetadataToken>
              <Name>System.Void SportsWeb.Services.Repository.UnitOfWork::Rollback()</Name>
              <FileRef uid="127" />
              <SequencePoints>
                <SequencePoint vc="0" uspid="6571" ordinal="0" offset="0" sl="47" sc="9" el="47" ec="10" bec="0" bev="0" fileid="127" />
                <SequencePoint vc="0" uspid="6572" ordinal="1" offset="1" sl="49" sc="13" el="49" ec="14" bec="0" bev="0" fileid="127" />
                <SequencePoint vc="0" uspid="6573" ordinal="2" offset="2" sl="50" sc="17" el="50" ec="67" bec="2" bev="0" fileid="127" />
                <SequencePoint vc="0" uspid="6574" ordinal="3" offset="28" sl="51" sc="21" el="51" ec="45" bec="0" bev="0" fileid="127" />
                <SequencePoint vc="0" uspid="6575" ordinal="4" offset="40" sl="52" sc="13" el="52" ec="14" bec="0" bev="0" fileid="127" />
                <SequencePoint vc="0" uspid="6576" ordinal="5" offset="43" sl="54" sc="13" el="54" ec="14" bec="0" bev="0" fileid="127" />
                <SequencePoint vc="0" uspid="6577" ordinal="6" offset="44" sl="55" sc="17" el="55" ec="42" bec="0" bev="0" fileid="127" />
                <SequencePoint vc="0" uspid="6578" ordinal="7" offset="56" sl="56" sc="13" el="56" ec="14" bec="0" bev="0" fileid="127" />
                <SequencePoint vc="0" uspid="6579" ordinal="8" offset="58" sl="57" sc="9" el="57" ec="10" bec="0" bev="0" fileid="127" />
              </SequencePoints>
              <BranchPoints>
                <BranchPoint vc="0" uspid="6582" ordinal="2" offset="26" sl="50" path="0" offsetend="28" fileid="127" />
                <BranchPoint vc="0" uspid="6583" ordinal="3" offset="26" sl="50" path="1" offsetend="40" fileid="127" />
              </BranchPoints>
              <MethodPoint xsi:type="SequencePoint" vc="0" uspid="6571" ordinal="0" offset="0" sl="47" sc="9" el="47" ec="10" bec="0" bev="0" fileid="127" />
            </Method>
            <Method visited="false" cyclomaticComplexity="1" nPathComplexity="0" sequenceCoverage="0" branchCoverage="0" isConstructor="false" isStatic="false" isGetter="false" isSetter="false">
              <Summary numSequencePoints="4" visitedSequencePoints="0" numBranchPoints="1" visitedBranchPoints="0" sequenceCoverage="0" branchCoverage="0" maxCyclomaticComplexity="1" minCyclomaticComplexity="1" visitedClasses="0" numClasses="0" visitedMethods="0" numMethods="1" />
              <MetadataToken>100664064</MetadataToken>
              <Name>System.Void SportsWeb.Services.Repository.UnitOfWork::Dispose()</Name>
              <FileRef uid="127" />
              <SequencePoints>
                <SequencePoint vc="0" uspid="6584" ordinal="0" offset="0" sl="60" sc="9" el="60" ec="10" bec="0" bev="0" fileid="127" />
                <SequencePoint vc="0" uspid="6585" ordinal="1" offset="1" sl="61" sc="13" el="61" ec="24" bec="0" bev="0" fileid="127" />
                <SequencePoint vc="0" uspid="6586" ordinal="2" offset="8" sl="62" sc="13" el="62" ec="39" bec="0" bev="0" fileid="127" />
                <SequencePoint vc="0" uspid="6587" ordinal="3" offset="15" sl="63" sc="9" el="63" ec="10" bec="0" bev="0" fileid="127" />
              </SequencePoints>
              <BranchPoints />
              <MethodPoint xsi:type="SequencePoint" vc="0" uspid="6584" ordinal="0" offset="0" sl="60" sc="9" el="60" ec="10" bec="0" bev="0" fileid="127" />
            </Method>
          </Methods>
        </Class>
        <Class>
          <Summary numSequencePoints="6" visitedSequencePoints="0" numBranchPoints="2" visitedBranchPoints="0" sequenceCoverage="0" branchCoverage="0" maxCyclomaticComplexity="2" minCyclomaticComplexity="1" visitedClasses="0" numClasses="1" visitedMethods="0" numMethods="2" />
          <FullName>SportsWeb.Services.Repository.TimeStampTypeConvention</FullName>
          <Methods>
            <Method visited="false" cyclomaticComplexity="2" nPathComplexity="0" sequenceCoverage="0" branchCoverage="0" isConstructor="false" isStatic="false" isGetter="false" isSetter="false">
              <Summary numSequencePoints="3" visitedSequencePoints="0" numBranchPoints="1" visitedBranchPoints="0" sequenceCoverage="0" branchCoverage="0" maxCyclomaticComplexity="2" minCyclomaticComplexity="2" visitedClasses="0" numClasses="0" visitedMethods="0" numMethods="1" />
              <MetadataToken>100664065</MetadataToken>
              <Name>System.Void SportsWeb.Services.Repository.TimeStampTypeConvention::Accept(FluentNHibernate.Conventions.AcceptanceCriteria.IAcceptanceCriteria`1&lt;FluentNHibernate.Conventions.Inspections.IPropertyInspector&gt;)</Name>
              <FileRef uid="127" />
              <SequencePoints>
                <SequencePoint vc="0" uspid="6588" ordinal="0" offset="0" sl="69" sc="9" el="69" ec="10" bec="0" bev="0" fileid="127" />
                <SequencePoint vc="0" uspid="6589" ordinal="1" offset="1" sl="70" sc="13" el="70" ec="62" bec="0" bev="0" fileid="127" />
                <SequencePoint vc="0" uspid="6590" ordinal="2" offset="39" sl="71" sc="9" el="71" ec="10" bec="0" bev="0" fileid="127" />
              </SequencePoints>
              <BranchPoints />
              <MethodPoint xsi:type="SequencePoint" vc="0" uspid="6588" ordinal="0" offset="0" sl="69" sc="9" el="69" ec="10" bec="0" bev="0" fileid="127" />
            </Method>
            <Method visited="false" cyclomaticComplexity="1" nPathComplexity="0" sequenceCoverage="0" branchCoverage="0" isConstructor="false" isStatic="false" isGetter="false" isSetter="false">
              <Summary numSequencePoints="3" visitedSequencePoints="0" numBranchPoints="1" visitedBranchPoints="0" sequenceCoverage="0" branchCoverage="0" maxCyclomaticComplexity="1" minCyclomaticComplexity="1" visitedClasses="0" numClasses="0" visitedMethods="0" numMethods="1" />
              <MetadataToken>100664066</MetadataToken>
              <Name>System.Void SportsWeb.Services.Repository.TimeStampTypeConvention::Apply(FluentNHibernate.Conventions.Instances.IPropertyInstance)</Name>
              <FileRef uid="127" />
              <SequencePoints>
                <SequencePoint vc="0" uspid="6593" ordinal="0" offset="0" sl="74" sc="9" el="74" ec="10" bec="0" bev="0" fileid="127" />
                <SequencePoint vc="0" uspid="6594" ordinal="1" offset="1" sl="75" sc="13" el="75" ec="71" bec="0" bev="0" fileid="127" />
                <SequencePoint vc="0" uspid="6595" ordinal="2" offset="8" sl="76" sc="9" el="76" ec="10" bec="0" bev="0" fileid="127" />
              </SequencePoints>
              <BranchPoints />
              <MethodPoint xsi:type="SequencePoint" vc="0" uspid="6593" ordinal="0" offset="0" sl="74" sc="9" el="74" ec="10" bec="0" bev="0" fileid="127" />
            </Method>
            <Method visited="false" cyclomaticComplexity="1" nPathComplexity="0" sequenceCoverage="0" branchCoverage="0" isConstructor="true" isStatic="false" isGetter="false" isSetter="false">
              <Summary numSequencePoints="0" visitedSequencePoints="0" numBranchPoints="0" visitedBranchPoints="0" sequenceCoverage="0" branchCoverage="0" maxCyclomaticComplexity="1" minCyclomaticComplexity="1" visitedClasses="0" numClasses="0" visitedMethods="0" numMethods="0" />
              <MetadataToken>100664067</MetadataToken>
              <Name>System.Void SportsWeb.Services.Repository.TimeStampTypeConvention::.ctor()</Name>
              <SequencePoints />
              <BranchPoints />
              <MethodPoint vc="0" uspid="6596" ordinal="0" offset="0" />
            </Method>
          </Methods>
        </Class>
        <Class>
          <Summary numSequencePoints="1" visitedSequencePoints="0" numBranchPoints="1" visitedBranchPoints="0" sequenceCoverage="0" branchCoverage="0" maxCyclomaticComplexity="1" minCyclomaticComplexity="1" visitedClasses="0" numClasses="1" visitedMethods="0" numMethods="1" />
          <FullName>SportsWeb.Services.Repository.TimeStampTypeConvention/&lt;&gt;c</FullName>
          <Methods>
            <Method visited="false" cyclomaticComplexity="1" nPathComplexity="0" sequenceCoverage="0" branchCoverage="0" isConstructor="true" isStatic="true" isGetter="false" isSetter="false">
              <Summary numSequencePoints="0" visitedSequencePoints="0" numBranchPoints="0" visitedBranchPoints="0" sequenceCoverage="0" branchCoverage="0" maxCyclomaticComplexity="1" minCyclomaticComplexity="1" visitedClasses="0" numClasses="0" visitedMethods="0" numMethods="0" />
              <MetadataToken>100667050</MetadataToken>
              <Name>System.Void SportsWeb.Services.Repository.TimeStampTypeConvention/&lt;&gt;c::.cctor()</Name>
              <SequencePoints />
              <BranchPoints />
              <MethodPoint vc="0" uspid="6597" ordinal="0" offset="0" />
            </Method>
            <Method visited="false" cyclomaticComplexity="1" nPathComplexity="0" sequenceCoverage="0" branchCoverage="0" isConstructor="true" isStatic="false" isGetter="false" isSetter="false">
              <Summary numSequencePoints="0" visitedSequencePoints="0" numBranchPoints="0" visitedBranchPoints="0" sequenceCoverage="0" branchCoverage="0" maxCyclomaticComplexity="1" minCyclomaticComplexity="1" visitedClasses="0" numClasses="0" visitedMethods="0" numMethods="0" />
              <MetadataToken>100667051</MetadataToken>
              <Name>System.Void SportsWeb.Services.Repository.TimeStampTypeConvention/&lt;&gt;c::.ctor()</Name>
              <SequencePoints />
              <BranchPoints />
              <MethodPoint vc="0" uspid="6598" ordinal="0" offset="0" />
            </Method>
            <Method visited="false" cyclomaticComplexity="1" nPathComplexity="0" sequenceCoverage="0" branchCoverage="0" isConstructor="false" isStatic="false" isGetter="false" isSetter="false">
              <Summary numSequencePoints="1" visitedSequencePoints="0" numBranchPoints="1" visitedBranchPoints="0" sequenceCoverage="0" branchCoverage="0" maxCyclomaticComplexity="1" minCyclomaticComplexity="1" visitedClasses="0" numClasses="0" visitedMethods="0" numMethods="1" />
              <MetadataToken>100667052</MetadataToken>
              <Name>System.Boolean SportsWeb.Services.Repository.TimeStampTypeConvention/&lt;&gt;c::&lt;Accept&gt;b__0_0(FluentNHibernate.Conventions.Inspections.IPropertyInspector)</Name>
              <FileRef uid="127" />
              <SequencePoints>
                <SequencePoint vc="0" uspid="6599" ordinal="0" offset="0" sl="70" sc="34" el="70" ec="60" bec="0" bev="0" fileid="127" />
              </SequencePoints>
              <BranchPoints />
              <MethodPoint xsi:type="SequencePoint" vc="0" uspid="6599" ordinal="0" offset="0" sl="70" sc="34" el="70" ec="60" bec="0" bev="0" fileid="127" />
            </Method>
          </Methods>
        </Class>
        <Class>
          <Summary numSequencePoints="4" visitedSequencePoints="0" numBranchPoints="2" visitedBranchPoints="0" sequenceCoverage="0" branchCoverage="0" maxCyclomaticComplexity="1" minCyclomaticComplexity="1" visitedClasses="0" numClasses="1" visitedMethods="0" numMethods="2" />
          <FullName>SportsWeb.Services.Middleware.RequestPerformanceLogger</FullName>
          <Methods>
            <Method visited="false" cyclomaticComplexity="1" nPathComplexity="0" sequenceCoverage="0" branchCoverage="0" isConstructor="true" isStatic="false" isGetter="false" isSetter="false">
              <Summary numSequencePoints="3" visitedSequencePoints="0" numBranchPoints="1" visitedBranchPoints="0" sequenceCoverage="0" branchCoverage="0" maxCyclomaticComplexity="1" minCyclomaticComplexity="1" visitedClasses="0" numClasses="0" visitedMethods="0" numMethods="1" />
              <MetadataToken>100664068</MetadataToken>
              <Name>System.Void SportsWeb.Services.Middleware.RequestPerformanceLogger::.ctor(Microsoft.Owin.OwinMiddleware)</Name>
              <FileRef uid="130" />
              <SequencePoints>
                <SequencePoint vc="0" uspid="6600" ordinal="0" offset="0" sl="12" sc="64" el="12" ec="74" bec="0" bev="0" fileid="130" />
                <SequencePoint vc="0" uspid="6601" ordinal="1" offset="8" sl="13" sc="9" el="13" ec="10" bec="0" bev="0" fileid="130" />
                <SequencePoint vc="0" uspid="6602" ordinal="2" offset="9" sl="14" sc="9" el="14" ec="10" bec="0" bev="0" fileid="130" />
              </SequencePoints>
              <BranchPoints />
              <MethodPoint xsi:type="SequencePoint" vc="0" uspid="6600" ordinal="0" offset="0" sl="12" sc="64" el="12" ec="74" bec="0" bev="0" fileid="130" />
            </Method>
            <Method visited="false" cyclomaticComplexity="1" nPathComplexity="0" sequenceCoverage="0" branchCoverage="0" isConstructor="false" isStatic="false" isGetter="false" isSetter="false">
              <Summary numSequencePoints="0" visitedSequencePoints="0" numBranchPoints="0" visitedBranchPoints="0" sequenceCoverage="0" branchCoverage="0" maxCyclomaticComplexity="1" minCyclomaticComplexity="1" visitedClasses="0" numClasses="0" visitedMethods="0" numMethods="0" />
              <MetadataToken>100664069</MetadataToken>
              <Name>System.Threading.Tasks.Task SportsWeb.Services.Middleware.RequestPerformanceLogger::Invoke(Microsoft.Owin.IOwinContext)</Name>
              <SequencePoints />
              <BranchPoints />
              <MethodPoint vc="0" uspid="6603" ordinal="0" offset="0" />
            </Method>
            <Method visited="false" cyclomaticComplexity="1" nPathComplexity="0" sequenceCoverage="0" branchCoverage="0" isConstructor="true" isStatic="true" isGetter="false" isSetter="false">
              <Summary numSequencePoints="1" visitedSequencePoints="0" numBranchPoints="1" visitedBranchPoints="0" sequenceCoverage="0" branchCoverage="0" maxCyclomaticComplexity="1" minCyclomaticComplexity="1" visitedClasses="0" numClasses="0" visitedMethods="0" numMethods="1" />
              <MetadataToken>100664070</MetadataToken>
              <Name>System.Void SportsWeb.Services.Middleware.RequestPerformanceLogger::.cctor()</Name>
              <FileRef uid="130" />
              <SequencePoints>
                <SequencePoint vc="0" uspid="6604" ordinal="0" offset="0" sl="11" sc="9" el="11" ec="99" bec="0" bev="0" fileid="130" />
              </SequencePoints>
              <BranchPoints />
              <MethodPoint xsi:type="SequencePoint" vc="0" uspid="6604" ordinal="0" offset="0" sl="11" sc="9" el="11" ec="99" bec="0" bev="0" fileid="130" />
            </Method>
          </Methods>
        </Class>
        <Class>
          <Summary numSequencePoints="6" visitedSequencePoints="0" numBranchPoints="1" visitedBranchPoints="0" sequenceCoverage="0" branchCoverage="0" maxCyclomaticComplexity="3" minCyclomaticComplexity="1" visitedClasses="0" numClasses="1" visitedMethods="0" numMethods="1" />
          <FullName>SportsWeb.Services.Middleware.RequestPerformanceLogger/&lt;Invoke&gt;d__2</FullName>
          <Methods>
            <Method visited="false" cyclomaticComplexity="1" nPathComplexity="0" sequenceCoverage="0" branchCoverage="0" isConstructor="true" isStatic="false" isGetter="false" isSetter="false">
              <Summary numSequencePoints="0" visitedSequencePoints="0" numBranchPoints="0" visitedBranchPoints="0" sequenceCoverage="0" branchCoverage="0" maxCyclomaticComplexity="1" minCyclomaticComplexity="1" visitedClasses="0" numClasses="0" visitedMethods="0" numMethods="0" />
              <MetadataToken>100667053</MetadataToken>
              <Name>System.Void SportsWeb.Services.Middleware.RequestPerformanceLogger/&lt;Invoke&gt;d__2::.ctor()</Name>
              <SequencePoints />
              <BranchPoints />
              <MethodPoint vc="0" uspid="6605" ordinal="0" offset="0" />
            </Method>
            <Method visited="false" cyclomaticComplexity="3" nPathComplexity="0" sequenceCoverage="0" branchCoverage="0" isConstructor="false" isStatic="false" isGetter="false" isSetter="false">
              <Summary numSequencePoints="6" visitedSequencePoints="0" numBranchPoints="1" visitedBranchPoints="0" sequenceCoverage="0" branchCoverage="0" maxCyclomaticComplexity="3" minCyclomaticComplexity="3" visitedClasses="0" numClasses="0" visitedMethods="0" numMethods="1" />
              <MetadataToken>100667054</MetadataToken>
              <Name>System.Void SportsWeb.Services.Middleware.RequestPerformanceLogger/&lt;Invoke&gt;d__2::MoveNext()</Name>
              <FileRef uid="130" />
              <SequencePoints>
                <SequencePoint vc="0" uspid="6606" ordinal="0" offset="14" sl="16" sc="9" el="16" ec="10" bec="0" bev="0" fileid="130" />
                <SequencePoint vc="0" uspid="6607" ordinal="1" offset="15" sl="17" sc="13" el="17" ec="49" bec="0" bev="0" fileid="130" />
                <SequencePoint vc="0" uspid="6608" ordinal="2" offset="26" sl="18" sc="13" el="18" ec="24" bec="0" bev="0" fileid="130" />
                <SequencePoint vc="0" uspid="6609" ordinal="3" offset="38" sl="19" sc="13" el="19" ec="40" bec="0" bev="0" fileid="130" />
                <SequencePoint vc="0" uspid="6610" ordinal="4" offset="150" sl="20" sc="13" el="20" ec="23" bec="0" bev="0" fileid="130" />
                <SequencePoint vc="0" uspid="6611" ordinal="5" offset="162" sl="21" sc="13" el="21" ec="104" bec="0" bev="0" fileid="130" />
              </SequencePoints>
              <BranchPoints />
              <MethodPoint vc="0" uspid="6615" ordinal="0" offset="0" />
            </Method>
            <Method visited="false" cyclomaticComplexity="1" nPathComplexity="0" sequenceCoverage="0" branchCoverage="0" isConstructor="false" isStatic="false" isGetter="false" isSetter="false">
              <Summary numSequencePoints="0" visitedSequencePoints="0" numBranchPoints="0" visitedBranchPoints="0" sequenceCoverage="0" branchCoverage="0" maxCyclomaticComplexity="1" minCyclomaticComplexity="1" visitedClasses="0" numClasses="0" visitedMethods="0" numMethods="0" />
              <MetadataToken>100667055</MetadataToken>
              <Name>System.Void SportsWeb.Services.Middleware.RequestPerformanceLogger/&lt;Invoke&gt;d__2::SetStateMachine(System.Runtime.CompilerServices.IAsyncStateMachine)</Name>
              <SequencePoints />
              <BranchPoints />
              <MethodPoint vc="0" uspid="6616" ordinal="0" offset="0" />
            </Method>
          </Methods>
        </Class>
        <Class>
          <Summary numSequencePoints="17" visitedSequencePoints="0" numBranchPoints="4" visitedBranchPoints="0" sequenceCoverage="0" branchCoverage="0" maxCyclomaticComplexity="2" minCyclomaticComplexity="1" visitedClasses="0" numClasses="1" visitedMethods="0" numMethods="2" />
          <FullName>SportsWeb.Services.Middleware.FailedSetupMiddleware</FullName>
          <Methods>
            <Method visited="false" cyclomaticComplexity="1" nPathComplexity="0" sequenceCoverage="0" branchCoverage="0" isConstructor="true" isStatic="false" isGetter="false" isSetter="false">
              <Summary numSequencePoints="5" visitedSequencePoints="0" numBranchPoints="1" visitedBranchPoints="0" sequenceCoverage="0" branchCoverage="0" maxCyclomaticComplexity="1" minCyclomaticComplexity="1" visitedClasses="0" numClasses="0" visitedMethods="0" numMethods="1" />
              <MetadataToken>100664071</MetadataToken>
              <Name>System.Void SportsWeb.Services.Middleware.FailedSetupMiddleware::.ctor(System.Exception)</Name>
              <FileRef uid="132" />
              <SequencePoints>
                <SequencePoint vc="0" uspid="6617" ordinal="0" offset="0" sl="16" sc="9" el="16" ec="101" bec="0" bev="0" fileid="132" />
                <SequencePoint vc="0" uspid="6618" ordinal="1" offset="21" sl="18" sc="9" el="18" ec="58" bec="0" bev="0" fileid="132" />
                <SequencePoint vc="0" uspid="6619" ordinal="2" offset="28" sl="19" sc="9" el="19" ec="10" bec="0" bev="0" fileid="132" />
                <SequencePoint vc="0" uspid="6620" ordinal="3" offset="29" sl="20" sc="13" el="20" ec="36" bec="0" bev="0" fileid="132" />
                <SequencePoint vc="0" uspid="6621" ordinal="4" offset="36" sl="21" sc="9" el="21" ec="10" bec="0" bev="0" fileid="132" />
              </SequencePoints>
              <BranchPoints />
              <MethodPoint xsi:type="SequencePoint" vc="0" uspid="6617" ordinal="0" offset="0" sl="16" sc="9" el="16" ec="101" bec="0" bev="0" fileid="132" />
            </Method>
            <Method visited="false" cyclomaticComplexity="2" nPathComplexity="2" sequenceCoverage="0" branchCoverage="0" isConstructor="false" isStatic="false" isGetter="false" isSetter="false">
              <Summary numSequencePoints="12" visitedSequencePoints="0" numBranchPoints="3" visitedBranchPoints="0" sequenceCoverage="0" branchCoverage="0" maxCyclomaticComplexity="2" minCyclomaticComplexity="2" visitedClasses="0" numClasses="0" visitedMethods="0" numMethods="1" />
              <MetadataToken>100664072</MetadataToken>
              <Name>System.Threading.Tasks.Task SportsWeb.Services.Middleware.FailedSetupMiddleware::Invoke(Microsoft.Owin.IOwinContext,System.Func`1&lt;System.Threading.Tasks.Task&gt;)</Name>
              <FileRef uid="132" />
              <SequencePoints>
                <SequencePoint vc="0" uspid="6622" ordinal="0" offset="0" sl="24" sc="9" el="24" ec="10" bec="0" bev="0" fileid="132" />
                <SequencePoint vc="0" uspid="6623" ordinal="1" offset="1" sl="27" sc="13" el="27" ec="53" bec="2" bev="0" fileid="132" />
                <SequencePoint vc="0" uspid="6624" ordinal="2" offset="19" sl="28" sc="13" el="28" ec="14" bec="0" bev="0" fileid="132" />
                <SequencePoint vc="0" uspid="6625" ordinal="3" offset="20" sl="29" sc="17" el="29" ec="83" bec="0" bev="0" fileid="132" />
                <SequencePoint vc="0" uspid="6626" ordinal="4" offset="43" sl="30" sc="13" el="30" ec="14" bec="0" bev="0" fileid="132" />
                <SequencePoint vc="0" uspid="6627" ordinal="5" offset="46" sl="32" sc="13" el="32" ec="14" bec="0" bev="0" fileid="132" />
                <SequencePoint vc="0" uspid="6628" ordinal="6" offset="47" sl="33" sc="17" el="33" ec="106" bec="0" bev="0" fileid="132" />
                <SequencePoint vc="0" uspid="6629" ordinal="7" offset="64" sl="34" sc="13" el="34" ec="14" bec="0" bev="0" fileid="132" />
                <SequencePoint vc="0" uspid="6630" ordinal="8" offset="65" sl="36" sc="13" el="36" ec="83" bec="0" bev="0" fileid="132" />
                <SequencePoint vc="0" uspid="6631" ordinal="9" offset="82" sl="37" sc="13" el="37" ec="56" bec="0" bev="0" fileid="132" />
                <SequencePoint vc="0" uspid="6632" ordinal="10" offset="99" sl="38" sc="13" el="38" ec="62" bec="0" bev="0" fileid="132" />
                <SequencePoint vc="0" uspid="6633" ordinal="11" offset="114" sl="39" sc="9" el="39" ec="10" bec="0" bev="0" fileid="132" />
              </SequencePoints>
              <BranchPoints>
                <BranchPoint vc="0" uspid="6634" ordinal="0" offset="17" sl="27" path="0" offsetend="19" fileid="132" />
                <BranchPoint vc="0" uspid="6635" ordinal="1" offset="17" sl="27" path="1" offsetend="46" fileid="132" />
              </BranchPoints>
              <MethodPoint xsi:type="SequencePoint" vc="0" uspid="6622" ordinal="0" offset="0" sl="24" sc="9" el="24" ec="10" bec="0" bev="0" fileid="132" />
            </Method>
          </Methods>
        </Class>
        <Class>
          <Summary numSequencePoints="5" visitedSequencePoints="5" numBranchPoints="2" visitedBranchPoints="2" sequenceCoverage="100" branchCoverage="100" maxCyclomaticComplexity="1" minCyclomaticComplexity="1" visitedClasses="1" numClasses="1" visitedMethods="2" numMethods="2" />
          <FullName>SportsWeb.Services.Middleware.GlobalExceptionMiddleware</FullName>
          <Methods>
            <Method visited="true" cyclomaticComplexity="1" nPathComplexity="0" sequenceCoverage="100" branchCoverage="100" isConstructor="true" isStatic="false" isGetter="false" isSetter="false">
              <Summary numSequencePoints="4" visitedSequencePoints="4" numBranchPoints="1" visitedBranchPoints="1" sequenceCoverage="100" branchCoverage="100" maxCyclomaticComplexity="1" minCyclomaticComplexity="1" visitedClasses="0" numClasses="0" visitedMethods="1" numMethods="1" />
              <MetadataToken>100664073</MetadataToken>
              <Name>System.Void SportsWeb.Services.Middleware.GlobalExceptionMiddleware::.ctor(Microsoft.Owin.OwinMiddleware)</Name>
              <FileRef uid="133" />
              <SequencePoints>
                <SequencePoint vc="1" uspid="6636" ordinal="0" offset="0" sl="16" sc="9" el="16" ec="101" bec="0" bev="0" fileid="133" />
                <SequencePoint vc="1" uspid="6637" ordinal="1" offset="21" sl="18" sc="65" el="18" ec="75" bec="0" bev="0" fileid="133" />
                <SequencePoint vc="1" uspid="6638" ordinal="2" offset="29" sl="19" sc="9" el="19" ec="10" bec="0" bev="0" fileid="133" />
                <SequencePoint vc="1" uspid="6639" ordinal="3" offset="30" sl="19" sc="11" el="19" ec="12" bec="0" bev="0" fileid="133" />
              </SequencePoints>
              <BranchPoints />
              <MethodPoint xsi:type="SequencePoint" vc="1" uspid="6636" ordinal="0" offset="0" sl="16" sc="9" el="16" ec="101" bec="0" bev="0" fileid="133" />
            </Method>
            <Method visited="true" cyclomaticComplexity="1" nPathComplexity="0" sequenceCoverage="0" branchCoverage="0" isConstructor="false" isStatic="false" isGetter="false" isSetter="false">
              <Summary numSequencePoints="0" visitedSequencePoints="0" numBranchPoints="0" visitedBranchPoints="0" sequenceCoverage="0" branchCoverage="0" maxCyclomaticComplexity="1" minCyclomaticComplexity="1" visitedClasses="0" numClasses="0" visitedMethods="0" numMethods="0" />
              <MetadataToken>100664074</MetadataToken>
              <Name>System.Threading.Tasks.Task SportsWeb.Services.Middleware.GlobalExceptionMiddleware::Invoke(Microsoft.Owin.IOwinContext)</Name>
              <SequencePoints />
              <BranchPoints />
              <MethodPoint vc="1" uspid="6640" ordinal="0" offset="0" />
            </Method>
            <Method visited="true" cyclomaticComplexity="1" nPathComplexity="0" sequenceCoverage="100" branchCoverage="100" isConstructor="true" isStatic="true" isGetter="false" isSetter="false">
              <Summary numSequencePoints="1" visitedSequencePoints="1" numBranchPoints="1" visitedBranchPoints="1" sequenceCoverage="100" branchCoverage="100" maxCyclomaticComplexity="1" minCyclomaticComplexity="1" visitedClasses="0" numClasses="0" visitedMethods="1" numMethods="1" />
              <MetadataToken>100664075</MetadataToken>
              <Name>System.Void SportsWeb.Services.Middleware.GlobalExceptionMiddleware::.cctor()</Name>
              <FileRef uid="133" />
              <SequencePoints>
                <SequencePoint vc="1" uspid="6641" ordinal="0" offset="0" sl="17" sc="9" el="17" ec="100" bec="0" bev="0" fileid="133" />
              </SequencePoints>
              <BranchPoints />
              <MethodPoint xsi:type="SequencePoint" vc="1" uspid="6641" ordinal="0" offset="0" sl="17" sc="9" el="17" ec="100" bec="0" bev="0" fileid="133" />
            </Method>
          </Methods>
        </Class>
        <Class>
          <Summary numSequencePoints="17" visitedSequencePoints="15" numBranchPoints="5" visitedBranchPoints="3" sequenceCoverage="88.24" branchCoverage="60" maxCyclomaticComplexity="5" minCyclomaticComplexity="1" visitedClasses="1" numClasses="1" visitedMethods="1" numMethods="1" />
          <FullName>SportsWeb.Services.Middleware.GlobalExceptionMiddleware/&lt;Invoke&gt;d__3</FullName>
          <Methods>
            <Method visited="true" cyclomaticComplexity="1" nPathComplexity="0" sequenceCoverage="0" branchCoverage="0" isConstructor="true" isStatic="false" isGetter="false" isSetter="false">
              <Summary numSequencePoints="0" visitedSequencePoints="0" numBranchPoints="0" visitedBranchPoints="0" sequenceCoverage="0" branchCoverage="0" maxCyclomaticComplexity="1" minCyclomaticComplexity="1" visitedClasses="0" numClasses="0" visitedMethods="0" numMethods="0" />
              <MetadataToken>100667056</MetadataToken>
              <Name>System.Void SportsWeb.Services.Middleware.GlobalExceptionMiddleware/&lt;Invoke&gt;d__3::.ctor()</Name>
              <SequencePoints />
              <BranchPoints />
              <MethodPoint vc="1" uspid="6642" ordinal="0" offset="0" />
            </Method>
            <Method visited="true" cyclomaticComplexity="5" nPathComplexity="4" sequenceCoverage="88.24" branchCoverage="60" isConstructor="false" isStatic="false" isGetter="false" isSetter="false">
              <Summary numSequencePoints="17" visitedSequencePoints="15" numBranchPoints="5" visitedBranchPoints="3" sequenceCoverage="88.24" branchCoverage="60" maxCyclomaticComplexity="5" minCyclomaticComplexity="5" visitedClasses="0" numClasses="0" visitedMethods="1" numMethods="1" />
              <MetadataToken>100667057</MetadataToken>
              <Name>System.Void SportsWeb.Services.Middleware.GlobalExceptionMiddleware/&lt;Invoke&gt;d__3::MoveNext()</Name>
              <FileRef uid="133" />
              <SequencePoints>
                <SequencePoint vc="1" uspid="6643" ordinal="0" offset="14" sl="22" sc="9" el="22" ec="10" bec="2" bev="1" fileid="133" />
                <SequencePoint vc="1" uspid="6644" ordinal="1" offset="23" sl="24" sc="13" el="24" ec="14" bec="0" bev="0" fileid="133" />
                <SequencePoint vc="1" uspid="6645" ordinal="2" offset="24" sl="25" sc="17" el="25" ec="44" bec="0" bev="0" fileid="133" />
                <SequencePoint vc="1" uspid="6647" ordinal="4" offset="142" sl="27" sc="13" el="27" ec="33" bec="0" bev="0" fileid="133" />
                <SequencePoint vc="1" uspid="6648" ordinal="5" offset="150" sl="28" sc="13" el="28" ec="14" bec="0" bev="0" fileid="133" />
                <SequencePoint vc="1" uspid="6649" ordinal="6" offset="151" sl="29" sc="17" el="29" ec="67" bec="0" bev="0" fileid="133" />
                <SequencePoint vc="1" uspid="6650" ordinal="7" offset="173" sl="31" sc="17" el="31" ec="49" bec="2" bev="1" fileid="133" />
                <SequencePoint vc="0" uspid="6651" ordinal="8" offset="193" sl="32" sc="17" el="32" ec="18" bec="0" bev="0" fileid="133" />
                <SequencePoint vc="0" uspid="6652" ordinal="9" offset="194" sl="33" sc="21" el="33" ec="79" bec="0" bev="0" fileid="133" />
                <SequencePoint vc="1" uspid="6654" ordinal="11" offset="230" sl="36" sc="17" el="36" ec="18" bec="0" bev="0" fileid="133" />
                <SequencePoint vc="1" uspid="6655" ordinal="12" offset="231" sl="37" sc="21" el="37" ec="110" bec="0" bev="0" fileid="133" />
                <SequencePoint vc="1" uspid="6656" ordinal="13" offset="258" sl="38" sc="17" el="38" ec="18" bec="0" bev="0" fileid="133" />
                <SequencePoint vc="1" uspid="6657" ordinal="14" offset="259" sl="40" sc="17" el="40" ec="87" bec="0" bev="0" fileid="133" />
                <SequencePoint vc="1" uspid="6658" ordinal="15" offset="281" sl="41" sc="17" el="41" ec="60" bec="0" bev="0" fileid="133" />
                <SequencePoint vc="1" uspid="6659" ordinal="16" offset="303" sl="42" sc="17" el="42" ec="54" bec="0" bev="0" fileid="133" />
                <SequencePoint vc="1" uspid="6660" ordinal="17" offset="326" sl="43" sc="13" el="43" ec="14" bec="0" bev="0" fileid="133" />
                <SequencePoint vc="1" uspid="6661" ordinal="18" offset="362" sl="44" sc="9" el="44" ec="10" bec="0" bev="0" fileid="133" />
              </SequencePoints>
              <BranchPoints>
                <BranchPoint vc="1" uspid="6662" ordinal="0" offset="17" sl="22" path="0" offsetchain="19" offsetend="23" fileid="133" />
                <BranchPoint vc="0" uspid="6663" ordinal="1" offset="17" sl="22" path="1" offsetchain="21" offsetend="100" fileid="133" />
                <BranchPoint vc="0" uspid="6666" ordinal="4" offset="191" sl="31" path="0" offsetend="193" fileid="133" />
                <BranchPoint vc="1" uspid="6667" ordinal="5" offset="191" sl="31" path="1" offsetend="230" fileid="133" />
              </BranchPoints>
              <MethodPoint vc="1" uspid="6668" ordinal="0" offset="0" />
            </Method>
            <Method visited="false" cyclomaticComplexity="1" nPathComplexity="0" sequenceCoverage="0" branchCoverage="0" isConstructor="false" isStatic="false" isGetter="false" isSetter="false">
              <Summary numSequencePoints="0" visitedSequencePoints="0" numBranchPoints="0" visitedBranchPoints="0" sequenceCoverage="0" branchCoverage="0" maxCyclomaticComplexity="1" minCyclomaticComplexity="1" visitedClasses="0" numClasses="0" visitedMethods="0" numMethods="0" />
              <MetadataToken>100667058</MetadataToken>
              <Name>System.Void SportsWeb.Services.Middleware.GlobalExceptionMiddleware/&lt;Invoke&gt;d__3::SetStateMachine(System.Runtime.CompilerServices.IAsyncStateMachine)</Name>
              <SequencePoints />
              <BranchPoints />
              <MethodPoint vc="0" uspid="6669" ordinal="0" offset="0" />
            </Method>
          </Methods>
        </Class>
        <Class>
          <Summary numSequencePoints="3" visitedSequencePoints="0" numBranchPoints="1" visitedBranchPoints="0" sequenceCoverage="0" branchCoverage="0" maxCyclomaticComplexity="1" minCyclomaticComplexity="1" visitedClasses="0" numClasses="1" visitedMethods="0" numMethods="1" />
          <FullName>SportsWeb.Services.Middleware.RemoveServerHeaderMiddleware</FullName>
          <Methods>
            <Method visited="false" cyclomaticComplexity="1" nPathComplexity="0" sequenceCoverage="0" branchCoverage="0" isConstructor="true" isStatic="false" isGetter="false" isSetter="false">
              <Summary numSequencePoints="3" visitedSequencePoints="0" numBranchPoints="1" visitedBranchPoints="0" sequenceCoverage="0" branchCoverage="0" maxCyclomaticComplexity="1" minCyclomaticComplexity="1" visitedClasses="0" numClasses="0" visitedMethods="0" numMethods="1" />
              <MetadataToken>100664076</MetadataToken>
              <Name>System.Void SportsWeb.Services.Middleware.RemoveServerHeaderMiddleware::.ctor(Microsoft.Owin.OwinMiddleware)</Name>
              <FileRef uid="135" />
              <SequencePoints>
                <SequencePoint vc="0" uspid="6670" ordinal="0" offset="0" sl="9" sc="15" el="9" ec="25" bec="0" bev="0" fileid="135" />
                <SequencePoint vc="0" uspid="6671" ordinal="1" offset="8" sl="10" sc="9" el="10" ec="10" bec="0" bev="0" fileid="135" />
                <SequencePoint vc="0" uspid="6672" ordinal="2" offset="9" sl="11" sc="9" el="11" ec="10" bec="0" bev="0" fileid="135" />
              </SequencePoints>
              <BranchPoints />
              <MethodPoint xsi:type="SequencePoint" vc="0" uspid="6670" ordinal="0" offset="0" sl="9" sc="15" el="9" ec="25" bec="0" bev="0" fileid="135" />
            </Method>
            <Method visited="false" cyclomaticComplexity="1" nPathComplexity="0" sequenceCoverage="0" branchCoverage="0" isConstructor="false" isStatic="false" isGetter="false" isSetter="false">
              <Summary numSequencePoints="0" visitedSequencePoints="0" numBranchPoints="0" visitedBranchPoints="0" sequenceCoverage="0" branchCoverage="0" maxCyclomaticComplexity="1" minCyclomaticComplexity="1" visitedClasses="0" numClasses="0" visitedMethods="0" numMethods="0" />
              <MetadataToken>100664077</MetadataToken>
              <Name>System.Threading.Tasks.Task SportsWeb.Services.Middleware.RemoveServerHeaderMiddleware::Invoke(Microsoft.Owin.IOwinContext)</Name>
              <SequencePoints />
              <BranchPoints />
              <MethodPoint vc="0" uspid="6673" ordinal="0" offset="0" />
            </Method>
          </Methods>
        </Class>
        <Class>
          <Summary numSequencePoints="3" visitedSequencePoints="0" numBranchPoints="1" visitedBranchPoints="0" sequenceCoverage="0" branchCoverage="0" maxCyclomaticComplexity="3" minCyclomaticComplexity="1" visitedClasses="0" numClasses="1" visitedMethods="0" numMethods="1" />
          <FullName>SportsWeb.Services.Middleware.RemoveServerHeaderMiddleware/&lt;Invoke&gt;d__1</FullName>
          <Methods>
            <Method visited="false" cyclomaticComplexity="1" nPathComplexity="0" sequenceCoverage="0" branchCoverage="0" isConstructor="true" isStatic="false" isGetter="false" isSetter="false">
              <Summary numSequencePoints="0" visitedSequencePoints="0" numBranchPoints="0" visitedBranchPoints="0" sequenceCoverage="0" branchCoverage="0" maxCyclomaticComplexity="1" minCyclomaticComplexity="1" visitedClasses="0" numClasses="0" visitedMethods="0" numMethods="0" />
              <MetadataToken>100667059</MetadataToken>
              <Name>System.Void SportsWeb.Services.Middleware.RemoveServerHeaderMiddleware/&lt;Invoke&gt;d__1::.ctor()</Name>
              <SequencePoints />
              <BranchPoints />
              <MethodPoint vc="0" uspid="6674" ordinal="0" offset="0" />
            </Method>
            <Method visited="false" cyclomaticComplexity="3" nPathComplexity="0" sequenceCoverage="0" branchCoverage="0" isConstructor="false" isStatic="false" isGetter="false" isSetter="false">
              <Summary numSequencePoints="3" visitedSequencePoints="0" numBranchPoints="1" visitedBranchPoints="0" sequenceCoverage="0" branchCoverage="0" maxCyclomaticComplexity="3" minCyclomaticComplexity="3" visitedClasses="0" numClasses="0" visitedMethods="0" numMethods="1" />
              <MetadataToken>100667060</MetadataToken>
              <Name>System.Void SportsWeb.Services.Middleware.RemoveServerHeaderMiddleware/&lt;Invoke&gt;d__1::MoveNext()</Name>
              <FileRef uid="135" />
              <SequencePoints>
                <SequencePoint vc="0" uspid="6675" ordinal="0" offset="14" sl="14" sc="9" el="14" ec="10" bec="0" bev="0" fileid="135" />
                <SequencePoint vc="0" uspid="6676" ordinal="1" offset="15" sl="15" sc="13" el="15" ec="55" bec="0" bev="0" fileid="135" />
                <SequencePoint vc="0" uspid="6677" ordinal="2" offset="42" sl="16" sc="13" el="16" ec="40" bec="0" bev="0" fileid="135" />
              </SequencePoints>
              <BranchPoints />
              <MethodPoint vc="0" uspid="6681" ordinal="0" offset="0" />
            </Method>
            <Method visited="false" cyclomaticComplexity="1" nPathComplexity="0" sequenceCoverage="0" branchCoverage="0" isConstructor="false" isStatic="false" isGetter="false" isSetter="false">
              <Summary numSequencePoints="0" visitedSequencePoints="0" numBranchPoints="0" visitedBranchPoints="0" sequenceCoverage="0" branchCoverage="0" maxCyclomaticComplexity="1" minCyclomaticComplexity="1" visitedClasses="0" numClasses="0" visitedMethods="0" numMethods="0" />
              <MetadataToken>100667061</MetadataToken>
              <Name>System.Void SportsWeb.Services.Middleware.RemoveServerHeaderMiddleware/&lt;Invoke&gt;d__1::SetStateMachine(System.Runtime.CompilerServices.IAsyncStateMachine)</Name>
              <SequencePoints />
              <BranchPoints />
              <MethodPoint vc="0" uspid="6682" ordinal="0" offset="0" />
            </Method>
          </Methods>
        </Class>
        <Class>
          <Summary numSequencePoints="14" visitedSequencePoints="14" numBranchPoints="5" visitedBranchPoints="3" sequenceCoverage="100" branchCoverage="60" maxCyclomaticComplexity="5" minCyclomaticComplexity="1" visitedClasses="1" numClasses="1" visitedMethods="1" numMethods="1" />
          <FullName>SportsWeb.Services.FeatureManagement.FeatureManager</FullName>
          <Methods>
            <Method visited="true" cyclomaticComplexity="5" nPathComplexity="4" sequenceCoverage="100" branchCoverage="60" isConstructor="false" isStatic="false" isGetter="false" isSetter="false">
              <Summary numSequencePoints="14" visitedSequencePoints="14" numBranchPoints="5" visitedBranchPoints="3" sequenceCoverage="100" branchCoverage="60" maxCyclomaticComplexity="5" minCyclomaticComplexity="5" visitedClasses="0" numClasses="0" visitedMethods="1" numMethods="1" />
              <MetadataToken>100664078</MetadataToken>
              <Name>System.Boolean SportsWeb.Services.FeatureManagement.FeatureManager::IsFeatureEnabled(System.String)</Name>
              <FileRef uid="137" />
              <SequencePoints>
                <SequencePoint vc="2" uspid="6683" ordinal="0" offset="6" sl="24" sc="9" el="24" ec="10" bec="0" bev="0" fileid="137" />
                <SequencePoint vc="2" uspid="6684" ordinal="1" offset="7" sl="25" sc="13" el="25" ec="31" bec="0" bev="0" fileid="137" />
                <SequencePoint vc="2" uspid="6685" ordinal="2" offset="9" sl="27" sc="13" el="27" ec="93" bec="0" bev="0" fileid="137" />
                <SequencePoint vc="2" uspid="6686" ordinal="3" offset="30" sl="28" sc="13" el="28" ec="89" bec="0" bev="0" fileid="137" />
                <SequencePoint vc="2" uspid="6687" ordinal="4" offset="46" sl="29" sc="13" el="29" ec="105" bec="0" bev="0" fileid="137" />
                <SequencePoint vc="2" uspid="6688" ordinal="5" offset="65" sl="32" sc="13" el="32" ec="75" bec="0" bev="0" fileid="137" />
                <SequencePoint vc="2" uspid="6689" ordinal="6" offset="77" sl="34" sc="13" el="34" ec="113" bec="4" bev="2" fileid="137" />
                <SequencePoint vc="2" uspid="6690" ordinal="7" offset="122" sl="35" sc="13" el="35" ec="14" bec="0" bev="0" fileid="137" />
                <SequencePoint vc="2" uspid="6691" ordinal="8" offset="123" sl="37" sc="17" el="37" ec="78" bec="0" bev="0" fileid="137" />
                <SequencePoint vc="2" uspid="6692" ordinal="9" offset="143" sl="39" sc="17" el="39" ec="109" bec="0" bev="0" fileid="137" />
                <SequencePoint vc="2" uspid="6693" ordinal="10" offset="164" sl="42" sc="17" el="42" ec="85" bec="0" bev="0" fileid="137" />
                <SequencePoint vc="2" uspid="6694" ordinal="11" offset="183" sl="43" sc="13" el="43" ec="14" bec="0" bev="0" fileid="137" />
                <SequencePoint vc="2" uspid="6695" ordinal="12" offset="184" sl="45" sc="13" el="45" ec="27" bec="0" bev="0" fileid="137" />
                <SequencePoint vc="2" uspid="6696" ordinal="13" offset="189" sl="46" sc="9" el="46" ec="10" bec="0" bev="0" fileid="137" />
              </SequencePoints>
              <BranchPoints>
                <BranchPoint vc="0" uspid="6697" ordinal="0" offset="79" sl="34" path="0" offsetend="81" fileid="137" />
                <BranchPoint vc="2" uspid="6698" ordinal="1" offset="79" sl="34" path="1" offsetend="84" fileid="137" />
                <BranchPoint vc="2" uspid="6701" ordinal="4" offset="113" sl="34" path="0" offsetend="115" fileid="137" />
                <BranchPoint vc="0" uspid="6702" ordinal="5" offset="113" sl="34" path="1" offsetend="184" fileid="137" />
              </BranchPoints>
              <MethodPoint vc="2" uspid="6703" ordinal="0" offset="0" />
            </Method>
            <Method visited="true" cyclomaticComplexity="1" nPathComplexity="0" sequenceCoverage="0" branchCoverage="0" isConstructor="true" isStatic="false" isGetter="false" isSetter="false">
              <Summary numSequencePoints="0" visitedSequencePoints="0" numBranchPoints="0" visitedBranchPoints="0" sequenceCoverage="0" branchCoverage="0" maxCyclomaticComplexity="1" minCyclomaticComplexity="1" visitedClasses="0" numClasses="0" visitedMethods="0" numMethods="0" />
              <MetadataToken>100664079</MetadataToken>
              <Name>System.Void SportsWeb.Services.FeatureManagement.FeatureManager::.ctor()</Name>
              <SequencePoints />
              <BranchPoints />
              <MethodPoint vc="1" uspid="6704" ordinal="0" offset="0" />
            </Method>
          </Methods>
        </Class>
        <Class>
          <Summary numSequencePoints="1" visitedSequencePoints="1" numBranchPoints="1" visitedBranchPoints="1" sequenceCoverage="100" branchCoverage="100" maxCyclomaticComplexity="1" minCyclomaticComplexity="1" visitedClasses="1" numClasses="1" visitedMethods="1" numMethods="1" />
          <FullName>SportsWeb.Services.FeatureManagement.FeatureManager/&lt;&gt;c__DisplayClass0_0</FullName>
          <Methods>
            <Method visited="true" cyclomaticComplexity="1" nPathComplexity="0" sequenceCoverage="0" branchCoverage="0" isConstructor="true" isStatic="false" isGetter="false" isSetter="false">
              <Summary numSequencePoints="0" visitedSequencePoints="0" numBranchPoints="0" visitedBranchPoints="0" sequenceCoverage="0" branchCoverage="0" maxCyclomaticComplexity="1" minCyclomaticComplexity="1" visitedClasses="0" numClasses="0" visitedMethods="0" numMethods="0" />
              <MetadataToken>100667062</MetadataToken>
              <Name>System.Void SportsWeb.Services.FeatureManagement.FeatureManager/&lt;&gt;c__DisplayClass0_0::.ctor()</Name>
              <SequencePoints />
              <BranchPoints />
              <MethodPoint vc="2" uspid="6705" ordinal="0" offset="0" />
            </Method>
            <Method visited="true" cyclomaticComplexity="1" nPathComplexity="0" sequenceCoverage="100" branchCoverage="100" isConstructor="false" isStatic="false" isGetter="false" isSetter="false">
              <Summary numSequencePoints="1" visitedSequencePoints="1" numBranchPoints="1" visitedBranchPoints="1" sequenceCoverage="100" branchCoverage="100" maxCyclomaticComplexity="1" minCyclomaticComplexity="1" visitedClasses="0" numClasses="0" visitedMethods="1" numMethods="1" />
              <MetadataToken>100667063</MetadataToken>
              <Name>System.Boolean SportsWeb.Services.FeatureManagement.FeatureManager/&lt;&gt;c__DisplayClass0_0::&lt;IsFeatureEnabled&gt;b__0(SportsWeb.Services.Configuration.StageEnvironmentDetail)</Name>
              <FileRef uid="137" />
              <SequencePoints>
                <SequencePoint vc="4" uspid="6706" ordinal="0" offset="0" sl="29" sc="56" el="29" ec="103" bec="0" bev="0" fileid="137" />
              </SequencePoints>
              <BranchPoints />
              <MethodPoint xsi:type="SequencePoint" vc="4" uspid="6706" ordinal="0" offset="0" sl="29" sc="56" el="29" ec="103" bec="0" bev="0" fileid="137" />
            </Method>
          </Methods>
        </Class>
        <Class>
          <Summary numSequencePoints="1" visitedSequencePoints="1" numBranchPoints="1" visitedBranchPoints="1" sequenceCoverage="100" branchCoverage="100" maxCyclomaticComplexity="1" minCyclomaticComplexity="1" visitedClasses="1" numClasses="1" visitedMethods="1" numMethods="1" />
          <FullName>SportsWeb.Services.FeatureManagement.FeatureManager/&lt;&gt;c__DisplayClass0_1</FullName>
          <Methods>
            <Method visited="true" cyclomaticComplexity="1" nPathComplexity="0" sequenceCoverage="0" branchCoverage="0" isConstructor="true" isStatic="false" isGetter="false" isSetter="false">
              <Summary numSequencePoints="0" visitedSequencePoints="0" numBranchPoints="0" visitedBranchPoints="0" sequenceCoverage="0" branchCoverage="0" maxCyclomaticComplexity="1" minCyclomaticComplexity="1" visitedClasses="0" numClasses="0" visitedMethods="0" numMethods="0" />
              <MetadataToken>100667064</MetadataToken>
              <Name>System.Void SportsWeb.Services.FeatureManagement.FeatureManager/&lt;&gt;c__DisplayClass0_1::.ctor()</Name>
              <SequencePoints />
              <BranchPoints />
              <MethodPoint vc="2" uspid="6707" ordinal="0" offset="0" />
            </Method>
            <Method visited="true" cyclomaticComplexity="1" nPathComplexity="0" sequenceCoverage="100" branchCoverage="100" isConstructor="false" isStatic="false" isGetter="false" isSetter="false">
              <Summary numSequencePoints="1" visitedSequencePoints="1" numBranchPoints="1" visitedBranchPoints="1" sequenceCoverage="100" branchCoverage="100" maxCyclomaticComplexity="1" minCyclomaticComplexity="1" visitedClasses="0" numClasses="0" visitedMethods="1" numMethods="1" />
              <MetadataToken>100667065</MetadataToken>
              <Name>System.Boolean SportsWeb.Services.FeatureManagement.FeatureManager/&lt;&gt;c__DisplayClass0_1::&lt;IsFeatureEnabled&gt;b__1(SportsWeb.Services.Configuration.StageEnvironmentDetail)</Name>
              <FileRef uid="137" />
              <SequencePoints>
                <SequencePoint vc="2" uspid="6708" ordinal="0" offset="0" sl="39" sc="64" el="39" ec="107" bec="0" bev="0" fileid="137" />
              </SequencePoints>
              <BranchPoints />
              <MethodPoint xsi:type="SequencePoint" vc="2" uspid="6708" ordinal="0" offset="0" sl="39" sc="64" el="39" ec="107" bec="0" bev="0" fileid="137" />
            </Method>
          </Methods>
        </Class>
        <Class>
          <Summary numSequencePoints="0" visitedSequencePoints="0" numBranchPoints="0" visitedBranchPoints="0" sequenceCoverage="0" branchCoverage="0" maxCyclomaticComplexity="0" minCyclomaticComplexity="0" visitedClasses="0" numClasses="0" visitedMethods="0" numMethods="0" />
          <FullName>SportsWeb.Services.FeatureManagement.FeatureConstants</FullName>
          <Methods />
        </Class>
        <Class>
          <Summary numSequencePoints="2" visitedSequencePoints="2" numBranchPoints="2" visitedBranchPoints="2" sequenceCoverage="100" branchCoverage="100" maxCyclomaticComplexity="1" minCyclomaticComplexity="1" visitedClasses="1" numClasses="1" visitedMethods="2" numMethods="2" />
          <FullName>SportsWeb.Services.FeatureManagement.FeaturesConfig</FullName>
          <Methods>
            <Method visited="true" cyclomaticComplexity="1" nPathComplexity="0" sequenceCoverage="100" branchCoverage="100" isConstructor="false" isStatic="false" isGetter="true" isSetter="false">
              <Summary numSequencePoints="1" visitedSequencePoints="1" numBranchPoints="1" visitedBranchPoints="1" sequenceCoverage="100" branchCoverage="100" maxCyclomaticComplexity="1" minCyclomaticComplexity="1" visitedClasses="0" numClasses="0" visitedMethods="1" numMethods="1" />
              <MetadataToken>100664081</MetadataToken>
              <Name>System.Collections.Generic.Dictionary`2&lt;System.String,System.String&gt; SportsWeb.Services.FeatureManagement.FeaturesConfig::get_FeaturePerStage()</Name>
              <FileRef uid="137" />
              <SequencePoints>
                <SequencePoint vc="2" uspid="6709" ordinal="0" offset="0" sl="124" sc="69" el="124" ec="73" bec="0" bev="0" fileid="137" />
              </SequencePoints>
              <BranchPoints />
              <MethodPoint xsi:type="SequencePoint" vc="2" uspid="6709" ordinal="0" offset="0" sl="124" sc="69" el="124" ec="73" bec="0" bev="0" fileid="137" />
            </Method>
            <Method visited="true" cyclomaticComplexity="1" nPathComplexity="0" sequenceCoverage="100" branchCoverage="100" isConstructor="false" isStatic="false" isGetter="false" isSetter="true">
              <Summary numSequencePoints="1" visitedSequencePoints="1" numBranchPoints="1" visitedBranchPoints="1" sequenceCoverage="100" branchCoverage="100" maxCyclomaticComplexity="1" minCyclomaticComplexity="1" visitedClasses="0" numClasses="0" visitedMethods="1" numMethods="1" />
              <MetadataToken>100664082</MetadataToken>
              <Name>System.Void SportsWeb.Services.FeatureManagement.FeaturesConfig::set_FeaturePerStage(System.Collections.Generic.Dictionary`2&lt;System.String,System.String&gt;)</Name>
              <FileRef uid="137" />
              <SequencePoints>
                <SequencePoint vc="1" uspid="6710" ordinal="0" offset="0" sl="124" sc="74" el="124" ec="78" bec="0" bev="0" fileid="137" />
              </SequencePoints>
              <BranchPoints />
              <MethodPoint xsi:type="SequencePoint" vc="1" uspid="6710" ordinal="0" offset="0" sl="124" sc="74" el="124" ec="78" bec="0" bev="0" fileid="137" />
            </Method>
            <Method visited="true" cyclomaticComplexity="1" nPathComplexity="0" sequenceCoverage="0" branchCoverage="0" isConstructor="true" isStatic="false" isGetter="false" isSetter="false">
              <Summary numSequencePoints="0" visitedSequencePoints="0" numBranchPoints="0" visitedBranchPoints="0" sequenceCoverage="0" branchCoverage="0" maxCyclomaticComplexity="1" minCyclomaticComplexity="1" visitedClasses="0" numClasses="0" visitedMethods="0" numMethods="0" />
              <MetadataToken>100664083</MetadataToken>
              <Name>System.Void SportsWeb.Services.FeatureManagement.FeaturesConfig::.ctor()</Name>
              <SequencePoints />
              <BranchPoints />
              <MethodPoint vc="2" uspid="6711" ordinal="0" offset="0" />
            </Method>
          </Methods>
        </Class>
        <Class>
          <Summary numSequencePoints="33" visitedSequencePoints="9" numBranchPoints="13" visitedBranchPoints="3" sequenceCoverage="27.27" branchCoverage="23.08" maxCyclomaticComplexity="2" minCyclomaticComplexity="1" visitedClasses="1" numClasses="1" visitedMethods="3" numMethods="9" />
          <FullName>SportsWeb.Services.Exceptions.UserViewableException</FullName>
          <Methods>
            <Method visited="false" cyclomaticComplexity="1" nPathComplexity="0" sequenceCoverage="0" branchCoverage="0" isConstructor="false" isStatic="false" isGetter="true" isSetter="false">
              <Summary numSequencePoints="1" visitedSequencePoints="0" numBranchPoints="1" visitedBranchPoints="0" sequenceCoverage="0" branchCoverage="0" maxCyclomaticComplexity="1" minCyclomaticComplexity="1" visitedClasses="0" numClasses="0" visitedMethods="0" numMethods="1" />
              <MetadataToken>100664084</MetadataToken>
              <Name>System.Boolean SportsWeb.Services.Exceptions.UserViewableException::get_FatalError()</Name>
              <FileRef uid="141" />
              <SequencePoints>
                <SequencePoint vc="0" uspid="6712" ordinal="0" offset="0" sl="16" sc="34" el="16" ec="38" bec="0" bev="0" fileid="141" />
              </SequencePoints>
              <BranchPoints />
              <MethodPoint xsi:type="SequencePoint" vc="0" uspid="6712" ordinal="0" offset="0" sl="16" sc="34" el="16" ec="38" bec="0" bev="0" fileid="141" />
            </Method>
            <Method visited="true" cyclomaticComplexity="1" nPathComplexity="0" sequenceCoverage="100" branchCoverage="100" isConstructor="false" isStatic="false" isGetter="false" isSetter="true">
              <Summary numSequencePoints="1" visitedSequencePoints="1" numBranchPoints="1" visitedBranchPoints="1" sequenceCoverage="100" branchCoverage="100" maxCyclomaticComplexity="1" minCyclomaticComplexity="1" visitedClasses="0" numClasses="0" visitedMethods="1" numMethods="1" />
              <MetadataToken>100664085</MetadataToken>
              <Name>System.Void SportsWeb.Services.Exceptions.UserViewableException::set_FatalError(System.Boolean)</Name>
              <FileRef uid="141" />
              <SequencePoints>
                <SequencePoint vc="552" uspid="6713" ordinal="0" offset="0" sl="16" sc="39" el="16" ec="43" bec="0" bev="0" fileid="141" />
              </SequencePoints>
              <BranchPoints />
              <MethodPoint xsi:type="SequencePoint" vc="552" uspid="6713" ordinal="0" offset="0" sl="16" sc="39" el="16" ec="43" bec="0" bev="0" fileid="141" />
            </Method>
            <Method visited="true" cyclomaticComplexity="1" nPathComplexity="0" sequenceCoverage="100" branchCoverage="100" isConstructor="true" isStatic="false" isGetter="false" isSetter="false">
              <Summary numSequencePoints="4" visitedSequencePoints="4" numBranchPoints="1" visitedBranchPoints="1" sequenceCoverage="100" branchCoverage="100" maxCyclomaticComplexity="1" minCyclomaticComplexity="1" visitedClasses="0" numClasses="0" visitedMethods="1" numMethods="1" />
              <MetadataToken>100664086</MetadataToken>
              <Name>System.Void SportsWeb.Services.Exceptions.UserViewableException::.ctor(System.String)</Name>
              <FileRef uid="141" />
              <SequencePoints>
                <SequencePoint vc="551" uspid="6714" ordinal="0" offset="0" sl="19" sc="15" el="19" ec="28" bec="0" bev="0" fileid="141" />
                <SequencePoint vc="551" uspid="6715" ordinal="1" offset="8" sl="20" sc="9" el="20" ec="10" bec="0" bev="0" fileid="141" />
                <SequencePoint vc="551" uspid="6716" ordinal="2" offset="9" sl="21" sc="13" el="21" ec="36" bec="0" bev="0" fileid="141" />
                <SequencePoint vc="551" uspid="6717" ordinal="3" offset="17" sl="22" sc="9" el="22" ec="10" bec="0" bev="0" fileid="141" />
              </SequencePoints>
              <BranchPoints />
              <MethodPoint xsi:type="SequencePoint" vc="551" uspid="6714" ordinal="0" offset="0" sl="19" sc="15" el="19" ec="28" bec="0" bev="0" fileid="141" />
            </Method>
            <Method visited="true" cyclomaticComplexity="1" nPathComplexity="0" sequenceCoverage="100" branchCoverage="100" isConstructor="true" isStatic="false" isGetter="false" isSetter="false">
              <Summary numSequencePoints="4" visitedSequencePoints="4" numBranchPoints="1" visitedBranchPoints="1" sequenceCoverage="100" branchCoverage="100" maxCyclomaticComplexity="1" minCyclomaticComplexity="1" visitedClasses="0" numClasses="0" visitedMethods="1" numMethods="1" />
              <MetadataToken>100664087</MetadataToken>
              <Name>System.Void SportsWeb.Services.Exceptions.UserViewableException::.ctor(System.String,System.Exception)</Name>
              <FileRef uid="141" />
              <SequencePoints>
                <SequencePoint vc="1" uspid="6718" ordinal="0" offset="0" sl="25" sc="15" el="25" ec="44" bec="0" bev="0" fileid="141" />
                <SequencePoint vc="1" uspid="6719" ordinal="1" offset="9" sl="26" sc="9" el="26" ec="10" bec="0" bev="0" fileid="141" />
                <SequencePoint vc="1" uspid="6720" ordinal="2" offset="10" sl="27" sc="13" el="27" ec="36" bec="0" bev="0" fileid="141" />
                <SequencePoint vc="1" uspid="6721" ordinal="3" offset="18" sl="28" sc="9" el="28" ec="10" bec="0" bev="0" fileid="141" />
              </SequencePoints>
              <BranchPoints />
              <MethodPoint xsi:type="SequencePoint" vc="1" uspid="6718" ordinal="0" offset="0" sl="25" sc="15" el="25" ec="44" bec="0" bev="0" fileid="141" />
            </Method>
            <Method visited="false" cyclomaticComplexity="1" nPathComplexity="0" sequenceCoverage="0" branchCoverage="0" isConstructor="true" isStatic="false" isGetter="false" isSetter="false">
              <Summary numSequencePoints="4" visitedSequencePoints="0" numBranchPoints="1" visitedBranchPoints="0" sequenceCoverage="0" branchCoverage="0" maxCyclomaticComplexity="1" minCyclomaticComplexity="1" visitedClasses="0" numClasses="0" visitedMethods="0" numMethods="1" />
              <MetadataToken>100664088</MetadataToken>
              <Name>System.Void SportsWeb.Services.Exceptions.UserViewableException::.ctor(System.String,System.Boolean)</Name>
              <FileRef uid="141" />
              <SequencePoints>
                <SequencePoint vc="0" uspid="6722" ordinal="0" offset="0" sl="31" sc="15" el="31" ec="28" bec="0" bev="0" fileid="141" />
                <SequencePoint vc="0" uspid="6723" ordinal="1" offset="8" sl="32" sc="9" el="32" ec="10" bec="0" bev="0" fileid="141" />
                <SequencePoint vc="0" uspid="6724" ordinal="2" offset="9" sl="33" sc="13" el="33" ec="42" bec="0" bev="0" fileid="141" />
                <SequencePoint vc="0" uspid="6725" ordinal="3" offset="17" sl="34" sc="9" el="34" ec="10" bec="0" bev="0" fileid="141" />
              </SequencePoints>
              <BranchPoints />
              <MethodPoint xsi:type="SequencePoint" vc="0" uspid="6722" ordinal="0" offset="0" sl="31" sc="15" el="31" ec="28" bec="0" bev="0" fileid="141" />
            </Method>
            <Method visited="false" cyclomaticComplexity="1" nPathComplexity="0" sequenceCoverage="0" branchCoverage="0" isConstructor="true" isStatic="false" isGetter="false" isSetter="false">
              <Summary numSequencePoints="4" visitedSequencePoints="0" numBranchPoints="1" visitedBranchPoints="0" sequenceCoverage="0" branchCoverage="0" maxCyclomaticComplexity="1" minCyclomaticComplexity="1" visitedClasses="0" numClasses="0" visitedMethods="0" numMethods="1" />
              <MetadataToken>100664089</MetadataToken>
              <Name>System.Void SportsWeb.Services.Exceptions.UserViewableException::.ctor(System.String,System.Exception,System.Boolean)</Name>
              <FileRef uid="141" />
              <SequencePoints>
                <SequencePoint vc="0" uspid="6726" ordinal="0" offset="0" sl="37" sc="15" el="37" ec="44" bec="0" bev="0" fileid="141" />
                <SequencePoint vc="0" uspid="6727" ordinal="1" offset="9" sl="38" sc="9" el="38" ec="10" bec="0" bev="0" fileid="141" />
                <SequencePoint vc="0" uspid="6728" ordinal="2" offset="10" sl="39" sc="13" el="39" ec="42" bec="0" bev="0" fileid="141" />
                <SequencePoint vc="0" uspid="6729" ordinal="3" offset="18" sl="40" sc="9" el="40" ec="10" bec="0" bev="0" fileid="141" />
              </SequencePoints>
              <BranchPoints />
              <MethodPoint xsi:type="SequencePoint" vc="0" uspid="6726" ordinal="0" offset="0" sl="37" sc="15" el="37" ec="44" bec="0" bev="0" fileid="141" />
            </Method>
            <Method visited="false" cyclomaticComplexity="1" nPathComplexity="0" sequenceCoverage="0" branchCoverage="0" isConstructor="false" isStatic="true" isGetter="false" isSetter="false">
              <Summary numSequencePoints="3" visitedSequencePoints="0" numBranchPoints="1" visitedBranchPoints="0" sequenceCoverage="0" branchCoverage="0" maxCyclomaticComplexity="1" minCyclomaticComplexity="1" visitedClasses="0" numClasses="0" visitedMethods="0" numMethods="1" />
              <MetadataToken>100664090</MetadataToken>
              <Name>SportsWeb.Services.Exceptions.UserViewableException SportsWeb.Services.Exceptions.UserViewableException::Create(System.String,System.Object[])</Name>
              <FileRef uid="141" />
              <SequencePoints>
                <SequencePoint vc="0" uspid="6730" ordinal="0" offset="0" sl="43" sc="9" el="43" ec="10" bec="0" bev="0" fileid="141" />
                <SequencePoint vc="0" uspid="6731" ordinal="1" offset="1" sl="44" sc="13" el="44" ec="75" bec="0" bev="0" fileid="141" />
                <SequencePoint vc="0" uspid="6732" ordinal="2" offset="16" sl="45" sc="9" el="45" ec="10" bec="0" bev="0" fileid="141" />
              </SequencePoints>
              <BranchPoints />
              <MethodPoint xsi:type="SequencePoint" vc="0" uspid="6730" ordinal="0" offset="0" sl="43" sc="9" el="43" ec="10" bec="0" bev="0" fileid="141" />
            </Method>
            <Method visited="false" cyclomaticComplexity="2" nPathComplexity="2" sequenceCoverage="0" branchCoverage="0" isConstructor="true" isStatic="false" isGetter="false" isSetter="false">
              <Summary numSequencePoints="6" visitedSequencePoints="0" numBranchPoints="3" visitedBranchPoints="0" sequenceCoverage="0" branchCoverage="0" maxCyclomaticComplexity="2" minCyclomaticComplexity="2" visitedClasses="0" numClasses="0" visitedMethods="0" numMethods="1" />
              <MetadataToken>100664091</MetadataToken>
              <Name>System.Void SportsWeb.Services.Exceptions.UserViewableException::.ctor(System.Runtime.Serialization.SerializationInfo,System.Runtime.Serialization.StreamingContext)</Name>
              <FileRef uid="141" />
              <SequencePoints>
                <SequencePoint vc="0" uspid="6733" ordinal="0" offset="0" sl="48" sc="15" el="48" ec="34" bec="0" bev="0" fileid="141" />
                <SequencePoint vc="0" uspid="6734" ordinal="1" offset="9" sl="49" sc="9" el="49" ec="10" bec="0" bev="0" fileid="141" />
                <SequencePoint vc="0" uspid="6735" ordinal="2" offset="10" sl="50" sc="13" el="50" ec="30" bec="2" bev="0" fileid="141" />
                <SequencePoint vc="0" uspid="6736" ordinal="3" offset="18" sl="51" sc="17" el="51" ec="24" bec="0" bev="0" fileid="141" />
                <SequencePoint vc="0" uspid="6737" ordinal="4" offset="20" sl="52" sc="13" el="52" ec="61" bec="0" bev="0" fileid="141" />
                <SequencePoint vc="0" uspid="6738" ordinal="5" offset="38" sl="53" sc="9" el="53" ec="10" bec="0" bev="0" fileid="141" />
              </SequencePoints>
              <BranchPoints>
                <BranchPoint vc="0" uspid="6739" ordinal="0" offset="16" sl="50" path="0" offsetchain="18" offsetend="38" fileid="141" />
                <BranchPoint vc="0" uspid="6740" ordinal="1" offset="16" sl="50" path="1" offsetend="20" fileid="141" />
              </BranchPoints>
              <MethodPoint xsi:type="SequencePoint" vc="0" uspid="6733" ordinal="0" offset="0" sl="48" sc="15" el="48" ec="34" bec="0" bev="0" fileid="141" />
            </Method>
            <Method visited="false" cyclomaticComplexity="2" nPathComplexity="2" sequenceCoverage="0" branchCoverage="0" isConstructor="false" isStatic="false" isGetter="false" isSetter="false">
              <Summary numSequencePoints="6" visitedSequencePoints="0" numBranchPoints="3" visitedBranchPoints="0" sequenceCoverage="0" branchCoverage="0" maxCyclomaticComplexity="2" minCyclomaticComplexity="2" visitedClasses="0" numClasses="0" visitedMethods="0" numMethods="1" />
              <MetadataToken>100664092</MetadataToken>
              <Name>System.Void SportsWeb.Services.Exceptions.UserViewableException::GetObjectData(System.Runtime.Serialization.SerializationInfo,System.Runtime.Serialization.StreamingContext)</Name>
              <FileRef uid="141" />
              <SequencePoints>
                <SequencePoint vc="0" uspid="6741" ordinal="0" offset="0" sl="56" sc="9" el="56" ec="10" bec="0" bev="0" fileid="141" />
                <SequencePoint vc="0" uspid="6742" ordinal="1" offset="1" sl="57" sc="13" el="57" ec="47" bec="0" bev="0" fileid="141" />
                <SequencePoint vc="0" uspid="6743" ordinal="2" offset="10" sl="58" sc="13" el="58" ec="30" bec="2" bev="0" fileid="141" />
                <SequencePoint vc="0" uspid="6744" ordinal="3" offset="18" sl="59" sc="17" el="59" ec="24" bec="0" bev="0" fileid="141" />
                <SequencePoint vc="0" uspid="6745" ordinal="4" offset="20" sl="60" sc="13" el="60" ec="58" bec="0" bev="0" fileid="141" />
                <SequencePoint vc="0" uspid="6746" ordinal="5" offset="38" sl="61" sc="9" el="61" ec="10" bec="0" bev="0" fileid="141" />
              </SequencePoints>
              <BranchPoints>
                <BranchPoint vc="0" uspid="6747" ordinal="0" offset="16" sl="58" path="0" offsetchain="18" offsetend="38" fileid="141" />
                <BranchPoint vc="0" uspid="6748" ordinal="1" offset="16" sl="58" path="1" offsetend="20" fileid="141" />
              </BranchPoints>
              <MethodPoint xsi:type="SequencePoint" vc="0" uspid="6741" ordinal="0" offset="0" sl="56" sc="9" el="56" ec="10" bec="0" bev="0" fileid="141" />
            </Method>
          </Methods>
        </Class>
        <Class>
          <Summary numSequencePoints="6" visitedSequencePoints="0" numBranchPoints="3" visitedBranchPoints="0" sequenceCoverage="0" branchCoverage="0" maxCyclomaticComplexity="1" minCyclomaticComplexity="1" visitedClasses="0" numClasses="1" visitedMethods="0" numMethods="3" />
          <FullName>SportsWeb.Services.Exceptions.AuthorizationFailedException</FullName>
          <Methods>
            <Method visited="false" cyclomaticComplexity="1" nPathComplexity="0" sequenceCoverage="0" branchCoverage="0" isConstructor="false" isStatic="false" isGetter="true" isSetter="false">
              <Summary numSequencePoints="1" visitedSequencePoints="0" numBranchPoints="1" visitedBranchPoints="0" sequenceCoverage="0" branchCoverage="0" maxCyclomaticComplexity="1" minCyclomaticComplexity="1" visitedClasses="0" numClasses="0" visitedMethods="0" numMethods="1" />
              <MetadataToken>100664093</MetadataToken>
              <Name>System.Net.HttpStatusCode SportsWeb.Services.Exceptions.AuthorizationFailedException::get_StatusCode()</Name>
              <FileRef uid="142" />
              <SequencePoints>
                <SequencePoint vc="0" uspid="6749" ordinal="0" offset="0" sl="9" sc="44" el="9" ec="48" bec="0" bev="0" fileid="142" />
              </SequencePoints>
              <BranchPoints />
              <MethodPoint xsi:type="SequencePoint" vc="0" uspid="6749" ordinal="0" offset="0" sl="9" sc="44" el="9" ec="48" bec="0" bev="0" fileid="142" />
            </Method>
            <Method visited="false" cyclomaticComplexity="1" nPathComplexity="0" sequenceCoverage="0" branchCoverage="0" isConstructor="false" isStatic="false" isGetter="false" isSetter="true">
              <Summary numSequencePoints="1" visitedSequencePoints="0" numBranchPoints="1" visitedBranchPoints="0" sequenceCoverage="0" branchCoverage="0" maxCyclomaticComplexity="1" minCyclomaticComplexity="1" visitedClasses="0" numClasses="0" visitedMethods="0" numMethods="1" />
              <MetadataToken>100664094</MetadataToken>
              <Name>System.Void SportsWeb.Services.Exceptions.AuthorizationFailedException::set_StatusCode(System.Net.HttpStatusCode)</Name>
              <FileRef uid="142" />
              <SequencePoints>
                <SequencePoint vc="0" uspid="6750" ordinal="0" offset="0" sl="9" sc="49" el="9" ec="61" bec="0" bev="0" fileid="142" />
              </SequencePoints>
              <BranchPoints />
              <MethodPoint xsi:type="SequencePoint" vc="0" uspid="6750" ordinal="0" offset="0" sl="9" sc="49" el="9" ec="61" bec="0" bev="0" fileid="142" />
            </Method>
            <Method visited="false" cyclomaticComplexity="1" nPathComplexity="0" sequenceCoverage="0" branchCoverage="0" isConstructor="true" isStatic="false" isGetter="false" isSetter="false">
              <Summary numSequencePoints="4" visitedSequencePoints="0" numBranchPoints="1" visitedBranchPoints="0" sequenceCoverage="0" branchCoverage="0" maxCyclomaticComplexity="1" minCyclomaticComplexity="1" visitedClasses="0" numClasses="0" visitedMethods="0" numMethods="1" />
              <MetadataToken>100664095</MetadataToken>
              <Name>System.Void SportsWeb.Services.Exceptions.AuthorizationFailedException::.ctor(System.String,System.Net.HttpStatusCode)</Name>
              <FileRef uid="142" />
              <SequencePoints>
                <SequencePoint vc="0" uspid="6751" ordinal="0" offset="0" sl="12" sc="15" el="12" ec="33" bec="0" bev="0" fileid="142" />
                <SequencePoint vc="0" uspid="6752" ordinal="1" offset="8" sl="13" sc="9" el="13" ec="10" bec="0" bev="0" fileid="142" />
                <SequencePoint vc="0" uspid="6753" ordinal="2" offset="9" sl="14" sc="13" el="14" ec="37" bec="0" bev="0" fileid="142" />
                <SequencePoint vc="0" uspid="6754" ordinal="3" offset="17" sl="15" sc="9" el="15" ec="10" bec="0" bev="0" fileid="142" />
              </SequencePoints>
              <BranchPoints />
              <MethodPoint xsi:type="SequencePoint" vc="0" uspid="6751" ordinal="0" offset="0" sl="12" sc="15" el="12" ec="33" bec="0" bev="0" fileid="142" />
            </Method>
          </Methods>
        </Class>
        <Class>
          <Summary numSequencePoints="8" visitedSequencePoints="0" numBranchPoints="8" visitedBranchPoints="0" sequenceCoverage="0" branchCoverage="0" maxCyclomaticComplexity="1" minCyclomaticComplexity="1" visitedClasses="0" numClasses="1" visitedMethods="0" numMethods="8" />
          <FullName>SportsWeb.Services.DomainModel.Commands.AddServiceProvider</FullName>
          <Methods>
            <Method visited="false" cyclomaticComplexity="1" nPathComplexity="0" sequenceCoverage="0" branchCoverage="0" isConstructor="false" isStatic="false" isGetter="true" isSetter="false">
              <Summary numSequencePoints="1" visitedSequencePoints="0" numBranchPoints="1" visitedBranchPoints="0" sequenceCoverage="0" branchCoverage="0" maxCyclomaticComplexity="1" minCyclomaticComplexity="1" visitedClasses="0" numClasses="0" visitedMethods="0" numMethods="1" />
              <MetadataToken>100664096</MetadataToken>
              <Name>System.String SportsWeb.Services.DomainModel.Commands.AddServiceProvider::get_Name()</Name>
              <FileRef uid="143" />
              <SequencePoints>
                <SequencePoint vc="0" uspid="6755" ordinal="0" offset="0" sl="9" sc="30" el="9" ec="34" bec="0" bev="0" fileid="143" />
              </SequencePoints>
              <BranchPoints />
              <MethodPoint xsi:type="SequencePoint" vc="0" uspid="6755" ordinal="0" offset="0" sl="9" sc="30" el="9" ec="34" bec="0" bev="0" fileid="143" />
            </Method>
            <Method visited="false" cyclomaticComplexity="1" nPathComplexity="0" sequenceCoverage="0" branchCoverage="0" isConstructor="false" isStatic="false" isGetter="false" isSetter="true">
              <Summary numSequencePoints="1" visitedSequencePoints="0" numBranchPoints="1" visitedBranchPoints="0" sequenceCoverage="0" branchCoverage="0" maxCyclomaticComplexity="1" minCyclomaticComplexity="1" visitedClasses="0" numClasses="0" visitedMethods="0" numMethods="1" />
              <MetadataToken>100664097</MetadataToken>
              <Name>System.Void SportsWeb.Services.DomainModel.Commands.AddServiceProvider::set_Name(System.String)</Name>
              <FileRef uid="143" />
              <SequencePoints>
                <SequencePoint vc="0" uspid="6756" ordinal="0" offset="0" sl="9" sc="35" el="9" ec="39" bec="0" bev="0" fileid="143" />
              </SequencePoints>
              <BranchPoints />
              <MethodPoint xsi:type="SequencePoint" vc="0" uspid="6756" ordinal="0" offset="0" sl="9" sc="35" el="9" ec="39" bec="0" bev="0" fileid="143" />
            </Method>
            <Method visited="false" cyclomaticComplexity="1" nPathComplexity="0" sequenceCoverage="0" branchCoverage="0" isConstructor="false" isStatic="false" isGetter="true" isSetter="false">
              <Summary numSequencePoints="1" visitedSequencePoints="0" numBranchPoints="1" visitedBranchPoints="0" sequenceCoverage="0" branchCoverage="0" maxCyclomaticComplexity="1" minCyclomaticComplexity="1" visitedClasses="0" numClasses="0" visitedMethods="0" numMethods="1" />
              <MetadataToken>100664098</MetadataToken>
              <Name>System.String SportsWeb.Services.DomainModel.Commands.AddServiceProvider::get_Comment()</Name>
              <FileRef uid="143" />
              <SequencePoints>
                <SequencePoint vc="0" uspid="6757" ordinal="0" offset="0" sl="11" sc="33" el="11" ec="37" bec="0" bev="0" fileid="143" />
              </SequencePoints>
              <BranchPoints />
              <MethodPoint xsi:type="SequencePoint" vc="0" uspid="6757" ordinal="0" offset="0" sl="11" sc="33" el="11" ec="37" bec="0" bev="0" fileid="143" />
            </Method>
            <Method visited="false" cyclomaticComplexity="1" nPathComplexity="0" sequenceCoverage="0" branchCoverage="0" isConstructor="false" isStatic="false" isGetter="false" isSetter="true">
              <Summary numSequencePoints="1" visitedSequencePoints="0" numBranchPoints="1" visitedBranchPoints="0" sequenceCoverage="0" branchCoverage="0" maxCyclomaticComplexity="1" minCyclomaticComplexity="1" visitedClasses="0" numClasses="0" visitedMethods="0" numMethods="1" />
              <MetadataToken>100664099</MetadataToken>
              <Name>System.Void SportsWeb.Services.DomainModel.Commands.AddServiceProvider::set_Comment(System.String)</Name>
              <FileRef uid="143" />
              <SequencePoints>
                <SequencePoint vc="0" uspid="6758" ordinal="0" offset="0" sl="11" sc="38" el="11" ec="42" bec="0" bev="0" fileid="143" />
              </SequencePoints>
              <BranchPoints />
              <MethodPoint xsi:type="SequencePoint" vc="0" uspid="6758" ordinal="0" offset="0" sl="11" sc="38" el="11" ec="42" bec="0" bev="0" fileid="143" />
            </Method>
            <Method visited="false" cyclomaticComplexity="1" nPathComplexity="0" sequenceCoverage="0" branchCoverage="0" isConstructor="false" isStatic="false" isGetter="true" isSetter="false">
              <Summary numSequencePoints="1" visitedSequencePoints="0" numBranchPoints="1" visitedBranchPoints="0" sequenceCoverage="0" branchCoverage="0" maxCyclomaticComplexity="1" minCyclomaticComplexity="1" visitedClasses="0" numClasses="0" visitedMethods="0" numMethods="1" />
              <MetadataToken>100664100</MetadataToken>
              <Name>System.Collections.Generic.IList`1&lt;System.Guid&gt; SportsWeb.Services.DomainModel.Commands.AddServiceProvider::get_RoleIds()</Name>
              <FileRef uid="143" />
              <SequencePoints>
                <SequencePoint vc="0" uspid="6759" ordinal="0" offset="0" sl="13" sc="38" el="13" ec="42" bec="0" bev="0" fileid="143" />
              </SequencePoints>
              <BranchPoints />
              <MethodPoint xsi:type="SequencePoint" vc="0" uspid="6759" ordinal="0" offset="0" sl="13" sc="38" el="13" ec="42" bec="0" bev="0" fileid="143" />
            </Method>
            <Method visited="false" cyclomaticComplexity="1" nPathComplexity="0" sequenceCoverage="0" branchCoverage="0" isConstructor="false" isStatic="false" isGetter="false" isSetter="true">
              <Summary numSequencePoints="1" visitedSequencePoints="0" numBranchPoints="1" visitedBranchPoints="0" sequenceCoverage="0" branchCoverage="0" maxCyclomaticComplexity="1" minCyclomaticComplexity="1" visitedClasses="0" numClasses="0" visitedMethods="0" numMethods="1" />
              <MetadataToken>100664101</MetadataToken>
              <Name>System.Void SportsWeb.Services.DomainModel.Commands.AddServiceProvider::set_RoleIds(System.Collections.Generic.IList`1&lt;System.Guid&gt;)</Name>
              <FileRef uid="143" />
              <SequencePoints>
                <SequencePoint vc="0" uspid="6760" ordinal="0" offset="0" sl="13" sc="43" el="13" ec="47" bec="0" bev="0" fileid="143" />
              </SequencePoints>
              <BranchPoints />
              <MethodPoint xsi:type="SequencePoint" vc="0" uspid="6760" ordinal="0" offset="0" sl="13" sc="43" el="13" ec="47" bec="0" bev="0" fileid="143" />
            </Method>
            <Method visited="false" cyclomaticComplexity="1" nPathComplexity="0" sequenceCoverage="0" branchCoverage="0" isConstructor="false" isStatic="false" isGetter="true" isSetter="false">
              <Summary numSequencePoints="1" visitedSequencePoints="0" numBranchPoints="1" visitedBranchPoints="0" sequenceCoverage="0" branchCoverage="0" maxCyclomaticComplexity="1" minCyclomaticComplexity="1" visitedClasses="0" numClasses="0" visitedMethods="0" numMethods="1" />
              <MetadataToken>100664102</MetadataToken>
              <Name>System.Collections.Generic.List`1&lt;System.Guid&gt; SportsWeb.Services.DomainModel.Commands.AddServiceProvider::get_SiteIds()</Name>
              <FileRef uid="143" />
              <SequencePoints>
                <SequencePoint vc="0" uspid="6761" ordinal="0" offset="0" sl="15" sc="37" el="15" ec="41" bec="0" bev="0" fileid="143" />
              </SequencePoints>
              <BranchPoints />
              <MethodPoint xsi:type="SequencePoint" vc="0" uspid="6761" ordinal="0" offset="0" sl="15" sc="37" el="15" ec="41" bec="0" bev="0" fileid="143" />
            </Method>
            <Method visited="false" cyclomaticComplexity="1" nPathComplexity="0" sequenceCoverage="0" branchCoverage="0" isConstructor="false" isStatic="false" isGetter="false" isSetter="true">
              <Summary numSequencePoints="1" visitedSequencePoints="0" numBranchPoints="1" visitedBranchPoints="0" sequenceCoverage="0" branchCoverage="0" maxCyclomaticComplexity="1" minCyclomaticComplexity="1" visitedClasses="0" numClasses="0" visitedMethods="0" numMethods="1" />
              <MetadataToken>100664103</MetadataToken>
              <Name>System.Void SportsWeb.Services.DomainModel.Commands.AddServiceProvider::set_SiteIds(System.Collections.Generic.List`1&lt;System.Guid&gt;)</Name>
              <FileRef uid="143" />
              <SequencePoints>
                <SequencePoint vc="0" uspid="6762" ordinal="0" offset="0" sl="15" sc="42" el="15" ec="46" bec="0" bev="0" fileid="143" />
              </SequencePoints>
              <BranchPoints />
              <MethodPoint xsi:type="SequencePoint" vc="0" uspid="6762" ordinal="0" offset="0" sl="15" sc="42" el="15" ec="46" bec="0" bev="0" fileid="143" />
            </Method>
            <Method visited="false" cyclomaticComplexity="1" nPathComplexity="0" sequenceCoverage="0" branchCoverage="0" isConstructor="true" isStatic="false" isGetter="false" isSetter="false">
              <Summary numSequencePoints="0" visitedSequencePoints="0" numBranchPoints="0" visitedBranchPoints="0" sequenceCoverage="0" branchCoverage="0" maxCyclomaticComplexity="1" minCyclomaticComplexity="1" visitedClasses="0" numClasses="0" visitedMethods="0" numMethods="0" />
              <MetadataToken>100664104</MetadataToken>
              <Name>System.Void SportsWeb.Services.DomainModel.Commands.AddServiceProvider::.ctor()</Name>
              <SequencePoints />
              <BranchPoints />
              <MethodPoint vc="0" uspid="6763" ordinal="0" offset="0" />
            </Method>
          </Methods>
        </Class>
        <Class>
          <Summary numSequencePoints="4" visitedSequencePoints="0" numBranchPoints="4" visitedBranchPoints="0" sequenceCoverage="0" branchCoverage="0" maxCyclomaticComplexity="1" minCyclomaticComplexity="1" visitedClasses="0" numClasses="1" visitedMethods="0" numMethods="4" />
          <FullName>SportsWeb.Services.DomainModel.Commands.UpdateSiteServiceProviderStatus</FullName>
          <Methods>
            <Method visited="false" cyclomaticComplexity="1" nPathComplexity="0" sequenceCoverage="0" branchCoverage="0" isConstructor="false" isStatic="false" isGetter="true" isSetter="false">
              <Summary numSequencePoints="1" visitedSequencePoints="0" numBranchPoints="1" visitedBranchPoints="0" sequenceCoverage="0" branchCoverage="0" maxCyclomaticComplexity="1" minCyclomaticComplexity="1" visitedClasses="0" numClasses="0" visitedMethods="0" numMethods="1" />
              <MetadataToken>100664105</MetadataToken>
              <Name>System.Guid SportsWeb.Services.DomainModel.Commands.UpdateSiteServiceProviderStatus::get_Id()</Name>
              <FileRef uid="144" />
              <SequencePoints>
                <SequencePoint vc="0" uspid="6764" ordinal="0" offset="0" sl="8" sc="26" el="8" ec="30" bec="0" bev="0" fileid="144" />
              </SequencePoints>
              <BranchPoints />
              <MethodPoint xsi:type="SequencePoint" vc="0" uspid="6764" ordinal="0" offset="0" sl="8" sc="26" el="8" ec="30" bec="0" bev="0" fileid="144" />
            </Method>
            <Method visited="false" cyclomaticComplexity="1" nPathComplexity="0" sequenceCoverage="0" branchCoverage="0" isConstructor="false" isStatic="false" isGetter="false" isSetter="true">
              <Summary numSequencePoints="1" visitedSequencePoints="0" numBranchPoints="1" visitedBranchPoints="0" sequenceCoverage="0" branchCoverage="0" maxCyclomaticComplexity="1" minCyclomaticComplexity="1" visitedClasses="0" numClasses="0" visitedMethods="0" numMethods="1" />
              <MetadataToken>100664106</MetadataToken>
              <Name>System.Void SportsWeb.Services.DomainModel.Commands.UpdateSiteServiceProviderStatus::set_Id(System.Guid)</Name>
              <FileRef uid="144" />
              <SequencePoints>
                <SequencePoint vc="0" uspid="6765" ordinal="0" offset="0" sl="8" sc="31" el="8" ec="35" bec="0" bev="0" fileid="144" />
              </SequencePoints>
              <BranchPoints />
              <MethodPoint xsi:type="SequencePoint" vc="0" uspid="6765" ordinal="0" offset="0" sl="8" sc="31" el="8" ec="35" bec="0" bev="0" fileid="144" />
            </Method>
            <Method visited="false" cyclomaticComplexity="1" nPathComplexity="0" sequenceCoverage="0" branchCoverage="0" isConstructor="false" isStatic="false" isGetter="true" isSetter="false">
              <Summary numSequencePoints="1" visitedSequencePoints="0" numBranchPoints="1" visitedBranchPoints="0" sequenceCoverage="0" branchCoverage="0" maxCyclomaticComplexity="1" minCyclomaticComplexity="1" visitedClasses="0" numClasses="0" visitedMethods="0" numMethods="1" />
              <MetadataToken>100664107</MetadataToken>
              <Name>System.Boolean SportsWeb.Services.DomainModel.Commands.UpdateSiteServiceProviderStatus::get_ServiceProviderStatus()</Name>
              <FileRef uid="144" />
              <SequencePoints>
                <SequencePoint vc="0" uspid="6766" ordinal="0" offset="0" sl="10" sc="45" el="10" ec="49" bec="0" bev="0" fileid="144" />
              </SequencePoints>
              <BranchPoints />
              <MethodPoint xsi:type="SequencePoint" vc="0" uspid="6766" ordinal="0" offset="0" sl="10" sc="45" el="10" ec="49" bec="0" bev="0" fileid="144" />
            </Method>
            <Method visited="false" cyclomaticComplexity="1" nPathComplexity="0" sequenceCoverage="0" branchCoverage="0" isConstructor="false" isStatic="false" isGetter="false" isSetter="true">
              <Summary numSequencePoints="1" visitedSequencePoints="0" numBranchPoints="1" visitedBranchPoints="0" sequenceCoverage="0" branchCoverage="0" maxCyclomaticComplexity="1" minCyclomaticComplexity="1" visitedClasses="0" numClasses="0" visitedMethods="0" numMethods="1" />
              <MetadataToken>100664108</MetadataToken>
              <Name>System.Void SportsWeb.Services.DomainModel.Commands.UpdateSiteServiceProviderStatus::set_ServiceProviderStatus(System.Boolean)</Name>
              <FileRef uid="144" />
              <SequencePoints>
                <SequencePoint vc="0" uspid="6767" ordinal="0" offset="0" sl="10" sc="50" el="10" ec="54" bec="0" bev="0" fileid="144" />
              </SequencePoints>
              <BranchPoints />
              <MethodPoint xsi:type="SequencePoint" vc="0" uspid="6767" ordinal="0" offset="0" sl="10" sc="50" el="10" ec="54" bec="0" bev="0" fileid="144" />
            </Method>
            <Method visited="false" cyclomaticComplexity="1" nPathComplexity="0" sequenceCoverage="0" branchCoverage="0" isConstructor="true" isStatic="false" isGetter="false" isSetter="false">
              <Summary numSequencePoints="0" visitedSequencePoints="0" numBranchPoints="0" visitedBranchPoints="0" sequenceCoverage="0" branchCoverage="0" maxCyclomaticComplexity="1" minCyclomaticComplexity="1" visitedClasses="0" numClasses="0" visitedMethods="0" numMethods="0" />
              <MetadataToken>100664109</MetadataToken>
              <Name>System.Void SportsWeb.Services.DomainModel.Commands.UpdateSiteServiceProviderStatus::.ctor()</Name>
              <SequencePoints />
              <BranchPoints />
              <MethodPoint vc="0" uspid="6768" ordinal="0" offset="0" />
            </Method>
          </Methods>
        </Class>
        <Class>
          <Summary numSequencePoints="8" visitedSequencePoints="0" numBranchPoints="8" visitedBranchPoints="0" sequenceCoverage="0" branchCoverage="0" maxCyclomaticComplexity="1" minCyclomaticComplexity="1" visitedClasses="0" numClasses="1" visitedMethods="0" numMethods="8" />
          <FullName>SportsWeb.Services.DomainModel.Commands.UpdateSitesToServiceProvider</FullName>
          <Methods>
            <Method visited="false" cyclomaticComplexity="1" nPathComplexity="0" sequenceCoverage="0" branchCoverage="0" isConstructor="false" isStatic="false" isGetter="true" isSetter="false">
              <Summary numSequencePoints="1" visitedSequencePoints="0" numBranchPoints="1" visitedBranchPoints="0" sequenceCoverage="0" branchCoverage="0" maxCyclomaticComplexity="1" minCyclomaticComplexity="1" visitedClasses="0" numClasses="0" visitedMethods="0" numMethods="1" />
              <MetadataToken>100664110</MetadataToken>
              <Name>System.Guid SportsWeb.Services.DomainModel.Commands.UpdateSitesToServiceProvider::get_Id()</Name>
              <FileRef uid="145" />
              <SequencePoints>
                <SequencePoint vc="0" uspid="6769" ordinal="0" offset="0" sl="9" sc="26" el="9" ec="30" bec="0" bev="0" fileid="145" />
              </SequencePoints>
              <BranchPoints />
              <MethodPoint xsi:type="SequencePoint" vc="0" uspid="6769" ordinal="0" offset="0" sl="9" sc="26" el="9" ec="30" bec="0" bev="0" fileid="145" />
            </Method>
            <Method visited="false" cyclomaticComplexity="1" nPathComplexity="0" sequenceCoverage="0" branchCoverage="0" isConstructor="false" isStatic="false" isGetter="false" isSetter="true">
              <Summary numSequencePoints="1" visitedSequencePoints="0" numBranchPoints="1" visitedBranchPoints="0" sequenceCoverage="0" branchCoverage="0" maxCyclomaticComplexity="1" minCyclomaticComplexity="1" visitedClasses="0" numClasses="0" visitedMethods="0" numMethods="1" />
              <MetadataToken>100664111</MetadataToken>
              <Name>System.Void SportsWeb.Services.DomainModel.Commands.UpdateSitesToServiceProvider::set_Id(System.Guid)</Name>
              <FileRef uid="145" />
              <SequencePoints>
                <SequencePoint vc="0" uspid="6770" ordinal="0" offset="0" sl="9" sc="31" el="9" ec="35" bec="0" bev="0" fileid="145" />
              </SequencePoints>
              <BranchPoints />
              <MethodPoint xsi:type="SequencePoint" vc="0" uspid="6770" ordinal="0" offset="0" sl="9" sc="31" el="9" ec="35" bec="0" bev="0" fileid="145" />
            </Method>
            <Method visited="false" cyclomaticComplexity="1" nPathComplexity="0" sequenceCoverage="0" branchCoverage="0" isConstructor="false" isStatic="false" isGetter="true" isSetter="false">
              <Summary numSequencePoints="1" visitedSequencePoints="0" numBranchPoints="1" visitedBranchPoints="0" sequenceCoverage="0" branchCoverage="0" maxCyclomaticComplexity="1" minCyclomaticComplexity="1" visitedClasses="0" numClasses="0" visitedMethods="0" numMethods="1" />
              <MetadataToken>100664112</MetadataToken>
              <Name>System.String SportsWeb.Services.DomainModel.Commands.UpdateSitesToServiceProvider::get_Name()</Name>
              <FileRef uid="145" />
              <SequencePoints>
                <SequencePoint vc="0" uspid="6771" ordinal="0" offset="0" sl="11" sc="30" el="11" ec="34" bec="0" bev="0" fileid="145" />
              </SequencePoints>
              <BranchPoints />
              <MethodPoint xsi:type="SequencePoint" vc="0" uspid="6771" ordinal="0" offset="0" sl="11" sc="30" el="11" ec="34" bec="0" bev="0" fileid="145" />
            </Method>
            <Method visited="false" cyclomaticComplexity="1" nPathComplexity="0" sequenceCoverage="0" branchCoverage="0" isConstructor="false" isStatic="false" isGetter="false" isSetter="true">
              <Summary numSequencePoints="1" visitedSequencePoints="0" numBranchPoints="1" visitedBranchPoints="0" sequenceCoverage="0" branchCoverage="0" maxCyclomaticComplexity="1" minCyclomaticComplexity="1" visitedClasses="0" numClasses="0" visitedMethods="0" numMethods="1" />
              <MetadataToken>100664113</MetadataToken>
              <Name>System.Void SportsWeb.Services.DomainModel.Commands.UpdateSitesToServiceProvider::set_Name(System.String)</Name>
              <FileRef uid="145" />
              <SequencePoints>
                <SequencePoint vc="0" uspid="6772" ordinal="0" offset="0" sl="11" sc="35" el="11" ec="39" bec="0" bev="0" fileid="145" />
              </SequencePoints>
              <BranchPoints />
              <MethodPoint xsi:type="SequencePoint" vc="0" uspid="6772" ordinal="0" offset="0" sl="11" sc="35" el="11" ec="39" bec="0" bev="0" fileid="145" />
            </Method>
            <Method visited="false" cyclomaticComplexity="1" nPathComplexity="0" sequenceCoverage="0" branchCoverage="0" isConstructor="false" isStatic="false" isGetter="true" isSetter="false">
              <Summary numSequencePoints="1" visitedSequencePoints="0" numBranchPoints="1" visitedBranchPoints="0" sequenceCoverage="0" branchCoverage="0" maxCyclomaticComplexity="1" minCyclomaticComplexity="1" visitedClasses="0" numClasses="0" visitedMethods="0" numMethods="1" />
              <MetadataToken>100664114</MetadataToken>
              <Name>System.Collections.Generic.List`1&lt;System.Guid&gt; SportsWeb.Services.DomainModel.Commands.UpdateSitesToServiceProvider::get_AddSiteIds()</Name>
              <FileRef uid="145" />
              <SequencePoints>
                <SequencePoint vc="0" uspid="6773" ordinal="0" offset="0" sl="13" sc="40" el="13" ec="44" bec="0" bev="0" fileid="145" />
              </SequencePoints>
              <BranchPoints />
              <MethodPoint xsi:type="SequencePoint" vc="0" uspid="6773" ordinal="0" offset="0" sl="13" sc="40" el="13" ec="44" bec="0" bev="0" fileid="145" />
            </Method>
            <Method visited="false" cyclomaticComplexity="1" nPathComplexity="0" sequenceCoverage="0" branchCoverage="0" isConstructor="false" isStatic="false" isGetter="false" isSetter="true">
              <Summary numSequencePoints="1" visitedSequencePoints="0" numBranchPoints="1" visitedBranchPoints="0" sequenceCoverage="0" branchCoverage="0" maxCyclomaticComplexity="1" minCyclomaticComplexity="1" visitedClasses="0" numClasses="0" visitedMethods="0" numMethods="1" />
              <MetadataToken>100664115</MetadataToken>
              <Name>System.Void SportsWeb.Services.DomainModel.Commands.UpdateSitesToServiceProvider::set_AddSiteIds(System.Collections.Generic.List`1&lt;System.Guid&gt;)</Name>
              <FileRef uid="145" />
              <SequencePoints>
                <SequencePoint vc="0" uspid="6774" ordinal="0" offset="0" sl="13" sc="45" el="13" ec="49" bec="0" bev="0" fileid="145" />
              </SequencePoints>
              <BranchPoints />
              <MethodPoint xsi:type="SequencePoint" vc="0" uspid="6774" ordinal="0" offset="0" sl="13" sc="45" el="13" ec="49" bec="0" bev="0" fileid="145" />
            </Method>
            <Method visited="false" cyclomaticComplexity="1" nPathComplexity="0" sequenceCoverage="0" branchCoverage="0" isConstructor="false" isStatic="false" isGetter="true" isSetter="false">
              <Summary numSequencePoints="1" visitedSequencePoints="0" numBranchPoints="1" visitedBranchPoints="0" sequenceCoverage="0" branchCoverage="0" maxCyclomaticComplexity="1" minCyclomaticComplexity="1" visitedClasses="0" numClasses="0" visitedMethods="0" numMethods="1" />
              <MetadataToken>100664116</MetadataToken>
              <Name>System.Collections.Generic.List`1&lt;System.Guid&gt; SportsWeb.Services.DomainModel.Commands.UpdateSitesToServiceProvider::get_RemoveSiteIds()</Name>
              <FileRef uid="145" />
              <SequencePoints>
                <SequencePoint vc="0" uspid="6775" ordinal="0" offset="0" sl="15" sc="43" el="15" ec="47" bec="0" bev="0" fileid="145" />
              </SequencePoints>
              <BranchPoints />
              <MethodPoint xsi:type="SequencePoint" vc="0" uspid="6775" ordinal="0" offset="0" sl="15" sc="43" el="15" ec="47" bec="0" bev="0" fileid="145" />
            </Method>
            <Method visited="false" cyclomaticComplexity="1" nPathComplexity="0" sequenceCoverage="0" branchCoverage="0" isConstructor="false" isStatic="false" isGetter="false" isSetter="true">
              <Summary numSequencePoints="1" visitedSequencePoints="0" numBranchPoints="1" visitedBranchPoints="0" sequenceCoverage="0" branchCoverage="0" maxCyclomaticComplexity="1" minCyclomaticComplexity="1" visitedClasses="0" numClasses="0" visitedMethods="0" numMethods="1" />
              <MetadataToken>100664117</MetadataToken>
              <Name>System.Void SportsWeb.Services.DomainModel.Commands.UpdateSitesToServiceProvider::set_RemoveSiteIds(System.Collections.Generic.List`1&lt;System.Guid&gt;)</Name>
              <FileRef uid="145" />
              <SequencePoints>
                <SequencePoint vc="0" uspid="6776" ordinal="0" offset="0" sl="15" sc="48" el="15" ec="52" bec="0" bev="0" fileid="145" />
              </SequencePoints>
              <BranchPoints />
              <MethodPoint xsi:type="SequencePoint" vc="0" uspid="6776" ordinal="0" offset="0" sl="15" sc="48" el="15" ec="52" bec="0" bev="0" fileid="145" />
            </Method>
            <Method visited="false" cyclomaticComplexity="1" nPathComplexity="0" sequenceCoverage="0" branchCoverage="0" isConstructor="true" isStatic="false" isGetter="false" isSetter="false">
              <Summary numSequencePoints="0" visitedSequencePoints="0" numBranchPoints="0" visitedBranchPoints="0" sequenceCoverage="0" branchCoverage="0" maxCyclomaticComplexity="1" minCyclomaticComplexity="1" visitedClasses="0" numClasses="0" visitedMethods="0" numMethods="0" />
              <MetadataToken>100664118</MetadataToken>
              <Name>System.Void SportsWeb.Services.DomainModel.Commands.UpdateSitesToServiceProvider::.ctor()</Name>
              <SequencePoints />
              <BranchPoints />
              <MethodPoint vc="0" uspid="6777" ordinal="0" offset="0" />
            </Method>
          </Methods>
        </Class>
        <Class>
          <Summary numSequencePoints="12" visitedSequencePoints="12" numBranchPoints="12" visitedBranchPoints="12" sequenceCoverage="100" branchCoverage="100" maxCyclomaticComplexity="1" minCyclomaticComplexity="1" visitedClasses="1" numClasses="1" visitedMethods="12" numMethods="12" />
          <FullName>SportsWeb.Services.DomainModel.Commands.AddCustomSceneCommand</FullName>
          <Methods>
            <Method visited="true" cyclomaticComplexity="1" nPathComplexity="0" sequenceCoverage="100" branchCoverage="100" isConstructor="false" isStatic="false" isGetter="true" isSetter="false">
              <Summary numSequencePoints="1" visitedSequencePoints="1" numBranchPoints="1" visitedBranchPoints="1" sequenceCoverage="100" branchCoverage="100" maxCyclomaticComplexity="1" minCyclomaticComplexity="1" visitedClasses="0" numClasses="0" visitedMethods="1" numMethods="1" />
              <MetadataToken>100664119</MetadataToken>
              <Name>System.Nullable`1&lt;System.Guid&gt; SportsWeb.Services.DomainModel.Commands.AddCustomSceneCommand::get_SiteId()</Name>
              <FileRef uid="146" />
              <SequencePoints>
                <SequencePoint vc="1" uspid="6778" ordinal="0" offset="0" sl="8" sc="39" el="8" ec="43" bec="0" bev="0" fileid="146" />
              </SequencePoints>
              <BranchPoints />
              <MethodPoint xsi:type="SequencePoint" vc="1" uspid="6778" ordinal="0" offset="0" sl="8" sc="39" el="8" ec="43" bec="0" bev="0" fileid="146" />
            </Method>
            <Method visited="true" cyclomaticComplexity="1" nPathComplexity="0" sequenceCoverage="100" branchCoverage="100" isConstructor="false" isStatic="false" isGetter="false" isSetter="true">
              <Summary numSequencePoints="1" visitedSequencePoints="1" numBranchPoints="1" visitedBranchPoints="1" sequenceCoverage="100" branchCoverage="100" maxCyclomaticComplexity="1" minCyclomaticComplexity="1" visitedClasses="0" numClasses="0" visitedMethods="1" numMethods="1" />
              <MetadataToken>100664120</MetadataToken>
              <Name>System.Void SportsWeb.Services.DomainModel.Commands.AddCustomSceneCommand::set_SiteId(System.Nullable`1&lt;System.Guid&gt;)</Name>
              <FileRef uid="146" />
              <SequencePoints>
                <SequencePoint vc="4" uspid="6779" ordinal="0" offset="0" sl="8" sc="44" el="8" ec="48" bec="0" bev="0" fileid="146" />
              </SequencePoints>
              <BranchPoints />
              <MethodPoint xsi:type="SequencePoint" vc="4" uspid="6779" ordinal="0" offset="0" sl="8" sc="44" el="8" ec="48" bec="0" bev="0" fileid="146" />
            </Method>
            <Method visited="true" cyclomaticComplexity="1" nPathComplexity="0" sequenceCoverage="100" branchCoverage="100" isConstructor="false" isStatic="false" isGetter="true" isSetter="false">
              <Summary numSequencePoints="1" visitedSequencePoints="1" numBranchPoints="1" visitedBranchPoints="1" sequenceCoverage="100" branchCoverage="100" maxCyclomaticComplexity="1" minCyclomaticComplexity="1" visitedClasses="0" numClasses="0" visitedMethods="1" numMethods="1" />
              <MetadataToken>100664121</MetadataToken>
              <Name>System.Nullable`1&lt;System.Guid&gt; SportsWeb.Services.DomainModel.Commands.AddCustomSceneCommand::get_FieldId()</Name>
              <FileRef uid="146" />
              <SequencePoints>
                <SequencePoint vc="1" uspid="6780" ordinal="0" offset="0" sl="10" sc="40" el="10" ec="44" bec="0" bev="0" fileid="146" />
              </SequencePoints>
              <BranchPoints />
              <MethodPoint xsi:type="SequencePoint" vc="1" uspid="6780" ordinal="0" offset="0" sl="10" sc="40" el="10" ec="44" bec="0" bev="0" fileid="146" />
            </Method>
            <Method visited="true" cyclomaticComplexity="1" nPathComplexity="0" sequenceCoverage="100" branchCoverage="100" isConstructor="false" isStatic="false" isGetter="false" isSetter="true">
              <Summary numSequencePoints="1" visitedSequencePoints="1" numBranchPoints="1" visitedBranchPoints="1" sequenceCoverage="100" branchCoverage="100" maxCyclomaticComplexity="1" minCyclomaticComplexity="1" visitedClasses="0" numClasses="0" visitedMethods="1" numMethods="1" />
              <MetadataToken>100664122</MetadataToken>
              <Name>System.Void SportsWeb.Services.DomainModel.Commands.AddCustomSceneCommand::set_FieldId(System.Nullable`1&lt;System.Guid&gt;)</Name>
              <FileRef uid="146" />
              <SequencePoints>
                <SequencePoint vc="4" uspid="6781" ordinal="0" offset="0" sl="10" sc="45" el="10" ec="49" bec="0" bev="0" fileid="146" />
              </SequencePoints>
              <BranchPoints />
              <MethodPoint xsi:type="SequencePoint" vc="4" uspid="6781" ordinal="0" offset="0" sl="10" sc="45" el="10" ec="49" bec="0" bev="0" fileid="146" />
            </Method>
            <Method visited="true" cyclomaticComplexity="1" nPathComplexity="0" sequenceCoverage="100" branchCoverage="100" isConstructor="false" isStatic="false" isGetter="true" isSetter="false">
              <Summary numSequencePoints="1" visitedSequencePoints="1" numBranchPoints="1" visitedBranchPoints="1" sequenceCoverage="100" branchCoverage="100" maxCyclomaticComplexity="1" minCyclomaticComplexity="1" visitedClasses="0" numClasses="0" visitedMethods="1" numMethods="1" />
              <MetadataToken>100664123</MetadataToken>
              <Name>System.String SportsWeb.Services.DomainModel.Commands.AddCustomSceneCommand::get_PerfectPlayScene()</Name>
              <FileRef uid="146" />
              <SequencePoints>
                <SequencePoint vc="1" uspid="6782" ordinal="0" offset="0" sl="12" sc="50" el="12" ec="54" bec="0" bev="0" fileid="146" />
              </SequencePoints>
              <BranchPoints />
              <MethodPoint xsi:type="SequencePoint" vc="1" uspid="6782" ordinal="0" offset="0" sl="12" sc="50" el="12" ec="54" bec="0" bev="0" fileid="146" />
            </Method>
            <Method visited="true" cyclomaticComplexity="1" nPathComplexity="0" sequenceCoverage="100" branchCoverage="100" isConstructor="false" isStatic="false" isGetter="false" isSetter="true">
              <Summary numSequencePoints="1" visitedSequencePoints="1" numBranchPoints="1" visitedBranchPoints="1" sequenceCoverage="100" branchCoverage="100" maxCyclomaticComplexity="1" minCyclomaticComplexity="1" visitedClasses="0" numClasses="0" visitedMethods="1" numMethods="1" />
              <MetadataToken>100664124</MetadataToken>
              <Name>System.Void SportsWeb.Services.DomainModel.Commands.AddCustomSceneCommand::set_PerfectPlayScene(System.String)</Name>
              <FileRef uid="146" />
              <SequencePoints>
                <SequencePoint vc="4" uspid="6783" ordinal="0" offset="0" sl="12" sc="55" el="12" ec="59" bec="0" bev="0" fileid="146" />
              </SequencePoints>
              <BranchPoints />
              <MethodPoint xsi:type="SequencePoint" vc="4" uspid="6783" ordinal="0" offset="0" sl="12" sc="55" el="12" ec="59" bec="0" bev="0" fileid="146" />
            </Method>
            <Method visited="true" cyclomaticComplexity="1" nPathComplexity="0" sequenceCoverage="100" branchCoverage="100" isConstructor="false" isStatic="false" isGetter="true" isSetter="false">
              <Summary numSequencePoints="1" visitedSequencePoints="1" numBranchPoints="1" visitedBranchPoints="1" sequenceCoverage="100" branchCoverage="100" maxCyclomaticComplexity="1" minCyclomaticComplexity="1" visitedClasses="0" numClasses="0" visitedMethods="1" numMethods="1" />
              <MetadataToken>100664125</MetadataToken>
              <Name>System.String SportsWeb.Services.DomainModel.Commands.AddCustomSceneCommand::get_CustomScene()</Name>
              <FileRef uid="146" />
              <SequencePoints>
                <SequencePoint vc="1" uspid="6784" ordinal="0" offset="0" sl="14" sc="45" el="14" ec="49" bec="0" bev="0" fileid="146" />
              </SequencePoints>
              <BranchPoints />
              <MethodPoint xsi:type="SequencePoint" vc="1" uspid="6784" ordinal="0" offset="0" sl="14" sc="45" el="14" ec="49" bec="0" bev="0" fileid="146" />
            </Method>
            <Method visited="true" cyclomaticComplexity="1" nPathComplexity="0" sequenceCoverage="100" branchCoverage="100" isConstructor="false" isStatic="false" isGetter="false" isSetter="true">
              <Summary numSequencePoints="1" visitedSequencePoints="1" numBranchPoints="1" visitedBranchPoints="1" sequenceCoverage="100" branchCoverage="100" maxCyclomaticComplexity="1" minCyclomaticComplexity="1" visitedClasses="0" numClasses="0" visitedMethods="1" numMethods="1" />
              <MetadataToken>100664126</MetadataToken>
              <Name>System.Void SportsWeb.Services.DomainModel.Commands.AddCustomSceneCommand::set_CustomScene(System.String)</Name>
              <FileRef uid="146" />
              <SequencePoints>
                <SequencePoint vc="4" uspid="6785" ordinal="0" offset="0" sl="14" sc="50" el="14" ec="54" bec="0" bev="0" fileid="146" />
              </SequencePoints>
              <BranchPoints />
              <MethodPoint xsi:type="SequencePoint" vc="4" uspid="6785" ordinal="0" offset="0" sl="14" sc="50" el="14" ec="54" bec="0" bev="0" fileid="146" />
            </Method>
            <Method visited="true" cyclomaticComplexity="1" nPathComplexity="0" sequenceCoverage="100" branchCoverage="100" isConstructor="false" isStatic="false" isGetter="true" isSetter="false">
              <Summary numSequencePoints="1" visitedSequencePoints="1" numBranchPoints="1" visitedBranchPoints="1" sequenceCoverage="100" branchCoverage="100" maxCyclomaticComplexity="1" minCyclomaticComplexity="1" visitedClasses="0" numClasses="0" visitedMethods="1" numMethods="1" />
              <MetadataToken>100664127</MetadataToken>
              <Name>System.String SportsWeb.Services.DomainModel.Commands.AddCustomSceneCommand::get_CreatedBy()</Name>
              <FileRef uid="146" />
              <SequencePoints>
                <SequencePoint vc="1" uspid="6786" ordinal="0" offset="0" sl="15" sc="43" el="15" ec="47" bec="0" bev="0" fileid="146" />
              </SequencePoints>
              <BranchPoints />
              <MethodPoint xsi:type="SequencePoint" vc="1" uspid="6786" ordinal="0" offset="0" sl="15" sc="43" el="15" ec="47" bec="0" bev="0" fileid="146" />
            </Method>
            <Method visited="true" cyclomaticComplexity="1" nPathComplexity="0" sequenceCoverage="100" branchCoverage="100" isConstructor="false" isStatic="false" isGetter="false" isSetter="true">
              <Summary numSequencePoints="1" visitedSequencePoints="1" numBranchPoints="1" visitedBranchPoints="1" sequenceCoverage="100" branchCoverage="100" maxCyclomaticComplexity="1" minCyclomaticComplexity="1" visitedClasses="0" numClasses="0" visitedMethods="1" numMethods="1" />
              <MetadataToken>100664128</MetadataToken>
              <Name>System.Void SportsWeb.Services.DomainModel.Commands.AddCustomSceneCommand::set_CreatedBy(System.String)</Name>
              <FileRef uid="146" />
              <SequencePoints>
                <SequencePoint vc="3" uspid="6787" ordinal="0" offset="0" sl="15" sc="48" el="15" ec="52" bec="0" bev="0" fileid="146" />
              </SequencePoints>
              <BranchPoints />
              <MethodPoint xsi:type="SequencePoint" vc="3" uspid="6787" ordinal="0" offset="0" sl="15" sc="48" el="15" ec="52" bec="0" bev="0" fileid="146" />
            </Method>
            <Method visited="true" cyclomaticComplexity="1" nPathComplexity="0" sequenceCoverage="100" branchCoverage="100" isConstructor="false" isStatic="false" isGetter="true" isSetter="false">
              <Summary numSequencePoints="1" visitedSequencePoints="1" numBranchPoints="1" visitedBranchPoints="1" sequenceCoverage="100" branchCoverage="100" maxCyclomaticComplexity="1" minCyclomaticComplexity="1" visitedClasses="0" numClasses="0" visitedMethods="1" numMethods="1" />
              <MetadataToken>100664129</MetadataToken>
              <Name>System.String SportsWeb.Services.DomainModel.Commands.AddCustomSceneCommand::get_ModifiedBy()</Name>
              <FileRef uid="146" />
              <SequencePoints>
                <SequencePoint vc="1" uspid="6788" ordinal="0" offset="0" sl="16" sc="44" el="16" ec="48" bec="0" bev="0" fileid="146" />
              </SequencePoints>
              <BranchPoints />
              <MethodPoint xsi:type="SequencePoint" vc="1" uspid="6788" ordinal="0" offset="0" sl="16" sc="44" el="16" ec="48" bec="0" bev="0" fileid="146" />
            </Method>
            <Method visited="true" cyclomaticComplexity="1" nPathComplexity="0" sequenceCoverage="100" branchCoverage="100" isConstructor="false" isStatic="false" isGetter="false" isSetter="true">
              <Summary numSequencePoints="1" visitedSequencePoints="1" numBranchPoints="1" visitedBranchPoints="1" sequenceCoverage="100" branchCoverage="100" maxCyclomaticComplexity="1" minCyclomaticComplexity="1" visitedClasses="0" numClasses="0" visitedMethods="1" numMethods="1" />
              <MetadataToken>100664130</MetadataToken>
              <Name>System.Void SportsWeb.Services.DomainModel.Commands.AddCustomSceneCommand::set_ModifiedBy(System.String)</Name>
              <FileRef uid="146" />
              <SequencePoints>
                <SequencePoint vc="3" uspid="6789" ordinal="0" offset="0" sl="16" sc="49" el="16" ec="53" bec="0" bev="0" fileid="146" />
              </SequencePoints>
              <BranchPoints />
              <MethodPoint xsi:type="SequencePoint" vc="3" uspid="6789" ordinal="0" offset="0" sl="16" sc="49" el="16" ec="53" bec="0" bev="0" fileid="146" />
            </Method>
            <Method visited="true" cyclomaticComplexity="1" nPathComplexity="0" sequenceCoverage="0" branchCoverage="0" isConstructor="true" isStatic="false" isGetter="false" isSetter="false">
              <Summary numSequencePoints="0" visitedSequencePoints="0" numBranchPoints="0" visitedBranchPoints="0" sequenceCoverage="0" branchCoverage="0" maxCyclomaticComplexity="1" minCyclomaticComplexity="1" visitedClasses="0" numClasses="0" visitedMethods="0" numMethods="0" />
              <MetadataToken>100664131</MetadataToken>
              <Name>System.Void SportsWeb.Services.DomainModel.Commands.AddCustomSceneCommand::.ctor()</Name>
              <SequencePoints />
              <BranchPoints />
              <MethodPoint vc="4" uspid="6790" ordinal="0" offset="0" />
            </Method>
          </Methods>
        </Class>
        <Class>
          <Summary numSequencePoints="14" visitedSequencePoints="10" numBranchPoints="14" visitedBranchPoints="10" sequenceCoverage="71.43" branchCoverage="71.43" maxCyclomaticComplexity="1" minCyclomaticComplexity="1" visitedClasses="1" numClasses="1" visitedMethods="10" numMethods="14" />
          <FullName>SportsWeb.Services.DomainModel.Commands.UpdateCustomSceneCommand</FullName>
          <Methods>
            <Method visited="true" cyclomaticComplexity="1" nPathComplexity="0" sequenceCoverage="100" branchCoverage="100" isConstructor="false" isStatic="false" isGetter="true" isSetter="false">
              <Summary numSequencePoints="1" visitedSequencePoints="1" numBranchPoints="1" visitedBranchPoints="1" sequenceCoverage="100" branchCoverage="100" maxCyclomaticComplexity="1" minCyclomaticComplexity="1" visitedClasses="0" numClasses="0" visitedMethods="1" numMethods="1" />
              <MetadataToken>100664132</MetadataToken>
              <Name>System.Guid SportsWeb.Services.DomainModel.Commands.UpdateCustomSceneCommand::get_Id()</Name>
              <FileRef uid="147" />
              <SequencePoints>
                <SequencePoint vc="1" uspid="6791" ordinal="0" offset="0" sl="12" sc="26" el="12" ec="30" bec="0" bev="0" fileid="147" />
              </SequencePoints>
              <BranchPoints />
              <MethodPoint xsi:type="SequencePoint" vc="1" uspid="6791" ordinal="0" offset="0" sl="12" sc="26" el="12" ec="30" bec="0" bev="0" fileid="147" />
            </Method>
            <Method visited="true" cyclomaticComplexity="1" nPathComplexity="0" sequenceCoverage="100" branchCoverage="100" isConstructor="false" isStatic="false" isGetter="false" isSetter="true">
              <Summary numSequencePoints="1" visitedSequencePoints="1" numBranchPoints="1" visitedBranchPoints="1" sequenceCoverage="100" branchCoverage="100" maxCyclomaticComplexity="1" minCyclomaticComplexity="1" visitedClasses="0" numClasses="0" visitedMethods="1" numMethods="1" />
              <MetadataToken>100664133</MetadataToken>
              <Name>System.Void SportsWeb.Services.DomainModel.Commands.UpdateCustomSceneCommand::set_Id(System.Guid)</Name>
              <FileRef uid="147" />
              <SequencePoints>
                <SequencePoint vc="1" uspid="6792" ordinal="0" offset="0" sl="12" sc="31" el="12" ec="35" bec="0" bev="0" fileid="147" />
              </SequencePoints>
              <BranchPoints />
              <MethodPoint xsi:type="SequencePoint" vc="1" uspid="6792" ordinal="0" offset="0" sl="12" sc="31" el="12" ec="35" bec="0" bev="0" fileid="147" />
            </Method>
            <Method visited="true" cyclomaticComplexity="1" nPathComplexity="0" sequenceCoverage="100" branchCoverage="100" isConstructor="false" isStatic="false" isGetter="true" isSetter="false">
              <Summary numSequencePoints="1" visitedSequencePoints="1" numBranchPoints="1" visitedBranchPoints="1" sequenceCoverage="100" branchCoverage="100" maxCyclomaticComplexity="1" minCyclomaticComplexity="1" visitedClasses="0" numClasses="0" visitedMethods="1" numMethods="1" />
              <MetadataToken>100664134</MetadataToken>
              <Name>System.Nullable`1&lt;System.Guid&gt; SportsWeb.Services.DomainModel.Commands.UpdateCustomSceneCommand::get_SiteId()</Name>
              <FileRef uid="147" />
              <SequencePoints>
                <SequencePoint vc="1" uspid="6793" ordinal="0" offset="0" sl="13" sc="39" el="13" ec="43" bec="0" bev="0" fileid="147" />
              </SequencePoints>
              <BranchPoints />
              <MethodPoint xsi:type="SequencePoint" vc="1" uspid="6793" ordinal="0" offset="0" sl="13" sc="39" el="13" ec="43" bec="0" bev="0" fileid="147" />
            </Method>
            <Method visited="true" cyclomaticComplexity="1" nPathComplexity="0" sequenceCoverage="100" branchCoverage="100" isConstructor="false" isStatic="false" isGetter="false" isSetter="true">
              <Summary numSequencePoints="1" visitedSequencePoints="1" numBranchPoints="1" visitedBranchPoints="1" sequenceCoverage="100" branchCoverage="100" maxCyclomaticComplexity="1" minCyclomaticComplexity="1" visitedClasses="0" numClasses="0" visitedMethods="1" numMethods="1" />
              <MetadataToken>100664135</MetadataToken>
              <Name>System.Void SportsWeb.Services.DomainModel.Commands.UpdateCustomSceneCommand::set_SiteId(System.Nullable`1&lt;System.Guid&gt;)</Name>
              <FileRef uid="147" />
              <SequencePoints>
                <SequencePoint vc="1" uspid="6794" ordinal="0" offset="0" sl="13" sc="44" el="13" ec="48" bec="0" bev="0" fileid="147" />
              </SequencePoints>
              <BranchPoints />
              <MethodPoint xsi:type="SequencePoint" vc="1" uspid="6794" ordinal="0" offset="0" sl="13" sc="44" el="13" ec="48" bec="0" bev="0" fileid="147" />
            </Method>
            <Method visited="true" cyclomaticComplexity="1" nPathComplexity="0" sequenceCoverage="100" branchCoverage="100" isConstructor="false" isStatic="false" isGetter="true" isSetter="false">
              <Summary numSequencePoints="1" visitedSequencePoints="1" numBranchPoints="1" visitedBranchPoints="1" sequenceCoverage="100" branchCoverage="100" maxCyclomaticComplexity="1" minCyclomaticComplexity="1" visitedClasses="0" numClasses="0" visitedMethods="1" numMethods="1" />
              <MetadataToken>100664136</MetadataToken>
              <Name>System.Nullable`1&lt;System.Guid&gt; SportsWeb.Services.DomainModel.Commands.UpdateCustomSceneCommand::get_FieldId()</Name>
              <FileRef uid="147" />
              <SequencePoints>
                <SequencePoint vc="1" uspid="6795" ordinal="0" offset="0" sl="15" sc="40" el="15" ec="44" bec="0" bev="0" fileid="147" />
              </SequencePoints>
              <BranchPoints />
              <MethodPoint xsi:type="SequencePoint" vc="1" uspid="6795" ordinal="0" offset="0" sl="15" sc="40" el="15" ec="44" bec="0" bev="0" fileid="147" />
            </Method>
            <Method visited="true" cyclomaticComplexity="1" nPathComplexity="0" sequenceCoverage="100" branchCoverage="100" isConstructor="false" isStatic="false" isGetter="false" isSetter="true">
              <Summary numSequencePoints="1" visitedSequencePoints="1" numBranchPoints="1" visitedBranchPoints="1" sequenceCoverage="100" branchCoverage="100" maxCyclomaticComplexity="1" minCyclomaticComplexity="1" visitedClasses="0" numClasses="0" visitedMethods="1" numMethods="1" />
              <MetadataToken>100664137</MetadataToken>
              <Name>System.Void SportsWeb.Services.DomainModel.Commands.UpdateCustomSceneCommand::set_FieldId(System.Nullable`1&lt;System.Guid&gt;)</Name>
              <FileRef uid="147" />
              <SequencePoints>
                <SequencePoint vc="1" uspid="6796" ordinal="0" offset="0" sl="15" sc="45" el="15" ec="49" bec="0" bev="0" fileid="147" />
              </SequencePoints>
              <BranchPoints />
              <MethodPoint xsi:type="SequencePoint" vc="1" uspid="6796" ordinal="0" offset="0" sl="15" sc="45" el="15" ec="49" bec="0" bev="0" fileid="147" />
            </Method>
            <Method visited="false" cyclomaticComplexity="1" nPathComplexity="0" sequenceCoverage="0" branchCoverage="0" isConstructor="false" isStatic="false" isGetter="true" isSetter="false">
              <Summary numSequencePoints="1" visitedSequencePoints="0" numBranchPoints="1" visitedBranchPoints="0" sequenceCoverage="0" branchCoverage="0" maxCyclomaticComplexity="1" minCyclomaticComplexity="1" visitedClasses="0" numClasses="0" visitedMethods="0" numMethods="1" />
              <MetadataToken>100664138</MetadataToken>
              <Name>System.String SportsWeb.Services.DomainModel.Commands.UpdateCustomSceneCommand::get_PerfectPlayScene()</Name>
              <FileRef uid="147" />
              <SequencePoints>
                <SequencePoint vc="0" uspid="6797" ordinal="0" offset="0" sl="17" sc="50" el="17" ec="54" bec="0" bev="0" fileid="147" />
              </SequencePoints>
              <BranchPoints />
              <MethodPoint xsi:type="SequencePoint" vc="0" uspid="6797" ordinal="0" offset="0" sl="17" sc="50" el="17" ec="54" bec="0" bev="0" fileid="147" />
            </Method>
            <Method visited="true" cyclomaticComplexity="1" nPathComplexity="0" sequenceCoverage="100" branchCoverage="100" isConstructor="false" isStatic="false" isGetter="false" isSetter="true">
              <Summary numSequencePoints="1" visitedSequencePoints="1" numBranchPoints="1" visitedBranchPoints="1" sequenceCoverage="100" branchCoverage="100" maxCyclomaticComplexity="1" minCyclomaticComplexity="1" visitedClasses="0" numClasses="0" visitedMethods="1" numMethods="1" />
              <MetadataToken>100664139</MetadataToken>
              <Name>System.Void SportsWeb.Services.DomainModel.Commands.UpdateCustomSceneCommand::set_PerfectPlayScene(System.String)</Name>
              <FileRef uid="147" />
              <SequencePoints>
                <SequencePoint vc="1" uspid="6798" ordinal="0" offset="0" sl="17" sc="55" el="17" ec="59" bec="0" bev="0" fileid="147" />
              </SequencePoints>
              <BranchPoints />
              <MethodPoint xsi:type="SequencePoint" vc="1" uspid="6798" ordinal="0" offset="0" sl="17" sc="55" el="17" ec="59" bec="0" bev="0" fileid="147" />
            </Method>
            <Method visited="true" cyclomaticComplexity="1" nPathComplexity="0" sequenceCoverage="100" branchCoverage="100" isConstructor="false" isStatic="false" isGetter="true" isSetter="false">
              <Summary numSequencePoints="1" visitedSequencePoints="1" numBranchPoints="1" visitedBranchPoints="1" sequenceCoverage="100" branchCoverage="100" maxCyclomaticComplexity="1" minCyclomaticComplexity="1" visitedClasses="0" numClasses="0" visitedMethods="1" numMethods="1" />
              <MetadataToken>100664140</MetadataToken>
              <Name>System.String SportsWeb.Services.DomainModel.Commands.UpdateCustomSceneCommand::get_CustomScene()</Name>
              <FileRef uid="147" />
              <SequencePoints>
                <SequencePoint vc="1" uspid="6799" ordinal="0" offset="0" sl="19" sc="45" el="19" ec="49" bec="0" bev="0" fileid="147" />
              </SequencePoints>
              <BranchPoints />
              <MethodPoint xsi:type="SequencePoint" vc="1" uspid="6799" ordinal="0" offset="0" sl="19" sc="45" el="19" ec="49" bec="0" bev="0" fileid="147" />
            </Method>
            <Method visited="true" cyclomaticComplexity="1" nPathComplexity="0" sequenceCoverage="100" branchCoverage="100" isConstructor="false" isStatic="false" isGetter="false" isSetter="true">
              <Summary numSequencePoints="1" visitedSequencePoints="1" numBranchPoints="1" visitedBranchPoints="1" sequenceCoverage="100" branchCoverage="100" maxCyclomaticComplexity="1" minCyclomaticComplexity="1" visitedClasses="0" numClasses="0" visitedMethods="1" numMethods="1" />
              <MetadataToken>100664141</MetadataToken>
              <Name>System.Void SportsWeb.Services.DomainModel.Commands.UpdateCustomSceneCommand::set_CustomScene(System.String)</Name>
              <FileRef uid="147" />
              <SequencePoints>
                <SequencePoint vc="1" uspid="6800" ordinal="0" offset="0" sl="19" sc="50" el="19" ec="54" bec="0" bev="0" fileid="147" />
              </SequencePoints>
              <BranchPoints />
              <MethodPoint xsi:type="SequencePoint" vc="1" uspid="6800" ordinal="0" offset="0" sl="19" sc="50" el="19" ec="54" bec="0" bev="0" fileid="147" />
            </Method>
            <Method visited="false" cyclomaticComplexity="1" nPathComplexity="0" sequenceCoverage="0" branchCoverage="0" isConstructor="false" isStatic="false" isGetter="true" isSetter="false">
              <Summary numSequencePoints="1" visitedSequencePoints="0" numBranchPoints="1" visitedBranchPoints="0" sequenceCoverage="0" branchCoverage="0" maxCyclomaticComplexity="1" minCyclomaticComplexity="1" visitedClasses="0" numClasses="0" visitedMethods="0" numMethods="1" />
              <MetadataToken>100664142</MetadataToken>
              <Name>System.String SportsWeb.Services.DomainModel.Commands.UpdateCustomSceneCommand::get_CreatedBy()</Name>
              <FileRef uid="147" />
              <SequencePoints>
                <SequencePoint vc="0" uspid="6801" ordinal="0" offset="0" sl="20" sc="43" el="20" ec="47" bec="0" bev="0" fileid="147" />
              </SequencePoints>
              <BranchPoints />
              <MethodPoint xsi:type="SequencePoint" vc="0" uspid="6801" ordinal="0" offset="0" sl="20" sc="43" el="20" ec="47" bec="0" bev="0" fileid="147" />
            </Method>
            <Method visited="false" cyclomaticComplexity="1" nPathComplexity="0" sequenceCoverage="0" branchCoverage="0" isConstructor="false" isStatic="false" isGetter="false" isSetter="true">
              <Summary numSequencePoints="1" visitedSequencePoints="0" numBranchPoints="1" visitedBranchPoints="0" sequenceCoverage="0" branchCoverage="0" maxCyclomaticComplexity="1" minCyclomaticComplexity="1" visitedClasses="0" numClasses="0" visitedMethods="0" numMethods="1" />
              <MetadataToken>100664143</MetadataToken>
              <Name>System.Void SportsWeb.Services.DomainModel.Commands.UpdateCustomSceneCommand::set_CreatedBy(System.String)</Name>
              <FileRef uid="147" />
              <SequencePoints>
                <SequencePoint vc="0" uspid="6802" ordinal="0" offset="0" sl="20" sc="48" el="20" ec="52" bec="0" bev="0" fileid="147" />
              </SequencePoints>
              <BranchPoints />
              <MethodPoint xsi:type="SequencePoint" vc="0" uspid="6802" ordinal="0" offset="0" sl="20" sc="48" el="20" ec="52" bec="0" bev="0" fileid="147" />
            </Method>
            <Method visited="true" cyclomaticComplexity="1" nPathComplexity="0" sequenceCoverage="100" branchCoverage="100" isConstructor="false" isStatic="false" isGetter="true" isSetter="false">
              <Summary numSequencePoints="1" visitedSequencePoints="1" numBranchPoints="1" visitedBranchPoints="1" sequenceCoverage="100" branchCoverage="100" maxCyclomaticComplexity="1" minCyclomaticComplexity="1" visitedClasses="0" numClasses="0" visitedMethods="1" numMethods="1" />
              <MetadataToken>100664144</MetadataToken>
              <Name>System.String SportsWeb.Services.DomainModel.Commands.UpdateCustomSceneCommand::get_ModifiedBy()</Name>
              <FileRef uid="147" />
              <SequencePoints>
                <SequencePoint vc="1" uspid="6803" ordinal="0" offset="0" sl="21" sc="44" el="21" ec="48" bec="0" bev="0" fileid="147" />
              </SequencePoints>
              <BranchPoints />
              <MethodPoint xsi:type="SequencePoint" vc="1" uspid="6803" ordinal="0" offset="0" sl="21" sc="44" el="21" ec="48" bec="0" bev="0" fileid="147" />
            </Method>
            <Method visited="false" cyclomaticComplexity="1" nPathComplexity="0" sequenceCoverage="0" branchCoverage="0" isConstructor="false" isStatic="false" isGetter="false" isSetter="true">
              <Summary numSequencePoints="1" visitedSequencePoints="0" numBranchPoints="1" visitedBranchPoints="0" sequenceCoverage="0" branchCoverage="0" maxCyclomaticComplexity="1" minCyclomaticComplexity="1" visitedClasses="0" numClasses="0" visitedMethods="0" numMethods="1" />
              <MetadataToken>100664145</MetadataToken>
              <Name>System.Void SportsWeb.Services.DomainModel.Commands.UpdateCustomSceneCommand::set_ModifiedBy(System.String)</Name>
              <FileRef uid="147" />
              <SequencePoints>
                <SequencePoint vc="0" uspid="6804" ordinal="0" offset="0" sl="21" sc="49" el="21" ec="53" bec="0" bev="0" fileid="147" />
              </SequencePoints>
              <BranchPoints />
              <MethodPoint xsi:type="SequencePoint" vc="0" uspid="6804" ordinal="0" offset="0" sl="21" sc="49" el="21" ec="53" bec="0" bev="0" fileid="147" />
            </Method>
            <Method visited="true" cyclomaticComplexity="1" nPathComplexity="0" sequenceCoverage="0" branchCoverage="0" isConstructor="true" isStatic="false" isGetter="false" isSetter="false">
              <Summary numSequencePoints="0" visitedSequencePoints="0" numBranchPoints="0" visitedBranchPoints="0" sequenceCoverage="0" branchCoverage="0" maxCyclomaticComplexity="1" minCyclomaticComplexity="1" visitedClasses="0" numClasses="0" visitedMethods="0" numMethods="0" />
              <MetadataToken>100664146</MetadataToken>
              <Name>System.Void SportsWeb.Services.DomainModel.Commands.UpdateCustomSceneCommand::.ctor()</Name>
              <SequencePoints />
              <BranchPoints />
              <MethodPoint vc="1" uspid="6805" ordinal="0" offset="0" />
            </Method>
          </Methods>
        </Class>
        <Class>
          <Summary numSequencePoints="32" visitedSequencePoints="28" numBranchPoints="32" visitedBranchPoints="28" sequenceCoverage="87.5" branchCoverage="87.5" maxCyclomaticComplexity="1" minCyclomaticComplexity="1" visitedClasses="1" numClasses="1" visitedMethods="28" numMethods="32" />
          <FullName>SportsWeb.Services.DomainModel.Commands.UpdateScheduleCommand</FullName>
          <Methods>
            <Method visited="true" cyclomaticComplexity="1" nPathComplexity="0" sequenceCoverage="100" branchCoverage="100" isConstructor="false" isStatic="false" isGetter="true" isSetter="false">
              <Summary numSequencePoints="1" visitedSequencePoints="1" numBranchPoints="1" visitedBranchPoints="1" sequenceCoverage="100" branchCoverage="100" maxCyclomaticComplexity="1" minCyclomaticComplexity="1" visitedClasses="0" numClasses="0" visitedMethods="1" numMethods="1" />
              <MetadataToken>100664147</MetadataToken>
              <Name>System.Guid SportsWeb.Services.DomainModel.Commands.UpdateScheduleCommand::get_Id()</Name>
              <FileRef uid="148" />
              <SequencePoints>
                <SequencePoint vc="1" uspid="6806" ordinal="0" offset="0" sl="8" sc="26" el="8" ec="30" bec="0" bev="0" fileid="148" />
              </SequencePoints>
              <BranchPoints />
              <MethodPoint xsi:type="SequencePoint" vc="1" uspid="6806" ordinal="0" offset="0" sl="8" sc="26" el="8" ec="30" bec="0" bev="0" fileid="148" />
            </Method>
            <Method visited="true" cyclomaticComplexity="1" nPathComplexity="0" sequenceCoverage="100" branchCoverage="100" isConstructor="false" isStatic="false" isGetter="false" isSetter="true">
              <Summary numSequencePoints="1" visitedSequencePoints="1" numBranchPoints="1" visitedBranchPoints="1" sequenceCoverage="100" branchCoverage="100" maxCyclomaticComplexity="1" minCyclomaticComplexity="1" visitedClasses="0" numClasses="0" visitedMethods="1" numMethods="1" />
              <MetadataToken>100664148</MetadataToken>
              <Name>System.Void SportsWeb.Services.DomainModel.Commands.UpdateScheduleCommand::set_Id(System.Guid)</Name>
              <FileRef uid="148" />
              <SequencePoints>
                <SequencePoint vc="40" uspid="6807" ordinal="0" offset="0" sl="8" sc="31" el="8" ec="35" bec="0" bev="0" fileid="148" />
              </SequencePoints>
              <BranchPoints />
              <MethodPoint xsi:type="SequencePoint" vc="40" uspid="6807" ordinal="0" offset="0" sl="8" sc="31" el="8" ec="35" bec="0" bev="0" fileid="148" />
            </Method>
            <Method visited="false" cyclomaticComplexity="1" nPathComplexity="0" sequenceCoverage="0" branchCoverage="0" isConstructor="false" isStatic="false" isGetter="true" isSetter="false">
              <Summary numSequencePoints="1" visitedSequencePoints="0" numBranchPoints="1" visitedBranchPoints="0" sequenceCoverage="0" branchCoverage="0" maxCyclomaticComplexity="1" minCyclomaticComplexity="1" visitedClasses="0" numClasses="0" visitedMethods="0" numMethods="1" />
              <MetadataToken>100664149</MetadataToken>
              <Name>System.Int64 SportsWeb.Services.DomainModel.Commands.UpdateScheduleCommand::get_ScheduleId()</Name>
              <FileRef uid="148" />
              <SequencePoints>
                <SequencePoint vc="0" uspid="6808" ordinal="0" offset="0" sl="9" sc="34" el="9" ec="38" bec="0" bev="0" fileid="148" />
              </SequencePoints>
              <BranchPoints />
              <MethodPoint xsi:type="SequencePoint" vc="0" uspid="6808" ordinal="0" offset="0" sl="9" sc="34" el="9" ec="38" bec="0" bev="0" fileid="148" />
            </Method>
            <Method visited="true" cyclomaticComplexity="1" nPathComplexity="0" sequenceCoverage="100" branchCoverage="100" isConstructor="false" isStatic="false" isGetter="false" isSetter="true">
              <Summary numSequencePoints="1" visitedSequencePoints="1" numBranchPoints="1" visitedBranchPoints="1" sequenceCoverage="100" branchCoverage="100" maxCyclomaticComplexity="1" minCyclomaticComplexity="1" visitedClasses="0" numClasses="0" visitedMethods="1" numMethods="1" />
              <MetadataToken>100664150</MetadataToken>
              <Name>System.Void SportsWeb.Services.DomainModel.Commands.UpdateScheduleCommand::set_ScheduleId(System.Int64)</Name>
              <FileRef uid="148" />
              <SequencePoints>
                <SequencePoint vc="34" uspid="6809" ordinal="0" offset="0" sl="9" sc="39" el="9" ec="43" bec="0" bev="0" fileid="148" />
              </SequencePoints>
              <BranchPoints />
              <MethodPoint xsi:type="SequencePoint" vc="34" uspid="6809" ordinal="0" offset="0" sl="9" sc="39" el="9" ec="43" bec="0" bev="0" fileid="148" />
            </Method>
            <Method visited="true" cyclomaticComplexity="1" nPathComplexity="0" sequenceCoverage="100" branchCoverage="100" isConstructor="false" isStatic="false" isGetter="true" isSetter="false">
              <Summary numSequencePoints="1" visitedSequencePoints="1" numBranchPoints="1" visitedBranchPoints="1" sequenceCoverage="100" branchCoverage="100" maxCyclomaticComplexity="1" minCyclomaticComplexity="1" visitedClasses="0" numClasses="0" visitedMethods="1" numMethods="1" />
              <MetadataToken>100664151</MetadataToken>
              <Name>System.String SportsWeb.Services.DomainModel.Commands.UpdateScheduleCommand::get_ProgramName()</Name>
              <FileRef uid="148" />
              <SequencePoints>
                <SequencePoint vc="3" uspid="6810" ordinal="0" offset="0" sl="10" sc="37" el="10" ec="41" bec="0" bev="0" fileid="148" />
              </SequencePoints>
              <BranchPoints />
              <MethodPoint xsi:type="SequencePoint" vc="3" uspid="6810" ordinal="0" offset="0" sl="10" sc="37" el="10" ec="41" bec="0" bev="0" fileid="148" />
            </Method>
            <Method visited="true" cyclomaticComplexity="1" nPathComplexity="0" sequenceCoverage="100" branchCoverage="100" isConstructor="false" isStatic="false" isGetter="false" isSetter="true">
              <Summary numSequencePoints="1" visitedSequencePoints="1" numBranchPoints="1" visitedBranchPoints="1" sequenceCoverage="100" branchCoverage="100" maxCyclomaticComplexity="1" minCyclomaticComplexity="1" visitedClasses="0" numClasses="0" visitedMethods="1" numMethods="1" />
              <MetadataToken>100664152</MetadataToken>
              <Name>System.Void SportsWeb.Services.DomainModel.Commands.UpdateScheduleCommand::set_ProgramName(System.String)</Name>
              <FileRef uid="148" />
              <SequencePoints>
                <SequencePoint vc="40" uspid="6811" ordinal="0" offset="0" sl="10" sc="42" el="10" ec="46" bec="0" bev="0" fileid="148" />
              </SequencePoints>
              <BranchPoints />
              <MethodPoint xsi:type="SequencePoint" vc="40" uspid="6811" ordinal="0" offset="0" sl="10" sc="42" el="10" ec="46" bec="0" bev="0" fileid="148" />
            </Method>
            <Method visited="true" cyclomaticComplexity="1" nPathComplexity="0" sequenceCoverage="100" branchCoverage="100" isConstructor="false" isStatic="false" isGetter="true" isSetter="false">
              <Summary numSequencePoints="1" visitedSequencePoints="1" numBranchPoints="1" visitedBranchPoints="1" sequenceCoverage="100" branchCoverage="100" maxCyclomaticComplexity="1" minCyclomaticComplexity="1" visitedClasses="0" numClasses="0" visitedMethods="1" numMethods="1" />
              <MetadataToken>100664153</MetadataToken>
              <Name>System.String SportsWeb.Services.DomainModel.Commands.UpdateScheduleCommand::get_Description()</Name>
              <FileRef uid="148" />
              <SequencePoints>
                <SequencePoint vc="4" uspid="6812" ordinal="0" offset="0" sl="11" sc="37" el="11" ec="41" bec="0" bev="0" fileid="148" />
              </SequencePoints>
              <BranchPoints />
              <MethodPoint xsi:type="SequencePoint" vc="4" uspid="6812" ordinal="0" offset="0" sl="11" sc="37" el="11" ec="41" bec="0" bev="0" fileid="148" />
            </Method>
            <Method visited="true" cyclomaticComplexity="1" nPathComplexity="0" sequenceCoverage="100" branchCoverage="100" isConstructor="false" isStatic="false" isGetter="false" isSetter="true">
              <Summary numSequencePoints="1" visitedSequencePoints="1" numBranchPoints="1" visitedBranchPoints="1" sequenceCoverage="100" branchCoverage="100" maxCyclomaticComplexity="1" minCyclomaticComplexity="1" visitedClasses="0" numClasses="0" visitedMethods="1" numMethods="1" />
              <MetadataToken>100664154</MetadataToken>
              <Name>System.Void SportsWeb.Services.DomainModel.Commands.UpdateScheduleCommand::set_Description(System.String)</Name>
              <FileRef uid="148" />
              <SequencePoints>
                <SequencePoint vc="40" uspid="6813" ordinal="0" offset="0" sl="11" sc="42" el="11" ec="46" bec="0" bev="0" fileid="148" />
              </SequencePoints>
              <BranchPoints />
              <MethodPoint xsi:type="SequencePoint" vc="40" uspid="6813" ordinal="0" offset="0" sl="11" sc="42" el="11" ec="46" bec="0" bev="0" fileid="148" />
            </Method>
            <Method visited="false" cyclomaticComplexity="1" nPathComplexity="0" sequenceCoverage="0" branchCoverage="0" isConstructor="false" isStatic="false" isGetter="true" isSetter="false">
              <Summary numSequencePoints="1" visitedSequencePoints="0" numBranchPoints="1" visitedBranchPoints="0" sequenceCoverage="0" branchCoverage="0" maxCyclomaticComplexity="1" minCyclomaticComplexity="1" visitedClasses="0" numClasses="0" visitedMethods="0" numMethods="1" />
              <MetadataToken>100664155</MetadataToken>
              <Name>System.Guid SportsWeb.Services.DomainModel.Commands.UpdateScheduleCommand::get_SiteId()</Name>
              <FileRef uid="148" />
              <SequencePoints>
                <SequencePoint vc="0" uspid="6814" ordinal="0" offset="0" sl="12" sc="30" el="12" ec="34" bec="0" bev="0" fileid="148" />
              </SequencePoints>
              <BranchPoints />
              <MethodPoint xsi:type="SequencePoint" vc="0" uspid="6814" ordinal="0" offset="0" sl="12" sc="30" el="12" ec="34" bec="0" bev="0" fileid="148" />
            </Method>
            <Method visited="true" cyclomaticComplexity="1" nPathComplexity="0" sequenceCoverage="100" branchCoverage="100" isConstructor="false" isStatic="false" isGetter="false" isSetter="true">
              <Summary numSequencePoints="1" visitedSequencePoints="1" numBranchPoints="1" visitedBranchPoints="1" sequenceCoverage="100" branchCoverage="100" maxCyclomaticComplexity="1" minCyclomaticComplexity="1" visitedClasses="0" numClasses="0" visitedMethods="1" numMethods="1" />
              <MetadataToken>100664156</MetadataToken>
              <Name>System.Void SportsWeb.Services.DomainModel.Commands.UpdateScheduleCommand::set_SiteId(System.Guid)</Name>
              <FileRef uid="148" />
              <SequencePoints>
                <SequencePoint vc="34" uspid="6815" ordinal="0" offset="0" sl="12" sc="35" el="12" ec="39" bec="0" bev="0" fileid="148" />
              </SequencePoints>
              <BranchPoints />
              <MethodPoint xsi:type="SequencePoint" vc="34" uspid="6815" ordinal="0" offset="0" sl="12" sc="35" el="12" ec="39" bec="0" bev="0" fileid="148" />
            </Method>
            <Method visited="true" cyclomaticComplexity="1" nPathComplexity="0" sequenceCoverage="100" branchCoverage="100" isConstructor="false" isStatic="false" isGetter="true" isSetter="false">
              <Summary numSequencePoints="1" visitedSequencePoints="1" numBranchPoints="1" visitedBranchPoints="1" sequenceCoverage="100" branchCoverage="100" maxCyclomaticComplexity="1" minCyclomaticComplexity="1" visitedClasses="0" numClasses="0" visitedMethods="1" numMethods="1" />
              <MetadataToken>100664157</MetadataToken>
              <Name>System.Nullable`1&lt;System.Guid&gt; SportsWeb.Services.DomainModel.Commands.UpdateScheduleCommand::get_FieldId()</Name>
              <FileRef uid="148" />
              <SequencePoints>
                <SequencePoint vc="1" uspid="6816" ordinal="0" offset="0" sl="13" sc="32" el="13" ec="36" bec="0" bev="0" fileid="148" />
              </SequencePoints>
              <BranchPoints />
              <MethodPoint xsi:type="SequencePoint" vc="1" uspid="6816" ordinal="0" offset="0" sl="13" sc="32" el="13" ec="36" bec="0" bev="0" fileid="148" />
            </Method>
            <Method visited="true" cyclomaticComplexity="1" nPathComplexity="0" sequenceCoverage="100" branchCoverage="100" isConstructor="false" isStatic="false" isGetter="false" isSetter="true">
              <Summary numSequencePoints="1" visitedSequencePoints="1" numBranchPoints="1" visitedBranchPoints="1" sequenceCoverage="100" branchCoverage="100" maxCyclomaticComplexity="1" minCyclomaticComplexity="1" visitedClasses="0" numClasses="0" visitedMethods="1" numMethods="1" />
              <MetadataToken>100664158</MetadataToken>
              <Name>System.Void SportsWeb.Services.DomainModel.Commands.UpdateScheduleCommand::set_FieldId(System.Nullable`1&lt;System.Guid&gt;)</Name>
              <FileRef uid="148" />
              <SequencePoints>
                <SequencePoint vc="2" uspid="6817" ordinal="0" offset="0" sl="13" sc="37" el="13" ec="41" bec="0" bev="0" fileid="148" />
              </SequencePoints>
              <BranchPoints />
              <MethodPoint xsi:type="SequencePoint" vc="2" uspid="6817" ordinal="0" offset="0" sl="13" sc="37" el="13" ec="41" bec="0" bev="0" fileid="148" />
            </Method>
            <Method visited="true" cyclomaticComplexity="1" nPathComplexity="0" sequenceCoverage="100" branchCoverage="100" isConstructor="false" isStatic="false" isGetter="true" isSetter="false">
              <Summary numSequencePoints="1" visitedSequencePoints="1" numBranchPoints="1" visitedBranchPoints="1" sequenceCoverage="100" branchCoverage="100" maxCyclomaticComplexity="1" minCyclomaticComplexity="1" visitedClasses="0" numClasses="0" visitedMethods="1" numMethods="1" />
              <MetadataToken>100664159</MetadataToken>
              <Name>System.Boolean SportsWeb.Services.DomainModel.Commands.UpdateScheduleCommand::get_IsMaster()</Name>
              <FileRef uid="148" />
              <SequencePoints>
                <SequencePoint vc="1" uspid="6818" ordinal="0" offset="0" sl="14" sc="32" el="14" ec="36" bec="0" bev="0" fileid="148" />
              </SequencePoints>
              <BranchPoints />
              <MethodPoint xsi:type="SequencePoint" vc="1" uspid="6818" ordinal="0" offset="0" sl="14" sc="32" el="14" ec="36" bec="0" bev="0" fileid="148" />
            </Method>
            <Method visited="true" cyclomaticComplexity="1" nPathComplexity="0" sequenceCoverage="100" branchCoverage="100" isConstructor="false" isStatic="false" isGetter="false" isSetter="true">
              <Summary numSequencePoints="1" visitedSequencePoints="1" numBranchPoints="1" visitedBranchPoints="1" sequenceCoverage="100" branchCoverage="100" maxCyclomaticComplexity="1" minCyclomaticComplexity="1" visitedClasses="0" numClasses="0" visitedMethods="1" numMethods="1" />
              <MetadataToken>100664160</MetadataToken>
              <Name>System.Void SportsWeb.Services.DomainModel.Commands.UpdateScheduleCommand::set_IsMaster(System.Boolean)</Name>
              <FileRef uid="148" />
              <SequencePoints>
                <SequencePoint vc="40" uspid="6819" ordinal="0" offset="0" sl="14" sc="37" el="14" ec="41" bec="0" bev="0" fileid="148" />
              </SequencePoints>
              <BranchPoints />
              <MethodPoint xsi:type="SequencePoint" vc="40" uspid="6819" ordinal="0" offset="0" sl="14" sc="37" el="14" ec="41" bec="0" bev="0" fileid="148" />
            </Method>
            <Method visited="false" cyclomaticComplexity="1" nPathComplexity="0" sequenceCoverage="0" branchCoverage="0" isConstructor="false" isStatic="false" isGetter="true" isSetter="false">
              <Summary numSequencePoints="1" visitedSequencePoints="0" numBranchPoints="1" visitedBranchPoints="0" sequenceCoverage="0" branchCoverage="0" maxCyclomaticComplexity="1" minCyclomaticComplexity="1" visitedClasses="0" numClasses="0" visitedMethods="0" numMethods="1" />
              <MetadataToken>100664161</MetadataToken>
              <Name>System.DateTime SportsWeb.Services.DomainModel.Commands.UpdateScheduleCommand::get_CreatedOnUtc()</Name>
              <FileRef uid="148" />
              <SequencePoints>
                <SequencePoint vc="0" uspid="6820" ordinal="0" offset="0" sl="15" sc="40" el="15" ec="44" bec="0" bev="0" fileid="148" />
              </SequencePoints>
              <BranchPoints />
              <MethodPoint xsi:type="SequencePoint" vc="0" uspid="6820" ordinal="0" offset="0" sl="15" sc="40" el="15" ec="44" bec="0" bev="0" fileid="148" />
            </Method>
            <Method visited="true" cyclomaticComplexity="1" nPathComplexity="0" sequenceCoverage="100" branchCoverage="100" isConstructor="false" isStatic="false" isGetter="false" isSetter="true">
              <Summary numSequencePoints="1" visitedSequencePoints="1" numBranchPoints="1" visitedBranchPoints="1" sequenceCoverage="100" branchCoverage="100" maxCyclomaticComplexity="1" minCyclomaticComplexity="1" visitedClasses="0" numClasses="0" visitedMethods="1" numMethods="1" />
              <MetadataToken>100664162</MetadataToken>
              <Name>System.Void SportsWeb.Services.DomainModel.Commands.UpdateScheduleCommand::set_CreatedOnUtc(System.DateTime)</Name>
              <FileRef uid="148" />
              <SequencePoints>
                <SequencePoint vc="2" uspid="6821" ordinal="0" offset="0" sl="15" sc="45" el="15" ec="49" bec="0" bev="0" fileid="148" />
              </SequencePoints>
              <BranchPoints />
              <MethodPoint xsi:type="SequencePoint" vc="2" uspid="6821" ordinal="0" offset="0" sl="15" sc="45" el="15" ec="49" bec="0" bev="0" fileid="148" />
            </Method>
            <Method visited="true" cyclomaticComplexity="1" nPathComplexity="0" sequenceCoverage="100" branchCoverage="100" isConstructor="false" isStatic="false" isGetter="true" isSetter="false">
              <Summary numSequencePoints="1" visitedSequencePoints="1" numBranchPoints="1" visitedBranchPoints="1" sequenceCoverage="100" branchCoverage="100" maxCyclomaticComplexity="1" minCyclomaticComplexity="1" visitedClasses="0" numClasses="0" visitedMethods="1" numMethods="1" />
              <MetadataToken>100664163</MetadataToken>
              <Name>System.DateTime SportsWeb.Services.DomainModel.Commands.UpdateScheduleCommand::get_MordifiedOnUtc()</Name>
              <FileRef uid="148" />
              <SequencePoints>
                <SequencePoint vc="1" uspid="6822" ordinal="0" offset="0" sl="16" sc="42" el="16" ec="46" bec="0" bev="0" fileid="148" />
              </SequencePoints>
              <BranchPoints />
              <MethodPoint xsi:type="SequencePoint" vc="1" uspid="6822" ordinal="0" offset="0" sl="16" sc="42" el="16" ec="46" bec="0" bev="0" fileid="148" />
            </Method>
            <Method visited="true" cyclomaticComplexity="1" nPathComplexity="0" sequenceCoverage="100" branchCoverage="100" isConstructor="false" isStatic="false" isGetter="false" isSetter="true">
              <Summary numSequencePoints="1" visitedSequencePoints="1" numBranchPoints="1" visitedBranchPoints="1" sequenceCoverage="100" branchCoverage="100" maxCyclomaticComplexity="1" minCyclomaticComplexity="1" visitedClasses="0" numClasses="0" visitedMethods="1" numMethods="1" />
              <MetadataToken>100664164</MetadataToken>
              <Name>System.Void SportsWeb.Services.DomainModel.Commands.UpdateScheduleCommand::set_MordifiedOnUtc(System.DateTime)</Name>
              <FileRef uid="148" />
              <SequencePoints>
                <SequencePoint vc="40" uspid="6823" ordinal="0" offset="0" sl="16" sc="47" el="16" ec="51" bec="0" bev="0" fileid="148" />
              </SequencePoints>
              <BranchPoints />
              <MethodPoint xsi:type="SequencePoint" vc="40" uspid="6823" ordinal="0" offset="0" sl="16" sc="47" el="16" ec="51" bec="0" bev="0" fileid="148" />
            </Method>
            <Method visited="false" cyclomaticComplexity="1" nPathComplexity="0" sequenceCoverage="0" branchCoverage="0" isConstructor="false" isStatic="false" isGetter="true" isSetter="false">
              <Summary numSequencePoints="1" visitedSequencePoints="0" numBranchPoints="1" visitedBranchPoints="0" sequenceCoverage="0" branchCoverage="0" maxCyclomaticComplexity="1" minCyclomaticComplexity="1" visitedClasses="0" numClasses="0" visitedMethods="0" numMethods="1" />
              <MetadataToken>100664165</MetadataToken>
              <Name>System.String SportsWeb.Services.DomainModel.Commands.UpdateScheduleCommand::get_CreatedBy()</Name>
              <FileRef uid="148" />
              <SequencePoints>
                <SequencePoint vc="0" uspid="6824" ordinal="0" offset="0" sl="17" sc="35" el="17" ec="39" bec="0" bev="0" fileid="148" />
              </SequencePoints>
              <BranchPoints />
              <MethodPoint xsi:type="SequencePoint" vc="0" uspid="6824" ordinal="0" offset="0" sl="17" sc="35" el="17" ec="39" bec="0" bev="0" fileid="148" />
            </Method>
            <Method visited="true" cyclomaticComplexity="1" nPathComplexity="0" sequenceCoverage="100" branchCoverage="100" isConstructor="false" isStatic="false" isGetter="false" isSetter="true">
              <Summary numSequencePoints="1" visitedSequencePoints="1" numBranchPoints="1" visitedBranchPoints="1" sequenceCoverage="100" branchCoverage="100" maxCyclomaticComplexity="1" minCyclomaticComplexity="1" visitedClasses="0" numClasses="0" visitedMethods="1" numMethods="1" />
              <MetadataToken>100664166</MetadataToken>
              <Name>System.Void SportsWeb.Services.DomainModel.Commands.UpdateScheduleCommand::set_CreatedBy(System.String)</Name>
              <FileRef uid="148" />
              <SequencePoints>
                <SequencePoint vc="2" uspid="6825" ordinal="0" offset="0" sl="17" sc="40" el="17" ec="44" bec="0" bev="0" fileid="148" />
              </SequencePoints>
              <BranchPoints />
              <MethodPoint xsi:type="SequencePoint" vc="2" uspid="6825" ordinal="0" offset="0" sl="17" sc="40" el="17" ec="44" bec="0" bev="0" fileid="148" />
            </Method>
            <Method visited="true" cyclomaticComplexity="1" nPathComplexity="0" sequenceCoverage="100" branchCoverage="100" isConstructor="false" isStatic="false" isGetter="true" isSetter="false">
              <Summary numSequencePoints="1" visitedSequencePoints="1" numBranchPoints="1" visitedBranchPoints="1" sequenceCoverage="100" branchCoverage="100" maxCyclomaticComplexity="1" minCyclomaticComplexity="1" visitedClasses="0" numClasses="0" visitedMethods="1" numMethods="1" />
              <MetadataToken>100664167</MetadataToken>
              <Name>System.String SportsWeb.Services.DomainModel.Commands.UpdateScheduleCommand::get_MordifiedBy()</Name>
              <FileRef uid="148" />
              <SequencePoints>
                <SequencePoint vc="1" uspid="6826" ordinal="0" offset="0" sl="18" sc="37" el="18" ec="41" bec="0" bev="0" fileid="148" />
              </SequencePoints>
              <BranchPoints />
              <MethodPoint xsi:type="SequencePoint" vc="1" uspid="6826" ordinal="0" offset="0" sl="18" sc="37" el="18" ec="41" bec="0" bev="0" fileid="148" />
            </Method>
            <Method visited="true" cyclomaticComplexity="1" nPathComplexity="0" sequenceCoverage="100" branchCoverage="100" isConstructor="false" isStatic="false" isGetter="false" isSetter="true">
              <Summary numSequencePoints="1" visitedSequencePoints="1" numBranchPoints="1" visitedBranchPoints="1" sequenceCoverage="100" branchCoverage="100" maxCyclomaticComplexity="1" minCyclomaticComplexity="1" visitedClasses="0" numClasses="0" visitedMethods="1" numMethods="1" />
              <MetadataToken>100664168</MetadataToken>
              <Name>System.Void SportsWeb.Services.DomainModel.Commands.UpdateScheduleCommand::set_MordifiedBy(System.String)</Name>
              <FileRef uid="148" />
              <SequencePoints>
                <SequencePoint vc="40" uspid="6827" ordinal="0" offset="0" sl="18" sc="42" el="18" ec="46" bec="0" bev="0" fileid="148" />
              </SequencePoints>
              <BranchPoints />
              <MethodPoint xsi:type="SequencePoint" vc="40" uspid="6827" ordinal="0" offset="0" sl="18" sc="42" el="18" ec="46" bec="0" bev="0" fileid="148" />
            </Method>
            <Method visited="true" cyclomaticComplexity="1" nPathComplexity="0" sequenceCoverage="100" branchCoverage="100" isConstructor="false" isStatic="false" isGetter="true" isSetter="false">
              <Summary numSequencePoints="1" visitedSequencePoints="1" numBranchPoints="1" visitedBranchPoints="1" sequenceCoverage="100" branchCoverage="100" maxCyclomaticComplexity="1" minCyclomaticComplexity="1" visitedClasses="0" numClasses="0" visitedMethods="1" numMethods="1" />
              <MetadataToken>100664169</MetadataToken>
              <Name>System.Int32 SportsWeb.Services.DomainModel.Commands.UpdateScheduleCommand::get_ScheduleType()</Name>
              <FileRef uid="148" />
              <SequencePoints>
                <SequencePoint vc="4" uspid="6828" ordinal="0" offset="0" sl="19" sc="35" el="19" ec="39" bec="0" bev="0" fileid="148" />
              </SequencePoints>
              <BranchPoints />
              <MethodPoint xsi:type="SequencePoint" vc="4" uspid="6828" ordinal="0" offset="0" sl="19" sc="35" el="19" ec="39" bec="0" bev="0" fileid="148" />
            </Method>
            <Method visited="true" cyclomaticComplexity="1" nPathComplexity="0" sequenceCoverage="100" branchCoverage="100" isConstructor="false" isStatic="false" isGetter="false" isSetter="true">
              <Summary numSequencePoints="1" visitedSequencePoints="1" numBranchPoints="1" visitedBranchPoints="1" sequenceCoverage="100" branchCoverage="100" maxCyclomaticComplexity="1" minCyclomaticComplexity="1" visitedClasses="0" numClasses="0" visitedMethods="1" numMethods="1" />
              <MetadataToken>100664170</MetadataToken>
              <Name>System.Void SportsWeb.Services.DomainModel.Commands.UpdateScheduleCommand::set_ScheduleType(System.Int32)</Name>
              <FileRef uid="148" />
              <SequencePoints>
                <SequencePoint vc="40" uspid="6829" ordinal="0" offset="0" sl="19" sc="40" el="19" ec="44" bec="0" bev="0" fileid="148" />
              </SequencePoints>
              <BranchPoints />
              <MethodPoint xsi:type="SequencePoint" vc="40" uspid="6829" ordinal="0" offset="0" sl="19" sc="40" el="19" ec="44" bec="0" bev="0" fileid="148" />
            </Method>
            <Method visited="true" cyclomaticComplexity="1" nPathComplexity="0" sequenceCoverage="100" branchCoverage="100" isConstructor="false" isStatic="false" isGetter="true" isSetter="false">
              <Summary numSequencePoints="1" visitedSequencePoints="1" numBranchPoints="1" visitedBranchPoints="1" sequenceCoverage="100" branchCoverage="100" maxCyclomaticComplexity="1" minCyclomaticComplexity="1" visitedClasses="0" numClasses="0" visitedMethods="1" numMethods="1" />
              <MetadataToken>100664171</MetadataToken>
              <Name>System.Nullable`1&lt;System.Guid&gt; SportsWeb.Services.DomainModel.Commands.UpdateScheduleCommand::get_ParentScheduleId()</Name>
              <FileRef uid="148" />
              <SequencePoints>
                <SequencePoint vc="1" uspid="6830" ordinal="0" offset="0" sl="20" sc="41" el="20" ec="45" bec="0" bev="0" fileid="148" />
              </SequencePoints>
              <BranchPoints />
              <MethodPoint xsi:type="SequencePoint" vc="1" uspid="6830" ordinal="0" offset="0" sl="20" sc="41" el="20" ec="45" bec="0" bev="0" fileid="148" />
            </Method>
            <Method visited="true" cyclomaticComplexity="1" nPathComplexity="0" sequenceCoverage="100" branchCoverage="100" isConstructor="false" isStatic="false" isGetter="false" isSetter="true">
              <Summary numSequencePoints="1" visitedSequencePoints="1" numBranchPoints="1" visitedBranchPoints="1" sequenceCoverage="100" branchCoverage="100" maxCyclomaticComplexity="1" minCyclomaticComplexity="1" visitedClasses="0" numClasses="0" visitedMethods="1" numMethods="1" />
              <MetadataToken>100664172</MetadataToken>
              <Name>System.Void SportsWeb.Services.DomainModel.Commands.UpdateScheduleCommand::set_ParentScheduleId(System.Nullable`1&lt;System.Guid&gt;)</Name>
              <FileRef uid="148" />
              <SequencePoints>
                <SequencePoint vc="34" uspid="6831" ordinal="0" offset="0" sl="20" sc="46" el="20" ec="50" bec="0" bev="0" fileid="148" />
              </SequencePoints>
              <BranchPoints />
              <MethodPoint xsi:type="SequencePoint" vc="34" uspid="6831" ordinal="0" offset="0" sl="20" sc="46" el="20" ec="50" bec="0" bev="0" fileid="148" />
            </Method>
            <Method visited="true" cyclomaticComplexity="1" nPathComplexity="0" sequenceCoverage="100" branchCoverage="100" isConstructor="false" isStatic="false" isGetter="true" isSetter="false">
              <Summary numSequencePoints="1" visitedSequencePoints="1" numBranchPoints="1" visitedBranchPoints="1" sequenceCoverage="100" branchCoverage="100" maxCyclomaticComplexity="1" minCyclomaticComplexity="1" visitedClasses="0" numClasses="0" visitedMethods="1" numMethods="1" />
              <MetadataToken>100664173</MetadataToken>
              <Name>System.DateTime SportsWeb.Services.DomainModel.Commands.UpdateScheduleCommand::get_ScheduleStartDate()</Name>
              <FileRef uid="148" />
              <SequencePoints>
                <SequencePoint vc="4" uspid="6832" ordinal="0" offset="0" sl="21" sc="45" el="21" ec="49" bec="0" bev="0" fileid="148" />
              </SequencePoints>
              <BranchPoints />
              <MethodPoint xsi:type="SequencePoint" vc="4" uspid="6832" ordinal="0" offset="0" sl="21" sc="45" el="21" ec="49" bec="0" bev="0" fileid="148" />
            </Method>
            <Method visited="true" cyclomaticComplexity="1" nPathComplexity="0" sequenceCoverage="100" branchCoverage="100" isConstructor="false" isStatic="false" isGetter="false" isSetter="true">
              <Summary numSequencePoints="1" visitedSequencePoints="1" numBranchPoints="1" visitedBranchPoints="1" sequenceCoverage="100" branchCoverage="100" maxCyclomaticComplexity="1" minCyclomaticComplexity="1" visitedClasses="0" numClasses="0" visitedMethods="1" numMethods="1" />
              <MetadataToken>100664174</MetadataToken>
              <Name>System.Void SportsWeb.Services.DomainModel.Commands.UpdateScheduleCommand::set_ScheduleStartDate(System.DateTime)</Name>
              <FileRef uid="148" />
              <SequencePoints>
                <SequencePoint vc="40" uspid="6833" ordinal="0" offset="0" sl="21" sc="50" el="21" ec="54" bec="0" bev="0" fileid="148" />
              </SequencePoints>
              <BranchPoints />
              <MethodPoint xsi:type="SequencePoint" vc="40" uspid="6833" ordinal="0" offset="0" sl="21" sc="50" el="21" ec="54" bec="0" bev="0" fileid="148" />
            </Method>
            <Method visited="true" cyclomaticComplexity="1" nPathComplexity="0" sequenceCoverage="100" branchCoverage="100" isConstructor="false" isStatic="false" isGetter="true" isSetter="false">
              <Summary numSequencePoints="1" visitedSequencePoints="1" numBranchPoints="1" visitedBranchPoints="1" sequenceCoverage="100" branchCoverage="100" maxCyclomaticComplexity="1" minCyclomaticComplexity="1" visitedClasses="0" numClasses="0" visitedMethods="1" numMethods="1" />
              <MetadataToken>100664175</MetadataToken>
              <Name>System.DateTime SportsWeb.Services.DomainModel.Commands.UpdateScheduleCommand::get_ScheduleEndDate()</Name>
              <FileRef uid="148" />
              <SequencePoints>
                <SequencePoint vc="4" uspid="6834" ordinal="0" offset="0" sl="22" sc="43" el="22" ec="47" bec="0" bev="0" fileid="148" />
              </SequencePoints>
              <BranchPoints />
              <MethodPoint xsi:type="SequencePoint" vc="4" uspid="6834" ordinal="0" offset="0" sl="22" sc="43" el="22" ec="47" bec="0" bev="0" fileid="148" />
            </Method>
            <Method visited="true" cyclomaticComplexity="1" nPathComplexity="0" sequenceCoverage="100" branchCoverage="100" isConstructor="false" isStatic="false" isGetter="false" isSetter="true">
              <Summary numSequencePoints="1" visitedSequencePoints="1" numBranchPoints="1" visitedBranchPoints="1" sequenceCoverage="100" branchCoverage="100" maxCyclomaticComplexity="1" minCyclomaticComplexity="1" visitedClasses="0" numClasses="0" visitedMethods="1" numMethods="1" />
              <MetadataToken>100664176</MetadataToken>
              <Name>System.Void SportsWeb.Services.DomainModel.Commands.UpdateScheduleCommand::set_ScheduleEndDate(System.DateTime)</Name>
              <FileRef uid="148" />
              <SequencePoints>
                <SequencePoint vc="40" uspid="6835" ordinal="0" offset="0" sl="22" sc="48" el="22" ec="52" bec="0" bev="0" fileid="148" />
              </SequencePoints>
              <BranchPoints />
              <MethodPoint xsi:type="SequencePoint" vc="40" uspid="6835" ordinal="0" offset="0" sl="22" sc="48" el="22" ec="52" bec="0" bev="0" fileid="148" />
            </Method>
            <Method visited="true" cyclomaticComplexity="1" nPathComplexity="0" sequenceCoverage="100" branchCoverage="100" isConstructor="false" isStatic="false" isGetter="true" isSetter="false">
              <Summary numSequencePoints="1" visitedSequencePoints="1" numBranchPoints="1" visitedBranchPoints="1" sequenceCoverage="100" branchCoverage="100" maxCyclomaticComplexity="1" minCyclomaticComplexity="1" visitedClasses="0" numClasses="0" visitedMethods="1" numMethods="1" />
              <MetadataToken>100664177</MetadataToken>
              <Name>System.Int64 SportsWeb.Services.DomainModel.Commands.UpdateScheduleCommand::get_ControllerNodeId()</Name>
              <FileRef uid="148" />
              <SequencePoints>
                <SequencePoint vc="1" uspid="6836" ordinal="0" offset="0" sl="23" sc="40" el="23" ec="44" bec="0" bev="0" fileid="148" />
              </SequencePoints>
              <BranchPoints />
              <MethodPoint xsi:type="SequencePoint" vc="1" uspid="6836" ordinal="0" offset="0" sl="23" sc="40" el="23" ec="44" bec="0" bev="0" fileid="148" />
            </Method>
            <Method visited="true" cyclomaticComplexity="1" nPathComplexity="0" sequenceCoverage="100" branchCoverage="100" isConstructor="false" isStatic="false" isGetter="false" isSetter="true">
              <Summary numSequencePoints="1" visitedSequencePoints="1" numBranchPoints="1" visitedBranchPoints="1" sequenceCoverage="100" branchCoverage="100" maxCyclomaticComplexity="1" minCyclomaticComplexity="1" visitedClasses="0" numClasses="0" visitedMethods="1" numMethods="1" />
              <MetadataToken>100664178</MetadataToken>
              <Name>System.Void SportsWeb.Services.DomainModel.Commands.UpdateScheduleCommand::set_ControllerNodeId(System.Int64)</Name>
              <FileRef uid="148" />
              <SequencePoints>
                <SequencePoint vc="18" uspid="6837" ordinal="0" offset="0" sl="23" sc="45" el="23" ec="49" bec="0" bev="0" fileid="148" />
              </SequencePoints>
              <BranchPoints />
              <MethodPoint xsi:type="SequencePoint" vc="18" uspid="6837" ordinal="0" offset="0" sl="23" sc="45" el="23" ec="49" bec="0" bev="0" fileid="148" />
            </Method>
            <Method visited="true" cyclomaticComplexity="1" nPathComplexity="0" sequenceCoverage="0" branchCoverage="0" isConstructor="true" isStatic="false" isGetter="false" isSetter="false">
              <Summary numSequencePoints="0" visitedSequencePoints="0" numBranchPoints="0" visitedBranchPoints="0" sequenceCoverage="0" branchCoverage="0" maxCyclomaticComplexity="1" minCyclomaticComplexity="1" visitedClasses="0" numClasses="0" visitedMethods="0" numMethods="0" />
              <MetadataToken>100664179</MetadataToken>
              <Name>System.Void SportsWeb.Services.DomainModel.Commands.UpdateScheduleCommand::.ctor()</Name>
              <SequencePoints />
              <BranchPoints />
              <MethodPoint vc="40" uspid="6838" ordinal="0" offset="0" />
            </Method>
          </Methods>
        </Class>
        <Class>
          <Summary numSequencePoints="32" visitedSequencePoints="18" numBranchPoints="32" visitedBranchPoints="18" sequenceCoverage="56.25" branchCoverage="56.25" maxCyclomaticComplexity="1" minCyclomaticComplexity="1" visitedClasses="1" numClasses="1" visitedMethods="18" numMethods="32" />
          <FullName>SportsWeb.Services.DomainModel.Commands.AddScheduleCommand</FullName>
          <Methods>
            <Method visited="true" cyclomaticComplexity="1" nPathComplexity="0" sequenceCoverage="100" branchCoverage="100" isConstructor="false" isStatic="false" isGetter="true" isSetter="false">
              <Summary numSequencePoints="1" visitedSequencePoints="1" numBranchPoints="1" visitedBranchPoints="1" sequenceCoverage="100" branchCoverage="100" maxCyclomaticComplexity="1" minCyclomaticComplexity="1" visitedClasses="0" numClasses="0" visitedMethods="1" numMethods="1" />
              <MetadataToken>100664180</MetadataToken>
              <Name>System.Guid SportsWeb.Services.DomainModel.Commands.AddScheduleCommand::get_Id()</Name>
              <FileRef uid="149" />
              <SequencePoints>
                <SequencePoint vc="16" uspid="6839" ordinal="0" offset="0" sl="8" sc="26" el="8" ec="30" bec="0" bev="0" fileid="149" />
              </SequencePoints>
              <BranchPoints />
              <MethodPoint xsi:type="SequencePoint" vc="16" uspid="6839" ordinal="0" offset="0" sl="8" sc="26" el="8" ec="30" bec="0" bev="0" fileid="149" />
            </Method>
            <Method visited="false" cyclomaticComplexity="1" nPathComplexity="0" sequenceCoverage="0" branchCoverage="0" isConstructor="false" isStatic="false" isGetter="false" isSetter="true">
              <Summary numSequencePoints="1" visitedSequencePoints="0" numBranchPoints="1" visitedBranchPoints="0" sequenceCoverage="0" branchCoverage="0" maxCyclomaticComplexity="1" minCyclomaticComplexity="1" visitedClasses="0" numClasses="0" visitedMethods="0" numMethods="1" />
              <MetadataToken>100664181</MetadataToken>
              <Name>System.Void SportsWeb.Services.DomainModel.Commands.AddScheduleCommand::set_Id(System.Guid)</Name>
              <FileRef uid="149" />
              <SequencePoints>
                <SequencePoint vc="0" uspid="6840" ordinal="0" offset="0" sl="8" sc="31" el="8" ec="35" bec="0" bev="0" fileid="149" />
              </SequencePoints>
              <BranchPoints />
              <MethodPoint xsi:type="SequencePoint" vc="0" uspid="6840" ordinal="0" offset="0" sl="8" sc="31" el="8" ec="35" bec="0" bev="0" fileid="149" />
            </Method>
            <Method visited="false" cyclomaticComplexity="1" nPathComplexity="0" sequenceCoverage="0" branchCoverage="0" isConstructor="false" isStatic="false" isGetter="true" isSetter="false">
              <Summary numSequencePoints="1" visitedSequencePoints="0" numBranchPoints="1" visitedBranchPoints="0" sequenceCoverage="0" branchCoverage="0" maxCyclomaticComplexity="1" minCyclomaticComplexity="1" visitedClasses="0" numClasses="0" visitedMethods="0" numMethods="1" />
              <MetadataToken>100664182</MetadataToken>
              <Name>System.Int64 SportsWeb.Services.DomainModel.Commands.AddScheduleCommand::get_ScheduleId()</Name>
              <FileRef uid="149" />
              <SequencePoints>
                <SequencePoint vc="0" uspid="6841" ordinal="0" offset="0" sl="9" sc="34" el="9" ec="38" bec="0" bev="0" fileid="149" />
              </SequencePoints>
              <BranchPoints />
              <MethodPoint xsi:type="SequencePoint" vc="0" uspid="6841" ordinal="0" offset="0" sl="9" sc="34" el="9" ec="38" bec="0" bev="0" fileid="149" />
            </Method>
            <Method visited="true" cyclomaticComplexity="1" nPathComplexity="0" sequenceCoverage="100" branchCoverage="100" isConstructor="false" isStatic="false" isGetter="false" isSetter="true">
              <Summary numSequencePoints="1" visitedSequencePoints="1" numBranchPoints="1" visitedBranchPoints="1" sequenceCoverage="100" branchCoverage="100" maxCyclomaticComplexity="1" minCyclomaticComplexity="1" visitedClasses="0" numClasses="0" visitedMethods="1" numMethods="1" />
              <MetadataToken>100664183</MetadataToken>
              <Name>System.Void SportsWeb.Services.DomainModel.Commands.AddScheduleCommand::set_ScheduleId(System.Int64)</Name>
              <FileRef uid="149" />
              <SequencePoints>
                <SequencePoint vc="37" uspid="6842" ordinal="0" offset="0" sl="9" sc="39" el="9" ec="43" bec="0" bev="0" fileid="149" />
              </SequencePoints>
              <BranchPoints />
              <MethodPoint xsi:type="SequencePoint" vc="37" uspid="6842" ordinal="0" offset="0" sl="9" sc="39" el="9" ec="43" bec="0" bev="0" fileid="149" />
            </Method>
            <Method visited="true" cyclomaticComplexity="1" nPathComplexity="0" sequenceCoverage="100" branchCoverage="100" isConstructor="false" isStatic="false" isGetter="true" isSetter="false">
              <Summary numSequencePoints="1" visitedSequencePoints="1" numBranchPoints="1" visitedBranchPoints="1" sequenceCoverage="100" branchCoverage="100" maxCyclomaticComplexity="1" minCyclomaticComplexity="1" visitedClasses="0" numClasses="0" visitedMethods="1" numMethods="1" />
              <MetadataToken>100664184</MetadataToken>
              <Name>System.String SportsWeb.Services.DomainModel.Commands.AddScheduleCommand::get_ProgramName()</Name>
              <FileRef uid="149" />
              <SequencePoints>
                <SequencePoint vc="4" uspid="6843" ordinal="0" offset="0" sl="10" sc="37" el="10" ec="41" bec="0" bev="0" fileid="149" />
              </SequencePoints>
              <BranchPoints />
              <MethodPoint xsi:type="SequencePoint" vc="4" uspid="6843" ordinal="0" offset="0" sl="10" sc="37" el="10" ec="41" bec="0" bev="0" fileid="149" />
            </Method>
            <Method visited="true" cyclomaticComplexity="1" nPathComplexity="0" sequenceCoverage="100" branchCoverage="100" isConstructor="false" isStatic="false" isGetter="false" isSetter="true">
              <Summary numSequencePoints="1" visitedSequencePoints="1" numBranchPoints="1" visitedBranchPoints="1" sequenceCoverage="100" branchCoverage="100" maxCyclomaticComplexity="1" minCyclomaticComplexity="1" visitedClasses="0" numClasses="0" visitedMethods="1" numMethods="1" />
              <MetadataToken>100664185</MetadataToken>
              <Name>System.Void SportsWeb.Services.DomainModel.Commands.AddScheduleCommand::set_ProgramName(System.String)</Name>
              <FileRef uid="149" />
              <SequencePoints>
                <SequencePoint vc="39" uspid="6844" ordinal="0" offset="0" sl="10" sc="42" el="10" ec="46" bec="0" bev="0" fileid="149" />
              </SequencePoints>
              <BranchPoints />
              <MethodPoint xsi:type="SequencePoint" vc="39" uspid="6844" ordinal="0" offset="0" sl="10" sc="42" el="10" ec="46" bec="0" bev="0" fileid="149" />
            </Method>
            <Method visited="false" cyclomaticComplexity="1" nPathComplexity="0" sequenceCoverage="0" branchCoverage="0" isConstructor="false" isStatic="false" isGetter="true" isSetter="false">
              <Summary numSequencePoints="1" visitedSequencePoints="0" numBranchPoints="1" visitedBranchPoints="0" sequenceCoverage="0" branchCoverage="0" maxCyclomaticComplexity="1" minCyclomaticComplexity="1" visitedClasses="0" numClasses="0" visitedMethods="0" numMethods="1" />
              <MetadataToken>100664186</MetadataToken>
              <Name>System.String SportsWeb.Services.DomainModel.Commands.AddScheduleCommand::get_Description()</Name>
              <FileRef uid="149" />
              <SequencePoints>
                <SequencePoint vc="0" uspid="6845" ordinal="0" offset="0" sl="11" sc="37" el="11" ec="41" bec="0" bev="0" fileid="149" />
              </SequencePoints>
              <BranchPoints />
              <MethodPoint xsi:type="SequencePoint" vc="0" uspid="6845" ordinal="0" offset="0" sl="11" sc="37" el="11" ec="41" bec="0" bev="0" fileid="149" />
            </Method>
            <Method visited="true" cyclomaticComplexity="1" nPathComplexity="0" sequenceCoverage="100" branchCoverage="100" isConstructor="false" isStatic="false" isGetter="false" isSetter="true">
              <Summary numSequencePoints="1" visitedSequencePoints="1" numBranchPoints="1" visitedBranchPoints="1" sequenceCoverage="100" branchCoverage="100" maxCyclomaticComplexity="1" minCyclomaticComplexity="1" visitedClasses="0" numClasses="0" visitedMethods="1" numMethods="1" />
              <MetadataToken>100664187</MetadataToken>
              <Name>System.Void SportsWeb.Services.DomainModel.Commands.AddScheduleCommand::set_Description(System.String)</Name>
              <FileRef uid="149" />
              <SequencePoints>
                <SequencePoint vc="39" uspid="6846" ordinal="0" offset="0" sl="11" sc="42" el="11" ec="46" bec="0" bev="0" fileid="149" />
              </SequencePoints>
              <BranchPoints />
              <MethodPoint xsi:type="SequencePoint" vc="39" uspid="6846" ordinal="0" offset="0" sl="11" sc="42" el="11" ec="46" bec="0" bev="0" fileid="149" />
            </Method>
            <Method visited="false" cyclomaticComplexity="1" nPathComplexity="0" sequenceCoverage="0" branchCoverage="0" isConstructor="false" isStatic="false" isGetter="true" isSetter="false">
              <Summary numSequencePoints="1" visitedSequencePoints="0" numBranchPoints="1" visitedBranchPoints="0" sequenceCoverage="0" branchCoverage="0" maxCyclomaticComplexity="1" minCyclomaticComplexity="1" visitedClasses="0" numClasses="0" visitedMethods="0" numMethods="1" />
              <MetadataToken>100664188</MetadataToken>
              <Name>System.Guid SportsWeb.Services.DomainModel.Commands.AddScheduleCommand::get_SiteId()</Name>
              <FileRef uid="149" />
              <SequencePoints>
                <SequencePoint vc="0" uspid="6847" ordinal="0" offset="0" sl="12" sc="30" el="12" ec="34" bec="0" bev="0" fileid="149" />
              </SequencePoints>
              <BranchPoints />
              <MethodPoint xsi:type="SequencePoint" vc="0" uspid="6847" ordinal="0" offset="0" sl="12" sc="30" el="12" ec="34" bec="0" bev="0" fileid="149" />
            </Method>
            <Method visited="true" cyclomaticComplexity="1" nPathComplexity="0" sequenceCoverage="100" branchCoverage="100" isConstructor="false" isStatic="false" isGetter="false" isSetter="true">
              <Summary numSequencePoints="1" visitedSequencePoints="1" numBranchPoints="1" visitedBranchPoints="1" sequenceCoverage="100" branchCoverage="100" maxCyclomaticComplexity="1" minCyclomaticComplexity="1" visitedClasses="0" numClasses="0" visitedMethods="1" numMethods="1" />
              <MetadataToken>100664189</MetadataToken>
              <Name>System.Void SportsWeb.Services.DomainModel.Commands.AddScheduleCommand::set_SiteId(System.Guid)</Name>
              <FileRef uid="149" />
              <SequencePoints>
                <SequencePoint vc="39" uspid="6848" ordinal="0" offset="0" sl="12" sc="35" el="12" ec="39" bec="0" bev="0" fileid="149" />
              </SequencePoints>
              <BranchPoints />
              <MethodPoint xsi:type="SequencePoint" vc="39" uspid="6848" ordinal="0" offset="0" sl="12" sc="35" el="12" ec="39" bec="0" bev="0" fileid="149" />
            </Method>
            <Method visited="false" cyclomaticComplexity="1" nPathComplexity="0" sequenceCoverage="0" branchCoverage="0" isConstructor="false" isStatic="false" isGetter="true" isSetter="false">
              <Summary numSequencePoints="1" visitedSequencePoints="0" numBranchPoints="1" visitedBranchPoints="0" sequenceCoverage="0" branchCoverage="0" maxCyclomaticComplexity="1" minCyclomaticComplexity="1" visitedClasses="0" numClasses="0" visitedMethods="0" numMethods="1" />
              <MetadataToken>100664190</MetadataToken>
              <Name>System.Nullable`1&lt;System.Guid&gt; SportsWeb.Services.DomainModel.Commands.AddScheduleCommand::get_FieldId()</Name>
              <FileRef uid="149" />
              <SequencePoints>
                <SequencePoint vc="0" uspid="6849" ordinal="0" offset="0" sl="13" sc="32" el="13" ec="36" bec="0" bev="0" fileid="149" />
              </SequencePoints>
              <BranchPoints />
              <MethodPoint xsi:type="SequencePoint" vc="0" uspid="6849" ordinal="0" offset="0" sl="13" sc="32" el="13" ec="36" bec="0" bev="0" fileid="149" />
            </Method>
            <Method visited="true" cyclomaticComplexity="1" nPathComplexity="0" sequenceCoverage="100" branchCoverage="100" isConstructor="false" isStatic="false" isGetter="false" isSetter="true">
              <Summary numSequencePoints="1" visitedSequencePoints="1" numBranchPoints="1" visitedBranchPoints="1" sequenceCoverage="100" branchCoverage="100" maxCyclomaticComplexity="1" minCyclomaticComplexity="1" visitedClasses="0" numClasses="0" visitedMethods="1" numMethods="1" />
              <MetadataToken>100664191</MetadataToken>
              <Name>System.Void SportsWeb.Services.DomainModel.Commands.AddScheduleCommand::set_FieldId(System.Nullable`1&lt;System.Guid&gt;)</Name>
              <FileRef uid="149" />
              <SequencePoints>
                <SequencePoint vc="12" uspid="6850" ordinal="0" offset="0" sl="13" sc="37" el="13" ec="41" bec="0" bev="0" fileid="149" />
              </SequencePoints>
              <BranchPoints />
              <MethodPoint xsi:type="SequencePoint" vc="12" uspid="6850" ordinal="0" offset="0" sl="13" sc="37" el="13" ec="41" bec="0" bev="0" fileid="149" />
            </Method>
            <Method visited="false" cyclomaticComplexity="1" nPathComplexity="0" sequenceCoverage="0" branchCoverage="0" isConstructor="false" isStatic="false" isGetter="true" isSetter="false">
              <Summary numSequencePoints="1" visitedSequencePoints="0" numBranchPoints="1" visitedBranchPoints="0" sequenceCoverage="0" branchCoverage="0" maxCyclomaticComplexity="1" minCyclomaticComplexity="1" visitedClasses="0" numClasses="0" visitedMethods="0" numMethods="1" />
              <MetadataToken>100664192</MetadataToken>
              <Name>System.Boolean SportsWeb.Services.DomainModel.Commands.AddScheduleCommand::get_IsMaster()</Name>
              <FileRef uid="149" />
              <SequencePoints>
                <SequencePoint vc="0" uspid="6851" ordinal="0" offset="0" sl="14" sc="32" el="14" ec="36" bec="0" bev="0" fileid="149" />
              </SequencePoints>
              <BranchPoints />
              <MethodPoint xsi:type="SequencePoint" vc="0" uspid="6851" ordinal="0" offset="0" sl="14" sc="32" el="14" ec="36" bec="0" bev="0" fileid="149" />
            </Method>
            <Method visited="true" cyclomaticComplexity="1" nPathComplexity="0" sequenceCoverage="100" branchCoverage="100" isConstructor="false" isStatic="false" isGetter="false" isSetter="true">
              <Summary numSequencePoints="1" visitedSequencePoints="1" numBranchPoints="1" visitedBranchPoints="1" sequenceCoverage="100" branchCoverage="100" maxCyclomaticComplexity="1" minCyclomaticComplexity="1" visitedClasses="0" numClasses="0" visitedMethods="1" numMethods="1" />
              <MetadataToken>100664193</MetadataToken>
              <Name>System.Void SportsWeb.Services.DomainModel.Commands.AddScheduleCommand::set_IsMaster(System.Boolean)</Name>
              <FileRef uid="149" />
              <SequencePoints>
                <SequencePoint vc="39" uspid="6852" ordinal="0" offset="0" sl="14" sc="37" el="14" ec="41" bec="0" bev="0" fileid="149" />
              </SequencePoints>
              <BranchPoints />
              <MethodPoint xsi:type="SequencePoint" vc="39" uspid="6852" ordinal="0" offset="0" sl="14" sc="37" el="14" ec="41" bec="0" bev="0" fileid="149" />
            </Method>
            <Method visited="false" cyclomaticComplexity="1" nPathComplexity="0" sequenceCoverage="0" branchCoverage="0" isConstructor="false" isStatic="false" isGetter="true" isSetter="false">
              <Summary numSequencePoints="1" visitedSequencePoints="0" numBranchPoints="1" visitedBranchPoints="0" sequenceCoverage="0" branchCoverage="0" maxCyclomaticComplexity="1" minCyclomaticComplexity="1" visitedClasses="0" numClasses="0" visitedMethods="0" numMethods="1" />
              <MetadataToken>100664194</MetadataToken>
              <Name>System.DateTime SportsWeb.Services.DomainModel.Commands.AddScheduleCommand::get_CreatedOnUtc()</Name>
              <FileRef uid="149" />
              <SequencePoints>
                <SequencePoint vc="0" uspid="6853" ordinal="0" offset="0" sl="15" sc="40" el="15" ec="44" bec="0" bev="0" fileid="149" />
              </SequencePoints>
              <BranchPoints />
              <MethodPoint xsi:type="SequencePoint" vc="0" uspid="6853" ordinal="0" offset="0" sl="15" sc="40" el="15" ec="44" bec="0" bev="0" fileid="149" />
            </Method>
            <Method visited="true" cyclomaticComplexity="1" nPathComplexity="0" sequenceCoverage="100" branchCoverage="100" isConstructor="false" isStatic="false" isGetter="false" isSetter="true">
              <Summary numSequencePoints="1" visitedSequencePoints="1" numBranchPoints="1" visitedBranchPoints="1" sequenceCoverage="100" branchCoverage="100" maxCyclomaticComplexity="1" minCyclomaticComplexity="1" visitedClasses="0" numClasses="0" visitedMethods="1" numMethods="1" />
              <MetadataToken>100664195</MetadataToken>
              <Name>System.Void SportsWeb.Services.DomainModel.Commands.AddScheduleCommand::set_CreatedOnUtc(System.DateTime)</Name>
              <FileRef uid="149" />
              <SequencePoints>
                <SequencePoint vc="39" uspid="6854" ordinal="0" offset="0" sl="15" sc="45" el="15" ec="49" bec="0" bev="0" fileid="149" />
              </SequencePoints>
              <BranchPoints />
              <MethodPoint xsi:type="SequencePoint" vc="39" uspid="6854" ordinal="0" offset="0" sl="15" sc="45" el="15" ec="49" bec="0" bev="0" fileid="149" />
            </Method>
            <Method visited="false" cyclomaticComplexity="1" nPathComplexity="0" sequenceCoverage="0" branchCoverage="0" isConstructor="false" isStatic="false" isGetter="true" isSetter="false">
              <Summary numSequencePoints="1" visitedSequencePoints="0" numBranchPoints="1" visitedBranchPoints="0" sequenceCoverage="0" branchCoverage="0" maxCyclomaticComplexity="1" minCyclomaticComplexity="1" visitedClasses="0" numClasses="0" visitedMethods="0" numMethods="1" />
              <MetadataToken>100664196</MetadataToken>
              <Name>System.DateTime SportsWeb.Services.DomainModel.Commands.AddScheduleCommand::get_MordifiedOnUtc()</Name>
              <FileRef uid="149" />
              <SequencePoints>
                <SequencePoint vc="0" uspid="6855" ordinal="0" offset="0" sl="16" sc="42" el="16" ec="46" bec="0" bev="0" fileid="149" />
              </SequencePoints>
              <BranchPoints />
              <MethodPoint xsi:type="SequencePoint" vc="0" uspid="6855" ordinal="0" offset="0" sl="16" sc="42" el="16" ec="46" bec="0" bev="0" fileid="149" />
            </Method>
            <Method visited="true" cyclomaticComplexity="1" nPathComplexity="0" sequenceCoverage="100" branchCoverage="100" isConstructor="false" isStatic="false" isGetter="false" isSetter="true">
              <Summary numSequencePoints="1" visitedSequencePoints="1" numBranchPoints="1" visitedBranchPoints="1" sequenceCoverage="100" branchCoverage="100" maxCyclomaticComplexity="1" minCyclomaticComplexity="1" visitedClasses="0" numClasses="0" visitedMethods="1" numMethods="1" />
              <MetadataToken>100664197</MetadataToken>
              <Name>System.Void SportsWeb.Services.DomainModel.Commands.AddScheduleCommand::set_MordifiedOnUtc(System.DateTime)</Name>
              <FileRef uid="149" />
              <SequencePoints>
                <SequencePoint vc="39" uspid="6856" ordinal="0" offset="0" sl="16" sc="47" el="16" ec="51" bec="0" bev="0" fileid="149" />
              </SequencePoints>
              <BranchPoints />
              <MethodPoint xsi:type="SequencePoint" vc="39" uspid="6856" ordinal="0" offset="0" sl="16" sc="47" el="16" ec="51" bec="0" bev="0" fileid="149" />
            </Method>
            <Method visited="false" cyclomaticComplexity="1" nPathComplexity="0" sequenceCoverage="0" branchCoverage="0" isConstructor="false" isStatic="false" isGetter="true" isSetter="false">
              <Summary numSequencePoints="1" visitedSequencePoints="0" numBranchPoints="1" visitedBranchPoints="0" sequenceCoverage="0" branchCoverage="0" maxCyclomaticComplexity="1" minCyclomaticComplexity="1" visitedClasses="0" numClasses="0" visitedMethods="0" numMethods="1" />
              <MetadataToken>100664198</MetadataToken>
              <Name>System.String SportsWeb.Services.DomainModel.Commands.AddScheduleCommand::get_CreatedBy()</Name>
              <FileRef uid="149" />
              <SequencePoints>
                <SequencePoint vc="0" uspid="6857" ordinal="0" offset="0" sl="17" sc="35" el="17" ec="39" bec="0" bev="0" fileid="149" />
              </SequencePoints>
              <BranchPoints />
              <MethodPoint xsi:type="SequencePoint" vc="0" uspid="6857" ordinal="0" offset="0" sl="17" sc="35" el="17" ec="39" bec="0" bev="0" fileid="149" />
            </Method>
            <Method visited="true" cyclomaticComplexity="1" nPathComplexity="0" sequenceCoverage="100" branchCoverage="100" isConstructor="false" isStatic="false" isGetter="false" isSetter="true">
              <Summary numSequencePoints="1" visitedSequencePoints="1" numBranchPoints="1" visitedBranchPoints="1" sequenceCoverage="100" branchCoverage="100" maxCyclomaticComplexity="1" minCyclomaticComplexity="1" visitedClasses="0" numClasses="0" visitedMethods="1" numMethods="1" />
              <MetadataToken>100664199</MetadataToken>
              <Name>System.Void SportsWeb.Services.DomainModel.Commands.AddScheduleCommand::set_CreatedBy(System.String)</Name>
              <FileRef uid="149" />
              <SequencePoints>
                <SequencePoint vc="39" uspid="6858" ordinal="0" offset="0" sl="17" sc="40" el="17" ec="44" bec="0" bev="0" fileid="149" />
              </SequencePoints>
              <BranchPoints />
              <MethodPoint xsi:type="SequencePoint" vc="39" uspid="6858" ordinal="0" offset="0" sl="17" sc="40" el="17" ec="44" bec="0" bev="0" fileid="149" />
            </Method>
            <Method visited="false" cyclomaticComplexity="1" nPathComplexity="0" sequenceCoverage="0" branchCoverage="0" isConstructor="false" isStatic="false" isGetter="true" isSetter="false">
              <Summary numSequencePoints="1" visitedSequencePoints="0" numBranchPoints="1" visitedBranchPoints="0" sequenceCoverage="0" branchCoverage="0" maxCyclomaticComplexity="1" minCyclomaticComplexity="1" visitedClasses="0" numClasses="0" visitedMethods="0" numMethods="1" />
              <MetadataToken>100664200</MetadataToken>
              <Name>System.String SportsWeb.Services.DomainModel.Commands.AddScheduleCommand::get_MordifiedBy()</Name>
              <FileRef uid="149" />
              <SequencePoints>
                <SequencePoint vc="0" uspid="6859" ordinal="0" offset="0" sl="18" sc="37" el="18" ec="41" bec="0" bev="0" fileid="149" />
              </SequencePoints>
              <BranchPoints />
              <MethodPoint xsi:type="SequencePoint" vc="0" uspid="6859" ordinal="0" offset="0" sl="18" sc="37" el="18" ec="41" bec="0" bev="0" fileid="149" />
            </Method>
            <Method visited="true" cyclomaticComplexity="1" nPathComplexity="0" sequenceCoverage="100" branchCoverage="100" isConstructor="false" isStatic="false" isGetter="false" isSetter="true">
              <Summary numSequencePoints="1" visitedSequencePoints="1" numBranchPoints="1" visitedBranchPoints="1" sequenceCoverage="100" branchCoverage="100" maxCyclomaticComplexity="1" minCyclomaticComplexity="1" visitedClasses="0" numClasses="0" visitedMethods="1" numMethods="1" />
              <MetadataToken>100664201</MetadataToken>
              <Name>System.Void SportsWeb.Services.DomainModel.Commands.AddScheduleCommand::set_MordifiedBy(System.String)</Name>
              <FileRef uid="149" />
              <SequencePoints>
                <SequencePoint vc="39" uspid="6860" ordinal="0" offset="0" sl="18" sc="42" el="18" ec="46" bec="0" bev="0" fileid="149" />
              </SequencePoints>
              <BranchPoints />
              <MethodPoint xsi:type="SequencePoint" vc="39" uspid="6860" ordinal="0" offset="0" sl="18" sc="42" el="18" ec="46" bec="0" bev="0" fileid="149" />
            </Method>
            <Method visited="true" cyclomaticComplexity="1" nPathComplexity="0" sequenceCoverage="100" branchCoverage="100" isConstructor="false" isStatic="false" isGetter="true" isSetter="false">
              <Summary numSequencePoints="1" visitedSequencePoints="1" numBranchPoints="1" visitedBranchPoints="1" sequenceCoverage="100" branchCoverage="100" maxCyclomaticComplexity="1" minCyclomaticComplexity="1" visitedClasses="0" numClasses="0" visitedMethods="1" numMethods="1" />
              <MetadataToken>100664202</MetadataToken>
              <Name>System.Int32 SportsWeb.Services.DomainModel.Commands.AddScheduleCommand::get_ScheduleType()</Name>
              <FileRef uid="149" />
              <SequencePoints>
                <SequencePoint vc="4" uspid="6861" ordinal="0" offset="0" sl="19" sc="35" el="19" ec="39" bec="0" bev="0" fileid="149" />
              </SequencePoints>
              <BranchPoints />
              <MethodPoint xsi:type="SequencePoint" vc="4" uspid="6861" ordinal="0" offset="0" sl="19" sc="35" el="19" ec="39" bec="0" bev="0" fileid="149" />
            </Method>
            <Method visited="true" cyclomaticComplexity="1" nPathComplexity="0" sequenceCoverage="100" branchCoverage="100" isConstructor="false" isStatic="false" isGetter="false" isSetter="true">
              <Summary numSequencePoints="1" visitedSequencePoints="1" numBranchPoints="1" visitedBranchPoints="1" sequenceCoverage="100" branchCoverage="100" maxCyclomaticComplexity="1" minCyclomaticComplexity="1" visitedClasses="0" numClasses="0" visitedMethods="1" numMethods="1" />
              <MetadataToken>100664203</MetadataToken>
              <Name>System.Void SportsWeb.Services.DomainModel.Commands.AddScheduleCommand::set_ScheduleType(System.Int32)</Name>
              <FileRef uid="149" />
              <SequencePoints>
                <SequencePoint vc="39" uspid="6862" ordinal="0" offset="0" sl="19" sc="40" el="19" ec="44" bec="0" bev="0" fileid="149" />
              </SequencePoints>
              <BranchPoints />
              <MethodPoint xsi:type="SequencePoint" vc="39" uspid="6862" ordinal="0" offset="0" sl="19" sc="40" el="19" ec="44" bec="0" bev="0" fileid="149" />
            </Method>
            <Method visited="false" cyclomaticComplexity="1" nPathComplexity="0" sequenceCoverage="0" branchCoverage="0" isConstructor="false" isStatic="false" isGetter="true" isSetter="false">
              <Summary numSequencePoints="1" visitedSequencePoints="0" numBranchPoints="1" visitedBranchPoints="0" sequenceCoverage="0" branchCoverage="0" maxCyclomaticComplexity="1" minCyclomaticComplexity="1" visitedClasses="0" numClasses="0" visitedMethods="0" numMethods="1" />
              <MetadataToken>100664204</MetadataToken>
              <Name>System.Nullable`1&lt;System.Guid&gt; SportsWeb.Services.DomainModel.Commands.AddScheduleCommand::get_ParentScheduleId()</Name>
              <FileRef uid="149" />
              <SequencePoints>
                <SequencePoint vc="0" uspid="6863" ordinal="0" offset="0" sl="20" sc="41" el="20" ec="45" bec="0" bev="0" fileid="149" />
              </SequencePoints>
              <BranchPoints />
              <MethodPoint xsi:type="SequencePoint" vc="0" uspid="6863" ordinal="0" offset="0" sl="20" sc="41" el="20" ec="45" bec="0" bev="0" fileid="149" />
            </Method>
            <Method visited="true" cyclomaticComplexity="1" nPathComplexity="0" sequenceCoverage="100" branchCoverage="100" isConstructor="false" isStatic="false" isGetter="false" isSetter="true">
              <Summary numSequencePoints="1" visitedSequencePoints="1" numBranchPoints="1" visitedBranchPoints="1" sequenceCoverage="100" branchCoverage="100" maxCyclomaticComplexity="1" minCyclomaticComplexity="1" visitedClasses="0" numClasses="0" visitedMethods="1" numMethods="1" />
              <MetadataToken>100664205</MetadataToken>
              <Name>System.Void SportsWeb.Services.DomainModel.Commands.AddScheduleCommand::set_ParentScheduleId(System.Nullable`1&lt;System.Guid&gt;)</Name>
              <FileRef uid="149" />
              <SequencePoints>
                <SequencePoint vc="34" uspid="6864" ordinal="0" offset="0" sl="20" sc="46" el="20" ec="50" bec="0" bev="0" fileid="149" />
              </SequencePoints>
              <BranchPoints />
              <MethodPoint xsi:type="SequencePoint" vc="34" uspid="6864" ordinal="0" offset="0" sl="20" sc="46" el="20" ec="50" bec="0" bev="0" fileid="149" />
            </Method>
            <Method visited="false" cyclomaticComplexity="1" nPathComplexity="0" sequenceCoverage="0" branchCoverage="0" isConstructor="false" isStatic="false" isGetter="true" isSetter="false">
              <Summary numSequencePoints="1" visitedSequencePoints="0" numBranchPoints="1" visitedBranchPoints="0" sequenceCoverage="0" branchCoverage="0" maxCyclomaticComplexity="1" minCyclomaticComplexity="1" visitedClasses="0" numClasses="0" visitedMethods="0" numMethods="1" />
              <MetadataToken>100664206</MetadataToken>
              <Name>System.DateTime SportsWeb.Services.DomainModel.Commands.AddScheduleCommand::get_ScheduleStartDate()</Name>
              <FileRef uid="149" />
              <SequencePoints>
                <SequencePoint vc="0" uspid="6865" ordinal="0" offset="0" sl="21" sc="45" el="21" ec="49" bec="0" bev="0" fileid="149" />
              </SequencePoints>
              <BranchPoints />
              <MethodPoint xsi:type="SequencePoint" vc="0" uspid="6865" ordinal="0" offset="0" sl="21" sc="45" el="21" ec="49" bec="0" bev="0" fileid="149" />
            </Method>
            <Method visited="true" cyclomaticComplexity="1" nPathComplexity="0" sequenceCoverage="100" branchCoverage="100" isConstructor="false" isStatic="false" isGetter="false" isSetter="true">
              <Summary numSequencePoints="1" visitedSequencePoints="1" numBranchPoints="1" visitedBranchPoints="1" sequenceCoverage="100" branchCoverage="100" maxCyclomaticComplexity="1" minCyclomaticComplexity="1" visitedClasses="0" numClasses="0" visitedMethods="1" numMethods="1" />
              <MetadataToken>100664207</MetadataToken>
              <Name>System.Void SportsWeb.Services.DomainModel.Commands.AddScheduleCommand::set_ScheduleStartDate(System.DateTime)</Name>
              <FileRef uid="149" />
              <SequencePoints>
                <SequencePoint vc="39" uspid="6866" ordinal="0" offset="0" sl="21" sc="50" el="21" ec="54" bec="0" bev="0" fileid="149" />
              </SequencePoints>
              <BranchPoints />
              <MethodPoint xsi:type="SequencePoint" vc="39" uspid="6866" ordinal="0" offset="0" sl="21" sc="50" el="21" ec="54" bec="0" bev="0" fileid="149" />
            </Method>
            <Method visited="false" cyclomaticComplexity="1" nPathComplexity="0" sequenceCoverage="0" branchCoverage="0" isConstructor="false" isStatic="false" isGetter="true" isSetter="false">
              <Summary numSequencePoints="1" visitedSequencePoints="0" numBranchPoints="1" visitedBranchPoints="0" sequenceCoverage="0" branchCoverage="0" maxCyclomaticComplexity="1" minCyclomaticComplexity="1" visitedClasses="0" numClasses="0" visitedMethods="0" numMethods="1" />
              <MetadataToken>100664208</MetadataToken>
              <Name>System.DateTime SportsWeb.Services.DomainModel.Commands.AddScheduleCommand::get_ScheduleEndDate()</Name>
              <FileRef uid="149" />
              <SequencePoints>
                <SequencePoint vc="0" uspid="6867" ordinal="0" offset="0" sl="22" sc="43" el="22" ec="47" bec="0" bev="0" fileid="149" />
              </SequencePoints>
              <BranchPoints />
              <MethodPoint xsi:type="SequencePoint" vc="0" uspid="6867" ordinal="0" offset="0" sl="22" sc="43" el="22" ec="47" bec="0" bev="0" fileid="149" />
            </Method>
            <Method visited="true" cyclomaticComplexity="1" nPathComplexity="0" sequenceCoverage="100" branchCoverage="100" isConstructor="false" isStatic="false" isGetter="false" isSetter="true">
              <Summary numSequencePoints="1" visitedSequencePoints="1" numBranchPoints="1" visitedBranchPoints="1" sequenceCoverage="100" branchCoverage="100" maxCyclomaticComplexity="1" minCyclomaticComplexity="1" visitedClasses="0" numClasses="0" visitedMethods="1" numMethods="1" />
              <MetadataToken>100664209</MetadataToken>
              <Name>System.Void SportsWeb.Services.DomainModel.Commands.AddScheduleCommand::set_ScheduleEndDate(System.DateTime)</Name>
              <FileRef uid="149" />
              <SequencePoints>
                <SequencePoint vc="39" uspid="6868" ordinal="0" offset="0" sl="22" sc="48" el="22" ec="52" bec="0" bev="0" fileid="149" />
              </SequencePoints>
              <BranchPoints />
              <MethodPoint xsi:type="SequencePoint" vc="39" uspid="6868" ordinal="0" offset="0" sl="22" sc="48" el="22" ec="52" bec="0" bev="0" fileid="149" />
            </Method>
            <Method visited="false" cyclomaticComplexity="1" nPathComplexity="0" sequenceCoverage="0" branchCoverage="0" isConstructor="false" isStatic="false" isGetter="true" isSetter="false">
              <Summary numSequencePoints="1" visitedSequencePoints="0" numBranchPoints="1" visitedBranchPoints="0" sequenceCoverage="0" branchCoverage="0" maxCyclomaticComplexity="1" minCyclomaticComplexity="1" visitedClasses="0" numClasses="0" visitedMethods="0" numMethods="1" />
              <MetadataToken>100664210</MetadataToken>
              <Name>System.Int64 SportsWeb.Services.DomainModel.Commands.AddScheduleCommand::get_ControllerNodeId()</Name>
              <FileRef uid="149" />
              <SequencePoints>
                <SequencePoint vc="0" uspid="6869" ordinal="0" offset="0" sl="23" sc="40" el="23" ec="44" bec="0" bev="0" fileid="149" />
              </SequencePoints>
              <BranchPoints />
              <MethodPoint xsi:type="SequencePoint" vc="0" uspid="6869" ordinal="0" offset="0" sl="23" sc="40" el="23" ec="44" bec="0" bev="0" fileid="149" />
            </Method>
            <Method visited="true" cyclomaticComplexity="1" nPathComplexity="0" sequenceCoverage="100" branchCoverage="100" isConstructor="false" isStatic="false" isGetter="false" isSetter="true">
              <Summary numSequencePoints="1" visitedSequencePoints="1" numBranchPoints="1" visitedBranchPoints="1" sequenceCoverage="100" branchCoverage="100" maxCyclomaticComplexity="1" minCyclomaticComplexity="1" visitedClasses="0" numClasses="0" visitedMethods="1" numMethods="1" />
              <MetadataToken>100664211</MetadataToken>
              <Name>System.Void SportsWeb.Services.DomainModel.Commands.AddScheduleCommand::set_ControllerNodeId(System.Int64)</Name>
              <FileRef uid="149" />
              <SequencePoints>
                <SequencePoint vc="19" uspid="6870" ordinal="0" offset="0" sl="23" sc="45" el="23" ec="49" bec="0" bev="0" fileid="149" />
              </SequencePoints>
              <BranchPoints />
              <MethodPoint xsi:type="SequencePoint" vc="19" uspid="6870" ordinal="0" offset="0" sl="23" sc="45" el="23" ec="49" bec="0" bev="0" fileid="149" />
            </Method>
            <Method visited="true" cyclomaticComplexity="1" nPathComplexity="0" sequenceCoverage="0" branchCoverage="0" isConstructor="true" isStatic="false" isGetter="false" isSetter="false">
              <Summary numSequencePoints="0" visitedSequencePoints="0" numBranchPoints="0" visitedBranchPoints="0" sequenceCoverage="0" branchCoverage="0" maxCyclomaticComplexity="1" minCyclomaticComplexity="1" visitedClasses="0" numClasses="0" visitedMethods="0" numMethods="0" />
              <MetadataToken>100664212</MetadataToken>
              <Name>System.Void SportsWeb.Services.DomainModel.Commands.AddScheduleCommand::.ctor()</Name>
              <SequencePoints />
              <BranchPoints />
              <MethodPoint vc="39" uspid="6871" ordinal="0" offset="0" />
            </Method>
          </Methods>
        </Class>
        <Class>
          <Summary numSequencePoints="8" visitedSequencePoints="7" numBranchPoints="8" visitedBranchPoints="7" sequenceCoverage="87.5" branchCoverage="87.5" maxCyclomaticComplexity="1" minCyclomaticComplexity="1" visitedClasses="1" numClasses="1" visitedMethods="7" numMethods="8" />
          <FullName>SportsWeb.Services.DomainModel.Commands.AddSceneSettingsForSite</FullName>
          <Methods>
            <Method visited="true" cyclomaticComplexity="1" nPathComplexity="0" sequenceCoverage="100" branchCoverage="100" isConstructor="false" isStatic="false" isGetter="true" isSetter="false">
              <Summary numSequencePoints="1" visitedSequencePoints="1" numBranchPoints="1" visitedBranchPoints="1" sequenceCoverage="100" branchCoverage="100" maxCyclomaticComplexity="1" minCyclomaticComplexity="1" visitedClasses="0" numClasses="0" visitedMethods="1" numMethods="1" />
              <MetadataToken>100664213</MetadataToken>
              <Name>System.Guid SportsWeb.Services.DomainModel.Commands.AddSceneSettingsForSite::get_SiteId()</Name>
              <FileRef uid="150" />
              <SequencePoints>
                <SequencePoint vc="1" uspid="6872" ordinal="0" offset="0" sl="8" sc="30" el="8" ec="34" bec="0" bev="0" fileid="150" />
              </SequencePoints>
              <BranchPoints />
              <MethodPoint xsi:type="SequencePoint" vc="1" uspid="6872" ordinal="0" offset="0" sl="8" sc="30" el="8" ec="34" bec="0" bev="0" fileid="150" />
            </Method>
            <Method visited="true" cyclomaticComplexity="1" nPathComplexity="0" sequenceCoverage="100" branchCoverage="100" isConstructor="false" isStatic="false" isGetter="false" isSetter="true">
              <Summary numSequencePoints="1" visitedSequencePoints="1" numBranchPoints="1" visitedBranchPoints="1" sequenceCoverage="100" branchCoverage="100" maxCyclomaticComplexity="1" minCyclomaticComplexity="1" visitedClasses="0" numClasses="0" visitedMethods="1" numMethods="1" />
              <MetadataToken>100664214</MetadataToken>
              <Name>System.Void SportsWeb.Services.DomainModel.Commands.AddSceneSettingsForSite::set_SiteId(System.Guid)</Name>
              <FileRef uid="150" />
              <SequencePoints>
                <SequencePoint vc="3" uspid="6873" ordinal="0" offset="0" sl="8" sc="35" el="8" ec="39" bec="0" bev="0" fileid="150" />
              </SequencePoints>
              <BranchPoints />
              <MethodPoint xsi:type="SequencePoint" vc="3" uspid="6873" ordinal="0" offset="0" sl="8" sc="35" el="8" ec="39" bec="0" bev="0" fileid="150" />
            </Method>
            <Method visited="true" cyclomaticComplexity="1" nPathComplexity="0" sequenceCoverage="100" branchCoverage="100" isConstructor="false" isStatic="false" isGetter="true" isSetter="false">
              <Summary numSequencePoints="1" visitedSequencePoints="1" numBranchPoints="1" visitedBranchPoints="1" sequenceCoverage="100" branchCoverage="100" maxCyclomaticComplexity="1" minCyclomaticComplexity="1" visitedClasses="0" numClasses="0" visitedMethods="1" numMethods="1" />
              <MetadataToken>100664215</MetadataToken>
              <Name>System.Nullable`1&lt;System.Guid&gt; SportsWeb.Services.DomainModel.Commands.AddSceneSettingsForSite::get_FieldId()</Name>
              <FileRef uid="150" />
              <SequencePoints>
                <SequencePoint vc="1" uspid="6874" ordinal="0" offset="0" sl="9" sc="32" el="9" ec="36" bec="0" bev="0" fileid="150" />
              </SequencePoints>
              <BranchPoints />
              <MethodPoint xsi:type="SequencePoint" vc="1" uspid="6874" ordinal="0" offset="0" sl="9" sc="32" el="9" ec="36" bec="0" bev="0" fileid="150" />
            </Method>
            <Method visited="false" cyclomaticComplexity="1" nPathComplexity="0" sequenceCoverage="0" branchCoverage="0" isConstructor="false" isStatic="false" isGetter="false" isSetter="true">
              <Summary numSequencePoints="1" visitedSequencePoints="0" numBranchPoints="1" visitedBranchPoints="0" sequenceCoverage="0" branchCoverage="0" maxCyclomaticComplexity="1" minCyclomaticComplexity="1" visitedClasses="0" numClasses="0" visitedMethods="0" numMethods="1" />
              <MetadataToken>100664216</MetadataToken>
              <Name>System.Void SportsWeb.Services.DomainModel.Commands.AddSceneSettingsForSite::set_FieldId(System.Nullable`1&lt;System.Guid&gt;)</Name>
              <FileRef uid="150" />
              <SequencePoints>
                <SequencePoint vc="0" uspid="6875" ordinal="0" offset="0" sl="9" sc="37" el="9" ec="41" bec="0" bev="0" fileid="150" />
              </SequencePoints>
              <BranchPoints />
              <MethodPoint xsi:type="SequencePoint" vc="0" uspid="6875" ordinal="0" offset="0" sl="9" sc="37" el="9" ec="41" bec="0" bev="0" fileid="150" />
            </Method>
            <Method visited="true" cyclomaticComplexity="1" nPathComplexity="0" sequenceCoverage="100" branchCoverage="100" isConstructor="false" isStatic="false" isGetter="true" isSetter="false">
              <Summary numSequencePoints="1" visitedSequencePoints="1" numBranchPoints="1" visitedBranchPoints="1" sequenceCoverage="100" branchCoverage="100" maxCyclomaticComplexity="1" minCyclomaticComplexity="1" visitedClasses="0" numClasses="0" visitedMethods="1" numMethods="1" />
              <MetadataToken>100664217</MetadataToken>
              <Name>System.Int32 SportsWeb.Services.DomainModel.Commands.AddSceneSettingsForSite::get_PerfectPlayScene()</Name>
              <FileRef uid="150" />
              <SequencePoints>
                <SequencePoint vc="3" uspid="6876" ordinal="0" offset="0" sl="10" sc="39" el="10" ec="43" bec="0" bev="0" fileid="150" />
              </SequencePoints>
              <BranchPoints />
              <MethodPoint xsi:type="SequencePoint" vc="3" uspid="6876" ordinal="0" offset="0" sl="10" sc="39" el="10" ec="43" bec="0" bev="0" fileid="150" />
            </Method>
            <Method visited="true" cyclomaticComplexity="1" nPathComplexity="0" sequenceCoverage="100" branchCoverage="100" isConstructor="false" isStatic="false" isGetter="false" isSetter="true">
              <Summary numSequencePoints="1" visitedSequencePoints="1" numBranchPoints="1" visitedBranchPoints="1" sequenceCoverage="100" branchCoverage="100" maxCyclomaticComplexity="1" minCyclomaticComplexity="1" visitedClasses="0" numClasses="0" visitedMethods="1" numMethods="1" />
              <MetadataToken>100664218</MetadataToken>
              <Name>System.Void SportsWeb.Services.DomainModel.Commands.AddSceneSettingsForSite::set_PerfectPlayScene(System.Int32)</Name>
              <FileRef uid="150" />
              <SequencePoints>
                <SequencePoint vc="3" uspid="6877" ordinal="0" offset="0" sl="10" sc="44" el="10" ec="48" bec="0" bev="0" fileid="150" />
              </SequencePoints>
              <BranchPoints />
              <MethodPoint xsi:type="SequencePoint" vc="3" uspid="6877" ordinal="0" offset="0" sl="10" sc="44" el="10" ec="48" bec="0" bev="0" fileid="150" />
            </Method>
            <Method visited="true" cyclomaticComplexity="1" nPathComplexity="0" sequenceCoverage="100" branchCoverage="100" isConstructor="false" isStatic="false" isGetter="true" isSetter="false">
              <Summary numSequencePoints="1" visitedSequencePoints="1" numBranchPoints="1" visitedBranchPoints="1" sequenceCoverage="100" branchCoverage="100" maxCyclomaticComplexity="1" minCyclomaticComplexity="1" visitedClasses="0" numClasses="0" visitedMethods="1" numMethods="1" />
              <MetadataToken>100664219</MetadataToken>
              <Name>System.Int32 SportsWeb.Services.DomainModel.Commands.AddSceneSettingsForSite::get_CodedMainsScene()</Name>
              <FileRef uid="150" />
              <SequencePoints>
                <SequencePoint vc="3" uspid="6878" ordinal="0" offset="0" sl="11" sc="38" el="11" ec="42" bec="0" bev="0" fileid="150" />
              </SequencePoints>
              <BranchPoints />
              <MethodPoint xsi:type="SequencePoint" vc="3" uspid="6878" ordinal="0" offset="0" sl="11" sc="38" el="11" ec="42" bec="0" bev="0" fileid="150" />
            </Method>
            <Method visited="true" cyclomaticComplexity="1" nPathComplexity="0" sequenceCoverage="100" branchCoverage="100" isConstructor="false" isStatic="false" isGetter="false" isSetter="true">
              <Summary numSequencePoints="1" visitedSequencePoints="1" numBranchPoints="1" visitedBranchPoints="1" sequenceCoverage="100" branchCoverage="100" maxCyclomaticComplexity="1" minCyclomaticComplexity="1" visitedClasses="0" numClasses="0" visitedMethods="1" numMethods="1" />
              <MetadataToken>100664220</MetadataToken>
              <Name>System.Void SportsWeb.Services.DomainModel.Commands.AddSceneSettingsForSite::set_CodedMainsScene(System.Int32)</Name>
              <FileRef uid="150" />
              <SequencePoints>
                <SequencePoint vc="3" uspid="6879" ordinal="0" offset="0" sl="11" sc="43" el="11" ec="47" bec="0" bev="0" fileid="150" />
              </SequencePoints>
              <BranchPoints />
              <MethodPoint xsi:type="SequencePoint" vc="3" uspid="6879" ordinal="0" offset="0" sl="11" sc="43" el="11" ec="47" bec="0" bev="0" fileid="150" />
            </Method>
            <Method visited="true" cyclomaticComplexity="1" nPathComplexity="0" sequenceCoverage="0" branchCoverage="0" isConstructor="true" isStatic="false" isGetter="false" isSetter="false">
              <Summary numSequencePoints="0" visitedSequencePoints="0" numBranchPoints="0" visitedBranchPoints="0" sequenceCoverage="0" branchCoverage="0" maxCyclomaticComplexity="1" minCyclomaticComplexity="1" visitedClasses="0" numClasses="0" visitedMethods="0" numMethods="0" />
              <MetadataToken>100664221</MetadataToken>
              <Name>System.Void SportsWeb.Services.DomainModel.Commands.AddSceneSettingsForSite::.ctor()</Name>
              <SequencePoints />
              <BranchPoints />
              <MethodPoint vc="3" uspid="6880" ordinal="0" offset="0" />
            </Method>
          </Methods>
        </Class>
        <Class>
          <Summary numSequencePoints="2" visitedSequencePoints="2" numBranchPoints="2" visitedBranchPoints="2" sequenceCoverage="100" branchCoverage="100" maxCyclomaticComplexity="1" minCyclomaticComplexity="1" visitedClasses="1" numClasses="1" visitedMethods="2" numMethods="2" />
          <FullName>SportsWeb.Services.DomainModel.Commands.DeleteAdministratorCommand</FullName>
          <Methods>
            <Method visited="true" cyclomaticComplexity="1" nPathComplexity="0" sequenceCoverage="100" branchCoverage="100" isConstructor="false" isStatic="false" isGetter="true" isSetter="false">
              <Summary numSequencePoints="1" visitedSequencePoints="1" numBranchPoints="1" visitedBranchPoints="1" sequenceCoverage="100" branchCoverage="100" maxCyclomaticComplexity="1" minCyclomaticComplexity="1" visitedClasses="0" numClasses="0" visitedMethods="1" numMethods="1" />
              <MetadataToken>100664222</MetadataToken>
              <Name>System.Guid SportsWeb.Services.DomainModel.Commands.DeleteAdministratorCommand::get_Id()</Name>
              <FileRef uid="151" />
              <SequencePoints>
                <SequencePoint vc="1" uspid="6881" ordinal="0" offset="0" sl="8" sc="26" el="8" ec="30" bec="0" bev="0" fileid="151" />
              </SequencePoints>
              <BranchPoints />
              <MethodPoint xsi:type="SequencePoint" vc="1" uspid="6881" ordinal="0" offset="0" sl="8" sc="26" el="8" ec="30" bec="0" bev="0" fileid="151" />
            </Method>
            <Method visited="true" cyclomaticComplexity="1" nPathComplexity="0" sequenceCoverage="100" branchCoverage="100" isConstructor="false" isStatic="false" isGetter="false" isSetter="true">
              <Summary numSequencePoints="1" visitedSequencePoints="1" numBranchPoints="1" visitedBranchPoints="1" sequenceCoverage="100" branchCoverage="100" maxCyclomaticComplexity="1" minCyclomaticComplexity="1" visitedClasses="0" numClasses="0" visitedMethods="1" numMethods="1" />
              <MetadataToken>100664223</MetadataToken>
              <Name>System.Void SportsWeb.Services.DomainModel.Commands.DeleteAdministratorCommand::set_Id(System.Guid)</Name>
              <FileRef uid="151" />
              <SequencePoints>
                <SequencePoint vc="1" uspid="6882" ordinal="0" offset="0" sl="8" sc="31" el="8" ec="35" bec="0" bev="0" fileid="151" />
              </SequencePoints>
              <BranchPoints />
              <MethodPoint xsi:type="SequencePoint" vc="1" uspid="6882" ordinal="0" offset="0" sl="8" sc="31" el="8" ec="35" bec="0" bev="0" fileid="151" />
            </Method>
            <Method visited="true" cyclomaticComplexity="1" nPathComplexity="0" sequenceCoverage="0" branchCoverage="0" isConstructor="true" isStatic="false" isGetter="false" isSetter="false">
              <Summary numSequencePoints="0" visitedSequencePoints="0" numBranchPoints="0" visitedBranchPoints="0" sequenceCoverage="0" branchCoverage="0" maxCyclomaticComplexity="1" minCyclomaticComplexity="1" visitedClasses="0" numClasses="0" visitedMethods="0" numMethods="0" />
              <MetadataToken>100664224</MetadataToken>
              <Name>System.Void SportsWeb.Services.DomainModel.Commands.DeleteAdministratorCommand::.ctor()</Name>
              <SequencePoints />
              <BranchPoints />
              <MethodPoint vc="1" uspid="6883" ordinal="0" offset="0" />
            </Method>
          </Methods>
        </Class>
        <Class>
          <Summary numSequencePoints="2" visitedSequencePoints="2" numBranchPoints="2" visitedBranchPoints="2" sequenceCoverage="100" branchCoverage="100" maxCyclomaticComplexity="1" minCyclomaticComplexity="1" visitedClasses="1" numClasses="1" visitedMethods="2" numMethods="2" />
          <FullName>SportsWeb.Services.DomainModel.Commands.DeleteScheduleCommand</FullName>
          <Methods>
            <Method visited="true" cyclomaticComplexity="1" nPathComplexity="0" sequenceCoverage="100" branchCoverage="100" isConstructor="false" isStatic="false" isGetter="true" isSetter="false">
              <Summary numSequencePoints="1" visitedSequencePoints="1" numBranchPoints="1" visitedBranchPoints="1" sequenceCoverage="100" branchCoverage="100" maxCyclomaticComplexity="1" minCyclomaticComplexity="1" visitedClasses="0" numClasses="0" visitedMethods="1" numMethods="1" />
              <MetadataToken>100664225</MetadataToken>
              <Name>System.Guid SportsWeb.Services.DomainModel.Commands.DeleteScheduleCommand::get_Id()</Name>
              <FileRef uid="152" />
              <SequencePoints>
                <SequencePoint vc="2" uspid="6884" ordinal="0" offset="0" sl="8" sc="26" el="8" ec="30" bec="0" bev="0" fileid="152" />
              </SequencePoints>
              <BranchPoints />
              <MethodPoint xsi:type="SequencePoint" vc="2" uspid="6884" ordinal="0" offset="0" sl="8" sc="26" el="8" ec="30" bec="0" bev="0" fileid="152" />
            </Method>
            <Method visited="true" cyclomaticComplexity="1" nPathComplexity="0" sequenceCoverage="100" branchCoverage="100" isConstructor="false" isStatic="false" isGetter="false" isSetter="true">
              <Summary numSequencePoints="1" visitedSequencePoints="1" numBranchPoints="1" visitedBranchPoints="1" sequenceCoverage="100" branchCoverage="100" maxCyclomaticComplexity="1" minCyclomaticComplexity="1" visitedClasses="0" numClasses="0" visitedMethods="1" numMethods="1" />
              <MetadataToken>100664226</MetadataToken>
              <Name>System.Void SportsWeb.Services.DomainModel.Commands.DeleteScheduleCommand::set_Id(System.Guid)</Name>
              <FileRef uid="152" />
              <SequencePoints>
                <SequencePoint vc="29" uspid="6885" ordinal="0" offset="0" sl="8" sc="31" el="8" ec="35" bec="0" bev="0" fileid="152" />
              </SequencePoints>
              <BranchPoints />
              <MethodPoint xsi:type="SequencePoint" vc="29" uspid="6885" ordinal="0" offset="0" sl="8" sc="31" el="8" ec="35" bec="0" bev="0" fileid="152" />
            </Method>
            <Method visited="true" cyclomaticComplexity="1" nPathComplexity="0" sequenceCoverage="0" branchCoverage="0" isConstructor="true" isStatic="false" isGetter="false" isSetter="false">
              <Summary numSequencePoints="0" visitedSequencePoints="0" numBranchPoints="0" visitedBranchPoints="0" sequenceCoverage="0" branchCoverage="0" maxCyclomaticComplexity="1" minCyclomaticComplexity="1" visitedClasses="0" numClasses="0" visitedMethods="0" numMethods="0" />
              <MetadataToken>100664227</MetadataToken>
              <Name>System.Void SportsWeb.Services.DomainModel.Commands.DeleteScheduleCommand::.ctor()</Name>
              <SequencePoints />
              <BranchPoints />
              <MethodPoint vc="29" uspid="6886" ordinal="0" offset="0" />
            </Method>
          </Methods>
        </Class>
        <Class>
          <Summary numSequencePoints="8" visitedSequencePoints="0" numBranchPoints="8" visitedBranchPoints="0" sequenceCoverage="0" branchCoverage="0" maxCyclomaticComplexity="1" minCyclomaticComplexity="1" visitedClasses="0" numClasses="1" visitedMethods="0" numMethods="8" />
          <FullName>SportsWeb.Services.DomainModel.Commands.UpdateCustomerUserCommand</FullName>
          <Methods>
            <Method visited="false" cyclomaticComplexity="1" nPathComplexity="0" sequenceCoverage="0" branchCoverage="0" isConstructor="false" isStatic="false" isGetter="true" isSetter="false">
              <Summary numSequencePoints="1" visitedSequencePoints="0" numBranchPoints="1" visitedBranchPoints="0" sequenceCoverage="0" branchCoverage="0" maxCyclomaticComplexity="1" minCyclomaticComplexity="1" visitedClasses="0" numClasses="0" visitedMethods="0" numMethods="1" />
              <MetadataToken>100664228</MetadataToken>
              <Name>System.String SportsWeb.Services.DomainModel.Commands.UpdateCustomerUserCommand::get_UserName()</Name>
              <FileRef uid="153" />
              <SequencePoints>
                <SequencePoint vc="0" uspid="6887" ordinal="0" offset="0" sl="8" sc="34" el="8" ec="38" bec="0" bev="0" fileid="153" />
              </SequencePoints>
              <BranchPoints />
              <MethodPoint xsi:type="SequencePoint" vc="0" uspid="6887" ordinal="0" offset="0" sl="8" sc="34" el="8" ec="38" bec="0" bev="0" fileid="153" />
            </Method>
            <Method visited="false" cyclomaticComplexity="1" nPathComplexity="0" sequenceCoverage="0" branchCoverage="0" isConstructor="false" isStatic="false" isGetter="false" isSetter="true">
              <Summary numSequencePoints="1" visitedSequencePoints="0" numBranchPoints="1" visitedBranchPoints="0" sequenceCoverage="0" branchCoverage="0" maxCyclomaticComplexity="1" minCyclomaticComplexity="1" visitedClasses="0" numClasses="0" visitedMethods="0" numMethods="1" />
              <MetadataToken>100664229</MetadataToken>
              <Name>System.Void SportsWeb.Services.DomainModel.Commands.UpdateCustomerUserCommand::set_UserName(System.String)</Name>
              <FileRef uid="153" />
              <SequencePoints>
                <SequencePoint vc="0" uspid="6888" ordinal="0" offset="0" sl="8" sc="39" el="8" ec="43" bec="0" bev="0" fileid="153" />
              </SequencePoints>
              <BranchPoints />
              <MethodPoint xsi:type="SequencePoint" vc="0" uspid="6888" ordinal="0" offset="0" sl="8" sc="39" el="8" ec="43" bec="0" bev="0" fileid="153" />
            </Method>
            <Method visited="false" cyclomaticComplexity="1" nPathComplexity="0" sequenceCoverage="0" branchCoverage="0" isConstructor="false" isStatic="false" isGetter="true" isSetter="false">
              <Summary numSequencePoints="1" visitedSequencePoints="0" numBranchPoints="1" visitedBranchPoints="0" sequenceCoverage="0" branchCoverage="0" maxCyclomaticComplexity="1" minCyclomaticComplexity="1" visitedClasses="0" numClasses="0" visitedMethods="0" numMethods="1" />
              <MetadataToken>100664230</MetadataToken>
              <Name>System.String SportsWeb.Services.DomainModel.Commands.UpdateCustomerUserCommand::get_Password()</Name>
              <FileRef uid="153" />
              <SequencePoints>
                <SequencePoint vc="0" uspid="6889" ordinal="0" offset="0" sl="9" sc="34" el="9" ec="38" bec="0" bev="0" fileid="153" />
              </SequencePoints>
              <BranchPoints />
              <MethodPoint xsi:type="SequencePoint" vc="0" uspid="6889" ordinal="0" offset="0" sl="9" sc="34" el="9" ec="38" bec="0" bev="0" fileid="153" />
            </Method>
            <Method visited="false" cyclomaticComplexity="1" nPathComplexity="0" sequenceCoverage="0" branchCoverage="0" isConstructor="false" isStatic="false" isGetter="false" isSetter="true">
              <Summary numSequencePoints="1" visitedSequencePoints="0" numBranchPoints="1" visitedBranchPoints="0" sequenceCoverage="0" branchCoverage="0" maxCyclomaticComplexity="1" minCyclomaticComplexity="1" visitedClasses="0" numClasses="0" visitedMethods="0" numMethods="1" />
              <MetadataToken>100664231</MetadataToken>
              <Name>System.Void SportsWeb.Services.DomainModel.Commands.UpdateCustomerUserCommand::set_Password(System.String)</Name>
              <FileRef uid="153" />
              <SequencePoints>
                <SequencePoint vc="0" uspid="6890" ordinal="0" offset="0" sl="9" sc="39" el="9" ec="43" bec="0" bev="0" fileid="153" />
              </SequencePoints>
              <BranchPoints />
              <MethodPoint xsi:type="SequencePoint" vc="0" uspid="6890" ordinal="0" offset="0" sl="9" sc="39" el="9" ec="43" bec="0" bev="0" fileid="153" />
            </Method>
            <Method visited="false" cyclomaticComplexity="1" nPathComplexity="0" sequenceCoverage="0" branchCoverage="0" isConstructor="false" isStatic="false" isGetter="true" isSetter="false">
              <Summary numSequencePoints="1" visitedSequencePoints="0" numBranchPoints="1" visitedBranchPoints="0" sequenceCoverage="0" branchCoverage="0" maxCyclomaticComplexity="1" minCyclomaticComplexity="1" visitedClasses="0" numClasses="0" visitedMethods="0" numMethods="1" />
              <MetadataToken>100664232</MetadataToken>
              <Name>System.Guid SportsWeb.Services.DomainModel.Commands.UpdateCustomerUserCommand::get_CustomerId()</Name>
              <FileRef uid="153" />
              <SequencePoints>
                <SequencePoint vc="0" uspid="6891" ordinal="0" offset="0" sl="10" sc="34" el="10" ec="38" bec="0" bev="0" fileid="153" />
              </SequencePoints>
              <BranchPoints />
              <MethodPoint xsi:type="SequencePoint" vc="0" uspid="6891" ordinal="0" offset="0" sl="10" sc="34" el="10" ec="38" bec="0" bev="0" fileid="153" />
            </Method>
            <Method visited="false" cyclomaticComplexity="1" nPathComplexity="0" sequenceCoverage="0" branchCoverage="0" isConstructor="false" isStatic="false" isGetter="false" isSetter="true">
              <Summary numSequencePoints="1" visitedSequencePoints="0" numBranchPoints="1" visitedBranchPoints="0" sequenceCoverage="0" branchCoverage="0" maxCyclomaticComplexity="1" minCyclomaticComplexity="1" visitedClasses="0" numClasses="0" visitedMethods="0" numMethods="1" />
              <MetadataToken>100664233</MetadataToken>
              <Name>System.Void SportsWeb.Services.DomainModel.Commands.UpdateCustomerUserCommand::set_CustomerId(System.Guid)</Name>
              <FileRef uid="153" />
              <SequencePoints>
                <SequencePoint vc="0" uspid="6892" ordinal="0" offset="0" sl="10" sc="39" el="10" ec="43" bec="0" bev="0" fileid="153" />
              </SequencePoints>
              <BranchPoints />
              <MethodPoint xsi:type="SequencePoint" vc="0" uspid="6892" ordinal="0" offset="0" sl="10" sc="39" el="10" ec="43" bec="0" bev="0" fileid="153" />
            </Method>
            <Method visited="false" cyclomaticComplexity="1" nPathComplexity="0" sequenceCoverage="0" branchCoverage="0" isConstructor="false" isStatic="false" isGetter="true" isSetter="false">
              <Summary numSequencePoints="1" visitedSequencePoints="0" numBranchPoints="1" visitedBranchPoints="0" sequenceCoverage="0" branchCoverage="0" maxCyclomaticComplexity="1" minCyclomaticComplexity="1" visitedClasses="0" numClasses="0" visitedMethods="0" numMethods="1" />
              <MetadataToken>100664234</MetadataToken>
              <Name>System.String SportsWeb.Services.DomainModel.Commands.UpdateCustomerUserCommand::get_ModifiedBy()</Name>
              <FileRef uid="153" />
              <SequencePoints>
                <SequencePoint vc="0" uspid="6893" ordinal="0" offset="0" sl="11" sc="36" el="11" ec="40" bec="0" bev="0" fileid="153" />
              </SequencePoints>
              <BranchPoints />
              <MethodPoint xsi:type="SequencePoint" vc="0" uspid="6893" ordinal="0" offset="0" sl="11" sc="36" el="11" ec="40" bec="0" bev="0" fileid="153" />
            </Method>
            <Method visited="false" cyclomaticComplexity="1" nPathComplexity="0" sequenceCoverage="0" branchCoverage="0" isConstructor="false" isStatic="false" isGetter="false" isSetter="true">
              <Summary numSequencePoints="1" visitedSequencePoints="0" numBranchPoints="1" visitedBranchPoints="0" sequenceCoverage="0" branchCoverage="0" maxCyclomaticComplexity="1" minCyclomaticComplexity="1" visitedClasses="0" numClasses="0" visitedMethods="0" numMethods="1" />
              <MetadataToken>100664235</MetadataToken>
              <Name>System.Void SportsWeb.Services.DomainModel.Commands.UpdateCustomerUserCommand::set_ModifiedBy(System.String)</Name>
              <FileRef uid="153" />
              <SequencePoints>
                <SequencePoint vc="0" uspid="6894" ordinal="0" offset="0" sl="11" sc="41" el="11" ec="45" bec="0" bev="0" fileid="153" />
              </SequencePoints>
              <BranchPoints />
              <MethodPoint xsi:type="SequencePoint" vc="0" uspid="6894" ordinal="0" offset="0" sl="11" sc="41" el="11" ec="45" bec="0" bev="0" fileid="153" />
            </Method>
            <Method visited="false" cyclomaticComplexity="1" nPathComplexity="0" sequenceCoverage="0" branchCoverage="0" isConstructor="true" isStatic="false" isGetter="false" isSetter="false">
              <Summary numSequencePoints="0" visitedSequencePoints="0" numBranchPoints="0" visitedBranchPoints="0" sequenceCoverage="0" branchCoverage="0" maxCyclomaticComplexity="1" minCyclomaticComplexity="1" visitedClasses="0" numClasses="0" visitedMethods="0" numMethods="0" />
              <MetadataToken>100664236</MetadataToken>
              <Name>System.Void SportsWeb.Services.DomainModel.Commands.UpdateCustomerUserCommand::.ctor()</Name>
              <SequencePoints />
              <BranchPoints />
              <MethodPoint vc="0" uspid="6895" ordinal="0" offset="0" />
            </Method>
          </Methods>
        </Class>
        <Class>
          <Summary numSequencePoints="8" visitedSequencePoints="7" numBranchPoints="8" visitedBranchPoints="7" sequenceCoverage="87.5" branchCoverage="87.5" maxCyclomaticComplexity="1" minCyclomaticComplexity="1" visitedClasses="1" numClasses="1" visitedMethods="7" numMethods="8" />
          <FullName>SportsWeb.Services.DomainModel.Commands.UpdateKeypadCommand</FullName>
          <Methods>
            <Method visited="true" cyclomaticComplexity="1" nPathComplexity="0" sequenceCoverage="100" branchCoverage="100" isConstructor="false" isStatic="false" isGetter="true" isSetter="false">
              <Summary numSequencePoints="1" visitedSequencePoints="1" numBranchPoints="1" visitedBranchPoints="1" sequenceCoverage="100" branchCoverage="100" maxCyclomaticComplexity="1" minCyclomaticComplexity="1" visitedClasses="0" numClasses="0" visitedMethods="1" numMethods="1" />
              <MetadataToken>100664237</MetadataToken>
              <Name>System.Guid SportsWeb.Services.DomainModel.Commands.UpdateKeypadCommand::get_Id()</Name>
              <FileRef uid="154" />
              <SequencePoints>
                <SequencePoint vc="1" uspid="6896" ordinal="0" offset="0" sl="8" sc="26" el="8" ec="30" bec="0" bev="0" fileid="154" />
              </SequencePoints>
              <BranchPoints />
              <MethodPoint xsi:type="SequencePoint" vc="1" uspid="6896" ordinal="0" offset="0" sl="8" sc="26" el="8" ec="30" bec="0" bev="0" fileid="154" />
            </Method>
            <Method visited="true" cyclomaticComplexity="1" nPathComplexity="0" sequenceCoverage="100" branchCoverage="100" isConstructor="false" isStatic="false" isGetter="false" isSetter="true">
              <Summary numSequencePoints="1" visitedSequencePoints="1" numBranchPoints="1" visitedBranchPoints="1" sequenceCoverage="100" branchCoverage="100" maxCyclomaticComplexity="1" minCyclomaticComplexity="1" visitedClasses="0" numClasses="0" visitedMethods="1" numMethods="1" />
              <MetadataToken>100664238</MetadataToken>
              <Name>System.Void SportsWeb.Services.DomainModel.Commands.UpdateKeypadCommand::set_Id(System.Guid)</Name>
              <FileRef uid="154" />
              <SequencePoints>
                <SequencePoint vc="3" uspid="6897" ordinal="0" offset="0" sl="8" sc="31" el="8" ec="35" bec="0" bev="0" fileid="154" />
              </SequencePoints>
              <BranchPoints />
              <MethodPoint xsi:type="SequencePoint" vc="3" uspid="6897" ordinal="0" offset="0" sl="8" sc="31" el="8" ec="35" bec="0" bev="0" fileid="154" />
            </Method>
            <Method visited="false" cyclomaticComplexity="1" nPathComplexity="0" sequenceCoverage="0" branchCoverage="0" isConstructor="false" isStatic="false" isGetter="true" isSetter="false">
              <Summary numSequencePoints="1" visitedSequencePoints="0" numBranchPoints="1" visitedBranchPoints="0" sequenceCoverage="0" branchCoverage="0" maxCyclomaticComplexity="1" minCyclomaticComplexity="1" visitedClasses="0" numClasses="0" visitedMethods="0" numMethods="1" />
              <MetadataToken>100664239</MetadataToken>
              <Name>System.Guid SportsWeb.Services.DomainModel.Commands.UpdateKeypadCommand::get_SiteId()</Name>
              <FileRef uid="154" />
              <SequencePoints>
                <SequencePoint vc="0" uspid="6898" ordinal="0" offset="0" sl="9" sc="30" el="9" ec="34" bec="0" bev="0" fileid="154" />
              </SequencePoints>
              <BranchPoints />
              <MethodPoint xsi:type="SequencePoint" vc="0" uspid="6898" ordinal="0" offset="0" sl="9" sc="30" el="9" ec="34" bec="0" bev="0" fileid="154" />
            </Method>
            <Method visited="true" cyclomaticComplexity="1" nPathComplexity="0" sequenceCoverage="100" branchCoverage="100" isConstructor="false" isStatic="false" isGetter="false" isSetter="true">
              <Summary numSequencePoints="1" visitedSequencePoints="1" numBranchPoints="1" visitedBranchPoints="1" sequenceCoverage="100" branchCoverage="100" maxCyclomaticComplexity="1" minCyclomaticComplexity="1" visitedClasses="0" numClasses="0" visitedMethods="1" numMethods="1" />
              <MetadataToken>100664240</MetadataToken>
              <Name>System.Void SportsWeb.Services.DomainModel.Commands.UpdateKeypadCommand::set_SiteId(System.Guid)</Name>
              <FileRef uid="154" />
              <SequencePoints>
                <SequencePoint vc="2" uspid="6899" ordinal="0" offset="0" sl="9" sc="35" el="9" ec="39" bec="0" bev="0" fileid="154" />
              </SequencePoints>
              <BranchPoints />
              <MethodPoint xsi:type="SequencePoint" vc="2" uspid="6899" ordinal="0" offset="0" sl="9" sc="35" el="9" ec="39" bec="0" bev="0" fileid="154" />
            </Method>
            <Method visited="true" cyclomaticComplexity="1" nPathComplexity="0" sequenceCoverage="100" branchCoverage="100" isConstructor="false" isStatic="false" isGetter="true" isSetter="false">
              <Summary numSequencePoints="1" visitedSequencePoints="1" numBranchPoints="1" visitedBranchPoints="1" sequenceCoverage="100" branchCoverage="100" maxCyclomaticComplexity="1" minCyclomaticComplexity="1" visitedClasses="0" numClasses="0" visitedMethods="1" numMethods="1" />
              <MetadataToken>100664241</MetadataToken>
              <Name>System.String SportsWeb.Services.DomainModel.Commands.UpdateKeypadCommand::get_KeypadId()</Name>
              <FileRef uid="154" />
              <SequencePoints>
                <SequencePoint vc="2" uspid="6900" ordinal="0" offset="0" sl="10" sc="34" el="10" ec="38" bec="0" bev="0" fileid="154" />
              </SequencePoints>
              <BranchPoints />
              <MethodPoint xsi:type="SequencePoint" vc="2" uspid="6900" ordinal="0" offset="0" sl="10" sc="34" el="10" ec="38" bec="0" bev="0" fileid="154" />
            </Method>
            <Method visited="true" cyclomaticComplexity="1" nPathComplexity="0" sequenceCoverage="100" branchCoverage="100" isConstructor="false" isStatic="false" isGetter="false" isSetter="true">
              <Summary numSequencePoints="1" visitedSequencePoints="1" numBranchPoints="1" visitedBranchPoints="1" sequenceCoverage="100" branchCoverage="100" maxCyclomaticComplexity="1" minCyclomaticComplexity="1" visitedClasses="0" numClasses="0" visitedMethods="1" numMethods="1" />
              <MetadataToken>100664242</MetadataToken>
              <Name>System.Void SportsWeb.Services.DomainModel.Commands.UpdateKeypadCommand::set_KeypadId(System.String)</Name>
              <FileRef uid="154" />
              <SequencePoints>
                <SequencePoint vc="3" uspid="6901" ordinal="0" offset="0" sl="10" sc="39" el="10" ec="43" bec="0" bev="0" fileid="154" />
              </SequencePoints>
              <BranchPoints />
              <MethodPoint xsi:type="SequencePoint" vc="3" uspid="6901" ordinal="0" offset="0" sl="10" sc="39" el="10" ec="43" bec="0" bev="0" fileid="154" />
            </Method>
            <Method visited="true" cyclomaticComplexity="1" nPathComplexity="0" sequenceCoverage="100" branchCoverage="100" isConstructor="false" isStatic="false" isGetter="true" isSetter="false">
              <Summary numSequencePoints="1" visitedSequencePoints="1" numBranchPoints="1" visitedBranchPoints="1" sequenceCoverage="100" branchCoverage="100" maxCyclomaticComplexity="1" minCyclomaticComplexity="1" visitedClasses="0" numClasses="0" visitedMethods="1" numMethods="1" />
              <MetadataToken>100664243</MetadataToken>
              <Name>System.String SportsWeb.Services.DomainModel.Commands.UpdateKeypadCommand::get_KeypadName()</Name>
              <FileRef uid="154" />
              <SequencePoints>
                <SequencePoint vc="3" uspid="6902" ordinal="0" offset="0" sl="11" sc="36" el="11" ec="40" bec="0" bev="0" fileid="154" />
              </SequencePoints>
              <BranchPoints />
              <MethodPoint xsi:type="SequencePoint" vc="3" uspid="6902" ordinal="0" offset="0" sl="11" sc="36" el="11" ec="40" bec="0" bev="0" fileid="154" />
            </Method>
            <Method visited="true" cyclomaticComplexity="1" nPathComplexity="0" sequenceCoverage="100" branchCoverage="100" isConstructor="false" isStatic="false" isGetter="false" isSetter="true">
              <Summary numSequencePoints="1" visitedSequencePoints="1" numBranchPoints="1" visitedBranchPoints="1" sequenceCoverage="100" branchCoverage="100" maxCyclomaticComplexity="1" minCyclomaticComplexity="1" visitedClasses="0" numClasses="0" visitedMethods="1" numMethods="1" />
              <MetadataToken>100664244</MetadataToken>
              <Name>System.Void SportsWeb.Services.DomainModel.Commands.UpdateKeypadCommand::set_KeypadName(System.String)</Name>
              <FileRef uid="154" />
              <SequencePoints>
                <SequencePoint vc="3" uspid="6903" ordinal="0" offset="0" sl="11" sc="41" el="11" ec="45" bec="0" bev="0" fileid="154" />
              </SequencePoints>
              <BranchPoints />
              <MethodPoint xsi:type="SequencePoint" vc="3" uspid="6903" ordinal="0" offset="0" sl="11" sc="41" el="11" ec="45" bec="0" bev="0" fileid="154" />
            </Method>
            <Method visited="true" cyclomaticComplexity="1" nPathComplexity="0" sequenceCoverage="0" branchCoverage="0" isConstructor="true" isStatic="false" isGetter="false" isSetter="false">
              <Summary numSequencePoints="0" visitedSequencePoints="0" numBranchPoints="0" visitedBranchPoints="0" sequenceCoverage="0" branchCoverage="0" maxCyclomaticComplexity="1" minCyclomaticComplexity="1" visitedClasses="0" numClasses="0" visitedMethods="0" numMethods="0" />
              <MetadataToken>100664245</MetadataToken>
              <Name>System.Void SportsWeb.Services.DomainModel.Commands.UpdateKeypadCommand::.ctor()</Name>
              <SequencePoints />
              <BranchPoints />
              <MethodPoint vc="3" uspid="6904" ordinal="0" offset="0" />
            </Method>
          </Methods>
        </Class>
        <Class>
          <Summary numSequencePoints="6" visitedSequencePoints="6" numBranchPoints="6" visitedBranchPoints="6" sequenceCoverage="100" branchCoverage="100" maxCyclomaticComplexity="1" minCyclomaticComplexity="1" visitedClasses="1" numClasses="1" visitedMethods="6" numMethods="6" />
          <FullName>SportsWeb.Services.DomainModel.Commands.AddKeypadCommand</FullName>
          <Methods>
            <Method visited="true" cyclomaticComplexity="1" nPathComplexity="0" sequenceCoverage="100" branchCoverage="100" isConstructor="false" isStatic="false" isGetter="true" isSetter="false">
              <Summary numSequencePoints="1" visitedSequencePoints="1" numBranchPoints="1" visitedBranchPoints="1" sequenceCoverage="100" branchCoverage="100" maxCyclomaticComplexity="1" minCyclomaticComplexity="1" visitedClasses="0" numClasses="0" visitedMethods="1" numMethods="1" />
              <MetadataToken>100664246</MetadataToken>
              <Name>System.Guid SportsWeb.Services.DomainModel.Commands.AddKeypadCommand::get_SiteId()</Name>
              <FileRef uid="155" />
              <SequencePoints>
                <SequencePoint vc="1" uspid="6905" ordinal="0" offset="0" sl="8" sc="30" el="8" ec="34" bec="0" bev="0" fileid="155" />
              </SequencePoints>
              <BranchPoints />
              <MethodPoint xsi:type="SequencePoint" vc="1" uspid="6905" ordinal="0" offset="0" sl="8" sc="30" el="8" ec="34" bec="0" bev="0" fileid="155" />
            </Method>
            <Method visited="true" cyclomaticComplexity="1" nPathComplexity="0" sequenceCoverage="100" branchCoverage="100" isConstructor="false" isStatic="false" isGetter="false" isSetter="true">
              <Summary numSequencePoints="1" visitedSequencePoints="1" numBranchPoints="1" visitedBranchPoints="1" sequenceCoverage="100" branchCoverage="100" maxCyclomaticComplexity="1" minCyclomaticComplexity="1" visitedClasses="0" numClasses="0" visitedMethods="1" numMethods="1" />
              <MetadataToken>100664247</MetadataToken>
              <Name>System.Void SportsWeb.Services.DomainModel.Commands.AddKeypadCommand::set_SiteId(System.Guid)</Name>
              <FileRef uid="155" />
              <SequencePoints>
                <SequencePoint vc="2" uspid="6906" ordinal="0" offset="0" sl="8" sc="35" el="8" ec="39" bec="0" bev="0" fileid="155" />
              </SequencePoints>
              <BranchPoints />
              <MethodPoint xsi:type="SequencePoint" vc="2" uspid="6906" ordinal="0" offset="0" sl="8" sc="35" el="8" ec="39" bec="0" bev="0" fileid="155" />
            </Method>
            <Method visited="true" cyclomaticComplexity="1" nPathComplexity="0" sequenceCoverage="100" branchCoverage="100" isConstructor="false" isStatic="false" isGetter="true" isSetter="false">
              <Summary numSequencePoints="1" visitedSequencePoints="1" numBranchPoints="1" visitedBranchPoints="1" sequenceCoverage="100" branchCoverage="100" maxCyclomaticComplexity="1" minCyclomaticComplexity="1" visitedClasses="0" numClasses="0" visitedMethods="1" numMethods="1" />
              <MetadataToken>100664248</MetadataToken>
              <Name>System.String SportsWeb.Services.DomainModel.Commands.AddKeypadCommand::get_KeypadId()</Name>
              <FileRef uid="155" />
              <SequencePoints>
                <SequencePoint vc="2" uspid="6907" ordinal="0" offset="0" sl="9" sc="34" el="9" ec="38" bec="0" bev="0" fileid="155" />
              </SequencePoints>
              <BranchPoints />
              <MethodPoint xsi:type="SequencePoint" vc="2" uspid="6907" ordinal="0" offset="0" sl="9" sc="34" el="9" ec="38" bec="0" bev="0" fileid="155" />
            </Method>
            <Method visited="true" cyclomaticComplexity="1" nPathComplexity="0" sequenceCoverage="100" branchCoverage="100" isConstructor="false" isStatic="false" isGetter="false" isSetter="true">
              <Summary numSequencePoints="1" visitedSequencePoints="1" numBranchPoints="1" visitedBranchPoints="1" sequenceCoverage="100" branchCoverage="100" maxCyclomaticComplexity="1" minCyclomaticComplexity="1" visitedClasses="0" numClasses="0" visitedMethods="1" numMethods="1" />
              <MetadataToken>100664249</MetadataToken>
              <Name>System.Void SportsWeb.Services.DomainModel.Commands.AddKeypadCommand::set_KeypadId(System.String)</Name>
              <FileRef uid="155" />
              <SequencePoints>
                <SequencePoint vc="2" uspid="6908" ordinal="0" offset="0" sl="9" sc="39" el="9" ec="43" bec="0" bev="0" fileid="155" />
              </SequencePoints>
              <BranchPoints />
              <MethodPoint xsi:type="SequencePoint" vc="2" uspid="6908" ordinal="0" offset="0" sl="9" sc="39" el="9" ec="43" bec="0" bev="0" fileid="155" />
            </Method>
            <Method visited="true" cyclomaticComplexity="1" nPathComplexity="0" sequenceCoverage="100" branchCoverage="100" isConstructor="false" isStatic="false" isGetter="true" isSetter="false">
              <Summary numSequencePoints="1" visitedSequencePoints="1" numBranchPoints="1" visitedBranchPoints="1" sequenceCoverage="100" branchCoverage="100" maxCyclomaticComplexity="1" minCyclomaticComplexity="1" visitedClasses="0" numClasses="0" visitedMethods="1" numMethods="1" />
              <MetadataToken>100664250</MetadataToken>
              <Name>System.String SportsWeb.Services.DomainModel.Commands.AddKeypadCommand::get_KeypadName()</Name>
              <FileRef uid="155" />
              <SequencePoints>
                <SequencePoint vc="2" uspid="6909" ordinal="0" offset="0" sl="10" sc="36" el="10" ec="40" bec="0" bev="0" fileid="155" />
              </SequencePoints>
              <BranchPoints />
              <MethodPoint xsi:type="SequencePoint" vc="2" uspid="6909" ordinal="0" offset="0" sl="10" sc="36" el="10" ec="40" bec="0" bev="0" fileid="155" />
            </Method>
            <Method visited="true" cyclomaticComplexity="1" nPathComplexity="0" sequenceCoverage="100" branchCoverage="100" isConstructor="false" isStatic="false" isGetter="false" isSetter="true">
              <Summary numSequencePoints="1" visitedSequencePoints="1" numBranchPoints="1" visitedBranchPoints="1" sequenceCoverage="100" branchCoverage="100" maxCyclomaticComplexity="1" minCyclomaticComplexity="1" visitedClasses="0" numClasses="0" visitedMethods="1" numMethods="1" />
              <MetadataToken>100664251</MetadataToken>
              <Name>System.Void SportsWeb.Services.DomainModel.Commands.AddKeypadCommand::set_KeypadName(System.String)</Name>
              <FileRef uid="155" />
              <SequencePoints>
                <SequencePoint vc="2" uspid="6910" ordinal="0" offset="0" sl="10" sc="41" el="10" ec="45" bec="0" bev="0" fileid="155" />
              </SequencePoints>
              <BranchPoints />
              <MethodPoint xsi:type="SequencePoint" vc="2" uspid="6910" ordinal="0" offset="0" sl="10" sc="41" el="10" ec="45" bec="0" bev="0" fileid="155" />
            </Method>
            <Method visited="true" cyclomaticComplexity="1" nPathComplexity="0" sequenceCoverage="0" branchCoverage="0" isConstructor="true" isStatic="false" isGetter="false" isSetter="false">
              <Summary numSequencePoints="0" visitedSequencePoints="0" numBranchPoints="0" visitedBranchPoints="0" sequenceCoverage="0" branchCoverage="0" maxCyclomaticComplexity="1" minCyclomaticComplexity="1" visitedClasses="0" numClasses="0" visitedMethods="0" numMethods="0" />
              <MetadataToken>100664252</MetadataToken>
              <Name>System.Void SportsWeb.Services.DomainModel.Commands.AddKeypadCommand::.ctor()</Name>
              <SequencePoints />
              <BranchPoints />
              <MethodPoint vc="2" uspid="6911" ordinal="0" offset="0" />
            </Method>
          </Methods>
        </Class>
        <Class>
          <Summary numSequencePoints="8" visitedSequencePoints="8" numBranchPoints="8" visitedBranchPoints="8" sequenceCoverage="100" branchCoverage="100" maxCyclomaticComplexity="1" minCyclomaticComplexity="1" visitedClasses="1" numClasses="1" visitedMethods="8" numMethods="8" />
          <FullName>SportsWeb.Services.DomainModel.Commands.AddAmpCustomerUserCommand</FullName>
          <Methods>
            <Method visited="true" cyclomaticComplexity="1" nPathComplexity="0" sequenceCoverage="100" branchCoverage="100" isConstructor="false" isStatic="false" isGetter="true" isSetter="false">
              <Summary numSequencePoints="1" visitedSequencePoints="1" numBranchPoints="1" visitedBranchPoints="1" sequenceCoverage="100" branchCoverage="100" maxCyclomaticComplexity="1" minCyclomaticComplexity="1" visitedClasses="0" numClasses="0" visitedMethods="1" numMethods="1" />
              <MetadataToken>100664253</MetadataToken>
              <Name>System.Guid SportsWeb.Services.DomainModel.Commands.AddAmpCustomerUserCommand::get_CustomerId()</Name>
              <FileRef uid="156" />
              <SequencePoints>
                <SequencePoint vc="1" uspid="6912" ordinal="0" offset="0" sl="8" sc="34" el="8" ec="38" bec="0" bev="0" fileid="156" />
              </SequencePoints>
              <BranchPoints />
              <MethodPoint xsi:type="SequencePoint" vc="1" uspid="6912" ordinal="0" offset="0" sl="8" sc="34" el="8" ec="38" bec="0" bev="0" fileid="156" />
            </Method>
            <Method visited="true" cyclomaticComplexity="1" nPathComplexity="0" sequenceCoverage="100" branchCoverage="100" isConstructor="false" isStatic="false" isGetter="false" isSetter="true">
              <Summary numSequencePoints="1" visitedSequencePoints="1" numBranchPoints="1" visitedBranchPoints="1" sequenceCoverage="100" branchCoverage="100" maxCyclomaticComplexity="1" minCyclomaticComplexity="1" visitedClasses="0" numClasses="0" visitedMethods="1" numMethods="1" />
              <MetadataToken>100664254</MetadataToken>
              <Name>System.Void SportsWeb.Services.DomainModel.Commands.AddAmpCustomerUserCommand::set_CustomerId(System.Guid)</Name>
              <FileRef uid="156" />
              <SequencePoints>
                <SequencePoint vc="2" uspid="6913" ordinal="0" offset="0" sl="8" sc="39" el="8" ec="43" bec="0" bev="0" fileid="156" />
              </SequencePoints>
              <BranchPoints />
              <MethodPoint xsi:type="SequencePoint" vc="2" uspid="6913" ordinal="0" offset="0" sl="8" sc="39" el="8" ec="43" bec="0" bev="0" fileid="156" />
            </Method>
            <Method visited="true" cyclomaticComplexity="1" nPathComplexity="0" sequenceCoverage="100" branchCoverage="100" isConstructor="false" isStatic="false" isGetter="true" isSetter="false">
              <Summary numSequencePoints="1" visitedSequencePoints="1" numBranchPoints="1" visitedBranchPoints="1" sequenceCoverage="100" branchCoverage="100" maxCyclomaticComplexity="1" minCyclomaticComplexity="1" visitedClasses="0" numClasses="0" visitedMethods="1" numMethods="1" />
              <MetadataToken>100664255</MetadataToken>
              <Name>System.String SportsWeb.Services.DomainModel.Commands.AddAmpCustomerUserCommand::get_Name()</Name>
              <FileRef uid="156" />
              <SequencePoints>
                <SequencePoint vc="2" uspid="6914" ordinal="0" offset="0" sl="9" sc="30" el="9" ec="34" bec="0" bev="0" fileid="156" />
              </SequencePoints>
              <BranchPoints />
              <MethodPoint xsi:type="SequencePoint" vc="2" uspid="6914" ordinal="0" offset="0" sl="9" sc="30" el="9" ec="34" bec="0" bev="0" fileid="156" />
            </Method>
            <Method visited="true" cyclomaticComplexity="1" nPathComplexity="0" sequenceCoverage="100" branchCoverage="100" isConstructor="false" isStatic="false" isGetter="false" isSetter="true">
              <Summary numSequencePoints="1" visitedSequencePoints="1" numBranchPoints="1" visitedBranchPoints="1" sequenceCoverage="100" branchCoverage="100" maxCyclomaticComplexity="1" minCyclomaticComplexity="1" visitedClasses="0" numClasses="0" visitedMethods="1" numMethods="1" />
              <MetadataToken>100664256</MetadataToken>
              <Name>System.Void SportsWeb.Services.DomainModel.Commands.AddAmpCustomerUserCommand::set_Name(System.String)</Name>
              <FileRef uid="156" />
              <SequencePoints>
                <SequencePoint vc="2" uspid="6915" ordinal="0" offset="0" sl="9" sc="35" el="9" ec="39" bec="0" bev="0" fileid="156" />
              </SequencePoints>
              <BranchPoints />
              <MethodPoint xsi:type="SequencePoint" vc="2" uspid="6915" ordinal="0" offset="0" sl="9" sc="35" el="9" ec="39" bec="0" bev="0" fileid="156" />
            </Method>
            <Method visited="true" cyclomaticComplexity="1" nPathComplexity="0" sequenceCoverage="100" branchCoverage="100" isConstructor="false" isStatic="false" isGetter="true" isSetter="false">
              <Summary numSequencePoints="1" visitedSequencePoints="1" numBranchPoints="1" visitedBranchPoints="1" sequenceCoverage="100" branchCoverage="100" maxCyclomaticComplexity="1" minCyclomaticComplexity="1" visitedClasses="0" numClasses="0" visitedMethods="1" numMethods="1" />
              <MetadataToken>100664257</MetadataToken>
              <Name>System.String SportsWeb.Services.DomainModel.Commands.AddAmpCustomerUserCommand::get_Password()</Name>
              <FileRef uid="156" />
              <SequencePoints>
                <SequencePoint vc="2" uspid="6916" ordinal="0" offset="0" sl="10" sc="34" el="10" ec="38" bec="0" bev="0" fileid="156" />
              </SequencePoints>
              <BranchPoints />
              <MethodPoint xsi:type="SequencePoint" vc="2" uspid="6916" ordinal="0" offset="0" sl="10" sc="34" el="10" ec="38" bec="0" bev="0" fileid="156" />
            </Method>
            <Method visited="true" cyclomaticComplexity="1" nPathComplexity="0" sequenceCoverage="100" branchCoverage="100" isConstructor="false" isStatic="false" isGetter="false" isSetter="true">
              <Summary numSequencePoints="1" visitedSequencePoints="1" numBranchPoints="1" visitedBranchPoints="1" sequenceCoverage="100" branchCoverage="100" maxCyclomaticComplexity="1" minCyclomaticComplexity="1" visitedClasses="0" numClasses="0" visitedMethods="1" numMethods="1" />
              <MetadataToken>100664258</MetadataToken>
              <Name>System.Void SportsWeb.Services.DomainModel.Commands.AddAmpCustomerUserCommand::set_Password(System.String)</Name>
              <FileRef uid="156" />
              <SequencePoints>
                <SequencePoint vc="2" uspid="6917" ordinal="0" offset="0" sl="10" sc="39" el="10" ec="43" bec="0" bev="0" fileid="156" />
              </SequencePoints>
              <BranchPoints />
              <MethodPoint xsi:type="SequencePoint" vc="2" uspid="6917" ordinal="0" offset="0" sl="10" sc="39" el="10" ec="43" bec="0" bev="0" fileid="156" />
            </Method>
            <Method visited="true" cyclomaticComplexity="1" nPathComplexity="0" sequenceCoverage="100" branchCoverage="100" isConstructor="false" isStatic="false" isGetter="true" isSetter="false">
              <Summary numSequencePoints="1" visitedSequencePoints="1" numBranchPoints="1" visitedBranchPoints="1" sequenceCoverage="100" branchCoverage="100" maxCyclomaticComplexity="1" minCyclomaticComplexity="1" visitedClasses="0" numClasses="0" visitedMethods="1" numMethods="1" />
              <MetadataToken>100664259</MetadataToken>
              <Name>System.String SportsWeb.Services.DomainModel.Commands.AddAmpCustomerUserCommand::get_CreatedBy()</Name>
              <FileRef uid="156" />
              <SequencePoints>
                <SequencePoint vc="1" uspid="6918" ordinal="0" offset="0" sl="12" sc="35" el="12" ec="39" bec="0" bev="0" fileid="156" />
              </SequencePoints>
              <BranchPoints />
              <MethodPoint xsi:type="SequencePoint" vc="1" uspid="6918" ordinal="0" offset="0" sl="12" sc="35" el="12" ec="39" bec="0" bev="0" fileid="156" />
            </Method>
            <Method visited="true" cyclomaticComplexity="1" nPathComplexity="0" sequenceCoverage="100" branchCoverage="100" isConstructor="false" isStatic="false" isGetter="false" isSetter="true">
              <Summary numSequencePoints="1" visitedSequencePoints="1" numBranchPoints="1" visitedBranchPoints="1" sequenceCoverage="100" branchCoverage="100" maxCyclomaticComplexity="1" minCyclomaticComplexity="1" visitedClasses="0" numClasses="0" visitedMethods="1" numMethods="1" />
              <MetadataToken>100664260</MetadataToken>
              <Name>System.Void SportsWeb.Services.DomainModel.Commands.AddAmpCustomerUserCommand::set_CreatedBy(System.String)</Name>
              <FileRef uid="156" />
              <SequencePoints>
                <SequencePoint vc="2" uspid="6919" ordinal="0" offset="0" sl="12" sc="40" el="12" ec="44" bec="0" bev="0" fileid="156" />
              </SequencePoints>
              <BranchPoints />
              <MethodPoint xsi:type="SequencePoint" vc="2" uspid="6919" ordinal="0" offset="0" sl="12" sc="40" el="12" ec="44" bec="0" bev="0" fileid="156" />
            </Method>
            <Method visited="true" cyclomaticComplexity="1" nPathComplexity="0" sequenceCoverage="0" branchCoverage="0" isConstructor="true" isStatic="false" isGetter="false" isSetter="false">
              <Summary numSequencePoints="0" visitedSequencePoints="0" numBranchPoints="0" visitedBranchPoints="0" sequenceCoverage="0" branchCoverage="0" maxCyclomaticComplexity="1" minCyclomaticComplexity="1" visitedClasses="0" numClasses="0" visitedMethods="0" numMethods="0" />
              <MetadataToken>100664261</MetadataToken>
              <Name>System.Void SportsWeb.Services.DomainModel.Commands.AddAmpCustomerUserCommand::.ctor()</Name>
              <SequencePoints />
              <BranchPoints />
              <MethodPoint vc="2" uspid="6920" ordinal="0" offset="0" />
            </Method>
          </Methods>
        </Class>
        <Class>
          <Summary numSequencePoints="12" visitedSequencePoints="12" numBranchPoints="12" visitedBranchPoints="12" sequenceCoverage="100" branchCoverage="100" maxCyclomaticComplexity="1" minCyclomaticComplexity="1" visitedClasses="1" numClasses="1" visitedMethods="12" numMethods="12" />
          <FullName>SportsWeb.Services.DomainModel.Commands.AddSceneChange</FullName>
          <Methods>
            <Method visited="true" cyclomaticComplexity="1" nPathComplexity="0" sequenceCoverage="100" branchCoverage="100" isConstructor="false" isStatic="false" isGetter="true" isSetter="false">
              <Summary numSequencePoints="1" visitedSequencePoints="1" numBranchPoints="1" visitedBranchPoints="1" sequenceCoverage="100" branchCoverage="100" maxCyclomaticComplexity="1" minCyclomaticComplexity="1" visitedClasses="0" numClasses="0" visitedMethods="1" numMethods="1" />
              <MetadataToken>100664262</MetadataToken>
              <Name>System.Guid SportsWeb.Services.DomainModel.Commands.AddSceneChange::get_SiteId()</Name>
              <FileRef uid="157" />
              <SequencePoints>
                <SequencePoint vc="1" uspid="6921" ordinal="0" offset="0" sl="8" sc="30" el="8" ec="34" bec="0" bev="0" fileid="157" />
              </SequencePoints>
              <BranchPoints />
              <MethodPoint xsi:type="SequencePoint" vc="1" uspid="6921" ordinal="0" offset="0" sl="8" sc="30" el="8" ec="34" bec="0" bev="0" fileid="157" />
            </Method>
            <Method visited="true" cyclomaticComplexity="1" nPathComplexity="0" sequenceCoverage="100" branchCoverage="100" isConstructor="false" isStatic="false" isGetter="false" isSetter="true">
              <Summary numSequencePoints="1" visitedSequencePoints="1" numBranchPoints="1" visitedBranchPoints="1" sequenceCoverage="100" branchCoverage="100" maxCyclomaticComplexity="1" minCyclomaticComplexity="1" visitedClasses="0" numClasses="0" visitedMethods="1" numMethods="1" />
              <MetadataToken>100664263</MetadataToken>
              <Name>System.Void SportsWeb.Services.DomainModel.Commands.AddSceneChange::set_SiteId(System.Guid)</Name>
              <FileRef uid="157" />
              <SequencePoints>
                <SequencePoint vc="2" uspid="6922" ordinal="0" offset="0" sl="8" sc="35" el="8" ec="39" bec="0" bev="0" fileid="157" />
              </SequencePoints>
              <BranchPoints />
              <MethodPoint xsi:type="SequencePoint" vc="2" uspid="6922" ordinal="0" offset="0" sl="8" sc="35" el="8" ec="39" bec="0" bev="0" fileid="157" />
            </Method>
            <Method visited="true" cyclomaticComplexity="1" nPathComplexity="0" sequenceCoverage="100" branchCoverage="100" isConstructor="false" isStatic="false" isGetter="true" isSetter="false">
              <Summary numSequencePoints="1" visitedSequencePoints="1" numBranchPoints="1" visitedBranchPoints="1" sequenceCoverage="100" branchCoverage="100" maxCyclomaticComplexity="1" minCyclomaticComplexity="1" visitedClasses="0" numClasses="0" visitedMethods="1" numMethods="1" />
              <MetadataToken>100664264</MetadataToken>
              <Name>System.Guid SportsWeb.Services.DomainModel.Commands.AddSceneChange::get_FieldId()</Name>
              <FileRef uid="157" />
              <SequencePoints>
                <SequencePoint vc="1" uspid="6923" ordinal="0" offset="0" sl="10" sc="31" el="10" ec="35" bec="0" bev="0" fileid="157" />
              </SequencePoints>
              <BranchPoints />
              <MethodPoint xsi:type="SequencePoint" vc="1" uspid="6923" ordinal="0" offset="0" sl="10" sc="31" el="10" ec="35" bec="0" bev="0" fileid="157" />
            </Method>
            <Method visited="true" cyclomaticComplexity="1" nPathComplexity="0" sequenceCoverage="100" branchCoverage="100" isConstructor="false" isStatic="false" isGetter="false" isSetter="true">
              <Summary numSequencePoints="1" visitedSequencePoints="1" numBranchPoints="1" visitedBranchPoints="1" sequenceCoverage="100" branchCoverage="100" maxCyclomaticComplexity="1" minCyclomaticComplexity="1" visitedClasses="0" numClasses="0" visitedMethods="1" numMethods="1" />
              <MetadataToken>100664265</MetadataToken>
              <Name>System.Void SportsWeb.Services.DomainModel.Commands.AddSceneChange::set_FieldId(System.Guid)</Name>
              <FileRef uid="157" />
              <SequencePoints>
                <SequencePoint vc="2" uspid="6924" ordinal="0" offset="0" sl="10" sc="36" el="10" ec="40" bec="0" bev="0" fileid="157" />
              </SequencePoints>
              <BranchPoints />
              <MethodPoint xsi:type="SequencePoint" vc="2" uspid="6924" ordinal="0" offset="0" sl="10" sc="36" el="10" ec="40" bec="0" bev="0" fileid="157" />
            </Method>
            <Method visited="true" cyclomaticComplexity="1" nPathComplexity="0" sequenceCoverage="100" branchCoverage="100" isConstructor="false" isStatic="false" isGetter="true" isSetter="false">
              <Summary numSequencePoints="1" visitedSequencePoints="1" numBranchPoints="1" visitedBranchPoints="1" sequenceCoverage="100" branchCoverage="100" maxCyclomaticComplexity="1" minCyclomaticComplexity="1" visitedClasses="0" numClasses="0" visitedMethods="1" numMethods="1" />
              <MetadataToken>100664266</MetadataToken>
              <Name>System.Int32 SportsWeb.Services.DomainModel.Commands.AddSceneChange::get_FieldNodeId()</Name>
              <FileRef uid="157" />
              <SequencePoints>
                <SequencePoint vc="1" uspid="6925" ordinal="0" offset="0" sl="12" sc="34" el="12" ec="38" bec="0" bev="0" fileid="157" />
              </SequencePoints>
              <BranchPoints />
              <MethodPoint xsi:type="SequencePoint" vc="1" uspid="6925" ordinal="0" offset="0" sl="12" sc="34" el="12" ec="38" bec="0" bev="0" fileid="157" />
            </Method>
            <Method visited="true" cyclomaticComplexity="1" nPathComplexity="0" sequenceCoverage="100" branchCoverage="100" isConstructor="false" isStatic="false" isGetter="false" isSetter="true">
              <Summary numSequencePoints="1" visitedSequencePoints="1" numBranchPoints="1" visitedBranchPoints="1" sequenceCoverage="100" branchCoverage="100" maxCyclomaticComplexity="1" minCyclomaticComplexity="1" visitedClasses="0" numClasses="0" visitedMethods="1" numMethods="1" />
              <MetadataToken>100664267</MetadataToken>
              <Name>System.Void SportsWeb.Services.DomainModel.Commands.AddSceneChange::set_FieldNodeId(System.Int32)</Name>
              <FileRef uid="157" />
              <SequencePoints>
                <SequencePoint vc="2" uspid="6926" ordinal="0" offset="0" sl="12" sc="39" el="12" ec="43" bec="0" bev="0" fileid="157" />
              </SequencePoints>
              <BranchPoints />
              <MethodPoint xsi:type="SequencePoint" vc="2" uspid="6926" ordinal="0" offset="0" sl="12" sc="39" el="12" ec="43" bec="0" bev="0" fileid="157" />
            </Method>
            <Method visited="true" cyclomaticComplexity="1" nPathComplexity="0" sequenceCoverage="100" branchCoverage="100" isConstructor="false" isStatic="false" isGetter="true" isSetter="false">
              <Summary numSequencePoints="1" visitedSequencePoints="1" numBranchPoints="1" visitedBranchPoints="1" sequenceCoverage="100" branchCoverage="100" maxCyclomaticComplexity="1" minCyclomaticComplexity="1" visitedClasses="0" numClasses="0" visitedMethods="1" numMethods="1" />
              <MetadataToken>100664268</MetadataToken>
              <Name>System.String SportsWeb.Services.DomainModel.Commands.AddSceneChange::get_ChangeBy()</Name>
              <FileRef uid="157" />
              <SequencePoints>
                <SequencePoint vc="1" uspid="6927" ordinal="0" offset="0" sl="14" sc="34" el="14" ec="38" bec="0" bev="0" fileid="157" />
              </SequencePoints>
              <BranchPoints />
              <MethodPoint xsi:type="SequencePoint" vc="1" uspid="6927" ordinal="0" offset="0" sl="14" sc="34" el="14" ec="38" bec="0" bev="0" fileid="157" />
            </Method>
            <Method visited="true" cyclomaticComplexity="1" nPathComplexity="0" sequenceCoverage="100" branchCoverage="100" isConstructor="false" isStatic="false" isGetter="false" isSetter="true">
              <Summary numSequencePoints="1" visitedSequencePoints="1" numBranchPoints="1" visitedBranchPoints="1" sequenceCoverage="100" branchCoverage="100" maxCyclomaticComplexity="1" minCyclomaticComplexity="1" visitedClasses="0" numClasses="0" visitedMethods="1" numMethods="1" />
              <MetadataToken>100664269</MetadataToken>
              <Name>System.Void SportsWeb.Services.DomainModel.Commands.AddSceneChange::set_ChangeBy(System.String)</Name>
              <FileRef uid="157" />
              <SequencePoints>
                <SequencePoint vc="2" uspid="6928" ordinal="0" offset="0" sl="14" sc="39" el="14" ec="43" bec="0" bev="0" fileid="157" />
              </SequencePoints>
              <BranchPoints />
              <MethodPoint xsi:type="SequencePoint" vc="2" uspid="6928" ordinal="0" offset="0" sl="14" sc="39" el="14" ec="43" bec="0" bev="0" fileid="157" />
            </Method>
            <Method visited="true" cyclomaticComplexity="1" nPathComplexity="0" sequenceCoverage="100" branchCoverage="100" isConstructor="false" isStatic="false" isGetter="true" isSetter="false">
              <Summary numSequencePoints="1" visitedSequencePoints="1" numBranchPoints="1" visitedBranchPoints="1" sequenceCoverage="100" branchCoverage="100" maxCyclomaticComplexity="1" minCyclomaticComplexity="1" visitedClasses="0" numClasses="0" visitedMethods="1" numMethods="1" />
              <MetadataToken>100664270</MetadataToken>
              <Name>System.Int32 SportsWeb.Services.DomainModel.Commands.AddSceneChange::get_NewScene()</Name>
              <FileRef uid="157" />
              <SequencePoints>
                <SequencePoint vc="1" uspid="6929" ordinal="0" offset="0" sl="16" sc="31" el="16" ec="35" bec="0" bev="0" fileid="157" />
              </SequencePoints>
              <BranchPoints />
              <MethodPoint xsi:type="SequencePoint" vc="1" uspid="6929" ordinal="0" offset="0" sl="16" sc="31" el="16" ec="35" bec="0" bev="0" fileid="157" />
            </Method>
            <Method visited="true" cyclomaticComplexity="1" nPathComplexity="0" sequenceCoverage="100" branchCoverage="100" isConstructor="false" isStatic="false" isGetter="false" isSetter="true">
              <Summary numSequencePoints="1" visitedSequencePoints="1" numBranchPoints="1" visitedBranchPoints="1" sequenceCoverage="100" branchCoverage="100" maxCyclomaticComplexity="1" minCyclomaticComplexity="1" visitedClasses="0" numClasses="0" visitedMethods="1" numMethods="1" />
              <MetadataToken>100664271</MetadataToken>
              <Name>System.Void SportsWeb.Services.DomainModel.Commands.AddSceneChange::set_NewScene(System.Int32)</Name>
              <FileRef uid="157" />
              <SequencePoints>
                <SequencePoint vc="2" uspid="6930" ordinal="0" offset="0" sl="16" sc="36" el="16" ec="40" bec="0" bev="0" fileid="157" />
              </SequencePoints>
              <BranchPoints />
              <MethodPoint xsi:type="SequencePoint" vc="2" uspid="6930" ordinal="0" offset="0" sl="16" sc="36" el="16" ec="40" bec="0" bev="0" fileid="157" />
            </Method>
            <Method visited="true" cyclomaticComplexity="1" nPathComplexity="0" sequenceCoverage="100" branchCoverage="100" isConstructor="false" isStatic="false" isGetter="true" isSetter="false">
              <Summary numSequencePoints="1" visitedSequencePoints="1" numBranchPoints="1" visitedBranchPoints="1" sequenceCoverage="100" branchCoverage="100" maxCyclomaticComplexity="1" minCyclomaticComplexity="1" visitedClasses="0" numClasses="0" visitedMethods="1" numMethods="1" />
              <MetadataToken>100664272</MetadataToken>
              <Name>System.String SportsWeb.Services.DomainModel.Commands.AddSceneChange::get_ApplicationName()</Name>
              <FileRef uid="157" />
              <SequencePoints>
                <SequencePoint vc="2" uspid="6931" ordinal="0" offset="0" sl="18" sc="41" el="18" ec="45" bec="0" bev="0" fileid="157" />
              </SequencePoints>
              <BranchPoints />
              <MethodPoint xsi:type="SequencePoint" vc="2" uspid="6931" ordinal="0" offset="0" sl="18" sc="41" el="18" ec="45" bec="0" bev="0" fileid="157" />
            </Method>
            <Method visited="true" cyclomaticComplexity="1" nPathComplexity="0" sequenceCoverage="100" branchCoverage="100" isConstructor="false" isStatic="false" isGetter="false" isSetter="true">
              <Summary numSequencePoints="1" visitedSequencePoints="1" numBranchPoints="1" visitedBranchPoints="1" sequenceCoverage="100" branchCoverage="100" maxCyclomaticComplexity="1" minCyclomaticComplexity="1" visitedClasses="0" numClasses="0" visitedMethods="1" numMethods="1" />
              <MetadataToken>100664273</MetadataToken>
              <Name>System.Void SportsWeb.Services.DomainModel.Commands.AddSceneChange::set_ApplicationName(System.String)</Name>
              <FileRef uid="157" />
              <SequencePoints>
                <SequencePoint vc="2" uspid="6932" ordinal="0" offset="0" sl="18" sc="46" el="18" ec="50" bec="0" bev="0" fileid="157" />
              </SequencePoints>
              <BranchPoints />
              <MethodPoint xsi:type="SequencePoint" vc="2" uspid="6932" ordinal="0" offset="0" sl="18" sc="46" el="18" ec="50" bec="0" bev="0" fileid="157" />
            </Method>
            <Method visited="true" cyclomaticComplexity="1" nPathComplexity="0" sequenceCoverage="0" branchCoverage="0" isConstructor="true" isStatic="false" isGetter="false" isSetter="false">
              <Summary numSequencePoints="0" visitedSequencePoints="0" numBranchPoints="0" visitedBranchPoints="0" sequenceCoverage="0" branchCoverage="0" maxCyclomaticComplexity="1" minCyclomaticComplexity="1" visitedClasses="0" numClasses="0" visitedMethods="0" numMethods="0" />
              <MetadataToken>100664274</MetadataToken>
              <Name>System.Void SportsWeb.Services.DomainModel.Commands.AddSceneChange::.ctor()</Name>
              <SequencePoints />
              <BranchPoints />
              <MethodPoint vc="2" uspid="6933" ordinal="0" offset="0" />
            </Method>
          </Methods>
        </Class>
        <Class>
          <Summary numSequencePoints="8" visitedSequencePoints="8" numBranchPoints="8" visitedBranchPoints="8" sequenceCoverage="100" branchCoverage="100" maxCyclomaticComplexity="1" minCyclomaticComplexity="1" visitedClasses="1" numClasses="1" visitedMethods="8" numMethods="8" />
          <FullName>SportsWeb.Services.DomainModel.Commands.CreateAdministratorCommand</FullName>
          <Methods>
            <Method visited="true" cyclomaticComplexity="1" nPathComplexity="0" sequenceCoverage="100" branchCoverage="100" isConstructor="false" isStatic="false" isGetter="true" isSetter="false">
              <Summary numSequencePoints="1" visitedSequencePoints="1" numBranchPoints="1" visitedBranchPoints="1" sequenceCoverage="100" branchCoverage="100" maxCyclomaticComplexity="1" minCyclomaticComplexity="1" visitedClasses="0" numClasses="0" visitedMethods="1" numMethods="1" />
              <MetadataToken>100664275</MetadataToken>
              <Name>System.String SportsWeb.Services.DomainModel.Commands.CreateAdministratorCommand::get_Name()</Name>
              <FileRef uid="158" />
              <SequencePoints>
                <SequencePoint vc="5" uspid="6934" ordinal="0" offset="0" sl="10" sc="30" el="10" ec="34" bec="0" bev="0" fileid="158" />
              </SequencePoints>
              <BranchPoints />
              <MethodPoint xsi:type="SequencePoint" vc="5" uspid="6934" ordinal="0" offset="0" sl="10" sc="30" el="10" ec="34" bec="0" bev="0" fileid="158" />
            </Method>
            <Method visited="true" cyclomaticComplexity="1" nPathComplexity="0" sequenceCoverage="100" branchCoverage="100" isConstructor="false" isStatic="false" isGetter="false" isSetter="true">
              <Summary numSequencePoints="1" visitedSequencePoints="1" numBranchPoints="1" visitedBranchPoints="1" sequenceCoverage="100" branchCoverage="100" maxCyclomaticComplexity="1" minCyclomaticComplexity="1" visitedClasses="0" numClasses="0" visitedMethods="1" numMethods="1" />
              <MetadataToken>100664276</MetadataToken>
              <Name>System.Void SportsWeb.Services.DomainModel.Commands.CreateAdministratorCommand::set_Name(System.String)</Name>
              <FileRef uid="158" />
              <SequencePoints>
                <SequencePoint vc="3" uspid="6935" ordinal="0" offset="0" sl="10" sc="35" el="10" ec="39" bec="0" bev="0" fileid="158" />
              </SequencePoints>
              <BranchPoints />
              <MethodPoint xsi:type="SequencePoint" vc="3" uspid="6935" ordinal="0" offset="0" sl="10" sc="35" el="10" ec="39" bec="0" bev="0" fileid="158" />
            </Method>
            <Method visited="true" cyclomaticComplexity="1" nPathComplexity="0" sequenceCoverage="100" branchCoverage="100" isConstructor="false" isStatic="false" isGetter="true" isSetter="false">
              <Summary numSequencePoints="1" visitedSequencePoints="1" numBranchPoints="1" visitedBranchPoints="1" sequenceCoverage="100" branchCoverage="100" maxCyclomaticComplexity="1" minCyclomaticComplexity="1" visitedClasses="0" numClasses="0" visitedMethods="1" numMethods="1" />
              <MetadataToken>100664277</MetadataToken>
              <Name>System.String SportsWeb.Services.DomainModel.Commands.CreateAdministratorCommand::get_Comment()</Name>
              <FileRef uid="158" />
              <SequencePoints>
                <SequencePoint vc="1" uspid="6936" ordinal="0" offset="0" sl="12" sc="33" el="12" ec="37" bec="0" bev="0" fileid="158" />
              </SequencePoints>
              <BranchPoints />
              <MethodPoint xsi:type="SequencePoint" vc="1" uspid="6936" ordinal="0" offset="0" sl="12" sc="33" el="12" ec="37" bec="0" bev="0" fileid="158" />
            </Method>
            <Method visited="true" cyclomaticComplexity="1" nPathComplexity="0" sequenceCoverage="100" branchCoverage="100" isConstructor="false" isStatic="false" isGetter="false" isSetter="true">
              <Summary numSequencePoints="1" visitedSequencePoints="1" numBranchPoints="1" visitedBranchPoints="1" sequenceCoverage="100" branchCoverage="100" maxCyclomaticComplexity="1" minCyclomaticComplexity="1" visitedClasses="0" numClasses="0" visitedMethods="1" numMethods="1" />
              <MetadataToken>100664278</MetadataToken>
              <Name>System.Void SportsWeb.Services.DomainModel.Commands.CreateAdministratorCommand::set_Comment(System.String)</Name>
              <FileRef uid="158" />
              <SequencePoints>
                <SequencePoint vc="3" uspid="6937" ordinal="0" offset="0" sl="12" sc="38" el="12" ec="42" bec="0" bev="0" fileid="158" />
              </SequencePoints>
              <BranchPoints />
              <MethodPoint xsi:type="SequencePoint" vc="3" uspid="6937" ordinal="0" offset="0" sl="12" sc="38" el="12" ec="42" bec="0" bev="0" fileid="158" />
            </Method>
            <Method visited="true" cyclomaticComplexity="1" nPathComplexity="0" sequenceCoverage="100" branchCoverage="100" isConstructor="false" isStatic="false" isGetter="true" isSetter="false">
              <Summary numSequencePoints="1" visitedSequencePoints="1" numBranchPoints="1" visitedBranchPoints="1" sequenceCoverage="100" branchCoverage="100" maxCyclomaticComplexity="1" minCyclomaticComplexity="1" visitedClasses="0" numClasses="0" visitedMethods="1" numMethods="1" />
              <MetadataToken>100664279</MetadataToken>
              <Name>System.Collections.Generic.IList`1&lt;System.Guid&gt; SportsWeb.Services.DomainModel.Commands.CreateAdministratorCommand::get_RoleIds()</Name>
              <FileRef uid="158" />
              <SequencePoints>
                <SequencePoint vc="2" uspid="6938" ordinal="0" offset="0" sl="14" sc="38" el="14" ec="42" bec="0" bev="0" fileid="158" />
              </SequencePoints>
              <BranchPoints />
              <MethodPoint xsi:type="SequencePoint" vc="2" uspid="6938" ordinal="0" offset="0" sl="14" sc="38" el="14" ec="42" bec="0" bev="0" fileid="158" />
            </Method>
            <Method visited="true" cyclomaticComplexity="1" nPathComplexity="0" sequenceCoverage="100" branchCoverage="100" isConstructor="false" isStatic="false" isGetter="false" isSetter="true">
              <Summary numSequencePoints="1" visitedSequencePoints="1" numBranchPoints="1" visitedBranchPoints="1" sequenceCoverage="100" branchCoverage="100" maxCyclomaticComplexity="1" minCyclomaticComplexity="1" visitedClasses="0" numClasses="0" visitedMethods="1" numMethods="1" />
              <MetadataToken>100664280</MetadataToken>
              <Name>System.Void SportsWeb.Services.DomainModel.Commands.CreateAdministratorCommand::set_RoleIds(System.Collections.Generic.IList`1&lt;System.Guid&gt;)</Name>
              <FileRef uid="158" />
              <SequencePoints>
                <SequencePoint vc="3" uspid="6939" ordinal="0" offset="0" sl="14" sc="43" el="14" ec="47" bec="0" bev="0" fileid="158" />
              </SequencePoints>
              <BranchPoints />
              <MethodPoint xsi:type="SequencePoint" vc="3" uspid="6939" ordinal="0" offset="0" sl="14" sc="43" el="14" ec="47" bec="0" bev="0" fileid="158" />
            </Method>
            <Method visited="true" cyclomaticComplexity="1" nPathComplexity="0" sequenceCoverage="100" branchCoverage="100" isConstructor="false" isStatic="false" isGetter="true" isSetter="false">
              <Summary numSequencePoints="1" visitedSequencePoints="1" numBranchPoints="1" visitedBranchPoints="1" sequenceCoverage="100" branchCoverage="100" maxCyclomaticComplexity="1" minCyclomaticComplexity="1" visitedClasses="0" numClasses="0" visitedMethods="1" numMethods="1" />
              <MetadataToken>100664281</MetadataToken>
              <Name>System.Collections.Generic.List`1&lt;System.Guid&gt; SportsWeb.Services.DomainModel.Commands.CreateAdministratorCommand::get_CustomerIds()</Name>
              <FileRef uid="158" />
              <SequencePoints>
                <SequencePoint vc="1" uspid="6940" ordinal="0" offset="0" sl="16" sc="41" el="16" ec="45" bec="0" bev="0" fileid="158" />
              </SequencePoints>
              <BranchPoints />
              <MethodPoint xsi:type="SequencePoint" vc="1" uspid="6940" ordinal="0" offset="0" sl="16" sc="41" el="16" ec="45" bec="0" bev="0" fileid="158" />
            </Method>
            <Method visited="true" cyclomaticComplexity="1" nPathComplexity="0" sequenceCoverage="100" branchCoverage="100" isConstructor="false" isStatic="false" isGetter="false" isSetter="true">
              <Summary numSequencePoints="1" visitedSequencePoints="1" numBranchPoints="1" visitedBranchPoints="1" sequenceCoverage="100" branchCoverage="100" maxCyclomaticComplexity="1" minCyclomaticComplexity="1" visitedClasses="0" numClasses="0" visitedMethods="1" numMethods="1" />
              <MetadataToken>100664282</MetadataToken>
              <Name>System.Void SportsWeb.Services.DomainModel.Commands.CreateAdministratorCommand::set_CustomerIds(System.Collections.Generic.List`1&lt;System.Guid&gt;)</Name>
              <FileRef uid="158" />
              <SequencePoints>
                <SequencePoint vc="3" uspid="6941" ordinal="0" offset="0" sl="16" sc="46" el="16" ec="50" bec="0" bev="0" fileid="158" />
              </SequencePoints>
              <BranchPoints />
              <MethodPoint xsi:type="SequencePoint" vc="3" uspid="6941" ordinal="0" offset="0" sl="16" sc="46" el="16" ec="50" bec="0" bev="0" fileid="158" />
            </Method>
            <Method visited="true" cyclomaticComplexity="1" nPathComplexity="0" sequenceCoverage="0" branchCoverage="0" isConstructor="true" isStatic="false" isGetter="false" isSetter="false">
              <Summary numSequencePoints="0" visitedSequencePoints="0" numBranchPoints="0" visitedBranchPoints="0" sequenceCoverage="0" branchCoverage="0" maxCyclomaticComplexity="1" minCyclomaticComplexity="1" visitedClasses="0" numClasses="0" visitedMethods="0" numMethods="0" />
              <MetadataToken>100664283</MetadataToken>
              <Name>System.Void SportsWeb.Services.DomainModel.Commands.CreateAdministratorCommand::.ctor()</Name>
              <SequencePoints />
              <BranchPoints />
              <MethodPoint vc="3" uspid="6942" ordinal="0" offset="0" />
            </Method>
          </Methods>
        </Class>
        <Class>
          <Summary numSequencePoints="8" visitedSequencePoints="8" numBranchPoints="8" visitedBranchPoints="8" sequenceCoverage="100" branchCoverage="100" maxCyclomaticComplexity="1" minCyclomaticComplexity="1" visitedClasses="1" numClasses="1" visitedMethods="8" numMethods="8" />
          <FullName>SportsWeb.Services.DomainModel.Commands.CreateCustomerCommandLegacy</FullName>
          <Methods>
            <Method visited="true" cyclomaticComplexity="1" nPathComplexity="0" sequenceCoverage="100" branchCoverage="100" isConstructor="false" isStatic="false" isGetter="true" isSetter="false">
              <Summary numSequencePoints="1" visitedSequencePoints="1" numBranchPoints="1" visitedBranchPoints="1" sequenceCoverage="100" branchCoverage="100" maxCyclomaticComplexity="1" minCyclomaticComplexity="1" visitedClasses="0" numClasses="0" visitedMethods="1" numMethods="1" />
              <MetadataToken>100664284</MetadataToken>
              <Name>System.String SportsWeb.Services.DomainModel.Commands.CreateCustomerCommandLegacy::get_Name()</Name>
              <FileRef uid="159" />
              <SequencePoints>
                <SequencePoint vc="3" uspid="6943" ordinal="0" offset="0" sl="7" sc="30" el="7" ec="34" bec="0" bev="0" fileid="159" />
              </SequencePoints>
              <BranchPoints />
              <MethodPoint xsi:type="SequencePoint" vc="3" uspid="6943" ordinal="0" offset="0" sl="7" sc="30" el="7" ec="34" bec="0" bev="0" fileid="159" />
            </Method>
            <Method visited="true" cyclomaticComplexity="1" nPathComplexity="0" sequenceCoverage="100" branchCoverage="100" isConstructor="false" isStatic="false" isGetter="false" isSetter="true">
              <Summary numSequencePoints="1" visitedSequencePoints="1" numBranchPoints="1" visitedBranchPoints="1" sequenceCoverage="100" branchCoverage="100" maxCyclomaticComplexity="1" minCyclomaticComplexity="1" visitedClasses="0" numClasses="0" visitedMethods="1" numMethods="1" />
              <MetadataToken>100664285</MetadataToken>
              <Name>System.Void SportsWeb.Services.DomainModel.Commands.CreateCustomerCommandLegacy::set_Name(System.String)</Name>
              <FileRef uid="159" />
              <SequencePoints>
                <SequencePoint vc="2" uspid="6944" ordinal="0" offset="0" sl="7" sc="35" el="7" ec="39" bec="0" bev="0" fileid="159" />
              </SequencePoints>
              <BranchPoints />
              <MethodPoint xsi:type="SequencePoint" vc="2" uspid="6944" ordinal="0" offset="0" sl="7" sc="35" el="7" ec="39" bec="0" bev="0" fileid="159" />
            </Method>
            <Method visited="true" cyclomaticComplexity="1" nPathComplexity="0" sequenceCoverage="100" branchCoverage="100" isConstructor="false" isStatic="false" isGetter="true" isSetter="false">
              <Summary numSequencePoints="1" visitedSequencePoints="1" numBranchPoints="1" visitedBranchPoints="1" sequenceCoverage="100" branchCoverage="100" maxCyclomaticComplexity="1" minCyclomaticComplexity="1" visitedClasses="0" numClasses="0" visitedMethods="1" numMethods="1" />
              <MetadataToken>100664286</MetadataToken>
              <Name>System.String SportsWeb.Services.DomainModel.Commands.CreateCustomerCommandLegacy::get_Comment()</Name>
              <FileRef uid="159" />
              <SequencePoints>
                <SequencePoint vc="1" uspid="6945" ordinal="0" offset="0" sl="9" sc="33" el="9" ec="37" bec="0" bev="0" fileid="159" />
              </SequencePoints>
              <BranchPoints />
              <MethodPoint xsi:type="SequencePoint" vc="1" uspid="6945" ordinal="0" offset="0" sl="9" sc="33" el="9" ec="37" bec="0" bev="0" fileid="159" />
            </Method>
            <Method visited="true" cyclomaticComplexity="1" nPathComplexity="0" sequenceCoverage="100" branchCoverage="100" isConstructor="false" isStatic="false" isGetter="false" isSetter="true">
              <Summary numSequencePoints="1" visitedSequencePoints="1" numBranchPoints="1" visitedBranchPoints="1" sequenceCoverage="100" branchCoverage="100" maxCyclomaticComplexity="1" minCyclomaticComplexity="1" visitedClasses="0" numClasses="0" visitedMethods="1" numMethods="1" />
              <MetadataToken>100664287</MetadataToken>
              <Name>System.Void SportsWeb.Services.DomainModel.Commands.CreateCustomerCommandLegacy::set_Comment(System.String)</Name>
              <FileRef uid="159" />
              <SequencePoints>
                <SequencePoint vc="2" uspid="6946" ordinal="0" offset="0" sl="9" sc="38" el="9" ec="42" bec="0" bev="0" fileid="159" />
              </SequencePoints>
              <BranchPoints />
              <MethodPoint xsi:type="SequencePoint" vc="2" uspid="6946" ordinal="0" offset="0" sl="9" sc="38" el="9" ec="42" bec="0" bev="0" fileid="159" />
            </Method>
            <Method visited="true" cyclomaticComplexity="1" nPathComplexity="0" sequenceCoverage="100" branchCoverage="100" isConstructor="false" isStatic="false" isGetter="true" isSetter="false">
              <Summary numSequencePoints="1" visitedSequencePoints="1" numBranchPoints="1" visitedBranchPoints="1" sequenceCoverage="100" branchCoverage="100" maxCyclomaticComplexity="1" minCyclomaticComplexity="1" visitedClasses="0" numClasses="0" visitedMethods="1" numMethods="1" />
              <MetadataToken>100664288</MetadataToken>
              <Name>System.String SportsWeb.Services.DomainModel.Commands.CreateCustomerCommandLegacy::get_NodeId()</Name>
              <FileRef uid="159" />
              <SequencePoints>
                <SequencePoint vc="1" uspid="6947" ordinal="0" offset="0" sl="14" sc="32" el="14" ec="36" bec="0" bev="0" fileid="159" />
              </SequencePoints>
              <BranchPoints />
              <MethodPoint xsi:type="SequencePoint" vc="1" uspid="6947" ordinal="0" offset="0" sl="14" sc="32" el="14" ec="36" bec="0" bev="0" fileid="159" />
            </Method>
            <Method visited="true" cyclomaticComplexity="1" nPathComplexity="0" sequenceCoverage="100" branchCoverage="100" isConstructor="false" isStatic="false" isGetter="false" isSetter="true">
              <Summary numSequencePoints="1" visitedSequencePoints="1" numBranchPoints="1" visitedBranchPoints="1" sequenceCoverage="100" branchCoverage="100" maxCyclomaticComplexity="1" minCyclomaticComplexity="1" visitedClasses="0" numClasses="0" visitedMethods="1" numMethods="1" />
              <MetadataToken>100664289</MetadataToken>
              <Name>System.Void SportsWeb.Services.DomainModel.Commands.CreateCustomerCommandLegacy::set_NodeId(System.String)</Name>
              <FileRef uid="159" />
              <SequencePoints>
                <SequencePoint vc="2" uspid="6948" ordinal="0" offset="0" sl="14" sc="37" el="14" ec="41" bec="0" bev="0" fileid="159" />
              </SequencePoints>
              <BranchPoints />
              <MethodPoint xsi:type="SequencePoint" vc="2" uspid="6948" ordinal="0" offset="0" sl="14" sc="37" el="14" ec="41" bec="0" bev="0" fileid="159" />
            </Method>
            <Method visited="true" cyclomaticComplexity="1" nPathComplexity="0" sequenceCoverage="100" branchCoverage="100" isConstructor="false" isStatic="false" isGetter="true" isSetter="false">
              <Summary numSequencePoints="1" visitedSequencePoints="1" numBranchPoints="1" visitedBranchPoints="1" sequenceCoverage="100" branchCoverage="100" maxCyclomaticComplexity="1" minCyclomaticComplexity="1" visitedClasses="0" numClasses="0" visitedMethods="1" numMethods="1" />
              <MetadataToken>100664290</MetadataToken>
              <Name>System.String SportsWeb.Services.DomainModel.Commands.CreateCustomerCommandLegacy::get_TimezoneId()</Name>
              <FileRef uid="159" />
              <SequencePoints>
                <SequencePoint vc="1" uspid="6949" ordinal="0" offset="0" sl="16" sc="36" el="16" ec="40" bec="0" bev="0" fileid="159" />
              </SequencePoints>
              <BranchPoints />
              <MethodPoint xsi:type="SequencePoint" vc="1" uspid="6949" ordinal="0" offset="0" sl="16" sc="36" el="16" ec="40" bec="0" bev="0" fileid="159" />
            </Method>
            <Method visited="true" cyclomaticComplexity="1" nPathComplexity="0" sequenceCoverage="100" branchCoverage="100" isConstructor="false" isStatic="false" isGetter="false" isSetter="true">
              <Summary numSequencePoints="1" visitedSequencePoints="1" numBranchPoints="1" visitedBranchPoints="1" sequenceCoverage="100" branchCoverage="100" maxCyclomaticComplexity="1" minCyclomaticComplexity="1" visitedClasses="0" numClasses="0" visitedMethods="1" numMethods="1" />
              <MetadataToken>100664291</MetadataToken>
              <Name>System.Void SportsWeb.Services.DomainModel.Commands.CreateCustomerCommandLegacy::set_TimezoneId(System.String)</Name>
              <FileRef uid="159" />
              <SequencePoints>
                <SequencePoint vc="2" uspid="6950" ordinal="0" offset="0" sl="16" sc="41" el="16" ec="45" bec="0" bev="0" fileid="159" />
              </SequencePoints>
              <BranchPoints />
              <MethodPoint xsi:type="SequencePoint" vc="2" uspid="6950" ordinal="0" offset="0" sl="16" sc="41" el="16" ec="45" bec="0" bev="0" fileid="159" />
            </Method>
            <Method visited="true" cyclomaticComplexity="1" nPathComplexity="0" sequenceCoverage="0" branchCoverage="0" isConstructor="true" isStatic="false" isGetter="false" isSetter="false">
              <Summary numSequencePoints="0" visitedSequencePoints="0" numBranchPoints="0" visitedBranchPoints="0" sequenceCoverage="0" branchCoverage="0" maxCyclomaticComplexity="1" minCyclomaticComplexity="1" visitedClasses="0" numClasses="0" visitedMethods="0" numMethods="0" />
              <MetadataToken>100664292</MetadataToken>
              <Name>System.Void SportsWeb.Services.DomainModel.Commands.CreateCustomerCommandLegacy::.ctor()</Name>
              <SequencePoints />
              <BranchPoints />
              <MethodPoint vc="2" uspid="6951" ordinal="0" offset="0" />
            </Method>
          </Methods>
        </Class>
        <Class>
          <Summary numSequencePoints="14" visitedSequencePoints="14" numBranchPoints="14" visitedBranchPoints="14" sequenceCoverage="100" branchCoverage="100" maxCyclomaticComplexity="1" minCyclomaticComplexity="1" visitedClasses="1" numClasses="1" visitedMethods="14" numMethods="14" />
          <FullName>SportsWeb.Services.DomainModel.Commands.CreateCustomerCommand</FullName>
          <Methods>
            <Method visited="true" cyclomaticComplexity="1" nPathComplexity="0" sequenceCoverage="100" branchCoverage="100" isConstructor="false" isStatic="false" isGetter="true" isSetter="false">
              <Summary numSequencePoints="1" visitedSequencePoints="1" numBranchPoints="1" visitedBranchPoints="1" sequenceCoverage="100" branchCoverage="100" maxCyclomaticComplexity="1" minCyclomaticComplexity="1" visitedClasses="0" numClasses="0" visitedMethods="1" numMethods="1" />
              <MetadataToken>100664293</MetadataToken>
              <Name>System.String SportsWeb.Services.DomainModel.Commands.CreateCustomerCommand::get_Name()</Name>
              <FileRef uid="160" />
              <SequencePoints>
                <SequencePoint vc="7" uspid="6952" ordinal="0" offset="0" sl="7" sc="30" el="7" ec="34" bec="0" bev="0" fileid="160" />
              </SequencePoints>
              <BranchPoints />
              <MethodPoint xsi:type="SequencePoint" vc="7" uspid="6952" ordinal="0" offset="0" sl="7" sc="30" el="7" ec="34" bec="0" bev="0" fileid="160" />
            </Method>
            <Method visited="true" cyclomaticComplexity="1" nPathComplexity="0" sequenceCoverage="100" branchCoverage="100" isConstructor="false" isStatic="false" isGetter="false" isSetter="true">
              <Summary numSequencePoints="1" visitedSequencePoints="1" numBranchPoints="1" visitedBranchPoints="1" sequenceCoverage="100" branchCoverage="100" maxCyclomaticComplexity="1" minCyclomaticComplexity="1" visitedClasses="0" numClasses="0" visitedMethods="1" numMethods="1" />
              <MetadataToken>100664294</MetadataToken>
              <Name>System.Void SportsWeb.Services.DomainModel.Commands.CreateCustomerCommand::set_Name(System.String)</Name>
              <FileRef uid="160" />
              <SequencePoints>
                <SequencePoint vc="3" uspid="6953" ordinal="0" offset="0" sl="7" sc="35" el="7" ec="39" bec="0" bev="0" fileid="160" />
              </SequencePoints>
              <BranchPoints />
              <MethodPoint xsi:type="SequencePoint" vc="3" uspid="6953" ordinal="0" offset="0" sl="7" sc="35" el="7" ec="39" bec="0" bev="0" fileid="160" />
            </Method>
            <Method visited="true" cyclomaticComplexity="1" nPathComplexity="0" sequenceCoverage="100" branchCoverage="100" isConstructor="false" isStatic="false" isGetter="true" isSetter="false">
              <Summary numSequencePoints="1" visitedSequencePoints="1" numBranchPoints="1" visitedBranchPoints="1" sequenceCoverage="100" branchCoverage="100" maxCyclomaticComplexity="1" minCyclomaticComplexity="1" visitedClasses="0" numClasses="0" visitedMethods="1" numMethods="1" />
              <MetadataToken>100664295</MetadataToken>
              <Name>System.String SportsWeb.Services.DomainModel.Commands.CreateCustomerCommand::get_Comment()</Name>
              <FileRef uid="160" />
              <SequencePoints>
                <SequencePoint vc="1" uspid="6954" ordinal="0" offset="0" sl="9" sc="33" el="9" ec="37" bec="0" bev="0" fileid="160" />
              </SequencePoints>
              <BranchPoints />
              <MethodPoint xsi:type="SequencePoint" vc="1" uspid="6954" ordinal="0" offset="0" sl="9" sc="33" el="9" ec="37" bec="0" bev="0" fileid="160" />
            </Method>
            <Method visited="true" cyclomaticComplexity="1" nPathComplexity="0" sequenceCoverage="100" branchCoverage="100" isConstructor="false" isStatic="false" isGetter="false" isSetter="true">
              <Summary numSequencePoints="1" visitedSequencePoints="1" numBranchPoints="1" visitedBranchPoints="1" sequenceCoverage="100" branchCoverage="100" maxCyclomaticComplexity="1" minCyclomaticComplexity="1" visitedClasses="0" numClasses="0" visitedMethods="1" numMethods="1" />
              <MetadataToken>100664296</MetadataToken>
              <Name>System.Void SportsWeb.Services.DomainModel.Commands.CreateCustomerCommand::set_Comment(System.String)</Name>
              <FileRef uid="160" />
              <SequencePoints>
                <SequencePoint vc="3" uspid="6955" ordinal="0" offset="0" sl="9" sc="38" el="9" ec="42" bec="0" bev="0" fileid="160" />
              </SequencePoints>
              <BranchPoints />
              <MethodPoint xsi:type="SequencePoint" vc="3" uspid="6955" ordinal="0" offset="0" sl="9" sc="38" el="9" ec="42" bec="0" bev="0" fileid="160" />
            </Method>
            <Method visited="true" cyclomaticComplexity="1" nPathComplexity="0" sequenceCoverage="100" branchCoverage="100" isConstructor="false" isStatic="false" isGetter="true" isSetter="false">
              <Summary numSequencePoints="1" visitedSequencePoints="1" numBranchPoints="1" visitedBranchPoints="1" sequenceCoverage="100" branchCoverage="100" maxCyclomaticComplexity="1" minCyclomaticComplexity="1" visitedClasses="0" numClasses="0" visitedMethods="1" numMethods="1" />
              <MetadataToken>100664297</MetadataToken>
              <Name>System.String SportsWeb.Services.DomainModel.Commands.CreateCustomerCommand::get_NodeId()</Name>
              <FileRef uid="160" />
              <SequencePoints>
                <SequencePoint vc="1" uspid="6956" ordinal="0" offset="0" sl="14" sc="32" el="14" ec="36" bec="0" bev="0" fileid="160" />
              </SequencePoints>
              <BranchPoints />
              <MethodPoint xsi:type="SequencePoint" vc="1" uspid="6956" ordinal="0" offset="0" sl="14" sc="32" el="14" ec="36" bec="0" bev="0" fileid="160" />
            </Method>
            <Method visited="true" cyclomaticComplexity="1" nPathComplexity="0" sequenceCoverage="100" branchCoverage="100" isConstructor="false" isStatic="false" isGetter="false" isSetter="true">
              <Summary numSequencePoints="1" visitedSequencePoints="1" numBranchPoints="1" visitedBranchPoints="1" sequenceCoverage="100" branchCoverage="100" maxCyclomaticComplexity="1" minCyclomaticComplexity="1" visitedClasses="0" numClasses="0" visitedMethods="1" numMethods="1" />
              <MetadataToken>100664298</MetadataToken>
              <Name>System.Void SportsWeb.Services.DomainModel.Commands.CreateCustomerCommand::set_NodeId(System.String)</Name>
              <FileRef uid="160" />
              <SequencePoints>
                <SequencePoint vc="3" uspid="6957" ordinal="0" offset="0" sl="14" sc="37" el="14" ec="41" bec="0" bev="0" fileid="160" />
              </SequencePoints>
              <BranchPoints />
              <MethodPoint xsi:type="SequencePoint" vc="3" uspid="6957" ordinal="0" offset="0" sl="14" sc="37" el="14" ec="41" bec="0" bev="0" fileid="160" />
            </Method>
            <Method visited="true" cyclomaticComplexity="1" nPathComplexity="0" sequenceCoverage="100" branchCoverage="100" isConstructor="false" isStatic="false" isGetter="true" isSetter="false">
              <Summary numSequencePoints="1" visitedSequencePoints="1" numBranchPoints="1" visitedBranchPoints="1" sequenceCoverage="100" branchCoverage="100" maxCyclomaticComplexity="1" minCyclomaticComplexity="1" visitedClasses="0" numClasses="0" visitedMethods="1" numMethods="1" />
              <MetadataToken>100664299</MetadataToken>
              <Name>System.String SportsWeb.Services.DomainModel.Commands.CreateCustomerCommand::get_TimezoneId()</Name>
              <FileRef uid="160" />
              <SequencePoints>
                <SequencePoint vc="1" uspid="6958" ordinal="0" offset="0" sl="16" sc="36" el="16" ec="40" bec="0" bev="0" fileid="160" />
              </SequencePoints>
              <BranchPoints />
              <MethodPoint xsi:type="SequencePoint" vc="1" uspid="6958" ordinal="0" offset="0" sl="16" sc="36" el="16" ec="40" bec="0" bev="0" fileid="160" />
            </Method>
            <Method visited="true" cyclomaticComplexity="1" nPathComplexity="0" sequenceCoverage="100" branchCoverage="100" isConstructor="false" isStatic="false" isGetter="false" isSetter="true">
              <Summary numSequencePoints="1" visitedSequencePoints="1" numBranchPoints="1" visitedBranchPoints="1" sequenceCoverage="100" branchCoverage="100" maxCyclomaticComplexity="1" minCyclomaticComplexity="1" visitedClasses="0" numClasses="0" visitedMethods="1" numMethods="1" />
              <MetadataToken>100664300</MetadataToken>
              <Name>System.Void SportsWeb.Services.DomainModel.Commands.CreateCustomerCommand::set_TimezoneId(System.String)</Name>
              <FileRef uid="160" />
              <SequencePoints>
                <SequencePoint vc="3" uspid="6959" ordinal="0" offset="0" sl="16" sc="41" el="16" ec="45" bec="0" bev="0" fileid="160" />
              </SequencePoints>
              <BranchPoints />
              <MethodPoint xsi:type="SequencePoint" vc="3" uspid="6959" ordinal="0" offset="0" sl="16" sc="41" el="16" ec="45" bec="0" bev="0" fileid="160" />
            </Method>
            <Method visited="true" cyclomaticComplexity="1" nPathComplexity="0" sequenceCoverage="100" branchCoverage="100" isConstructor="false" isStatic="false" isGetter="true" isSetter="false">
              <Summary numSequencePoints="1" visitedSequencePoints="1" numBranchPoints="1" visitedBranchPoints="1" sequenceCoverage="100" branchCoverage="100" maxCyclomaticComplexity="1" minCyclomaticComplexity="1" visitedClasses="0" numClasses="0" visitedMethods="1" numMethods="1" />
              <MetadataToken>100664301</MetadataToken>
              <Name>System.String SportsWeb.Services.DomainModel.Commands.CreateCustomerCommand::get_UserName()</Name>
              <FileRef uid="160" />
              <SequencePoints>
                <SequencePoint vc="2" uspid="6960" ordinal="0" offset="0" sl="18" sc="34" el="18" ec="38" bec="0" bev="0" fileid="160" />
              </SequencePoints>
              <BranchPoints />
              <MethodPoint xsi:type="SequencePoint" vc="2" uspid="6960" ordinal="0" offset="0" sl="18" sc="34" el="18" ec="38" bec="0" bev="0" fileid="160" />
            </Method>
            <Method visited="true" cyclomaticComplexity="1" nPathComplexity="0" sequenceCoverage="100" branchCoverage="100" isConstructor="false" isStatic="false" isGetter="false" isSetter="true">
              <Summary numSequencePoints="1" visitedSequencePoints="1" numBranchPoints="1" visitedBranchPoints="1" sequenceCoverage="100" branchCoverage="100" maxCyclomaticComplexity="1" minCyclomaticComplexity="1" visitedClasses="0" numClasses="0" visitedMethods="1" numMethods="1" />
              <MetadataToken>100664302</MetadataToken>
              <Name>System.Void SportsWeb.Services.DomainModel.Commands.CreateCustomerCommand::set_UserName(System.String)</Name>
              <FileRef uid="160" />
              <SequencePoints>
                <SequencePoint vc="3" uspid="6961" ordinal="0" offset="0" sl="18" sc="39" el="18" ec="43" bec="0" bev="0" fileid="160" />
              </SequencePoints>
              <BranchPoints />
              <MethodPoint xsi:type="SequencePoint" vc="3" uspid="6961" ordinal="0" offset="0" sl="18" sc="39" el="18" ec="43" bec="0" bev="0" fileid="160" />
            </Method>
            <Method visited="true" cyclomaticComplexity="1" nPathComplexity="0" sequenceCoverage="100" branchCoverage="100" isConstructor="false" isStatic="false" isGetter="true" isSetter="false">
              <Summary numSequencePoints="1" visitedSequencePoints="1" numBranchPoints="1" visitedBranchPoints="1" sequenceCoverage="100" branchCoverage="100" maxCyclomaticComplexity="1" minCyclomaticComplexity="1" visitedClasses="0" numClasses="0" visitedMethods="1" numMethods="1" />
              <MetadataToken>100664303</MetadataToken>
              <Name>System.String SportsWeb.Services.DomainModel.Commands.CreateCustomerCommand::get_Password()</Name>
              <FileRef uid="160" />
              <SequencePoints>
                <SequencePoint vc="2" uspid="6962" ordinal="0" offset="0" sl="19" sc="34" el="19" ec="38" bec="0" bev="0" fileid="160" />
              </SequencePoints>
              <BranchPoints />
              <MethodPoint xsi:type="SequencePoint" vc="2" uspid="6962" ordinal="0" offset="0" sl="19" sc="34" el="19" ec="38" bec="0" bev="0" fileid="160" />
            </Method>
            <Method visited="true" cyclomaticComplexity="1" nPathComplexity="0" sequenceCoverage="100" branchCoverage="100" isConstructor="false" isStatic="false" isGetter="false" isSetter="true">
              <Summary numSequencePoints="1" visitedSequencePoints="1" numBranchPoints="1" visitedBranchPoints="1" sequenceCoverage="100" branchCoverage="100" maxCyclomaticComplexity="1" minCyclomaticComplexity="1" visitedClasses="0" numClasses="0" visitedMethods="1" numMethods="1" />
              <MetadataToken>100664304</MetadataToken>
              <Name>System.Void SportsWeb.Services.DomainModel.Commands.CreateCustomerCommand::set_Password(System.String)</Name>
              <FileRef uid="160" />
              <SequencePoints>
                <SequencePoint vc="3" uspid="6963" ordinal="0" offset="0" sl="19" sc="39" el="19" ec="43" bec="0" bev="0" fileid="160" />
              </SequencePoints>
              <BranchPoints />
              <MethodPoint xsi:type="SequencePoint" vc="3" uspid="6963" ordinal="0" offset="0" sl="19" sc="39" el="19" ec="43" bec="0" bev="0" fileid="160" />
            </Method>
            <Method visited="true" cyclomaticComplexity="1" nPathComplexity="0" sequenceCoverage="100" branchCoverage="100" isConstructor="false" isStatic="false" isGetter="true" isSetter="false">
              <Summary numSequencePoints="1" visitedSequencePoints="1" numBranchPoints="1" visitedBranchPoints="1" sequenceCoverage="100" branchCoverage="100" maxCyclomaticComplexity="1" minCyclomaticComplexity="1" visitedClasses="0" numClasses="0" visitedMethods="1" numMethods="1" />
              <MetadataToken>100664305</MetadataToken>
              <Name>System.String SportsWeb.Services.DomainModel.Commands.CreateCustomerCommand::get_CreatedBy()</Name>
              <FileRef uid="160" />
              <SequencePoints>
                <SequencePoint vc="1" uspid="6964" ordinal="0" offset="0" sl="20" sc="35" el="20" ec="39" bec="0" bev="0" fileid="160" />
              </SequencePoints>
              <BranchPoints />
              <MethodPoint xsi:type="SequencePoint" vc="1" uspid="6964" ordinal="0" offset="0" sl="20" sc="35" el="20" ec="39" bec="0" bev="0" fileid="160" />
            </Method>
            <Method visited="true" cyclomaticComplexity="1" nPathComplexity="0" sequenceCoverage="100" branchCoverage="100" isConstructor="false" isStatic="false" isGetter="false" isSetter="true">
              <Summary numSequencePoints="1" visitedSequencePoints="1" numBranchPoints="1" visitedBranchPoints="1" sequenceCoverage="100" branchCoverage="100" maxCyclomaticComplexity="1" minCyclomaticComplexity="1" visitedClasses="0" numClasses="0" visitedMethods="1" numMethods="1" />
              <MetadataToken>100664306</MetadataToken>
              <Name>System.Void SportsWeb.Services.DomainModel.Commands.CreateCustomerCommand::set_CreatedBy(System.String)</Name>
              <FileRef uid="160" />
              <SequencePoints>
                <SequencePoint vc="3" uspid="6965" ordinal="0" offset="0" sl="20" sc="40" el="20" ec="44" bec="0" bev="0" fileid="160" />
              </SequencePoints>
              <BranchPoints />
              <MethodPoint xsi:type="SequencePoint" vc="3" uspid="6965" ordinal="0" offset="0" sl="20" sc="40" el="20" ec="44" bec="0" bev="0" fileid="160" />
            </Method>
            <Method visited="true" cyclomaticComplexity="1" nPathComplexity="0" sequenceCoverage="0" branchCoverage="0" isConstructor="true" isStatic="false" isGetter="false" isSetter="false">
              <Summary numSequencePoints="0" visitedSequencePoints="0" numBranchPoints="0" visitedBranchPoints="0" sequenceCoverage="0" branchCoverage="0" maxCyclomaticComplexity="1" minCyclomaticComplexity="1" visitedClasses="0" numClasses="0" visitedMethods="0" numMethods="0" />
              <MetadataToken>100664307</MetadataToken>
              <Name>System.Void SportsWeb.Services.DomainModel.Commands.CreateCustomerCommand::.ctor()</Name>
              <SequencePoints />
              <BranchPoints />
              <MethodPoint vc="4" uspid="6966" ordinal="0" offset="0" />
            </Method>
          </Methods>
        </Class>
        <Class>
          <Summary numSequencePoints="12" visitedSequencePoints="12" numBranchPoints="12" visitedBranchPoints="12" sequenceCoverage="100" branchCoverage="100" maxCyclomaticComplexity="1" minCyclomaticComplexity="1" visitedClasses="1" numClasses="1" visitedMethods="12" numMethods="12" />
          <FullName>SportsWeb.Services.DomainModel.Commands.CreatePitchCommand</FullName>
          <Methods>
            <Method visited="true" cyclomaticComplexity="1" nPathComplexity="0" sequenceCoverage="100" branchCoverage="100" isConstructor="false" isStatic="false" isGetter="true" isSetter="false">
              <Summary numSequencePoints="1" visitedSequencePoints="1" numBranchPoints="1" visitedBranchPoints="1" sequenceCoverage="100" branchCoverage="100" maxCyclomaticComplexity="1" minCyclomaticComplexity="1" visitedClasses="0" numClasses="0" visitedMethods="1" numMethods="1" />
              <MetadataToken>100664308</MetadataToken>
              <Name>System.String SportsWeb.Services.DomainModel.Commands.CreatePitchCommand::get_Name()</Name>
              <FileRef uid="161" />
              <SequencePoints>
                <SequencePoint vc="4" uspid="6967" ordinal="0" offset="0" sl="9" sc="30" el="9" ec="34" bec="0" bev="0" fileid="161" />
              </SequencePoints>
              <BranchPoints />
              <MethodPoint xsi:type="SequencePoint" vc="4" uspid="6967" ordinal="0" offset="0" sl="9" sc="30" el="9" ec="34" bec="0" bev="0" fileid="161" />
            </Method>
            <Method visited="true" cyclomaticComplexity="1" nPathComplexity="0" sequenceCoverage="100" branchCoverage="100" isConstructor="false" isStatic="false" isGetter="false" isSetter="true">
              <Summary numSequencePoints="1" visitedSequencePoints="1" numBranchPoints="1" visitedBranchPoints="1" sequenceCoverage="100" branchCoverage="100" maxCyclomaticComplexity="1" minCyclomaticComplexity="1" visitedClasses="0" numClasses="0" visitedMethods="1" numMethods="1" />
              <MetadataToken>100664309</MetadataToken>
              <Name>System.Void SportsWeb.Services.DomainModel.Commands.CreatePitchCommand::set_Name(System.String)</Name>
              <FileRef uid="161" />
              <SequencePoints>
                <SequencePoint vc="4" uspid="6968" ordinal="0" offset="0" sl="9" sc="35" el="9" ec="39" bec="0" bev="0" fileid="161" />
              </SequencePoints>
              <BranchPoints />
              <MethodPoint xsi:type="SequencePoint" vc="4" uspid="6968" ordinal="0" offset="0" sl="9" sc="35" el="9" ec="39" bec="0" bev="0" fileid="161" />
            </Method>
            <Method visited="true" cyclomaticComplexity="1" nPathComplexity="0" sequenceCoverage="100" branchCoverage="100" isConstructor="false" isStatic="false" isGetter="true" isSetter="false">
              <Summary numSequencePoints="1" visitedSequencePoints="1" numBranchPoints="1" visitedBranchPoints="1" sequenceCoverage="100" branchCoverage="100" maxCyclomaticComplexity="1" minCyclomaticComplexity="1" visitedClasses="0" numClasses="0" visitedMethods="1" numMethods="1" />
              <MetadataToken>100664310</MetadataToken>
              <Name>System.String SportsWeb.Services.DomainModel.Commands.CreatePitchCommand::get_Comment()</Name>
              <FileRef uid="161" />
              <SequencePoints>
                <SequencePoint vc="1" uspid="6969" ordinal="0" offset="0" sl="11" sc="33" el="11" ec="37" bec="0" bev="0" fileid="161" />
              </SequencePoints>
              <BranchPoints />
              <MethodPoint xsi:type="SequencePoint" vc="1" uspid="6969" ordinal="0" offset="0" sl="11" sc="33" el="11" ec="37" bec="0" bev="0" fileid="161" />
            </Method>
            <Method visited="true" cyclomaticComplexity="1" nPathComplexity="0" sequenceCoverage="100" branchCoverage="100" isConstructor="false" isStatic="false" isGetter="false" isSetter="true">
              <Summary numSequencePoints="1" visitedSequencePoints="1" numBranchPoints="1" visitedBranchPoints="1" sequenceCoverage="100" branchCoverage="100" maxCyclomaticComplexity="1" minCyclomaticComplexity="1" visitedClasses="0" numClasses="0" visitedMethods="1" numMethods="1" />
              <MetadataToken>100664311</MetadataToken>
              <Name>System.Void SportsWeb.Services.DomainModel.Commands.CreatePitchCommand::set_Comment(System.String)</Name>
              <FileRef uid="161" />
              <SequencePoints>
                <SequencePoint vc="4" uspid="6970" ordinal="0" offset="0" sl="11" sc="38" el="11" ec="42" bec="0" bev="0" fileid="161" />
              </SequencePoints>
              <BranchPoints />
              <MethodPoint xsi:type="SequencePoint" vc="4" uspid="6970" ordinal="0" offset="0" sl="11" sc="38" el="11" ec="42" bec="0" bev="0" fileid="161" />
            </Method>
            <Method visited="true" cyclomaticComplexity="1" nPathComplexity="0" sequenceCoverage="100" branchCoverage="100" isConstructor="false" isStatic="false" isGetter="true" isSetter="false">
              <Summary numSequencePoints="1" visitedSequencePoints="1" numBranchPoints="1" visitedBranchPoints="1" sequenceCoverage="100" branchCoverage="100" maxCyclomaticComplexity="1" minCyclomaticComplexity="1" visitedClasses="0" numClasses="0" visitedMethods="1" numMethods="1" />
              <MetadataToken>100664312</MetadataToken>
              <Name>SportsWeb.Entities.PitchType SportsWeb.Services.DomainModel.Commands.CreatePitchCommand::get_PitchType()</Name>
              <FileRef uid="161" />
              <SequencePoints>
                <SequencePoint vc="1" uspid="6971" ordinal="0" offset="0" sl="13" sc="38" el="13" ec="42" bec="0" bev="0" fileid="161" />
              </SequencePoints>
              <BranchPoints />
              <MethodPoint xsi:type="SequencePoint" vc="1" uspid="6971" ordinal="0" offset="0" sl="13" sc="38" el="13" ec="42" bec="0" bev="0" fileid="161" />
            </Method>
            <Method visited="true" cyclomaticComplexity="1" nPathComplexity="0" sequenceCoverage="100" branchCoverage="100" isConstructor="false" isStatic="false" isGetter="false" isSetter="true">
              <Summary numSequencePoints="1" visitedSequencePoints="1" numBranchPoints="1" visitedBranchPoints="1" sequenceCoverage="100" branchCoverage="100" maxCyclomaticComplexity="1" minCyclomaticComplexity="1" visitedClasses="0" numClasses="0" visitedMethods="1" numMethods="1" />
              <MetadataToken>100664313</MetadataToken>
              <Name>System.Void SportsWeb.Services.DomainModel.Commands.CreatePitchCommand::set_PitchType(SportsWeb.Entities.PitchType)</Name>
              <FileRef uid="161" />
              <SequencePoints>
                <SequencePoint vc="4" uspid="6972" ordinal="0" offset="0" sl="13" sc="43" el="13" ec="47" bec="0" bev="0" fileid="161" />
              </SequencePoints>
              <BranchPoints />
              <MethodPoint xsi:type="SequencePoint" vc="4" uspid="6972" ordinal="0" offset="0" sl="13" sc="43" el="13" ec="47" bec="0" bev="0" fileid="161" />
            </Method>
            <Method visited="true" cyclomaticComplexity="1" nPathComplexity="0" sequenceCoverage="100" branchCoverage="100" isConstructor="false" isStatic="false" isGetter="true" isSetter="false">
              <Summary numSequencePoints="1" visitedSequencePoints="1" numBranchPoints="1" visitedBranchPoints="1" sequenceCoverage="100" branchCoverage="100" maxCyclomaticComplexity="1" minCyclomaticComplexity="1" visitedClasses="0" numClasses="0" visitedMethods="1" numMethods="1" />
              <MetadataToken>100664314</MetadataToken>
              <Name>System.String SportsWeb.Services.DomainModel.Commands.CreatePitchCommand::get_NodeId()</Name>
              <FileRef uid="161" />
              <SequencePoints>
                <SequencePoint vc="3" uspid="6973" ordinal="0" offset="0" sl="18" sc="32" el="18" ec="36" bec="0" bev="0" fileid="161" />
              </SequencePoints>
              <BranchPoints />
              <MethodPoint xsi:type="SequencePoint" vc="3" uspid="6973" ordinal="0" offset="0" sl="18" sc="32" el="18" ec="36" bec="0" bev="0" fileid="161" />
            </Method>
            <Method visited="true" cyclomaticComplexity="1" nPathComplexity="0" sequenceCoverage="100" branchCoverage="100" isConstructor="false" isStatic="false" isGetter="false" isSetter="true">
              <Summary numSequencePoints="1" visitedSequencePoints="1" numBranchPoints="1" visitedBranchPoints="1" sequenceCoverage="100" branchCoverage="100" maxCyclomaticComplexity="1" minCyclomaticComplexity="1" visitedClasses="0" numClasses="0" visitedMethods="1" numMethods="1" />
              <MetadataToken>100664315</MetadataToken>
              <Name>System.Void SportsWeb.Services.DomainModel.Commands.CreatePitchCommand::set_NodeId(System.String)</Name>
              <FileRef uid="161" />
              <SequencePoints>
                <SequencePoint vc="4" uspid="6974" ordinal="0" offset="0" sl="18" sc="37" el="18" ec="41" bec="0" bev="0" fileid="161" />
              </SequencePoints>
              <BranchPoints />
              <MethodPoint xsi:type="SequencePoint" vc="4" uspid="6974" ordinal="0" offset="0" sl="18" sc="37" el="18" ec="41" bec="0" bev="0" fileid="161" />
            </Method>
            <Method visited="true" cyclomaticComplexity="1" nPathComplexity="0" sequenceCoverage="100" branchCoverage="100" isConstructor="false" isStatic="false" isGetter="true" isSetter="false">
              <Summary numSequencePoints="1" visitedSequencePoints="1" numBranchPoints="1" visitedBranchPoints="1" sequenceCoverage="100" branchCoverage="100" maxCyclomaticComplexity="1" minCyclomaticComplexity="1" visitedClasses="0" numClasses="0" visitedMethods="1" numMethods="1" />
              <MetadataToken>100664316</MetadataToken>
              <Name>System.Guid SportsWeb.Services.DomainModel.Commands.CreatePitchCommand::get_SiteId()</Name>
              <FileRef uid="161" />
              <SequencePoints>
                <SequencePoint vc="1" uspid="6975" ordinal="0" offset="0" sl="20" sc="30" el="20" ec="34" bec="0" bev="0" fileid="161" />
              </SequencePoints>
              <BranchPoints />
              <MethodPoint xsi:type="SequencePoint" vc="1" uspid="6975" ordinal="0" offset="0" sl="20" sc="30" el="20" ec="34" bec="0" bev="0" fileid="161" />
            </Method>
            <Method visited="true" cyclomaticComplexity="1" nPathComplexity="0" sequenceCoverage="100" branchCoverage="100" isConstructor="false" isStatic="false" isGetter="false" isSetter="true">
              <Summary numSequencePoints="1" visitedSequencePoints="1" numBranchPoints="1" visitedBranchPoints="1" sequenceCoverage="100" branchCoverage="100" maxCyclomaticComplexity="1" minCyclomaticComplexity="1" visitedClasses="0" numClasses="0" visitedMethods="1" numMethods="1" />
              <MetadataToken>100664317</MetadataToken>
              <Name>System.Void SportsWeb.Services.DomainModel.Commands.CreatePitchCommand::set_SiteId(System.Guid)</Name>
              <FileRef uid="161" />
              <SequencePoints>
                <SequencePoint vc="4" uspid="6976" ordinal="0" offset="0" sl="20" sc="35" el="20" ec="39" bec="0" bev="0" fileid="161" />
              </SequencePoints>
              <BranchPoints />
              <MethodPoint xsi:type="SequencePoint" vc="4" uspid="6976" ordinal="0" offset="0" sl="20" sc="35" el="20" ec="39" bec="0" bev="0" fileid="161" />
            </Method>
            <Method visited="true" cyclomaticComplexity="1" nPathComplexity="0" sequenceCoverage="100" branchCoverage="100" isConstructor="false" isStatic="false" isGetter="true" isSetter="false">
              <Summary numSequencePoints="1" visitedSequencePoints="1" numBranchPoints="1" visitedBranchPoints="1" sequenceCoverage="100" branchCoverage="100" maxCyclomaticComplexity="1" minCyclomaticComplexity="1" visitedClasses="0" numClasses="0" visitedMethods="1" numMethods="1" />
              <MetadataToken>100664318</MetadataToken>
              <Name>System.Boolean SportsWeb.Services.DomainModel.Commands.CreatePitchCommand::get_HalfFieldControl()</Name>
              <FileRef uid="161" />
              <SequencePoints>
                <SequencePoint vc="1" uspid="6977" ordinal="0" offset="0" sl="22" sc="40" el="22" ec="44" bec="0" bev="0" fileid="161" />
              </SequencePoints>
              <BranchPoints />
              <MethodPoint xsi:type="SequencePoint" vc="1" uspid="6977" ordinal="0" offset="0" sl="22" sc="40" el="22" ec="44" bec="0" bev="0" fileid="161" />
            </Method>
            <Method visited="true" cyclomaticComplexity="1" nPathComplexity="0" sequenceCoverage="100" branchCoverage="100" isConstructor="false" isStatic="false" isGetter="false" isSetter="true">
              <Summary numSequencePoints="1" visitedSequencePoints="1" numBranchPoints="1" visitedBranchPoints="1" sequenceCoverage="100" branchCoverage="100" maxCyclomaticComplexity="1" minCyclomaticComplexity="1" visitedClasses="0" numClasses="0" visitedMethods="1" numMethods="1" />
              <MetadataToken>100664319</MetadataToken>
              <Name>System.Void SportsWeb.Services.DomainModel.Commands.CreatePitchCommand::set_HalfFieldControl(System.Boolean)</Name>
              <FileRef uid="161" />
              <SequencePoints>
                <SequencePoint vc="3" uspid="6978" ordinal="0" offset="0" sl="22" sc="45" el="22" ec="49" bec="0" bev="0" fileid="161" />
              </SequencePoints>
              <BranchPoints />
              <MethodPoint xsi:type="SequencePoint" vc="3" uspid="6978" ordinal="0" offset="0" sl="22" sc="45" el="22" ec="49" bec="0" bev="0" fileid="161" />
            </Method>
            <Method visited="true" cyclomaticComplexity="1" nPathComplexity="0" sequenceCoverage="0" branchCoverage="0" isConstructor="true" isStatic="false" isGetter="false" isSetter="false">
              <Summary numSequencePoints="0" visitedSequencePoints="0" numBranchPoints="0" visitedBranchPoints="0" sequenceCoverage="0" branchCoverage="0" maxCyclomaticComplexity="1" minCyclomaticComplexity="1" visitedClasses="0" numClasses="0" visitedMethods="0" numMethods="0" />
              <MetadataToken>100664320</MetadataToken>
              <Name>System.Void SportsWeb.Services.DomainModel.Commands.CreatePitchCommand::.ctor()</Name>
              <SequencePoints />
              <BranchPoints />
              <MethodPoint vc="5" uspid="6979" ordinal="0" offset="0" />
            </Method>
          </Methods>
        </Class>
        <Class>
          <Summary numSequencePoints="10" visitedSequencePoints="7" numBranchPoints="10" visitedBranchPoints="7" sequenceCoverage="70" branchCoverage="70" maxCyclomaticComplexity="1" minCyclomaticComplexity="1" visitedClasses="1" numClasses="1" visitedMethods="7" numMethods="10" />
          <FullName>SportsWeb.Services.DomainModel.Commands.CreateSiteCommand</FullName>
          <Methods>
            <Method visited="true" cyclomaticComplexity="1" nPathComplexity="0" sequenceCoverage="100" branchCoverage="100" isConstructor="false" isStatic="false" isGetter="true" isSetter="false">
              <Summary numSequencePoints="1" visitedSequencePoints="1" numBranchPoints="1" visitedBranchPoints="1" sequenceCoverage="100" branchCoverage="100" maxCyclomaticComplexity="1" minCyclomaticComplexity="1" visitedClasses="0" numClasses="0" visitedMethods="1" numMethods="1" />
              <MetadataToken>100664321</MetadataToken>
              <Name>System.String SportsWeb.Services.DomainModel.Commands.CreateSiteCommand::get_Name()</Name>
              <FileRef uid="162" />
              <SequencePoints>
                <SequencePoint vc="4" uspid="6980" ordinal="0" offset="0" sl="11" sc="30" el="11" ec="34" bec="0" bev="0" fileid="162" />
              </SequencePoints>
              <BranchPoints />
              <MethodPoint xsi:type="SequencePoint" vc="4" uspid="6980" ordinal="0" offset="0" sl="11" sc="30" el="11" ec="34" bec="0" bev="0" fileid="162" />
            </Method>
            <Method visited="true" cyclomaticComplexity="1" nPathComplexity="0" sequenceCoverage="100" branchCoverage="100" isConstructor="false" isStatic="false" isGetter="false" isSetter="true">
              <Summary numSequencePoints="1" visitedSequencePoints="1" numBranchPoints="1" visitedBranchPoints="1" sequenceCoverage="100" branchCoverage="100" maxCyclomaticComplexity="1" minCyclomaticComplexity="1" visitedClasses="0" numClasses="0" visitedMethods="1" numMethods="1" />
              <MetadataToken>100664322</MetadataToken>
              <Name>System.Void SportsWeb.Services.DomainModel.Commands.CreateSiteCommand::set_Name(System.String)</Name>
              <FileRef uid="162" />
              <SequencePoints>
                <SequencePoint vc="4" uspid="6981" ordinal="0" offset="0" sl="11" sc="35" el="11" ec="39" bec="0" bev="0" fileid="162" />
              </SequencePoints>
              <BranchPoints />
              <MethodPoint xsi:type="SequencePoint" vc="4" uspid="6981" ordinal="0" offset="0" sl="11" sc="35" el="11" ec="39" bec="0" bev="0" fileid="162" />
            </Method>
            <Method visited="false" cyclomaticComplexity="1" nPathComplexity="0" sequenceCoverage="0" branchCoverage="0" isConstructor="false" isStatic="false" isGetter="true" isSetter="false">
              <Summary numSequencePoints="1" visitedSequencePoints="0" numBranchPoints="1" visitedBranchPoints="0" sequenceCoverage="0" branchCoverage="0" maxCyclomaticComplexity="1" minCyclomaticComplexity="1" visitedClasses="0" numClasses="0" visitedMethods="0" numMethods="1" />
              <MetadataToken>100664323</MetadataToken>
              <Name>System.String SportsWeb.Services.DomainModel.Commands.CreateSiteCommand::get_Comment()</Name>
              <FileRef uid="162" />
              <SequencePoints>
                <SequencePoint vc="0" uspid="6982" ordinal="0" offset="0" sl="13" sc="33" el="13" ec="37" bec="0" bev="0" fileid="162" />
              </SequencePoints>
              <BranchPoints />
              <MethodPoint xsi:type="SequencePoint" vc="0" uspid="6982" ordinal="0" offset="0" sl="13" sc="33" el="13" ec="37" bec="0" bev="0" fileid="162" />
            </Method>
            <Method visited="true" cyclomaticComplexity="1" nPathComplexity="0" sequenceCoverage="100" branchCoverage="100" isConstructor="false" isStatic="false" isGetter="false" isSetter="true">
              <Summary numSequencePoints="1" visitedSequencePoints="1" numBranchPoints="1" visitedBranchPoints="1" sequenceCoverage="100" branchCoverage="100" maxCyclomaticComplexity="1" minCyclomaticComplexity="1" visitedClasses="0" numClasses="0" visitedMethods="1" numMethods="1" />
              <MetadataToken>100664324</MetadataToken>
              <Name>System.Void SportsWeb.Services.DomainModel.Commands.CreateSiteCommand::set_Comment(System.String)</Name>
              <FileRef uid="162" />
              <SequencePoints>
                <SequencePoint vc="4" uspid="6983" ordinal="0" offset="0" sl="13" sc="38" el="13" ec="42" bec="0" bev="0" fileid="162" />
              </SequencePoints>
              <BranchPoints />
              <MethodPoint xsi:type="SequencePoint" vc="4" uspid="6983" ordinal="0" offset="0" sl="13" sc="38" el="13" ec="42" bec="0" bev="0" fileid="162" />
            </Method>
            <Method visited="true" cyclomaticComplexity="1" nPathComplexity="0" sequenceCoverage="100" branchCoverage="100" isConstructor="false" isStatic="false" isGetter="true" isSetter="false">
              <Summary numSequencePoints="1" visitedSequencePoints="1" numBranchPoints="1" visitedBranchPoints="1" sequenceCoverage="100" branchCoverage="100" maxCyclomaticComplexity="1" minCyclomaticComplexity="1" visitedClasses="0" numClasses="0" visitedMethods="1" numMethods="1" />
              <MetadataToken>100664325</MetadataToken>
              <Name>System.String SportsWeb.Services.DomainModel.Commands.CreateSiteCommand::get_NodeId()</Name>
              <FileRef uid="162" />
              <SequencePoints>
                <SequencePoint vc="2" uspid="6984" ordinal="0" offset="0" sl="18" sc="32" el="18" ec="36" bec="0" bev="0" fileid="162" />
              </SequencePoints>
              <BranchPoints />
              <MethodPoint xsi:type="SequencePoint" vc="2" uspid="6984" ordinal="0" offset="0" sl="18" sc="32" el="18" ec="36" bec="0" bev="0" fileid="162" />
            </Method>
            <Method visited="true" cyclomaticComplexity="1" nPathComplexity="0" sequenceCoverage="100" branchCoverage="100" isConstructor="false" isStatic="false" isGetter="false" isSetter="true">
              <Summary numSequencePoints="1" visitedSequencePoints="1" numBranchPoints="1" visitedBranchPoints="1" sequenceCoverage="100" branchCoverage="100" maxCyclomaticComplexity="1" minCyclomaticComplexity="1" visitedClasses="0" numClasses="0" visitedMethods="1" numMethods="1" />
              <MetadataToken>100664326</MetadataToken>
              <Name>System.Void SportsWeb.Services.DomainModel.Commands.CreateSiteCommand::set_NodeId(System.String)</Name>
              <FileRef uid="162" />
              <SequencePoints>
                <SequencePoint vc="4" uspid="6985" ordinal="0" offset="0" sl="18" sc="37" el="18" ec="41" bec="0" bev="0" fileid="162" />
              </SequencePoints>
              <BranchPoints />
              <MethodPoint xsi:type="SequencePoint" vc="4" uspid="6985" ordinal="0" offset="0" sl="18" sc="37" el="18" ec="41" bec="0" bev="0" fileid="162" />
            </Method>
            <Method visited="false" cyclomaticComplexity="1" nPathComplexity="0" sequenceCoverage="0" branchCoverage="0" isConstructor="false" isStatic="false" isGetter="true" isSetter="false">
              <Summary numSequencePoints="1" visitedSequencePoints="0" numBranchPoints="1" visitedBranchPoints="0" sequenceCoverage="0" branchCoverage="0" maxCyclomaticComplexity="1" minCyclomaticComplexity="1" visitedClasses="0" numClasses="0" visitedMethods="0" numMethods="1" />
              <MetadataToken>100664327</MetadataToken>
              <Name>System.Guid SportsWeb.Services.DomainModel.Commands.CreateSiteCommand::get_CustomerId()</Name>
              <FileRef uid="162" />
              <SequencePoints>
                <SequencePoint vc="0" uspid="6986" ordinal="0" offset="0" sl="20" sc="34" el="20" ec="38" bec="0" bev="0" fileid="162" />
              </SequencePoints>
              <BranchPoints />
              <MethodPoint xsi:type="SequencePoint" vc="0" uspid="6986" ordinal="0" offset="0" sl="20" sc="34" el="20" ec="38" bec="0" bev="0" fileid="162" />
            </Method>
            <Method visited="true" cyclomaticComplexity="1" nPathComplexity="0" sequenceCoverage="100" branchCoverage="100" isConstructor="false" isStatic="false" isGetter="false" isSetter="true">
              <Summary numSequencePoints="1" visitedSequencePoints="1" numBranchPoints="1" visitedBranchPoints="1" sequenceCoverage="100" branchCoverage="100" maxCyclomaticComplexity="1" minCyclomaticComplexity="1" visitedClasses="0" numClasses="0" visitedMethods="1" numMethods="1" />
              <MetadataToken>100664328</MetadataToken>
              <Name>System.Void SportsWeb.Services.DomainModel.Commands.CreateSiteCommand::set_CustomerId(System.Guid)</Name>
              <FileRef uid="162" />
              <SequencePoints>
                <SequencePoint vc="4" uspid="6987" ordinal="0" offset="0" sl="20" sc="39" el="20" ec="43" bec="0" bev="0" fileid="162" />
              </SequencePoints>
              <BranchPoints />
              <MethodPoint xsi:type="SequencePoint" vc="4" uspid="6987" ordinal="0" offset="0" sl="20" sc="39" el="20" ec="43" bec="0" bev="0" fileid="162" />
            </Method>
            <Method visited="false" cyclomaticComplexity="1" nPathComplexity="0" sequenceCoverage="0" branchCoverage="0" isConstructor="false" isStatic="false" isGetter="true" isSetter="false">
              <Summary numSequencePoints="1" visitedSequencePoints="0" numBranchPoints="1" visitedBranchPoints="0" sequenceCoverage="0" branchCoverage="0" maxCyclomaticComplexity="1" minCyclomaticComplexity="1" visitedClasses="0" numClasses="0" visitedMethods="0" numMethods="1" />
              <MetadataToken>100664329</MetadataToken>
              <Name>System.Collections.Generic.List`1&lt;SportsWeb.Entities.AppPermissions&gt; SportsWeb.Services.DomainModel.Commands.CreateSiteCommand::get_AppPermissions()</Name>
              <FileRef uid="162" />
              <SequencePoints>
                <SequencePoint vc="0" uspid="6988" ordinal="0" offset="0" sl="21" sc="54" el="21" ec="58" bec="0" bev="0" fileid="162" />
              </SequencePoints>
              <BranchPoints />
              <MethodPoint xsi:type="SequencePoint" vc="0" uspid="6988" ordinal="0" offset="0" sl="21" sc="54" el="21" ec="58" bec="0" bev="0" fileid="162" />
            </Method>
            <Method visited="true" cyclomaticComplexity="1" nPathComplexity="0" sequenceCoverage="100" branchCoverage="100" isConstructor="false" isStatic="false" isGetter="false" isSetter="true">
              <Summary numSequencePoints="1" visitedSequencePoints="1" numBranchPoints="1" visitedBranchPoints="1" sequenceCoverage="100" branchCoverage="100" maxCyclomaticComplexity="1" minCyclomaticComplexity="1" visitedClasses="0" numClasses="0" visitedMethods="1" numMethods="1" />
              <MetadataToken>100664330</MetadataToken>
              <Name>System.Void SportsWeb.Services.DomainModel.Commands.CreateSiteCommand::set_AppPermissions(System.Collections.Generic.List`1&lt;SportsWeb.Entities.AppPermissions&gt;)</Name>
              <FileRef uid="162" />
              <SequencePoints>
                <SequencePoint vc="4" uspid="6989" ordinal="0" offset="0" sl="21" sc="59" el="21" ec="63" bec="0" bev="0" fileid="162" />
              </SequencePoints>
              <BranchPoints />
              <MethodPoint xsi:type="SequencePoint" vc="4" uspid="6989" ordinal="0" offset="0" sl="21" sc="59" el="21" ec="63" bec="0" bev="0" fileid="162" />
            </Method>
            <Method visited="true" cyclomaticComplexity="1" nPathComplexity="0" sequenceCoverage="0" branchCoverage="0" isConstructor="true" isStatic="false" isGetter="false" isSetter="false">
              <Summary numSequencePoints="0" visitedSequencePoints="0" numBranchPoints="0" visitedBranchPoints="0" sequenceCoverage="0" branchCoverage="0" maxCyclomaticComplexity="1" minCyclomaticComplexity="1" visitedClasses="0" numClasses="0" visitedMethods="0" numMethods="0" />
              <MetadataToken>100664331</MetadataToken>
              <Name>System.Void SportsWeb.Services.DomainModel.Commands.CreateSiteCommand::.ctor()</Name>
              <SequencePoints />
              <BranchPoints />
              <MethodPoint vc="4" uspid="6990" ordinal="0" offset="0" />
            </Method>
          </Methods>
        </Class>
        <Class>
          <Summary numSequencePoints="10" visitedSequencePoints="10" numBranchPoints="10" visitedBranchPoints="10" sequenceCoverage="100" branchCoverage="100" maxCyclomaticComplexity="1" minCyclomaticComplexity="1" visitedClasses="1" numClasses="1" visitedMethods="10" numMethods="10" />
          <FullName>SportsWeb.Services.DomainModel.Commands.CreateUserCommandWithPermissions</FullName>
          <Methods>
            <Method visited="true" cyclomaticComplexity="1" nPathComplexity="0" sequenceCoverage="100" branchCoverage="100" isConstructor="false" isStatic="false" isGetter="true" isSetter="false">
              <Summary numSequencePoints="1" visitedSequencePoints="1" numBranchPoints="1" visitedBranchPoints="1" sequenceCoverage="100" branchCoverage="100" maxCyclomaticComplexity="1" minCyclomaticComplexity="1" visitedClasses="0" numClasses="0" visitedMethods="1" numMethods="1" />
              <MetadataToken>100664332</MetadataToken>
              <Name>System.String SportsWeb.Services.DomainModel.Commands.CreateUserCommandWithPermissions::get_Name()</Name>
              <FileRef uid="163" />
              <SequencePoints>
                <SequencePoint vc="9" uspid="6991" ordinal="0" offset="0" sl="11" sc="30" el="11" ec="34" bec="0" bev="0" fileid="163" />
              </SequencePoints>
              <BranchPoints />
              <MethodPoint xsi:type="SequencePoint" vc="9" uspid="6991" ordinal="0" offset="0" sl="11" sc="30" el="11" ec="34" bec="0" bev="0" fileid="163" />
            </Method>
            <Method visited="true" cyclomaticComplexity="1" nPathComplexity="0" sequenceCoverage="100" branchCoverage="100" isConstructor="false" isStatic="false" isGetter="false" isSetter="true">
              <Summary numSequencePoints="1" visitedSequencePoints="1" numBranchPoints="1" visitedBranchPoints="1" sequenceCoverage="100" branchCoverage="100" maxCyclomaticComplexity="1" minCyclomaticComplexity="1" visitedClasses="0" numClasses="0" visitedMethods="1" numMethods="1" />
              <MetadataToken>100664333</MetadataToken>
              <Name>System.Void SportsWeb.Services.DomainModel.Commands.CreateUserCommandWithPermissions::set_Name(System.String)</Name>
              <FileRef uid="163" />
              <SequencePoints>
                <SequencePoint vc="5" uspid="6992" ordinal="0" offset="0" sl="11" sc="35" el="11" ec="39" bec="0" bev="0" fileid="163" />
              </SequencePoints>
              <BranchPoints />
              <MethodPoint xsi:type="SequencePoint" vc="5" uspid="6992" ordinal="0" offset="0" sl="11" sc="35" el="11" ec="39" bec="0" bev="0" fileid="163" />
            </Method>
            <Method visited="true" cyclomaticComplexity="1" nPathComplexity="0" sequenceCoverage="100" branchCoverage="100" isConstructor="false" isStatic="false" isGetter="true" isSetter="false">
              <Summary numSequencePoints="1" visitedSequencePoints="1" numBranchPoints="1" visitedBranchPoints="1" sequenceCoverage="100" branchCoverage="100" maxCyclomaticComplexity="1" minCyclomaticComplexity="1" visitedClasses="0" numClasses="0" visitedMethods="1" numMethods="1" />
              <MetadataToken>100664334</MetadataToken>
              <Name>System.String SportsWeb.Services.DomainModel.Commands.CreateUserCommandWithPermissions::get_Comment()</Name>
              <FileRef uid="163" />
              <SequencePoints>
                <SequencePoint vc="1" uspid="6993" ordinal="0" offset="0" sl="13" sc="33" el="13" ec="37" bec="0" bev="0" fileid="163" />
              </SequencePoints>
              <BranchPoints />
              <MethodPoint xsi:type="SequencePoint" vc="1" uspid="6993" ordinal="0" offset="0" sl="13" sc="33" el="13" ec="37" bec="0" bev="0" fileid="163" />
            </Method>
            <Method visited="true" cyclomaticComplexity="1" nPathComplexity="0" sequenceCoverage="100" branchCoverage="100" isConstructor="false" isStatic="false" isGetter="false" isSetter="true">
              <Summary numSequencePoints="1" visitedSequencePoints="1" numBranchPoints="1" visitedBranchPoints="1" sequenceCoverage="100" branchCoverage="100" maxCyclomaticComplexity="1" minCyclomaticComplexity="1" visitedClasses="0" numClasses="0" visitedMethods="1" numMethods="1" />
              <MetadataToken>100664335</MetadataToken>
              <Name>System.Void SportsWeb.Services.DomainModel.Commands.CreateUserCommandWithPermissions::set_Comment(System.String)</Name>
              <FileRef uid="163" />
              <SequencePoints>
                <SequencePoint vc="5" uspid="6994" ordinal="0" offset="0" sl="13" sc="38" el="13" ec="42" bec="0" bev="0" fileid="163" />
              </SequencePoints>
              <BranchPoints />
              <MethodPoint xsi:type="SequencePoint" vc="5" uspid="6994" ordinal="0" offset="0" sl="13" sc="38" el="13" ec="42" bec="0" bev="0" fileid="163" />
            </Method>
            <Method visited="true" cyclomaticComplexity="1" nPathComplexity="0" sequenceCoverage="100" branchCoverage="100" isConstructor="false" isStatic="false" isGetter="true" isSetter="false">
              <Summary numSequencePoints="1" visitedSequencePoints="1" numBranchPoints="1" visitedBranchPoints="1" sequenceCoverage="100" branchCoverage="100" maxCyclomaticComplexity="1" minCyclomaticComplexity="1" visitedClasses="0" numClasses="0" visitedMethods="1" numMethods="1" />
              <MetadataToken>100664336</MetadataToken>
              <Name>System.Collections.Generic.IList`1&lt;System.String&gt; SportsWeb.Services.DomainModel.Commands.CreateUserCommandWithPermissions::get_RoleNames()</Name>
              <FileRef uid="163" />
              <SequencePoints>
                <SequencePoint vc="1" uspid="6995" ordinal="0" offset="0" sl="15" sc="42" el="15" ec="46" bec="0" bev="0" fileid="163" />
              </SequencePoints>
              <BranchPoints />
              <MethodPoint xsi:type="SequencePoint" vc="1" uspid="6995" ordinal="0" offset="0" sl="15" sc="42" el="15" ec="46" bec="0" bev="0" fileid="163" />
            </Method>
            <Method visited="true" cyclomaticComplexity="1" nPathComplexity="0" sequenceCoverage="100" branchCoverage="100" isConstructor="false" isStatic="false" isGetter="false" isSetter="true">
              <Summary numSequencePoints="1" visitedSequencePoints="1" numBranchPoints="1" visitedBranchPoints="1" sequenceCoverage="100" branchCoverage="100" maxCyclomaticComplexity="1" minCyclomaticComplexity="1" visitedClasses="0" numClasses="0" visitedMethods="1" numMethods="1" />
              <MetadataToken>100664337</MetadataToken>
              <Name>System.Void SportsWeb.Services.DomainModel.Commands.CreateUserCommandWithPermissions::set_RoleNames(System.Collections.Generic.IList`1&lt;System.String&gt;)</Name>
              <FileRef uid="163" />
              <SequencePoints>
                <SequencePoint vc="5" uspid="6996" ordinal="0" offset="0" sl="15" sc="47" el="15" ec="51" bec="0" bev="0" fileid="163" />
              </SequencePoints>
              <BranchPoints />
              <MethodPoint xsi:type="SequencePoint" vc="5" uspid="6996" ordinal="0" offset="0" sl="15" sc="47" el="15" ec="51" bec="0" bev="0" fileid="163" />
            </Method>
            <Method visited="true" cyclomaticComplexity="1" nPathComplexity="0" sequenceCoverage="100" branchCoverage="100" isConstructor="false" isStatic="false" isGetter="true" isSetter="false">
              <Summary numSequencePoints="1" visitedSequencePoints="1" numBranchPoints="1" visitedBranchPoints="1" sequenceCoverage="100" branchCoverage="100" maxCyclomaticComplexity="1" minCyclomaticComplexity="1" visitedClasses="0" numClasses="0" visitedMethods="1" numMethods="1" />
              <MetadataToken>100664338</MetadataToken>
              <Name>System.Guid SportsWeb.Services.DomainModel.Commands.CreateUserCommandWithPermissions::get_SiteId()</Name>
              <FileRef uid="163" />
              <SequencePoints>
                <SequencePoint vc="1" uspid="6997" ordinal="0" offset="0" sl="17" sc="30" el="17" ec="34" bec="0" bev="0" fileid="163" />
              </SequencePoints>
              <BranchPoints />
              <MethodPoint xsi:type="SequencePoint" vc="1" uspid="6997" ordinal="0" offset="0" sl="17" sc="30" el="17" ec="34" bec="0" bev="0" fileid="163" />
            </Method>
            <Method visited="true" cyclomaticComplexity="1" nPathComplexity="0" sequenceCoverage="100" branchCoverage="100" isConstructor="false" isStatic="false" isGetter="false" isSetter="true">
              <Summary numSequencePoints="1" visitedSequencePoints="1" numBranchPoints="1" visitedBranchPoints="1" sequenceCoverage="100" branchCoverage="100" maxCyclomaticComplexity="1" minCyclomaticComplexity="1" visitedClasses="0" numClasses="0" visitedMethods="1" numMethods="1" />
              <MetadataToken>100664339</MetadataToken>
              <Name>System.Void SportsWeb.Services.DomainModel.Commands.CreateUserCommandWithPermissions::set_SiteId(System.Guid)</Name>
              <FileRef uid="163" />
              <SequencePoints>
                <SequencePoint vc="5" uspid="6998" ordinal="0" offset="0" sl="17" sc="35" el="17" ec="39" bec="0" bev="0" fileid="163" />
              </SequencePoints>
              <BranchPoints />
              <MethodPoint xsi:type="SequencePoint" vc="5" uspid="6998" ordinal="0" offset="0" sl="17" sc="35" el="17" ec="39" bec="0" bev="0" fileid="163" />
            </Method>
            <Method visited="true" cyclomaticComplexity="1" nPathComplexity="0" sequenceCoverage="100" branchCoverage="100" isConstructor="false" isStatic="false" isGetter="true" isSetter="false">
              <Summary numSequencePoints="1" visitedSequencePoints="1" numBranchPoints="1" visitedBranchPoints="1" sequenceCoverage="100" branchCoverage="100" maxCyclomaticComplexity="1" minCyclomaticComplexity="1" visitedClasses="0" numClasses="0" visitedMethods="1" numMethods="1" />
              <MetadataToken>100664340</MetadataToken>
              <Name>System.Collections.Generic.List`1&lt;SportsWeb.Entities.ScenePermissions&gt; SportsWeb.Services.DomainModel.Commands.CreateUserCommandWithPermissions::get_ScenePermissions()</Name>
              <FileRef uid="163" />
              <SequencePoints>
                <SequencePoint vc="1" uspid="6999" ordinal="0" offset="0" sl="19" sc="58" el="19" ec="62" bec="0" bev="0" fileid="163" />
              </SequencePoints>
              <BranchPoints />
              <MethodPoint xsi:type="SequencePoint" vc="1" uspid="6999" ordinal="0" offset="0" sl="19" sc="58" el="19" ec="62" bec="0" bev="0" fileid="163" />
            </Method>
            <Method visited="true" cyclomaticComplexity="1" nPathComplexity="0" sequenceCoverage="100" branchCoverage="100" isConstructor="false" isStatic="false" isGetter="false" isSetter="true">
              <Summary numSequencePoints="1" visitedSequencePoints="1" numBranchPoints="1" visitedBranchPoints="1" sequenceCoverage="100" branchCoverage="100" maxCyclomaticComplexity="1" minCyclomaticComplexity="1" visitedClasses="0" numClasses="0" visitedMethods="1" numMethods="1" />
              <MetadataToken>100664341</MetadataToken>
              <Name>System.Void SportsWeb.Services.DomainModel.Commands.CreateUserCommandWithPermissions::set_ScenePermissions(System.Collections.Generic.List`1&lt;SportsWeb.Entities.ScenePermissions&gt;)</Name>
              <FileRef uid="163" />
              <SequencePoints>
                <SequencePoint vc="5" uspid="7000" ordinal="0" offset="0" sl="19" sc="63" el="19" ec="67" bec="0" bev="0" fileid="163" />
              </SequencePoints>
              <BranchPoints />
              <MethodPoint xsi:type="SequencePoint" vc="5" uspid="7000" ordinal="0" offset="0" sl="19" sc="63" el="19" ec="67" bec="0" bev="0" fileid="163" />
            </Method>
            <Method visited="true" cyclomaticComplexity="1" nPathComplexity="0" sequenceCoverage="0" branchCoverage="0" isConstructor="true" isStatic="false" isGetter="false" isSetter="false">
              <Summary numSequencePoints="0" visitedSequencePoints="0" numBranchPoints="0" visitedBranchPoints="0" sequenceCoverage="0" branchCoverage="0" maxCyclomaticComplexity="1" minCyclomaticComplexity="1" visitedClasses="0" numClasses="0" visitedMethods="0" numMethods="0" />
              <MetadataToken>100664342</MetadataToken>
              <Name>System.Void SportsWeb.Services.DomainModel.Commands.CreateUserCommandWithPermissions::.ctor()</Name>
              <SequencePoints />
              <BranchPoints />
              <MethodPoint vc="5" uspid="7001" ordinal="0" offset="0" />
            </Method>
          </Methods>
        </Class>
        <Class>
          <Summary numSequencePoints="8" visitedSequencePoints="8" numBranchPoints="8" visitedBranchPoints="8" sequenceCoverage="100" branchCoverage="100" maxCyclomaticComplexity="1" minCyclomaticComplexity="1" visitedClasses="1" numClasses="1" visitedMethods="8" numMethods="8" />
          <FullName>SportsWeb.Services.DomainModel.Commands.CreateUserCommand</FullName>
          <Methods>
            <Method visited="true" cyclomaticComplexity="1" nPathComplexity="0" sequenceCoverage="100" branchCoverage="100" isConstructor="false" isStatic="false" isGetter="true" isSetter="false">
              <Summary numSequencePoints="1" visitedSequencePoints="1" numBranchPoints="1" visitedBranchPoints="1" sequenceCoverage="100" branchCoverage="100" maxCyclomaticComplexity="1" minCyclomaticComplexity="1" visitedClasses="0" numClasses="0" visitedMethods="1" numMethods="1" />
              <MetadataToken>100664343</MetadataToken>
              <Name>System.String SportsWeb.Services.DomainModel.Commands.CreateUserCommand::get_Name()</Name>
              <FileRef uid="164" />
              <SequencePoints>
                <SequencePoint vc="3" uspid="7002" ordinal="0" offset="0" sl="10" sc="30" el="10" ec="34" bec="0" bev="0" fileid="164" />
              </SequencePoints>
              <BranchPoints />
              <MethodPoint xsi:type="SequencePoint" vc="3" uspid="7002" ordinal="0" offset="0" sl="10" sc="30" el="10" ec="34" bec="0" bev="0" fileid="164" />
            </Method>
            <Method visited="true" cyclomaticComplexity="1" nPathComplexity="0" sequenceCoverage="100" branchCoverage="100" isConstructor="false" isStatic="false" isGetter="false" isSetter="true">
              <Summary numSequencePoints="1" visitedSequencePoints="1" numBranchPoints="1" visitedBranchPoints="1" sequenceCoverage="100" branchCoverage="100" maxCyclomaticComplexity="1" minCyclomaticComplexity="1" visitedClasses="0" numClasses="0" visitedMethods="1" numMethods="1" />
              <MetadataToken>100664344</MetadataToken>
              <Name>System.Void SportsWeb.Services.DomainModel.Commands.CreateUserCommand::set_Name(System.String)</Name>
              <FileRef uid="164" />
              <SequencePoints>
                <SequencePoint vc="2" uspid="7003" ordinal="0" offset="0" sl="10" sc="35" el="10" ec="39" bec="0" bev="0" fileid="164" />
              </SequencePoints>
              <BranchPoints />
              <MethodPoint xsi:type="SequencePoint" vc="2" uspid="7003" ordinal="0" offset="0" sl="10" sc="35" el="10" ec="39" bec="0" bev="0" fileid="164" />
            </Method>
            <Method visited="true" cyclomaticComplexity="1" nPathComplexity="0" sequenceCoverage="100" branchCoverage="100" isConstructor="false" isStatic="false" isGetter="true" isSetter="false">
              <Summary numSequencePoints="1" visitedSequencePoints="1" numBranchPoints="1" visitedBranchPoints="1" sequenceCoverage="100" branchCoverage="100" maxCyclomaticComplexity="1" minCyclomaticComplexity="1" visitedClasses="0" numClasses="0" visitedMethods="1" numMethods="1" />
              <MetadataToken>100664345</MetadataToken>
              <Name>System.String SportsWeb.Services.DomainModel.Commands.CreateUserCommand::get_Comment()</Name>
              <FileRef uid="164" />
              <SequencePoints>
                <SequencePoint vc="1" uspid="7004" ordinal="0" offset="0" sl="12" sc="33" el="12" ec="37" bec="0" bev="0" fileid="164" />
              </SequencePoints>
              <BranchPoints />
              <MethodPoint xsi:type="SequencePoint" vc="1" uspid="7004" ordinal="0" offset="0" sl="12" sc="33" el="12" ec="37" bec="0" bev="0" fileid="164" />
            </Method>
            <Method visited="true" cyclomaticComplexity="1" nPathComplexity="0" sequenceCoverage="100" branchCoverage="100" isConstructor="false" isStatic="false" isGetter="false" isSetter="true">
              <Summary numSequencePoints="1" visitedSequencePoints="1" numBranchPoints="1" visitedBranchPoints="1" sequenceCoverage="100" branchCoverage="100" maxCyclomaticComplexity="1" minCyclomaticComplexity="1" visitedClasses="0" numClasses="0" visitedMethods="1" numMethods="1" />
              <MetadataToken>100664346</MetadataToken>
              <Name>System.Void SportsWeb.Services.DomainModel.Commands.CreateUserCommand::set_Comment(System.String)</Name>
              <FileRef uid="164" />
              <SequencePoints>
                <SequencePoint vc="2" uspid="7005" ordinal="0" offset="0" sl="12" sc="38" el="12" ec="42" bec="0" bev="0" fileid="164" />
              </SequencePoints>
              <BranchPoints />
              <MethodPoint xsi:type="SequencePoint" vc="2" uspid="7005" ordinal="0" offset="0" sl="12" sc="38" el="12" ec="42" bec="0" bev="0" fileid="164" />
            </Method>
            <Method visited="true" cyclomaticComplexity="1" nPathComplexity="0" sequenceCoverage="100" branchCoverage="100" isConstructor="false" isStatic="false" isGetter="true" isSetter="false">
              <Summary numSequencePoints="1" visitedSequencePoints="1" numBranchPoints="1" visitedBranchPoints="1" sequenceCoverage="100" branchCoverage="100" maxCyclomaticComplexity="1" minCyclomaticComplexity="1" visitedClasses="0" numClasses="0" visitedMethods="1" numMethods="1" />
              <MetadataToken>100664347</MetadataToken>
              <Name>System.Collections.Generic.IList`1&lt;System.String&gt; SportsWeb.Services.DomainModel.Commands.CreateUserCommand::get_RoleNames()</Name>
              <FileRef uid="164" />
              <SequencePoints>
                <SequencePoint vc="1" uspid="7006" ordinal="0" offset="0" sl="14" sc="42" el="14" ec="46" bec="0" bev="0" fileid="164" />
              </SequencePoints>
              <BranchPoints />
              <MethodPoint xsi:type="SequencePoint" vc="1" uspid="7006" ordinal="0" offset="0" sl="14" sc="42" el="14" ec="46" bec="0" bev="0" fileid="164" />
            </Method>
            <Method visited="true" cyclomaticComplexity="1" nPathComplexity="0" sequenceCoverage="100" branchCoverage="100" isConstructor="false" isStatic="false" isGetter="false" isSetter="true">
              <Summary numSequencePoints="1" visitedSequencePoints="1" numBranchPoints="1" visitedBranchPoints="1" sequenceCoverage="100" branchCoverage="100" maxCyclomaticComplexity="1" minCyclomaticComplexity="1" visitedClasses="0" numClasses="0" visitedMethods="1" numMethods="1" />
              <MetadataToken>100664348</MetadataToken>
              <Name>System.Void SportsWeb.Services.DomainModel.Commands.CreateUserCommand::set_RoleNames(System.Collections.Generic.IList`1&lt;System.String&gt;)</Name>
              <FileRef uid="164" />
              <SequencePoints>
                <SequencePoint vc="2" uspid="7007" ordinal="0" offset="0" sl="14" sc="47" el="14" ec="51" bec="0" bev="0" fileid="164" />
              </SequencePoints>
              <BranchPoints />
              <MethodPoint xsi:type="SequencePoint" vc="2" uspid="7007" ordinal="0" offset="0" sl="14" sc="47" el="14" ec="51" bec="0" bev="0" fileid="164" />
            </Method>
            <Method visited="true" cyclomaticComplexity="1" nPathComplexity="0" sequenceCoverage="100" branchCoverage="100" isConstructor="false" isStatic="false" isGetter="true" isSetter="false">
              <Summary numSequencePoints="1" visitedSequencePoints="1" numBranchPoints="1" visitedBranchPoints="1" sequenceCoverage="100" branchCoverage="100" maxCyclomaticComplexity="1" minCyclomaticComplexity="1" visitedClasses="0" numClasses="0" visitedMethods="1" numMethods="1" />
              <MetadataToken>100664349</MetadataToken>
              <Name>System.Guid SportsWeb.Services.DomainModel.Commands.CreateUserCommand::get_SiteId()</Name>
              <FileRef uid="164" />
              <SequencePoints>
                <SequencePoint vc="1" uspid="7008" ordinal="0" offset="0" sl="16" sc="30" el="16" ec="34" bec="0" bev="0" fileid="164" />
              </SequencePoints>
              <BranchPoints />
              <MethodPoint xsi:type="SequencePoint" vc="1" uspid="7008" ordinal="0" offset="0" sl="16" sc="30" el="16" ec="34" bec="0" bev="0" fileid="164" />
            </Method>
            <Method visited="true" cyclomaticComplexity="1" nPathComplexity="0" sequenceCoverage="100" branchCoverage="100" isConstructor="false" isStatic="false" isGetter="false" isSetter="true">
              <Summary numSequencePoints="1" visitedSequencePoints="1" numBranchPoints="1" visitedBranchPoints="1" sequenceCoverage="100" branchCoverage="100" maxCyclomaticComplexity="1" minCyclomaticComplexity="1" visitedClasses="0" numClasses="0" visitedMethods="1" numMethods="1" />
              <MetadataToken>100664350</MetadataToken>
              <Name>System.Void SportsWeb.Services.DomainModel.Commands.CreateUserCommand::set_SiteId(System.Guid)</Name>
              <FileRef uid="164" />
              <SequencePoints>
                <SequencePoint vc="2" uspid="7009" ordinal="0" offset="0" sl="16" sc="35" el="16" ec="39" bec="0" bev="0" fileid="164" />
              </SequencePoints>
              <BranchPoints />
              <MethodPoint xsi:type="SequencePoint" vc="2" uspid="7009" ordinal="0" offset="0" sl="16" sc="35" el="16" ec="39" bec="0" bev="0" fileid="164" />
            </Method>
            <Method visited="true" cyclomaticComplexity="1" nPathComplexity="0" sequenceCoverage="0" branchCoverage="0" isConstructor="true" isStatic="false" isGetter="false" isSetter="false">
              <Summary numSequencePoints="0" visitedSequencePoints="0" numBranchPoints="0" visitedBranchPoints="0" sequenceCoverage="0" branchCoverage="0" maxCyclomaticComplexity="1" minCyclomaticComplexity="1" visitedClasses="0" numClasses="0" visitedMethods="0" numMethods="0" />
              <MetadataToken>100664351</MetadataToken>
              <Name>System.Void SportsWeb.Services.DomainModel.Commands.CreateUserCommand::.ctor()</Name>
              <SequencePoints />
              <BranchPoints />
              <MethodPoint vc="2" uspid="7010" ordinal="0" offset="0" />
            </Method>
          </Methods>
        </Class>
        <Class>
          <Summary numSequencePoints="2" visitedSequencePoints="2" numBranchPoints="2" visitedBranchPoints="2" sequenceCoverage="100" branchCoverage="100" maxCyclomaticComplexity="1" minCyclomaticComplexity="1" visitedClasses="1" numClasses="1" visitedMethods="2" numMethods="2" />
          <FullName>SportsWeb.Services.DomainModel.Commands.DeletePitchCommand</FullName>
          <Methods>
            <Method visited="true" cyclomaticComplexity="1" nPathComplexity="0" sequenceCoverage="100" branchCoverage="100" isConstructor="false" isStatic="false" isGetter="true" isSetter="false">
              <Summary numSequencePoints="1" visitedSequencePoints="1" numBranchPoints="1" visitedBranchPoints="1" sequenceCoverage="100" branchCoverage="100" maxCyclomaticComplexity="1" minCyclomaticComplexity="1" visitedClasses="0" numClasses="0" visitedMethods="1" numMethods="1" />
              <MetadataToken>100664352</MetadataToken>
              <Name>System.Guid SportsWeb.Services.DomainModel.Commands.DeletePitchCommand::get_Id()</Name>
              <FileRef uid="165" />
              <SequencePoints>
                <SequencePoint vc="4" uspid="7011" ordinal="0" offset="0" sl="8" sc="26" el="8" ec="30" bec="0" bev="0" fileid="165" />
              </SequencePoints>
              <BranchPoints />
              <MethodPoint xsi:type="SequencePoint" vc="4" uspid="7011" ordinal="0" offset="0" sl="8" sc="26" el="8" ec="30" bec="0" bev="0" fileid="165" />
            </Method>
            <Method visited="true" cyclomaticComplexity="1" nPathComplexity="0" sequenceCoverage="100" branchCoverage="100" isConstructor="false" isStatic="false" isGetter="false" isSetter="true">
              <Summary numSequencePoints="1" visitedSequencePoints="1" numBranchPoints="1" visitedBranchPoints="1" sequenceCoverage="100" branchCoverage="100" maxCyclomaticComplexity="1" minCyclomaticComplexity="1" visitedClasses="0" numClasses="0" visitedMethods="1" numMethods="1" />
              <MetadataToken>100664353</MetadataToken>
              <Name>System.Void SportsWeb.Services.DomainModel.Commands.DeletePitchCommand::set_Id(System.Guid)</Name>
              <FileRef uid="165" />
              <SequencePoints>
                <SequencePoint vc="8" uspid="7012" ordinal="0" offset="0" sl="8" sc="31" el="8" ec="35" bec="0" bev="0" fileid="165" />
              </SequencePoints>
              <BranchPoints />
              <MethodPoint xsi:type="SequencePoint" vc="8" uspid="7012" ordinal="0" offset="0" sl="8" sc="31" el="8" ec="35" bec="0" bev="0" fileid="165" />
            </Method>
            <Method visited="true" cyclomaticComplexity="1" nPathComplexity="0" sequenceCoverage="0" branchCoverage="0" isConstructor="true" isStatic="false" isGetter="false" isSetter="false">
              <Summary numSequencePoints="0" visitedSequencePoints="0" numBranchPoints="0" visitedBranchPoints="0" sequenceCoverage="0" branchCoverage="0" maxCyclomaticComplexity="1" minCyclomaticComplexity="1" visitedClasses="0" numClasses="0" visitedMethods="0" numMethods="0" />
              <MetadataToken>100664354</MetadataToken>
              <Name>System.Void SportsWeb.Services.DomainModel.Commands.DeletePitchCommand::.ctor()</Name>
              <SequencePoints />
              <BranchPoints />
              <MethodPoint vc="8" uspid="7013" ordinal="0" offset="0" />
            </Method>
          </Methods>
        </Class>
        <Class>
          <Summary numSequencePoints="2" visitedSequencePoints="2" numBranchPoints="2" visitedBranchPoints="2" sequenceCoverage="100" branchCoverage="100" maxCyclomaticComplexity="1" minCyclomaticComplexity="1" visitedClasses="1" numClasses="1" visitedMethods="2" numMethods="2" />
          <FullName>SportsWeb.Services.DomainModel.Commands.DeleteSiteCommand</FullName>
          <Methods>
            <Method visited="true" cyclomaticComplexity="1" nPathComplexity="0" sequenceCoverage="100" branchCoverage="100" isConstructor="false" isStatic="false" isGetter="true" isSetter="false">
              <Summary numSequencePoints="1" visitedSequencePoints="1" numBranchPoints="1" visitedBranchPoints="1" sequenceCoverage="100" branchCoverage="100" maxCyclomaticComplexity="1" minCyclomaticComplexity="1" visitedClasses="0" numClasses="0" visitedMethods="1" numMethods="1" />
              <MetadataToken>100664355</MetadataToken>
              <Name>System.Guid SportsWeb.Services.DomainModel.Commands.DeleteSiteCommand::get_Id()</Name>
              <FileRef uid="166" />
              <SequencePoints>
                <SequencePoint vc="1" uspid="7014" ordinal="0" offset="0" sl="8" sc="26" el="8" ec="30" bec="0" bev="0" fileid="166" />
              </SequencePoints>
              <BranchPoints />
              <MethodPoint xsi:type="SequencePoint" vc="1" uspid="7014" ordinal="0" offset="0" sl="8" sc="26" el="8" ec="30" bec="0" bev="0" fileid="166" />
            </Method>
            <Method visited="true" cyclomaticComplexity="1" nPathComplexity="0" sequenceCoverage="100" branchCoverage="100" isConstructor="false" isStatic="false" isGetter="false" isSetter="true">
              <Summary numSequencePoints="1" visitedSequencePoints="1" numBranchPoints="1" visitedBranchPoints="1" sequenceCoverage="100" branchCoverage="100" maxCyclomaticComplexity="1" minCyclomaticComplexity="1" visitedClasses="0" numClasses="0" visitedMethods="1" numMethods="1" />
              <MetadataToken>100664356</MetadataToken>
              <Name>System.Void SportsWeb.Services.DomainModel.Commands.DeleteSiteCommand::set_Id(System.Guid)</Name>
              <FileRef uid="166" />
              <SequencePoints>
                <SequencePoint vc="3" uspid="7015" ordinal="0" offset="0" sl="8" sc="31" el="8" ec="35" bec="0" bev="0" fileid="166" />
              </SequencePoints>
              <BranchPoints />
              <MethodPoint xsi:type="SequencePoint" vc="3" uspid="7015" ordinal="0" offset="0" sl="8" sc="31" el="8" ec="35" bec="0" bev="0" fileid="166" />
            </Method>
            <Method visited="true" cyclomaticComplexity="1" nPathComplexity="0" sequenceCoverage="0" branchCoverage="0" isConstructor="true" isStatic="false" isGetter="false" isSetter="false">
              <Summary numSequencePoints="0" visitedSequencePoints="0" numBranchPoints="0" visitedBranchPoints="0" sequenceCoverage="0" branchCoverage="0" maxCyclomaticComplexity="1" minCyclomaticComplexity="1" visitedClasses="0" numClasses="0" visitedMethods="0" numMethods="0" />
              <MetadataToken>100664357</MetadataToken>
              <Name>System.Void SportsWeb.Services.DomainModel.Commands.DeleteSiteCommand::.ctor()</Name>
              <SequencePoints />
              <BranchPoints />
              <MethodPoint vc="3" uspid="7016" ordinal="0" offset="0" />
            </Method>
          </Methods>
        </Class>
        <Class>
          <Summary numSequencePoints="2" visitedSequencePoints="2" numBranchPoints="2" visitedBranchPoints="2" sequenceCoverage="100" branchCoverage="100" maxCyclomaticComplexity="1" minCyclomaticComplexity="1" visitedClasses="1" numClasses="1" visitedMethods="2" numMethods="2" />
          <FullName>SportsWeb.Services.DomainModel.Commands.DeleteUserFromSiteCommand</FullName>
          <Methods>
            <Method visited="true" cyclomaticComplexity="1" nPathComplexity="0" sequenceCoverage="100" branchCoverage="100" isConstructor="false" isStatic="false" isGetter="true" isSetter="false">
              <Summary numSequencePoints="1" visitedSequencePoints="1" numBranchPoints="1" visitedBranchPoints="1" sequenceCoverage="100" branchCoverage="100" maxCyclomaticComplexity="1" minCyclomaticComplexity="1" visitedClasses="0" numClasses="0" visitedMethods="1" numMethods="1" />
              <MetadataToken>100664358</MetadataToken>
              <Name>System.Guid SportsWeb.Services.DomainModel.Commands.DeleteUserFromSiteCommand::get_Id()</Name>
              <FileRef uid="167" />
              <SequencePoints>
                <SequencePoint vc="1" uspid="7017" ordinal="0" offset="0" sl="8" sc="26" el="8" ec="30" bec="0" bev="0" fileid="167" />
              </SequencePoints>
              <BranchPoints />
              <MethodPoint xsi:type="SequencePoint" vc="1" uspid="7017" ordinal="0" offset="0" sl="8" sc="26" el="8" ec="30" bec="0" bev="0" fileid="167" />
            </Method>
            <Method visited="true" cyclomaticComplexity="1" nPathComplexity="0" sequenceCoverage="100" branchCoverage="100" isConstructor="false" isStatic="false" isGetter="false" isSetter="true">
              <Summary numSequencePoints="1" visitedSequencePoints="1" numBranchPoints="1" visitedBranchPoints="1" sequenceCoverage="100" branchCoverage="100" maxCyclomaticComplexity="1" minCyclomaticComplexity="1" visitedClasses="0" numClasses="0" visitedMethods="1" numMethods="1" />
              <MetadataToken>100664359</MetadataToken>
              <Name>System.Void SportsWeb.Services.DomainModel.Commands.DeleteUserFromSiteCommand::set_Id(System.Guid)</Name>
              <FileRef uid="167" />
              <SequencePoints>
                <SequencePoint vc="3" uspid="7018" ordinal="0" offset="0" sl="8" sc="31" el="8" ec="35" bec="0" bev="0" fileid="167" />
              </SequencePoints>
              <BranchPoints />
              <MethodPoint xsi:type="SequencePoint" vc="3" uspid="7018" ordinal="0" offset="0" sl="8" sc="31" el="8" ec="35" bec="0" bev="0" fileid="167" />
            </Method>
            <Method visited="true" cyclomaticComplexity="1" nPathComplexity="0" sequenceCoverage="0" branchCoverage="0" isConstructor="true" isStatic="false" isGetter="false" isSetter="false">
              <Summary numSequencePoints="0" visitedSequencePoints="0" numBranchPoints="0" visitedBranchPoints="0" sequenceCoverage="0" branchCoverage="0" maxCyclomaticComplexity="1" minCyclomaticComplexity="1" visitedClasses="0" numClasses="0" visitedMethods="0" numMethods="0" />
              <MetadataToken>100664360</MetadataToken>
              <Name>System.Void SportsWeb.Services.DomainModel.Commands.DeleteUserFromSiteCommand::.ctor()</Name>
              <SequencePoints />
              <BranchPoints />
              <MethodPoint vc="3" uspid="7019" ordinal="0" offset="0" />
            </Method>
          </Methods>
        </Class>
        <Class>
          <Summary numSequencePoints="12" visitedSequencePoints="12" numBranchPoints="12" visitedBranchPoints="12" sequenceCoverage="100" branchCoverage="100" maxCyclomaticComplexity="1" minCyclomaticComplexity="1" visitedClasses="1" numClasses="1" visitedMethods="12" numMethods="12" />
          <FullName>SportsWeb.Services.DomainModel.Commands.UpdateAdministratorCommand</FullName>
          <Methods>
            <Method visited="true" cyclomaticComplexity="1" nPathComplexity="0" sequenceCoverage="100" branchCoverage="100" isConstructor="false" isStatic="false" isGetter="true" isSetter="false">
              <Summary numSequencePoints="1" visitedSequencePoints="1" numBranchPoints="1" visitedBranchPoints="1" sequenceCoverage="100" branchCoverage="100" maxCyclomaticComplexity="1" minCyclomaticComplexity="1" visitedClasses="0" numClasses="0" visitedMethods="1" numMethods="1" />
              <MetadataToken>100664361</MetadataToken>
              <Name>System.Guid SportsWeb.Services.DomainModel.Commands.UpdateAdministratorCommand::get_Id()</Name>
              <FileRef uid="168" />
              <SequencePoints>
                <SequencePoint vc="1" uspid="7020" ordinal="0" offset="0" sl="9" sc="26" el="9" ec="30" bec="0" bev="0" fileid="168" />
              </SequencePoints>
              <BranchPoints />
              <MethodPoint xsi:type="SequencePoint" vc="1" uspid="7020" ordinal="0" offset="0" sl="9" sc="26" el="9" ec="30" bec="0" bev="0" fileid="168" />
            </Method>
            <Method visited="true" cyclomaticComplexity="1" nPathComplexity="0" sequenceCoverage="100" branchCoverage="100" isConstructor="false" isStatic="false" isGetter="false" isSetter="true">
              <Summary numSequencePoints="1" visitedSequencePoints="1" numBranchPoints="1" visitedBranchPoints="1" sequenceCoverage="100" branchCoverage="100" maxCyclomaticComplexity="1" minCyclomaticComplexity="1" visitedClasses="0" numClasses="0" visitedMethods="1" numMethods="1" />
              <MetadataToken>100664362</MetadataToken>
              <Name>System.Void SportsWeb.Services.DomainModel.Commands.UpdateAdministratorCommand::set_Id(System.Guid)</Name>
              <FileRef uid="168" />
              <SequencePoints>
                <SequencePoint vc="3" uspid="7021" ordinal="0" offset="0" sl="9" sc="31" el="9" ec="35" bec="0" bev="0" fileid="168" />
              </SequencePoints>
              <BranchPoints />
              <MethodPoint xsi:type="SequencePoint" vc="3" uspid="7021" ordinal="0" offset="0" sl="9" sc="31" el="9" ec="35" bec="0" bev="0" fileid="168" />
            </Method>
            <Method visited="true" cyclomaticComplexity="1" nPathComplexity="0" sequenceCoverage="100" branchCoverage="100" isConstructor="false" isStatic="false" isGetter="true" isSetter="false">
              <Summary numSequencePoints="1" visitedSequencePoints="1" numBranchPoints="1" visitedBranchPoints="1" sequenceCoverage="100" branchCoverage="100" maxCyclomaticComplexity="1" minCyclomaticComplexity="1" visitedClasses="0" numClasses="0" visitedMethods="1" numMethods="1" />
              <MetadataToken>100664363</MetadataToken>
              <Name>System.String SportsWeb.Services.DomainModel.Commands.UpdateAdministratorCommand::get_Name()</Name>
              <FileRef uid="168" />
              <SequencePoints>
                <SequencePoint vc="5" uspid="7022" ordinal="0" offset="0" sl="11" sc="30" el="11" ec="34" bec="0" bev="0" fileid="168" />
              </SequencePoints>
              <BranchPoints />
              <MethodPoint xsi:type="SequencePoint" vc="5" uspid="7022" ordinal="0" offset="0" sl="11" sc="30" el="11" ec="34" bec="0" bev="0" fileid="168" />
            </Method>
            <Method visited="true" cyclomaticComplexity="1" nPathComplexity="0" sequenceCoverage="100" branchCoverage="100" isConstructor="false" isStatic="false" isGetter="false" isSetter="true">
              <Summary numSequencePoints="1" visitedSequencePoints="1" numBranchPoints="1" visitedBranchPoints="1" sequenceCoverage="100" branchCoverage="100" maxCyclomaticComplexity="1" minCyclomaticComplexity="1" visitedClasses="0" numClasses="0" visitedMethods="1" numMethods="1" />
              <MetadataToken>100664364</MetadataToken>
              <Name>System.Void SportsWeb.Services.DomainModel.Commands.UpdateAdministratorCommand::set_Name(System.String)</Name>
              <FileRef uid="168" />
              <SequencePoints>
                <SequencePoint vc="3" uspid="7023" ordinal="0" offset="0" sl="11" sc="35" el="11" ec="39" bec="0" bev="0" fileid="168" />
              </SequencePoints>
              <BranchPoints />
              <MethodPoint xsi:type="SequencePoint" vc="3" uspid="7023" ordinal="0" offset="0" sl="11" sc="35" el="11" ec="39" bec="0" bev="0" fileid="168" />
            </Method>
            <Method visited="true" cyclomaticComplexity="1" nPathComplexity="0" sequenceCoverage="100" branchCoverage="100" isConstructor="false" isStatic="false" isGetter="true" isSetter="false">
              <Summary numSequencePoints="1" visitedSequencePoints="1" numBranchPoints="1" visitedBranchPoints="1" sequenceCoverage="100" branchCoverage="100" maxCyclomaticComplexity="1" minCyclomaticComplexity="1" visitedClasses="0" numClasses="0" visitedMethods="1" numMethods="1" />
              <MetadataToken>100664365</MetadataToken>
              <Name>System.String SportsWeb.Services.DomainModel.Commands.UpdateAdministratorCommand::get_Comment()</Name>
              <FileRef uid="168" />
              <SequencePoints>
                <SequencePoint vc="1" uspid="7024" ordinal="0" offset="0" sl="13" sc="33" el="13" ec="37" bec="0" bev="0" fileid="168" />
              </SequencePoints>
              <BranchPoints />
              <MethodPoint xsi:type="SequencePoint" vc="1" uspid="7024" ordinal="0" offset="0" sl="13" sc="33" el="13" ec="37" bec="0" bev="0" fileid="168" />
            </Method>
            <Method visited="true" cyclomaticComplexity="1" nPathComplexity="0" sequenceCoverage="100" branchCoverage="100" isConstructor="false" isStatic="false" isGetter="false" isSetter="true">
              <Summary numSequencePoints="1" visitedSequencePoints="1" numBranchPoints="1" visitedBranchPoints="1" sequenceCoverage="100" branchCoverage="100" maxCyclomaticComplexity="1" minCyclomaticComplexity="1" visitedClasses="0" numClasses="0" visitedMethods="1" numMethods="1" />
              <MetadataToken>100664366</MetadataToken>
              <Name>System.Void SportsWeb.Services.DomainModel.Commands.UpdateAdministratorCommand::set_Comment(System.String)</Name>
              <FileRef uid="168" />
              <SequencePoints>
                <SequencePoint vc="3" uspid="7025" ordinal="0" offset="0" sl="13" sc="38" el="13" ec="42" bec="0" bev="0" fileid="168" />
              </SequencePoints>
              <BranchPoints />
              <MethodPoint xsi:type="SequencePoint" vc="3" uspid="7025" ordinal="0" offset="0" sl="13" sc="38" el="13" ec="42" bec="0" bev="0" fileid="168" />
            </Method>
            <Method visited="true" cyclomaticComplexity="1" nPathComplexity="0" sequenceCoverage="100" branchCoverage="100" isConstructor="false" isStatic="false" isGetter="true" isSetter="false">
              <Summary numSequencePoints="1" visitedSequencePoints="1" numBranchPoints="1" visitedBranchPoints="1" sequenceCoverage="100" branchCoverage="100" maxCyclomaticComplexity="1" minCyclomaticComplexity="1" visitedClasses="0" numClasses="0" visitedMethods="1" numMethods="1" />
              <MetadataToken>100664367</MetadataToken>
              <Name>System.Collections.Generic.IList`1&lt;System.Guid&gt; SportsWeb.Services.DomainModel.Commands.UpdateAdministratorCommand::get_RoleIds()</Name>
              <FileRef uid="168" />
              <SequencePoints>
                <SequencePoint vc="2" uspid="7026" ordinal="0" offset="0" sl="15" sc="38" el="15" ec="42" bec="0" bev="0" fileid="168" />
              </SequencePoints>
              <BranchPoints />
              <MethodPoint xsi:type="SequencePoint" vc="2" uspid="7026" ordinal="0" offset="0" sl="15" sc="38" el="15" ec="42" bec="0" bev="0" fileid="168" />
            </Method>
            <Method visited="true" cyclomaticComplexity="1" nPathComplexity="0" sequenceCoverage="100" branchCoverage="100" isConstructor="false" isStatic="false" isGetter="false" isSetter="true">
              <Summary numSequencePoints="1" visitedSequencePoints="1" numBranchPoints="1" visitedBranchPoints="1" sequenceCoverage="100" branchCoverage="100" maxCyclomaticComplexity="1" minCyclomaticComplexity="1" visitedClasses="0" numClasses="0" visitedMethods="1" numMethods="1" />
              <MetadataToken>100664368</MetadataToken>
              <Name>System.Void SportsWeb.Services.DomainModel.Commands.UpdateAdministratorCommand::set_RoleIds(System.Collections.Generic.IList`1&lt;System.Guid&gt;)</Name>
              <FileRef uid="168" />
              <SequencePoints>
                <SequencePoint vc="3" uspid="7027" ordinal="0" offset="0" sl="15" sc="43" el="15" ec="47" bec="0" bev="0" fileid="168" />
              </SequencePoints>
              <BranchPoints />
              <MethodPoint xsi:type="SequencePoint" vc="3" uspid="7027" ordinal="0" offset="0" sl="15" sc="43" el="15" ec="47" bec="0" bev="0" fileid="168" />
            </Method>
            <Method visited="true" cyclomaticComplexity="1" nPathComplexity="0" sequenceCoverage="100" branchCoverage="100" isConstructor="false" isStatic="false" isGetter="true" isSetter="false">
              <Summary numSequencePoints="1" visitedSequencePoints="1" numBranchPoints="1" visitedBranchPoints="1" sequenceCoverage="100" branchCoverage="100" maxCyclomaticComplexity="1" minCyclomaticComplexity="1" visitedClasses="0" numClasses="0" visitedMethods="1" numMethods="1" />
              <MetadataToken>100664369</MetadataToken>
              <Name>System.Collections.Generic.List`1&lt;System.Guid&gt; SportsWeb.Services.DomainModel.Commands.UpdateAdministratorCommand::get_CustomerIds()</Name>
              <FileRef uid="168" />
              <SequencePoints>
                <SequencePoint vc="1" uspid="7028" ordinal="0" offset="0" sl="17" sc="41" el="17" ec="45" bec="0" bev="0" fileid="168" />
              </SequencePoints>
              <BranchPoints />
              <MethodPoint xsi:type="SequencePoint" vc="1" uspid="7028" ordinal="0" offset="0" sl="17" sc="41" el="17" ec="45" bec="0" bev="0" fileid="168" />
            </Method>
            <Method visited="true" cyclomaticComplexity="1" nPathComplexity="0" sequenceCoverage="100" branchCoverage="100" isConstructor="false" isStatic="false" isGetter="false" isSetter="true">
              <Summary numSequencePoints="1" visitedSequencePoints="1" numBranchPoints="1" visitedBranchPoints="1" sequenceCoverage="100" branchCoverage="100" maxCyclomaticComplexity="1" minCyclomaticComplexity="1" visitedClasses="0" numClasses="0" visitedMethods="1" numMethods="1" />
              <MetadataToken>100664370</MetadataToken>
              <Name>System.Void SportsWeb.Services.DomainModel.Commands.UpdateAdministratorCommand::set_CustomerIds(System.Collections.Generic.List`1&lt;System.Guid&gt;)</Name>
              <FileRef uid="168" />
              <SequencePoints>
                <SequencePoint vc="3" uspid="7029" ordinal="0" offset="0" sl="17" sc="46" el="17" ec="50" bec="0" bev="0" fileid="168" />
              </SequencePoints>
              <BranchPoints />
              <MethodPoint xsi:type="SequencePoint" vc="3" uspid="7029" ordinal="0" offset="0" sl="17" sc="46" el="17" ec="50" bec="0" bev="0" fileid="168" />
            </Method>
            <Method visited="true" cyclomaticComplexity="1" nPathComplexity="0" sequenceCoverage="100" branchCoverage="100" isConstructor="false" isStatic="false" isGetter="true" isSetter="false">
              <Summary numSequencePoints="1" visitedSequencePoints="1" numBranchPoints="1" visitedBranchPoints="1" sequenceCoverage="100" branchCoverage="100" maxCyclomaticComplexity="1" minCyclomaticComplexity="1" visitedClasses="0" numClasses="0" visitedMethods="1" numMethods="1" />
              <MetadataToken>100664371</MetadataToken>
              <Name>System.Boolean SportsWeb.Services.DomainModel.Commands.UpdateAdministratorCommand::get_RemoveCustomerMapping()</Name>
              <FileRef uid="168" />
              <SequencePoints>
                <SequencePoint vc="1" uspid="7030" ordinal="0" offset="0" sl="19" sc="45" el="19" ec="49" bec="0" bev="0" fileid="168" />
              </SequencePoints>
              <BranchPoints />
              <MethodPoint xsi:type="SequencePoint" vc="1" uspid="7030" ordinal="0" offset="0" sl="19" sc="45" el="19" ec="49" bec="0" bev="0" fileid="168" />
            </Method>
            <Method visited="true" cyclomaticComplexity="1" nPathComplexity="0" sequenceCoverage="100" branchCoverage="100" isConstructor="false" isStatic="false" isGetter="false" isSetter="true">
              <Summary numSequencePoints="1" visitedSequencePoints="1" numBranchPoints="1" visitedBranchPoints="1" sequenceCoverage="100" branchCoverage="100" maxCyclomaticComplexity="1" minCyclomaticComplexity="1" visitedClasses="0" numClasses="0" visitedMethods="1" numMethods="1" />
              <MetadataToken>100664372</MetadataToken>
              <Name>System.Void SportsWeb.Services.DomainModel.Commands.UpdateAdministratorCommand::set_RemoveCustomerMapping(System.Boolean)</Name>
              <FileRef uid="168" />
              <SequencePoints>
                <SequencePoint vc="2" uspid="7031" ordinal="0" offset="0" sl="19" sc="50" el="19" ec="54" bec="0" bev="0" fileid="168" />
              </SequencePoints>
              <BranchPoints />
              <MethodPoint xsi:type="SequencePoint" vc="2" uspid="7031" ordinal="0" offset="0" sl="19" sc="50" el="19" ec="54" bec="0" bev="0" fileid="168" />
            </Method>
            <Method visited="true" cyclomaticComplexity="1" nPathComplexity="0" sequenceCoverage="0" branchCoverage="0" isConstructor="true" isStatic="false" isGetter="false" isSetter="false">
              <Summary numSequencePoints="0" visitedSequencePoints="0" numBranchPoints="0" visitedBranchPoints="0" sequenceCoverage="0" branchCoverage="0" maxCyclomaticComplexity="1" minCyclomaticComplexity="1" visitedClasses="0" numClasses="0" visitedMethods="0" numMethods="0" />
              <MetadataToken>100664373</MetadataToken>
              <Name>System.Void SportsWeb.Services.DomainModel.Commands.UpdateAdministratorCommand::.ctor()</Name>
              <SequencePoints />
              <BranchPoints />
              <MethodPoint vc="3" uspid="7032" ordinal="0" offset="0" />
            </Method>
          </Methods>
        </Class>
        <Class>
          <Summary numSequencePoints="10" visitedSequencePoints="10" numBranchPoints="10" visitedBranchPoints="10" sequenceCoverage="100" branchCoverage="100" maxCyclomaticComplexity="1" minCyclomaticComplexity="1" visitedClasses="1" numClasses="1" visitedMethods="10" numMethods="10" />
          <FullName>SportsWeb.Services.DomainModel.Commands.UpdateCustomerCommand</FullName>
          <Methods>
            <Method visited="true" cyclomaticComplexity="1" nPathComplexity="0" sequenceCoverage="100" branchCoverage="100" isConstructor="false" isStatic="false" isGetter="true" isSetter="false">
              <Summary numSequencePoints="1" visitedSequencePoints="1" numBranchPoints="1" visitedBranchPoints="1" sequenceCoverage="100" branchCoverage="100" maxCyclomaticComplexity="1" minCyclomaticComplexity="1" visitedClasses="0" numClasses="0" visitedMethods="1" numMethods="1" />
              <MetadataToken>100664374</MetadataToken>
              <Name>System.Guid SportsWeb.Services.DomainModel.Commands.UpdateCustomerCommand::get_Id()</Name>
              <FileRef uid="169" />
              <SequencePoints>
                <SequencePoint vc="1" uspid="7033" ordinal="0" offset="0" sl="8" sc="26" el="8" ec="30" bec="0" bev="0" fileid="169" />
              </SequencePoints>
              <BranchPoints />
              <MethodPoint xsi:type="SequencePoint" vc="1" uspid="7033" ordinal="0" offset="0" sl="8" sc="26" el="8" ec="30" bec="0" bev="0" fileid="169" />
            </Method>
            <Method visited="true" cyclomaticComplexity="1" nPathComplexity="0" sequenceCoverage="100" branchCoverage="100" isConstructor="false" isStatic="false" isGetter="false" isSetter="true">
              <Summary numSequencePoints="1" visitedSequencePoints="1" numBranchPoints="1" visitedBranchPoints="1" sequenceCoverage="100" branchCoverage="100" maxCyclomaticComplexity="1" minCyclomaticComplexity="1" visitedClasses="0" numClasses="0" visitedMethods="1" numMethods="1" />
              <MetadataToken>100664375</MetadataToken>
              <Name>System.Void SportsWeb.Services.DomainModel.Commands.UpdateCustomerCommand::set_Id(System.Guid)</Name>
              <FileRef uid="169" />
              <SequencePoints>
                <SequencePoint vc="2" uspid="7034" ordinal="0" offset="0" sl="8" sc="31" el="8" ec="35" bec="0" bev="0" fileid="169" />
              </SequencePoints>
              <BranchPoints />
              <MethodPoint xsi:type="SequencePoint" vc="2" uspid="7034" ordinal="0" offset="0" sl="8" sc="31" el="8" ec="35" bec="0" bev="0" fileid="169" />
            </Method>
            <Method visited="true" cyclomaticComplexity="1" nPathComplexity="0" sequenceCoverage="100" branchCoverage="100" isConstructor="false" isStatic="false" isGetter="true" isSetter="false">
              <Summary numSequencePoints="1" visitedSequencePoints="1" numBranchPoints="1" visitedBranchPoints="1" sequenceCoverage="100" branchCoverage="100" maxCyclomaticComplexity="1" minCyclomaticComplexity="1" visitedClasses="0" numClasses="0" visitedMethods="1" numMethods="1" />
              <MetadataToken>100664376</MetadataToken>
              <Name>System.String SportsWeb.Services.DomainModel.Commands.UpdateCustomerCommand::get_Name()</Name>
              <FileRef uid="169" />
              <SequencePoints>
                <SequencePoint vc="3" uspid="7035" ordinal="0" offset="0" sl="10" sc="30" el="10" ec="34" bec="0" bev="0" fileid="169" />
              </SequencePoints>
              <BranchPoints />
              <MethodPoint xsi:type="SequencePoint" vc="3" uspid="7035" ordinal="0" offset="0" sl="10" sc="30" el="10" ec="34" bec="0" bev="0" fileid="169" />
            </Method>
            <Method visited="true" cyclomaticComplexity="1" nPathComplexity="0" sequenceCoverage="100" branchCoverage="100" isConstructor="false" isStatic="false" isGetter="false" isSetter="true">
              <Summary numSequencePoints="1" visitedSequencePoints="1" numBranchPoints="1" visitedBranchPoints="1" sequenceCoverage="100" branchCoverage="100" maxCyclomaticComplexity="1" minCyclomaticComplexity="1" visitedClasses="0" numClasses="0" visitedMethods="1" numMethods="1" />
              <MetadataToken>100664377</MetadataToken>
              <Name>System.Void SportsWeb.Services.DomainModel.Commands.UpdateCustomerCommand::set_Name(System.String)</Name>
              <FileRef uid="169" />
              <SequencePoints>
                <SequencePoint vc="2" uspid="7036" ordinal="0" offset="0" sl="10" sc="35" el="10" ec="39" bec="0" bev="0" fileid="169" />
              </SequencePoints>
              <BranchPoints />
              <MethodPoint xsi:type="SequencePoint" vc="2" uspid="7036" ordinal="0" offset="0" sl="10" sc="35" el="10" ec="39" bec="0" bev="0" fileid="169" />
            </Method>
            <Method visited="true" cyclomaticComplexity="1" nPathComplexity="0" sequenceCoverage="100" branchCoverage="100" isConstructor="false" isStatic="false" isGetter="true" isSetter="false">
              <Summary numSequencePoints="1" visitedSequencePoints="1" numBranchPoints="1" visitedBranchPoints="1" sequenceCoverage="100" branchCoverage="100" maxCyclomaticComplexity="1" minCyclomaticComplexity="1" visitedClasses="0" numClasses="0" visitedMethods="1" numMethods="1" />
              <MetadataToken>100664378</MetadataToken>
              <Name>System.String SportsWeb.Services.DomainModel.Commands.UpdateCustomerCommand::get_Comment()</Name>
              <FileRef uid="169" />
              <SequencePoints>
                <SequencePoint vc="1" uspid="7037" ordinal="0" offset="0" sl="12" sc="33" el="12" ec="37" bec="0" bev="0" fileid="169" />
              </SequencePoints>
              <BranchPoints />
              <MethodPoint xsi:type="SequencePoint" vc="1" uspid="7037" ordinal="0" offset="0" sl="12" sc="33" el="12" ec="37" bec="0" bev="0" fileid="169" />
            </Method>
            <Method visited="true" cyclomaticComplexity="1" nPathComplexity="0" sequenceCoverage="100" branchCoverage="100" isConstructor="false" isStatic="false" isGetter="false" isSetter="true">
              <Summary numSequencePoints="1" visitedSequencePoints="1" numBranchPoints="1" visitedBranchPoints="1" sequenceCoverage="100" branchCoverage="100" maxCyclomaticComplexity="1" minCyclomaticComplexity="1" visitedClasses="0" numClasses="0" visitedMethods="1" numMethods="1" />
              <MetadataToken>100664379</MetadataToken>
              <Name>System.Void SportsWeb.Services.DomainModel.Commands.UpdateCustomerCommand::set_Comment(System.String)</Name>
              <FileRef uid="169" />
              <SequencePoints>
                <SequencePoint vc="2" uspid="7038" ordinal="0" offset="0" sl="12" sc="38" el="12" ec="42" bec="0" bev="0" fileid="169" />
              </SequencePoints>
              <BranchPoints />
              <MethodPoint xsi:type="SequencePoint" vc="2" uspid="7038" ordinal="0" offset="0" sl="12" sc="38" el="12" ec="42" bec="0" bev="0" fileid="169" />
            </Method>
            <Method visited="true" cyclomaticComplexity="1" nPathComplexity="0" sequenceCoverage="100" branchCoverage="100" isConstructor="false" isStatic="false" isGetter="true" isSetter="false">
              <Summary numSequencePoints="1" visitedSequencePoints="1" numBranchPoints="1" visitedBranchPoints="1" sequenceCoverage="100" branchCoverage="100" maxCyclomaticComplexity="1" minCyclomaticComplexity="1" visitedClasses="0" numClasses="0" visitedMethods="1" numMethods="1" />
              <MetadataToken>100664380</MetadataToken>
              <Name>System.String SportsWeb.Services.DomainModel.Commands.UpdateCustomerCommand::get_NodeId()</Name>
              <FileRef uid="169" />
              <SequencePoints>
                <SequencePoint vc="1" uspid="7039" ordinal="0" offset="0" sl="17" sc="32" el="17" ec="36" bec="0" bev="0" fileid="169" />
              </SequencePoints>
              <BranchPoints />
              <MethodPoint xsi:type="SequencePoint" vc="1" uspid="7039" ordinal="0" offset="0" sl="17" sc="32" el="17" ec="36" bec="0" bev="0" fileid="169" />
            </Method>
            <Method visited="true" cyclomaticComplexity="1" nPathComplexity="0" sequenceCoverage="100" branchCoverage="100" isConstructor="false" isStatic="false" isGetter="false" isSetter="true">
              <Summary numSequencePoints="1" visitedSequencePoints="1" numBranchPoints="1" visitedBranchPoints="1" sequenceCoverage="100" branchCoverage="100" maxCyclomaticComplexity="1" minCyclomaticComplexity="1" visitedClasses="0" numClasses="0" visitedMethods="1" numMethods="1" />
              <MetadataToken>100664381</MetadataToken>
              <Name>System.Void SportsWeb.Services.DomainModel.Commands.UpdateCustomerCommand::set_NodeId(System.String)</Name>
              <FileRef uid="169" />
              <SequencePoints>
                <SequencePoint vc="1" uspid="7040" ordinal="0" offset="0" sl="17" sc="37" el="17" ec="41" bec="0" bev="0" fileid="169" />
              </SequencePoints>
              <BranchPoints />
              <MethodPoint xsi:type="SequencePoint" vc="1" uspid="7040" ordinal="0" offset="0" sl="17" sc="37" el="17" ec="41" bec="0" bev="0" fileid="169" />
            </Method>
            <Method visited="true" cyclomaticComplexity="1" nPathComplexity="0" sequenceCoverage="100" branchCoverage="100" isConstructor="false" isStatic="false" isGetter="true" isSetter="false">
              <Summary numSequencePoints="1" visitedSequencePoints="1" numBranchPoints="1" visitedBranchPoints="1" sequenceCoverage="100" branchCoverage="100" maxCyclomaticComplexity="1" minCyclomaticComplexity="1" visitedClasses="0" numClasses="0" visitedMethods="1" numMethods="1" />
              <MetadataToken>100664382</MetadataToken>
              <Name>System.String SportsWeb.Services.DomainModel.Commands.UpdateCustomerCommand::get_TimezoneId()</Name>
              <FileRef uid="169" />
              <SequencePoints>
                <SequencePoint vc="1" uspid="7041" ordinal="0" offset="0" sl="18" sc="36" el="18" ec="40" bec="0" bev="0" fileid="169" />
              </SequencePoints>
              <BranchPoints />
              <MethodPoint xsi:type="SequencePoint" vc="1" uspid="7041" ordinal="0" offset="0" sl="18" sc="36" el="18" ec="40" bec="0" bev="0" fileid="169" />
            </Method>
            <Method visited="true" cyclomaticComplexity="1" nPathComplexity="0" sequenceCoverage="100" branchCoverage="100" isConstructor="false" isStatic="false" isGetter="false" isSetter="true">
              <Summary numSequencePoints="1" visitedSequencePoints="1" numBranchPoints="1" visitedBranchPoints="1" sequenceCoverage="100" branchCoverage="100" maxCyclomaticComplexity="1" minCyclomaticComplexity="1" visitedClasses="0" numClasses="0" visitedMethods="1" numMethods="1" />
              <MetadataToken>100664383</MetadataToken>
              <Name>System.Void SportsWeb.Services.DomainModel.Commands.UpdateCustomerCommand::set_TimezoneId(System.String)</Name>
              <FileRef uid="169" />
              <SequencePoints>
                <SequencePoint vc="2" uspid="7042" ordinal="0" offset="0" sl="18" sc="41" el="18" ec="45" bec="0" bev="0" fileid="169" />
              </SequencePoints>
              <BranchPoints />
              <MethodPoint xsi:type="SequencePoint" vc="2" uspid="7042" ordinal="0" offset="0" sl="18" sc="41" el="18" ec="45" bec="0" bev="0" fileid="169" />
            </Method>
            <Method visited="true" cyclomaticComplexity="1" nPathComplexity="0" sequenceCoverage="0" branchCoverage="0" isConstructor="true" isStatic="false" isGetter="false" isSetter="false">
              <Summary numSequencePoints="0" visitedSequencePoints="0" numBranchPoints="0" visitedBranchPoints="0" sequenceCoverage="0" branchCoverage="0" maxCyclomaticComplexity="1" minCyclomaticComplexity="1" visitedClasses="0" numClasses="0" visitedMethods="0" numMethods="0" />
              <MetadataToken>100664384</MetadataToken>
              <Name>System.Void SportsWeb.Services.DomainModel.Commands.UpdateCustomerCommand::.ctor()</Name>
              <SequencePoints />
              <BranchPoints />
              <MethodPoint vc="3" uspid="7043" ordinal="0" offset="0" />
            </Method>
          </Methods>
        </Class>
        <Class>
          <Summary numSequencePoints="12" visitedSequencePoints="12" numBranchPoints="12" visitedBranchPoints="12" sequenceCoverage="100" branchCoverage="100" maxCyclomaticComplexity="1" minCyclomaticComplexity="1" visitedClasses="1" numClasses="1" visitedMethods="12" numMethods="12" />
          <FullName>SportsWeb.Services.DomainModel.Commands.UpdatePitchCommand</FullName>
          <Methods>
            <Method visited="true" cyclomaticComplexity="1" nPathComplexity="0" sequenceCoverage="100" branchCoverage="100" isConstructor="false" isStatic="false" isGetter="true" isSetter="false">
              <Summary numSequencePoints="1" visitedSequencePoints="1" numBranchPoints="1" visitedBranchPoints="1" sequenceCoverage="100" branchCoverage="100" maxCyclomaticComplexity="1" minCyclomaticComplexity="1" visitedClasses="0" numClasses="0" visitedMethods="1" numMethods="1" />
              <MetadataToken>100664385</MetadataToken>
              <Name>System.Guid SportsWeb.Services.DomainModel.Commands.UpdatePitchCommand::get_Id()</Name>
              <FileRef uid="170" />
              <SequencePoints>
                <SequencePoint vc="3" uspid="7044" ordinal="0" offset="0" sl="9" sc="26" el="9" ec="30" bec="0" bev="0" fileid="170" />
              </SequencePoints>
              <BranchPoints />
              <MethodPoint xsi:type="SequencePoint" vc="3" uspid="7044" ordinal="0" offset="0" sl="9" sc="26" el="9" ec="30" bec="0" bev="0" fileid="170" />
            </Method>
            <Method visited="true" cyclomaticComplexity="1" nPathComplexity="0" sequenceCoverage="100" branchCoverage="100" isConstructor="false" isStatic="false" isGetter="false" isSetter="true">
              <Summary numSequencePoints="1" visitedSequencePoints="1" numBranchPoints="1" visitedBranchPoints="1" sequenceCoverage="100" branchCoverage="100" maxCyclomaticComplexity="1" minCyclomaticComplexity="1" visitedClasses="0" numClasses="0" visitedMethods="1" numMethods="1" />
              <MetadataToken>100664386</MetadataToken>
              <Name>System.Void SportsWeb.Services.DomainModel.Commands.UpdatePitchCommand::set_Id(System.Guid)</Name>
              <FileRef uid="170" />
              <SequencePoints>
                <SequencePoint vc="3" uspid="7045" ordinal="0" offset="0" sl="9" sc="31" el="9" ec="35" bec="0" bev="0" fileid="170" />
              </SequencePoints>
              <BranchPoints />
              <MethodPoint xsi:type="SequencePoint" vc="3" uspid="7045" ordinal="0" offset="0" sl="9" sc="31" el="9" ec="35" bec="0" bev="0" fileid="170" />
            </Method>
            <Method visited="true" cyclomaticComplexity="1" nPathComplexity="0" sequenceCoverage="100" branchCoverage="100" isConstructor="false" isStatic="false" isGetter="true" isSetter="false">
              <Summary numSequencePoints="1" visitedSequencePoints="1" numBranchPoints="1" visitedBranchPoints="1" sequenceCoverage="100" branchCoverage="100" maxCyclomaticComplexity="1" minCyclomaticComplexity="1" visitedClasses="0" numClasses="0" visitedMethods="1" numMethods="1" />
              <MetadataToken>100664387</MetadataToken>
              <Name>System.String SportsWeb.Services.DomainModel.Commands.UpdatePitchCommand::get_Name()</Name>
              <FileRef uid="170" />
              <SequencePoints>
                <SequencePoint vc="3" uspid="7046" ordinal="0" offset="0" sl="11" sc="30" el="11" ec="34" bec="0" bev="0" fileid="170" />
              </SequencePoints>
              <BranchPoints />
              <MethodPoint xsi:type="SequencePoint" vc="3" uspid="7046" ordinal="0" offset="0" sl="11" sc="30" el="11" ec="34" bec="0" bev="0" fileid="170" />
            </Method>
            <Method visited="true" cyclomaticComplexity="1" nPathComplexity="0" sequenceCoverage="100" branchCoverage="100" isConstructor="false" isStatic="false" isGetter="false" isSetter="true">
              <Summary numSequencePoints="1" visitedSequencePoints="1" numBranchPoints="1" visitedBranchPoints="1" sequenceCoverage="100" branchCoverage="100" maxCyclomaticComplexity="1" minCyclomaticComplexity="1" visitedClasses="0" numClasses="0" visitedMethods="1" numMethods="1" />
              <MetadataToken>100664388</MetadataToken>
              <Name>System.Void SportsWeb.Services.DomainModel.Commands.UpdatePitchCommand::set_Name(System.String)</Name>
              <FileRef uid="170" />
              <SequencePoints>
                <SequencePoint vc="3" uspid="7047" ordinal="0" offset="0" sl="11" sc="35" el="11" ec="39" bec="0" bev="0" fileid="170" />
              </SequencePoints>
              <BranchPoints />
              <MethodPoint xsi:type="SequencePoint" vc="3" uspid="7047" ordinal="0" offset="0" sl="11" sc="35" el="11" ec="39" bec="0" bev="0" fileid="170" />
            </Method>
            <Method visited="true" cyclomaticComplexity="1" nPathComplexity="0" sequenceCoverage="100" branchCoverage="100" isConstructor="false" isStatic="false" isGetter="true" isSetter="false">
              <Summary numSequencePoints="1" visitedSequencePoints="1" numBranchPoints="1" visitedBranchPoints="1" sequenceCoverage="100" branchCoverage="100" maxCyclomaticComplexity="1" minCyclomaticComplexity="1" visitedClasses="0" numClasses="0" visitedMethods="1" numMethods="1" />
              <MetadataToken>100664389</MetadataToken>
              <Name>System.String SportsWeb.Services.DomainModel.Commands.UpdatePitchCommand::get_Comment()</Name>
              <FileRef uid="170" />
              <SequencePoints>
                <SequencePoint vc="1" uspid="7048" ordinal="0" offset="0" sl="13" sc="33" el="13" ec="37" bec="0" bev="0" fileid="170" />
              </SequencePoints>
              <BranchPoints />
              <MethodPoint xsi:type="SequencePoint" vc="1" uspid="7048" ordinal="0" offset="0" sl="13" sc="33" el="13" ec="37" bec="0" bev="0" fileid="170" />
            </Method>
            <Method visited="true" cyclomaticComplexity="1" nPathComplexity="0" sequenceCoverage="100" branchCoverage="100" isConstructor="false" isStatic="false" isGetter="false" isSetter="true">
              <Summary numSequencePoints="1" visitedSequencePoints="1" numBranchPoints="1" visitedBranchPoints="1" sequenceCoverage="100" branchCoverage="100" maxCyclomaticComplexity="1" minCyclomaticComplexity="1" visitedClasses="0" numClasses="0" visitedMethods="1" numMethods="1" />
              <MetadataToken>100664390</MetadataToken>
              <Name>System.Void SportsWeb.Services.DomainModel.Commands.UpdatePitchCommand::set_Comment(System.String)</Name>
              <FileRef uid="170" />
              <SequencePoints>
                <SequencePoint vc="3" uspid="7049" ordinal="0" offset="0" sl="13" sc="38" el="13" ec="42" bec="0" bev="0" fileid="170" />
              </SequencePoints>
              <BranchPoints />
              <MethodPoint xsi:type="SequencePoint" vc="3" uspid="7049" ordinal="0" offset="0" sl="13" sc="38" el="13" ec="42" bec="0" bev="0" fileid="170" />
            </Method>
            <Method visited="true" cyclomaticComplexity="1" nPathComplexity="0" sequenceCoverage="100" branchCoverage="100" isConstructor="false" isStatic="false" isGetter="true" isSetter="false">
              <Summary numSequencePoints="1" visitedSequencePoints="1" numBranchPoints="1" visitedBranchPoints="1" sequenceCoverage="100" branchCoverage="100" maxCyclomaticComplexity="1" minCyclomaticComplexity="1" visitedClasses="0" numClasses="0" visitedMethods="1" numMethods="1" />
              <MetadataToken>100664391</MetadataToken>
              <Name>SportsWeb.Entities.PitchType SportsWeb.Services.DomainModel.Commands.UpdatePitchCommand::get_PitchType()</Name>
              <FileRef uid="170" />
              <SequencePoints>
                <SequencePoint vc="1" uspid="7050" ordinal="0" offset="0" sl="15" sc="38" el="15" ec="42" bec="0" bev="0" fileid="170" />
              </SequencePoints>
              <BranchPoints />
              <MethodPoint xsi:type="SequencePoint" vc="1" uspid="7050" ordinal="0" offset="0" sl="15" sc="38" el="15" ec="42" bec="0" bev="0" fileid="170" />
            </Method>
            <Method visited="true" cyclomaticComplexity="1" nPathComplexity="0" sequenceCoverage="100" branchCoverage="100" isConstructor="false" isStatic="false" isGetter="false" isSetter="true">
              <Summary numSequencePoints="1" visitedSequencePoints="1" numBranchPoints="1" visitedBranchPoints="1" sequenceCoverage="100" branchCoverage="100" maxCyclomaticComplexity="1" minCyclomaticComplexity="1" visitedClasses="0" numClasses="0" visitedMethods="1" numMethods="1" />
              <MetadataToken>100664392</MetadataToken>
              <Name>System.Void SportsWeb.Services.DomainModel.Commands.UpdatePitchCommand::set_PitchType(SportsWeb.Entities.PitchType)</Name>
              <FileRef uid="170" />
              <SequencePoints>
                <SequencePoint vc="3" uspid="7051" ordinal="0" offset="0" sl="15" sc="43" el="15" ec="47" bec="0" bev="0" fileid="170" />
              </SequencePoints>
              <BranchPoints />
              <MethodPoint xsi:type="SequencePoint" vc="3" uspid="7051" ordinal="0" offset="0" sl="15" sc="43" el="15" ec="47" bec="0" bev="0" fileid="170" />
            </Method>
            <Method visited="true" cyclomaticComplexity="1" nPathComplexity="0" sequenceCoverage="100" branchCoverage="100" isConstructor="false" isStatic="false" isGetter="true" isSetter="false">
              <Summary numSequencePoints="1" visitedSequencePoints="1" numBranchPoints="1" visitedBranchPoints="1" sequenceCoverage="100" branchCoverage="100" maxCyclomaticComplexity="1" minCyclomaticComplexity="1" visitedClasses="0" numClasses="0" visitedMethods="1" numMethods="1" />
              <MetadataToken>100664393</MetadataToken>
              <Name>System.String SportsWeb.Services.DomainModel.Commands.UpdatePitchCommand::get_NodeId()</Name>
              <FileRef uid="170" />
              <SequencePoints>
                <SequencePoint vc="2" uspid="7052" ordinal="0" offset="0" sl="20" sc="32" el="20" ec="36" bec="0" bev="0" fileid="170" />
              </SequencePoints>
              <BranchPoints />
              <MethodPoint xsi:type="SequencePoint" vc="2" uspid="7052" ordinal="0" offset="0" sl="20" sc="32" el="20" ec="36" bec="0" bev="0" fileid="170" />
            </Method>
            <Method visited="true" cyclomaticComplexity="1" nPathComplexity="0" sequenceCoverage="100" branchCoverage="100" isConstructor="false" isStatic="false" isGetter="false" isSetter="true">
              <Summary numSequencePoints="1" visitedSequencePoints="1" numBranchPoints="1" visitedBranchPoints="1" sequenceCoverage="100" branchCoverage="100" maxCyclomaticComplexity="1" minCyclomaticComplexity="1" visitedClasses="0" numClasses="0" visitedMethods="1" numMethods="1" />
              <MetadataToken>100664394</MetadataToken>
              <Name>System.Void SportsWeb.Services.DomainModel.Commands.UpdatePitchCommand::set_NodeId(System.String)</Name>
              <FileRef uid="170" />
              <SequencePoints>
                <SequencePoint vc="2" uspid="7053" ordinal="0" offset="0" sl="20" sc="37" el="20" ec="41" bec="0" bev="0" fileid="170" />
              </SequencePoints>
              <BranchPoints />
              <MethodPoint xsi:type="SequencePoint" vc="2" uspid="7053" ordinal="0" offset="0" sl="20" sc="37" el="20" ec="41" bec="0" bev="0" fileid="170" />
            </Method>
            <Method visited="true" cyclomaticComplexity="1" nPathComplexity="0" sequenceCoverage="100" branchCoverage="100" isConstructor="false" isStatic="false" isGetter="true" isSetter="false">
              <Summary numSequencePoints="1" visitedSequencePoints="1" numBranchPoints="1" visitedBranchPoints="1" sequenceCoverage="100" branchCoverage="100" maxCyclomaticComplexity="1" minCyclomaticComplexity="1" visitedClasses="0" numClasses="0" visitedMethods="1" numMethods="1" />
              <MetadataToken>100664395</MetadataToken>
              <Name>System.Boolean SportsWeb.Services.DomainModel.Commands.UpdatePitchCommand::get_HalfFieldControl()</Name>
              <FileRef uid="170" />
              <SequencePoints>
                <SequencePoint vc="1" uspid="7054" ordinal="0" offset="0" sl="22" sc="40" el="22" ec="44" bec="0" bev="0" fileid="170" />
              </SequencePoints>
              <BranchPoints />
              <MethodPoint xsi:type="SequencePoint" vc="1" uspid="7054" ordinal="0" offset="0" sl="22" sc="40" el="22" ec="44" bec="0" bev="0" fileid="170" />
            </Method>
            <Method visited="true" cyclomaticComplexity="1" nPathComplexity="0" sequenceCoverage="100" branchCoverage="100" isConstructor="false" isStatic="false" isGetter="false" isSetter="true">
              <Summary numSequencePoints="1" visitedSequencePoints="1" numBranchPoints="1" visitedBranchPoints="1" sequenceCoverage="100" branchCoverage="100" maxCyclomaticComplexity="1" minCyclomaticComplexity="1" visitedClasses="0" numClasses="0" visitedMethods="1" numMethods="1" />
              <MetadataToken>100664396</MetadataToken>
              <Name>System.Void SportsWeb.Services.DomainModel.Commands.UpdatePitchCommand::set_HalfFieldControl(System.Boolean)</Name>
              <FileRef uid="170" />
              <SequencePoints>
                <SequencePoint vc="2" uspid="7055" ordinal="0" offset="0" sl="22" sc="45" el="22" ec="49" bec="0" bev="0" fileid="170" />
              </SequencePoints>
              <BranchPoints />
              <MethodPoint xsi:type="SequencePoint" vc="2" uspid="7055" ordinal="0" offset="0" sl="22" sc="45" el="22" ec="49" bec="0" bev="0" fileid="170" />
            </Method>
            <Method visited="true" cyclomaticComplexity="1" nPathComplexity="0" sequenceCoverage="0" branchCoverage="0" isConstructor="true" isStatic="false" isGetter="false" isSetter="false">
              <Summary numSequencePoints="0" visitedSequencePoints="0" numBranchPoints="0" visitedBranchPoints="0" sequenceCoverage="0" branchCoverage="0" maxCyclomaticComplexity="1" minCyclomaticComplexity="1" visitedClasses="0" numClasses="0" visitedMethods="0" numMethods="0" />
              <MetadataToken>100664397</MetadataToken>
              <Name>System.Void SportsWeb.Services.DomainModel.Commands.UpdatePitchCommand::.ctor()</Name>
              <SequencePoints />
              <BranchPoints />
              <MethodPoint vc="3" uspid="7056" ordinal="0" offset="0" />
            </Method>
          </Methods>
        </Class>
        <Class>
          <Summary numSequencePoints="10" visitedSequencePoints="7" numBranchPoints="10" visitedBranchPoints="7" sequenceCoverage="70" branchCoverage="70" maxCyclomaticComplexity="1" minCyclomaticComplexity="1" visitedClasses="1" numClasses="1" visitedMethods="7" numMethods="10" />
          <FullName>SportsWeb.Services.DomainModel.Commands.UpdateSiteCommand</FullName>
          <Methods>
            <Method visited="false" cyclomaticComplexity="1" nPathComplexity="0" sequenceCoverage="0" branchCoverage="0" isConstructor="false" isStatic="false" isGetter="true" isSetter="false">
              <Summary numSequencePoints="1" visitedSequencePoints="0" numBranchPoints="1" visitedBranchPoints="0" sequenceCoverage="0" branchCoverage="0" maxCyclomaticComplexity="1" minCyclomaticComplexity="1" visitedClasses="0" numClasses="0" visitedMethods="0" numMethods="1" />
              <MetadataToken>100664398</MetadataToken>
              <Name>System.Guid SportsWeb.Services.DomainModel.Commands.UpdateSiteCommand::get_Id()</Name>
              <FileRef uid="171" />
              <SequencePoints>
                <SequencePoint vc="0" uspid="7057" ordinal="0" offset="0" sl="10" sc="26" el="10" ec="30" bec="0" bev="0" fileid="171" />
              </SequencePoints>
              <BranchPoints />
              <MethodPoint xsi:type="SequencePoint" vc="0" uspid="7057" ordinal="0" offset="0" sl="10" sc="26" el="10" ec="30" bec="0" bev="0" fileid="171" />
            </Method>
            <Method visited="true" cyclomaticComplexity="1" nPathComplexity="0" sequenceCoverage="100" branchCoverage="100" isConstructor="false" isStatic="false" isGetter="false" isSetter="true">
              <Summary numSequencePoints="1" visitedSequencePoints="1" numBranchPoints="1" visitedBranchPoints="1" sequenceCoverage="100" branchCoverage="100" maxCyclomaticComplexity="1" minCyclomaticComplexity="1" visitedClasses="0" numClasses="0" visitedMethods="1" numMethods="1" />
              <MetadataToken>100664399</MetadataToken>
              <Name>System.Void SportsWeb.Services.DomainModel.Commands.UpdateSiteCommand::set_Id(System.Guid)</Name>
              <FileRef uid="171" />
              <SequencePoints>
                <SequencePoint vc="2" uspid="7058" ordinal="0" offset="0" sl="10" sc="31" el="10" ec="35" bec="0" bev="0" fileid="171" />
              </SequencePoints>
              <BranchPoints />
              <MethodPoint xsi:type="SequencePoint" vc="2" uspid="7058" ordinal="0" offset="0" sl="10" sc="31" el="10" ec="35" bec="0" bev="0" fileid="171" />
            </Method>
            <Method visited="true" cyclomaticComplexity="1" nPathComplexity="0" sequenceCoverage="100" branchCoverage="100" isConstructor="false" isStatic="false" isGetter="true" isSetter="false">
              <Summary numSequencePoints="1" visitedSequencePoints="1" numBranchPoints="1" visitedBranchPoints="1" sequenceCoverage="100" branchCoverage="100" maxCyclomaticComplexity="1" minCyclomaticComplexity="1" visitedClasses="0" numClasses="0" visitedMethods="1" numMethods="1" />
              <MetadataToken>100664400</MetadataToken>
              <Name>System.String SportsWeb.Services.DomainModel.Commands.UpdateSiteCommand::get_Name()</Name>
              <FileRef uid="171" />
              <SequencePoints>
                <SequencePoint vc="1" uspid="7059" ordinal="0" offset="0" sl="12" sc="30" el="12" ec="34" bec="0" bev="0" fileid="171" />
              </SequencePoints>
              <BranchPoints />
              <MethodPoint xsi:type="SequencePoint" vc="1" uspid="7059" ordinal="0" offset="0" sl="12" sc="30" el="12" ec="34" bec="0" bev="0" fileid="171" />
            </Method>
            <Method visited="true" cyclomaticComplexity="1" nPathComplexity="0" sequenceCoverage="100" branchCoverage="100" isConstructor="false" isStatic="false" isGetter="false" isSetter="true">
              <Summary numSequencePoints="1" visitedSequencePoints="1" numBranchPoints="1" visitedBranchPoints="1" sequenceCoverage="100" branchCoverage="100" maxCyclomaticComplexity="1" minCyclomaticComplexity="1" visitedClasses="0" numClasses="0" visitedMethods="1" numMethods="1" />
              <MetadataToken>100664401</MetadataToken>
              <Name>System.Void SportsWeb.Services.DomainModel.Commands.UpdateSiteCommand::set_Name(System.String)</Name>
              <FileRef uid="171" />
              <SequencePoints>
                <SequencePoint vc="2" uspid="7060" ordinal="0" offset="0" sl="12" sc="35" el="12" ec="39" bec="0" bev="0" fileid="171" />
              </SequencePoints>
              <BranchPoints />
              <MethodPoint xsi:type="SequencePoint" vc="2" uspid="7060" ordinal="0" offset="0" sl="12" sc="35" el="12" ec="39" bec="0" bev="0" fileid="171" />
            </Method>
            <Method visited="true" cyclomaticComplexity="1" nPathComplexity="0" sequenceCoverage="100" branchCoverage="100" isConstructor="false" isStatic="false" isGetter="true" isSetter="false">
              <Summary numSequencePoints="1" visitedSequencePoints="1" numBranchPoints="1" visitedBranchPoints="1" sequenceCoverage="100" branchCoverage="100" maxCyclomaticComplexity="1" minCyclomaticComplexity="1" visitedClasses="0" numClasses="0" visitedMethods="1" numMethods="1" />
              <MetadataToken>100664402</MetadataToken>
              <Name>System.String SportsWeb.Services.DomainModel.Commands.UpdateSiteCommand::get_Comment()</Name>
              <FileRef uid="171" />
              <SequencePoints>
                <SequencePoint vc="1" uspid="7061" ordinal="0" offset="0" sl="14" sc="33" el="14" ec="37" bec="0" bev="0" fileid="171" />
              </SequencePoints>
              <BranchPoints />
              <MethodPoint xsi:type="SequencePoint" vc="1" uspid="7061" ordinal="0" offset="0" sl="14" sc="33" el="14" ec="37" bec="0" bev="0" fileid="171" />
            </Method>
            <Method visited="true" cyclomaticComplexity="1" nPathComplexity="0" sequenceCoverage="100" branchCoverage="100" isConstructor="false" isStatic="false" isGetter="false" isSetter="true">
              <Summary numSequencePoints="1" visitedSequencePoints="1" numBranchPoints="1" visitedBranchPoints="1" sequenceCoverage="100" branchCoverage="100" maxCyclomaticComplexity="1" minCyclomaticComplexity="1" visitedClasses="0" numClasses="0" visitedMethods="1" numMethods="1" />
              <MetadataToken>100664403</MetadataToken>
              <Name>System.Void SportsWeb.Services.DomainModel.Commands.UpdateSiteCommand::set_Comment(System.String)</Name>
              <FileRef uid="171" />
              <SequencePoints>
                <SequencePoint vc="2" uspid="7062" ordinal="0" offset="0" sl="14" sc="38" el="14" ec="42" bec="0" bev="0" fileid="171" />
              </SequencePoints>
              <BranchPoints />
              <MethodPoint xsi:type="SequencePoint" vc="2" uspid="7062" ordinal="0" offset="0" sl="14" sc="38" el="14" ec="42" bec="0" bev="0" fileid="171" />
            </Method>
            <Method visited="false" cyclomaticComplexity="1" nPathComplexity="0" sequenceCoverage="0" branchCoverage="0" isConstructor="false" isStatic="false" isGetter="true" isSetter="false">
              <Summary numSequencePoints="1" visitedSequencePoints="0" numBranchPoints="1" visitedBranchPoints="0" sequenceCoverage="0" branchCoverage="0" maxCyclomaticComplexity="1" minCyclomaticComplexity="1" visitedClasses="0" numClasses="0" visitedMethods="0" numMethods="1" />
              <MetadataToken>100664404</MetadataToken>
              <Name>System.String SportsWeb.Services.DomainModel.Commands.UpdateSiteCommand::get_NodeId()</Name>
              <FileRef uid="171" />
              <SequencePoints>
                <SequencePoint vc="0" uspid="7063" ordinal="0" offset="0" sl="19" sc="32" el="19" ec="36" bec="0" bev="0" fileid="171" />
              </SequencePoints>
              <BranchPoints />
              <MethodPoint xsi:type="SequencePoint" vc="0" uspid="7063" ordinal="0" offset="0" sl="19" sc="32" el="19" ec="36" bec="0" bev="0" fileid="171" />
            </Method>
            <Method visited="true" cyclomaticComplexity="1" nPathComplexity="0" sequenceCoverage="100" branchCoverage="100" isConstructor="false" isStatic="false" isGetter="false" isSetter="true">
              <Summary numSequencePoints="1" visitedSequencePoints="1" numBranchPoints="1" visitedBranchPoints="1" sequenceCoverage="100" branchCoverage="100" maxCyclomaticComplexity="1" minCyclomaticComplexity="1" visitedClasses="0" numClasses="0" visitedMethods="1" numMethods="1" />
              <MetadataToken>100664405</MetadataToken>
              <Name>System.Void SportsWeb.Services.DomainModel.Commands.UpdateSiteCommand::set_NodeId(System.String)</Name>
              <FileRef uid="171" />
              <SequencePoints>
                <SequencePoint vc="2" uspid="7064" ordinal="0" offset="0" sl="19" sc="37" el="19" ec="41" bec="0" bev="0" fileid="171" />
              </SequencePoints>
              <BranchPoints />
              <MethodPoint xsi:type="SequencePoint" vc="2" uspid="7064" ordinal="0" offset="0" sl="19" sc="37" el="19" ec="41" bec="0" bev="0" fileid="171" />
            </Method>
            <Method visited="false" cyclomaticComplexity="1" nPathComplexity="0" sequenceCoverage="0" branchCoverage="0" isConstructor="false" isStatic="false" isGetter="true" isSetter="false">
              <Summary numSequencePoints="1" visitedSequencePoints="0" numBranchPoints="1" visitedBranchPoints="0" sequenceCoverage="0" branchCoverage="0" maxCyclomaticComplexity="1" minCyclomaticComplexity="1" visitedClasses="0" numClasses="0" visitedMethods="0" numMethods="1" />
              <MetadataToken>100664406</MetadataToken>
              <Name>System.Collections.Generic.List`1&lt;SportsWeb.Entities.AppPermissions&gt; SportsWeb.Services.DomainModel.Commands.UpdateSiteCommand::get_AppPermissions()</Name>
              <FileRef uid="171" />
              <SequencePoints>
                <SequencePoint vc="0" uspid="7065" ordinal="0" offset="0" sl="20" sc="54" el="20" ec="58" bec="0" bev="0" fileid="171" />
              </SequencePoints>
              <BranchPoints />
              <MethodPoint xsi:type="SequencePoint" vc="0" uspid="7065" ordinal="0" offset="0" sl="20" sc="54" el="20" ec="58" bec="0" bev="0" fileid="171" />
            </Method>
            <Method visited="true" cyclomaticComplexity="1" nPathComplexity="0" sequenceCoverage="100" branchCoverage="100" isConstructor="false" isStatic="false" isGetter="false" isSetter="true">
              <Summary numSequencePoints="1" visitedSequencePoints="1" numBranchPoints="1" visitedBranchPoints="1" sequenceCoverage="100" branchCoverage="100" maxCyclomaticComplexity="1" minCyclomaticComplexity="1" visitedClasses="0" numClasses="0" visitedMethods="1" numMethods="1" />
              <MetadataToken>100664407</MetadataToken>
              <Name>System.Void SportsWeb.Services.DomainModel.Commands.UpdateSiteCommand::set_AppPermissions(System.Collections.Generic.List`1&lt;SportsWeb.Entities.AppPermissions&gt;)</Name>
              <FileRef uid="171" />
              <SequencePoints>
                <SequencePoint vc="2" uspid="7066" ordinal="0" offset="0" sl="20" sc="59" el="20" ec="63" bec="0" bev="0" fileid="171" />
              </SequencePoints>
              <BranchPoints />
              <MethodPoint xsi:type="SequencePoint" vc="2" uspid="7066" ordinal="0" offset="0" sl="20" sc="59" el="20" ec="63" bec="0" bev="0" fileid="171" />
            </Method>
            <Method visited="true" cyclomaticComplexity="1" nPathComplexity="0" sequenceCoverage="0" branchCoverage="0" isConstructor="true" isStatic="false" isGetter="false" isSetter="false">
              <Summary numSequencePoints="0" visitedSequencePoints="0" numBranchPoints="0" visitedBranchPoints="0" sequenceCoverage="0" branchCoverage="0" maxCyclomaticComplexity="1" minCyclomaticComplexity="1" visitedClasses="0" numClasses="0" visitedMethods="0" numMethods="0" />
              <MetadataToken>100664408</MetadataToken>
              <Name>System.Void SportsWeb.Services.DomainModel.Commands.UpdateSiteCommand::.ctor()</Name>
              <SequencePoints />
              <BranchPoints />
              <MethodPoint vc="2" uspid="7067" ordinal="0" offset="0" />
            </Method>
          </Methods>
        </Class>
        <Class>
          <Summary numSequencePoints="6" visitedSequencePoints="6" numBranchPoints="6" visitedBranchPoints="6" sequenceCoverage="100" branchCoverage="100" maxCyclomaticComplexity="1" minCyclomaticComplexity="1" visitedClasses="1" numClasses="1" visitedMethods="6" numMethods="6" />
          <FullName>SportsWeb.Services.DomainModel.Commands.UpdateSceneSettingsForSite</FullName>
          <Methods>
            <Method visited="true" cyclomaticComplexity="1" nPathComplexity="0" sequenceCoverage="100" branchCoverage="100" isConstructor="false" isStatic="false" isGetter="true" isSetter="false">
              <Summary numSequencePoints="1" visitedSequencePoints="1" numBranchPoints="1" visitedBranchPoints="1" sequenceCoverage="100" branchCoverage="100" maxCyclomaticComplexity="1" minCyclomaticComplexity="1" visitedClasses="0" numClasses="0" visitedMethods="1" numMethods="1" />
              <MetadataToken>100664409</MetadataToken>
              <Name>System.Guid SportsWeb.Services.DomainModel.Commands.UpdateSceneSettingsForSite::get_Id()</Name>
              <FileRef uid="172" />
              <SequencePoints>
                <SequencePoint vc="1" uspid="7068" ordinal="0" offset="0" sl="8" sc="26" el="8" ec="30" bec="0" bev="0" fileid="172" />
              </SequencePoints>
              <BranchPoints />
              <MethodPoint xsi:type="SequencePoint" vc="1" uspid="7068" ordinal="0" offset="0" sl="8" sc="26" el="8" ec="30" bec="0" bev="0" fileid="172" />
            </Method>
            <Method visited="true" cyclomaticComplexity="1" nPathComplexity="0" sequenceCoverage="100" branchCoverage="100" isConstructor="false" isStatic="false" isGetter="false" isSetter="true">
              <Summary numSequencePoints="1" visitedSequencePoints="1" numBranchPoints="1" visitedBranchPoints="1" sequenceCoverage="100" branchCoverage="100" maxCyclomaticComplexity="1" minCyclomaticComplexity="1" visitedClasses="0" numClasses="0" visitedMethods="1" numMethods="1" />
              <MetadataToken>100664410</MetadataToken>
              <Name>System.Void SportsWeb.Services.DomainModel.Commands.UpdateSceneSettingsForSite::set_Id(System.Guid)</Name>
              <FileRef uid="172" />
              <SequencePoints>
                <SequencePoint vc="2" uspid="7069" ordinal="0" offset="0" sl="8" sc="31" el="8" ec="35" bec="0" bev="0" fileid="172" />
              </SequencePoints>
              <BranchPoints />
              <MethodPoint xsi:type="SequencePoint" vc="2" uspid="7069" ordinal="0" offset="0" sl="8" sc="31" el="8" ec="35" bec="0" bev="0" fileid="172" />
            </Method>
            <Method visited="true" cyclomaticComplexity="1" nPathComplexity="0" sequenceCoverage="100" branchCoverage="100" isConstructor="false" isStatic="false" isGetter="true" isSetter="false">
              <Summary numSequencePoints="1" visitedSequencePoints="1" numBranchPoints="1" visitedBranchPoints="1" sequenceCoverage="100" branchCoverage="100" maxCyclomaticComplexity="1" minCyclomaticComplexity="1" visitedClasses="0" numClasses="0" visitedMethods="1" numMethods="1" />
              <MetadataToken>100664411</MetadataToken>
              <Name>System.Int32 SportsWeb.Services.DomainModel.Commands.UpdateSceneSettingsForSite::get_PerfectPlayScene()</Name>
              <FileRef uid="172" />
              <SequencePoints>
                <SequencePoint vc="2" uspid="7070" ordinal="0" offset="0" sl="9" sc="39" el="9" ec="43" bec="0" bev="0" fileid="172" />
              </SequencePoints>
              <BranchPoints />
              <MethodPoint xsi:type="SequencePoint" vc="2" uspid="7070" ordinal="0" offset="0" sl="9" sc="39" el="9" ec="43" bec="0" bev="0" fileid="172" />
            </Method>
            <Method visited="true" cyclomaticComplexity="1" nPathComplexity="0" sequenceCoverage="100" branchCoverage="100" isConstructor="false" isStatic="false" isGetter="false" isSetter="true">
              <Summary numSequencePoints="1" visitedSequencePoints="1" numBranchPoints="1" visitedBranchPoints="1" sequenceCoverage="100" branchCoverage="100" maxCyclomaticComplexity="1" minCyclomaticComplexity="1" visitedClasses="0" numClasses="0" visitedMethods="1" numMethods="1" />
              <MetadataToken>100664412</MetadataToken>
              <Name>System.Void SportsWeb.Services.DomainModel.Commands.UpdateSceneSettingsForSite::set_PerfectPlayScene(System.Int32)</Name>
              <FileRef uid="172" />
              <SequencePoints>
                <SequencePoint vc="2" uspid="7071" ordinal="0" offset="0" sl="9" sc="44" el="9" ec="48" bec="0" bev="0" fileid="172" />
              </SequencePoints>
              <BranchPoints />
              <MethodPoint xsi:type="SequencePoint" vc="2" uspid="7071" ordinal="0" offset="0" sl="9" sc="44" el="9" ec="48" bec="0" bev="0" fileid="172" />
            </Method>
            <Method visited="true" cyclomaticComplexity="1" nPathComplexity="0" sequenceCoverage="100" branchCoverage="100" isConstructor="false" isStatic="false" isGetter="true" isSetter="false">
              <Summary numSequencePoints="1" visitedSequencePoints="1" numBranchPoints="1" visitedBranchPoints="1" sequenceCoverage="100" branchCoverage="100" maxCyclomaticComplexity="1" minCyclomaticComplexity="1" visitedClasses="0" numClasses="0" visitedMethods="1" numMethods="1" />
              <MetadataToken>100664413</MetadataToken>
              <Name>System.Int32 SportsWeb.Services.DomainModel.Commands.UpdateSceneSettingsForSite::get_CodedMainsScene()</Name>
              <FileRef uid="172" />
              <SequencePoints>
                <SequencePoint vc="2" uspid="7072" ordinal="0" offset="0" sl="10" sc="38" el="10" ec="42" bec="0" bev="0" fileid="172" />
              </SequencePoints>
              <BranchPoints />
              <MethodPoint xsi:type="SequencePoint" vc="2" uspid="7072" ordinal="0" offset="0" sl="10" sc="38" el="10" ec="42" bec="0" bev="0" fileid="172" />
            </Method>
            <Method visited="true" cyclomaticComplexity="1" nPathComplexity="0" sequenceCoverage="100" branchCoverage="100" isConstructor="false" isStatic="false" isGetter="false" isSetter="true">
              <Summary numSequencePoints="1" visitedSequencePoints="1" numBranchPoints="1" visitedBranchPoints="1" sequenceCoverage="100" branchCoverage="100" maxCyclomaticComplexity="1" minCyclomaticComplexity="1" visitedClasses="0" numClasses="0" visitedMethods="1" numMethods="1" />
              <MetadataToken>100664414</MetadataToken>
              <Name>System.Void SportsWeb.Services.DomainModel.Commands.UpdateSceneSettingsForSite::set_CodedMainsScene(System.Int32)</Name>
              <FileRef uid="172" />
              <SequencePoints>
                <SequencePoint vc="2" uspid="7073" ordinal="0" offset="0" sl="10" sc="43" el="10" ec="47" bec="0" bev="0" fileid="172" />
              </SequencePoints>
              <BranchPoints />
              <MethodPoint xsi:type="SequencePoint" vc="2" uspid="7073" ordinal="0" offset="0" sl="10" sc="43" el="10" ec="47" bec="0" bev="0" fileid="172" />
            </Method>
            <Method visited="true" cyclomaticComplexity="1" nPathComplexity="0" sequenceCoverage="0" branchCoverage="0" isConstructor="true" isStatic="false" isGetter="false" isSetter="false">
              <Summary numSequencePoints="0" visitedSequencePoints="0" numBranchPoints="0" visitedBranchPoints="0" sequenceCoverage="0" branchCoverage="0" maxCyclomaticComplexity="1" minCyclomaticComplexity="1" visitedClasses="0" numClasses="0" visitedMethods="0" numMethods="0" />
              <MetadataToken>100664415</MetadataToken>
              <Name>System.Void SportsWeb.Services.DomainModel.Commands.UpdateSceneSettingsForSite::.ctor()</Name>
              <SequencePoints />
              <BranchPoints />
              <MethodPoint vc="2" uspid="7074" ordinal="0" offset="0" />
            </Method>
          </Methods>
        </Class>
        <Class>
          <Summary numSequencePoints="4" visitedSequencePoints="4" numBranchPoints="4" visitedBranchPoints="4" sequenceCoverage="100" branchCoverage="100" maxCyclomaticComplexity="1" minCyclomaticComplexity="1" visitedClasses="1" numClasses="1" visitedMethods="4" numMethods="4" />
          <FullName>SportsWeb.Services.DomainModel.Commands.UpdateStateCommand</FullName>
          <Methods>
            <Method visited="true" cyclomaticComplexity="1" nPathComplexity="0" sequenceCoverage="100" branchCoverage="100" isConstructor="false" isStatic="false" isGetter="true" isSetter="false">
              <Summary numSequencePoints="1" visitedSequencePoints="1" numBranchPoints="1" visitedBranchPoints="1" sequenceCoverage="100" branchCoverage="100" maxCyclomaticComplexity="1" minCyclomaticComplexity="1" visitedClasses="0" numClasses="0" visitedMethods="1" numMethods="1" />
              <MetadataToken>100664416</MetadataToken>
              <Name>System.Guid SportsWeb.Services.DomainModel.Commands.UpdateStateCommand::get_Id()</Name>
              <FileRef uid="173" />
              <SequencePoints>
                <SequencePoint vc="5" uspid="7075" ordinal="0" offset="0" sl="9" sc="26" el="9" ec="30" bec="0" bev="0" fileid="173" />
              </SequencePoints>
              <BranchPoints />
              <MethodPoint xsi:type="SequencePoint" vc="5" uspid="7075" ordinal="0" offset="0" sl="9" sc="26" el="9" ec="30" bec="0" bev="0" fileid="173" />
            </Method>
            <Method visited="true" cyclomaticComplexity="1" nPathComplexity="0" sequenceCoverage="100" branchCoverage="100" isConstructor="false" isStatic="false" isGetter="false" isSetter="true">
              <Summary numSequencePoints="1" visitedSequencePoints="1" numBranchPoints="1" visitedBranchPoints="1" sequenceCoverage="100" branchCoverage="100" maxCyclomaticComplexity="1" minCyclomaticComplexity="1" visitedClasses="0" numClasses="0" visitedMethods="1" numMethods="1" />
              <MetadataToken>100664417</MetadataToken>
              <Name>System.Void SportsWeb.Services.DomainModel.Commands.UpdateStateCommand::set_Id(System.Guid)</Name>
              <FileRef uid="173" />
              <SequencePoints>
                <SequencePoint vc="2" uspid="7076" ordinal="0" offset="0" sl="9" sc="31" el="9" ec="35" bec="0" bev="0" fileid="173" />
              </SequencePoints>
              <BranchPoints />
              <MethodPoint xsi:type="SequencePoint" vc="2" uspid="7076" ordinal="0" offset="0" sl="9" sc="31" el="9" ec="35" bec="0" bev="0" fileid="173" />
            </Method>
            <Method visited="true" cyclomaticComplexity="1" nPathComplexity="0" sequenceCoverage="100" branchCoverage="100" isConstructor="false" isStatic="false" isGetter="true" isSetter="false">
              <Summary numSequencePoints="1" visitedSequencePoints="1" numBranchPoints="1" visitedBranchPoints="1" sequenceCoverage="100" branchCoverage="100" maxCyclomaticComplexity="1" minCyclomaticComplexity="1" visitedClasses="0" numClasses="0" visitedMethods="1" numMethods="1" />
              <MetadataToken>100664418</MetadataToken>
              <Name>SportsWeb.Entities.PitchStateEnum SportsWeb.Services.DomainModel.Commands.UpdateStateCommand::get_State()</Name>
              <FileRef uid="173" />
              <SequencePoints>
                <SequencePoint vc="2" uspid="7077" ordinal="0" offset="0" sl="10" sc="39" el="10" ec="43" bec="0" bev="0" fileid="173" />
              </SequencePoints>
              <BranchPoints />
              <MethodPoint xsi:type="SequencePoint" vc="2" uspid="7077" ordinal="0" offset="0" sl="10" sc="39" el="10" ec="43" bec="0" bev="0" fileid="173" />
            </Method>
            <Method visited="true" cyclomaticComplexity="1" nPathComplexity="0" sequenceCoverage="100" branchCoverage="100" isConstructor="false" isStatic="false" isGetter="false" isSetter="true">
              <Summary numSequencePoints="1" visitedSequencePoints="1" numBranchPoints="1" visitedBranchPoints="1" sequenceCoverage="100" branchCoverage="100" maxCyclomaticComplexity="1" minCyclomaticComplexity="1" visitedClasses="0" numClasses="0" visitedMethods="1" numMethods="1" />
              <MetadataToken>100664419</MetadataToken>
              <Name>System.Void SportsWeb.Services.DomainModel.Commands.UpdateStateCommand::set_State(SportsWeb.Entities.PitchStateEnum)</Name>
              <FileRef uid="173" />
              <SequencePoints>
                <SequencePoint vc="2" uspid="7078" ordinal="0" offset="0" sl="10" sc="44" el="10" ec="48" bec="0" bev="0" fileid="173" />
              </SequencePoints>
              <BranchPoints />
              <MethodPoint xsi:type="SequencePoint" vc="2" uspid="7078" ordinal="0" offset="0" sl="10" sc="44" el="10" ec="48" bec="0" bev="0" fileid="173" />
            </Method>
            <Method visited="true" cyclomaticComplexity="1" nPathComplexity="0" sequenceCoverage="0" branchCoverage="0" isConstructor="true" isStatic="false" isGetter="false" isSetter="false">
              <Summary numSequencePoints="0" visitedSequencePoints="0" numBranchPoints="0" visitedBranchPoints="0" sequenceCoverage="0" branchCoverage="0" maxCyclomaticComplexity="1" minCyclomaticComplexity="1" visitedClasses="0" numClasses="0" visitedMethods="0" numMethods="0" />
              <MetadataToken>100664420</MetadataToken>
              <Name>System.Void SportsWeb.Services.DomainModel.Commands.UpdateStateCommand::.ctor()</Name>
              <SequencePoints />
              <BranchPoints />
              <MethodPoint vc="2" uspid="7079" ordinal="0" offset="0" />
            </Method>
          </Methods>
        </Class>
        <Class>
          <Summary numSequencePoints="8" visitedSequencePoints="8" numBranchPoints="8" visitedBranchPoints="8" sequenceCoverage="100" branchCoverage="100" maxCyclomaticComplexity="1" minCyclomaticComplexity="1" visitedClasses="1" numClasses="1" visitedMethods="8" numMethods="8" />
          <FullName>SportsWeb.Services.DomainModel.Commands.UpdateUserCommandWithPermission</FullName>
          <Methods>
            <Method visited="true" cyclomaticComplexity="1" nPathComplexity="0" sequenceCoverage="100" branchCoverage="100" isConstructor="false" isStatic="false" isGetter="true" isSetter="false">
              <Summary numSequencePoints="1" visitedSequencePoints="1" numBranchPoints="1" visitedBranchPoints="1" sequenceCoverage="100" branchCoverage="100" maxCyclomaticComplexity="1" minCyclomaticComplexity="1" visitedClasses="0" numClasses="0" visitedMethods="1" numMethods="1" />
              <MetadataToken>100664421</MetadataToken>
              <Name>System.Guid SportsWeb.Services.DomainModel.Commands.UpdateUserCommandWithPermission::get_Id()</Name>
              <FileRef uid="174" />
              <SequencePoints>
                <SequencePoint vc="2" uspid="7080" ordinal="0" offset="0" sl="10" sc="26" el="10" ec="30" bec="0" bev="0" fileid="174" />
              </SequencePoints>
              <BranchPoints />
              <MethodPoint xsi:type="SequencePoint" vc="2" uspid="7080" ordinal="0" offset="0" sl="10" sc="26" el="10" ec="30" bec="0" bev="0" fileid="174" />
            </Method>
            <Method visited="true" cyclomaticComplexity="1" nPathComplexity="0" sequenceCoverage="100" branchCoverage="100" isConstructor="false" isStatic="false" isGetter="false" isSetter="true">
              <Summary numSequencePoints="1" visitedSequencePoints="1" numBranchPoints="1" visitedBranchPoints="1" sequenceCoverage="100" branchCoverage="100" maxCyclomaticComplexity="1" minCyclomaticComplexity="1" visitedClasses="0" numClasses="0" visitedMethods="1" numMethods="1" />
              <MetadataToken>100664422</MetadataToken>
              <Name>System.Void SportsWeb.Services.DomainModel.Commands.UpdateUserCommandWithPermission::set_Id(System.Guid)</Name>
              <FileRef uid="174" />
              <SequencePoints>
                <SequencePoint vc="2" uspid="7081" ordinal="0" offset="0" sl="10" sc="31" el="10" ec="35" bec="0" bev="0" fileid="174" />
              </SequencePoints>
              <BranchPoints />
              <MethodPoint xsi:type="SequencePoint" vc="2" uspid="7081" ordinal="0" offset="0" sl="10" sc="31" el="10" ec="35" bec="0" bev="0" fileid="174" />
            </Method>
            <Method visited="true" cyclomaticComplexity="1" nPathComplexity="0" sequenceCoverage="100" branchCoverage="100" isConstructor="false" isStatic="false" isGetter="true" isSetter="false">
              <Summary numSequencePoints="1" visitedSequencePoints="1" numBranchPoints="1" visitedBranchPoints="1" sequenceCoverage="100" branchCoverage="100" maxCyclomaticComplexity="1" minCyclomaticComplexity="1" visitedClasses="0" numClasses="0" visitedMethods="1" numMethods="1" />
              <MetadataToken>100664423</MetadataToken>
              <Name>System.String SportsWeb.Services.DomainModel.Commands.UpdateUserCommandWithPermission::get_Name()</Name>
              <FileRef uid="174" />
              <SequencePoints>
                <SequencePoint vc="2" uspid="7082" ordinal="0" offset="0" sl="12" sc="30" el="12" ec="34" bec="0" bev="0" fileid="174" />
              </SequencePoints>
              <BranchPoints />
              <MethodPoint xsi:type="SequencePoint" vc="2" uspid="7082" ordinal="0" offset="0" sl="12" sc="30" el="12" ec="34" bec="0" bev="0" fileid="174" />
            </Method>
            <Method visited="true" cyclomaticComplexity="1" nPathComplexity="0" sequenceCoverage="100" branchCoverage="100" isConstructor="false" isStatic="false" isGetter="false" isSetter="true">
              <Summary numSequencePoints="1" visitedSequencePoints="1" numBranchPoints="1" visitedBranchPoints="1" sequenceCoverage="100" branchCoverage="100" maxCyclomaticComplexity="1" minCyclomaticComplexity="1" visitedClasses="0" numClasses="0" visitedMethods="1" numMethods="1" />
              <MetadataToken>100664424</MetadataToken>
              <Name>System.Void SportsWeb.Services.DomainModel.Commands.UpdateUserCommandWithPermission::set_Name(System.String)</Name>
              <FileRef uid="174" />
              <SequencePoints>
                <SequencePoint vc="2" uspid="7083" ordinal="0" offset="0" sl="12" sc="35" el="12" ec="39" bec="0" bev="0" fileid="174" />
              </SequencePoints>
              <BranchPoints />
              <MethodPoint xsi:type="SequencePoint" vc="2" uspid="7083" ordinal="0" offset="0" sl="12" sc="35" el="12" ec="39" bec="0" bev="0" fileid="174" />
            </Method>
            <Method visited="true" cyclomaticComplexity="1" nPathComplexity="0" sequenceCoverage="100" branchCoverage="100" isConstructor="false" isStatic="false" isGetter="true" isSetter="false">
              <Summary numSequencePoints="1" visitedSequencePoints="1" numBranchPoints="1" visitedBranchPoints="1" sequenceCoverage="100" branchCoverage="100" maxCyclomaticComplexity="1" minCyclomaticComplexity="1" visitedClasses="0" numClasses="0" visitedMethods="1" numMethods="1" />
              <MetadataToken>100664425</MetadataToken>
              <Name>System.String SportsWeb.Services.DomainModel.Commands.UpdateUserCommandWithPermission::get_Comment()</Name>
              <FileRef uid="174" />
              <SequencePoints>
                <SequencePoint vc="1" uspid="7084" ordinal="0" offset="0" sl="14" sc="33" el="14" ec="37" bec="0" bev="0" fileid="174" />
              </SequencePoints>
              <BranchPoints />
              <MethodPoint xsi:type="SequencePoint" vc="1" uspid="7084" ordinal="0" offset="0" sl="14" sc="33" el="14" ec="37" bec="0" bev="0" fileid="174" />
            </Method>
            <Method visited="true" cyclomaticComplexity="1" nPathComplexity="0" sequenceCoverage="100" branchCoverage="100" isConstructor="false" isStatic="false" isGetter="false" isSetter="true">
              <Summary numSequencePoints="1" visitedSequencePoints="1" numBranchPoints="1" visitedBranchPoints="1" sequenceCoverage="100" branchCoverage="100" maxCyclomaticComplexity="1" minCyclomaticComplexity="1" visitedClasses="0" numClasses="0" visitedMethods="1" numMethods="1" />
              <MetadataToken>100664426</MetadataToken>
              <Name>System.Void SportsWeb.Services.DomainModel.Commands.UpdateUserCommandWithPermission::set_Comment(System.String)</Name>
              <FileRef uid="174" />
              <SequencePoints>
                <SequencePoint vc="2" uspid="7085" ordinal="0" offset="0" sl="14" sc="38" el="14" ec="42" bec="0" bev="0" fileid="174" />
              </SequencePoints>
              <BranchPoints />
              <MethodPoint xsi:type="SequencePoint" vc="2" uspid="7085" ordinal="0" offset="0" sl="14" sc="38" el="14" ec="42" bec="0" bev="0" fileid="174" />
            </Method>
            <Method visited="true" cyclomaticComplexity="1" nPathComplexity="0" sequenceCoverage="100" branchCoverage="100" isConstructor="false" isStatic="false" isGetter="true" isSetter="false">
              <Summary numSequencePoints="1" visitedSequencePoints="1" numBranchPoints="1" visitedBranchPoints="1" sequenceCoverage="100" branchCoverage="100" maxCyclomaticComplexity="1" minCyclomaticComplexity="1" visitedClasses="0" numClasses="0" visitedMethods="1" numMethods="1" />
              <MetadataToken>100664427</MetadataToken>
              <Name>System.Collections.Generic.List`1&lt;SportsWeb.Entities.ScenePermissions&gt; SportsWeb.Services.DomainModel.Commands.UpdateUserCommandWithPermission::get_ScenePermissions()</Name>
              <FileRef uid="174" />
              <SequencePoints>
                <SequencePoint vc="1" uspid="7086" ordinal="0" offset="0" sl="16" sc="58" el="16" ec="62" bec="0" bev="0" fileid="174" />
              </SequencePoints>
              <BranchPoints />
              <MethodPoint xsi:type="SequencePoint" vc="1" uspid="7086" ordinal="0" offset="0" sl="16" sc="58" el="16" ec="62" bec="0" bev="0" fileid="174" />
            </Method>
            <Method visited="true" cyclomaticComplexity="1" nPathComplexity="0" sequenceCoverage="100" branchCoverage="100" isConstructor="false" isStatic="false" isGetter="false" isSetter="true">
              <Summary numSequencePoints="1" visitedSequencePoints="1" numBranchPoints="1" visitedBranchPoints="1" sequenceCoverage="100" branchCoverage="100" maxCyclomaticComplexity="1" minCyclomaticComplexity="1" visitedClasses="0" numClasses="0" visitedMethods="1" numMethods="1" />
              <MetadataToken>100664428</MetadataToken>
              <Name>System.Void SportsWeb.Services.DomainModel.Commands.UpdateUserCommandWithPermission::set_ScenePermissions(System.Collections.Generic.List`1&lt;SportsWeb.Entities.ScenePermissions&gt;)</Name>
              <FileRef uid="174" />
              <SequencePoints>
                <SequencePoint vc="2" uspid="7087" ordinal="0" offset="0" sl="16" sc="63" el="16" ec="67" bec="0" bev="0" fileid="174" />
              </SequencePoints>
              <BranchPoints />
              <MethodPoint xsi:type="SequencePoint" vc="2" uspid="7087" ordinal="0" offset="0" sl="16" sc="63" el="16" ec="67" bec="0" bev="0" fileid="174" />
            </Method>
            <Method visited="true" cyclomaticComplexity="1" nPathComplexity="0" sequenceCoverage="0" branchCoverage="0" isConstructor="true" isStatic="false" isGetter="false" isSetter="false">
              <Summary numSequencePoints="0" visitedSequencePoints="0" numBranchPoints="0" visitedBranchPoints="0" sequenceCoverage="0" branchCoverage="0" maxCyclomaticComplexity="1" minCyclomaticComplexity="1" visitedClasses="0" numClasses="0" visitedMethods="0" numMethods="0" />
              <MetadataToken>100664429</MetadataToken>
              <Name>System.Void SportsWeb.Services.DomainModel.Commands.UpdateUserCommandWithPermission::.ctor()</Name>
              <SequencePoints />
              <BranchPoints />
              <MethodPoint vc="2" uspid="7088" ordinal="0" offset="0" />
            </Method>
          </Methods>
        </Class>
        <Class>
          <Summary numSequencePoints="6" visitedSequencePoints="6" numBranchPoints="6" visitedBranchPoints="6" sequenceCoverage="100" branchCoverage="100" maxCyclomaticComplexity="1" minCyclomaticComplexity="1" visitedClasses="1" numClasses="1" visitedMethods="6" numMethods="6" />
          <FullName>SportsWeb.Services.DomainModel.Commands.UpdateUserCommand</FullName>
          <Methods>
            <Method visited="true" cyclomaticComplexity="1" nPathComplexity="0" sequenceCoverage="100" branchCoverage="100" isConstructor="false" isStatic="false" isGetter="true" isSetter="false">
              <Summary numSequencePoints="1" visitedSequencePoints="1" numBranchPoints="1" visitedBranchPoints="1" sequenceCoverage="100" branchCoverage="100" maxCyclomaticComplexity="1" minCyclomaticComplexity="1" visitedClasses="0" numClasses="0" visitedMethods="1" numMethods="1" />
              <MetadataToken>100664430</MetadataToken>
              <Name>System.Guid SportsWeb.Services.DomainModel.Commands.UpdateUserCommand::get_Id()</Name>
              <FileRef uid="175" />
              <SequencePoints>
                <SequencePoint vc="2" uspid="7089" ordinal="0" offset="0" sl="8" sc="26" el="8" ec="30" bec="0" bev="0" fileid="175" />
              </SequencePoints>
              <BranchPoints />
              <MethodPoint xsi:type="SequencePoint" vc="2" uspid="7089" ordinal="0" offset="0" sl="8" sc="26" el="8" ec="30" bec="0" bev="0" fileid="175" />
            </Method>
            <Method visited="true" cyclomaticComplexity="1" nPathComplexity="0" sequenceCoverage="100" branchCoverage="100" isConstructor="false" isStatic="false" isGetter="false" isSetter="true">
              <Summary numSequencePoints="1" visitedSequencePoints="1" numBranchPoints="1" visitedBranchPoints="1" sequenceCoverage="100" branchCoverage="100" maxCyclomaticComplexity="1" minCyclomaticComplexity="1" visitedClasses="0" numClasses="0" visitedMethods="1" numMethods="1" />
              <MetadataToken>100664431</MetadataToken>
              <Name>System.Void SportsWeb.Services.DomainModel.Commands.UpdateUserCommand::set_Id(System.Guid)</Name>
              <FileRef uid="175" />
              <SequencePoints>
                <SequencePoint vc="2" uspid="7090" ordinal="0" offset="0" sl="8" sc="31" el="8" ec="35" bec="0" bev="0" fileid="175" />
              </SequencePoints>
              <BranchPoints />
              <MethodPoint xsi:type="SequencePoint" vc="2" uspid="7090" ordinal="0" offset="0" sl="8" sc="31" el="8" ec="35" bec="0" bev="0" fileid="175" />
            </Method>
            <Method visited="true" cyclomaticComplexity="1" nPathComplexity="0" sequenceCoverage="100" branchCoverage="100" isConstructor="false" isStatic="false" isGetter="true" isSetter="false">
              <Summary numSequencePoints="1" visitedSequencePoints="1" numBranchPoints="1" visitedBranchPoints="1" sequenceCoverage="100" branchCoverage="100" maxCyclomaticComplexity="1" minCyclomaticComplexity="1" visitedClasses="0" numClasses="0" visitedMethods="1" numMethods="1" />
              <MetadataToken>100664432</MetadataToken>
              <Name>System.String SportsWeb.Services.DomainModel.Commands.UpdateUserCommand::get_Name()</Name>
              <FileRef uid="175" />
              <SequencePoints>
                <SequencePoint vc="2" uspid="7091" ordinal="0" offset="0" sl="10" sc="30" el="10" ec="34" bec="0" bev="0" fileid="175" />
              </SequencePoints>
              <BranchPoints />
              <MethodPoint xsi:type="SequencePoint" vc="2" uspid="7091" ordinal="0" offset="0" sl="10" sc="30" el="10" ec="34" bec="0" bev="0" fileid="175" />
            </Method>
            <Method visited="true" cyclomaticComplexity="1" nPathComplexity="0" sequenceCoverage="100" branchCoverage="100" isConstructor="false" isStatic="false" isGetter="false" isSetter="true">
              <Summary numSequencePoints="1" visitedSequencePoints="1" numBranchPoints="1" visitedBranchPoints="1" sequenceCoverage="100" branchCoverage="100" maxCyclomaticComplexity="1" minCyclomaticComplexity="1" visitedClasses="0" numClasses="0" visitedMethods="1" numMethods="1" />
              <MetadataToken>100664433</MetadataToken>
              <Name>System.Void SportsWeb.Services.DomainModel.Commands.UpdateUserCommand::set_Name(System.String)</Name>
              <FileRef uid="175" />
              <SequencePoints>
                <SequencePoint vc="2" uspid="7092" ordinal="0" offset="0" sl="10" sc="35" el="10" ec="39" bec="0" bev="0" fileid="175" />
              </SequencePoints>
              <BranchPoints />
              <MethodPoint xsi:type="SequencePoint" vc="2" uspid="7092" ordinal="0" offset="0" sl="10" sc="35" el="10" ec="39" bec="0" bev="0" fileid="175" />
            </Method>
            <Method visited="true" cyclomaticComplexity="1" nPathComplexity="0" sequenceCoverage="100" branchCoverage="100" isConstructor="false" isStatic="false" isGetter="true" isSetter="false">
              <Summary numSequencePoints="1" visitedSequencePoints="1" numBranchPoints="1" visitedBranchPoints="1" sequenceCoverage="100" branchCoverage="100" maxCyclomaticComplexity="1" minCyclomaticComplexity="1" visitedClasses="0" numClasses="0" visitedMethods="1" numMethods="1" />
              <MetadataToken>100664434</MetadataToken>
              <Name>System.String SportsWeb.Services.DomainModel.Commands.UpdateUserCommand::get_Comment()</Name>
              <FileRef uid="175" />
              <SequencePoints>
                <SequencePoint vc="1" uspid="7093" ordinal="0" offset="0" sl="12" sc="33" el="12" ec="37" bec="0" bev="0" fileid="175" />
              </SequencePoints>
              <BranchPoints />
              <MethodPoint xsi:type="SequencePoint" vc="1" uspid="7093" ordinal="0" offset="0" sl="12" sc="33" el="12" ec="37" bec="0" bev="0" fileid="175" />
            </Method>
            <Method visited="true" cyclomaticComplexity="1" nPathComplexity="0" sequenceCoverage="100" branchCoverage="100" isConstructor="false" isStatic="false" isGetter="false" isSetter="true">
              <Summary numSequencePoints="1" visitedSequencePoints="1" numBranchPoints="1" visitedBranchPoints="1" sequenceCoverage="100" branchCoverage="100" maxCyclomaticComplexity="1" minCyclomaticComplexity="1" visitedClasses="0" numClasses="0" visitedMethods="1" numMethods="1" />
              <MetadataToken>100664435</MetadataToken>
              <Name>System.Void SportsWeb.Services.DomainModel.Commands.UpdateUserCommand::set_Comment(System.String)</Name>
              <FileRef uid="175" />
              <SequencePoints>
                <SequencePoint vc="2" uspid="7094" ordinal="0" offset="0" sl="12" sc="38" el="12" ec="42" bec="0" bev="0" fileid="175" />
              </SequencePoints>
              <BranchPoints />
              <MethodPoint xsi:type="SequencePoint" vc="2" uspid="7094" ordinal="0" offset="0" sl="12" sc="38" el="12" ec="42" bec="0" bev="0" fileid="175" />
            </Method>
            <Method visited="true" cyclomaticComplexity="1" nPathComplexity="0" sequenceCoverage="0" branchCoverage="0" isConstructor="true" isStatic="false" isGetter="false" isSetter="false">
              <Summary numSequencePoints="0" visitedSequencePoints="0" numBranchPoints="0" visitedBranchPoints="0" sequenceCoverage="0" branchCoverage="0" maxCyclomaticComplexity="1" minCyclomaticComplexity="1" visitedClasses="0" numClasses="0" visitedMethods="0" numMethods="0" />
              <MetadataToken>100664436</MetadataToken>
              <Name>System.Void SportsWeb.Services.DomainModel.Commands.UpdateUserCommand::.ctor()</Name>
              <SequencePoints />
              <BranchPoints />
              <MethodPoint vc="2" uspid="7095" ordinal="0" offset="0" />
            </Method>
          </Methods>
        </Class>
        <Class>
          <Summary numSequencePoints="15" visitedSequencePoints="0" numBranchPoints="3" visitedBranchPoints="0" sequenceCoverage="0" branchCoverage="0" maxCyclomaticComplexity="1" minCyclomaticComplexity="1" visitedClasses="0" numClasses="1" visitedMethods="0" numMethods="3" />
          <FullName>SportsWeb.Services.DomainModel.CommandHandlers.AddScheduleCommandHandler</FullName>
          <Methods>
            <Method visited="false" cyclomaticComplexity="1" nPathComplexity="0" sequenceCoverage="0" branchCoverage="0" isConstructor="true" isStatic="false" isGetter="false" isSetter="false">
              <Summary numSequencePoints="4" visitedSequencePoints="0" numBranchPoints="1" visitedBranchPoints="0" sequenceCoverage="0" branchCoverage="0" maxCyclomaticComplexity="1" minCyclomaticComplexity="1" visitedClasses="0" numClasses="0" visitedMethods="0" numMethods="1" />
              <MetadataToken>100664437</MetadataToken>
              <Name>System.Void SportsWeb.Services.DomainModel.CommandHandlers.AddScheduleCommandHandler::.ctor(SportsWeb.Services.Repository.IAddEntity`2&lt;System.Guid,SportsWeb.Entities.Entities.Schedule&gt;)</Name>
              <FileRef uid="176" />
              <SequencePoints>
                <SequencePoint vc="0" uspid="7096" ordinal="0" offset="0" sl="16" sc="9" el="17" ec="52" bec="0" bev="0" fileid="176" />
                <SequencePoint vc="0" uspid="7097" ordinal="1" offset="7" sl="18" sc="9" el="18" ec="10" bec="0" bev="0" fileid="176" />
                <SequencePoint vc="0" uspid="7098" ordinal="2" offset="8" sl="19" sc="13" el="19" ec="49" bec="0" bev="0" fileid="176" />
                <SequencePoint vc="0" uspid="7099" ordinal="3" offset="15" sl="20" sc="9" el="20" ec="10" bec="0" bev="0" fileid="176" />
              </SequencePoints>
              <BranchPoints />
              <MethodPoint xsi:type="SequencePoint" vc="0" uspid="7096" ordinal="0" offset="0" sl="16" sc="9" el="17" ec="52" bec="0" bev="0" fileid="176" />
            </Method>
            <Method visited="false" cyclomaticComplexity="1" nPathComplexity="0" sequenceCoverage="0" branchCoverage="0" isConstructor="false" isStatic="false" isGetter="false" isSetter="false">
              <Summary numSequencePoints="10" visitedSequencePoints="0" numBranchPoints="1" visitedBranchPoints="0" sequenceCoverage="0" branchCoverage="0" maxCyclomaticComplexity="1" minCyclomaticComplexity="1" visitedClasses="0" numClasses="0" visitedMethods="0" numMethods="1" />
              <MetadataToken>100664438</MetadataToken>
              <Name>System.Void SportsWeb.Services.DomainModel.CommandHandlers.AddScheduleCommandHandler::Handle(SportsWeb.Services.DomainModel.Commands.AddScheduleCommand)</Name>
              <FileRef uid="176" />
              <SequencePoints>
                <SequencePoint vc="0" uspid="7100" ordinal="0" offset="0" sl="23" sc="9" el="23" ec="10" bec="0" bev="0" fileid="176" />
                <SequencePoint vc="0" uspid="7101" ordinal="1" offset="1" sl="25" sc="13" el="25" ec="14" bec="0" bev="0" fileid="176" />
                <SequencePoint vc="0" uspid="7102" ordinal="2" offset="2" sl="26" sc="17" el="43" ec="19" bec="0" bev="0" fileid="176" />
                <SequencePoint vc="0" uspid="7103" ordinal="3" offset="202" sl="45" sc="17" el="45" ec="68" bec="0" bev="0" fileid="176" />
                <SequencePoint vc="0" uspid="7104" ordinal="4" offset="226" sl="47" sc="13" el="47" ec="14" bec="0" bev="0" fileid="176" />
                <SequencePoint vc="0" uspid="7105" ordinal="5" offset="229" sl="48" sc="13" el="48" ec="33" bec="0" bev="0" fileid="176" />
                <SequencePoint vc="0" uspid="7106" ordinal="6" offset="230" sl="49" sc="13" el="49" ec="14" bec="0" bev="0" fileid="176" />
                <SequencePoint vc="0" uspid="7107" ordinal="7" offset="231" sl="50" sc="17" el="50" ec="93" bec="0" bev="0" fileid="176" />
                <SequencePoint vc="0" uspid="7108" ordinal="8" offset="248" sl="51" sc="17" el="51" ec="23" bec="0" bev="0" fileid="176" />
                <SequencePoint vc="0" uspid="7109" ordinal="9" offset="250" sl="53" sc="9" el="53" ec="10" bec="0" bev="0" fileid="176" />
              </SequencePoints>
              <BranchPoints />
              <MethodPoint xsi:type="SequencePoint" vc="0" uspid="7100" ordinal="0" offset="0" sl="23" sc="9" el="23" ec="10" bec="0" bev="0" fileid="176" />
            </Method>
            <Method visited="false" cyclomaticComplexity="1" nPathComplexity="0" sequenceCoverage="0" branchCoverage="0" isConstructor="true" isStatic="true" isGetter="false" isSetter="false">
              <Summary numSequencePoints="1" visitedSequencePoints="0" numBranchPoints="1" visitedBranchPoints="0" sequenceCoverage="0" branchCoverage="0" maxCyclomaticComplexity="1" minCyclomaticComplexity="1" visitedClasses="0" numClasses="0" visitedMethods="0" numMethods="1" />
              <MetadataToken>100664439</MetadataToken>
              <Name>System.Void SportsWeb.Services.DomainModel.CommandHandlers.AddScheduleCommandHandler::.cctor()</Name>
              <FileRef uid="176" />
              <SequencePoints>
                <SequencePoint vc="0" uspid="7110" ordinal="0" offset="0" sl="14" sc="9" el="14" ec="103" bec="0" bev="0" fileid="176" />
              </SequencePoints>
              <BranchPoints />
              <MethodPoint xsi:type="SequencePoint" vc="0" uspid="7110" ordinal="0" offset="0" sl="14" sc="9" el="14" ec="103" bec="0" bev="0" fileid="176" />
            </Method>
          </Methods>
        </Class>
        <Class>
          <Summary numSequencePoints="14" visitedSequencePoints="10" numBranchPoints="3" visitedBranchPoints="3" sequenceCoverage="71.43" branchCoverage="100" maxCyclomaticComplexity="1" minCyclomaticComplexity="1" visitedClasses="1" numClasses="1" visitedMethods="3" numMethods="3" />
          <FullName>SportsWeb.Services.DomainModel.CommandHandlers.AddSceneSettingsForSiteCommandHandler</FullName>
          <Methods>
            <Method visited="true" cyclomaticComplexity="1" nPathComplexity="0" sequenceCoverage="100" branchCoverage="100" isConstructor="true" isStatic="false" isGetter="false" isSetter="false">
              <Summary numSequencePoints="4" visitedSequencePoints="4" numBranchPoints="1" visitedBranchPoints="1" sequenceCoverage="100" branchCoverage="100" maxCyclomaticComplexity="1" minCyclomaticComplexity="1" visitedClasses="0" numClasses="0" visitedMethods="1" numMethods="1" />
              <MetadataToken>100664440</MetadataToken>
              <Name>System.Void SportsWeb.Services.DomainModel.CommandHandlers.AddSceneSettingsForSiteCommandHandler::.ctor(SportsWeb.Services.Repository.IAddEntity`2&lt;System.Guid,SportsWeb.Entities.SceneSetting&gt;)</Name>
              <FileRef uid="177" />
              <SequencePoints>
                <SequencePoint vc="1" uspid="7111" ordinal="0" offset="0" sl="16" sc="9" el="16" ec="96" bec="0" bev="0" fileid="177" />
                <SequencePoint vc="1" uspid="7112" ordinal="1" offset="7" sl="17" sc="9" el="17" ec="10" bec="0" bev="0" fileid="177" />
                <SequencePoint vc="1" uspid="7113" ordinal="2" offset="8" sl="18" sc="13" el="18" ec="42" bec="0" bev="0" fileid="177" />
                <SequencePoint vc="1" uspid="7114" ordinal="3" offset="15" sl="19" sc="9" el="19" ec="10" bec="0" bev="0" fileid="177" />
              </SequencePoints>
              <BranchPoints />
              <MethodPoint xsi:type="SequencePoint" vc="1" uspid="7111" ordinal="0" offset="0" sl="16" sc="9" el="16" ec="96" bec="0" bev="0" fileid="177" />
            </Method>
            <Method visited="true" cyclomaticComplexity="1" nPathComplexity="0" sequenceCoverage="55.56" branchCoverage="100" isConstructor="false" isStatic="false" isGetter="false" isSetter="false">
              <Summary numSequencePoints="9" visitedSequencePoints="5" numBranchPoints="1" visitedBranchPoints="1" sequenceCoverage="55.56" branchCoverage="100" maxCyclomaticComplexity="1" minCyclomaticComplexity="1" visitedClasses="0" numClasses="0" visitedMethods="1" numMethods="1" />
              <MetadataToken>100664441</MetadataToken>
              <Name>System.Void SportsWeb.Services.DomainModel.CommandHandlers.AddSceneSettingsForSiteCommandHandler::Handle(SportsWeb.Services.DomainModel.Commands.AddSceneSettingsForSite)</Name>
              <FileRef uid="177" />
              <SequencePoints>
                <SequencePoint vc="1" uspid="7115" ordinal="0" offset="0" sl="22" sc="9" el="22" ec="10" bec="0" bev="0" fileid="177" />
                <SequencePoint vc="1" uspid="7116" ordinal="1" offset="1" sl="24" sc="13" el="24" ec="14" bec="0" bev="0" fileid="177" />
                <SequencePoint vc="1" uspid="7117" ordinal="2" offset="2" sl="25" sc="17" el="31" ec="20" bec="0" bev="0" fileid="177" />
                <SequencePoint vc="1" uspid="7118" ordinal="3" offset="76" sl="32" sc="13" el="32" ec="14" bec="0" bev="0" fileid="177" />
                <SequencePoint vc="0" uspid="7119" ordinal="4" offset="79" sl="33" sc="13" el="33" ec="33" bec="0" bev="0" fileid="177" />
                <SequencePoint vc="0" uspid="7120" ordinal="5" offset="80" sl="34" sc="13" el="34" ec="14" bec="0" bev="0" fileid="177" />
                <SequencePoint vc="0" uspid="7121" ordinal="6" offset="81" sl="35" sc="17" el="35" ec="112" bec="0" bev="0" fileid="177" />
                <SequencePoint vc="0" uspid="7122" ordinal="7" offset="98" sl="36" sc="17" el="36" ec="23" bec="0" bev="0" fileid="177" />
                <SequencePoint vc="1" uspid="7123" ordinal="8" offset="100" sl="38" sc="9" el="38" ec="10" bec="0" bev="0" fileid="177" />
              </SequencePoints>
              <BranchPoints />
              <MethodPoint xsi:type="SequencePoint" vc="1" uspid="7115" ordinal="0" offset="0" sl="22" sc="9" el="22" ec="10" bec="0" bev="0" fileid="177" />
            </Method>
            <Method visited="true" cyclomaticComplexity="1" nPathComplexity="0" sequenceCoverage="100" branchCoverage="100" isConstructor="true" isStatic="true" isGetter="false" isSetter="false">
              <Summary numSequencePoints="1" visitedSequencePoints="1" numBranchPoints="1" visitedBranchPoints="1" sequenceCoverage="100" branchCoverage="100" maxCyclomaticComplexity="1" minCyclomaticComplexity="1" visitedClasses="0" numClasses="0" visitedMethods="1" numMethods="1" />
              <MetadataToken>100664442</MetadataToken>
              <Name>System.Void SportsWeb.Services.DomainModel.CommandHandlers.AddSceneSettingsForSiteCommandHandler::.cctor()</Name>
              <FileRef uid="177" />
              <SequencePoints>
                <SequencePoint vc="1" uspid="7124" ordinal="0" offset="0" sl="14" sc="9" el="14" ec="115" bec="0" bev="0" fileid="177" />
              </SequencePoints>
              <BranchPoints />
              <MethodPoint xsi:type="SequencePoint" vc="1" uspid="7124" ordinal="0" offset="0" sl="14" sc="9" el="14" ec="115" bec="0" bev="0" fileid="177" />
            </Method>
          </Methods>
        </Class>
        <Class>
          <Summary numSequencePoints="18" visitedSequencePoints="0" numBranchPoints="3" visitedBranchPoints="0" sequenceCoverage="0" branchCoverage="0" maxCyclomaticComplexity="1" minCyclomaticComplexity="1" visitedClasses="0" numClasses="1" visitedMethods="0" numMethods="3" />
          <FullName>SportsWeb.Services.DomainModel.CommandHandlers.AddServiceProviderCommandHandler</FullName>
          <Methods>
            <Method visited="false" cyclomaticComplexity="1" nPathComplexity="0" sequenceCoverage="0" branchCoverage="0" isConstructor="true" isStatic="false" isGetter="false" isSetter="false">
              <Summary numSequencePoints="6" visitedSequencePoints="0" numBranchPoints="1" visitedBranchPoints="0" sequenceCoverage="0" branchCoverage="0" maxCyclomaticComplexity="1" minCyclomaticComplexity="1" visitedClasses="0" numClasses="0" visitedMethods="0" numMethods="1" />
              <MetadataToken>100664443</MetadataToken>
              <Name>System.Void SportsWeb.Services.DomainModel.CommandHandlers.AddServiceProviderCommandHandler::.ctor(SportsWeb.Services.Repository.IAddEntity`2&lt;System.Guid,SportsWeb.Entities.Administrator&gt;,SportsWeb.Services.Repository.IFind`1&lt;SportsWeb.Entities.AdministratorRole&gt;,SportsWeb.Services.Repository.IFind`1&lt;SportsWeb.Entities.Site&gt;)</Name>
              <FileRef uid="178" />
              <SequencePoints>
                <SequencePoint vc="0" uspid="7125" ordinal="0" offset="0" sl="19" sc="9" el="20" ec="36" bec="0" bev="0" fileid="178" />
                <SequencePoint vc="0" uspid="7126" ordinal="1" offset="7" sl="21" sc="9" el="21" ec="10" bec="0" bev="0" fileid="178" />
                <SequencePoint vc="0" uspid="7127" ordinal="2" offset="8" sl="22" sc="13" el="22" ec="38" bec="0" bev="0" fileid="178" />
                <SequencePoint vc="0" uspid="7128" ordinal="3" offset="15" sl="23" sc="13" el="23" ec="48" bec="0" bev="0" fileid="178" />
                <SequencePoint vc="0" uspid="7129" ordinal="4" offset="22" sl="24" sc="13" el="24" ec="38" bec="0" bev="0" fileid="178" />
                <SequencePoint vc="0" uspid="7130" ordinal="5" offset="29" sl="25" sc="9" el="25" ec="10" bec="0" bev="0" fileid="178" />
              </SequencePoints>
              <BranchPoints />
              <MethodPoint xsi:type="SequencePoint" vc="0" uspid="7125" ordinal="0" offset="0" sl="19" sc="9" el="20" ec="36" bec="0" bev="0" fileid="178" />
            </Method>
            <Method visited="false" cyclomaticComplexity="1" nPathComplexity="0" sequenceCoverage="0" branchCoverage="0" isConstructor="false" isStatic="false" isGetter="false" isSetter="false">
              <Summary numSequencePoints="11" visitedSequencePoints="0" numBranchPoints="1" visitedBranchPoints="0" sequenceCoverage="0" branchCoverage="0" maxCyclomaticComplexity="1" minCyclomaticComplexity="1" visitedClasses="0" numClasses="0" visitedMethods="0" numMethods="1" />
              <MetadataToken>100664444</MetadataToken>
              <Name>System.Void SportsWeb.Services.DomainModel.CommandHandlers.AddServiceProviderCommandHandler::Handle(SportsWeb.Services.DomainModel.Commands.AddServiceProvider)</Name>
              <FileRef uid="178" />
              <SequencePoints>
                <SequencePoint vc="0" uspid="7131" ordinal="0" offset="13" sl="28" sc="9" el="28" ec="10" bec="0" bev="0" fileid="178" />
                <SequencePoint vc="0" uspid="7132" ordinal="1" offset="14" sl="30" sc="13" el="30" ec="14" bec="0" bev="0" fileid="178" />
                <SequencePoint vc="0" uspid="7133" ordinal="2" offset="15" sl="31" sc="17" el="31" ec="108" bec="0" bev="0" fileid="178" />
                <SequencePoint vc="0" uspid="7134" ordinal="3" offset="179" sl="32" sc="17" el="32" ec="103" bec="0" bev="0" fileid="178" />
                <SequencePoint vc="0" uspid="7135" ordinal="4" offset="343" sl="34" sc="17" el="41" ec="20" bec="0" bev="0" fileid="178" />
                <SequencePoint vc="0" uspid="7136" ordinal="5" offset="424" sl="43" sc="13" el="43" ec="14" bec="0" bev="0" fileid="178" />
                <SequencePoint vc="0" uspid="7137" ordinal="6" offset="427" sl="44" sc="13" el="44" ec="33" bec="0" bev="0" fileid="178" />
                <SequencePoint vc="0" uspid="7138" ordinal="7" offset="429" sl="45" sc="13" el="45" ec="14" bec="0" bev="0" fileid="178" />
                <SequencePoint vc="0" uspid="7139" ordinal="8" offset="430" sl="46" sc="17" el="46" ec="108" bec="0" bev="0" fileid="178" />
                <SequencePoint vc="0" uspid="7140" ordinal="9" offset="448" sl="47" sc="17" el="47" ec="23" bec="0" bev="0" fileid="178" />
                <SequencePoint vc="0" uspid="7141" ordinal="10" offset="450" sl="49" sc="9" el="49" ec="10" bec="0" bev="0" fileid="178" />
              </SequencePoints>
              <BranchPoints />
              <MethodPoint vc="0" uspid="7142" ordinal="0" offset="0" />
            </Method>
            <Method visited="false" cyclomaticComplexity="1" nPathComplexity="0" sequenceCoverage="0" branchCoverage="0" isConstructor="true" isStatic="true" isGetter="false" isSetter="false">
              <Summary numSequencePoints="1" visitedSequencePoints="0" numBranchPoints="1" visitedBranchPoints="0" sequenceCoverage="0" branchCoverage="0" maxCyclomaticComplexity="1" minCyclomaticComplexity="1" visitedClasses="0" numClasses="0" visitedMethods="0" numMethods="1" />
              <MetadataToken>100664445</MetadataToken>
              <Name>System.Void SportsWeb.Services.DomainModel.CommandHandlers.AddServiceProviderCommandHandler::.cctor()</Name>
              <FileRef uid="178" />
              <SequencePoints>
                <SequencePoint vc="0" uspid="7143" ordinal="0" offset="0" sl="17" sc="9" el="17" ec="110" bec="0" bev="0" fileid="178" />
              </SequencePoints>
              <BranchPoints />
              <MethodPoint xsi:type="SequencePoint" vc="0" uspid="7143" ordinal="0" offset="0" sl="17" sc="9" el="17" ec="110" bec="0" bev="0" fileid="178" />
            </Method>
          </Methods>
        </Class>
        <Class>
          <Summary numSequencePoints="0" visitedSequencePoints="0" numBranchPoints="0" visitedBranchPoints="0" sequenceCoverage="0" branchCoverage="0" maxCyclomaticComplexity="1" minCyclomaticComplexity="1" visitedClasses="0" numClasses="0" visitedMethods="0" numMethods="0" />
          <FullName>SportsWeb.Services.DomainModel.CommandHandlers.AddServiceProviderCommandHandler/&lt;&gt;c__DisplayClass5_0</FullName>
          <Methods>
            <Method visited="false" cyclomaticComplexity="1" nPathComplexity="0" sequenceCoverage="0" branchCoverage="0" isConstructor="true" isStatic="false" isGetter="false" isSetter="false">
              <Summary numSequencePoints="0" visitedSequencePoints="0" numBranchPoints="0" visitedBranchPoints="0" sequenceCoverage="0" branchCoverage="0" maxCyclomaticComplexity="1" minCyclomaticComplexity="1" visitedClasses="0" numClasses="0" visitedMethods="0" numMethods="0" />
              <MetadataToken>100667066</MetadataToken>
              <Name>System.Void SportsWeb.Services.DomainModel.CommandHandlers.AddServiceProviderCommandHandler/&lt;&gt;c__DisplayClass5_0::.ctor()</Name>
              <SequencePoints />
              <BranchPoints />
              <MethodPoint vc="0" uspid="7144" ordinal="0" offset="0" />
            </Method>
          </Methods>
        </Class>
        <Class>
          <Summary numSequencePoints="16" visitedSequencePoints="0" numBranchPoints="3" visitedBranchPoints="0" sequenceCoverage="0" branchCoverage="0" maxCyclomaticComplexity="1" minCyclomaticComplexity="1" visitedClasses="0" numClasses="1" visitedMethods="0" numMethods="3" />
          <FullName>SportsWeb.Services.DomainModel.CommandHandlers.UpdateSiteServiceProviderCommandHandler</FullName>
          <Methods>
            <Method visited="false" cyclomaticComplexity="1" nPathComplexity="0" sequenceCoverage="0" branchCoverage="0" isConstructor="true" isStatic="false" isGetter="false" isSetter="false">
              <Summary numSequencePoints="5" visitedSequencePoints="0" numBranchPoints="1" visitedBranchPoints="0" sequenceCoverage="0" branchCoverage="0" maxCyclomaticComplexity="1" minCyclomaticComplexity="1" visitedClasses="0" numClasses="0" visitedMethods="0" numMethods="1" />
              <MetadataToken>100664446</MetadataToken>
              <Name>System.Void SportsWeb.Services.DomainModel.CommandHandlers.UpdateSiteServiceProviderCommandHandler::.ctor(SportsWeb.Services.Repository.IGetEntity`2&lt;System.Guid,SportsWeb.Entities.Site&gt;,SportsWeb.Services.Repository.IFind`1&lt;SportsWeb.Entities.AppPermissions&gt;)</Name>
              <FileRef uid="179" />
              <SequencePoints>
                <SequencePoint vc="0" uspid="7145" ordinal="0" offset="0" sl="19" sc="9" el="19" ec="133" bec="0" bev="0" fileid="179" />
                <SequencePoint vc="0" uspid="7146" ordinal="1" offset="7" sl="20" sc="9" el="20" ec="10" bec="0" bev="0" fileid="179" />
                <SequencePoint vc="0" uspid="7147" ordinal="2" offset="8" sl="21" sc="13" el="21" ec="42" bec="0" bev="0" fileid="179" />
                <SequencePoint vc="0" uspid="7148" ordinal="3" offset="15" sl="22" sc="13" el="22" ec="60" bec="0" bev="0" fileid="179" />
                <SequencePoint vc="0" uspid="7149" ordinal="4" offset="22" sl="23" sc="9" el="23" ec="10" bec="0" bev="0" fileid="179" />
              </SequencePoints>
              <BranchPoints />
              <MethodPoint xsi:type="SequencePoint" vc="0" uspid="7145" ordinal="0" offset="0" sl="19" sc="9" el="19" ec="133" bec="0" bev="0" fileid="179" />
            </Method>
            <Method visited="false" cyclomaticComplexity="1" nPathComplexity="0" sequenceCoverage="0" branchCoverage="0" isConstructor="false" isStatic="false" isGetter="false" isSetter="false">
              <Summary numSequencePoints="10" visitedSequencePoints="0" numBranchPoints="1" visitedBranchPoints="0" sequenceCoverage="0" branchCoverage="0" maxCyclomaticComplexity="1" minCyclomaticComplexity="1" visitedClasses="0" numClasses="0" visitedMethods="0" numMethods="1" />
              <MetadataToken>100664447</MetadataToken>
              <Name>System.Void SportsWeb.Services.DomainModel.CommandHandlers.UpdateSiteServiceProviderCommandHandler::Handle(SportsWeb.Services.DomainModel.Commands.UpdateSiteServiceProviderStatus)</Name>
              <FileRef uid="179" />
              <SequencePoints>
                <SequencePoint vc="0" uspid="7150" ordinal="0" offset="0" sl="26" sc="9" el="26" ec="10" bec="0" bev="0" fileid="179" />
                <SequencePoint vc="0" uspid="7151" ordinal="1" offset="1" sl="29" sc="13" el="29" ec="14" bec="0" bev="0" fileid="179" />
                <SequencePoint vc="0" uspid="7152" ordinal="2" offset="2" sl="30" sc="17" el="30" ec="55" bec="0" bev="0" fileid="179" />
                <SequencePoint vc="0" uspid="7153" ordinal="3" offset="20" sl="31" sc="17" el="31" ec="76" bec="0" bev="0" fileid="179" />
                <SequencePoint vc="0" uspid="7154" ordinal="4" offset="33" sl="33" sc="13" el="33" ec="14" bec="0" bev="0" fileid="179" />
                <SequencePoint vc="0" uspid="7155" ordinal="5" offset="36" sl="34" sc="13" el="34" ec="33" bec="0" bev="0" fileid="179" />
                <SequencePoint vc="0" uspid="7156" ordinal="6" offset="37" sl="35" sc="13" el="35" ec="14" bec="0" bev="0" fileid="179" />
                <SequencePoint vc="0" uspid="7157" ordinal="7" offset="38" sl="37" sc="17" el="37" ec="106" bec="0" bev="0" fileid="179" />
                <SequencePoint vc="0" uspid="7158" ordinal="8" offset="55" sl="38" sc="17" el="38" ec="23" bec="0" bev="0" fileid="179" />
                <SequencePoint vc="0" uspid="7159" ordinal="9" offset="57" sl="40" sc="9" el="40" ec="10" bec="0" bev="0" fileid="179" />
              </SequencePoints>
              <BranchPoints />
              <MethodPoint xsi:type="SequencePoint" vc="0" uspid="7150" ordinal="0" offset="0" sl="26" sc="9" el="26" ec="10" bec="0" bev="0" fileid="179" />
            </Method>
            <Method visited="false" cyclomaticComplexity="1" nPathComplexity="0" sequenceCoverage="0" branchCoverage="0" isConstructor="true" isStatic="true" isGetter="false" isSetter="false">
              <Summary numSequencePoints="1" visitedSequencePoints="0" numBranchPoints="1" visitedBranchPoints="0" sequenceCoverage="0" branchCoverage="0" maxCyclomaticComplexity="1" minCyclomaticComplexity="1" visitedClasses="0" numClasses="0" visitedMethods="0" numMethods="1" />
              <MetadataToken>100664448</MetadataToken>
              <Name>System.Void SportsWeb.Services.DomainModel.CommandHandlers.UpdateSiteServiceProviderCommandHandler::.cctor()</Name>
              <FileRef uid="179" />
              <SequencePoints>
                <SequencePoint vc="0" uspid="7160" ordinal="0" offset="0" sl="17" sc="9" el="17" ec="117" bec="0" bev="0" fileid="179" />
              </SequencePoints>
              <BranchPoints />
              <MethodPoint xsi:type="SequencePoint" vc="0" uspid="7160" ordinal="0" offset="0" sl="17" sc="9" el="17" ec="117" bec="0" bev="0" fileid="179" />
            </Method>
          </Methods>
        </Class>
        <Class>
          <Summary numSequencePoints="8" visitedSequencePoints="8" numBranchPoints="2" visitedBranchPoints="2" sequenceCoverage="100" branchCoverage="100" maxCyclomaticComplexity="1" minCyclomaticComplexity="1" visitedClasses="1" numClasses="1" visitedMethods="2" numMethods="2" />
          <FullName>SportsWeb.Services.DomainModel.CommandHandlers.DeleteAdministratorCommandHandler</FullName>
          <Methods>
            <Method visited="true" cyclomaticComplexity="1" nPathComplexity="0" sequenceCoverage="100" branchCoverage="100" isConstructor="true" isStatic="false" isGetter="false" isSetter="false">
              <Summary numSequencePoints="4" visitedSequencePoints="4" numBranchPoints="1" visitedBranchPoints="1" sequenceCoverage="100" branchCoverage="100" maxCyclomaticComplexity="1" minCyclomaticComplexity="1" visitedClasses="0" numClasses="0" visitedMethods="1" numMethods="1" />
              <MetadataToken>100664449</MetadataToken>
              <Name>System.Void SportsWeb.Services.DomainModel.CommandHandlers.DeleteAdministratorCommandHandler::.ctor(SportsWeb.Services.Repository.IGetEntity`2&lt;System.Guid,SportsWeb.Entities.Administrator&gt;)</Name>
              <FileRef uid="180" />
              <SequencePoints>
                <SequencePoint vc="1" uspid="7161" ordinal="0" offset="0" sl="12" sc="9" el="12" ec="102" bec="0" bev="0" fileid="180" />
                <SequencePoint vc="1" uspid="7162" ordinal="1" offset="7" sl="13" sc="9" el="13" ec="10" bec="0" bev="0" fileid="180" />
                <SequencePoint vc="1" uspid="7163" ordinal="2" offset="8" sl="14" sc="13" el="14" ec="60" bec="0" bev="0" fileid="180" />
                <SequencePoint vc="1" uspid="7164" ordinal="3" offset="15" sl="15" sc="9" el="15" ec="10" bec="0" bev="0" fileid="180" />
              </SequencePoints>
              <BranchPoints />
              <MethodPoint xsi:type="SequencePoint" vc="1" uspid="7161" ordinal="0" offset="0" sl="12" sc="9" el="12" ec="102" bec="0" bev="0" fileid="180" />
            </Method>
            <Method visited="true" cyclomaticComplexity="1" nPathComplexity="0" sequenceCoverage="100" branchCoverage="100" isConstructor="false" isStatic="false" isGetter="false" isSetter="false">
              <Summary numSequencePoints="4" visitedSequencePoints="4" numBranchPoints="1" visitedBranchPoints="1" sequenceCoverage="100" branchCoverage="100" maxCyclomaticComplexity="1" minCyclomaticComplexity="1" visitedClasses="0" numClasses="0" visitedMethods="1" numMethods="1" />
              <MetadataToken>100664450</MetadataToken>
              <Name>System.Void SportsWeb.Services.DomainModel.CommandHandlers.DeleteAdministratorCommandHandler::Handle(SportsWeb.Services.DomainModel.Commands.DeleteAdministratorCommand)</Name>
              <FileRef uid="180" />
              <SequencePoints>
                <SequencePoint vc="1" uspid="7165" ordinal="0" offset="0" sl="18" sc="9" el="18" ec="10" bec="0" bev="0" fileid="180" />
                <SequencePoint vc="1" uspid="7166" ordinal="1" offset="1" sl="19" sc="13" el="19" ec="69" bec="0" bev="0" fileid="180" />
                <SequencePoint vc="1" uspid="7167" ordinal="2" offset="19" sl="20" sc="13" el="20" ec="44" bec="0" bev="0" fileid="180" />
                <SequencePoint vc="1" uspid="7168" ordinal="3" offset="27" sl="21" sc="9" el="21" ec="10" bec="0" bev="0" fileid="180" />
              </SequencePoints>
              <BranchPoints />
              <MethodPoint xsi:type="SequencePoint" vc="1" uspid="7165" ordinal="0" offset="0" sl="18" sc="9" el="18" ec="10" bec="0" bev="0" fileid="180" />
            </Method>
          </Methods>
        </Class>
        <Class>
          <Summary numSequencePoints="14" visitedSequencePoints="10" numBranchPoints="3" visitedBranchPoints="3" sequenceCoverage="71.43" branchCoverage="100" maxCyclomaticComplexity="1" minCyclomaticComplexity="1" visitedClasses="1" numClasses="1" visitedMethods="3" numMethods="3" />
          <FullName>SportsWeb.Services.DomainModel.CommandHandlers.DeleteScheduleCommandHandler</FullName>
          <Methods>
            <Method visited="true" cyclomaticComplexity="1" nPathComplexity="0" sequenceCoverage="100" branchCoverage="100" isConstructor="true" isStatic="false" isGetter="false" isSetter="false">
              <Summary numSequencePoints="4" visitedSequencePoints="4" numBranchPoints="1" visitedBranchPoints="1" sequenceCoverage="100" branchCoverage="100" maxCyclomaticComplexity="1" minCyclomaticComplexity="1" visitedClasses="0" numClasses="0" visitedMethods="1" numMethods="1" />
              <MetadataToken>100664451</MetadataToken>
              <Name>System.Void SportsWeb.Services.DomainModel.CommandHandlers.DeleteScheduleCommandHandler::.ctor(SportsWeb.Services.Repository.IDeleteEntity`2&lt;System.Guid,SportsWeb.Entities.Entities.Schedule&gt;)</Name>
              <FileRef uid="181" />
              <SequencePoints>
                <SequencePoint vc="1" uspid="7169" ordinal="0" offset="0" sl="15" sc="9" el="15" ec="91" bec="0" bev="0" fileid="181" />
                <SequencePoint vc="1" uspid="7170" ordinal="1" offset="7" sl="16" sc="9" el="16" ec="10" bec="0" bev="0" fileid="181" />
                <SequencePoint vc="1" uspid="7171" ordinal="2" offset="8" sl="17" sc="13" el="17" ec="52" bec="0" bev="0" fileid="181" />
                <SequencePoint vc="1" uspid="7172" ordinal="3" offset="15" sl="18" sc="9" el="18" ec="10" bec="0" bev="0" fileid="181" />
              </SequencePoints>
              <BranchPoints />
              <MethodPoint xsi:type="SequencePoint" vc="1" uspid="7169" ordinal="0" offset="0" sl="15" sc="9" el="15" ec="91" bec="0" bev="0" fileid="181" />
            </Method>
            <Method visited="true" cyclomaticComplexity="1" nPathComplexity="0" sequenceCoverage="55.56" branchCoverage="100" isConstructor="false" isStatic="false" isGetter="false" isSetter="false">
              <Summary numSequencePoints="9" visitedSequencePoints="5" numBranchPoints="1" visitedBranchPoints="1" sequenceCoverage="55.56" branchCoverage="100" maxCyclomaticComplexity="1" minCyclomaticComplexity="1" visitedClasses="0" numClasses="0" visitedMethods="1" numMethods="1" />
              <MetadataToken>100664452</MetadataToken>
              <Name>System.Void SportsWeb.Services.DomainModel.CommandHandlers.DeleteScheduleCommandHandler::Handle(SportsWeb.Services.DomainModel.Commands.DeleteScheduleCommand)</Name>
              <FileRef uid="181" />
              <SequencePoints>
                <SequencePoint vc="1" uspid="7173" ordinal="0" offset="0" sl="21" sc="9" el="21" ec="10" bec="0" bev="0" fileid="181" />
                <SequencePoint vc="1" uspid="7174" ordinal="1" offset="1" sl="23" sc="13" el="23" ec="14" bec="0" bev="0" fileid="181" />
                <SequencePoint vc="1" uspid="7175" ordinal="2" offset="2" sl="24" sc="17" el="24" ec="52" bec="0" bev="0" fileid="181" />
                <SequencePoint vc="1" uspid="7176" ordinal="3" offset="20" sl="25" sc="13" el="25" ec="14" bec="0" bev="0" fileid="181" />
                <SequencePoint vc="0" uspid="7177" ordinal="4" offset="23" sl="26" sc="13" el="26" ec="33" bec="0" bev="0" fileid="181" />
                <SequencePoint vc="0" uspid="7178" ordinal="5" offset="24" sl="27" sc="13" el="27" ec="14" bec="0" bev="0" fileid="181" />
                <SequencePoint vc="0" uspid="7179" ordinal="6" offset="25" sl="28" sc="17" el="28" ec="103" bec="0" bev="0" fileid="181" />
                <SequencePoint vc="0" uspid="7180" ordinal="7" offset="42" sl="29" sc="17" el="29" ec="23" bec="0" bev="0" fileid="181" />
                <SequencePoint vc="1" uspid="7181" ordinal="8" offset="44" sl="31" sc="9" el="31" ec="10" bec="0" bev="0" fileid="181" />
              </SequencePoints>
              <BranchPoints />
              <MethodPoint xsi:type="SequencePoint" vc="1" uspid="7173" ordinal="0" offset="0" sl="21" sc="9" el="21" ec="10" bec="0" bev="0" fileid="181" />
            </Method>
            <Method visited="true" cyclomaticComplexity="1" nPathComplexity="0" sequenceCoverage="100" branchCoverage="100" isConstructor="true" isStatic="true" isGetter="false" isSetter="false">
              <Summary numSequencePoints="1" visitedSequencePoints="1" numBranchPoints="1" visitedBranchPoints="1" sequenceCoverage="100" branchCoverage="100" maxCyclomaticComplexity="1" minCyclomaticComplexity="1" visitedClasses="0" numClasses="0" visitedMethods="1" numMethods="1" />
              <MetadataToken>100664453</MetadataToken>
              <Name>System.Void SportsWeb.Services.DomainModel.CommandHandlers.DeleteScheduleCommandHandler::.cctor()</Name>
              <FileRef uid="181" />
              <SequencePoints>
                <SequencePoint vc="1" uspid="7182" ordinal="0" offset="0" sl="13" sc="9" el="13" ec="106" bec="0" bev="0" fileid="181" />
              </SequencePoints>
              <BranchPoints />
              <MethodPoint xsi:type="SequencePoint" vc="1" uspid="7182" ordinal="0" offset="0" sl="13" sc="9" el="13" ec="106" bec="0" bev="0" fileid="181" />
            </Method>
          </Methods>
        </Class>
        <Class>
          <Summary numSequencePoints="25" visitedSequencePoints="0" numBranchPoints="5" visitedBranchPoints="0" sequenceCoverage="0" branchCoverage="0" maxCyclomaticComplexity="2" minCyclomaticComplexity="1" visitedClasses="0" numClasses="1" visitedMethods="0" numMethods="3" />
          <FullName>SportsWeb.Services.DomainModel.CommandHandlers.UpdateCustomerUserCommandHandler</FullName>
          <Methods>
            <Method visited="false" cyclomaticComplexity="1" nPathComplexity="0" sequenceCoverage="0" branchCoverage="0" isConstructor="true" isStatic="false" isGetter="false" isSetter="false">
              <Summary numSequencePoints="5" visitedSequencePoints="0" numBranchPoints="1" visitedBranchPoints="0" sequenceCoverage="0" branchCoverage="0" maxCyclomaticComplexity="1" minCyclomaticComplexity="1" visitedClasses="0" numClasses="0" visitedMethods="0" numMethods="1" />
              <MetadataToken>100664454</MetadataToken>
              <Name>System.Void SportsWeb.Services.DomainModel.CommandHandlers.UpdateCustomerUserCommandHandler::.ctor(SportsWeb.Services.Repository.IAddEntity`2&lt;System.Guid,SportsWeb.Entities.AmpCustomerUser&gt;,SportsWeb.Services.Repository.IFind`1&lt;SportsWeb.Entities.AmpCustomerUser&gt;)</Name>
              <FileRef uid="182" />
              <SequencePoints>
                <SequencePoint vc="0" uspid="7183" ordinal="0" offset="0" sl="20" sc="9" el="20" ec="146" bec="0" bev="0" fileid="182" />
                <SequencePoint vc="0" uspid="7184" ordinal="1" offset="7" sl="21" sc="9" el="21" ec="10" bec="0" bev="0" fileid="182" />
                <SequencePoint vc="0" uspid="7185" ordinal="2" offset="8" sl="22" sc="13" el="22" ec="54" bec="0" bev="0" fileid="182" />
                <SequencePoint vc="0" uspid="7186" ordinal="3" offset="15" sl="23" sc="13" el="23" ec="59" bec="0" bev="0" fileid="182" />
                <SequencePoint vc="0" uspid="7187" ordinal="4" offset="22" sl="24" sc="9" el="24" ec="10" bec="0" bev="0" fileid="182" />
              </SequencePoints>
              <BranchPoints />
              <MethodPoint xsi:type="SequencePoint" vc="0" uspid="7183" ordinal="0" offset="0" sl="20" sc="9" el="20" ec="146" bec="0" bev="0" fileid="182" />
            </Method>
            <Method visited="false" cyclomaticComplexity="2" nPathComplexity="2" sequenceCoverage="0" branchCoverage="0" isConstructor="false" isStatic="false" isGetter="false" isSetter="false">
              <Summary numSequencePoints="19" visitedSequencePoints="0" numBranchPoints="3" visitedBranchPoints="0" sequenceCoverage="0" branchCoverage="0" maxCyclomaticComplexity="2" minCyclomaticComplexity="2" visitedClasses="0" numClasses="0" visitedMethods="0" numMethods="1" />
              <MetadataToken>100664455</MetadataToken>
              <Name>System.Void SportsWeb.Services.DomainModel.CommandHandlers.UpdateCustomerUserCommandHandler::Handle(SportsWeb.Services.DomainModel.Commands.UpdateCustomerUserCommand)</Name>
              <FileRef uid="182" />
              <SequencePoints>
                <SequencePoint vc="0" uspid="7188" ordinal="0" offset="13" sl="26" sc="9" el="26" ec="10" bec="0" bev="0" fileid="182" />
                <SequencePoint vc="0" uspid="7189" ordinal="1" offset="14" sl="28" sc="13" el="28" ec="14" bec="0" bev="0" fileid="182" />
                <SequencePoint vc="0" uspid="7190" ordinal="2" offset="15" sl="29" sc="17" el="29" ec="124" bec="0" bev="0" fileid="182" />
                <SequencePoint vc="0" uspid="7191" ordinal="3" offset="166" sl="30" sc="17" el="30" ec="34" bec="2" bev="0" fileid="182" />
                <SequencePoint vc="0" uspid="7192" ordinal="4" offset="174" sl="31" sc="17" el="31" ec="18" bec="0" bev="0" fileid="182" />
                <SequencePoint vc="0" uspid="7193" ordinal="5" offset="175" sl="32" sc="21" el="32" ec="50" bec="0" bev="0" fileid="182" />
                <SequencePoint vc="0" uspid="7194" ordinal="6" offset="193" sl="33" sc="21" el="33" ec="110" bec="0" bev="0" fileid="182" />
                <SequencePoint vc="0" uspid="7195" ordinal="7" offset="226" sl="34" sc="21" el="34" ec="58" bec="0" bev="0" fileid="182" />
                <SequencePoint vc="0" uspid="7196" ordinal="8" offset="244" sl="35" sc="21" el="35" ec="58" bec="0" bev="0" fileid="182" />
                <SequencePoint vc="0" uspid="7197" ordinal="9" offset="256" sl="36" sc="17" el="36" ec="18" bec="0" bev="0" fileid="182" />
                <SequencePoint vc="0" uspid="7198" ordinal="10" offset="259" sl="38" sc="17" el="38" ec="18" bec="0" bev="0" fileid="182" />
                <SequencePoint vc="0" uspid="7199" ordinal="11" offset="260" sl="39" sc="21" el="46" ec="24" bec="0" bev="0" fileid="182" />
                <SequencePoint vc="0" uspid="7200" ordinal="12" offset="376" sl="47" sc="17" el="47" ec="18" bec="0" bev="0" fileid="182" />
                <SequencePoint vc="0" uspid="7201" ordinal="13" offset="377" sl="48" sc="13" el="48" ec="14" bec="0" bev="0" fileid="182" />
                <SequencePoint vc="0" uspid="7202" ordinal="14" offset="380" sl="49" sc="13" el="49" ec="33" bec="0" bev="0" fileid="182" />
                <SequencePoint vc="0" uspid="7203" ordinal="15" offset="382" sl="50" sc="13" el="50" ec="14" bec="0" bev="0" fileid="182" />
                <SequencePoint vc="0" uspid="7204" ordinal="16" offset="383" sl="51" sc="17" el="51" ec="103" bec="0" bev="0" fileid="182" />
                <SequencePoint vc="0" uspid="7205" ordinal="17" offset="401" sl="52" sc="17" el="52" ec="23" bec="0" bev="0" fileid="182" />
                <SequencePoint vc="0" uspid="7206" ordinal="18" offset="403" sl="54" sc="9" el="54" ec="10" bec="0" bev="0" fileid="182" />
              </SequencePoints>
              <BranchPoints>
                <BranchPoint vc="0" uspid="7207" ordinal="0" offset="172" sl="30" path="0" offsetend="174" fileid="182" />
                <BranchPoint vc="0" uspid="7208" ordinal="1" offset="172" sl="30" path="1" offsetend="259" fileid="182" />
              </BranchPoints>
              <MethodPoint vc="0" uspid="7209" ordinal="0" offset="0" />
            </Method>
            <Method visited="false" cyclomaticComplexity="1" nPathComplexity="0" sequenceCoverage="0" branchCoverage="0" isConstructor="true" isStatic="true" isGetter="false" isSetter="false">
              <Summary numSequencePoints="1" visitedSequencePoints="0" numBranchPoints="1" visitedBranchPoints="0" sequenceCoverage="0" branchCoverage="0" maxCyclomaticComplexity="1" minCyclomaticComplexity="1" visitedClasses="0" numClasses="0" visitedMethods="0" numMethods="1" />
              <MetadataToken>100664456</MetadataToken>
              <Name>System.Void SportsWeb.Services.DomainModel.CommandHandlers.UpdateCustomerUserCommandHandler::.cctor()</Name>
              <FileRef uid="182" />
              <SequencePoints>
                <SequencePoint vc="0" uspid="7210" ordinal="0" offset="0" sl="18" sc="9" el="18" ec="110" bec="0" bev="0" fileid="182" />
              </SequencePoints>
              <BranchPoints />
              <MethodPoint xsi:type="SequencePoint" vc="0" uspid="7210" ordinal="0" offset="0" sl="18" sc="9" el="18" ec="110" bec="0" bev="0" fileid="182" />
            </Method>
          </Methods>
        </Class>
        <Class>
          <Summary numSequencePoints="0" visitedSequencePoints="0" numBranchPoints="0" visitedBranchPoints="0" sequenceCoverage="0" branchCoverage="0" maxCyclomaticComplexity="1" minCyclomaticComplexity="1" visitedClasses="0" numClasses="0" visitedMethods="0" numMethods="0" />
          <FullName>SportsWeb.Services.DomainModel.CommandHandlers.UpdateCustomerUserCommandHandler/&lt;&gt;c__DisplayClass4_0</FullName>
          <Methods>
            <Method visited="false" cyclomaticComplexity="1" nPathComplexity="0" sequenceCoverage="0" branchCoverage="0" isConstructor="true" isStatic="false" isGetter="false" isSetter="false">
              <Summary numSequencePoints="0" visitedSequencePoints="0" numBranchPoints="0" visitedBranchPoints="0" sequenceCoverage="0" branchCoverage="0" maxCyclomaticComplexity="1" minCyclomaticComplexity="1" visitedClasses="0" numClasses="0" visitedMethods="0" numMethods="0" />
              <MetadataToken>100667067</MetadataToken>
              <Name>System.Void SportsWeb.Services.DomainModel.CommandHandlers.UpdateCustomerUserCommandHandler/&lt;&gt;c__DisplayClass4_0::.ctor()</Name>
              <SequencePoints />
              <BranchPoints />
              <MethodPoint vc="0" uspid="7211" ordinal="0" offset="0" />
            </Method>
          </Methods>
        </Class>
        <Class>
          <Summary numSequencePoints="18" visitedSequencePoints="14" numBranchPoints="3" visitedBranchPoints="3" sequenceCoverage="77.78" branchCoverage="100" maxCyclomaticComplexity="1" minCyclomaticComplexity="1" visitedClasses="1" numClasses="1" visitedMethods="3" numMethods="3" />
          <FullName>SportsWeb.Services.DomainModel.CommandHandlers.UpdateCustomSceneForSiteCommandHandler</FullName>
          <Methods>
            <Method visited="true" cyclomaticComplexity="1" nPathComplexity="0" sequenceCoverage="100" branchCoverage="100" isConstructor="true" isStatic="false" isGetter="false" isSetter="false">
              <Summary numSequencePoints="4" visitedSequencePoints="4" numBranchPoints="1" visitedBranchPoints="1" sequenceCoverage="100" branchCoverage="100" maxCyclomaticComplexity="1" minCyclomaticComplexity="1" visitedClasses="0" numClasses="0" visitedMethods="1" numMethods="1" />
              <MetadataToken>100664457</MetadataToken>
              <Name>System.Void SportsWeb.Services.DomainModel.CommandHandlers.UpdateCustomSceneForSiteCommandHandler::.ctor(SportsWeb.Services.Repository.IGetEntity`2&lt;System.Guid,SportsWeb.Entities.Scenes&gt;)</Name>
              <FileRef uid="183" />
              <SequencePoints>
                <SequencePoint vc="1" uspid="7212" ordinal="0" offset="0" sl="20" sc="9" el="20" ec="92" bec="0" bev="0" fileid="183" />
                <SequencePoint vc="1" uspid="7213" ordinal="1" offset="7" sl="21" sc="9" el="21" ec="10" bec="0" bev="0" fileid="183" />
                <SequencePoint vc="1" uspid="7214" ordinal="2" offset="8" sl="22" sc="13" el="22" ec="44" bec="0" bev="0" fileid="183" />
                <SequencePoint vc="1" uspid="7215" ordinal="3" offset="15" sl="23" sc="9" el="23" ec="10" bec="0" bev="0" fileid="183" />
              </SequencePoints>
              <BranchPoints />
              <MethodPoint xsi:type="SequencePoint" vc="1" uspid="7212" ordinal="0" offset="0" sl="20" sc="9" el="20" ec="92" bec="0" bev="0" fileid="183" />
            </Method>
            <Method visited="true" cyclomaticComplexity="1" nPathComplexity="0" sequenceCoverage="69.23" branchCoverage="100" isConstructor="false" isStatic="false" isGetter="false" isSetter="false">
              <Summary numSequencePoints="13" visitedSequencePoints="9" numBranchPoints="1" visitedBranchPoints="1" sequenceCoverage="69.23" branchCoverage="100" maxCyclomaticComplexity="1" minCyclomaticComplexity="1" visitedClasses="0" numClasses="0" visitedMethods="1" numMethods="1" />
              <MetadataToken>100664458</MetadataToken>
              <Name>System.Void SportsWeb.Services.DomainModel.CommandHandlers.UpdateCustomSceneForSiteCommandHandler::Handle(SportsWeb.Services.DomainModel.Commands.UpdateCustomSceneCommand)</Name>
              <FileRef uid="183" />
              <SequencePoints>
                <SequencePoint vc="1" uspid="7216" ordinal="0" offset="0" sl="26" sc="9" el="26" ec="10" bec="0" bev="0" fileid="183" />
                <SequencePoint vc="1" uspid="7217" ordinal="1" offset="1" sl="28" sc="13" el="28" ec="14" bec="0" bev="0" fileid="183" />
                <SequencePoint vc="1" uspid="7218" ordinal="2" offset="2" sl="29" sc="17" el="29" ec="57" bec="0" bev="0" fileid="183" />
                <SequencePoint vc="1" uspid="7219" ordinal="3" offset="20" sl="30" sc="17" el="30" ec="47" bec="0" bev="0" fileid="183" />
                <SequencePoint vc="1" uspid="7220" ordinal="4" offset="33" sl="31" sc="17" el="31" ec="49" bec="0" bev="0" fileid="183" />
                <SequencePoint vc="1" uspid="7221" ordinal="5" offset="46" sl="32" sc="17" el="32" ec="57" bec="0" bev="0" fileid="183" />
                <SequencePoint vc="1" uspid="7222" ordinal="6" offset="59" sl="33" sc="17" el="33" ec="55" bec="0" bev="0" fileid="183" />
                <SequencePoint vc="1" uspid="7223" ordinal="7" offset="72" sl="34" sc="13" el="34" ec="14" bec="0" bev="0" fileid="183" />
                <SequencePoint vc="0" uspid="7224" ordinal="8" offset="75" sl="35" sc="13" el="35" ec="33" bec="0" bev="0" fileid="183" />
                <SequencePoint vc="0" uspid="7225" ordinal="9" offset="76" sl="36" sc="13" el="36" ec="14" bec="0" bev="0" fileid="183" />
                <SequencePoint vc="0" uspid="7226" ordinal="10" offset="77" sl="37" sc="17" el="37" ec="113" bec="0" bev="0" fileid="183" />
                <SequencePoint vc="0" uspid="7227" ordinal="11" offset="94" sl="38" sc="17" el="38" ec="23" bec="0" bev="0" fileid="183" />
                <SequencePoint vc="1" uspid="7228" ordinal="12" offset="96" sl="40" sc="9" el="40" ec="10" bec="0" bev="0" fileid="183" />
              </SequencePoints>
              <BranchPoints />
              <MethodPoint xsi:type="SequencePoint" vc="1" uspid="7216" ordinal="0" offset="0" sl="26" sc="9" el="26" ec="10" bec="0" bev="0" fileid="183" />
            </Method>
            <Method visited="true" cyclomaticComplexity="1" nPathComplexity="0" sequenceCoverage="100" branchCoverage="100" isConstructor="true" isStatic="true" isGetter="false" isSetter="false">
              <Summary numSequencePoints="1" visitedSequencePoints="1" numBranchPoints="1" visitedBranchPoints="1" sequenceCoverage="100" branchCoverage="100" maxCyclomaticComplexity="1" minCyclomaticComplexity="1" visitedClasses="0" numClasses="0" visitedMethods="1" numMethods="1" />
              <MetadataToken>100664459</MetadataToken>
              <Name>System.Void SportsWeb.Services.DomainModel.CommandHandlers.UpdateCustomSceneForSiteCommandHandler::.cctor()</Name>
              <FileRef uid="183" />
              <SequencePoints>
                <SequencePoint vc="1" uspid="7229" ordinal="0" offset="0" sl="18" sc="9" el="18" ec="116" bec="0" bev="0" fileid="183" />
              </SequencePoints>
              <BranchPoints />
              <MethodPoint xsi:type="SequencePoint" vc="1" uspid="7229" ordinal="0" offset="0" sl="18" sc="9" el="18" ec="116" bec="0" bev="0" fileid="183" />
            </Method>
          </Methods>
        </Class>
        <Class>
          <Summary numSequencePoints="15" visitedSequencePoints="11" numBranchPoints="3" visitedBranchPoints="3" sequenceCoverage="73.33" branchCoverage="100" maxCyclomaticComplexity="1" minCyclomaticComplexity="1" visitedClasses="1" numClasses="1" visitedMethods="3" numMethods="3" />
          <FullName>SportsWeb.Services.DomainModel.CommandHandlers.UpdateKeypadCommandHandler</FullName>
          <Methods>
            <Method visited="true" cyclomaticComplexity="1" nPathComplexity="0" sequenceCoverage="100" branchCoverage="100" isConstructor="true" isStatic="false" isGetter="false" isSetter="false">
              <Summary numSequencePoints="4" visitedSequencePoints="4" numBranchPoints="1" visitedBranchPoints="1" sequenceCoverage="100" branchCoverage="100" maxCyclomaticComplexity="1" minCyclomaticComplexity="1" visitedClasses="0" numClasses="0" visitedMethods="1" numMethods="1" />
              <MetadataToken>100664460</MetadataToken>
              <Name>System.Void SportsWeb.Services.DomainModel.CommandHandlers.UpdateKeypadCommandHandler::.ctor(SportsWeb.Services.Repository.IGetEntity`2&lt;System.Guid,SportsWeb.Entities.Entities.Keypad&gt;)</Name>
              <FileRef uid="184" />
              <SequencePoints>
                <SequencePoint vc="1" uspid="7230" ordinal="0" offset="0" sl="15" sc="9" el="16" ec="49" bec="0" bev="0" fileid="184" />
                <SequencePoint vc="1" uspid="7231" ordinal="1" offset="7" sl="17" sc="9" el="17" ec="10" bec="0" bev="0" fileid="184" />
                <SequencePoint vc="1" uspid="7232" ordinal="2" offset="8" sl="19" sc="13" el="19" ec="47" bec="0" bev="0" fileid="184" />
                <SequencePoint vc="1" uspid="7233" ordinal="3" offset="15" sl="21" sc="9" el="21" ec="10" bec="0" bev="0" fileid="184" />
              </SequencePoints>
              <BranchPoints />
              <MethodPoint xsi:type="SequencePoint" vc="1" uspid="7230" ordinal="0" offset="0" sl="15" sc="9" el="16" ec="49" bec="0" bev="0" fileid="184" />
            </Method>
            <Method visited="true" cyclomaticComplexity="1" nPathComplexity="0" sequenceCoverage="60" branchCoverage="100" isConstructor="false" isStatic="false" isGetter="false" isSetter="false">
              <Summary numSequencePoints="10" visitedSequencePoints="6" numBranchPoints="1" visitedBranchPoints="1" sequenceCoverage="60" branchCoverage="100" maxCyclomaticComplexity="1" minCyclomaticComplexity="1" visitedClasses="0" numClasses="0" visitedMethods="1" numMethods="1" />
              <MetadataToken>100664461</MetadataToken>
              <Name>System.Void SportsWeb.Services.DomainModel.CommandHandlers.UpdateKeypadCommandHandler::Handle(SportsWeb.Services.DomainModel.Commands.UpdateKeypadCommand)</Name>
              <FileRef uid="184" />
              <SequencePoints>
                <SequencePoint vc="1" uspid="7234" ordinal="0" offset="0" sl="24" sc="9" el="24" ec="10" bec="0" bev="0" fileid="184" />
                <SequencePoint vc="1" uspid="7235" ordinal="1" offset="1" sl="26" sc="13" el="26" ec="14" bec="0" bev="0" fileid="184" />
                <SequencePoint vc="1" uspid="7236" ordinal="2" offset="2" sl="27" sc="17" el="27" ec="60" bec="0" bev="0" fileid="184" />
                <SequencePoint vc="1" uspid="7237" ordinal="3" offset="20" sl="28" sc="17" el="28" ec="50" bec="0" bev="0" fileid="184" />
                <SequencePoint vc="1" uspid="7238" ordinal="4" offset="33" sl="30" sc="13" el="30" ec="14" bec="0" bev="0" fileid="184" />
                <SequencePoint vc="0" uspid="7239" ordinal="5" offset="36" sl="31" sc="13" el="31" ec="33" bec="0" bev="0" fileid="184" />
                <SequencePoint vc="0" uspid="7240" ordinal="6" offset="37" sl="32" sc="13" el="32" ec="14" bec="0" bev="0" fileid="184" />
                <SequencePoint vc="0" uspid="7241" ordinal="7" offset="38" sl="33" sc="17" el="33" ec="94" bec="0" bev="0" fileid="184" />
                <SequencePoint vc="0" uspid="7242" ordinal="8" offset="55" sl="34" sc="17" el="34" ec="23" bec="0" bev="0" fileid="184" />
                <SequencePoint vc="1" uspid="7243" ordinal="9" offset="57" sl="36" sc="9" el="36" ec="10" bec="0" bev="0" fileid="184" />
              </SequencePoints>
              <BranchPoints />
              <MethodPoint xsi:type="SequencePoint" vc="1" uspid="7234" ordinal="0" offset="0" sl="24" sc="9" el="24" ec="10" bec="0" bev="0" fileid="184" />
            </Method>
            <Method visited="true" cyclomaticComplexity="1" nPathComplexity="0" sequenceCoverage="100" branchCoverage="100" isConstructor="true" isStatic="true" isGetter="false" isSetter="false">
              <Summary numSequencePoints="1" visitedSequencePoints="1" numBranchPoints="1" visitedBranchPoints="1" sequenceCoverage="100" branchCoverage="100" maxCyclomaticComplexity="1" minCyclomaticComplexity="1" visitedClasses="0" numClasses="0" visitedMethods="1" numMethods="1" />
              <MetadataToken>100664462</MetadataToken>
              <Name>System.Void SportsWeb.Services.DomainModel.CommandHandlers.UpdateKeypadCommandHandler::.cctor()</Name>
              <FileRef uid="184" />
              <SequencePoints>
                <SequencePoint vc="1" uspid="7244" ordinal="0" offset="0" sl="13" sc="9" el="13" ec="104" bec="0" bev="0" fileid="184" />
              </SequencePoints>
              <BranchPoints />
              <MethodPoint xsi:type="SequencePoint" vc="1" uspid="7244" ordinal="0" offset="0" sl="13" sc="9" el="13" ec="104" bec="0" bev="0" fileid="184" />
            </Method>
          </Methods>
        </Class>
        <Class>
          <Summary numSequencePoints="15" visitedSequencePoints="11" numBranchPoints="3" visitedBranchPoints="3" sequenceCoverage="73.33" branchCoverage="100" maxCyclomaticComplexity="1" minCyclomaticComplexity="1" visitedClasses="1" numClasses="1" visitedMethods="3" numMethods="3" />
          <FullName>SportsWeb.Services.DomainModel.CommandHandlers.AddKeypadCommandHandler</FullName>
          <Methods>
            <Method visited="true" cyclomaticComplexity="1" nPathComplexity="0" sequenceCoverage="100" branchCoverage="100" isConstructor="true" isStatic="false" isGetter="false" isSetter="false">
              <Summary numSequencePoints="4" visitedSequencePoints="4" numBranchPoints="1" visitedBranchPoints="1" sequenceCoverage="100" branchCoverage="100" maxCyclomaticComplexity="1" minCyclomaticComplexity="1" visitedClasses="0" numClasses="0" visitedMethods="1" numMethods="1" />
              <MetadataToken>100664463</MetadataToken>
              <Name>System.Void SportsWeb.Services.DomainModel.CommandHandlers.AddKeypadCommandHandler::.ctor(SportsWeb.Services.Repository.IAddEntity`2&lt;System.Guid,SportsWeb.Entities.Entities.Keypad&gt;)</Name>
              <FileRef uid="185" />
              <SequencePoints>
                <SequencePoint vc="1" uspid="7245" ordinal="0" offset="0" sl="16" sc="9" el="17" ec="48" bec="0" bev="0" fileid="185" />
                <SequencePoint vc="1" uspid="7246" ordinal="1" offset="7" sl="18" sc="9" el="18" ec="10" bec="0" bev="0" fileid="185" />
                <SequencePoint vc="1" uspid="7247" ordinal="2" offset="8" sl="19" sc="13" el="19" ec="45" bec="0" bev="0" fileid="185" />
                <SequencePoint vc="1" uspid="7248" ordinal="3" offset="15" sl="20" sc="9" el="20" ec="10" bec="0" bev="0" fileid="185" />
              </SequencePoints>
              <BranchPoints />
              <MethodPoint xsi:type="SequencePoint" vc="1" uspid="7245" ordinal="0" offset="0" sl="16" sc="9" el="17" ec="48" bec="0" bev="0" fileid="185" />
            </Method>
            <Method visited="true" cyclomaticComplexity="1" nPathComplexity="0" sequenceCoverage="60" branchCoverage="100" isConstructor="false" isStatic="false" isGetter="false" isSetter="false">
              <Summary numSequencePoints="10" visitedSequencePoints="6" numBranchPoints="1" visitedBranchPoints="1" sequenceCoverage="60" branchCoverage="100" maxCyclomaticComplexity="1" minCyclomaticComplexity="1" visitedClasses="0" numClasses="0" visitedMethods="1" numMethods="1" />
              <MetadataToken>100664464</MetadataToken>
              <Name>System.Void SportsWeb.Services.DomainModel.CommandHandlers.AddKeypadCommandHandler::Handle(SportsWeb.Services.DomainModel.Commands.AddKeypadCommand)</Name>
              <FileRef uid="185" />
              <SequencePoints>
                <SequencePoint vc="1" uspid="7249" ordinal="0" offset="0" sl="23" sc="9" el="23" ec="10" bec="0" bev="0" fileid="185" />
                <SequencePoint vc="1" uspid="7250" ordinal="1" offset="1" sl="25" sc="13" el="25" ec="14" bec="0" bev="0" fileid="185" />
                <SequencePoint vc="1" uspid="7251" ordinal="2" offset="2" sl="26" sc="17" el="32" ec="19" bec="0" bev="0" fileid="185" />
                <SequencePoint vc="1" uspid="7252" ordinal="3" offset="59" sl="34" sc="17" el="34" ec="45" bec="0" bev="0" fileid="185" />
                <SequencePoint vc="1" uspid="7253" ordinal="4" offset="72" sl="35" sc="13" el="35" ec="14" bec="0" bev="0" fileid="185" />
                <SequencePoint vc="0" uspid="7254" ordinal="5" offset="75" sl="36" sc="13" el="36" ec="33" bec="0" bev="0" fileid="185" />
                <SequencePoint vc="0" uspid="7255" ordinal="6" offset="76" sl="37" sc="13" el="37" ec="14" bec="0" bev="0" fileid="185" />
                <SequencePoint vc="0" uspid="7256" ordinal="7" offset="77" sl="38" sc="17" el="38" ec="91" bec="0" bev="0" fileid="185" />
                <SequencePoint vc="0" uspid="7257" ordinal="8" offset="94" sl="39" sc="17" el="39" ec="23" bec="0" bev="0" fileid="185" />
                <SequencePoint vc="1" uspid="7258" ordinal="9" offset="96" sl="41" sc="9" el="41" ec="10" bec="0" bev="0" fileid="185" />
              </SequencePoints>
              <BranchPoints />
              <MethodPoint xsi:type="SequencePoint" vc="1" uspid="7249" ordinal="0" offset="0" sl="23" sc="9" el="23" ec="10" bec="0" bev="0" fileid="185" />
            </Method>
            <Method visited="true" cyclomaticComplexity="1" nPathComplexity="0" sequenceCoverage="100" branchCoverage="100" isConstructor="true" isStatic="true" isGetter="false" isSetter="false">
              <Summary numSequencePoints="1" visitedSequencePoints="1" numBranchPoints="1" visitedBranchPoints="1" sequenceCoverage="100" branchCoverage="100" maxCyclomaticComplexity="1" minCyclomaticComplexity="1" visitedClasses="0" numClasses="0" visitedMethods="1" numMethods="1" />
              <MetadataToken>100664465</MetadataToken>
              <Name>System.Void SportsWeb.Services.DomainModel.CommandHandlers.AddKeypadCommandHandler::.cctor()</Name>
              <FileRef uid="185" />
              <SequencePoints>
                <SequencePoint vc="1" uspid="7259" ordinal="0" offset="0" sl="14" sc="9" el="14" ec="101" bec="0" bev="0" fileid="185" />
              </SequencePoints>
              <BranchPoints />
              <MethodPoint xsi:type="SequencePoint" vc="1" uspid="7259" ordinal="0" offset="0" sl="14" sc="9" el="14" ec="101" bec="0" bev="0" fileid="185" />
            </Method>
          </Methods>
        </Class>
        <Class>
          <Summary numSequencePoints="15" visitedSequencePoints="11" numBranchPoints="3" visitedBranchPoints="3" sequenceCoverage="73.33" branchCoverage="100" maxCyclomaticComplexity="1" minCyclomaticComplexity="1" visitedClasses="1" numClasses="1" visitedMethods="3" numMethods="3" />
          <FullName>SportsWeb.Services.DomainModel.CommandHandlers.AddAmpCustomerUserCommandHandler</FullName>
          <Methods>
            <Method visited="true" cyclomaticComplexity="1" nPathComplexity="0" sequenceCoverage="100" branchCoverage="100" isConstructor="true" isStatic="false" isGetter="false" isSetter="false">
              <Summary numSequencePoints="4" visitedSequencePoints="4" numBranchPoints="1" visitedBranchPoints="1" sequenceCoverage="100" branchCoverage="100" maxCyclomaticComplexity="1" minCyclomaticComplexity="1" visitedClasses="0" numClasses="0" visitedMethods="1" numMethods="1" />
              <MetadataToken>100664466</MetadataToken>
              <Name>System.Void SportsWeb.Services.DomainModel.CommandHandlers.AddAmpCustomerUserCommandHandler::.ctor(SportsWeb.Services.Repository.IAddEntity`2&lt;System.Guid,SportsWeb.Entities.AmpCustomerUser&gt;)</Name>
              <FileRef uid="186" />
              <SequencePoints>
                <SequencePoint vc="1" uspid="7260" ordinal="0" offset="0" sl="18" sc="9" el="19" ec="66" bec="0" bev="0" fileid="186" />
                <SequencePoint vc="1" uspid="7261" ordinal="1" offset="7" sl="20" sc="9" el="20" ec="10" bec="0" bev="0" fileid="186" />
                <SequencePoint vc="1" uspid="7262" ordinal="2" offset="8" sl="22" sc="13" el="22" ec="62" bec="0" bev="0" fileid="186" />
                <SequencePoint vc="1" uspid="7263" ordinal="3" offset="15" sl="23" sc="9" el="23" ec="10" bec="0" bev="0" fileid="186" />
              </SequencePoints>
              <BranchPoints />
              <MethodPoint xsi:type="SequencePoint" vc="1" uspid="7260" ordinal="0" offset="0" sl="18" sc="9" el="19" ec="66" bec="0" bev="0" fileid="186" />
            </Method>
            <Method visited="true" cyclomaticComplexity="1" nPathComplexity="0" sequenceCoverage="60" branchCoverage="100" isConstructor="false" isStatic="false" isGetter="false" isSetter="false">
              <Summary numSequencePoints="10" visitedSequencePoints="6" numBranchPoints="1" visitedBranchPoints="1" sequenceCoverage="60" branchCoverage="100" maxCyclomaticComplexity="1" minCyclomaticComplexity="1" visitedClasses="0" numClasses="0" visitedMethods="1" numMethods="1" />
              <MetadataToken>100664467</MetadataToken>
              <Name>System.Void SportsWeb.Services.DomainModel.CommandHandlers.AddAmpCustomerUserCommandHandler::Handle(SportsWeb.Services.DomainModel.Commands.AddAmpCustomerUserCommand)</Name>
              <FileRef uid="186" />
              <SequencePoints>
                <SequencePoint vc="1" uspid="7264" ordinal="0" offset="0" sl="26" sc="9" el="26" ec="10" bec="0" bev="0" fileid="186" />
                <SequencePoint vc="1" uspid="7265" ordinal="1" offset="1" sl="28" sc="13" el="28" ec="14" bec="0" bev="0" fileid="186" />
                <SequencePoint vc="1" uspid="7266" ordinal="2" offset="2" sl="29" sc="17" el="36" ec="19" bec="0" bev="0" fileid="186" />
                <SequencePoint vc="1" uspid="7267" ordinal="3" offset="87" sl="38" sc="17" el="38" ec="54" bec="0" bev="0" fileid="186" />
                <SequencePoint vc="1" uspid="7268" ordinal="4" offset="100" sl="39" sc="13" el="39" ec="14" bec="0" bev="0" fileid="186" />
                <SequencePoint vc="0" uspid="7269" ordinal="5" offset="103" sl="40" sc="13" el="40" ec="33" bec="0" bev="0" fileid="186" />
                <SequencePoint vc="0" uspid="7270" ordinal="6" offset="104" sl="41" sc="13" el="41" ec="14" bec="0" bev="0" fileid="186" />
                <SequencePoint vc="0" uspid="7271" ordinal="7" offset="105" sl="42" sc="17" el="42" ec="99" bec="0" bev="0" fileid="186" />
                <SequencePoint vc="0" uspid="7272" ordinal="8" offset="122" sl="43" sc="17" el="43" ec="23" bec="0" bev="0" fileid="186" />
                <SequencePoint vc="1" uspid="7273" ordinal="9" offset="124" sl="45" sc="9" el="45" ec="10" bec="0" bev="0" fileid="186" />
              </SequencePoints>
              <BranchPoints />
              <MethodPoint xsi:type="SequencePoint" vc="1" uspid="7264" ordinal="0" offset="0" sl="26" sc="9" el="26" ec="10" bec="0" bev="0" fileid="186" />
            </Method>
            <Method visited="true" cyclomaticComplexity="1" nPathComplexity="0" sequenceCoverage="100" branchCoverage="100" isConstructor="true" isStatic="true" isGetter="false" isSetter="false">
              <Summary numSequencePoints="1" visitedSequencePoints="1" numBranchPoints="1" visitedBranchPoints="1" sequenceCoverage="100" branchCoverage="100" maxCyclomaticComplexity="1" minCyclomaticComplexity="1" visitedClasses="0" numClasses="0" visitedMethods="1" numMethods="1" />
              <MetadataToken>100664468</MetadataToken>
              <Name>System.Void SportsWeb.Services.DomainModel.CommandHandlers.AddAmpCustomerUserCommandHandler::.cctor()</Name>
              <FileRef uid="186" />
              <SequencePoints>
                <SequencePoint vc="1" uspid="7274" ordinal="0" offset="0" sl="16" sc="9" el="16" ec="106" bec="0" bev="0" fileid="186" />
              </SequencePoints>
              <BranchPoints />
              <MethodPoint xsi:type="SequencePoint" vc="1" uspid="7274" ordinal="0" offset="0" sl="16" sc="9" el="16" ec="106" bec="0" bev="0" fileid="186" />
            </Method>
          </Methods>
        </Class>
        <Class>
          <Summary numSequencePoints="14" visitedSequencePoints="10" numBranchPoints="3" visitedBranchPoints="3" sequenceCoverage="71.43" branchCoverage="100" maxCyclomaticComplexity="1" minCyclomaticComplexity="1" visitedClasses="1" numClasses="1" visitedMethods="3" numMethods="3" />
          <FullName>SportsWeb.Services.DomainModel.CommandHandlers.AddSceneChangeCommandHandler</FullName>
          <Methods>
            <Method visited="true" cyclomaticComplexity="1" nPathComplexity="0" sequenceCoverage="100" branchCoverage="100" isConstructor="true" isStatic="false" isGetter="false" isSetter="false">
              <Summary numSequencePoints="4" visitedSequencePoints="4" numBranchPoints="1" visitedBranchPoints="1" sequenceCoverage="100" branchCoverage="100" maxCyclomaticComplexity="1" minCyclomaticComplexity="1" visitedClasses="0" numClasses="0" visitedMethods="1" numMethods="1" />
              <MetadataToken>100664469</MetadataToken>
              <Name>System.Void SportsWeb.Services.DomainModel.CommandHandlers.AddSceneChangeCommandHandler::.ctor(SportsWeb.Services.Repository.IAddEntity`2&lt;System.Guid,SportsWeb.Entities.Entities.SceneChangeDetail&gt;)</Name>
              <FileRef uid="187" />
              <SequencePoints>
                <SequencePoint vc="1" uspid="7275" ordinal="0" offset="0" sl="16" sc="9" el="16" ec="92" bec="0" bev="0" fileid="187" />
                <SequencePoint vc="1" uspid="7276" ordinal="1" offset="7" sl="17" sc="9" el="17" ec="10" bec="0" bev="0" fileid="187" />
                <SequencePoint vc="1" uspid="7277" ordinal="2" offset="8" sl="18" sc="13" el="18" ec="42" bec="0" bev="0" fileid="187" />
                <SequencePoint vc="1" uspid="7278" ordinal="3" offset="15" sl="19" sc="9" el="19" ec="10" bec="0" bev="0" fileid="187" />
              </SequencePoints>
              <BranchPoints />
              <MethodPoint xsi:type="SequencePoint" vc="1" uspid="7275" ordinal="0" offset="0" sl="16" sc="9" el="16" ec="92" bec="0" bev="0" fileid="187" />
            </Method>
            <Method visited="true" cyclomaticComplexity="1" nPathComplexity="0" sequenceCoverage="55.56" branchCoverage="100" isConstructor="false" isStatic="false" isGetter="false" isSetter="false">
              <Summary numSequencePoints="9" visitedSequencePoints="5" numBranchPoints="1" visitedBranchPoints="1" sequenceCoverage="55.56" branchCoverage="100" maxCyclomaticComplexity="1" minCyclomaticComplexity="1" visitedClasses="0" numClasses="0" visitedMethods="1" numMethods="1" />
              <MetadataToken>100664470</MetadataToken>
              <Name>System.Void SportsWeb.Services.DomainModel.CommandHandlers.AddSceneChangeCommandHandler::Handle(SportsWeb.Services.DomainModel.Commands.AddSceneChange)</Name>
              <FileRef uid="187" />
              <SequencePoints>
                <SequencePoint vc="1" uspid="7279" ordinal="0" offset="0" sl="22" sc="9" el="22" ec="10" bec="0" bev="0" fileid="187" />
                <SequencePoint vc="1" uspid="7280" ordinal="1" offset="1" sl="24" sc="13" el="24" ec="14" bec="0" bev="0" fileid="187" />
                <SequencePoint vc="1" uspid="7281" ordinal="2" offset="2" sl="25" sc="17" el="34" ec="20" bec="0" bev="0" fileid="187" />
                <SequencePoint vc="1" uspid="7282" ordinal="3" offset="109" sl="35" sc="13" el="35" ec="14" bec="0" bev="0" fileid="187" />
                <SequencePoint vc="0" uspid="7283" ordinal="4" offset="112" sl="36" sc="13" el="36" ec="33" bec="0" bev="0" fileid="187" />
                <SequencePoint vc="0" uspid="7284" ordinal="5" offset="113" sl="37" sc="13" el="37" ec="14" bec="0" bev="0" fileid="187" />
                <SequencePoint vc="0" uspid="7285" ordinal="6" offset="114" sl="38" sc="17" el="38" ec="104" bec="0" bev="0" fileid="187" />
                <SequencePoint vc="0" uspid="7286" ordinal="7" offset="131" sl="39" sc="17" el="39" ec="23" bec="0" bev="0" fileid="187" />
                <SequencePoint vc="1" uspid="7287" ordinal="8" offset="133" sl="41" sc="9" el="41" ec="10" bec="0" bev="0" fileid="187" />
              </SequencePoints>
              <BranchPoints />
              <MethodPoint xsi:type="SequencePoint" vc="1" uspid="7279" ordinal="0" offset="0" sl="22" sc="9" el="22" ec="10" bec="0" bev="0" fileid="187" />
            </Method>
            <Method visited="true" cyclomaticComplexity="1" nPathComplexity="0" sequenceCoverage="100" branchCoverage="100" isConstructor="true" isStatic="true" isGetter="false" isSetter="false">
              <Summary numSequencePoints="1" visitedSequencePoints="1" numBranchPoints="1" visitedBranchPoints="1" sequenceCoverage="100" branchCoverage="100" maxCyclomaticComplexity="1" minCyclomaticComplexity="1" visitedClasses="0" numClasses="0" visitedMethods="1" numMethods="1" />
              <MetadataToken>100664471</MetadataToken>
              <Name>System.Void SportsWeb.Services.DomainModel.CommandHandlers.AddSceneChangeCommandHandler::.cctor()</Name>
              <FileRef uid="187" />
              <SequencePoints>
                <SequencePoint vc="1" uspid="7288" ordinal="0" offset="0" sl="14" sc="9" el="14" ec="106" bec="0" bev="0" fileid="187" />
              </SequencePoints>
              <BranchPoints />
              <MethodPoint xsi:type="SequencePoint" vc="1" uspid="7288" ordinal="0" offset="0" sl="14" sc="9" el="14" ec="106" bec="0" bev="0" fileid="187" />
            </Method>
          </Methods>
        </Class>
        <Class>
          <Summary numSequencePoints="15" visitedSequencePoints="11" numBranchPoints="3" visitedBranchPoints="3" sequenceCoverage="73.33" branchCoverage="100" maxCyclomaticComplexity="1" minCyclomaticComplexity="1" visitedClasses="1" numClasses="1" visitedMethods="3" numMethods="3" />
          <FullName>SportsWeb.Services.DomainModel.CommandHandlers.CreateCustomerCommandLegcayHandler</FullName>
          <Methods>
            <Method visited="true" cyclomaticComplexity="1" nPathComplexity="0" sequenceCoverage="100" branchCoverage="100" isConstructor="true" isStatic="false" isGetter="false" isSetter="false">
              <Summary numSequencePoints="4" visitedSequencePoints="4" numBranchPoints="1" visitedBranchPoints="1" sequenceCoverage="100" branchCoverage="100" maxCyclomaticComplexity="1" minCyclomaticComplexity="1" visitedClasses="0" numClasses="0" visitedMethods="1" numMethods="1" />
              <MetadataToken>100664472</MetadataToken>
              <Name>System.Void SportsWeb.Services.DomainModel.CommandHandlers.CreateCustomerCommandLegcayHandler::.ctor(SportsWeb.Services.Repository.IAddEntity`2&lt;System.Guid,SportsWeb.Entities.Customer&gt;)</Name>
              <FileRef uid="188" />
              <SequencePoints>
                <SequencePoint vc="1" uspid="7289" ordinal="0" offset="0" sl="15" sc="9" el="15" ec="92" bec="0" bev="0" fileid="188" />
                <SequencePoint vc="1" uspid="7290" ordinal="1" offset="7" sl="16" sc="9" el="16" ec="10" bec="0" bev="0" fileid="188" />
                <SequencePoint vc="1" uspid="7291" ordinal="2" offset="8" sl="17" sc="13" el="17" ec="48" bec="0" bev="0" fileid="188" />
                <SequencePoint vc="1" uspid="7292" ordinal="3" offset="15" sl="18" sc="9" el="18" ec="10" bec="0" bev="0" fileid="188" />
              </SequencePoints>
              <BranchPoints />
              <MethodPoint xsi:type="SequencePoint" vc="1" uspid="7289" ordinal="0" offset="0" sl="15" sc="9" el="15" ec="92" bec="0" bev="0" fileid="188" />
            </Method>
            <Method visited="true" cyclomaticComplexity="1" nPathComplexity="0" sequenceCoverage="60" branchCoverage="100" isConstructor="false" isStatic="false" isGetter="false" isSetter="false">
              <Summary numSequencePoints="10" visitedSequencePoints="6" numBranchPoints="1" visitedBranchPoints="1" sequenceCoverage="60" branchCoverage="100" maxCyclomaticComplexity="1" minCyclomaticComplexity="1" visitedClasses="0" numClasses="0" visitedMethods="1" numMethods="1" />
              <MetadataToken>100664473</MetadataToken>
              <Name>System.Void SportsWeb.Services.DomainModel.CommandHandlers.CreateCustomerCommandLegcayHandler::Handle(SportsWeb.Services.DomainModel.Commands.CreateCustomerCommandLegacy)</Name>
              <FileRef uid="188" />
              <SequencePoints>
                <SequencePoint vc="1" uspid="7293" ordinal="0" offset="0" sl="21" sc="9" el="21" ec="10" bec="0" bev="0" fileid="188" />
                <SequencePoint vc="1" uspid="7294" ordinal="1" offset="1" sl="23" sc="13" el="23" ec="14" bec="0" bev="0" fileid="188" />
                <SequencePoint vc="1" uspid="7295" ordinal="2" offset="2" sl="24" sc="17" el="32" ec="19" bec="0" bev="0" fileid="188" />
                <SequencePoint vc="1" uspid="7296" ordinal="3" offset="80" sl="34" sc="17" el="34" ec="48" bec="0" bev="0" fileid="188" />
                <SequencePoint vc="1" uspid="7297" ordinal="4" offset="93" sl="35" sc="13" el="35" ec="14" bec="0" bev="0" fileid="188" />
                <SequencePoint vc="0" uspid="7298" ordinal="5" offset="96" sl="36" sc="13" el="36" ec="33" bec="0" bev="0" fileid="188" />
                <SequencePoint vc="0" uspid="7299" ordinal="6" offset="97" sl="37" sc="13" el="37" ec="14" bec="0" bev="0" fileid="188" />
                <SequencePoint vc="0" uspid="7300" ordinal="7" offset="98" sl="38" sc="17" el="38" ec="102" bec="0" bev="0" fileid="188" />
                <SequencePoint vc="0" uspid="7301" ordinal="8" offset="115" sl="39" sc="17" el="39" ec="23" bec="0" bev="0" fileid="188" />
                <SequencePoint vc="1" uspid="7302" ordinal="9" offset="117" sl="42" sc="9" el="42" ec="10" bec="0" bev="0" fileid="188" />
              </SequencePoints>
              <BranchPoints />
              <MethodPoint xsi:type="SequencePoint" vc="1" uspid="7293" ordinal="0" offset="0" sl="21" sc="9" el="21" ec="10" bec="0" bev="0" fileid="188" />
            </Method>
            <Method visited="true" cyclomaticComplexity="1" nPathComplexity="0" sequenceCoverage="100" branchCoverage="100" isConstructor="true" isStatic="true" isGetter="false" isSetter="false">
              <Summary numSequencePoints="1" visitedSequencePoints="1" numBranchPoints="1" visitedBranchPoints="1" sequenceCoverage="100" branchCoverage="100" maxCyclomaticComplexity="1" minCyclomaticComplexity="1" visitedClasses="0" numClasses="0" visitedMethods="1" numMethods="1" />
              <MetadataToken>100664474</MetadataToken>
              <Name>System.Void SportsWeb.Services.DomainModel.CommandHandlers.CreateCustomerCommandLegcayHandler::.cctor()</Name>
              <FileRef uid="188" />
              <SequencePoints>
                <SequencePoint vc="1" uspid="7303" ordinal="0" offset="0" sl="14" sc="9" el="14" ec="106" bec="0" bev="0" fileid="188" />
              </SequencePoints>
              <BranchPoints />
              <MethodPoint xsi:type="SequencePoint" vc="1" uspid="7303" ordinal="0" offset="0" sl="14" sc="9" el="14" ec="106" bec="0" bev="0" fileid="188" />
            </Method>
          </Methods>
        </Class>
        <Class>
          <Summary numSequencePoints="19" visitedSequencePoints="15" numBranchPoints="3" visitedBranchPoints="3" sequenceCoverage="78.95" branchCoverage="100" maxCyclomaticComplexity="2" minCyclomaticComplexity="1" visitedClasses="1" numClasses="1" visitedMethods="3" numMethods="3" />
          <FullName>SportsWeb.Services.DomainModel.CommandHandlers.CreateUserCommandHandlerWithPermissions</FullName>
          <Methods>
            <Method visited="true" cyclomaticComplexity="1" nPathComplexity="0" sequenceCoverage="100" branchCoverage="100" isConstructor="true" isStatic="false" isGetter="false" isSetter="false">
              <Summary numSequencePoints="6" visitedSequencePoints="6" numBranchPoints="1" visitedBranchPoints="1" sequenceCoverage="100" branchCoverage="100" maxCyclomaticComplexity="1" minCyclomaticComplexity="1" visitedClasses="0" numClasses="0" visitedMethods="1" numMethods="1" />
              <MetadataToken>100664475</MetadataToken>
              <Name>System.Void SportsWeb.Services.DomainModel.CommandHandlers.CreateUserCommandHandlerWithPermissions::.ctor(SportsWeb.Services.Repository.IAddEntity`2&lt;System.Guid,SportsWeb.Entities.User&gt;,SportsWeb.Services.Repository.IFind`1&lt;SportsWeb.Entities.UserRole&gt;,SportsWeb.Services.Repository.IFind`1&lt;SportsWeb.Entities.ScenePermissions&gt;)</Name>
              <FileRef uid="189" />
              <SequencePoints>
                <SequencePoint vc="1" uspid="7304" ordinal="0" offset="0" sl="19" sc="9" el="20" ec="91" bec="0" bev="0" fileid="189" />
                <SequencePoint vc="1" uspid="7305" ordinal="1" offset="7" sl="21" sc="9" el="21" ec="10" bec="0" bev="0" fileid="189" />
                <SequencePoint vc="1" uspid="7306" ordinal="2" offset="8" sl="22" sc="13" el="22" ec="40" bec="0" bev="0" fileid="189" />
                <SequencePoint vc="1" uspid="7307" ordinal="3" offset="15" sl="23" sc="13" el="23" ec="50" bec="0" bev="0" fileid="189" />
                <SequencePoint vc="1" uspid="7308" ordinal="4" offset="22" sl="24" sc="13" el="24" ec="64" bec="0" bev="0" fileid="189" />
                <SequencePoint vc="1" uspid="7309" ordinal="5" offset="29" sl="25" sc="9" el="25" ec="10" bec="0" bev="0" fileid="189" />
              </SequencePoints>
              <BranchPoints />
              <MethodPoint xsi:type="SequencePoint" vc="1" uspid="7304" ordinal="0" offset="0" sl="19" sc="9" el="20" ec="91" bec="0" bev="0" fileid="189" />
            </Method>
            <Method visited="true" cyclomaticComplexity="2" nPathComplexity="0" sequenceCoverage="66.67" branchCoverage="100" isConstructor="false" isStatic="false" isGetter="false" isSetter="false">
              <Summary numSequencePoints="12" visitedSequencePoints="8" numBranchPoints="1" visitedBranchPoints="1" sequenceCoverage="66.67" branchCoverage="100" maxCyclomaticComplexity="2" minCyclomaticComplexity="2" visitedClasses="0" numClasses="0" visitedMethods="1" numMethods="1" />
              <MetadataToken>100664476</MetadataToken>
              <Name>System.Void SportsWeb.Services.DomainModel.CommandHandlers.CreateUserCommandHandlerWithPermissions::Handle(SportsWeb.Services.DomainModel.Commands.CreateUserCommandWithPermissions)</Name>
              <FileRef uid="189" />
              <SequencePoints>
                <SequencePoint vc="1" uspid="7310" ordinal="0" offset="13" sl="28" sc="9" el="28" ec="10" bec="0" bev="0" fileid="189" />
                <SequencePoint vc="1" uspid="7311" ordinal="1" offset="20" sl="30" sc="13" el="30" ec="14" bec="0" bev="0" fileid="189" />
                <SequencePoint vc="1" uspid="7312" ordinal="2" offset="21" sl="32" sc="17" el="32" ec="110" bec="0" bev="0" fileid="189" />
                <SequencePoint vc="1" uspid="7313" ordinal="3" offset="188" sl="33" sc="17" el="33" ec="89" bec="0" bev="0" fileid="189" />
                <SequencePoint vc="1" uspid="7314" ordinal="4" offset="246" sl="34" sc="17" el="35" ec="103" bec="0" bev="0" fileid="189" />
                <SequencePoint vc="1" uspid="7315" ordinal="5" offset="393" sl="37" sc="17" el="45" ec="20" bec="0" bev="0" fileid="189" />
                <SequencePoint vc="1" uspid="7316" ordinal="6" offset="492" sl="47" sc="13" el="47" ec="14" bec="0" bev="0" fileid="189" />
                <SequencePoint vc="0" uspid="7317" ordinal="7" offset="495" sl="48" sc="13" el="48" ec="33" bec="0" bev="0" fileid="189" />
                <SequencePoint vc="0" uspid="7318" ordinal="8" offset="497" sl="49" sc="13" el="49" ec="14" bec="0" bev="0" fileid="189" />
                <SequencePoint vc="0" uspid="7319" ordinal="9" offset="498" sl="50" sc="17" el="50" ec="98" bec="0" bev="0" fileid="189" />
                <SequencePoint vc="0" uspid="7320" ordinal="10" offset="516" sl="51" sc="17" el="51" ec="23" bec="0" bev="0" fileid="189" />
                <SequencePoint vc="1" uspid="7321" ordinal="11" offset="518" sl="54" sc="9" el="54" ec="10" bec="0" bev="0" fileid="189" />
              </SequencePoints>
              <BranchPoints />
              <MethodPoint vc="1" uspid="7324" ordinal="0" offset="0" />
            </Method>
            <Method visited="true" cyclomaticComplexity="1" nPathComplexity="0" sequenceCoverage="100" branchCoverage="100" isConstructor="true" isStatic="true" isGetter="false" isSetter="false">
              <Summary numSequencePoints="1" visitedSequencePoints="1" numBranchPoints="1" visitedBranchPoints="1" sequenceCoverage="100" branchCoverage="100" maxCyclomaticComplexity="1" minCyclomaticComplexity="1" visitedClasses="0" numClasses="0" visitedMethods="1" numMethods="1" />
              <MetadataToken>100664477</MetadataToken>
              <Name>System.Void SportsWeb.Services.DomainModel.CommandHandlers.CreateUserCommandHandlerWithPermissions::.cctor()</Name>
              <FileRef uid="189" />
              <SequencePoints>
                <SequencePoint vc="1" uspid="7325" ordinal="0" offset="0" sl="17" sc="9" el="17" ec="102" bec="0" bev="0" fileid="189" />
              </SequencePoints>
              <BranchPoints />
              <MethodPoint xsi:type="SequencePoint" vc="1" uspid="7325" ordinal="0" offset="0" sl="17" sc="9" el="17" ec="102" bec="0" bev="0" fileid="189" />
            </Method>
          </Methods>
        </Class>
        <Class>
          <Summary numSequencePoints="0" visitedSequencePoints="0" numBranchPoints="0" visitedBranchPoints="0" sequenceCoverage="0" branchCoverage="0" maxCyclomaticComplexity="1" minCyclomaticComplexity="1" visitedClasses="0" numClasses="0" visitedMethods="0" numMethods="0" />
          <FullName>SportsWeb.Services.DomainModel.CommandHandlers.CreateUserCommandHandlerWithPermissions/&lt;&gt;c__DisplayClass5_0</FullName>
          <Methods>
            <Method visited="true" cyclomaticComplexity="1" nPathComplexity="0" sequenceCoverage="0" branchCoverage="0" isConstructor="true" isStatic="false" isGetter="false" isSetter="false">
              <Summary numSequencePoints="0" visitedSequencePoints="0" numBranchPoints="0" visitedBranchPoints="0" sequenceCoverage="0" branchCoverage="0" maxCyclomaticComplexity="1" minCyclomaticComplexity="1" visitedClasses="0" numClasses="0" visitedMethods="0" numMethods="0" />
              <MetadataToken>100667068</MetadataToken>
              <Name>System.Void SportsWeb.Services.DomainModel.CommandHandlers.CreateUserCommandHandlerWithPermissions/&lt;&gt;c__DisplayClass5_0::.ctor()</Name>
              <SequencePoints />
              <BranchPoints />
              <MethodPoint vc="1" uspid="7326" ordinal="0" offset="0" />
            </Method>
          </Methods>
        </Class>
        <Class>
          <Summary numSequencePoints="0" visitedSequencePoints="0" numBranchPoints="0" visitedBranchPoints="0" sequenceCoverage="0" branchCoverage="0" maxCyclomaticComplexity="1" minCyclomaticComplexity="1" visitedClasses="0" numClasses="0" visitedMethods="0" numMethods="0" />
          <FullName>SportsWeb.Services.DomainModel.CommandHandlers.CreateUserCommandHandlerWithPermissions/&lt;&gt;c__DisplayClass5_1</FullName>
          <Methods>
            <Method visited="true" cyclomaticComplexity="1" nPathComplexity="0" sequenceCoverage="0" branchCoverage="0" isConstructor="true" isStatic="false" isGetter="false" isSetter="false">
              <Summary numSequencePoints="0" visitedSequencePoints="0" numBranchPoints="0" visitedBranchPoints="0" sequenceCoverage="0" branchCoverage="0" maxCyclomaticComplexity="1" minCyclomaticComplexity="1" visitedClasses="0" numClasses="0" visitedMethods="0" numMethods="0" />
              <MetadataToken>100667069</MetadataToken>
              <Name>System.Void SportsWeb.Services.DomainModel.CommandHandlers.CreateUserCommandHandlerWithPermissions/&lt;&gt;c__DisplayClass5_1::.ctor()</Name>
              <SequencePoints />
              <BranchPoints />
              <MethodPoint vc="1" uspid="7327" ordinal="0" offset="0" />
            </Method>
          </Methods>
        </Class>
        <Class>
          <Summary numSequencePoints="1" visitedSequencePoints="1" numBranchPoints="1" visitedBranchPoints="1" sequenceCoverage="100" branchCoverage="100" maxCyclomaticComplexity="1" minCyclomaticComplexity="1" visitedClasses="1" numClasses="1" visitedMethods="1" numMethods="1" />
          <FullName>SportsWeb.Services.DomainModel.CommandHandlers.CreateUserCommandHandlerWithPermissions/&lt;&gt;c</FullName>
          <Methods>
            <Method visited="true" cyclomaticComplexity="1" nPathComplexity="0" sequenceCoverage="0" branchCoverage="0" isConstructor="true" isStatic="true" isGetter="false" isSetter="false">
              <Summary numSequencePoints="0" visitedSequencePoints="0" numBranchPoints="0" visitedBranchPoints="0" sequenceCoverage="0" branchCoverage="0" maxCyclomaticComplexity="1" minCyclomaticComplexity="1" visitedClasses="0" numClasses="0" visitedMethods="0" numMethods="0" />
              <MetadataToken>100667070</MetadataToken>
              <Name>System.Void SportsWeb.Services.DomainModel.CommandHandlers.CreateUserCommandHandlerWithPermissions/&lt;&gt;c::.cctor()</Name>
              <SequencePoints />
              <BranchPoints />
              <MethodPoint vc="1" uspid="7328" ordinal="0" offset="0" />
            </Method>
            <Method visited="true" cyclomaticComplexity="1" nPathComplexity="0" sequenceCoverage="0" branchCoverage="0" isConstructor="true" isStatic="false" isGetter="false" isSetter="false">
              <Summary numSequencePoints="0" visitedSequencePoints="0" numBranchPoints="0" visitedBranchPoints="0" sequenceCoverage="0" branchCoverage="0" maxCyclomaticComplexity="1" minCyclomaticComplexity="1" visitedClasses="0" numClasses="0" visitedMethods="0" numMethods="0" />
              <MetadataToken>100667071</MetadataToken>
              <Name>System.Void SportsWeb.Services.DomainModel.CommandHandlers.CreateUserCommandHandlerWithPermissions/&lt;&gt;c::.ctor()</Name>
              <SequencePoints />
              <BranchPoints />
              <MethodPoint vc="1" uspid="7329" ordinal="0" offset="0" />
            </Method>
            <Method visited="true" cyclomaticComplexity="1" nPathComplexity="0" sequenceCoverage="100" branchCoverage="100" isConstructor="false" isStatic="false" isGetter="false" isSetter="false">
              <Summary numSequencePoints="1" visitedSequencePoints="1" numBranchPoints="1" visitedBranchPoints="1" sequenceCoverage="100" branchCoverage="100" maxCyclomaticComplexity="1" minCyclomaticComplexity="1" visitedClasses="0" numClasses="0" visitedMethods="1" numMethods="1" />
              <MetadataToken>100667072</MetadataToken>
              <Name>System.String SportsWeb.Services.DomainModel.CommandHandlers.CreateUserCommandHandlerWithPermissions/&lt;&gt;c::&lt;Handle&gt;b__5_1(SportsWeb.Entities.ScenePermissions)</Name>
              <FileRef uid="189" />
              <SequencePoints>
                <SequencePoint vc="1" uspid="7330" ordinal="0" offset="0" sl="33" sc="72" el="33" ec="78" bec="0" bev="0" fileid="189" />
              </SequencePoints>
              <BranchPoints />
              <MethodPoint xsi:type="SequencePoint" vc="1" uspid="7330" ordinal="0" offset="0" sl="33" sc="72" el="33" ec="78" bec="0" bev="0" fileid="189" />
            </Method>
          </Methods>
        </Class>
        <Class>
          <Summary numSequencePoints="14" visitedSequencePoints="10" numBranchPoints="3" visitedBranchPoints="3" sequenceCoverage="71.43" branchCoverage="100" maxCyclomaticComplexity="1" minCyclomaticComplexity="1" visitedClasses="1" numClasses="1" visitedMethods="3" numMethods="3" />
          <FullName>SportsWeb.Services.DomainModel.CommandHandlers.DeletePitchCommandHandler</FullName>
          <Methods>
            <Method visited="true" cyclomaticComplexity="1" nPathComplexity="0" sequenceCoverage="100" branchCoverage="100" isConstructor="true" isStatic="false" isGetter="false" isSetter="false">
              <Summary numSequencePoints="4" visitedSequencePoints="4" numBranchPoints="1" visitedBranchPoints="1" sequenceCoverage="100" branchCoverage="100" maxCyclomaticComplexity="1" minCyclomaticComplexity="1" visitedClasses="0" numClasses="0" visitedMethods="1" numMethods="1" />
              <MetadataToken>100664478</MetadataToken>
              <Name>System.Void SportsWeb.Services.DomainModel.CommandHandlers.DeletePitchCommandHandler::.ctor(SportsWeb.Services.Repository.IDeleteEntity`2&lt;System.Guid,SportsWeb.Entities.Pitch&gt;)</Name>
              <FileRef uid="191" />
              <SequencePoints>
                <SequencePoint vc="1" uspid="7331" ordinal="0" offset="0" sl="15" sc="9" el="15" ec="82" bec="0" bev="0" fileid="191" />
                <SequencePoint vc="1" uspid="7332" ordinal="1" offset="7" sl="16" sc="9" el="16" ec="10" bec="0" bev="0" fileid="191" />
                <SequencePoint vc="1" uspid="7333" ordinal="2" offset="8" sl="17" sc="13" el="17" ec="46" bec="0" bev="0" fileid="191" />
                <SequencePoint vc="1" uspid="7334" ordinal="3" offset="15" sl="18" sc="9" el="18" ec="10" bec="0" bev="0" fileid="191" />
              </SequencePoints>
              <BranchPoints />
              <MethodPoint xsi:type="SequencePoint" vc="1" uspid="7331" ordinal="0" offset="0" sl="15" sc="9" el="15" ec="82" bec="0" bev="0" fileid="191" />
            </Method>
            <Method visited="true" cyclomaticComplexity="1" nPathComplexity="0" sequenceCoverage="55.56" branchCoverage="100" isConstructor="false" isStatic="false" isGetter="false" isSetter="false">
              <Summary numSequencePoints="9" visitedSequencePoints="5" numBranchPoints="1" visitedBranchPoints="1" sequenceCoverage="55.56" branchCoverage="100" maxCyclomaticComplexity="1" minCyclomaticComplexity="1" visitedClasses="0" numClasses="0" visitedMethods="1" numMethods="1" />
              <MetadataToken>100664479</MetadataToken>
              <Name>System.Void SportsWeb.Services.DomainModel.CommandHandlers.DeletePitchCommandHandler::Handle(SportsWeb.Services.DomainModel.Commands.DeletePitchCommand)</Name>
              <FileRef uid="191" />
              <SequencePoints>
                <SequencePoint vc="1" uspid="7335" ordinal="0" offset="0" sl="21" sc="9" el="21" ec="10" bec="0" bev="0" fileid="191" />
                <SequencePoint vc="1" uspid="7336" ordinal="1" offset="1" sl="23" sc="13" el="23" ec="14" bec="0" bev="0" fileid="191" />
                <SequencePoint vc="1" uspid="7337" ordinal="2" offset="2" sl="24" sc="17" el="24" ec="54" bec="0" bev="0" fileid="191" />
                <SequencePoint vc="1" uspid="7338" ordinal="3" offset="20" sl="26" sc="13" el="26" ec="14" bec="0" bev="0" fileid="191" />
                <SequencePoint vc="0" uspid="7339" ordinal="4" offset="23" sl="27" sc="13" el="27" ec="33" bec="0" bev="0" fileid="191" />
                <SequencePoint vc="0" uspid="7340" ordinal="5" offset="24" sl="28" sc="13" el="28" ec="14" bec="0" bev="0" fileid="191" />
                <SequencePoint vc="0" uspid="7341" ordinal="6" offset="25" sl="29" sc="17" el="29" ec="98" bec="0" bev="0" fileid="191" />
                <SequencePoint vc="0" uspid="7342" ordinal="7" offset="42" sl="30" sc="17" el="30" ec="23" bec="0" bev="0" fileid="191" />
                <SequencePoint vc="1" uspid="7343" ordinal="8" offset="44" sl="33" sc="9" el="33" ec="10" bec="0" bev="0" fileid="191" />
              </SequencePoints>
              <BranchPoints />
              <MethodPoint xsi:type="SequencePoint" vc="1" uspid="7335" ordinal="0" offset="0" sl="21" sc="9" el="21" ec="10" bec="0" bev="0" fileid="191" />
            </Method>
            <Method visited="true" cyclomaticComplexity="1" nPathComplexity="0" sequenceCoverage="100" branchCoverage="100" isConstructor="true" isStatic="true" isGetter="false" isSetter="false">
              <Summary numSequencePoints="1" visitedSequencePoints="1" numBranchPoints="1" visitedBranchPoints="1" sequenceCoverage="100" branchCoverage="100" maxCyclomaticComplexity="1" minCyclomaticComplexity="1" visitedClasses="0" numClasses="0" visitedMethods="1" numMethods="1" />
              <MetadataToken>100664480</MetadataToken>
              <Name>System.Void SportsWeb.Services.DomainModel.CommandHandlers.DeletePitchCommandHandler::.cctor()</Name>
              <FileRef uid="191" />
              <SequencePoints>
                <SequencePoint vc="1" uspid="7344" ordinal="0" offset="0" sl="13" sc="9" el="13" ec="103" bec="0" bev="0" fileid="191" />
              </SequencePoints>
              <BranchPoints />
              <MethodPoint xsi:type="SequencePoint" vc="1" uspid="7344" ordinal="0" offset="0" sl="13" sc="9" el="13" ec="103" bec="0" bev="0" fileid="191" />
            </Method>
          </Methods>
        </Class>
        <Class>
          <Summary numSequencePoints="14" visitedSequencePoints="10" numBranchPoints="3" visitedBranchPoints="3" sequenceCoverage="71.43" branchCoverage="100" maxCyclomaticComplexity="1" minCyclomaticComplexity="1" visitedClasses="1" numClasses="1" visitedMethods="3" numMethods="3" />
          <FullName>SportsWeb.Services.DomainModel.CommandHandlers.DeleteSiteCommandHandler</FullName>
          <Methods>
            <Method visited="true" cyclomaticComplexity="1" nPathComplexity="0" sequenceCoverage="100" branchCoverage="100" isConstructor="true" isStatic="false" isGetter="false" isSetter="false">
              <Summary numSequencePoints="4" visitedSequencePoints="4" numBranchPoints="1" visitedBranchPoints="1" sequenceCoverage="100" branchCoverage="100" maxCyclomaticComplexity="1" minCyclomaticComplexity="1" visitedClasses="0" numClasses="0" visitedMethods="1" numMethods="1" />
              <MetadataToken>100664481</MetadataToken>
              <Name>System.Void SportsWeb.Services.DomainModel.CommandHandlers.DeleteSiteCommandHandler::.ctor(SportsWeb.Services.Repository.IDeleteEntity`2&lt;System.Guid,SportsWeb.Entities.Site&gt;)</Name>
              <FileRef uid="192" />
              <SequencePoints>
                <SequencePoint vc="1" uspid="7345" ordinal="0" offset="0" sl="15" sc="9" el="15" ec="79" bec="0" bev="0" fileid="192" />
                <SequencePoint vc="1" uspid="7346" ordinal="1" offset="7" sl="16" sc="9" el="16" ec="10" bec="0" bev="0" fileid="192" />
                <SequencePoint vc="1" uspid="7347" ordinal="2" offset="8" sl="17" sc="13" el="17" ec="44" bec="0" bev="0" fileid="192" />
                <SequencePoint vc="1" uspid="7348" ordinal="3" offset="15" sl="18" sc="9" el="18" ec="10" bec="0" bev="0" fileid="192" />
              </SequencePoints>
              <BranchPoints />
              <MethodPoint xsi:type="SequencePoint" vc="1" uspid="7345" ordinal="0" offset="0" sl="15" sc="9" el="15" ec="79" bec="0" bev="0" fileid="192" />
            </Method>
            <Method visited="true" cyclomaticComplexity="1" nPathComplexity="0" sequenceCoverage="55.56" branchCoverage="100" isConstructor="false" isStatic="false" isGetter="false" isSetter="false">
              <Summary numSequencePoints="9" visitedSequencePoints="5" numBranchPoints="1" visitedBranchPoints="1" sequenceCoverage="55.56" branchCoverage="100" maxCyclomaticComplexity="1" minCyclomaticComplexity="1" visitedClasses="0" numClasses="0" visitedMethods="1" numMethods="1" />
              <MetadataToken>100664482</MetadataToken>
              <Name>System.Void SportsWeb.Services.DomainModel.CommandHandlers.DeleteSiteCommandHandler::Handle(SportsWeb.Services.DomainModel.Commands.DeleteSiteCommand)</Name>
              <FileRef uid="192" />
              <SequencePoints>
                <SequencePoint vc="1" uspid="7349" ordinal="0" offset="0" sl="21" sc="9" el="21" ec="10" bec="0" bev="0" fileid="192" />
                <SequencePoint vc="1" uspid="7350" ordinal="1" offset="1" sl="23" sc="13" el="23" ec="14" bec="0" bev="0" fileid="192" />
                <SequencePoint vc="1" uspid="7351" ordinal="2" offset="2" sl="24" sc="17" el="24" ec="52" bec="0" bev="0" fileid="192" />
                <SequencePoint vc="1" uspid="7352" ordinal="3" offset="20" sl="25" sc="13" el="25" ec="14" bec="0" bev="0" fileid="192" />
                <SequencePoint vc="0" uspid="7353" ordinal="4" offset="23" sl="26" sc="13" el="26" ec="33" bec="0" bev="0" fileid="192" />
                <SequencePoint vc="0" uspid="7354" ordinal="5" offset="24" sl="27" sc="13" el="27" ec="14" bec="0" bev="0" fileid="192" />
                <SequencePoint vc="0" uspid="7355" ordinal="6" offset="25" sl="28" sc="17" el="28" ec="98" bec="0" bev="0" fileid="192" />
                <SequencePoint vc="0" uspid="7356" ordinal="7" offset="42" sl="29" sc="17" el="29" ec="23" bec="0" bev="0" fileid="192" />
                <SequencePoint vc="1" uspid="7357" ordinal="8" offset="44" sl="31" sc="9" el="31" ec="10" bec="0" bev="0" fileid="192" />
              </SequencePoints>
              <BranchPoints />
              <MethodPoint xsi:type="SequencePoint" vc="1" uspid="7349" ordinal="0" offset="0" sl="21" sc="9" el="21" ec="10" bec="0" bev="0" fileid="192" />
            </Method>
            <Method visited="true" cyclomaticComplexity="1" nPathComplexity="0" sequenceCoverage="100" branchCoverage="100" isConstructor="true" isStatic="true" isGetter="false" isSetter="false">
              <Summary numSequencePoints="1" visitedSequencePoints="1" numBranchPoints="1" visitedBranchPoints="1" sequenceCoverage="100" branchCoverage="100" maxCyclomaticComplexity="1" minCyclomaticComplexity="1" visitedClasses="0" numClasses="0" visitedMethods="1" numMethods="1" />
              <MetadataToken>100664483</MetadataToken>
              <Name>System.Void SportsWeb.Services.DomainModel.CommandHandlers.DeleteSiteCommandHandler::.cctor()</Name>
              <FileRef uid="192" />
              <SequencePoints>
                <SequencePoint vc="1" uspid="7358" ordinal="0" offset="0" sl="13" sc="9" el="13" ec="103" bec="0" bev="0" fileid="192" />
              </SequencePoints>
              <BranchPoints />
              <MethodPoint xsi:type="SequencePoint" vc="1" uspid="7358" ordinal="0" offset="0" sl="13" sc="9" el="13" ec="103" bec="0" bev="0" fileid="192" />
            </Method>
          </Methods>
        </Class>
        <Class>
          <Summary numSequencePoints="16" visitedSequencePoints="12" numBranchPoints="3" visitedBranchPoints="3" sequenceCoverage="75" branchCoverage="100" maxCyclomaticComplexity="1" minCyclomaticComplexity="1" visitedClasses="1" numClasses="1" visitedMethods="3" numMethods="3" />
          <FullName>SportsWeb.Services.DomainModel.CommandHandlers.UpdateSceneSettingsForSiteCommandHandler</FullName>
          <Methods>
            <Method visited="true" cyclomaticComplexity="1" nPathComplexity="0" sequenceCoverage="100" branchCoverage="100" isConstructor="true" isStatic="false" isGetter="false" isSetter="false">
              <Summary numSequencePoints="4" visitedSequencePoints="4" numBranchPoints="1" visitedBranchPoints="1" sequenceCoverage="100" branchCoverage="100" maxCyclomaticComplexity="1" minCyclomaticComplexity="1" visitedClasses="0" numClasses="0" visitedMethods="1" numMethods="1" />
              <MetadataToken>100664484</MetadataToken>
              <Name>System.Void SportsWeb.Services.DomainModel.CommandHandlers.UpdateSceneSettingsForSiteCommandHandler::.ctor(SportsWeb.Services.Repository.IGetEntity`2&lt;System.Guid,SportsWeb.Entities.SceneSetting&gt;)</Name>
              <FileRef uid="193" />
              <SequencePoints>
                <SequencePoint vc="1" uspid="7359" ordinal="0" offset="0" sl="15" sc="9" el="15" ec="107" bec="0" bev="0" fileid="193" />
                <SequencePoint vc="1" uspid="7360" ordinal="1" offset="7" sl="16" sc="9" el="16" ec="10" bec="0" bev="0" fileid="193" />
                <SequencePoint vc="1" uspid="7361" ordinal="2" offset="8" sl="17" sc="13" el="17" ec="58" bec="0" bev="0" fileid="193" />
                <SequencePoint vc="1" uspid="7362" ordinal="3" offset="15" sl="18" sc="9" el="18" ec="10" bec="0" bev="0" fileid="193" />
              </SequencePoints>
              <BranchPoints />
              <MethodPoint xsi:type="SequencePoint" vc="1" uspid="7359" ordinal="0" offset="0" sl="15" sc="9" el="15" ec="107" bec="0" bev="0" fileid="193" />
            </Method>
            <Method visited="true" cyclomaticComplexity="1" nPathComplexity="0" sequenceCoverage="63.64" branchCoverage="100" isConstructor="false" isStatic="false" isGetter="false" isSetter="false">
              <Summary numSequencePoints="11" visitedSequencePoints="7" numBranchPoints="1" visitedBranchPoints="1" sequenceCoverage="63.64" branchCoverage="100" maxCyclomaticComplexity="1" minCyclomaticComplexity="1" visitedClasses="0" numClasses="0" visitedMethods="1" numMethods="1" />
              <MetadataToken>100664485</MetadataToken>
              <Name>System.Void SportsWeb.Services.DomainModel.CommandHandlers.UpdateSceneSettingsForSiteCommandHandler::Handle(SportsWeb.Services.DomainModel.Commands.UpdateSceneSettingsForSite)</Name>
              <FileRef uid="193" />
              <SequencePoints>
                <SequencePoint vc="1" uspid="7363" ordinal="0" offset="0" sl="21" sc="9" el="21" ec="10" bec="0" bev="0" fileid="193" />
                <SequencePoint vc="1" uspid="7364" ordinal="1" offset="1" sl="23" sc="13" el="23" ec="14" bec="0" bev="0" fileid="193" />
                <SequencePoint vc="1" uspid="7365" ordinal="2" offset="2" sl="24" sc="17" el="24" ec="71" bec="0" bev="0" fileid="193" />
                <SequencePoint vc="1" uspid="7366" ordinal="3" offset="20" sl="25" sc="17" el="25" ec="74" bec="0" bev="0" fileid="193" />
                <SequencePoint vc="1" uspid="7367" ordinal="4" offset="33" sl="26" sc="17" el="26" ec="71" bec="0" bev="0" fileid="193" />
                <SequencePoint vc="1" uspid="7368" ordinal="5" offset="46" sl="28" sc="13" el="28" ec="14" bec="0" bev="0" fileid="193" />
                <SequencePoint vc="0" uspid="7369" ordinal="6" offset="49" sl="29" sc="13" el="29" ec="33" bec="0" bev="0" fileid="193" />
                <SequencePoint vc="0" uspid="7370" ordinal="7" offset="50" sl="30" sc="13" el="30" ec="14" bec="0" bev="0" fileid="193" />
                <SequencePoint vc="0" uspid="7371" ordinal="8" offset="51" sl="31" sc="17" el="31" ec="115" bec="0" bev="0" fileid="193" />
                <SequencePoint vc="0" uspid="7372" ordinal="9" offset="68" sl="32" sc="17" el="32" ec="23" bec="0" bev="0" fileid="193" />
                <SequencePoint vc="1" uspid="7373" ordinal="10" offset="70" sl="34" sc="9" el="34" ec="10" bec="0" bev="0" fileid="193" />
              </SequencePoints>
              <BranchPoints />
              <MethodPoint xsi:type="SequencePoint" vc="1" uspid="7363" ordinal="0" offset="0" sl="21" sc="9" el="21" ec="10" bec="0" bev="0" fileid="193" />
            </Method>
            <Method visited="true" cyclomaticComplexity="1" nPathComplexity="0" sequenceCoverage="100" branchCoverage="100" isConstructor="true" isStatic="true" isGetter="false" isSetter="false">
              <Summary numSequencePoints="1" visitedSequencePoints="1" numBranchPoints="1" visitedBranchPoints="1" sequenceCoverage="100" branchCoverage="100" maxCyclomaticComplexity="1" minCyclomaticComplexity="1" visitedClasses="0" numClasses="0" visitedMethods="1" numMethods="1" />
              <MetadataToken>100664486</MetadataToken>
              <Name>System.Void SportsWeb.Services.DomainModel.CommandHandlers.UpdateSceneSettingsForSiteCommandHandler::.cctor()</Name>
              <FileRef uid="193" />
              <SequencePoints>
                <SequencePoint vc="1" uspid="7374" ordinal="0" offset="0" sl="13" sc="9" el="13" ec="118" bec="0" bev="0" fileid="193" />
              </SequencePoints>
              <BranchPoints />
              <MethodPoint xsi:type="SequencePoint" vc="1" uspid="7374" ordinal="0" offset="0" sl="13" sc="9" el="13" ec="118" bec="0" bev="0" fileid="193" />
            </Method>
          </Methods>
        </Class>
        <Class>
          <Summary numSequencePoints="24" visitedSequencePoints="20" numBranchPoints="3" visitedBranchPoints="3" sequenceCoverage="83.33" branchCoverage="100" maxCyclomaticComplexity="1" minCyclomaticComplexity="1" visitedClasses="1" numClasses="1" visitedMethods="3" numMethods="3" />
          <FullName>SportsWeb.Services.DomainModel.CommandHandlers.UpdateScheduleCommandHandler</FullName>
          <Methods>
            <Method visited="true" cyclomaticComplexity="1" nPathComplexity="0" sequenceCoverage="100" branchCoverage="100" isConstructor="true" isStatic="false" isGetter="false" isSetter="false">
              <Summary numSequencePoints="4" visitedSequencePoints="4" numBranchPoints="1" visitedBranchPoints="1" sequenceCoverage="100" branchCoverage="100" maxCyclomaticComplexity="1" minCyclomaticComplexity="1" visitedClasses="0" numClasses="0" visitedMethods="1" numMethods="1" />
              <MetadataToken>100664487</MetadataToken>
              <Name>System.Void SportsWeb.Services.DomainModel.CommandHandlers.UpdateScheduleCommandHandler::.ctor(SportsWeb.Services.Repository.IGetEntity`2&lt;System.Guid,SportsWeb.Entities.Entities.Schedule&gt;)</Name>
              <FileRef uid="194" />
              <SequencePoints>
                <SequencePoint vc="1" uspid="7375" ordinal="0" offset="0" sl="15" sc="9" el="15" ec="87" bec="0" bev="0" fileid="194" />
                <SequencePoint vc="1" uspid="7376" ordinal="1" offset="7" sl="16" sc="9" el="16" ec="10" bec="0" bev="0" fileid="194" />
                <SequencePoint vc="1" uspid="7377" ordinal="2" offset="8" sl="17" sc="13" el="17" ec="50" bec="0" bev="0" fileid="194" />
                <SequencePoint vc="1" uspid="7378" ordinal="3" offset="15" sl="18" sc="9" el="18" ec="10" bec="0" bev="0" fileid="194" />
              </SequencePoints>
              <BranchPoints />
              <MethodPoint xsi:type="SequencePoint" vc="1" uspid="7375" ordinal="0" offset="0" sl="15" sc="9" el="15" ec="87" bec="0" bev="0" fileid="194" />
            </Method>
            <Method visited="true" cyclomaticComplexity="1" nPathComplexity="0" sequenceCoverage="78.95" branchCoverage="100" isConstructor="false" isStatic="false" isGetter="false" isSetter="false">
              <Summary numSequencePoints="19" visitedSequencePoints="15" numBranchPoints="1" visitedBranchPoints="1" sequenceCoverage="78.95" branchCoverage="100" maxCyclomaticComplexity="1" minCyclomaticComplexity="1" visitedClasses="0" numClasses="0" visitedMethods="1" numMethods="1" />
              <MetadataToken>100664488</MetadataToken>
              <Name>System.Void SportsWeb.Services.DomainModel.CommandHandlers.UpdateScheduleCommandHandler::Handle(SportsWeb.Services.DomainModel.Commands.UpdateScheduleCommand)</Name>
              <FileRef uid="194" />
              <SequencePoints>
                <SequencePoint vc="1" uspid="7379" ordinal="0" offset="0" sl="21" sc="9" el="21" ec="10" bec="0" bev="0" fileid="194" />
                <SequencePoint vc="1" uspid="7380" ordinal="1" offset="1" sl="23" sc="13" el="23" ec="14" bec="0" bev="0" fileid="194" />
                <SequencePoint vc="1" uspid="7381" ordinal="2" offset="2" sl="24" sc="17" el="24" ec="63" bec="0" bev="0" fileid="194" />
                <SequencePoint vc="1" uspid="7382" ordinal="3" offset="20" sl="27" sc="17" el="27" ec="70" bec="0" bev="0" fileid="194" />
                <SequencePoint vc="1" uspid="7383" ordinal="4" offset="33" sl="28" sc="17" el="28" ec="62" bec="0" bev="0" fileid="194" />
                <SequencePoint vc="1" uspid="7384" ordinal="5" offset="46" sl="29" sc="17" el="29" ec="70" bec="0" bev="0" fileid="194" />
                <SequencePoint vc="1" uspid="7385" ordinal="6" offset="59" sl="30" sc="17" el="30" ec="60" bec="0" bev="0" fileid="194" />
                <SequencePoint vc="1" uspid="7386" ordinal="7" offset="72" sl="31" sc="17" el="31" ec="52" bec="0" bev="0" fileid="194" />
                <SequencePoint vc="1" uspid="7387" ordinal="8" offset="85" sl="32" sc="17" el="32" ec="54" bec="0" bev="0" fileid="194" />
                <SequencePoint vc="1" uspid="7388" ordinal="9" offset="98" sl="33" sc="17" el="33" ec="60" bec="0" bev="0" fileid="194" />
                <SequencePoint vc="1" uspid="7389" ordinal="10" offset="111" sl="34" sc="17" el="34" ec="66" bec="0" bev="0" fileid="194" />
                <SequencePoint vc="1" uspid="7390" ordinal="11" offset="124" sl="35" sc="17" el="35" ec="72" bec="0" bev="0" fileid="194" />
                <SequencePoint vc="1" uspid="7391" ordinal="12" offset="137" sl="36" sc="17" el="36" ec="68" bec="0" bev="0" fileid="194" />
                <SequencePoint vc="1" uspid="7392" ordinal="13" offset="150" sl="38" sc="13" el="38" ec="14" bec="0" bev="0" fileid="194" />
                <SequencePoint vc="0" uspid="7393" ordinal="14" offset="153" sl="39" sc="13" el="39" ec="33" bec="0" bev="0" fileid="194" />
                <SequencePoint vc="0" uspid="7394" ordinal="15" offset="154" sl="40" sc="13" el="40" ec="14" bec="0" bev="0" fileid="194" />
                <SequencePoint vc="0" uspid="7395" ordinal="16" offset="155" sl="41" sc="17" el="41" ec="103" bec="0" bev="0" fileid="194" />
                <SequencePoint vc="0" uspid="7396" ordinal="17" offset="172" sl="42" sc="17" el="42" ec="23" bec="0" bev="0" fileid="194" />
                <SequencePoint vc="1" uspid="7397" ordinal="18" offset="174" sl="44" sc="9" el="44" ec="10" bec="0" bev="0" fileid="194" />
              </SequencePoints>
              <BranchPoints />
              <MethodPoint xsi:type="SequencePoint" vc="1" uspid="7379" ordinal="0" offset="0" sl="21" sc="9" el="21" ec="10" bec="0" bev="0" fileid="194" />
            </Method>
            <Method visited="true" cyclomaticComplexity="1" nPathComplexity="0" sequenceCoverage="100" branchCoverage="100" isConstructor="true" isStatic="true" isGetter="false" isSetter="false">
              <Summary numSequencePoints="1" visitedSequencePoints="1" numBranchPoints="1" visitedBranchPoints="1" sequenceCoverage="100" branchCoverage="100" maxCyclomaticComplexity="1" minCyclomaticComplexity="1" visitedClasses="0" numClasses="0" visitedMethods="1" numMethods="1" />
              <MetadataToken>100664489</MetadataToken>
              <Name>System.Void SportsWeb.Services.DomainModel.CommandHandlers.UpdateScheduleCommandHandler::.cctor()</Name>
              <FileRef uid="194" />
              <SequencePoints>
                <SequencePoint vc="1" uspid="7398" ordinal="0" offset="0" sl="13" sc="9" el="13" ec="106" bec="0" bev="0" fileid="194" />
              </SequencePoints>
              <BranchPoints />
              <MethodPoint xsi:type="SequencePoint" vc="1" uspid="7398" ordinal="0" offset="0" sl="13" sc="9" el="13" ec="106" bec="0" bev="0" fileid="194" />
            </Method>
          </Methods>
        </Class>
        <Class>
          <Summary numSequencePoints="37" visitedSequencePoints="0" numBranchPoints="7" visitedBranchPoints="0" sequenceCoverage="0" branchCoverage="0" maxCyclomaticComplexity="5" minCyclomaticComplexity="1" visitedClasses="0" numClasses="1" visitedMethods="0" numMethods="3" />
          <FullName>SportsWeb.Services.DomainModel.CommandHandlers.UpdateSitesToServiceProviderCommandHandler</FullName>
          <Methods>
            <Method visited="false" cyclomaticComplexity="1" nPathComplexity="0" sequenceCoverage="0" branchCoverage="0" isConstructor="true" isStatic="false" isGetter="false" isSetter="false">
              <Summary numSequencePoints="5" visitedSequencePoints="0" numBranchPoints="1" visitedBranchPoints="0" sequenceCoverage="0" branchCoverage="0" maxCyclomaticComplexity="1" minCyclomaticComplexity="1" visitedClasses="0" numClasses="0" visitedMethods="0" numMethods="1" />
              <MetadataToken>100664490</MetadataToken>
              <Name>System.Void SportsWeb.Services.DomainModel.CommandHandlers.UpdateSitesToServiceProviderCommandHandler::.ctor(SportsWeb.Services.Repository.IGetEntity`2&lt;System.Guid,SportsWeb.Entities.Administrator&gt;,SportsWeb.Services.Repository.IFind`1&lt;SportsWeb.Entities.Site&gt;)</Name>
              <FileRef uid="195" />
              <SequencePoints>
                <SequencePoint vc="0" uspid="7399" ordinal="0" offset="0" sl="16" sc="9" el="16" ec="135" bec="0" bev="0" fileid="195" />
                <SequencePoint vc="0" uspid="7400" ordinal="1" offset="7" sl="17" sc="9" el="17" ec="10" bec="0" bev="0" fileid="195" />
                <SequencePoint vc="0" uspid="7401" ordinal="2" offset="8" sl="18" sc="13" el="18" ec="56" bec="0" bev="0" fileid="195" />
                <SequencePoint vc="0" uspid="7402" ordinal="3" offset="15" sl="19" sc="13" el="19" ec="38" bec="0" bev="0" fileid="195" />
                <SequencePoint vc="0" uspid="7403" ordinal="4" offset="22" sl="20" sc="9" el="20" ec="10" bec="0" bev="0" fileid="195" />
              </SequencePoints>
              <BranchPoints />
              <MethodPoint xsi:type="SequencePoint" vc="0" uspid="7399" ordinal="0" offset="0" sl="16" sc="9" el="16" ec="135" bec="0" bev="0" fileid="195" />
            </Method>
            <Method visited="false" cyclomaticComplexity="5" nPathComplexity="4" sequenceCoverage="0" branchCoverage="0" isConstructor="false" isStatic="false" isGetter="false" isSetter="false">
              <Summary numSequencePoints="31" visitedSequencePoints="0" numBranchPoints="5" visitedBranchPoints="0" sequenceCoverage="0" branchCoverage="0" maxCyclomaticComplexity="5" minCyclomaticComplexity="5" visitedClasses="0" numClasses="0" visitedMethods="0" numMethods="1" />
              <MetadataToken>100664491</MetadataToken>
              <Name>System.Void SportsWeb.Services.DomainModel.CommandHandlers.UpdateSitesToServiceProviderCommandHandler::Handle(SportsWeb.Services.DomainModel.Commands.UpdateSitesToServiceProvider)</Name>
              <FileRef uid="195" />
              <SequencePoints>
                <SequencePoint vc="0" uspid="7404" ordinal="0" offset="13" sl="23" sc="9" el="23" ec="10" bec="0" bev="0" fileid="195" />
                <SequencePoint vc="0" uspid="7405" ordinal="1" offset="14" sl="25" sc="13" el="25" ec="14" bec="0" bev="0" fileid="195" />
                <SequencePoint vc="0" uspid="7406" ordinal="2" offset="15" sl="26" sc="17" el="26" ec="74" bec="0" bev="0" fileid="195" />
                <SequencePoint vc="0" uspid="7407" ordinal="3" offset="38" sl="27" sc="17" el="27" ec="42" bec="2" bev="0" fileid="195" />
                <SequencePoint vc="0" uspid="7408" ordinal="4" offset="58" sl="28" sc="21" el="28" ec="55" bec="0" bev="0" fileid="195" />
                <SequencePoint vc="0" uspid="7409" ordinal="5" offset="76" sl="29" sc="17" el="29" ec="49" bec="0" bev="0" fileid="195" />
                <SequencePoint vc="0" uspid="7410" ordinal="6" offset="84" sl="31" sc="17" el="31" ec="113" bec="0" bev="0" fileid="195" />
                <SequencePoint vc="0" uspid="7411" ordinal="7" offset="113" sl="33" sc="17" el="33" ec="109" bec="0" bev="0" fileid="195" />
                <SequencePoint vc="0" uspid="7412" ordinal="8" offset="280" sl="36" sc="17" el="36" ec="24" bec="0" bev="0" fileid="195" />
                <SequencePoint vc="0" uspid="7413" ordinal="9" offset="281" sl="36" sc="41" el="36" ec="52" bec="0" bev="0" fileid="195" />
                <SequencePoint vc="0" uspid="7414" ordinal="10" offset="291" sl="36" sc="26" el="36" ec="37" bec="0" bev="0" fileid="195" />
                <SequencePoint vc="0" uspid="7415" ordinal="11" offset="300" sl="37" sc="17" el="37" ec="18" bec="0" bev="0" fileid="195" />
                <SequencePoint vc="0" uspid="7416" ordinal="12" offset="301" sl="38" sc="21" el="38" ec="57" bec="0" bev="0" fileid="195" />
                <SequencePoint vc="0" uspid="7417" ordinal="13" offset="315" sl="39" sc="17" el="39" ec="18" bec="0" bev="0" fileid="195" />
                <SequencePoint vc="0" uspid="7418" ordinal="14" offset="316" sl="36" sc="38" el="36" ec="40" bec="0" bev="0" fileid="195" />
                <SequencePoint vc="0" uspid="7419" ordinal="15" offset="342" sl="40" sc="17" el="40" ec="24" bec="0" bev="0" fileid="195" />
                <SequencePoint vc="0" uspid="7420" ordinal="16" offset="343" sl="40" sc="41" el="40" ec="49" bec="0" bev="0" fileid="195" />
                <SequencePoint vc="0" uspid="7421" ordinal="17" offset="353" sl="40" sc="26" el="40" ec="37" bec="0" bev="0" fileid="195" />
                <SequencePoint vc="0" uspid="7422" ordinal="18" offset="362" sl="41" sc="17" el="41" ec="18" bec="0" bev="0" fileid="195" />
                <SequencePoint vc="0" uspid="7423" ordinal="19" offset="363" sl="42" sc="21" el="42" ec="64" bec="2" bev="0" fileid="195" />
                <SequencePoint vc="0" uspid="7424" ordinal="20" offset="385" sl="43" sc="21" el="43" ec="22" bec="0" bev="0" fileid="195" />
                <SequencePoint vc="0" uspid="7425" ordinal="21" offset="386" sl="44" sc="25" el="44" ec="58" bec="0" bev="0" fileid="195" />
                <SequencePoint vc="0" uspid="7426" ordinal="22" offset="400" sl="45" sc="21" el="45" ec="22" bec="0" bev="0" fileid="195" />
                <SequencePoint vc="0" uspid="7427" ordinal="23" offset="401" sl="46" sc="17" el="46" ec="18" bec="0" bev="0" fileid="195" />
                <SequencePoint vc="0" uspid="7428" ordinal="24" offset="402" sl="40" sc="38" el="40" ec="40" bec="0" bev="0" fileid="195" />
                <SequencePoint vc="0" uspid="7429" ordinal="25" offset="428" sl="49" sc="13" el="49" ec="14" bec="0" bev="0" fileid="195" />
                <SequencePoint vc="0" uspid="7430" ordinal="26" offset="431" sl="50" sc="13" el="50" ec="33" bec="0" bev="0" fileid="195" />
                <SequencePoint vc="0" uspid="7431" ordinal="27" offset="433" sl="51" sc="13" el="51" ec="14" bec="0" bev="0" fileid="195" />
                <SequencePoint vc="0" uspid="7432" ordinal="28" offset="434" sl="53" sc="17" el="53" ec="117" bec="0" bev="0" fileid="195" />
                <SequencePoint vc="0" uspid="7433" ordinal="29" offset="452" sl="54" sc="17" el="54" ec="23" bec="0" bev="0" fileid="195" />
                <SequencePoint vc="0" uspid="7434" ordinal="30" offset="454" sl="56" sc="9" el="56" ec="10" bec="0" bev="0" fileid="195" />
              </SequencePoints>
              <BranchPoints>
                <BranchPoint vc="0" uspid="7435" ordinal="0" offset="56" sl="27" path="0" offsetend="58" fileid="195" />
                <BranchPoint vc="0" uspid="7436" ordinal="1" offset="56" sl="27" path="1" offsetend="76" fileid="195" />
                <BranchPoint vc="0" uspid="7439" ordinal="4" offset="383" sl="42" path="0" offsetend="385" fileid="195" />
                <BranchPoint vc="0" uspid="7440" ordinal="5" offset="383" sl="42" path="1" offsetend="401" fileid="195" />
              </BranchPoints>
              <MethodPoint vc="0" uspid="7443" ordinal="0" offset="0" />
            </Method>
            <Method visited="false" cyclomaticComplexity="1" nPathComplexity="0" sequenceCoverage="0" branchCoverage="0" isConstructor="true" isStatic="true" isGetter="false" isSetter="false">
              <Summary numSequencePoints="1" visitedSequencePoints="0" numBranchPoints="1" visitedBranchPoints="0" sequenceCoverage="0" branchCoverage="0" maxCyclomaticComplexity="1" minCyclomaticComplexity="1" visitedClasses="0" numClasses="0" visitedMethods="0" numMethods="1" />
              <MetadataToken>100664492</MetadataToken>
              <Name>System.Void SportsWeb.Services.DomainModel.CommandHandlers.UpdateSitesToServiceProviderCommandHandler::.cctor()</Name>
              <FileRef uid="195" />
              <SequencePoints>
                <SequencePoint vc="0" uspid="7444" ordinal="0" offset="0" sl="15" sc="9" el="15" ec="120" bec="0" bev="0" fileid="195" />
              </SequencePoints>
              <BranchPoints />
              <MethodPoint xsi:type="SequencePoint" vc="0" uspid="7444" ordinal="0" offset="0" sl="15" sc="9" el="15" ec="120" bec="0" bev="0" fileid="195" />
            </Method>
          </Methods>
        </Class>
        <Class>
          <Summary numSequencePoints="1" visitedSequencePoints="0" numBranchPoints="1" visitedBranchPoints="0" sequenceCoverage="0" branchCoverage="0" maxCyclomaticComplexity="1" minCyclomaticComplexity="1" visitedClasses="0" numClasses="1" visitedMethods="0" numMethods="1" />
          <FullName>SportsWeb.Services.DomainModel.CommandHandlers.UpdateSitesToServiceProviderCommandHandler/&lt;&gt;c__DisplayClass4_0</FullName>
          <Methods>
            <Method visited="false" cyclomaticComplexity="1" nPathComplexity="0" sequenceCoverage="0" branchCoverage="0" isConstructor="true" isStatic="false" isGetter="false" isSetter="false">
              <Summary numSequencePoints="0" visitedSequencePoints="0" numBranchPoints="0" visitedBranchPoints="0" sequenceCoverage="0" branchCoverage="0" maxCyclomaticComplexity="1" minCyclomaticComplexity="1" visitedClasses="0" numClasses="0" visitedMethods="0" numMethods="0" />
              <MetadataToken>100667073</MetadataToken>
              <Name>System.Void SportsWeb.Services.DomainModel.CommandHandlers.UpdateSitesToServiceProviderCommandHandler/&lt;&gt;c__DisplayClass4_0::.ctor()</Name>
              <SequencePoints />
              <BranchPoints />
              <MethodPoint vc="0" uspid="7445" ordinal="0" offset="0" />
            </Method>
            <Method visited="false" cyclomaticComplexity="1" nPathComplexity="0" sequenceCoverage="0" branchCoverage="0" isConstructor="false" isStatic="false" isGetter="false" isSetter="false">
              <Summary numSequencePoints="1" visitedSequencePoints="0" numBranchPoints="1" visitedBranchPoints="0" sequenceCoverage="0" branchCoverage="0" maxCyclomaticComplexity="1" minCyclomaticComplexity="1" visitedClasses="0" numClasses="0" visitedMethods="0" numMethods="1" />
              <MetadataToken>100667074</MetadataToken>
              <Name>System.Boolean SportsWeb.Services.DomainModel.CommandHandlers.UpdateSitesToServiceProviderCommandHandler/&lt;&gt;c__DisplayClass4_0::&lt;Handle&gt;b__0(SportsWeb.Entities.Site)</Name>
              <FileRef uid="195" />
              <SequencePoints>
                <SequencePoint vc="0" uspid="7446" ordinal="0" offset="0" sl="31" sc="66" el="31" ec="102" bec="0" bev="0" fileid="195" />
              </SequencePoints>
              <BranchPoints />
              <MethodPoint xsi:type="SequencePoint" vc="0" uspid="7446" ordinal="0" offset="0" sl="31" sc="66" el="31" ec="102" bec="0" bev="0" fileid="195" />
            </Method>
          </Methods>
        </Class>
        <Class>
          <Summary numSequencePoints="20" visitedSequencePoints="16" numBranchPoints="3" visitedBranchPoints="3" sequenceCoverage="80" branchCoverage="100" maxCyclomaticComplexity="2" minCyclomaticComplexity="1" visitedClasses="1" numClasses="1" visitedMethods="3" numMethods="3" />
          <FullName>SportsWeb.Services.DomainModel.CommandHandlers.UpdateUserCommandHandlerWithPermissions</FullName>
          <Methods>
            <Method visited="true" cyclomaticComplexity="1" nPathComplexity="0" sequenceCoverage="100" branchCoverage="100" isConstructor="true" isStatic="false" isGetter="false" isSetter="false">
              <Summary numSequencePoints="5" visitedSequencePoints="5" numBranchPoints="1" visitedBranchPoints="1" sequenceCoverage="100" branchCoverage="100" maxCyclomaticComplexity="1" minCyclomaticComplexity="1" visitedClasses="0" numClasses="0" visitedMethods="1" numMethods="1" />
              <MetadataToken>100664493</MetadataToken>
              <Name>System.Void SportsWeb.Services.DomainModel.CommandHandlers.UpdateUserCommandHandlerWithPermissions::.ctor(SportsWeb.Services.Repository.IGetEntity`2&lt;System.Guid,SportsWeb.Entities.User&gt;,SportsWeb.Services.Repository.IFind`1&lt;SportsWeb.Entities.ScenePermissions&gt;)</Name>
              <FileRef uid="197" />
              <SequencePoints>
                <SequencePoint vc="1" uspid="7447" ordinal="0" offset="0" sl="17" sc="9" el="17" ec="137" bec="0" bev="0" fileid="197" />
                <SequencePoint vc="1" uspid="7448" ordinal="1" offset="7" sl="18" sc="9" el="18" ec="10" bec="0" bev="0" fileid="197" />
                <SequencePoint vc="1" uspid="7449" ordinal="2" offset="8" sl="19" sc="13" el="19" ec="42" bec="0" bev="0" fileid="197" />
                <SequencePoint vc="1" uspid="7450" ordinal="3" offset="15" sl="20" sc="13" el="20" ec="64" bec="0" bev="0" fileid="197" />
                <SequencePoint vc="1" uspid="7451" ordinal="4" offset="22" sl="21" sc="9" el="21" ec="10" bec="0" bev="0" fileid="197" />
              </SequencePoints>
              <BranchPoints />
              <MethodPoint xsi:type="SequencePoint" vc="1" uspid="7447" ordinal="0" offset="0" sl="17" sc="9" el="17" ec="137" bec="0" bev="0" fileid="197" />
            </Method>
            <Method visited="true" cyclomaticComplexity="2" nPathComplexity="0" sequenceCoverage="71.43" branchCoverage="100" isConstructor="false" isStatic="false" isGetter="false" isSetter="false">
              <Summary numSequencePoints="14" visitedSequencePoints="10" numBranchPoints="1" visitedBranchPoints="1" sequenceCoverage="71.43" branchCoverage="100" maxCyclomaticComplexity="2" minCyclomaticComplexity="2" visitedClasses="0" numClasses="0" visitedMethods="1" numMethods="1" />
              <MetadataToken>100664494</MetadataToken>
              <Name>System.Void SportsWeb.Services.DomainModel.CommandHandlers.UpdateUserCommandHandlerWithPermissions::Handle(SportsWeb.Services.DomainModel.Commands.UpdateUserCommandWithPermission)</Name>
              <FileRef uid="197" />
              <SequencePoints>
                <SequencePoint vc="1" uspid="7452" ordinal="0" offset="6" sl="24" sc="9" el="24" ec="10" bec="0" bev="0" fileid="197" />
                <SequencePoint vc="1" uspid="7453" ordinal="1" offset="7" sl="25" sc="13" el="25" ec="85" bec="0" bev="0" fileid="197" />
                <SequencePoint vc="1" uspid="7454" ordinal="2" offset="60" sl="26" sc="13" el="27" ec="99" bec="0" bev="0" fileid="197" />
                <SequencePoint vc="1" uspid="7455" ordinal="3" offset="204" sl="30" sc="13" el="30" ec="14" bec="0" bev="0" fileid="197" />
                <SequencePoint vc="1" uspid="7456" ordinal="4" offset="205" sl="31" sc="17" el="31" ec="55" bec="0" bev="0" fileid="197" />
                <SequencePoint vc="1" uspid="7457" ordinal="5" offset="223" sl="32" sc="17" el="32" ec="42" bec="0" bev="0" fileid="197" />
                <SequencePoint vc="1" uspid="7458" ordinal="6" offset="236" sl="33" sc="17" el="33" ec="48" bec="0" bev="0" fileid="197" />
                <SequencePoint vc="1" uspid="7459" ordinal="7" offset="249" sl="34" sc="17" el="34" ec="48" bec="0" bev="0" fileid="197" />
                <SequencePoint vc="1" uspid="7460" ordinal="8" offset="257" sl="35" sc="13" el="35" ec="14" bec="0" bev="0" fileid="197" />
                <SequencePoint vc="0" uspid="7461" ordinal="9" offset="260" sl="36" sc="13" el="36" ec="33" bec="0" bev="0" fileid="197" />
                <SequencePoint vc="0" uspid="7462" ordinal="10" offset="262" sl="37" sc="13" el="37" ec="14" bec="0" bev="0" fileid="197" />
                <SequencePoint vc="0" uspid="7463" ordinal="11" offset="263" sl="39" sc="17" el="39" ec="98" bec="0" bev="0" fileid="197" />
                <SequencePoint vc="0" uspid="7464" ordinal="12" offset="281" sl="40" sc="17" el="40" ec="23" bec="0" bev="0" fileid="197" />
                <SequencePoint vc="1" uspid="7465" ordinal="13" offset="283" sl="43" sc="9" el="43" ec="10" bec="0" bev="0" fileid="197" />
              </SequencePoints>
              <BranchPoints />
              <MethodPoint vc="1" uspid="7468" ordinal="0" offset="0" />
            </Method>
            <Method visited="true" cyclomaticComplexity="1" nPathComplexity="0" sequenceCoverage="100" branchCoverage="100" isConstructor="true" isStatic="true" isGetter="false" isSetter="false">
              <Summary numSequencePoints="1" visitedSequencePoints="1" numBranchPoints="1" visitedBranchPoints="1" sequenceCoverage="100" branchCoverage="100" maxCyclomaticComplexity="1" minCyclomaticComplexity="1" visitedClasses="0" numClasses="0" visitedMethods="1" numMethods="1" />
              <MetadataToken>100664495</MetadataToken>
              <Name>System.Void SportsWeb.Services.DomainModel.CommandHandlers.UpdateUserCommandHandlerWithPermissions::.cctor()</Name>
              <FileRef uid="197" />
              <SequencePoints>
                <SequencePoint vc="1" uspid="7469" ordinal="0" offset="0" sl="15" sc="9" el="15" ec="117" bec="0" bev="0" fileid="197" />
              </SequencePoints>
              <BranchPoints />
              <MethodPoint xsi:type="SequencePoint" vc="1" uspid="7469" ordinal="0" offset="0" sl="15" sc="9" el="15" ec="117" bec="0" bev="0" fileid="197" />
            </Method>
          </Methods>
        </Class>
        <Class>
          <Summary numSequencePoints="0" visitedSequencePoints="0" numBranchPoints="0" visitedBranchPoints="0" sequenceCoverage="0" branchCoverage="0" maxCyclomaticComplexity="1" minCyclomaticComplexity="1" visitedClasses="0" numClasses="0" visitedMethods="0" numMethods="0" />
          <FullName>SportsWeb.Services.DomainModel.CommandHandlers.UpdateUserCommandHandlerWithPermissions/&lt;&gt;c__DisplayClass4_0</FullName>
          <Methods>
            <Method visited="true" cyclomaticComplexity="1" nPathComplexity="0" sequenceCoverage="0" branchCoverage="0" isConstructor="true" isStatic="false" isGetter="false" isSetter="false">
              <Summary numSequencePoints="0" visitedSequencePoints="0" numBranchPoints="0" visitedBranchPoints="0" sequenceCoverage="0" branchCoverage="0" maxCyclomaticComplexity="1" minCyclomaticComplexity="1" visitedClasses="0" numClasses="0" visitedMethods="0" numMethods="0" />
              <MetadataToken>100667075</MetadataToken>
              <Name>System.Void SportsWeb.Services.DomainModel.CommandHandlers.UpdateUserCommandHandlerWithPermissions/&lt;&gt;c__DisplayClass4_0::.ctor()</Name>
              <SequencePoints />
              <BranchPoints />
              <MethodPoint vc="1" uspid="7470" ordinal="0" offset="0" />
            </Method>
          </Methods>
        </Class>
        <Class>
          <Summary numSequencePoints="1" visitedSequencePoints="1" numBranchPoints="1" visitedBranchPoints="1" sequenceCoverage="100" branchCoverage="100" maxCyclomaticComplexity="1" minCyclomaticComplexity="1" visitedClasses="1" numClasses="1" visitedMethods="1" numMethods="1" />
          <FullName>SportsWeb.Services.DomainModel.CommandHandlers.UpdateUserCommandHandlerWithPermissions/&lt;&gt;c</FullName>
          <Methods>
            <Method visited="true" cyclomaticComplexity="1" nPathComplexity="0" sequenceCoverage="0" branchCoverage="0" isConstructor="true" isStatic="true" isGetter="false" isSetter="false">
              <Summary numSequencePoints="0" visitedSequencePoints="0" numBranchPoints="0" visitedBranchPoints="0" sequenceCoverage="0" branchCoverage="0" maxCyclomaticComplexity="1" minCyclomaticComplexity="1" visitedClasses="0" numClasses="0" visitedMethods="0" numMethods="0" />
              <MetadataToken>100667076</MetadataToken>
              <Name>System.Void SportsWeb.Services.DomainModel.CommandHandlers.UpdateUserCommandHandlerWithPermissions/&lt;&gt;c::.cctor()</Name>
              <SequencePoints />
              <BranchPoints />
              <MethodPoint vc="1" uspid="7471" ordinal="0" offset="0" />
            </Method>
            <Method visited="true" cyclomaticComplexity="1" nPathComplexity="0" sequenceCoverage="0" branchCoverage="0" isConstructor="true" isStatic="false" isGetter="false" isSetter="false">
              <Summary numSequencePoints="0" visitedSequencePoints="0" numBranchPoints="0" visitedBranchPoints="0" sequenceCoverage="0" branchCoverage="0" maxCyclomaticComplexity="1" minCyclomaticComplexity="1" visitedClasses="0" numClasses="0" visitedMethods="0" numMethods="0" />
              <MetadataToken>100667077</MetadataToken>
              <Name>System.Void SportsWeb.Services.DomainModel.CommandHandlers.UpdateUserCommandHandlerWithPermissions/&lt;&gt;c::.ctor()</Name>
              <SequencePoints />
              <BranchPoints />
              <MethodPoint vc="1" uspid="7472" ordinal="0" offset="0" />
            </Method>
            <Method visited="true" cyclomaticComplexity="1" nPathComplexity="0" sequenceCoverage="100" branchCoverage="100" isConstructor="false" isStatic="false" isGetter="false" isSetter="false">
              <Summary numSequencePoints="1" visitedSequencePoints="1" numBranchPoints="1" visitedBranchPoints="1" sequenceCoverage="100" branchCoverage="100" maxCyclomaticComplexity="1" minCyclomaticComplexity="1" visitedClasses="0" numClasses="0" visitedMethods="1" numMethods="1" />
              <MetadataToken>100667078</MetadataToken>
              <Name>System.String SportsWeb.Services.DomainModel.CommandHandlers.UpdateUserCommandHandlerWithPermissions/&lt;&gt;c::&lt;Handle&gt;b__4_0(SportsWeb.Entities.ScenePermissions)</Name>
              <FileRef uid="197" />
              <SequencePoints>
                <SequencePoint vc="1" uspid="7473" ordinal="0" offset="0" sl="25" sc="68" el="25" ec="74" bec="0" bev="0" fileid="197" />
              </SequencePoints>
              <BranchPoints />
              <MethodPoint xsi:type="SequencePoint" vc="1" uspid="7473" ordinal="0" offset="0" sl="25" sc="68" el="25" ec="74" bec="0" bev="0" fileid="197" />
            </Method>
          </Methods>
        </Class>
        <Class>
          <Summary numSequencePoints="18" visitedSequencePoints="14" numBranchPoints="3" visitedBranchPoints="3" sequenceCoverage="77.78" branchCoverage="100" maxCyclomaticComplexity="1" minCyclomaticComplexity="1" visitedClasses="1" numClasses="1" visitedMethods="3" numMethods="3" />
          <FullName>SportsWeb.Services.DomainModel.CommandHandlers.CreateAdministratorCommandHandler</FullName>
          <Methods>
            <Method visited="true" cyclomaticComplexity="1" nPathComplexity="0" sequenceCoverage="100" branchCoverage="100" isConstructor="true" isStatic="false" isGetter="false" isSetter="false">
              <Summary numSequencePoints="6" visitedSequencePoints="6" numBranchPoints="1" visitedBranchPoints="1" sequenceCoverage="100" branchCoverage="100" maxCyclomaticComplexity="1" minCyclomaticComplexity="1" visitedClasses="0" numClasses="0" visitedMethods="1" numMethods="1" />
              <MetadataToken>100664496</MetadataToken>
              <Name>System.Void SportsWeb.Services.DomainModel.CommandHandlers.CreateAdministratorCommandHandler::.ctor(SportsWeb.Services.Repository.IAddEntity`2&lt;System.Guid,SportsWeb.Entities.Administrator&gt;,SportsWeb.Services.Repository.IFind`1&lt;SportsWeb.Entities.AdministratorRole&gt;,SportsWeb.Services.Repository.IFind`1&lt;SportsWeb.Entities.Customer&gt;)</Name>
              <FileRef uid="199" />
              <SequencePoints>
                <SequencePoint vc="1" uspid="7474" ordinal="0" offset="0" sl="19" sc="9" el="20" ec="86" bec="0" bev="0" fileid="199" />
                <SequencePoint vc="1" uspid="7475" ordinal="1" offset="7" sl="21" sc="9" el="21" ec="10" bec="0" bev="0" fileid="199" />
                <SequencePoint vc="1" uspid="7476" ordinal="2" offset="8" sl="22" sc="13" el="22" ec="42" bec="0" bev="0" fileid="199" />
                <SequencePoint vc="1" uspid="7477" ordinal="3" offset="15" sl="23" sc="13" el="23" ec="52" bec="0" bev="0" fileid="199" />
                <SequencePoint vc="1" uspid="7478" ordinal="4" offset="22" sl="24" sc="13" el="24" ec="50" bec="0" bev="0" fileid="199" />
                <SequencePoint vc="1" uspid="7479" ordinal="5" offset="29" sl="25" sc="9" el="25" ec="10" bec="0" bev="0" fileid="199" />
              </SequencePoints>
              <BranchPoints />
              <MethodPoint xsi:type="SequencePoint" vc="1" uspid="7474" ordinal="0" offset="0" sl="19" sc="9" el="20" ec="86" bec="0" bev="0" fileid="199" />
            </Method>
            <Method visited="true" cyclomaticComplexity="1" nPathComplexity="0" sequenceCoverage="63.64" branchCoverage="100" isConstructor="false" isStatic="false" isGetter="false" isSetter="false">
              <Summary numSequencePoints="11" visitedSequencePoints="7" numBranchPoints="1" visitedBranchPoints="1" sequenceCoverage="63.64" branchCoverage="100" maxCyclomaticComplexity="1" minCyclomaticComplexity="1" visitedClasses="0" numClasses="0" visitedMethods="1" numMethods="1" />
              <MetadataToken>100664497</MetadataToken>
              <Name>System.Void SportsWeb.Services.DomainModel.CommandHandlers.CreateAdministratorCommandHandler::Handle(SportsWeb.Services.DomainModel.Commands.CreateAdministratorCommand)</Name>
              <FileRef uid="199" />
              <SequencePoints>
                <SequencePoint vc="1" uspid="7480" ordinal="0" offset="13" sl="28" sc="9" el="28" ec="10" bec="0" bev="0" fileid="199" />
                <SequencePoint vc="1" uspid="7481" ordinal="1" offset="14" sl="30" sc="13" el="30" ec="14" bec="0" bev="0" fileid="199" />
                <SequencePoint vc="1" uspid="7482" ordinal="2" offset="15" sl="32" sc="13" el="32" ec="103" bec="0" bev="0" fileid="199" />
                <SequencePoint vc="1" uspid="7483" ordinal="3" offset="179" sl="33" sc="13" el="33" ec="110" bec="0" bev="0" fileid="199" />
                <SequencePoint vc="1" uspid="7484" ordinal="4" offset="343" sl="35" sc="13" el="42" ec="16" bec="0" bev="0" fileid="199" />
                <SequencePoint vc="1" uspid="7485" ordinal="5" offset="424" sl="44" sc="13" el="44" ec="14" bec="0" bev="0" fileid="199" />
                <SequencePoint vc="0" uspid="7486" ordinal="6" offset="427" sl="45" sc="13" el="45" ec="33" bec="0" bev="0" fileid="199" />
                <SequencePoint vc="0" uspid="7487" ordinal="7" offset="429" sl="46" sc="13" el="46" ec="14" bec="0" bev="0" fileid="199" />
                <SequencePoint vc="0" uspid="7488" ordinal="8" offset="430" sl="47" sc="17" el="47" ec="108" bec="0" bev="0" fileid="199" />
                <SequencePoint vc="0" uspid="7489" ordinal="9" offset="448" sl="48" sc="17" el="48" ec="23" bec="0" bev="0" fileid="199" />
                <SequencePoint vc="1" uspid="7490" ordinal="10" offset="450" sl="50" sc="9" el="50" ec="10" bec="0" bev="0" fileid="199" />
              </SequencePoints>
              <BranchPoints />
              <MethodPoint vc="1" uspid="7491" ordinal="0" offset="0" />
            </Method>
            <Method visited="true" cyclomaticComplexity="1" nPathComplexity="0" sequenceCoverage="100" branchCoverage="100" isConstructor="true" isStatic="true" isGetter="false" isSetter="false">
              <Summary numSequencePoints="1" visitedSequencePoints="1" numBranchPoints="1" visitedBranchPoints="1" sequenceCoverage="100" branchCoverage="100" maxCyclomaticComplexity="1" minCyclomaticComplexity="1" visitedClasses="0" numClasses="0" visitedMethods="1" numMethods="1" />
              <MetadataToken>100664498</MetadataToken>
              <Name>System.Void SportsWeb.Services.DomainModel.CommandHandlers.CreateAdministratorCommandHandler::.cctor()</Name>
              <FileRef uid="199" />
              <SequencePoints>
                <SequencePoint vc="1" uspid="7492" ordinal="0" offset="0" sl="17" sc="9" el="17" ec="111" bec="0" bev="0" fileid="199" />
              </SequencePoints>
              <BranchPoints />
              <MethodPoint xsi:type="SequencePoint" vc="1" uspid="7492" ordinal="0" offset="0" sl="17" sc="9" el="17" ec="111" bec="0" bev="0" fileid="199" />
            </Method>
          </Methods>
        </Class>
        <Class>
          <Summary numSequencePoints="0" visitedSequencePoints="0" numBranchPoints="0" visitedBranchPoints="0" sequenceCoverage="0" branchCoverage="0" maxCyclomaticComplexity="1" minCyclomaticComplexity="1" visitedClasses="0" numClasses="0" visitedMethods="0" numMethods="0" />
          <FullName>SportsWeb.Services.DomainModel.CommandHandlers.CreateAdministratorCommandHandler/&lt;&gt;c__DisplayClass5_0</FullName>
          <Methods>
            <Method visited="true" cyclomaticComplexity="1" nPathComplexity="0" sequenceCoverage="0" branchCoverage="0" isConstructor="true" isStatic="false" isGetter="false" isSetter="false">
              <Summary numSequencePoints="0" visitedSequencePoints="0" numBranchPoints="0" visitedBranchPoints="0" sequenceCoverage="0" branchCoverage="0" maxCyclomaticComplexity="1" minCyclomaticComplexity="1" visitedClasses="0" numClasses="0" visitedMethods="0" numMethods="0" />
              <MetadataToken>100667079</MetadataToken>
              <Name>System.Void SportsWeb.Services.DomainModel.CommandHandlers.CreateAdministratorCommandHandler/&lt;&gt;c__DisplayClass5_0::.ctor()</Name>
              <SequencePoints />
              <BranchPoints />
              <MethodPoint vc="1" uspid="7493" ordinal="0" offset="0" />
            </Method>
          </Methods>
        </Class>
        <Class>
          <Summary numSequencePoints="18" visitedSequencePoints="14" numBranchPoints="3" visitedBranchPoints="3" sequenceCoverage="77.78" branchCoverage="100" maxCyclomaticComplexity="1" minCyclomaticComplexity="1" visitedClasses="1" numClasses="1" visitedMethods="3" numMethods="3" />
          <FullName>SportsWeb.Services.DomainModel.CommandHandlers.CreateCustomerCommandHandler</FullName>
          <Methods>
            <Method visited="true" cyclomaticComplexity="1" nPathComplexity="0" sequenceCoverage="100" branchCoverage="100" isConstructor="true" isStatic="false" isGetter="false" isSetter="false">
              <Summary numSequencePoints="5" visitedSequencePoints="5" numBranchPoints="1" visitedBranchPoints="1" sequenceCoverage="100" branchCoverage="100" maxCyclomaticComplexity="1" minCyclomaticComplexity="1" visitedClasses="0" numClasses="0" visitedMethods="1" numMethods="1" />
              <MetadataToken>100664499</MetadataToken>
              <Name>System.Void SportsWeb.Services.DomainModel.CommandHandlers.CreateCustomerCommandHandler::.ctor(SportsWeb.Services.Repository.IAddEntity`2&lt;System.Guid,SportsWeb.Entities.Customer&gt;,SportsWeb.Services.Repository.IAddEntity`2&lt;System.Guid,SportsWeb.Entities.AmpCustomerUser&gt;)</Name>
              <FileRef uid="200" />
              <SequencePoints>
                <SequencePoint vc="1" uspid="7494" ordinal="0" offset="0" sl="18" sc="9" el="19" ec="68" bec="0" bev="0" fileid="200" />
                <SequencePoint vc="1" uspid="7495" ordinal="1" offset="7" sl="20" sc="9" el="20" ec="10" bec="0" bev="0" fileid="200" />
                <SequencePoint vc="1" uspid="7496" ordinal="2" offset="8" sl="21" sc="13" el="21" ec="48" bec="0" bev="0" fileid="200" />
                <SequencePoint vc="1" uspid="7497" ordinal="3" offset="15" sl="22" sc="13" el="22" ec="62" bec="0" bev="0" fileid="200" />
                <SequencePoint vc="1" uspid="7498" ordinal="4" offset="22" sl="23" sc="9" el="23" ec="10" bec="0" bev="0" fileid="200" />
              </SequencePoints>
              <BranchPoints />
              <MethodPoint xsi:type="SequencePoint" vc="1" uspid="7494" ordinal="0" offset="0" sl="18" sc="9" el="19" ec="68" bec="0" bev="0" fileid="200" />
            </Method>
            <Method visited="true" cyclomaticComplexity="1" nPathComplexity="0" sequenceCoverage="66.67" branchCoverage="100" isConstructor="false" isStatic="false" isGetter="false" isSetter="false">
              <Summary numSequencePoints="12" visitedSequencePoints="8" numBranchPoints="1" visitedBranchPoints="1" sequenceCoverage="66.67" branchCoverage="100" maxCyclomaticComplexity="1" minCyclomaticComplexity="1" visitedClasses="0" numClasses="0" visitedMethods="1" numMethods="1" />
              <MetadataToken>100664500</MetadataToken>
              <Name>System.Void SportsWeb.Services.DomainModel.CommandHandlers.CreateCustomerCommandHandler::Handle(SportsWeb.Services.DomainModel.Commands.CreateCustomerCommand)</Name>
              <FileRef uid="200" />
              <SequencePoints>
                <SequencePoint vc="1" uspid="7499" ordinal="0" offset="0" sl="26" sc="9" el="26" ec="10" bec="0" bev="0" fileid="200" />
                <SequencePoint vc="1" uspid="7500" ordinal="1" offset="1" sl="28" sc="13" el="28" ec="14" bec="0" bev="0" fileid="200" />
                <SequencePoint vc="1" uspid="7501" ordinal="2" offset="2" sl="29" sc="17" el="37" ec="19" bec="0" bev="0" fileid="200" />
                <SequencePoint vc="1" uspid="7502" ordinal="3" offset="80" sl="39" sc="17" el="39" ec="48" bec="0" bev="0" fileid="200" />
                <SequencePoint vc="1" uspid="7503" ordinal="4" offset="93" sl="41" sc="17" el="48" ec="19" bec="0" bev="0" fileid="200" />
                <SequencePoint vc="1" uspid="7504" ordinal="5" offset="178" sl="49" sc="17" el="49" ec="54" bec="0" bev="0" fileid="200" />
                <SequencePoint vc="1" uspid="7505" ordinal="6" offset="191" sl="51" sc="13" el="51" ec="14" bec="0" bev="0" fileid="200" />
                <SequencePoint vc="0" uspid="7506" ordinal="7" offset="194" sl="52" sc="13" el="52" ec="33" bec="0" bev="0" fileid="200" />
                <SequencePoint vc="0" uspid="7507" ordinal="8" offset="195" sl="53" sc="13" el="53" ec="14" bec="0" bev="0" fileid="200" />
                <SequencePoint vc="0" uspid="7508" ordinal="9" offset="196" sl="54" sc="17" el="54" ec="102" bec="0" bev="0" fileid="200" />
                <SequencePoint vc="0" uspid="7509" ordinal="10" offset="213" sl="55" sc="17" el="55" ec="23" bec="0" bev="0" fileid="200" />
                <SequencePoint vc="1" uspid="7510" ordinal="11" offset="215" sl="58" sc="9" el="58" ec="10" bec="0" bev="0" fileid="200" />
              </SequencePoints>
              <BranchPoints />
              <MethodPoint xsi:type="SequencePoint" vc="1" uspid="7499" ordinal="0" offset="0" sl="26" sc="9" el="26" ec="10" bec="0" bev="0" fileid="200" />
            </Method>
            <Method visited="true" cyclomaticComplexity="1" nPathComplexity="0" sequenceCoverage="100" branchCoverage="100" isConstructor="true" isStatic="true" isGetter="false" isSetter="false">
              <Summary numSequencePoints="1" visitedSequencePoints="1" numBranchPoints="1" visitedBranchPoints="1" sequenceCoverage="100" branchCoverage="100" maxCyclomaticComplexity="1" minCyclomaticComplexity="1" visitedClasses="0" numClasses="0" visitedMethods="1" numMethods="1" />
              <MetadataToken>100664501</MetadataToken>
              <Name>System.Void SportsWeb.Services.DomainModel.CommandHandlers.CreateCustomerCommandHandler::.cctor()</Name>
              <FileRef uid="200" />
              <SequencePoints>
                <SequencePoint vc="1" uspid="7511" ordinal="0" offset="0" sl="17" sc="9" el="17" ec="106" bec="0" bev="0" fileid="200" />
              </SequencePoints>
              <BranchPoints />
              <MethodPoint xsi:type="SequencePoint" vc="1" uspid="7511" ordinal="0" offset="0" sl="17" sc="9" el="17" ec="106" bec="0" bev="0" fileid="200" />
            </Method>
          </Methods>
        </Class>
        <Class>
          <Summary numSequencePoints="14" visitedSequencePoints="10" numBranchPoints="3" visitedBranchPoints="3" sequenceCoverage="71.43" branchCoverage="100" maxCyclomaticComplexity="1" minCyclomaticComplexity="1" visitedClasses="1" numClasses="1" visitedMethods="3" numMethods="3" />
          <FullName>SportsWeb.Services.DomainModel.CommandHandlers.CreatePitchCommandHandler</FullName>
          <Methods>
            <Method visited="true" cyclomaticComplexity="1" nPathComplexity="0" sequenceCoverage="100" branchCoverage="100" isConstructor="true" isStatic="false" isGetter="false" isSetter="false">
              <Summary numSequencePoints="4" visitedSequencePoints="4" numBranchPoints="1" visitedBranchPoints="1" sequenceCoverage="100" branchCoverage="100" maxCyclomaticComplexity="1" minCyclomaticComplexity="1" visitedClasses="0" numClasses="0" visitedMethods="1" numMethods="1" />
              <MetadataToken>100664502</MetadataToken>
              <Name>System.Void SportsWeb.Services.DomainModel.CommandHandlers.CreatePitchCommandHandler::.ctor(SportsWeb.Services.Repository.IAddEntity`2&lt;System.Guid,SportsWeb.Entities.Pitch&gt;)</Name>
              <FileRef uid="201" />
              <SequencePoints>
                <SequencePoint vc="1" uspid="7512" ordinal="0" offset="0" sl="16" sc="9" el="16" ec="77" bec="0" bev="0" fileid="201" />
                <SequencePoint vc="1" uspid="7513" ordinal="1" offset="7" sl="17" sc="9" el="17" ec="10" bec="0" bev="0" fileid="201" />
                <SequencePoint vc="1" uspid="7514" ordinal="2" offset="8" sl="18" sc="13" el="18" ec="42" bec="0" bev="0" fileid="201" />
                <SequencePoint vc="1" uspid="7515" ordinal="3" offset="15" sl="19" sc="9" el="19" ec="10" bec="0" bev="0" fileid="201" />
              </SequencePoints>
              <BranchPoints />
              <MethodPoint xsi:type="SequencePoint" vc="1" uspid="7512" ordinal="0" offset="0" sl="16" sc="9" el="16" ec="77" bec="0" bev="0" fileid="201" />
            </Method>
            <Method visited="true" cyclomaticComplexity="1" nPathComplexity="0" sequenceCoverage="55.56" branchCoverage="100" isConstructor="false" isStatic="false" isGetter="false" isSetter="false">
              <Summary numSequencePoints="9" visitedSequencePoints="5" numBranchPoints="1" visitedBranchPoints="1" sequenceCoverage="55.56" branchCoverage="100" maxCyclomaticComplexity="1" minCyclomaticComplexity="1" visitedClasses="0" numClasses="0" visitedMethods="1" numMethods="1" />
              <MetadataToken>100664503</MetadataToken>
              <Name>System.Void SportsWeb.Services.DomainModel.CommandHandlers.CreatePitchCommandHandler::Handle(SportsWeb.Services.DomainModel.Commands.CreatePitchCommand)</Name>
              <FileRef uid="201" />
              <SequencePoints>
                <SequencePoint vc="1" uspid="7516" ordinal="0" offset="0" sl="22" sc="9" el="22" ec="10" bec="0" bev="0" fileid="201" />
                <SequencePoint vc="1" uspid="7517" ordinal="1" offset="1" sl="24" sc="13" el="24" ec="14" bec="0" bev="0" fileid="201" />
                <SequencePoint vc="1" uspid="7518" ordinal="2" offset="2" sl="26" sc="13" el="35" ec="16" bec="0" bev="0" fileid="201" />
                <SequencePoint vc="1" uspid="7519" ordinal="3" offset="109" sl="37" sc="13" el="37" ec="14" bec="0" bev="0" fileid="201" />
                <SequencePoint vc="0" uspid="7520" ordinal="4" offset="112" sl="38" sc="13" el="38" ec="33" bec="0" bev="0" fileid="201" />
                <SequencePoint vc="0" uspid="7521" ordinal="5" offset="113" sl="39" sc="13" el="39" ec="14" bec="0" bev="0" fileid="201" />
                <SequencePoint vc="0" uspid="7522" ordinal="6" offset="114" sl="41" sc="17" el="41" ec="98" bec="0" bev="0" fileid="201" />
                <SequencePoint vc="0" uspid="7523" ordinal="7" offset="131" sl="42" sc="17" el="42" ec="23" bec="0" bev="0" fileid="201" />
                <SequencePoint vc="1" uspid="7524" ordinal="8" offset="133" sl="44" sc="9" el="44" ec="10" bec="0" bev="0" fileid="201" />
              </SequencePoints>
              <BranchPoints />
              <MethodPoint xsi:type="SequencePoint" vc="1" uspid="7516" ordinal="0" offset="0" sl="22" sc="9" el="22" ec="10" bec="0" bev="0" fileid="201" />
            </Method>
            <Method visited="true" cyclomaticComplexity="1" nPathComplexity="0" sequenceCoverage="100" branchCoverage="100" isConstructor="true" isStatic="true" isGetter="false" isSetter="false">
              <Summary numSequencePoints="1" visitedSequencePoints="1" numBranchPoints="1" visitedBranchPoints="1" sequenceCoverage="100" branchCoverage="100" maxCyclomaticComplexity="1" minCyclomaticComplexity="1" visitedClasses="0" numClasses="0" visitedMethods="1" numMethods="1" />
              <MetadataToken>100664504</MetadataToken>
              <Name>System.Void SportsWeb.Services.DomainModel.CommandHandlers.CreatePitchCommandHandler::.cctor()</Name>
              <FileRef uid="201" />
              <SequencePoints>
                <SequencePoint vc="1" uspid="7525" ordinal="0" offset="0" sl="14" sc="9" el="14" ec="103" bec="0" bev="0" fileid="201" />
              </SequencePoints>
              <BranchPoints />
              <MethodPoint xsi:type="SequencePoint" vc="1" uspid="7525" ordinal="0" offset="0" sl="14" sc="9" el="14" ec="103" bec="0" bev="0" fileid="201" />
            </Method>
          </Methods>
        </Class>
        <Class>
          <Summary numSequencePoints="19" visitedSequencePoints="0" numBranchPoints="7" visitedBranchPoints="0" sequenceCoverage="0" branchCoverage="0" maxCyclomaticComplexity="5" minCyclomaticComplexity="1" visitedClasses="0" numClasses="1" visitedMethods="0" numMethods="3" />
          <FullName>SportsWeb.Services.DomainModel.CommandHandlers.CreateSiteCommandHandler</FullName>
          <Methods>
            <Method visited="false" cyclomaticComplexity="1" nPathComplexity="0" sequenceCoverage="0" branchCoverage="0" isConstructor="true" isStatic="false" isGetter="false" isSetter="false">
              <Summary numSequencePoints="5" visitedSequencePoints="0" numBranchPoints="1" visitedBranchPoints="0" sequenceCoverage="0" branchCoverage="0" maxCyclomaticComplexity="1" minCyclomaticComplexity="1" visitedClasses="0" numClasses="0" visitedMethods="0" numMethods="1" />
              <MetadataToken>100664505</MetadataToken>
              <Name>System.Void SportsWeb.Services.DomainModel.CommandHandlers.CreateSiteCommandHandler::.ctor(SportsWeb.Services.Repository.IAddEntity`2&lt;System.Guid,SportsWeb.Entities.Site&gt;,SportsWeb.Services.Repository.IFind`1&lt;SportsWeb.Entities.AppPermissions&gt;)</Name>
              <FileRef uid="202" />
              <SequencePoints>
                <SequencePoint vc="0" uspid="7526" ordinal="0" offset="0" sl="19" sc="9" el="19" ec="117" bec="0" bev="0" fileid="202" />
                <SequencePoint vc="0" uspid="7527" ordinal="1" offset="7" sl="20" sc="9" el="20" ec="10" bec="0" bev="0" fileid="202" />
                <SequencePoint vc="0" uspid="7528" ordinal="2" offset="8" sl="21" sc="13" el="21" ec="40" bec="0" bev="0" fileid="202" />
                <SequencePoint vc="0" uspid="7529" ordinal="3" offset="15" sl="22" sc="13" el="22" ec="60" bec="0" bev="0" fileid="202" />
                <SequencePoint vc="0" uspid="7530" ordinal="4" offset="22" sl="23" sc="9" el="23" ec="10" bec="0" bev="0" fileid="202" />
              </SequencePoints>
              <BranchPoints />
              <MethodPoint xsi:type="SequencePoint" vc="0" uspid="7526" ordinal="0" offset="0" sl="19" sc="9" el="19" ec="117" bec="0" bev="0" fileid="202" />
            </Method>
            <Method visited="false" cyclomaticComplexity="5" nPathComplexity="4" sequenceCoverage="0" branchCoverage="0" isConstructor="false" isStatic="false" isGetter="false" isSetter="false">
              <Summary numSequencePoints="13" visitedSequencePoints="0" numBranchPoints="5" visitedBranchPoints="0" sequenceCoverage="0" branchCoverage="0" maxCyclomaticComplexity="5" minCyclomaticComplexity="5" visitedClasses="0" numClasses="0" visitedMethods="0" numMethods="1" />
              <MetadataToken>100664506</MetadataToken>
              <Name>System.Void SportsWeb.Services.DomainModel.CommandHandlers.CreateSiteCommandHandler::Handle(SportsWeb.Services.DomainModel.Commands.CreateSiteCommand)</Name>
              <FileRef uid="202" />
              <SequencePoints>
                <SequencePoint vc="0" uspid="7531" ordinal="0" offset="0" sl="26" sc="9" el="26" ec="10" bec="0" bev="0" fileid="202" />
                <SequencePoint vc="0" uspid="7532" ordinal="1" offset="7" sl="28" sc="13" el="28" ec="14" bec="0" bev="0" fileid="202" />
                <SequencePoint vc="0" uspid="7533" ordinal="2" offset="8" sl="29" sc="17" el="29" ec="88" bec="2" bev="0" fileid="202" />
                <SequencePoint vc="0" uspid="7534" ordinal="3" offset="68" sl="30" sc="17" el="30" ec="65" bec="0" bev="0" fileid="202" />
                <SequencePoint vc="0" uspid="7535" ordinal="4" offset="74" sl="31" sc="17" el="31" ec="41" bec="2" bev="0" fileid="202" />
                <SequencePoint vc="0" uspid="7536" ordinal="5" offset="90" sl="32" sc="21" el="32" ec="118" bec="0" bev="0" fileid="202" />
                <SequencePoint vc="0" uspid="7537" ordinal="6" offset="234" sl="33" sc="17" el="41" ec="20" bec="0" bev="0" fileid="202" />
                <SequencePoint vc="0" uspid="7538" ordinal="7" offset="323" sl="43" sc="13" el="43" ec="14" bec="0" bev="0" fileid="202" />
                <SequencePoint vc="0" uspid="7539" ordinal="8" offset="326" sl="44" sc="13" el="44" ec="33" bec="0" bev="0" fileid="202" />
                <SequencePoint vc="0" uspid="7540" ordinal="9" offset="328" sl="45" sc="13" el="45" ec="14" bec="0" bev="0" fileid="202" />
                <SequencePoint vc="0" uspid="7541" ordinal="10" offset="329" sl="46" sc="17" el="46" ec="99" bec="0" bev="0" fileid="202" />
                <SequencePoint vc="0" uspid="7542" ordinal="11" offset="347" sl="47" sc="17" el="47" ec="23" bec="0" bev="0" fileid="202" />
                <SequencePoint vc="0" uspid="7543" ordinal="12" offset="349" sl="50" sc="9" el="50" ec="10" bec="0" bev="0" fileid="202" />
              </SequencePoints>
              <BranchPoints>
                <BranchPoint vc="0" uspid="7544" ordinal="0" offset="16" sl="29" path="0" offsetend="18" fileid="202" />
                <BranchPoint vc="0" uspid="7545" ordinal="1" offset="16" sl="29" path="1" offsetend="22" fileid="202" />
                <BranchPoint vc="0" uspid="7548" ordinal="4" offset="85" sl="31" path="0" offsetend="90" fileid="202" />
                <BranchPoint vc="0" uspid="7549" ordinal="5" offset="85" sl="31" path="1" offsetend="234" fileid="202" />
              </BranchPoints>
              <MethodPoint xsi:type="SequencePoint" vc="0" uspid="7531" ordinal="0" offset="0" sl="26" sc="9" el="26" ec="10" bec="0" bev="0" fileid="202" />
            </Method>
            <Method visited="false" cyclomaticComplexity="1" nPathComplexity="0" sequenceCoverage="0" branchCoverage="0" isConstructor="true" isStatic="true" isGetter="false" isSetter="false">
              <Summary numSequencePoints="1" visitedSequencePoints="0" numBranchPoints="1" visitedBranchPoints="0" sequenceCoverage="0" branchCoverage="0" maxCyclomaticComplexity="1" minCyclomaticComplexity="1" visitedClasses="0" numClasses="0" visitedMethods="0" numMethods="1" />
              <MetadataToken>100664507</MetadataToken>
              <Name>System.Void SportsWeb.Services.DomainModel.CommandHandlers.CreateSiteCommandHandler::.cctor()</Name>
              <FileRef uid="202" />
              <SequencePoints>
                <SequencePoint vc="0" uspid="7550" ordinal="0" offset="0" sl="17" sc="9" el="17" ec="102" bec="0" bev="0" fileid="202" />
              </SequencePoints>
              <BranchPoints />
              <MethodPoint xsi:type="SequencePoint" vc="0" uspid="7550" ordinal="0" offset="0" sl="17" sc="9" el="17" ec="102" bec="0" bev="0" fileid="202" />
            </Method>
          </Methods>
        </Class>
        <Class>
          <Summary numSequencePoints="0" visitedSequencePoints="0" numBranchPoints="0" visitedBranchPoints="0" sequenceCoverage="0" branchCoverage="0" maxCyclomaticComplexity="1" minCyclomaticComplexity="1" visitedClasses="0" numClasses="0" visitedMethods="0" numMethods="0" />
          <FullName>SportsWeb.Services.DomainModel.CommandHandlers.CreateSiteCommandHandler/&lt;&gt;c__DisplayClass4_0</FullName>
          <Methods>
            <Method visited="false" cyclomaticComplexity="1" nPathComplexity="0" sequenceCoverage="0" branchCoverage="0" isConstructor="true" isStatic="false" isGetter="false" isSetter="false">
              <Summary numSequencePoints="0" visitedSequencePoints="0" numBranchPoints="0" visitedBranchPoints="0" sequenceCoverage="0" branchCoverage="0" maxCyclomaticComplexity="1" minCyclomaticComplexity="1" visitedClasses="0" numClasses="0" visitedMethods="0" numMethods="0" />
              <MetadataToken>100667080</MetadataToken>
              <Name>System.Void SportsWeb.Services.DomainModel.CommandHandlers.CreateSiteCommandHandler/&lt;&gt;c__DisplayClass4_0::.ctor()</Name>
              <SequencePoints />
              <BranchPoints />
              <MethodPoint vc="0" uspid="7551" ordinal="0" offset="0" />
            </Method>
          </Methods>
        </Class>
        <Class>
          <Summary numSequencePoints="1" visitedSequencePoints="0" numBranchPoints="1" visitedBranchPoints="0" sequenceCoverage="0" branchCoverage="0" maxCyclomaticComplexity="1" minCyclomaticComplexity="1" visitedClasses="0" numClasses="1" visitedMethods="0" numMethods="1" />
          <FullName>SportsWeb.Services.DomainModel.CommandHandlers.CreateSiteCommandHandler/&lt;&gt;c</FullName>
          <Methods>
            <Method visited="false" cyclomaticComplexity="1" nPathComplexity="0" sequenceCoverage="0" branchCoverage="0" isConstructor="true" isStatic="true" isGetter="false" isSetter="false">
              <Summary numSequencePoints="0" visitedSequencePoints="0" numBranchPoints="0" visitedBranchPoints="0" sequenceCoverage="0" branchCoverage="0" maxCyclomaticComplexity="1" minCyclomaticComplexity="1" visitedClasses="0" numClasses="0" visitedMethods="0" numMethods="0" />
              <MetadataToken>100667081</MetadataToken>
              <Name>System.Void SportsWeb.Services.DomainModel.CommandHandlers.CreateSiteCommandHandler/&lt;&gt;c::.cctor()</Name>
              <SequencePoints />
              <BranchPoints />
              <MethodPoint vc="0" uspid="7552" ordinal="0" offset="0" />
            </Method>
            <Method visited="false" cyclomaticComplexity="1" nPathComplexity="0" sequenceCoverage="0" branchCoverage="0" isConstructor="true" isStatic="false" isGetter="false" isSetter="false">
              <Summary numSequencePoints="0" visitedSequencePoints="0" numBranchPoints="0" visitedBranchPoints="0" sequenceCoverage="0" branchCoverage="0" maxCyclomaticComplexity="1" minCyclomaticComplexity="1" visitedClasses="0" numClasses="0" visitedMethods="0" numMethods="0" />
              <MetadataToken>100667082</MetadataToken>
              <Name>System.Void SportsWeb.Services.DomainModel.CommandHandlers.CreateSiteCommandHandler/&lt;&gt;c::.ctor()</Name>
              <SequencePoints />
              <BranchPoints />
              <MethodPoint vc="0" uspid="7553" ordinal="0" offset="0" />
            </Method>
            <Method visited="false" cyclomaticComplexity="1" nPathComplexity="0" sequenceCoverage="0" branchCoverage="0" isConstructor="false" isStatic="false" isGetter="false" isSetter="false">
              <Summary numSequencePoints="1" visitedSequencePoints="0" numBranchPoints="1" visitedBranchPoints="0" sequenceCoverage="0" branchCoverage="0" maxCyclomaticComplexity="1" minCyclomaticComplexity="1" visitedClasses="0" numClasses="0" visitedMethods="0" numMethods="1" />
              <MetadataToken>100667083</MetadataToken>
              <Name>System.String SportsWeb.Services.DomainModel.CommandHandlers.CreateSiteCommandHandler/&lt;&gt;c::&lt;Handle&gt;b__4_0(SportsWeb.Entities.AppPermissions)</Name>
              <FileRef uid="202" />
              <SequencePoints>
                <SequencePoint vc="0" uspid="7554" ordinal="0" offset="0" sl="29" sc="71" el="29" ec="77" bec="0" bev="0" fileid="202" />
              </SequencePoints>
              <BranchPoints />
              <MethodPoint xsi:type="SequencePoint" vc="0" uspid="7554" ordinal="0" offset="0" sl="29" sc="71" el="29" ec="77" bec="0" bev="0" fileid="202" />
            </Method>
          </Methods>
        </Class>
        <Class>
          <Summary numSequencePoints="16" visitedSequencePoints="12" numBranchPoints="3" visitedBranchPoints="3" sequenceCoverage="75" branchCoverage="100" maxCyclomaticComplexity="1" minCyclomaticComplexity="1" visitedClasses="1" numClasses="1" visitedMethods="3" numMethods="3" />
          <FullName>SportsWeb.Services.DomainModel.CommandHandlers.CreateUserCommandHandler</FullName>
          <Methods>
            <Method visited="true" cyclomaticComplexity="1" nPathComplexity="0" sequenceCoverage="100" branchCoverage="100" isConstructor="true" isStatic="false" isGetter="false" isSetter="false">
              <Summary numSequencePoints="5" visitedSequencePoints="5" numBranchPoints="1" visitedBranchPoints="1" sequenceCoverage="100" branchCoverage="100" maxCyclomaticComplexity="1" minCyclomaticComplexity="1" visitedClasses="0" numClasses="0" visitedMethods="1" numMethods="1" />
              <MetadataToken>100664508</MetadataToken>
              <Name>System.Void SportsWeb.Services.DomainModel.CommandHandlers.CreateUserCommandHandler::.ctor(SportsWeb.Services.Repository.IAddEntity`2&lt;System.Guid,SportsWeb.Entities.User&gt;,SportsWeb.Services.Repository.IFind`1&lt;SportsWeb.Entities.UserRole&gt;)</Name>
              <FileRef uid="204" />
              <SequencePoints>
                <SequencePoint vc="1" uspid="7555" ordinal="0" offset="0" sl="19" sc="9" el="20" ec="44" bec="0" bev="0" fileid="204" />
                <SequencePoint vc="1" uspid="7556" ordinal="1" offset="7" sl="21" sc="9" el="21" ec="10" bec="0" bev="0" fileid="204" />
                <SequencePoint vc="1" uspid="7557" ordinal="2" offset="8" sl="22" sc="13" el="22" ec="40" bec="0" bev="0" fileid="204" />
                <SequencePoint vc="1" uspid="7558" ordinal="3" offset="15" sl="23" sc="13" el="23" ec="50" bec="0" bev="0" fileid="204" />
                <SequencePoint vc="1" uspid="7559" ordinal="4" offset="22" sl="25" sc="9" el="25" ec="10" bec="0" bev="0" fileid="204" />
              </SequencePoints>
              <BranchPoints />
              <MethodPoint xsi:type="SequencePoint" vc="1" uspid="7555" ordinal="0" offset="0" sl="19" sc="9" el="20" ec="44" bec="0" bev="0" fileid="204" />
            </Method>
            <Method visited="true" cyclomaticComplexity="1" nPathComplexity="0" sequenceCoverage="60" branchCoverage="100" isConstructor="false" isStatic="false" isGetter="false" isSetter="false">
              <Summary numSequencePoints="10" visitedSequencePoints="6" numBranchPoints="1" visitedBranchPoints="1" sequenceCoverage="60" branchCoverage="100" maxCyclomaticComplexity="1" minCyclomaticComplexity="1" visitedClasses="0" numClasses="0" visitedMethods="1" numMethods="1" />
              <MetadataToken>100664509</MetadataToken>
              <Name>System.Void SportsWeb.Services.DomainModel.CommandHandlers.CreateUserCommandHandler::Handle(SportsWeb.Services.DomainModel.Commands.CreateUserCommand)</Name>
              <FileRef uid="204" />
              <SequencePoints>
                <SequencePoint vc="1" uspid="7560" ordinal="0" offset="13" sl="28" sc="9" el="28" ec="10" bec="0" bev="0" fileid="204" />
                <SequencePoint vc="1" uspid="7561" ordinal="1" offset="14" sl="30" sc="13" el="30" ec="14" bec="0" bev="0" fileid="204" />
                <SequencePoint vc="1" uspid="7562" ordinal="2" offset="15" sl="31" sc="17" el="31" ec="110" bec="0" bev="0" fileid="204" />
                <SequencePoint vc="1" uspid="7563" ordinal="3" offset="179" sl="33" sc="17" el="41" ec="20" bec="0" bev="0" fileid="204" />
                <SequencePoint vc="1" uspid="7564" ordinal="4" offset="270" sl="43" sc="13" el="43" ec="14" bec="0" bev="0" fileid="204" />
                <SequencePoint vc="0" uspid="7565" ordinal="5" offset="273" sl="44" sc="13" el="44" ec="33" bec="0" bev="0" fileid="204" />
                <SequencePoint vc="0" uspid="7566" ordinal="6" offset="274" sl="45" sc="13" el="45" ec="14" bec="0" bev="0" fileid="204" />
                <SequencePoint vc="0" uspid="7567" ordinal="7" offset="275" sl="46" sc="17" el="46" ec="98" bec="0" bev="0" fileid="204" />
                <SequencePoint vc="0" uspid="7568" ordinal="8" offset="292" sl="47" sc="17" el="47" ec="23" bec="0" bev="0" fileid="204" />
                <SequencePoint vc="1" uspid="7569" ordinal="9" offset="294" sl="49" sc="9" el="49" ec="10" bec="0" bev="0" fileid="204" />
              </SequencePoints>
              <BranchPoints />
              <MethodPoint vc="1" uspid="7570" ordinal="0" offset="0" />
            </Method>
            <Method visited="true" cyclomaticComplexity="1" nPathComplexity="0" sequenceCoverage="100" branchCoverage="100" isConstructor="true" isStatic="true" isGetter="false" isSetter="false">
              <Summary numSequencePoints="1" visitedSequencePoints="1" numBranchPoints="1" visitedBranchPoints="1" sequenceCoverage="100" branchCoverage="100" maxCyclomaticComplexity="1" minCyclomaticComplexity="1" visitedClasses="0" numClasses="0" visitedMethods="1" numMethods="1" />
              <MetadataToken>100664510</MetadataToken>
              <Name>System.Void SportsWeb.Services.DomainModel.CommandHandlers.CreateUserCommandHandler::.cctor()</Name>
              <FileRef uid="204" />
              <SequencePoints>
                <SequencePoint vc="1" uspid="7571" ordinal="0" offset="0" sl="17" sc="9" el="17" ec="102" bec="0" bev="0" fileid="204" />
              </SequencePoints>
              <BranchPoints />
              <MethodPoint xsi:type="SequencePoint" vc="1" uspid="7571" ordinal="0" offset="0" sl="17" sc="9" el="17" ec="102" bec="0" bev="0" fileid="204" />
            </Method>
          </Methods>
        </Class>
        <Class>
          <Summary numSequencePoints="0" visitedSequencePoints="0" numBranchPoints="0" visitedBranchPoints="0" sequenceCoverage="0" branchCoverage="0" maxCyclomaticComplexity="1" minCyclomaticComplexity="1" visitedClasses="0" numClasses="0" visitedMethods="0" numMethods="0" />
          <FullName>SportsWeb.Services.DomainModel.CommandHandlers.CreateUserCommandHandler/&lt;&gt;c__DisplayClass4_0</FullName>
          <Methods>
            <Method visited="true" cyclomaticComplexity="1" nPathComplexity="0" sequenceCoverage="0" branchCoverage="0" isConstructor="true" isStatic="false" isGetter="false" isSetter="false">
              <Summary numSequencePoints="0" visitedSequencePoints="0" numBranchPoints="0" visitedBranchPoints="0" sequenceCoverage="0" branchCoverage="0" maxCyclomaticComplexity="1" minCyclomaticComplexity="1" visitedClasses="0" numClasses="0" visitedMethods="0" numMethods="0" />
              <MetadataToken>100667084</MetadataToken>
              <Name>System.Void SportsWeb.Services.DomainModel.CommandHandlers.CreateUserCommandHandler/&lt;&gt;c__DisplayClass4_0::.ctor()</Name>
              <SequencePoints />
              <BranchPoints />
              <MethodPoint vc="1" uspid="7572" ordinal="0" offset="0" />
            </Method>
          </Methods>
        </Class>
        <Class>
          <Summary numSequencePoints="14" visitedSequencePoints="10" numBranchPoints="3" visitedBranchPoints="3" sequenceCoverage="71.43" branchCoverage="100" maxCyclomaticComplexity="1" minCyclomaticComplexity="1" visitedClasses="1" numClasses="1" visitedMethods="3" numMethods="3" />
          <FullName>SportsWeb.Services.DomainModel.CommandHandlers.DeleteUserFromSiteCommandHandler</FullName>
          <Methods>
            <Method visited="true" cyclomaticComplexity="1" nPathComplexity="0" sequenceCoverage="100" branchCoverage="100" isConstructor="true" isStatic="false" isGetter="false" isSetter="false">
              <Summary numSequencePoints="4" visitedSequencePoints="4" numBranchPoints="1" visitedBranchPoints="1" sequenceCoverage="100" branchCoverage="100" maxCyclomaticComplexity="1" minCyclomaticComplexity="1" visitedClasses="0" numClasses="0" visitedMethods="1" numMethods="1" />
              <MetadataToken>100664511</MetadataToken>
              <Name>System.Void SportsWeb.Services.DomainModel.CommandHandlers.DeleteUserFromSiteCommandHandler::.ctor(SportsWeb.Services.Repository.IDeleteEntity`2&lt;System.Guid,SportsWeb.Entities.User&gt;)</Name>
              <FileRef uid="205" />
              <SequencePoints>
                <SequencePoint vc="1" uspid="7573" ordinal="0" offset="0" sl="15" sc="9" el="15" ec="87" bec="0" bev="0" fileid="205" />
                <SequencePoint vc="1" uspid="7574" ordinal="1" offset="7" sl="16" sc="9" el="16" ec="10" bec="0" bev="0" fileid="205" />
                <SequencePoint vc="1" uspid="7575" ordinal="2" offset="8" sl="17" sc="13" el="17" ec="44" bec="0" bev="0" fileid="205" />
                <SequencePoint vc="1" uspid="7576" ordinal="3" offset="15" sl="18" sc="9" el="18" ec="10" bec="0" bev="0" fileid="205" />
              </SequencePoints>
              <BranchPoints />
              <MethodPoint xsi:type="SequencePoint" vc="1" uspid="7573" ordinal="0" offset="0" sl="15" sc="9" el="15" ec="87" bec="0" bev="0" fileid="205" />
            </Method>
            <Method visited="true" cyclomaticComplexity="1" nPathComplexity="0" sequenceCoverage="55.56" branchCoverage="100" isConstructor="false" isStatic="false" isGetter="false" isSetter="false">
              <Summary numSequencePoints="9" visitedSequencePoints="5" numBranchPoints="1" visitedBranchPoints="1" sequenceCoverage="55.56" branchCoverage="100" maxCyclomaticComplexity="1" minCyclomaticComplexity="1" visitedClasses="0" numClasses="0" visitedMethods="1" numMethods="1" />
              <MetadataToken>100664512</MetadataToken>
              <Name>System.Void SportsWeb.Services.DomainModel.CommandHandlers.DeleteUserFromSiteCommandHandler::Handle(SportsWeb.Services.DomainModel.Commands.DeleteUserFromSiteCommand)</Name>
              <FileRef uid="205" />
              <SequencePoints>
                <SequencePoint vc="1" uspid="7577" ordinal="0" offset="0" sl="21" sc="9" el="21" ec="10" bec="0" bev="0" fileid="205" />
                <SequencePoint vc="1" uspid="7578" ordinal="1" offset="1" sl="23" sc="13" el="23" ec="14" bec="0" bev="0" fileid="205" />
                <SequencePoint vc="1" uspid="7579" ordinal="2" offset="2" sl="26" sc="13" el="26" ec="52" bec="0" bev="0" fileid="205" />
                <SequencePoint vc="1" uspid="7580" ordinal="3" offset="20" sl="28" sc="13" el="28" ec="14" bec="0" bev="0" fileid="205" />
                <SequencePoint vc="0" uspid="7581" ordinal="4" offset="23" sl="29" sc="13" el="29" ec="33" bec="0" bev="0" fileid="205" />
                <SequencePoint vc="0" uspid="7582" ordinal="5" offset="24" sl="30" sc="13" el="30" ec="14" bec="0" bev="0" fileid="205" />
                <SequencePoint vc="0" uspid="7583" ordinal="6" offset="25" sl="31" sc="17" el="31" ec="106" bec="0" bev="0" fileid="205" />
                <SequencePoint vc="0" uspid="7584" ordinal="7" offset="42" sl="32" sc="17" el="32" ec="23" bec="0" bev="0" fileid="205" />
                <SequencePoint vc="1" uspid="7585" ordinal="8" offset="44" sl="34" sc="9" el="34" ec="10" bec="0" bev="0" fileid="205" />
              </SequencePoints>
              <BranchPoints />
              <MethodPoint xsi:type="SequencePoint" vc="1" uspid="7577" ordinal="0" offset="0" sl="21" sc="9" el="21" ec="10" bec="0" bev="0" fileid="205" />
            </Method>
            <Method visited="true" cyclomaticComplexity="1" nPathComplexity="0" sequenceCoverage="100" branchCoverage="100" isConstructor="true" isStatic="true" isGetter="false" isSetter="false">
              <Summary numSequencePoints="1" visitedSequencePoints="1" numBranchPoints="1" visitedBranchPoints="1" sequenceCoverage="100" branchCoverage="100" maxCyclomaticComplexity="1" minCyclomaticComplexity="1" visitedClasses="0" numClasses="0" visitedMethods="1" numMethods="1" />
              <MetadataToken>100664513</MetadataToken>
              <Name>System.Void SportsWeb.Services.DomainModel.CommandHandlers.DeleteUserFromSiteCommandHandler::.cctor()</Name>
              <FileRef uid="205" />
              <SequencePoints>
                <SequencePoint vc="1" uspid="7586" ordinal="0" offset="0" sl="13" sc="9" el="13" ec="110" bec="0" bev="0" fileid="205" />
              </SequencePoints>
              <BranchPoints />
              <MethodPoint xsi:type="SequencePoint" vc="1" uspid="7586" ordinal="0" offset="0" sl="13" sc="9" el="13" ec="110" bec="0" bev="0" fileid="205" />
            </Method>
          </Methods>
        </Class>
        <Class>
          <Summary numSequencePoints="29" visitedSequencePoints="22" numBranchPoints="5" visitedBranchPoints="4" sequenceCoverage="75.86" branchCoverage="80" maxCyclomaticComplexity="2" minCyclomaticComplexity="1" visitedClasses="1" numClasses="1" visitedMethods="3" numMethods="3" />
          <FullName>SportsWeb.Services.DomainModel.CommandHandlers.UpdateAdministratorCommandHandler</FullName>
          <Methods>
            <Method visited="true" cyclomaticComplexity="1" nPathComplexity="0" sequenceCoverage="100" branchCoverage="100" isConstructor="true" isStatic="false" isGetter="false" isSetter="false">
              <Summary numSequencePoints="6" visitedSequencePoints="6" numBranchPoints="1" visitedBranchPoints="1" sequenceCoverage="100" branchCoverage="100" maxCyclomaticComplexity="1" minCyclomaticComplexity="1" visitedClasses="0" numClasses="0" visitedMethods="1" numMethods="1" />
              <MetadataToken>100664514</MetadataToken>
              <Name>System.Void SportsWeb.Services.DomainModel.CommandHandlers.UpdateAdministratorCommandHandler::.ctor(SportsWeb.Services.Repository.IGetEntity`2&lt;System.Guid,SportsWeb.Entities.Administrator&gt;,SportsWeb.Services.Repository.IFind`1&lt;SportsWeb.Entities.AdministratorRole&gt;,SportsWeb.Services.Repository.IFind`1&lt;SportsWeb.Entities.Customer&gt;)</Name>
              <FileRef uid="206" />
              <SequencePoints>
                <SequencePoint vc="1" uspid="7587" ordinal="0" offset="0" sl="18" sc="9" el="21" ec="44" bec="0" bev="0" fileid="206" />
                <SequencePoint vc="1" uspid="7588" ordinal="1" offset="7" sl="22" sc="9" el="22" ec="10" bec="0" bev="0" fileid="206" />
                <SequencePoint vc="1" uspid="7589" ordinal="2" offset="8" sl="23" sc="13" el="23" ec="60" bec="0" bev="0" fileid="206" />
                <SequencePoint vc="1" uspid="7590" ordinal="3" offset="15" sl="24" sc="13" el="24" ec="52" bec="0" bev="0" fileid="206" />
                <SequencePoint vc="1" uspid="7591" ordinal="4" offset="22" sl="25" sc="13" el="25" ec="50" bec="0" bev="0" fileid="206" />
                <SequencePoint vc="1" uspid="7592" ordinal="5" offset="29" sl="26" sc="9" el="26" ec="10" bec="0" bev="0" fileid="206" />
              </SequencePoints>
              <BranchPoints />
              <MethodPoint xsi:type="SequencePoint" vc="1" uspid="7587" ordinal="0" offset="0" sl="18" sc="9" el="21" ec="44" bec="0" bev="0" fileid="206" />
            </Method>
            <Method visited="true" cyclomaticComplexity="2" nPathComplexity="2" sequenceCoverage="68.18" branchCoverage="66.67" isConstructor="false" isStatic="false" isGetter="false" isSetter="false">
              <Summary numSequencePoints="22" visitedSequencePoints="15" numBranchPoints="3" visitedBranchPoints="2" sequenceCoverage="68.18" branchCoverage="66.67" maxCyclomaticComplexity="2" minCyclomaticComplexity="2" visitedClasses="0" numClasses="0" visitedMethods="1" numMethods="1" />
              <MetadataToken>100664515</MetadataToken>
              <Name>System.Void SportsWeb.Services.DomainModel.CommandHandlers.UpdateAdministratorCommandHandler::Handle(SportsWeb.Services.DomainModel.Commands.UpdateAdministratorCommand)</Name>
              <FileRef uid="206" />
              <SequencePoints>
                <SequencePoint vc="1" uspid="7593" ordinal="0" offset="13" sl="29" sc="9" el="29" ec="10" bec="0" bev="0" fileid="206" />
                <SequencePoint vc="1" uspid="7594" ordinal="1" offset="14" sl="31" sc="13" el="31" ec="14" bec="0" bev="0" fileid="206" />
                <SequencePoint vc="1" uspid="7595" ordinal="2" offset="15" sl="32" sc="17" el="32" ec="73" bec="0" bev="0" fileid="206" />
                <SequencePoint vc="1" uspid="7596" ordinal="3" offset="38" sl="33" sc="17" el="33" ec="51" bec="0" bev="0" fileid="206" />
                <SequencePoint vc="1" uspid="7597" ordinal="4" offset="56" sl="34" sc="17" el="34" ec="57" bec="0" bev="0" fileid="206" />
                <SequencePoint vc="1" uspid="7598" ordinal="5" offset="74" sl="35" sc="17" el="35" ec="49" bec="0" bev="0" fileid="206" />
                <SequencePoint vc="1" uspid="7599" ordinal="6" offset="82" sl="37" sc="17" el="37" ec="107" bec="0" bev="0" fileid="206" />
                <SequencePoint vc="1" uspid="7600" ordinal="7" offset="246" sl="38" sc="17" el="38" ec="45" bec="0" bev="0" fileid="206" />
                <SequencePoint vc="1" uspid="7601" ordinal="8" offset="254" sl="40" sc="17" el="40" ec="51" bec="2" bev="1" fileid="206" />
                <SequencePoint vc="0" uspid="7602" ordinal="9" offset="271" sl="41" sc="17" el="41" ec="18" bec="0" bev="0" fileid="206" />
                <SequencePoint vc="0" uspid="7603" ordinal="10" offset="272" sl="42" sc="21" el="42" ec="52" bec="0" bev="0" fileid="206" />
                <SequencePoint vc="0" uspid="7604" ordinal="11" offset="280" sl="43" sc="17" el="43" ec="18" bec="0" bev="0" fileid="206" />
                <SequencePoint vc="1" uspid="7605" ordinal="12" offset="286" sl="45" sc="17" el="45" ec="18" bec="0" bev="0" fileid="206" />
                <SequencePoint vc="1" uspid="7606" ordinal="13" offset="287" sl="46" sc="21" el="47" ec="120" bec="0" bev="0" fileid="206" />
                <SequencePoint vc="1" uspid="7607" ordinal="14" offset="452" sl="48" sc="21" el="48" ec="57" bec="0" bev="0" fileid="206" />
                <SequencePoint vc="1" uspid="7608" ordinal="15" offset="461" sl="49" sc="17" el="49" ec="18" bec="0" bev="0" fileid="206" />
                <SequencePoint vc="1" uspid="7609" ordinal="16" offset="462" sl="52" sc="13" el="52" ec="14" bec="0" bev="0" fileid="206" />
                <SequencePoint vc="0" uspid="7610" ordinal="17" offset="465" sl="53" sc="13" el="53" ec="33" bec="0" bev="0" fileid="206" />
                <SequencePoint vc="0" uspid="7611" ordinal="18" offset="467" sl="54" sc="13" el="54" ec="14" bec="0" bev="0" fileid="206" />
                <SequencePoint vc="0" uspid="7612" ordinal="19" offset="468" sl="56" sc="17" el="56" ec="107" bec="0" bev="0" fileid="206" />
                <SequencePoint vc="0" uspid="7613" ordinal="20" offset="486" sl="57" sc="17" el="57" ec="23" bec="0" bev="0" fileid="206" />
                <SequencePoint vc="1" uspid="7614" ordinal="21" offset="488" sl="60" sc="9" el="60" ec="10" bec="0" bev="0" fileid="206" />
              </SequencePoints>
              <BranchPoints>
                <BranchPoint vc="0" uspid="7615" ordinal="0" offset="269" sl="40" path="0" offsetend="271" fileid="206" />
                <BranchPoint vc="1" uspid="7616" ordinal="1" offset="269" sl="40" path="1" offsetend="286" fileid="206" />
              </BranchPoints>
              <MethodPoint vc="1" uspid="7617" ordinal="0" offset="0" />
            </Method>
            <Method visited="true" cyclomaticComplexity="1" nPathComplexity="0" sequenceCoverage="100" branchCoverage="100" isConstructor="true" isStatic="true" isGetter="false" isSetter="false">
              <Summary numSequencePoints="1" visitedSequencePoints="1" numBranchPoints="1" visitedBranchPoints="1" sequenceCoverage="100" branchCoverage="100" maxCyclomaticComplexity="1" minCyclomaticComplexity="1" visitedClasses="0" numClasses="0" visitedMethods="1" numMethods="1" />
              <MetadataToken>100664516</MetadataToken>
              <Name>System.Void SportsWeb.Services.DomainModel.CommandHandlers.UpdateAdministratorCommandHandler::.cctor()</Name>
              <FileRef uid="206" />
              <SequencePoints>
                <SequencePoint vc="1" uspid="7618" ordinal="0" offset="0" sl="16" sc="9" el="16" ec="111" bec="0" bev="0" fileid="206" />
              </SequencePoints>
              <BranchPoints />
              <MethodPoint xsi:type="SequencePoint" vc="1" uspid="7618" ordinal="0" offset="0" sl="16" sc="9" el="16" ec="111" bec="0" bev="0" fileid="206" />
            </Method>
          </Methods>
        </Class>
        <Class>
          <Summary numSequencePoints="0" visitedSequencePoints="0" numBranchPoints="0" visitedBranchPoints="0" sequenceCoverage="0" branchCoverage="0" maxCyclomaticComplexity="1" minCyclomaticComplexity="1" visitedClasses="0" numClasses="0" visitedMethods="0" numMethods="0" />
          <FullName>SportsWeb.Services.DomainModel.CommandHandlers.UpdateAdministratorCommandHandler/&lt;&gt;c__DisplayClass5_0</FullName>
          <Methods>
            <Method visited="true" cyclomaticComplexity="1" nPathComplexity="0" sequenceCoverage="0" branchCoverage="0" isConstructor="true" isStatic="false" isGetter="false" isSetter="false">
              <Summary numSequencePoints="0" visitedSequencePoints="0" numBranchPoints="0" visitedBranchPoints="0" sequenceCoverage="0" branchCoverage="0" maxCyclomaticComplexity="1" minCyclomaticComplexity="1" visitedClasses="0" numClasses="0" visitedMethods="0" numMethods="0" />
              <MetadataToken>100667085</MetadataToken>
              <Name>System.Void SportsWeb.Services.DomainModel.CommandHandlers.UpdateAdministratorCommandHandler/&lt;&gt;c__DisplayClass5_0::.ctor()</Name>
              <SequencePoints />
              <BranchPoints />
              <MethodPoint vc="1" uspid="7619" ordinal="0" offset="0" />
            </Method>
          </Methods>
        </Class>
        <Class>
          <Summary numSequencePoints="18" visitedSequencePoints="14" numBranchPoints="3" visitedBranchPoints="3" sequenceCoverage="77.78" branchCoverage="100" maxCyclomaticComplexity="1" minCyclomaticComplexity="1" visitedClasses="1" numClasses="1" visitedMethods="3" numMethods="3" />
          <FullName>SportsWeb.Services.DomainModel.CommandHandlers.UpdateCustomerCommandHandler</FullName>
          <Methods>
            <Method visited="true" cyclomaticComplexity="1" nPathComplexity="0" sequenceCoverage="100" branchCoverage="100" isConstructor="true" isStatic="false" isGetter="false" isSetter="false">
              <Summary numSequencePoints="4" visitedSequencePoints="4" numBranchPoints="1" visitedBranchPoints="1" sequenceCoverage="100" branchCoverage="100" maxCyclomaticComplexity="1" minCyclomaticComplexity="1" visitedClasses="0" numClasses="0" visitedMethods="1" numMethods="1" />
              <MetadataToken>100664517</MetadataToken>
              <Name>System.Void SportsWeb.Services.DomainModel.CommandHandlers.UpdateCustomerCommandHandler::.ctor(SportsWeb.Services.Repository.IGetEntity`2&lt;System.Guid,SportsWeb.Entities.Customer&gt;)</Name>
              <FileRef uid="207" />
              <SequencePoints>
                <SequencePoint vc="1" uspid="7620" ordinal="0" offset="0" sl="15" sc="9" el="15" ec="87" bec="0" bev="0" fileid="207" />
                <SequencePoint vc="1" uspid="7621" ordinal="1" offset="7" sl="16" sc="9" el="16" ec="10" bec="0" bev="0" fileid="207" />
                <SequencePoint vc="1" uspid="7622" ordinal="2" offset="8" sl="17" sc="13" el="17" ec="50" bec="0" bev="0" fileid="207" />
                <SequencePoint vc="1" uspid="7623" ordinal="3" offset="15" sl="18" sc="9" el="18" ec="10" bec="0" bev="0" fileid="207" />
              </SequencePoints>
              <BranchPoints />
              <MethodPoint xsi:type="SequencePoint" vc="1" uspid="7620" ordinal="0" offset="0" sl="15" sc="9" el="15" ec="87" bec="0" bev="0" fileid="207" />
            </Method>
            <Method visited="true" cyclomaticComplexity="1" nPathComplexity="0" sequenceCoverage="69.23" branchCoverage="100" isConstructor="false" isStatic="false" isGetter="false" isSetter="false">
              <Summary numSequencePoints="13" visitedSequencePoints="9" numBranchPoints="1" visitedBranchPoints="1" sequenceCoverage="69.23" branchCoverage="100" maxCyclomaticComplexity="1" minCyclomaticComplexity="1" visitedClasses="0" numClasses="0" visitedMethods="1" numMethods="1" />
              <MetadataToken>100664518</MetadataToken>
              <Name>System.Void SportsWeb.Services.DomainModel.CommandHandlers.UpdateCustomerCommandHandler::Handle(SportsWeb.Services.DomainModel.Commands.UpdateCustomerCommand)</Name>
              <FileRef uid="207" />
              <SequencePoints>
                <SequencePoint vc="1" uspid="7624" ordinal="0" offset="0" sl="21" sc="9" el="21" ec="10" bec="0" bev="0" fileid="207" />
                <SequencePoint vc="1" uspid="7625" ordinal="1" offset="1" sl="23" sc="13" el="23" ec="14" bec="0" bev="0" fileid="207" />
                <SequencePoint vc="1" uspid="7626" ordinal="2" offset="2" sl="24" sc="17" el="24" ec="63" bec="0" bev="0" fileid="207" />
                <SequencePoint vc="1" uspid="7627" ordinal="3" offset="20" sl="25" sc="17" el="25" ec="46" bec="0" bev="0" fileid="207" />
                <SequencePoint vc="1" uspid="7628" ordinal="4" offset="33" sl="26" sc="17" el="26" ec="52" bec="0" bev="0" fileid="207" />
                <SequencePoint vc="1" uspid="7629" ordinal="5" offset="46" sl="27" sc="17" el="27" ec="50" bec="0" bev="0" fileid="207" />
                <SequencePoint vc="1" uspid="7630" ordinal="6" offset="59" sl="28" sc="17" el="28" ec="58" bec="0" bev="0" fileid="207" />
                <SequencePoint vc="1" uspid="7631" ordinal="7" offset="72" sl="29" sc="13" el="29" ec="14" bec="0" bev="0" fileid="207" />
                <SequencePoint vc="0" uspid="7632" ordinal="8" offset="75" sl="30" sc="13" el="30" ec="33" bec="0" bev="0" fileid="207" />
                <SequencePoint vc="0" uspid="7633" ordinal="9" offset="76" sl="31" sc="13" el="31" ec="14" bec="0" bev="0" fileid="207" />
                <SequencePoint vc="0" uspid="7634" ordinal="10" offset="77" sl="32" sc="17" el="32" ec="103" bec="0" bev="0" fileid="207" />
                <SequencePoint vc="0" uspid="7635" ordinal="11" offset="94" sl="33" sc="17" el="33" ec="23" bec="0" bev="0" fileid="207" />
                <SequencePoint vc="1" uspid="7636" ordinal="12" offset="96" sl="35" sc="9" el="35" ec="10" bec="0" bev="0" fileid="207" />
              </SequencePoints>
              <BranchPoints />
              <MethodPoint xsi:type="SequencePoint" vc="1" uspid="7624" ordinal="0" offset="0" sl="21" sc="9" el="21" ec="10" bec="0" bev="0" fileid="207" />
            </Method>
            <Method visited="true" cyclomaticComplexity="1" nPathComplexity="0" sequenceCoverage="100" branchCoverage="100" isConstructor="true" isStatic="true" isGetter="false" isSetter="false">
              <Summary numSequencePoints="1" visitedSequencePoints="1" numBranchPoints="1" visitedBranchPoints="1" sequenceCoverage="100" branchCoverage="100" maxCyclomaticComplexity="1" minCyclomaticComplexity="1" visitedClasses="0" numClasses="0" visitedMethods="1" numMethods="1" />
              <MetadataToken>100664519</MetadataToken>
              <Name>System.Void SportsWeb.Services.DomainModel.CommandHandlers.UpdateCustomerCommandHandler::.cctor()</Name>
              <FileRef uid="207" />
              <SequencePoints>
                <SequencePoint vc="1" uspid="7637" ordinal="0" offset="0" sl="13" sc="9" el="13" ec="106" bec="0" bev="0" fileid="207" />
              </SequencePoints>
              <BranchPoints />
              <MethodPoint xsi:type="SequencePoint" vc="1" uspid="7637" ordinal="0" offset="0" sl="13" sc="9" el="13" ec="106" bec="0" bev="0" fileid="207" />
            </Method>
          </Methods>
        </Class>
        <Class>
          <Summary numSequencePoints="22" visitedSequencePoints="15" numBranchPoints="5" visitedBranchPoints="4" sequenceCoverage="68.18" branchCoverage="80" maxCyclomaticComplexity="2" minCyclomaticComplexity="1" visitedClasses="1" numClasses="1" visitedMethods="3" numMethods="3" />
          <FullName>SportsWeb.Services.DomainModel.CommandHandlers.UpdatePitchCommandHandler</FullName>
          <Methods>
            <Method visited="true" cyclomaticComplexity="1" nPathComplexity="0" sequenceCoverage="100" branchCoverage="100" isConstructor="true" isStatic="false" isGetter="false" isSetter="false">
              <Summary numSequencePoints="4" visitedSequencePoints="4" numBranchPoints="1" visitedBranchPoints="1" sequenceCoverage="100" branchCoverage="100" maxCyclomaticComplexity="1" minCyclomaticComplexity="1" visitedClasses="0" numClasses="0" visitedMethods="1" numMethods="1" />
              <MetadataToken>100664520</MetadataToken>
              <Name>System.Void SportsWeb.Services.DomainModel.CommandHandlers.UpdatePitchCommandHandler::.ctor(SportsWeb.Services.Repository.IGetEntity`2&lt;System.Guid,SportsWeb.Entities.Pitch&gt;)</Name>
              <FileRef uid="208" />
              <SequencePoints>
                <SequencePoint vc="1" uspid="7638" ordinal="0" offset="0" sl="17" sc="9" el="17" ec="78" bec="0" bev="0" fileid="208" />
                <SequencePoint vc="1" uspid="7639" ordinal="1" offset="7" sl="18" sc="9" el="18" ec="10" bec="0" bev="0" fileid="208" />
                <SequencePoint vc="1" uspid="7640" ordinal="2" offset="8" sl="19" sc="13" el="19" ec="44" bec="0" bev="0" fileid="208" />
                <SequencePoint vc="1" uspid="7641" ordinal="3" offset="15" sl="20" sc="9" el="20" ec="10" bec="0" bev="0" fileid="208" />
              </SequencePoints>
              <BranchPoints />
              <MethodPoint xsi:type="SequencePoint" vc="1" uspid="7638" ordinal="0" offset="0" sl="17" sc="9" el="17" ec="78" bec="0" bev="0" fileid="208" />
            </Method>
            <Method visited="true" cyclomaticComplexity="2" nPathComplexity="2" sequenceCoverage="58.82" branchCoverage="66.67" isConstructor="false" isStatic="false" isGetter="false" isSetter="false">
              <Summary numSequencePoints="17" visitedSequencePoints="10" numBranchPoints="3" visitedBranchPoints="2" sequenceCoverage="58.82" branchCoverage="66.67" maxCyclomaticComplexity="2" minCyclomaticComplexity="2" visitedClasses="0" numClasses="0" visitedMethods="1" numMethods="1" />
              <MetadataToken>100664521</MetadataToken>
              <Name>System.Void SportsWeb.Services.DomainModel.CommandHandlers.UpdatePitchCommandHandler::Handle(SportsWeb.Services.DomainModel.Commands.UpdatePitchCommand)</Name>
              <FileRef uid="208" />
              <SequencePoints>
                <SequencePoint vc="1" uspid="7642" ordinal="0" offset="0" sl="23" sc="9" el="23" ec="10" bec="0" bev="0" fileid="208" />
                <SequencePoint vc="1" uspid="7643" ordinal="1" offset="1" sl="25" sc="13" el="25" ec="14" bec="0" bev="0" fileid="208" />
                <SequencePoint vc="1" uspid="7644" ordinal="2" offset="2" sl="26" sc="17" el="26" ec="57" bec="0" bev="0" fileid="208" />
                <SequencePoint vc="1" uspid="7645" ordinal="3" offset="20" sl="27" sc="17" el="27" ec="43" bec="0" bev="0" fileid="208" />
                <SequencePoint vc="1" uspid="7646" ordinal="4" offset="33" sl="28" sc="17" el="28" ec="49" bec="0" bev="0" fileid="208" />
                <SequencePoint vc="1" uspid="7647" ordinal="5" offset="46" sl="29" sc="17" el="29" ec="47" bec="0" bev="0" fileid="208" />
                <SequencePoint vc="1" uspid="7648" ordinal="6" offset="59" sl="30" sc="17" el="30" ec="53" bec="0" bev="0" fileid="208" />
                <SequencePoint vc="1" uspid="7649" ordinal="7" offset="72" sl="32" sc="17" el="33" ec="87" bec="2" bev="1" fileid="208" />
                <SequencePoint vc="0" uspid="7650" ordinal="8" offset="96" sl="34" sc="17" el="34" ec="18" bec="0" bev="0" fileid="208" />
                <SequencePoint vc="0" uspid="7651" ordinal="9" offset="97" sl="35" sc="21" el="35" ec="71" bec="0" bev="0" fileid="208" />
                <SequencePoint vc="0" uspid="7652" ordinal="10" offset="110" sl="36" sc="17" el="36" ec="18" bec="0" bev="0" fileid="208" />
                <SequencePoint vc="1" uspid="7653" ordinal="11" offset="111" sl="37" sc="13" el="37" ec="14" bec="0" bev="0" fileid="208" />
                <SequencePoint vc="0" uspid="7654" ordinal="12" offset="114" sl="38" sc="13" el="38" ec="33" bec="0" bev="0" fileid="208" />
                <SequencePoint vc="0" uspid="7655" ordinal="13" offset="115" sl="39" sc="13" el="39" ec="14" bec="0" bev="0" fileid="208" />
                <SequencePoint vc="0" uspid="7656" ordinal="14" offset="116" sl="40" sc="17" el="40" ec="100" bec="0" bev="0" fileid="208" />
                <SequencePoint vc="0" uspid="7657" ordinal="15" offset="133" sl="41" sc="17" el="41" ec="23" bec="0" bev="0" fileid="208" />
                <SequencePoint vc="1" uspid="7658" ordinal="16" offset="135" sl="43" sc="9" el="43" ec="10" bec="0" bev="0" fileid="208" />
              </SequencePoints>
              <BranchPoints>
                <BranchPoint vc="0" uspid="7659" ordinal="0" offset="94" sl="32" path="0" offsetend="96" fileid="208" />
                <BranchPoint vc="1" uspid="7660" ordinal="1" offset="94" sl="32" path="1" offsetend="111" fileid="208" />
              </BranchPoints>
              <MethodPoint xsi:type="SequencePoint" vc="1" uspid="7642" ordinal="0" offset="0" sl="23" sc="9" el="23" ec="10" bec="0" bev="0" fileid="208" />
            </Method>
            <Method visited="true" cyclomaticComplexity="1" nPathComplexity="0" sequenceCoverage="100" branchCoverage="100" isConstructor="true" isStatic="true" isGetter="false" isSetter="false">
              <Summary numSequencePoints="1" visitedSequencePoints="1" numBranchPoints="1" visitedBranchPoints="1" sequenceCoverage="100" branchCoverage="100" maxCyclomaticComplexity="1" minCyclomaticComplexity="1" visitedClasses="0" numClasses="0" visitedMethods="1" numMethods="1" />
              <MetadataToken>100664522</MetadataToken>
              <Name>System.Void SportsWeb.Services.DomainModel.CommandHandlers.UpdatePitchCommandHandler::.cctor()</Name>
              <FileRef uid="208" />
              <SequencePoints>
                <SequencePoint vc="1" uspid="7661" ordinal="0" offset="0" sl="15" sc="9" el="15" ec="103" bec="0" bev="0" fileid="208" />
              </SequencePoints>
              <BranchPoints />
              <MethodPoint xsi:type="SequencePoint" vc="1" uspid="7661" ordinal="0" offset="0" sl="15" sc="9" el="15" ec="103" bec="0" bev="0" fileid="208" />
            </Method>
          </Methods>
        </Class>
        <Class>
          <Summary numSequencePoints="23" visitedSequencePoints="0" numBranchPoints="5" visitedBranchPoints="0" sequenceCoverage="0" branchCoverage="0" maxCyclomaticComplexity="3" minCyclomaticComplexity="1" visitedClasses="0" numClasses="1" visitedMethods="0" numMethods="3" />
          <FullName>SportsWeb.Services.DomainModel.CommandHandlers.UpdateSiteCommandHandler</FullName>
          <Methods>
            <Method visited="false" cyclomaticComplexity="1" nPathComplexity="0" sequenceCoverage="0" branchCoverage="0" isConstructor="true" isStatic="false" isGetter="false" isSetter="false">
              <Summary numSequencePoints="5" visitedSequencePoints="0" numBranchPoints="1" visitedBranchPoints="0" sequenceCoverage="0" branchCoverage="0" maxCyclomaticComplexity="1" minCyclomaticComplexity="1" visitedClasses="0" numClasses="0" visitedMethods="0" numMethods="1" />
              <MetadataToken>100664523</MetadataToken>
              <Name>System.Void SportsWeb.Services.DomainModel.CommandHandlers.UpdateSiteCommandHandler::.ctor(SportsWeb.Services.Repository.IGetEntity`2&lt;System.Guid,SportsWeb.Entities.Site&gt;,SportsWeb.Services.Repository.IFind`1&lt;SportsWeb.Entities.AppPermissions&gt;)</Name>
              <FileRef uid="209" />
              <SequencePoints>
                <SequencePoint vc="0" uspid="7662" ordinal="0" offset="0" sl="19" sc="9" el="19" ec="118" bec="0" bev="0" fileid="209" />
                <SequencePoint vc="0" uspid="7663" ordinal="1" offset="7" sl="20" sc="9" el="20" ec="10" bec="0" bev="0" fileid="209" />
                <SequencePoint vc="0" uspid="7664" ordinal="2" offset="8" sl="21" sc="13" el="21" ec="42" bec="0" bev="0" fileid="209" />
                <SequencePoint vc="0" uspid="7665" ordinal="3" offset="15" sl="22" sc="13" el="22" ec="60" bec="0" bev="0" fileid="209" />
                <SequencePoint vc="0" uspid="7666" ordinal="4" offset="22" sl="23" sc="9" el="23" ec="10" bec="0" bev="0" fileid="209" />
              </SequencePoints>
              <BranchPoints />
              <MethodPoint xsi:type="SequencePoint" vc="0" uspid="7662" ordinal="0" offset="0" sl="19" sc="9" el="19" ec="118" bec="0" bev="0" fileid="209" />
            </Method>
            <Method visited="false" cyclomaticComplexity="3" nPathComplexity="2" sequenceCoverage="0" branchCoverage="0" isConstructor="false" isStatic="false" isGetter="false" isSetter="false">
              <Summary numSequencePoints="17" visitedSequencePoints="0" numBranchPoints="3" visitedBranchPoints="0" sequenceCoverage="0" branchCoverage="0" maxCyclomaticComplexity="3" minCyclomaticComplexity="3" visitedClasses="0" numClasses="0" visitedMethods="0" numMethods="1" />
              <MetadataToken>100664524</MetadataToken>
              <Name>System.Void SportsWeb.Services.DomainModel.CommandHandlers.UpdateSiteCommandHandler::Handle(SportsWeb.Services.DomainModel.Commands.UpdateSiteCommand)</Name>
              <FileRef uid="209" />
              <SequencePoints>
                <SequencePoint vc="0" uspid="7667" ordinal="0" offset="6" sl="26" sc="9" el="26" ec="10" bec="0" bev="0" fileid="209" />
                <SequencePoint vc="0" uspid="7668" ordinal="1" offset="7" sl="27" sc="13" el="27" ec="83" bec="0" bev="0" fileid="209" />
                <SequencePoint vc="0" uspid="7669" ordinal="2" offset="60" sl="28" sc="13" el="28" ec="61" bec="0" bev="0" fileid="209" />
                <SequencePoint vc="0" uspid="7670" ordinal="3" offset="66" sl="29" sc="13" el="29" ec="37" bec="2" bev="0" fileid="209" />
                <SequencePoint vc="0" uspid="7671" ordinal="4" offset="82" sl="30" sc="17" el="30" ec="114" bec="0" bev="0" fileid="209" />
                <SequencePoint vc="0" uspid="7672" ordinal="5" offset="227" sl="33" sc="13" el="33" ec="14" bec="0" bev="0" fileid="209" />
                <SequencePoint vc="0" uspid="7673" ordinal="6" offset="228" sl="34" sc="17" el="34" ec="55" bec="0" bev="0" fileid="209" />
                <SequencePoint vc="0" uspid="7674" ordinal="7" offset="247" sl="35" sc="17" el="35" ec="42" bec="0" bev="0" fileid="209" />
                <SequencePoint vc="0" uspid="7675" ordinal="8" offset="261" sl="36" sc="17" el="36" ec="48" bec="0" bev="0" fileid="209" />
                <SequencePoint vc="0" uspid="7676" ordinal="9" offset="275" sl="37" sc="17" el="37" ec="46" bec="0" bev="0" fileid="209" />
                <SequencePoint vc="0" uspid="7677" ordinal="10" offset="289" sl="38" sc="17" el="38" ec="54" bec="0" bev="0" fileid="209" />
                <SequencePoint vc="0" uspid="7678" ordinal="11" offset="298" sl="40" sc="13" el="40" ec="14" bec="0" bev="0" fileid="209" />
                <SequencePoint vc="0" uspid="7679" ordinal="12" offset="301" sl="41" sc="13" el="41" ec="33" bec="0" bev="0" fileid="209" />
                <SequencePoint vc="0" uspid="7680" ordinal="13" offset="303" sl="42" sc="13" el="42" ec="14" bec="0" bev="0" fileid="209" />
                <SequencePoint vc="0" uspid="7681" ordinal="14" offset="304" sl="44" sc="17" el="44" ec="99" bec="0" bev="0" fileid="209" />
                <SequencePoint vc="0" uspid="7682" ordinal="15" offset="322" sl="45" sc="17" el="45" ec="23" bec="0" bev="0" fileid="209" />
                <SequencePoint vc="0" uspid="7683" ordinal="16" offset="324" sl="47" sc="9" el="47" ec="10" bec="0" bev="0" fileid="209" />
              </SequencePoints>
              <BranchPoints>
                <BranchPoint vc="0" uspid="7686" ordinal="2" offset="77" sl="29" path="0" offsetend="82" fileid="209" />
                <BranchPoint vc="0" uspid="7687" ordinal="3" offset="77" sl="29" path="1" offsetend="226" fileid="209" />
              </BranchPoints>
              <MethodPoint vc="0" uspid="7688" ordinal="0" offset="0" />
            </Method>
            <Method visited="false" cyclomaticComplexity="1" nPathComplexity="0" sequenceCoverage="0" branchCoverage="0" isConstructor="true" isStatic="true" isGetter="false" isSetter="false">
              <Summary numSequencePoints="1" visitedSequencePoints="0" numBranchPoints="1" visitedBranchPoints="0" sequenceCoverage="0" branchCoverage="0" maxCyclomaticComplexity="1" minCyclomaticComplexity="1" visitedClasses="0" numClasses="0" visitedMethods="0" numMethods="1" />
              <MetadataToken>100664525</MetadataToken>
              <Name>System.Void SportsWeb.Services.DomainModel.CommandHandlers.UpdateSiteCommandHandler::.cctor()</Name>
              <FileRef uid="209" />
              <SequencePoints>
                <SequencePoint vc="0" uspid="7689" ordinal="0" offset="0" sl="17" sc="9" el="17" ec="102" bec="0" bev="0" fileid="209" />
              </SequencePoints>
              <BranchPoints />
              <MethodPoint xsi:type="SequencePoint" vc="0" uspid="7689" ordinal="0" offset="0" sl="17" sc="9" el="17" ec="102" bec="0" bev="0" fileid="209" />
            </Method>
          </Methods>
        </Class>
        <Class>
          <Summary numSequencePoints="0" visitedSequencePoints="0" numBranchPoints="0" visitedBranchPoints="0" sequenceCoverage="0" branchCoverage="0" maxCyclomaticComplexity="1" minCyclomaticComplexity="1" visitedClasses="0" numClasses="0" visitedMethods="0" numMethods="0" />
          <FullName>SportsWeb.Services.DomainModel.CommandHandlers.UpdateSiteCommandHandler/&lt;&gt;c__DisplayClass4_0</FullName>
          <Methods>
            <Method visited="false" cyclomaticComplexity="1" nPathComplexity="0" sequenceCoverage="0" branchCoverage="0" isConstructor="true" isStatic="false" isGetter="false" isSetter="false">
              <Summary numSequencePoints="0" visitedSequencePoints="0" numBranchPoints="0" visitedBranchPoints="0" sequenceCoverage="0" branchCoverage="0" maxCyclomaticComplexity="1" minCyclomaticComplexity="1" visitedClasses="0" numClasses="0" visitedMethods="0" numMethods="0" />
              <MetadataToken>100667086</MetadataToken>
              <Name>System.Void SportsWeb.Services.DomainModel.CommandHandlers.UpdateSiteCommandHandler/&lt;&gt;c__DisplayClass4_0::.ctor()</Name>
              <SequencePoints />
              <BranchPoints />
              <MethodPoint vc="0" uspid="7690" ordinal="0" offset="0" />
            </Method>
          </Methods>
        </Class>
        <Class>
          <Summary numSequencePoints="1" visitedSequencePoints="0" numBranchPoints="1" visitedBranchPoints="0" sequenceCoverage="0" branchCoverage="0" maxCyclomaticComplexity="1" minCyclomaticComplexity="1" visitedClasses="0" numClasses="1" visitedMethods="0" numMethods="1" />
          <FullName>SportsWeb.Services.DomainModel.CommandHandlers.UpdateSiteCommandHandler/&lt;&gt;c</FullName>
          <Methods>
            <Method visited="false" cyclomaticComplexity="1" nPathComplexity="0" sequenceCoverage="0" branchCoverage="0" isConstructor="true" isStatic="true" isGetter="false" isSetter="false">
              <Summary numSequencePoints="0" visitedSequencePoints="0" numBranchPoints="0" visitedBranchPoints="0" sequenceCoverage="0" branchCoverage="0" maxCyclomaticComplexity="1" minCyclomaticComplexity="1" visitedClasses="0" numClasses="0" visitedMethods="0" numMethods="0" />
              <MetadataToken>100667087</MetadataToken>
              <Name>System.Void SportsWeb.Services.DomainModel.CommandHandlers.UpdateSiteCommandHandler/&lt;&gt;c::.cctor()</Name>
              <SequencePoints />
              <BranchPoints />
              <MethodPoint vc="0" uspid="7691" ordinal="0" offset="0" />
            </Method>
            <Method visited="false" cyclomaticComplexity="1" nPathComplexity="0" sequenceCoverage="0" branchCoverage="0" isConstructor="true" isStatic="false" isGetter="false" isSetter="false">
              <Summary numSequencePoints="0" visitedSequencePoints="0" numBranchPoints="0" visitedBranchPoints="0" sequenceCoverage="0" branchCoverage="0" maxCyclomaticComplexity="1" minCyclomaticComplexity="1" visitedClasses="0" numClasses="0" visitedMethods="0" numMethods="0" />
              <MetadataToken>100667088</MetadataToken>
              <Name>System.Void SportsWeb.Services.DomainModel.CommandHandlers.UpdateSiteCommandHandler/&lt;&gt;c::.ctor()</Name>
              <SequencePoints />
              <BranchPoints />
              <MethodPoint vc="0" uspid="7692" ordinal="0" offset="0" />
            </Method>
            <Method visited="false" cyclomaticComplexity="1" nPathComplexity="0" sequenceCoverage="0" branchCoverage="0" isConstructor="false" isStatic="false" isGetter="false" isSetter="false">
              <Summary numSequencePoints="1" visitedSequencePoints="0" numBranchPoints="1" visitedBranchPoints="0" sequenceCoverage="0" branchCoverage="0" maxCyclomaticComplexity="1" minCyclomaticComplexity="1" visitedClasses="0" numClasses="0" visitedMethods="0" numMethods="1" />
              <MetadataToken>100667089</MetadataToken>
              <Name>System.String SportsWeb.Services.DomainModel.CommandHandlers.UpdateSiteCommandHandler/&lt;&gt;c::&lt;Handle&gt;b__4_0(SportsWeb.Entities.AppPermissions)</Name>
              <FileRef uid="209" />
              <SequencePoints>
                <SequencePoint vc="0" uspid="7693" ordinal="0" offset="0" sl="27" sc="66" el="27" ec="72" bec="0" bev="0" fileid="209" />
              </SequencePoints>
              <BranchPoints />
              <MethodPoint xsi:type="SequencePoint" vc="0" uspid="7693" ordinal="0" offset="0" sl="27" sc="66" el="27" ec="72" bec="0" bev="0" fileid="209" />
            </Method>
          </Methods>
        </Class>
        <Class>
          <Summary numSequencePoints="16" visitedSequencePoints="12" numBranchPoints="3" visitedBranchPoints="3" sequenceCoverage="75" branchCoverage="100" maxCyclomaticComplexity="1" minCyclomaticComplexity="1" visitedClasses="1" numClasses="1" visitedMethods="3" numMethods="3" />
          <FullName>SportsWeb.Services.DomainModel.CommandHandlers.UpdateUserCommandHandler</FullName>
          <Methods>
            <Method visited="true" cyclomaticComplexity="1" nPathComplexity="0" sequenceCoverage="100" branchCoverage="100" isConstructor="true" isStatic="false" isGetter="false" isSetter="false">
              <Summary numSequencePoints="4" visitedSequencePoints="4" numBranchPoints="1" visitedBranchPoints="1" sequenceCoverage="100" branchCoverage="100" maxCyclomaticComplexity="1" minCyclomaticComplexity="1" visitedClasses="0" numClasses="0" visitedMethods="1" numMethods="1" />
              <MetadataToken>100664526</MetadataToken>
              <Name>System.Void SportsWeb.Services.DomainModel.CommandHandlers.UpdateUserCommandHandler::.ctor(SportsWeb.Services.Repository.IGetEntity`2&lt;System.Guid,SportsWeb.Entities.User&gt;)</Name>
              <FileRef uid="211" />
              <SequencePoints>
                <SequencePoint vc="1" uspid="7694" ordinal="0" offset="0" sl="16" sc="9" el="16" ec="75" bec="0" bev="0" fileid="211" />
                <SequencePoint vc="1" uspid="7695" ordinal="1" offset="7" sl="17" sc="9" el="17" ec="10" bec="0" bev="0" fileid="211" />
                <SequencePoint vc="1" uspid="7696" ordinal="2" offset="8" sl="18" sc="13" el="18" ec="42" bec="0" bev="0" fileid="211" />
                <SequencePoint vc="1" uspid="7697" ordinal="3" offset="15" sl="20" sc="9" el="20" ec="10" bec="0" bev="0" fileid="211" />
              </SequencePoints>
              <BranchPoints />
              <MethodPoint xsi:type="SequencePoint" vc="1" uspid="7694" ordinal="0" offset="0" sl="16" sc="9" el="16" ec="75" bec="0" bev="0" fileid="211" />
            </Method>
            <Method visited="true" cyclomaticComplexity="1" nPathComplexity="0" sequenceCoverage="63.64" branchCoverage="100" isConstructor="false" isStatic="false" isGetter="false" isSetter="false">
              <Summary numSequencePoints="11" visitedSequencePoints="7" numBranchPoints="1" visitedBranchPoints="1" sequenceCoverage="63.64" branchCoverage="100" maxCyclomaticComplexity="1" minCyclomaticComplexity="1" visitedClasses="0" numClasses="0" visitedMethods="1" numMethods="1" />
              <MetadataToken>100664527</MetadataToken>
              <Name>System.Void SportsWeb.Services.DomainModel.CommandHandlers.UpdateUserCommandHandler::Handle(SportsWeb.Services.DomainModel.Commands.UpdateUserCommand)</Name>
              <FileRef uid="211" />
              <SequencePoints>
                <SequencePoint vc="1" uspid="7698" ordinal="0" offset="0" sl="23" sc="9" el="23" ec="10" bec="0" bev="0" fileid="211" />
                <SequencePoint vc="1" uspid="7699" ordinal="1" offset="1" sl="27" sc="13" el="27" ec="14" bec="0" bev="0" fileid="211" />
                <SequencePoint vc="1" uspid="7700" ordinal="2" offset="2" sl="28" sc="17" el="28" ec="55" bec="0" bev="0" fileid="211" />
                <SequencePoint vc="1" uspid="7701" ordinal="3" offset="20" sl="29" sc="17" el="29" ec="42" bec="0" bev="0" fileid="211" />
                <SequencePoint vc="1" uspid="7702" ordinal="4" offset="33" sl="30" sc="17" el="30" ec="48" bec="0" bev="0" fileid="211" />
                <SequencePoint vc="1" uspid="7703" ordinal="5" offset="46" sl="32" sc="13" el="32" ec="14" bec="0" bev="0" fileid="211" />
                <SequencePoint vc="0" uspid="7704" ordinal="6" offset="49" sl="33" sc="13" el="33" ec="33" bec="0" bev="0" fileid="211" />
                <SequencePoint vc="0" uspid="7705" ordinal="7" offset="50" sl="34" sc="13" el="34" ec="14" bec="0" bev="0" fileid="211" />
                <SequencePoint vc="0" uspid="7706" ordinal="8" offset="51" sl="36" sc="17" el="36" ec="98" bec="0" bev="0" fileid="211" />
                <SequencePoint vc="0" uspid="7707" ordinal="9" offset="68" sl="37" sc="17" el="37" ec="23" bec="0" bev="0" fileid="211" />
                <SequencePoint vc="1" uspid="7708" ordinal="10" offset="70" sl="40" sc="9" el="40" ec="10" bec="0" bev="0" fileid="211" />
              </SequencePoints>
              <BranchPoints />
              <MethodPoint xsi:type="SequencePoint" vc="1" uspid="7698" ordinal="0" offset="0" sl="23" sc="9" el="23" ec="10" bec="0" bev="0" fileid="211" />
            </Method>
            <Method visited="true" cyclomaticComplexity="1" nPathComplexity="0" sequenceCoverage="100" branchCoverage="100" isConstructor="true" isStatic="true" isGetter="false" isSetter="false">
              <Summary numSequencePoints="1" visitedSequencePoints="1" numBranchPoints="1" visitedBranchPoints="1" sequenceCoverage="100" branchCoverage="100" maxCyclomaticComplexity="1" minCyclomaticComplexity="1" visitedClasses="0" numClasses="0" visitedMethods="1" numMethods="1" />
              <MetadataToken>100664528</MetadataToken>
              <Name>System.Void SportsWeb.Services.DomainModel.CommandHandlers.UpdateUserCommandHandler::.cctor()</Name>
              <FileRef uid="211" />
              <SequencePoints>
                <SequencePoint vc="1" uspid="7709" ordinal="0" offset="0" sl="14" sc="9" el="14" ec="102" bec="0" bev="0" fileid="211" />
              </SequencePoints>
              <BranchPoints />
              <MethodPoint xsi:type="SequencePoint" vc="1" uspid="7709" ordinal="0" offset="0" sl="14" sc="9" el="14" ec="102" bec="0" bev="0" fileid="211" />
            </Method>
          </Methods>
        </Class>
        <Class>
          <Summary numSequencePoints="20" visitedSequencePoints="20" numBranchPoints="6" visitedBranchPoints="5" sequenceCoverage="100" branchCoverage="83.33" maxCyclomaticComplexity="3" minCyclomaticComplexity="1" visitedClasses="1" numClasses="1" visitedMethods="2" numMethods="2" />
          <FullName>SportsWeb.Services.DomainModel.CommandHandlers.UpdateStateCommandHandler</FullName>
          <Methods>
            <Method visited="true" cyclomaticComplexity="1" nPathComplexity="0" sequenceCoverage="100" branchCoverage="100" isConstructor="true" isStatic="false" isGetter="false" isSetter="false">
              <Summary numSequencePoints="6" visitedSequencePoints="6" numBranchPoints="1" visitedBranchPoints="1" sequenceCoverage="100" branchCoverage="100" maxCyclomaticComplexity="1" minCyclomaticComplexity="1" visitedClasses="0" numClasses="0" visitedMethods="1" numMethods="1" />
              <MetadataToken>100664529</MetadataToken>
              <Name>System.Void SportsWeb.Services.DomainModel.CommandHandlers.UpdateStateCommandHandler::.ctor(SportsWeb.Services.Repository.IFind`1&lt;SportsWeb.Entities.AmpState&gt;,SportsWeb.Services.Repository.IAddEntity`2&lt;System.Guid,SportsWeb.Entities.AmpState&gt;,SportsWeb.Services.Repository.IFind`1&lt;SportsWeb.Entities.Pitch&gt;)</Name>
              <FileRef uid="212" />
              <SequencePoints>
                <SequencePoint vc="2" uspid="7710" ordinal="0" offset="0" sl="16" sc="9" el="17" ec="80" bec="0" bev="0" fileid="212" />
                <SequencePoint vc="2" uspid="7711" ordinal="1" offset="7" sl="18" sc="9" el="18" ec="10" bec="0" bev="0" fileid="212" />
                <SequencePoint vc="2" uspid="7712" ordinal="2" offset="8" sl="19" sc="13" el="19" ec="50" bec="0" bev="0" fileid="212" />
                <SequencePoint vc="2" uspid="7713" ordinal="3" offset="15" sl="20" sc="13" el="20" ec="48" bec="0" bev="0" fileid="212" />
                <SequencePoint vc="2" uspid="7714" ordinal="4" offset="22" sl="21" sc="13" el="21" ec="44" bec="0" bev="0" fileid="212" />
                <SequencePoint vc="2" uspid="7715" ordinal="5" offset="29" sl="22" sc="9" el="22" ec="10" bec="0" bev="0" fileid="212" />
              </SequencePoints>
              <BranchPoints />
              <MethodPoint xsi:type="SequencePoint" vc="2" uspid="7710" ordinal="0" offset="0" sl="16" sc="9" el="17" ec="80" bec="0" bev="0" fileid="212" />
            </Method>
            <Method visited="true" cyclomaticComplexity="3" nPathComplexity="4" sequenceCoverage="100" branchCoverage="80" isConstructor="false" isStatic="false" isGetter="false" isSetter="false">
              <Summary numSequencePoints="14" visitedSequencePoints="14" numBranchPoints="5" visitedBranchPoints="4" sequenceCoverage="100" branchCoverage="80" maxCyclomaticComplexity="3" minCyclomaticComplexity="3" visitedClasses="0" numClasses="0" visitedMethods="1" numMethods="1" />
              <MetadataToken>100664530</MetadataToken>
              <Name>System.Void SportsWeb.Services.DomainModel.CommandHandlers.UpdateStateCommandHandler::Handle(SportsWeb.Services.DomainModel.Commands.UpdateStateCommand)</Name>
              <FileRef uid="212" />
              <SequencePoints>
                <SequencePoint vc="2" uspid="7716" ordinal="0" offset="13" sl="25" sc="9" el="25" ec="10" bec="0" bev="0" fileid="212" />
                <SequencePoint vc="2" uspid="7717" ordinal="1" offset="14" sl="26" sc="13" el="26" ec="99" bec="0" bev="0" fileid="212" />
                <SequencePoint vc="2" uspid="7718" ordinal="2" offset="160" sl="27" sc="13" el="27" ec="34" bec="2" bev="2" fileid="212" />
                <SequencePoint vc="1" uspid="7719" ordinal="3" offset="171" sl="28" sc="13" el="28" ec="14" bec="0" bev="0" fileid="212" />
                <SequencePoint vc="1" uspid="7720" ordinal="4" offset="172" sl="29" sc="17" el="29" ec="122" bec="0" bev="0" fileid="212" />
                <SequencePoint vc="1" uspid="7721" ordinal="5" offset="353" sl="30" sc="17" el="30" ec="33" bec="2" bev="1" fileid="212" />
                <SequencePoint vc="1" uspid="7722" ordinal="6" offset="361" sl="31" sc="17" el="31" ec="18" bec="0" bev="0" fileid="212" />
                <SequencePoint vc="1" uspid="7723" ordinal="7" offset="362" sl="32" sc="21" el="32" ec="102" bec="0" bev="0" fileid="212" />
                <SequencePoint vc="1" uspid="7724" ordinal="8" offset="415" sl="33" sc="17" el="33" ec="18" bec="0" bev="0" fileid="212" />
                <SequencePoint vc="1" uspid="7725" ordinal="9" offset="416" sl="34" sc="13" el="34" ec="14" bec="0" bev="0" fileid="212" />
                <SequencePoint vc="1" uspid="7726" ordinal="10" offset="419" sl="36" sc="13" el="36" ec="14" bec="0" bev="0" fileid="212" />
                <SequencePoint vc="1" uspid="7727" ordinal="11" offset="420" sl="37" sc="17" el="37" ec="48" bec="0" bev="0" fileid="212" />
                <SequencePoint vc="1" uspid="7728" ordinal="12" offset="438" sl="38" sc="13" el="38" ec="14" bec="0" bev="0" fileid="212" />
                <SequencePoint vc="2" uspid="7729" ordinal="13" offset="439" sl="39" sc="9" el="39" ec="10" bec="0" bev="0" fileid="212" />
              </SequencePoints>
              <BranchPoints>
                <BranchPoint vc="1" uspid="7730" ordinal="0" offset="166" sl="27" path="0" offsetend="171" fileid="212" />
                <BranchPoint vc="1" uspid="7731" ordinal="1" offset="166" sl="27" path="1" offsetend="419" fileid="212" />
                <BranchPoint vc="1" uspid="7732" ordinal="2" offset="359" sl="30" path="0" offsetend="361" fileid="212" />
                <BranchPoint vc="0" uspid="7733" ordinal="3" offset="359" sl="30" path="1" offsetend="416" fileid="212" />
              </BranchPoints>
              <MethodPoint vc="2" uspid="7734" ordinal="0" offset="0" />
            </Method>
          </Methods>
        </Class>
        <Class>
          <Summary numSequencePoints="0" visitedSequencePoints="0" numBranchPoints="0" visitedBranchPoints="0" sequenceCoverage="0" branchCoverage="0" maxCyclomaticComplexity="1" minCyclomaticComplexity="1" visitedClasses="0" numClasses="0" visitedMethods="0" numMethods="0" />
          <FullName>SportsWeb.Services.DomainModel.CommandHandlers.UpdateStateCommandHandler/&lt;&gt;c__DisplayClass4_0</FullName>
          <Methods>
            <Method visited="true" cyclomaticComplexity="1" nPathComplexity="0" sequenceCoverage="0" branchCoverage="0" isConstructor="true" isStatic="false" isGetter="false" isSetter="false">
              <Summary numSequencePoints="0" visitedSequencePoints="0" numBranchPoints="0" visitedBranchPoints="0" sequenceCoverage="0" branchCoverage="0" maxCyclomaticComplexity="1" minCyclomaticComplexity="1" visitedClasses="0" numClasses="0" visitedMethods="0" numMethods="0" />
              <MetadataToken>100667090</MetadataToken>
              <Name>System.Void SportsWeb.Services.DomainModel.CommandHandlers.UpdateStateCommandHandler/&lt;&gt;c__DisplayClass4_0::.ctor()</Name>
              <SequencePoints />
              <BranchPoints />
              <MethodPoint vc="2" uspid="7735" ordinal="0" offset="0" />
            </Method>
          </Methods>
        </Class>
        <Class>
          <Summary numSequencePoints="14" visitedSequencePoints="10" numBranchPoints="3" visitedBranchPoints="3" sequenceCoverage="71.43" branchCoverage="100" maxCyclomaticComplexity="1" minCyclomaticComplexity="1" visitedClasses="1" numClasses="1" visitedMethods="3" numMethods="3" />
          <FullName>SportsWeb.Services.DomainModel.CommandHandlers.AddCustomSceneForSiteCommandHandler</FullName>
          <Methods>
            <Method visited="true" cyclomaticComplexity="1" nPathComplexity="0" sequenceCoverage="100" branchCoverage="100" isConstructor="true" isStatic="false" isGetter="false" isSetter="false">
              <Summary numSequencePoints="4" visitedSequencePoints="4" numBranchPoints="1" visitedBranchPoints="1" sequenceCoverage="100" branchCoverage="100" maxCyclomaticComplexity="1" minCyclomaticComplexity="1" visitedClasses="0" numClasses="0" visitedMethods="1" numMethods="1" />
              <MetadataToken>100664531</MetadataToken>
              <Name>System.Void SportsWeb.Services.DomainModel.CommandHandlers.AddCustomSceneForSiteCommandHandler::.ctor(SportsWeb.Services.Repository.IAddEntity`2&lt;System.Guid,SportsWeb.Entities.Scenes&gt;)</Name>
              <FileRef uid="213" />
              <SequencePoints>
                <SequencePoint vc="1" uspid="7736" ordinal="0" offset="0" sl="16" sc="9" el="16" ec="88" bec="0" bev="0" fileid="213" />
                <SequencePoint vc="1" uspid="7737" ordinal="1" offset="7" sl="17" sc="9" el="17" ec="10" bec="0" bev="0" fileid="213" />
                <SequencePoint vc="1" uspid="7738" ordinal="2" offset="8" sl="18" sc="13" el="18" ec="42" bec="0" bev="0" fileid="213" />
                <SequencePoint vc="1" uspid="7739" ordinal="3" offset="15" sl="19" sc="9" el="19" ec="10" bec="0" bev="0" fileid="213" />
              </SequencePoints>
              <BranchPoints />
              <MethodPoint xsi:type="SequencePoint" vc="1" uspid="7736" ordinal="0" offset="0" sl="16" sc="9" el="16" ec="88" bec="0" bev="0" fileid="213" />
            </Method>
            <Method visited="true" cyclomaticComplexity="1" nPathComplexity="0" sequenceCoverage="55.56" branchCoverage="100" isConstructor="false" isStatic="false" isGetter="false" isSetter="false">
              <Summary numSequencePoints="9" visitedSequencePoints="5" numBranchPoints="1" visitedBranchPoints="1" sequenceCoverage="55.56" branchCoverage="100" maxCyclomaticComplexity="1" minCyclomaticComplexity="1" visitedClasses="0" numClasses="0" visitedMethods="1" numMethods="1" />
              <MetadataToken>100664532</MetadataToken>
              <Name>System.Void SportsWeb.Services.DomainModel.CommandHandlers.AddCustomSceneForSiteCommandHandler::Handle(SportsWeb.Services.DomainModel.Commands.AddCustomSceneCommand)</Name>
              <FileRef uid="213" />
              <SequencePoints>
                <SequencePoint vc="1" uspid="7740" ordinal="0" offset="0" sl="22" sc="9" el="22" ec="10" bec="0" bev="0" fileid="213" />
                <SequencePoint vc="1" uspid="7741" ordinal="1" offset="1" sl="24" sc="13" el="24" ec="14" bec="0" bev="0" fileid="213" />
                <SequencePoint vc="1" uspid="7742" ordinal="2" offset="2" sl="25" sc="17" el="33" ec="20" bec="0" bev="0" fileid="213" />
                <SequencePoint vc="1" uspid="7743" ordinal="3" offset="97" sl="34" sc="13" el="34" ec="14" bec="0" bev="0" fileid="213" />
                <SequencePoint vc="0" uspid="7744" ordinal="4" offset="100" sl="35" sc="13" el="35" ec="33" bec="0" bev="0" fileid="213" />
                <SequencePoint vc="0" uspid="7745" ordinal="5" offset="101" sl="36" sc="13" el="36" ec="14" bec="0" bev="0" fileid="213" />
                <SequencePoint vc="0" uspid="7746" ordinal="6" offset="102" sl="37" sc="17" el="37" ec="110" bec="0" bev="0" fileid="213" />
                <SequencePoint vc="0" uspid="7747" ordinal="7" offset="119" sl="38" sc="17" el="38" ec="23" bec="0" bev="0" fileid="213" />
                <SequencePoint vc="1" uspid="7748" ordinal="8" offset="121" sl="40" sc="9" el="40" ec="10" bec="0" bev="0" fileid="213" />
              </SequencePoints>
              <BranchPoints />
              <MethodPoint xsi:type="SequencePoint" vc="1" uspid="7740" ordinal="0" offset="0" sl="22" sc="9" el="22" ec="10" bec="0" bev="0" fileid="213" />
            </Method>
            <Method visited="true" cyclomaticComplexity="1" nPathComplexity="0" sequenceCoverage="100" branchCoverage="100" isConstructor="true" isStatic="true" isGetter="false" isSetter="false">
              <Summary numSequencePoints="1" visitedSequencePoints="1" numBranchPoints="1" visitedBranchPoints="1" sequenceCoverage="100" branchCoverage="100" maxCyclomaticComplexity="1" minCyclomaticComplexity="1" visitedClasses="0" numClasses="0" visitedMethods="1" numMethods="1" />
              <MetadataToken>100664533</MetadataToken>
              <Name>System.Void SportsWeb.Services.DomainModel.CommandHandlers.AddCustomSceneForSiteCommandHandler::.cctor()</Name>
              <FileRef uid="213" />
              <SequencePoints>
                <SequencePoint vc="1" uspid="7749" ordinal="0" offset="0" sl="14" sc="9" el="14" ec="115" bec="0" bev="0" fileid="213" />
              </SequencePoints>
              <BranchPoints />
              <MethodPoint xsi:type="SequencePoint" vc="1" uspid="7749" ordinal="0" offset="0" sl="14" sc="9" el="14" ec="115" bec="0" bev="0" fileid="213" />
            </Method>
          </Methods>
        </Class>
        <Class>
          <Summary numSequencePoints="14" visitedSequencePoints="6" numBranchPoints="6" visitedBranchPoints="2" sequenceCoverage="42.86" branchCoverage="33.33" maxCyclomaticComplexity="3" minCyclomaticComplexity="1" visitedClasses="1" numClasses="1" visitedMethods="2" numMethods="4" />
          <FullName>SportsWeb.Services.DI.SportsContainer</FullName>
          <Methods>
            <Method visited="true" cyclomaticComplexity="2" nPathComplexity="0" sequenceCoverage="100" branchCoverage="100" isConstructor="false" isStatic="true" isGetter="true" isSetter="false">
              <Summary numSequencePoints="3" visitedSequencePoints="3" numBranchPoints="1" visitedBranchPoints="1" sequenceCoverage="100" branchCoverage="100" maxCyclomaticComplexity="2" minCyclomaticComplexity="2" visitedClasses="0" numClasses="0" visitedMethods="1" numMethods="1" />
              <MetadataToken>100664534</MetadataToken>
              <Name>Unity.IUnityContainer SportsWeb.Services.DI.SportsContainer::get_Instance()</Name>
              <FileRef uid="214" />
              <SequencePoints>
                <SequencePoint vc="8705" uspid="7750" ordinal="0" offset="0" sl="14" sc="17" el="14" ec="18" bec="0" bev="0" fileid="214" />
                <SequencePoint vc="8705" uspid="7751" ordinal="1" offset="1" sl="14" sc="19" el="14" ec="74" bec="0" bev="0" fileid="214" />
                <SequencePoint vc="8705" uspid="7752" ordinal="2" offset="24" sl="14" sc="75" el="14" ec="76" bec="0" bev="0" fileid="214" />
              </SequencePoints>
              <BranchPoints />
              <MethodPoint xsi:type="SequencePoint" vc="8705" uspid="7750" ordinal="0" offset="0" sl="14" sc="17" el="14" ec="18" bec="0" bev="0" fileid="214" />
            </Method>
            <Method visited="false" cyclomaticComplexity="3" nPathComplexity="2" sequenceCoverage="0" branchCoverage="0" isConstructor="false" isStatic="true" isGetter="false" isSetter="true">
              <Summary numSequencePoints="5" visitedSequencePoints="0" numBranchPoints="3" visitedBranchPoints="0" sequenceCoverage="0" branchCoverage="0" maxCyclomaticComplexity="3" minCyclomaticComplexity="3" visitedClasses="0" numClasses="0" visitedMethods="0" numMethods="1" />
              <MetadataToken>100664535</MetadataToken>
              <Name>System.Void SportsWeb.Services.DI.SportsContainer::set_Instance(Unity.IUnityContainer)</Name>
              <FileRef uid="214" />
              <SequencePoints>
                <SequencePoint vc="0" uspid="7755" ordinal="0" offset="0" sl="16" sc="13" el="16" ec="14" bec="0" bev="0" fileid="214" />
                <SequencePoint vc="0" uspid="7756" ordinal="1" offset="1" sl="17" sc="17" el="17" ec="61" bec="2" bev="0" fileid="214" />
                <SequencePoint vc="0" uspid="7757" ordinal="2" offset="24" sl="18" sc="21" el="18" ec="56" bec="0" bev="0" fileid="214" />
                <SequencePoint vc="0" uspid="7758" ordinal="3" offset="35" sl="19" sc="17" el="19" ec="35" bec="0" bev="0" fileid="214" />
                <SequencePoint vc="0" uspid="7759" ordinal="4" offset="41" sl="20" sc="13" el="20" ec="14" bec="0" bev="0" fileid="214" />
              </SequencePoints>
              <BranchPoints>
                <BranchPoint vc="0" uspid="7762" ordinal="2" offset="22" sl="17" path="0" offsetend="24" fileid="214" />
                <BranchPoint vc="0" uspid="7763" ordinal="3" offset="22" sl="17" path="1" offsetend="35" fileid="214" />
              </BranchPoints>
              <MethodPoint xsi:type="SequencePoint" vc="0" uspid="7755" ordinal="0" offset="0" sl="16" sc="13" el="16" ec="14" bec="0" bev="0" fileid="214" />
            </Method>
            <Method visited="true" cyclomaticComplexity="1" nPathComplexity="0" sequenceCoverage="100" branchCoverage="100" isConstructor="false" isStatic="true" isGetter="false" isSetter="false">
              <Summary numSequencePoints="3" visitedSequencePoints="3" numBranchPoints="1" visitedBranchPoints="1" sequenceCoverage="100" branchCoverage="100" maxCyclomaticComplexity="1" minCyclomaticComplexity="1" visitedClasses="0" numClasses="0" visitedMethods="1" numMethods="1" />
              <MetadataToken>100664536</MetadataToken>
              <Name>T SportsWeb.Services.DI.SportsContainer::Resolve(Unity.Resolution.ParameterOverride[])</Name>
              <FileRef uid="214" />
              <SequencePoints>
                <SequencePoint vc="1743" uspid="7764" ordinal="0" offset="0" sl="24" sc="9" el="24" ec="10" bec="0" bev="0" fileid="214" />
                <SequencePoint vc="1743" uspid="7765" ordinal="1" offset="1" sl="25" sc="13" el="25" ec="97" bec="0" bev="0" fileid="214" />
                <SequencePoint vc="1743" uspid="7766" ordinal="2" offset="17" sl="26" sc="9" el="26" ec="10" bec="0" bev="0" fileid="214" />
              </SequencePoints>
              <BranchPoints />
              <MethodPoint xsi:type="SequencePoint" vc="1743" uspid="7764" ordinal="0" offset="0" sl="24" sc="9" el="24" ec="10" bec="0" bev="0" fileid="214" />
            </Method>
            <Method visited="false" cyclomaticComplexity="1" nPathComplexity="0" sequenceCoverage="0" branchCoverage="0" isConstructor="false" isStatic="true" isGetter="false" isSetter="false">
              <Summary numSequencePoints="3" visitedSequencePoints="0" numBranchPoints="1" visitedBranchPoints="0" sequenceCoverage="0" branchCoverage="0" maxCyclomaticComplexity="1" minCyclomaticComplexity="1" visitedClasses="0" numClasses="0" visitedMethods="0" numMethods="1" />
              <MetadataToken>100664537</MetadataToken>
              <Name>T SportsWeb.Services.DI.SportsContainer::Resolve(System.String,Unity.Resolution.ResolverOverride[])</Name>
              <FileRef uid="214" />
              <SequencePoints>
                <SequencePoint vc="0" uspid="7767" ordinal="0" offset="0" sl="29" sc="9" el="29" ec="10" bec="0" bev="0" fileid="214" />
                <SequencePoint vc="0" uspid="7768" ordinal="1" offset="1" sl="30" sc="13" el="30" ec="83" bec="0" bev="0" fileid="214" />
                <SequencePoint vc="0" uspid="7769" ordinal="2" offset="16" sl="31" sc="9" el="31" ec="10" bec="0" bev="0" fileid="214" />
              </SequencePoints>
              <BranchPoints />
              <MethodPoint xsi:type="SequencePoint" vc="0" uspid="7767" ordinal="0" offset="0" sl="29" sc="9" el="29" ec="10" bec="0" bev="0" fileid="214" />
            </Method>
          </Methods>
        </Class>
        <Class>
          <Summary numSequencePoints="6" visitedSequencePoints="4" numBranchPoints="6" visitedBranchPoints="4" sequenceCoverage="66.67" branchCoverage="66.67" maxCyclomaticComplexity="1" minCyclomaticComplexity="1" visitedClasses="1" numClasses="1" visitedMethods="4" numMethods="6" />
          <FullName>SportsWeb.Services.Configuration.AmplightApiConfiguration</FullName>
          <Methods>
            <Method visited="true" cyclomaticComplexity="1" nPathComplexity="0" sequenceCoverage="100" branchCoverage="100" isConstructor="false" isStatic="false" isGetter="true" isSetter="false">
              <Summary numSequencePoints="1" visitedSequencePoints="1" numBranchPoints="1" visitedBranchPoints="1" sequenceCoverage="100" branchCoverage="100" maxCyclomaticComplexity="1" minCyclomaticComplexity="1" visitedClasses="0" numClasses="0" visitedMethods="1" numMethods="1" />
              <MetadataToken>100664538</MetadataToken>
              <Name>System.String SportsWeb.Services.Configuration.AmplightApiConfiguration::get_Hostname()</Name>
              <FileRef uid="215" />
              <SequencePoints>
                <SequencePoint vc="1" uspid="7770" ordinal="0" offset="0" sl="7" sc="34" el="7" ec="38" bec="0" bev="0" fileid="215" />
              </SequencePoints>
              <BranchPoints />
              <MethodPoint xsi:type="SequencePoint" vc="1" uspid="7770" ordinal="0" offset="0" sl="7" sc="34" el="7" ec="38" bec="0" bev="0" fileid="215" />
            </Method>
            <Method visited="true" cyclomaticComplexity="1" nPathComplexity="0" sequenceCoverage="100" branchCoverage="100" isConstructor="false" isStatic="false" isGetter="false" isSetter="true">
              <Summary numSequencePoints="1" visitedSequencePoints="1" numBranchPoints="1" visitedBranchPoints="1" sequenceCoverage="100" branchCoverage="100" maxCyclomaticComplexity="1" minCyclomaticComplexity="1" visitedClasses="0" numClasses="0" visitedMethods="1" numMethods="1" />
              <MetadataToken>100664539</MetadataToken>
              <Name>System.Void SportsWeb.Services.Configuration.AmplightApiConfiguration::set_Hostname(System.String)</Name>
              <FileRef uid="215" />
              <SequencePoints>
                <SequencePoint vc="1" uspid="7771" ordinal="0" offset="0" sl="7" sc="39" el="7" ec="43" bec="0" bev="0" fileid="215" />
              </SequencePoints>
              <BranchPoints />
              <MethodPoint xsi:type="SequencePoint" vc="1" uspid="7771" ordinal="0" offset="0" sl="7" sc="39" el="7" ec="43" bec="0" bev="0" fileid="215" />
            </Method>
            <Method visited="false" cyclomaticComplexity="1" nPathComplexity="0" sequenceCoverage="0" branchCoverage="0" isConstructor="false" isStatic="false" isGetter="true" isSetter="false">
              <Summary numSequencePoints="1" visitedSequencePoints="0" numBranchPoints="1" visitedBranchPoints="0" sequenceCoverage="0" branchCoverage="0" maxCyclomaticComplexity="1" minCyclomaticComplexity="1" visitedClasses="0" numClasses="0" visitedMethods="0" numMethods="1" />
              <MetadataToken>100664540</MetadataToken>
              <Name>System.String SportsWeb.Services.Configuration.AmplightApiConfiguration::get_UserName()</Name>
              <FileRef uid="215" />
              <SequencePoints>
                <SequencePoint vc="0" uspid="7772" ordinal="0" offset="0" sl="9" sc="34" el="9" ec="38" bec="0" bev="0" fileid="215" />
              </SequencePoints>
              <BranchPoints />
              <MethodPoint xsi:type="SequencePoint" vc="0" uspid="7772" ordinal="0" offset="0" sl="9" sc="34" el="9" ec="38" bec="0" bev="0" fileid="215" />
            </Method>
            <Method visited="true" cyclomaticComplexity="1" nPathComplexity="0" sequenceCoverage="100" branchCoverage="100" isConstructor="false" isStatic="false" isGetter="false" isSetter="true">
              <Summary numSequencePoints="1" visitedSequencePoints="1" numBranchPoints="1" visitedBranchPoints="1" sequenceCoverage="100" branchCoverage="100" maxCyclomaticComplexity="1" minCyclomaticComplexity="1" visitedClasses="0" numClasses="0" visitedMethods="1" numMethods="1" />
              <MetadataToken>100664541</MetadataToken>
              <Name>System.Void SportsWeb.Services.Configuration.AmplightApiConfiguration::set_UserName(System.String)</Name>
              <FileRef uid="215" />
              <SequencePoints>
                <SequencePoint vc="1" uspid="7773" ordinal="0" offset="0" sl="9" sc="39" el="9" ec="43" bec="0" bev="0" fileid="215" />
              </SequencePoints>
              <BranchPoints />
              <MethodPoint xsi:type="SequencePoint" vc="1" uspid="7773" ordinal="0" offset="0" sl="9" sc="39" el="9" ec="43" bec="0" bev="0" fileid="215" />
            </Method>
            <Method visited="false" cyclomaticComplexity="1" nPathComplexity="0" sequenceCoverage="0" branchCoverage="0" isConstructor="false" isStatic="false" isGetter="true" isSetter="false">
              <Summary numSequencePoints="1" visitedSequencePoints="0" numBranchPoints="1" visitedBranchPoints="0" sequenceCoverage="0" branchCoverage="0" maxCyclomaticComplexity="1" minCyclomaticComplexity="1" visitedClasses="0" numClasses="0" visitedMethods="0" numMethods="1" />
              <MetadataToken>100664542</MetadataToken>
              <Name>System.String SportsWeb.Services.Configuration.AmplightApiConfiguration::get_Password()</Name>
              <FileRef uid="215" />
              <SequencePoints>
                <SequencePoint vc="0" uspid="7774" ordinal="0" offset="0" sl="11" sc="34" el="11" ec="38" bec="0" bev="0" fileid="215" />
              </SequencePoints>
              <BranchPoints />
              <MethodPoint xsi:type="SequencePoint" vc="0" uspid="7774" ordinal="0" offset="0" sl="11" sc="34" el="11" ec="38" bec="0" bev="0" fileid="215" />
            </Method>
            <Method visited="true" cyclomaticComplexity="1" nPathComplexity="0" sequenceCoverage="100" branchCoverage="100" isConstructor="false" isStatic="false" isGetter="false" isSetter="true">
              <Summary numSequencePoints="1" visitedSequencePoints="1" numBranchPoints="1" visitedBranchPoints="1" sequenceCoverage="100" branchCoverage="100" maxCyclomaticComplexity="1" minCyclomaticComplexity="1" visitedClasses="0" numClasses="0" visitedMethods="1" numMethods="1" />
              <MetadataToken>100664543</MetadataToken>
              <Name>System.Void SportsWeb.Services.Configuration.AmplightApiConfiguration::set_Password(System.String)</Name>
              <FileRef uid="215" />
              <SequencePoints>
                <SequencePoint vc="1" uspid="7775" ordinal="0" offset="0" sl="11" sc="39" el="11" ec="43" bec="0" bev="0" fileid="215" />
              </SequencePoints>
              <BranchPoints />
              <MethodPoint xsi:type="SequencePoint" vc="1" uspid="7775" ordinal="0" offset="0" sl="11" sc="39" el="11" ec="43" bec="0" bev="0" fileid="215" />
            </Method>
            <Method visited="true" cyclomaticComplexity="1" nPathComplexity="0" sequenceCoverage="0" branchCoverage="0" isConstructor="true" isStatic="false" isGetter="false" isSetter="false">
              <Summary numSequencePoints="0" visitedSequencePoints="0" numBranchPoints="0" visitedBranchPoints="0" sequenceCoverage="0" branchCoverage="0" maxCyclomaticComplexity="1" minCyclomaticComplexity="1" visitedClasses="0" numClasses="0" visitedMethods="0" numMethods="0" />
              <MetadataToken>100664544</MetadataToken>
              <Name>System.Void SportsWeb.Services.Configuration.AmplightApiConfiguration::.ctor()</Name>
              <SequencePoints />
              <BranchPoints />
              <MethodPoint vc="1" uspid="7776" ordinal="0" offset="0" />
            </Method>
          </Methods>
        </Class>
        <Class>
          <Summary numSequencePoints="18" visitedSequencePoints="11" numBranchPoints="18" visitedBranchPoints="11" sequenceCoverage="61.11" branchCoverage="61.11" maxCyclomaticComplexity="1" minCyclomaticComplexity="1" visitedClasses="1" numClasses="1" visitedMethods="11" numMethods="18" />
          <FullName>SportsWeb.Services.Configuration.DatabaseConfiguration</FullName>
          <Methods>
            <Method visited="true" cyclomaticComplexity="1" nPathComplexity="0" sequenceCoverage="100" branchCoverage="100" isConstructor="false" isStatic="false" isGetter="true" isSetter="false">
              <Summary numSequencePoints="1" visitedSequencePoints="1" numBranchPoints="1" visitedBranchPoints="1" sequenceCoverage="100" branchCoverage="100" maxCyclomaticComplexity="1" minCyclomaticComplexity="1" visitedClasses="0" numClasses="0" visitedMethods="1" numMethods="1" />
              <MetadataToken>100664545</MetadataToken>
              <Name>System.String SportsWeb.Services.Configuration.DatabaseConfiguration::get_HostName()</Name>
              <FileRef uid="216" />
              <SequencePoints>
                <SequencePoint vc="1" uspid="7777" ordinal="0" offset="0" sl="7" sc="34" el="7" ec="38" bec="0" bev="0" fileid="216" />
              </SequencePoints>
              <BranchPoints />
              <MethodPoint xsi:type="SequencePoint" vc="1" uspid="7777" ordinal="0" offset="0" sl="7" sc="34" el="7" ec="38" bec="0" bev="0" fileid="216" />
            </Method>
            <Method visited="true" cyclomaticComplexity="1" nPathComplexity="0" sequenceCoverage="100" branchCoverage="100" isConstructor="false" isStatic="false" isGetter="false" isSetter="true">
              <Summary numSequencePoints="1" visitedSequencePoints="1" numBranchPoints="1" visitedBranchPoints="1" sequenceCoverage="100" branchCoverage="100" maxCyclomaticComplexity="1" minCyclomaticComplexity="1" visitedClasses="0" numClasses="0" visitedMethods="1" numMethods="1" />
              <MetadataToken>100664546</MetadataToken>
              <Name>System.Void SportsWeb.Services.Configuration.DatabaseConfiguration::set_HostName(System.String)</Name>
              <FileRef uid="216" />
              <SequencePoints>
                <SequencePoint vc="1" uspid="7778" ordinal="0" offset="0" sl="7" sc="39" el="7" ec="43" bec="0" bev="0" fileid="216" />
              </SequencePoints>
              <BranchPoints />
              <MethodPoint xsi:type="SequencePoint" vc="1" uspid="7778" ordinal="0" offset="0" sl="7" sc="39" el="7" ec="43" bec="0" bev="0" fileid="216" />
            </Method>
            <Method visited="false" cyclomaticComplexity="1" nPathComplexity="0" sequenceCoverage="0" branchCoverage="0" isConstructor="false" isStatic="false" isGetter="true" isSetter="false">
              <Summary numSequencePoints="1" visitedSequencePoints="0" numBranchPoints="1" visitedBranchPoints="0" sequenceCoverage="0" branchCoverage="0" maxCyclomaticComplexity="1" minCyclomaticComplexity="1" visitedClasses="0" numClasses="0" visitedMethods="0" numMethods="1" />
              <MetadataToken>100664547</MetadataToken>
              <Name>System.Int32 SportsWeb.Services.Configuration.DatabaseConfiguration::get_Port()</Name>
              <FileRef uid="216" />
              <SequencePoints>
                <SequencePoint vc="0" uspid="7779" ordinal="0" offset="0" sl="9" sc="27" el="9" ec="31" bec="0" bev="0" fileid="216" />
              </SequencePoints>
              <BranchPoints />
              <MethodPoint xsi:type="SequencePoint" vc="0" uspid="7779" ordinal="0" offset="0" sl="9" sc="27" el="9" ec="31" bec="0" bev="0" fileid="216" />
            </Method>
            <Method visited="true" cyclomaticComplexity="1" nPathComplexity="0" sequenceCoverage="100" branchCoverage="100" isConstructor="false" isStatic="false" isGetter="false" isSetter="true">
              <Summary numSequencePoints="1" visitedSequencePoints="1" numBranchPoints="1" visitedBranchPoints="1" sequenceCoverage="100" branchCoverage="100" maxCyclomaticComplexity="1" minCyclomaticComplexity="1" visitedClasses="0" numClasses="0" visitedMethods="1" numMethods="1" />
              <MetadataToken>100664548</MetadataToken>
              <Name>System.Void SportsWeb.Services.Configuration.DatabaseConfiguration::set_Port(System.Int32)</Name>
              <FileRef uid="216" />
              <SequencePoints>
                <SequencePoint vc="1" uspid="7780" ordinal="0" offset="0" sl="9" sc="32" el="9" ec="36" bec="0" bev="0" fileid="216" />
              </SequencePoints>
              <BranchPoints />
              <MethodPoint xsi:type="SequencePoint" vc="1" uspid="7780" ordinal="0" offset="0" sl="9" sc="32" el="9" ec="36" bec="0" bev="0" fileid="216" />
            </Method>
            <Method visited="false" cyclomaticComplexity="1" nPathComplexity="0" sequenceCoverage="0" branchCoverage="0" isConstructor="false" isStatic="false" isGetter="true" isSetter="false">
              <Summary numSequencePoints="1" visitedSequencePoints="0" numBranchPoints="1" visitedBranchPoints="0" sequenceCoverage="0" branchCoverage="0" maxCyclomaticComplexity="1" minCyclomaticComplexity="1" visitedClasses="0" numClasses="0" visitedMethods="0" numMethods="1" />
              <MetadataToken>100664549</MetadataToken>
              <Name>System.String SportsWeb.Services.Configuration.DatabaseConfiguration::get_Name()</Name>
              <FileRef uid="216" />
              <SequencePoints>
                <SequencePoint vc="0" uspid="7781" ordinal="0" offset="0" sl="14" sc="30" el="14" ec="34" bec="0" bev="0" fileid="216" />
              </SequencePoints>
              <BranchPoints />
              <MethodPoint xsi:type="SequencePoint" vc="0" uspid="7781" ordinal="0" offset="0" sl="14" sc="30" el="14" ec="34" bec="0" bev="0" fileid="216" />
            </Method>
            <Method visited="true" cyclomaticComplexity="1" nPathComplexity="0" sequenceCoverage="100" branchCoverage="100" isConstructor="false" isStatic="false" isGetter="false" isSetter="true">
              <Summary numSequencePoints="1" visitedSequencePoints="1" numBranchPoints="1" visitedBranchPoints="1" sequenceCoverage="100" branchCoverage="100" maxCyclomaticComplexity="1" minCyclomaticComplexity="1" visitedClasses="0" numClasses="0" visitedMethods="1" numMethods="1" />
              <MetadataToken>100664550</MetadataToken>
              <Name>System.Void SportsWeb.Services.Configuration.DatabaseConfiguration::set_Name(System.String)</Name>
              <FileRef uid="216" />
              <SequencePoints>
                <SequencePoint vc="1" uspid="7782" ordinal="0" offset="0" sl="14" sc="35" el="14" ec="39" bec="0" bev="0" fileid="216" />
              </SequencePoints>
              <BranchPoints />
              <MethodPoint xsi:type="SequencePoint" vc="1" uspid="7782" ordinal="0" offset="0" sl="14" sc="35" el="14" ec="39" bec="0" bev="0" fileid="216" />
            </Method>
            <Method visited="false" cyclomaticComplexity="1" nPathComplexity="0" sequenceCoverage="0" branchCoverage="0" isConstructor="false" isStatic="false" isGetter="true" isSetter="false">
              <Summary numSequencePoints="1" visitedSequencePoints="0" numBranchPoints="1" visitedBranchPoints="0" sequenceCoverage="0" branchCoverage="0" maxCyclomaticComplexity="1" minCyclomaticComplexity="1" visitedClasses="0" numClasses="0" visitedMethods="0" numMethods="1" />
              <MetadataToken>100664551</MetadataToken>
              <Name>System.String SportsWeb.Services.Configuration.DatabaseConfiguration::get_SuperUserName()</Name>
              <FileRef uid="216" />
              <SequencePoints>
                <SequencePoint vc="0" uspid="7783" ordinal="0" offset="0" sl="17" sc="39" el="17" ec="43" bec="0" bev="0" fileid="216" />
              </SequencePoints>
              <BranchPoints />
              <MethodPoint xsi:type="SequencePoint" vc="0" uspid="7783" ordinal="0" offset="0" sl="17" sc="39" el="17" ec="43" bec="0" bev="0" fileid="216" />
            </Method>
            <Method visited="true" cyclomaticComplexity="1" nPathComplexity="0" sequenceCoverage="100" branchCoverage="100" isConstructor="false" isStatic="false" isGetter="false" isSetter="true">
              <Summary numSequencePoints="1" visitedSequencePoints="1" numBranchPoints="1" visitedBranchPoints="1" sequenceCoverage="100" branchCoverage="100" maxCyclomaticComplexity="1" minCyclomaticComplexity="1" visitedClasses="0" numClasses="0" visitedMethods="1" numMethods="1" />
              <MetadataToken>100664552</MetadataToken>
              <Name>System.Void SportsWeb.Services.Configuration.DatabaseConfiguration::set_SuperUserName(System.String)</Name>
              <FileRef uid="216" />
              <SequencePoints>
                <SequencePoint vc="1" uspid="7784" ordinal="0" offset="0" sl="17" sc="44" el="17" ec="48" bec="0" bev="0" fileid="216" />
              </SequencePoints>
              <BranchPoints />
              <MethodPoint xsi:type="SequencePoint" vc="1" uspid="7784" ordinal="0" offset="0" sl="17" sc="44" el="17" ec="48" bec="0" bev="0" fileid="216" />
            </Method>
            <Method visited="false" cyclomaticComplexity="1" nPathComplexity="0" sequenceCoverage="0" branchCoverage="0" isConstructor="false" isStatic="false" isGetter="true" isSetter="false">
              <Summary numSequencePoints="1" visitedSequencePoints="0" numBranchPoints="1" visitedBranchPoints="0" sequenceCoverage="0" branchCoverage="0" maxCyclomaticComplexity="1" minCyclomaticComplexity="1" visitedClasses="0" numClasses="0" visitedMethods="0" numMethods="1" />
              <MetadataToken>100664553</MetadataToken>
              <Name>System.String SportsWeb.Services.Configuration.DatabaseConfiguration::get_SuperUserPassword()</Name>
              <FileRef uid="216" />
              <SequencePoints>
                <SequencePoint vc="0" uspid="7785" ordinal="0" offset="0" sl="18" sc="43" el="18" ec="47" bec="0" bev="0" fileid="216" />
              </SequencePoints>
              <BranchPoints />
              <MethodPoint xsi:type="SequencePoint" vc="0" uspid="7785" ordinal="0" offset="0" sl="18" sc="43" el="18" ec="47" bec="0" bev="0" fileid="216" />
            </Method>
            <Method visited="true" cyclomaticComplexity="1" nPathComplexity="0" sequenceCoverage="100" branchCoverage="100" isConstructor="false" isStatic="false" isGetter="false" isSetter="true">
              <Summary numSequencePoints="1" visitedSequencePoints="1" numBranchPoints="1" visitedBranchPoints="1" sequenceCoverage="100" branchCoverage="100" maxCyclomaticComplexity="1" minCyclomaticComplexity="1" visitedClasses="0" numClasses="0" visitedMethods="1" numMethods="1" />
              <MetadataToken>100664554</MetadataToken>
              <Name>System.Void SportsWeb.Services.Configuration.DatabaseConfiguration::set_SuperUserPassword(System.String)</Name>
              <FileRef uid="216" />
              <SequencePoints>
                <SequencePoint vc="1" uspid="7786" ordinal="0" offset="0" sl="18" sc="48" el="18" ec="52" bec="0" bev="0" fileid="216" />
              </SequencePoints>
              <BranchPoints />
              <MethodPoint xsi:type="SequencePoint" vc="1" uspid="7786" ordinal="0" offset="0" sl="18" sc="48" el="18" ec="52" bec="0" bev="0" fileid="216" />
            </Method>
            <Method visited="true" cyclomaticComplexity="1" nPathComplexity="0" sequenceCoverage="100" branchCoverage="100" isConstructor="false" isStatic="false" isGetter="true" isSetter="false">
              <Summary numSequencePoints="1" visitedSequencePoints="1" numBranchPoints="1" visitedBranchPoints="1" sequenceCoverage="100" branchCoverage="100" maxCyclomaticComplexity="1" minCyclomaticComplexity="1" visitedClasses="0" numClasses="0" visitedMethods="1" numMethods="1" />
              <MetadataToken>100664555</MetadataToken>
              <Name>System.String SportsWeb.Services.Configuration.DatabaseConfiguration::get_AdminUserName()</Name>
              <FileRef uid="216" />
              <SequencePoints>
                <SequencePoint vc="1" uspid="7787" ordinal="0" offset="0" sl="20" sc="39" el="20" ec="43" bec="0" bev="0" fileid="216" />
              </SequencePoints>
              <BranchPoints />
              <MethodPoint xsi:type="SequencePoint" vc="1" uspid="7787" ordinal="0" offset="0" sl="20" sc="39" el="20" ec="43" bec="0" bev="0" fileid="216" />
            </Method>
            <Method visited="true" cyclomaticComplexity="1" nPathComplexity="0" sequenceCoverage="100" branchCoverage="100" isConstructor="false" isStatic="false" isGetter="false" isSetter="true">
              <Summary numSequencePoints="1" visitedSequencePoints="1" numBranchPoints="1" visitedBranchPoints="1" sequenceCoverage="100" branchCoverage="100" maxCyclomaticComplexity="1" minCyclomaticComplexity="1" visitedClasses="0" numClasses="0" visitedMethods="1" numMethods="1" />
              <MetadataToken>100664556</MetadataToken>
              <Name>System.Void SportsWeb.Services.Configuration.DatabaseConfiguration::set_AdminUserName(System.String)</Name>
              <FileRef uid="216" />
              <SequencePoints>
                <SequencePoint vc="1" uspid="7788" ordinal="0" offset="0" sl="20" sc="44" el="20" ec="48" bec="0" bev="0" fileid="216" />
              </SequencePoints>
              <BranchPoints />
              <MethodPoint xsi:type="SequencePoint" vc="1" uspid="7788" ordinal="0" offset="0" sl="20" sc="44" el="20" ec="48" bec="0" bev="0" fileid="216" />
            </Method>
            <Method visited="false" cyclomaticComplexity="1" nPathComplexity="0" sequenceCoverage="0" branchCoverage="0" isConstructor="false" isStatic="false" isGetter="true" isSetter="false">
              <Summary numSequencePoints="1" visitedSequencePoints="0" numBranchPoints="1" visitedBranchPoints="0" sequenceCoverage="0" branchCoverage="0" maxCyclomaticComplexity="1" minCyclomaticComplexity="1" visitedClasses="0" numClasses="0" visitedMethods="0" numMethods="1" />
              <MetadataToken>100664557</MetadataToken>
              <Name>System.String SportsWeb.Services.Configuration.DatabaseConfiguration::get_AdminUserPassword()</Name>
              <FileRef uid="216" />
              <SequencePoints>
                <SequencePoint vc="0" uspid="7789" ordinal="0" offset="0" sl="21" sc="43" el="21" ec="47" bec="0" bev="0" fileid="216" />
              </SequencePoints>
              <BranchPoints />
              <MethodPoint xsi:type="SequencePoint" vc="0" uspid="7789" ordinal="0" offset="0" sl="21" sc="43" el="21" ec="47" bec="0" bev="0" fileid="216" />
            </Method>
            <Method visited="true" cyclomaticComplexity="1" nPathComplexity="0" sequenceCoverage="100" branchCoverage="100" isConstructor="false" isStatic="false" isGetter="false" isSetter="true">
              <Summary numSequencePoints="1" visitedSequencePoints="1" numBranchPoints="1" visitedBranchPoints="1" sequenceCoverage="100" branchCoverage="100" maxCyclomaticComplexity="1" minCyclomaticComplexity="1" visitedClasses="0" numClasses="0" visitedMethods="1" numMethods="1" />
              <MetadataToken>100664558</MetadataToken>
              <Name>System.Void SportsWeb.Services.Configuration.DatabaseConfiguration::set_AdminUserPassword(System.String)</Name>
              <FileRef uid="216" />
              <SequencePoints>
                <SequencePoint vc="1" uspid="7790" ordinal="0" offset="0" sl="21" sc="48" el="21" ec="52" bec="0" bev="0" fileid="216" />
              </SequencePoints>
              <BranchPoints />
              <MethodPoint xsi:type="SequencePoint" vc="1" uspid="7790" ordinal="0" offset="0" sl="21" sc="48" el="21" ec="52" bec="0" bev="0" fileid="216" />
            </Method>
            <Method visited="false" cyclomaticComplexity="1" nPathComplexity="0" sequenceCoverage="0" branchCoverage="0" isConstructor="false" isStatic="false" isGetter="true" isSetter="false">
              <Summary numSequencePoints="1" visitedSequencePoints="0" numBranchPoints="1" visitedBranchPoints="0" sequenceCoverage="0" branchCoverage="0" maxCyclomaticComplexity="1" minCyclomaticComplexity="1" visitedClasses="0" numClasses="0" visitedMethods="0" numMethods="1" />
              <MetadataToken>100664559</MetadataToken>
              <Name>System.String SportsWeb.Services.Configuration.DatabaseConfiguration::get_UserName()</Name>
              <FileRef uid="216" />
              <SequencePoints>
                <SequencePoint vc="0" uspid="7791" ordinal="0" offset="0" sl="23" sc="34" el="23" ec="38" bec="0" bev="0" fileid="216" />
              </SequencePoints>
              <BranchPoints />
              <MethodPoint xsi:type="SequencePoint" vc="0" uspid="7791" ordinal="0" offset="0" sl="23" sc="34" el="23" ec="38" bec="0" bev="0" fileid="216" />
            </Method>
            <Method visited="true" cyclomaticComplexity="1" nPathComplexity="0" sequenceCoverage="100" branchCoverage="100" isConstructor="false" isStatic="false" isGetter="false" isSetter="true">
              <Summary numSequencePoints="1" visitedSequencePoints="1" numBranchPoints="1" visitedBranchPoints="1" sequenceCoverage="100" branchCoverage="100" maxCyclomaticComplexity="1" minCyclomaticComplexity="1" visitedClasses="0" numClasses="0" visitedMethods="1" numMethods="1" />
              <MetadataToken>100664560</MetadataToken>
              <Name>System.Void SportsWeb.Services.Configuration.DatabaseConfiguration::set_UserName(System.String)</Name>
              <FileRef uid="216" />
              <SequencePoints>
                <SequencePoint vc="1" uspid="7792" ordinal="0" offset="0" sl="23" sc="39" el="23" ec="43" bec="0" bev="0" fileid="216" />
              </SequencePoints>
              <BranchPoints />
              <MethodPoint xsi:type="SequencePoint" vc="1" uspid="7792" ordinal="0" offset="0" sl="23" sc="39" el="23" ec="43" bec="0" bev="0" fileid="216" />
            </Method>
            <Method visited="false" cyclomaticComplexity="1" nPathComplexity="0" sequenceCoverage="0" branchCoverage="0" isConstructor="false" isStatic="false" isGetter="true" isSetter="false">
              <Summary numSequencePoints="1" visitedSequencePoints="0" numBranchPoints="1" visitedBranchPoints="0" sequenceCoverage="0" branchCoverage="0" maxCyclomaticComplexity="1" minCyclomaticComplexity="1" visitedClasses="0" numClasses="0" visitedMethods="0" numMethods="1" />
              <MetadataToken>100664561</MetadataToken>
              <Name>System.String SportsWeb.Services.Configuration.DatabaseConfiguration::get_UserPassword()</Name>
              <FileRef uid="216" />
              <SequencePoints>
                <SequencePoint vc="0" uspid="7793" ordinal="0" offset="0" sl="24" sc="38" el="24" ec="42" bec="0" bev="0" fileid="216" />
              </SequencePoints>
              <BranchPoints />
              <MethodPoint xsi:type="SequencePoint" vc="0" uspid="7793" ordinal="0" offset="0" sl="24" sc="38" el="24" ec="42" bec="0" bev="0" fileid="216" />
            </Method>
            <Method visited="true" cyclomaticComplexity="1" nPathComplexity="0" sequenceCoverage="100" branchCoverage="100" isConstructor="false" isStatic="false" isGetter="false" isSetter="true">
              <Summary numSequencePoints="1" visitedSequencePoints="1" numBranchPoints="1" visitedBranchPoints="1" sequenceCoverage="100" branchCoverage="100" maxCyclomaticComplexity="1" minCyclomaticComplexity="1" visitedClasses="0" numClasses="0" visitedMethods="1" numMethods="1" />
              <MetadataToken>100664562</MetadataToken>
              <Name>System.Void SportsWeb.Services.Configuration.DatabaseConfiguration::set_UserPassword(System.String)</Name>
              <FileRef uid="216" />
              <SequencePoints>
                <SequencePoint vc="1" uspid="7794" ordinal="0" offset="0" sl="24" sc="43" el="24" ec="47" bec="0" bev="0" fileid="216" />
              </SequencePoints>
              <BranchPoints />
              <MethodPoint xsi:type="SequencePoint" vc="1" uspid="7794" ordinal="0" offset="0" sl="24" sc="43" el="24" ec="47" bec="0" bev="0" fileid="216" />
            </Method>
            <Method visited="true" cyclomaticComplexity="1" nPathComplexity="0" sequenceCoverage="0" branchCoverage="0" isConstructor="true" isStatic="false" isGetter="false" isSetter="false">
              <Summary numSequencePoints="0" visitedSequencePoints="0" numBranchPoints="0" visitedBranchPoints="0" sequenceCoverage="0" branchCoverage="0" maxCyclomaticComplexity="1" minCyclomaticComplexity="1" visitedClasses="0" numClasses="0" visitedMethods="0" numMethods="0" />
              <MetadataToken>100664563</MetadataToken>
              <Name>System.Void SportsWeb.Services.Configuration.DatabaseConfiguration::.ctor()</Name>
              <SequencePoints />
              <BranchPoints />
              <MethodPoint vc="1" uspid="7795" ordinal="0" offset="0" />
            </Method>
          </Methods>
        </Class>
        <Class>
          <Summary numSequencePoints="1" visitedSequencePoints="0" numBranchPoints="1" visitedBranchPoints="0" sequenceCoverage="0" branchCoverage="0" maxCyclomaticComplexity="1" minCyclomaticComplexity="1" visitedClasses="0" numClasses="1" visitedMethods="0" numMethods="1" />
          <FullName>SportsWeb.Services.Configuration.GetAuthorityRootUrl</FullName>
          <Methods>
            <Method visited="false" cyclomaticComplexity="1" nPathComplexity="0" sequenceCoverage="0" branchCoverage="0" isConstructor="false" isStatic="false" isGetter="true" isSetter="false">
              <Summary numSequencePoints="1" visitedSequencePoints="0" numBranchPoints="1" visitedBranchPoints="0" sequenceCoverage="0" branchCoverage="0" maxCyclomaticComplexity="1" minCyclomaticComplexity="1" visitedClasses="0" numClasses="0" visitedMethods="0" numMethods="1" />
              <MetadataToken>100664564</MetadataToken>
              <Name>System.String SportsWeb.Services.Configuration.GetAuthorityRootUrl::get_Url()</Name>
              <FileRef uid="217" />
              <SequencePoints>
                <SequencePoint vc="0" uspid="7796" ordinal="0" offset="0" sl="9" sc="30" el="9" ec="102" bec="0" bev="0" fileid="217" />
              </SequencePoints>
              <BranchPoints />
              <MethodPoint xsi:type="SequencePoint" vc="0" uspid="7796" ordinal="0" offset="0" sl="9" sc="30" el="9" ec="102" bec="0" bev="0" fileid="217" />
            </Method>
            <Method visited="false" cyclomaticComplexity="1" nPathComplexity="0" sequenceCoverage="0" branchCoverage="0" isConstructor="true" isStatic="false" isGetter="false" isSetter="false">
              <Summary numSequencePoints="0" visitedSequencePoints="0" numBranchPoints="0" visitedBranchPoints="0" sequenceCoverage="0" branchCoverage="0" maxCyclomaticComplexity="1" minCyclomaticComplexity="1" visitedClasses="0" numClasses="0" visitedMethods="0" numMethods="0" />
              <MetadataToken>100664565</MetadataToken>
              <Name>System.Void SportsWeb.Services.Configuration.GetAuthorityRootUrl::.ctor()</Name>
              <SequencePoints />
              <BranchPoints />
              <MethodPoint vc="0" uspid="7797" ordinal="0" offset="0" />
            </Method>
          </Methods>
        </Class>
        <Class>
          <Summary numSequencePoints="12" visitedSequencePoints="0" numBranchPoints="7" visitedBranchPoints="0" sequenceCoverage="0" branchCoverage="0" maxCyclomaticComplexity="3" minCyclomaticComplexity="1" visitedClasses="0" numClasses="1" visitedMethods="0" numMethods="3" />
          <FullName>SportsWeb.Services.Configuration.DatabaseContextResolver</FullName>
          <Methods>
            <Method visited="false" cyclomaticComplexity="3" nPathComplexity="2" sequenceCoverage="0" branchCoverage="0" isConstructor="false" isStatic="false" isGetter="true" isSetter="false">
              <Summary numSequencePoints="4" visitedSequencePoints="0" numBranchPoints="3" visitedBranchPoints="0" sequenceCoverage="0" branchCoverage="0" maxCyclomaticComplexity="3" minCyclomaticComplexity="3" visitedClasses="0" numClasses="0" visitedMethods="0" numMethods="1" />
              <MetadataToken>100664569</MetadataToken>
              <Name>System.String SportsWeb.Services.Configuration.DatabaseContextResolver::get_DbName()</Name>
              <FileRef uid="218" />
              <SequencePoints>
                <SequencePoint vc="0" uspid="7798" ordinal="0" offset="0" sl="24" sc="13" el="24" ec="14" bec="0" bev="0" fileid="218" />
                <SequencePoint vc="0" uspid="7799" ordinal="1" offset="1" sl="25" sc="17" el="25" ec="101" bec="0" bev="0" fileid="218" />
                <SequencePoint vc="0" uspid="7800" ordinal="2" offset="12" sl="26" sc="17" el="26" ec="93" bec="2" bev="0" fileid="218" />
                <SequencePoint vc="0" uspid="7801" ordinal="3" offset="35" sl="27" sc="13" el="27" ec="14" bec="0" bev="0" fileid="218" />
              </SequencePoints>
              <BranchPoints>
                <BranchPoint vc="0" uspid="7802" ordinal="0" offset="18" sl="26" path="0" offsetend="20" fileid="218" />
                <BranchPoint vc="0" uspid="7803" ordinal="1" offset="18" sl="26" path="1" offsetend="27" fileid="218" />
              </BranchPoints>
              <MethodPoint xsi:type="SequencePoint" vc="0" uspid="7798" ordinal="0" offset="0" sl="24" sc="13" el="24" ec="14" bec="0" bev="0" fileid="218" />
            </Method>
            <Method visited="false" cyclomaticComplexity="3" nPathComplexity="2" sequenceCoverage="0" branchCoverage="0" isConstructor="false" isStatic="false" isGetter="true" isSetter="false">
              <Summary numSequencePoints="4" visitedSequencePoints="0" numBranchPoints="3" visitedBranchPoints="0" sequenceCoverage="0" branchCoverage="0" maxCyclomaticComplexity="3" minCyclomaticComplexity="3" visitedClasses="0" numClasses="0" visitedMethods="0" numMethods="1" />
              <MetadataToken>100664570</MetadataToken>
              <Name>System.String SportsWeb.Services.Configuration.DatabaseContextResolver::get_CreateDbFile()</Name>
              <FileRef uid="218" />
              <SequencePoints>
                <SequencePoint vc="0" uspid="7804" ordinal="0" offset="0" sl="33" sc="13" el="33" ec="14" bec="0" bev="0" fileid="218" />
                <SequencePoint vc="0" uspid="7805" ordinal="1" offset="1" sl="34" sc="17" el="34" ec="101" bec="0" bev="0" fileid="218" />
                <SequencePoint vc="0" uspid="7806" ordinal="2" offset="12" sl="35" sc="17" el="35" ec="105" bec="2" bev="0" fileid="218" />
                <SequencePoint vc="0" uspid="7807" ordinal="3" offset="35" sl="36" sc="13" el="36" ec="14" bec="0" bev="0" fileid="218" />
              </SequencePoints>
              <BranchPoints>
                <BranchPoint vc="0" uspid="7808" ordinal="0" offset="18" sl="35" path="0" offsetend="20" fileid="218" />
                <BranchPoint vc="0" uspid="7809" ordinal="1" offset="18" sl="35" path="1" offsetend="27" fileid="218" />
              </BranchPoints>
              <MethodPoint xsi:type="SequencePoint" vc="0" uspid="7804" ordinal="0" offset="0" sl="33" sc="13" el="33" ec="14" bec="0" bev="0" fileid="218" />
            </Method>
            <Method visited="false" cyclomaticComplexity="2" nPathComplexity="0" sequenceCoverage="0" branchCoverage="0" isConstructor="false" isStatic="false" isGetter="false" isSetter="false">
              <Summary numSequencePoints="4" visitedSequencePoints="0" numBranchPoints="1" visitedBranchPoints="0" sequenceCoverage="0" branchCoverage="0" maxCyclomaticComplexity="2" minCyclomaticComplexity="2" visitedClasses="0" numClasses="0" visitedMethods="0" numMethods="1" />
              <MetadataToken>100664571</MetadataToken>
              <Name>System.Boolean SportsWeb.Services.Configuration.DatabaseContextResolver::IsDev(System.String)</Name>
              <FileRef uid="218" />
              <SequencePoints>
                <SequencePoint vc="0" uspid="7810" ordinal="0" offset="0" sl="40" sc="9" el="40" ec="10" bec="0" bev="0" fileid="218" />
                <SequencePoint vc="0" uspid="7811" ordinal="1" offset="1" sl="41" sc="13" el="41" ec="54" bec="0" bev="0" fileid="218" />
                <SequencePoint vc="0" uspid="7812" ordinal="2" offset="8" sl="42" sc="13" el="42" ec="91" bec="0" bev="0" fileid="218" />
                <SequencePoint vc="0" uspid="7813" ordinal="3" offset="38" sl="43" sc="9" el="43" ec="10" bec="0" bev="0" fileid="218" />
              </SequencePoints>
              <BranchPoints />
              <MethodPoint xsi:type="SequencePoint" vc="0" uspid="7810" ordinal="0" offset="0" sl="40" sc="9" el="40" ec="10" bec="0" bev="0" fileid="218" />
            </Method>
            <Method visited="false" cyclomaticComplexity="1" nPathComplexity="0" sequenceCoverage="0" branchCoverage="0" isConstructor="true" isStatic="false" isGetter="false" isSetter="false">
              <Summary numSequencePoints="0" visitedSequencePoints="0" numBranchPoints="0" visitedBranchPoints="0" sequenceCoverage="0" branchCoverage="0" maxCyclomaticComplexity="1" minCyclomaticComplexity="1" visitedClasses="0" numClasses="0" visitedMethods="0" numMethods="0" />
              <MetadataToken>100664572</MetadataToken>
              <Name>System.Void SportsWeb.Services.Configuration.DatabaseContextResolver::.ctor()</Name>
              <SequencePoints />
              <BranchPoints />
              <MethodPoint vc="0" uspid="7816" ordinal="0" offset="0" />
            </Method>
          </Methods>
        </Class>
        <Class>
          <Summary numSequencePoints="47" visitedSequencePoints="32" numBranchPoints="47" visitedBranchPoints="32" sequenceCoverage="68.09" branchCoverage="68.09" maxCyclomaticComplexity="1" minCyclomaticComplexity="1" visitedClasses="1" numClasses="1" visitedMethods="32" numMethods="47" />
          <FullName>SportsWeb.Services.Configuration.StageConfiguration</FullName>
          <Methods>
            <Method visited="true" cyclomaticComplexity="1" nPathComplexity="0" sequenceCoverage="100" branchCoverage="100" isConstructor="false" isStatic="false" isGetter="true" isSetter="false">
              <Summary numSequencePoints="1" visitedSequencePoints="1" numBranchPoints="1" visitedBranchPoints="1" sequenceCoverage="100" branchCoverage="100" maxCyclomaticComplexity="1" minCyclomaticComplexity="1" visitedClasses="0" numClasses="0" visitedMethods="1" numMethods="1" />
              <MetadataToken>100664573</MetadataToken>
              <Name>System.String SportsWeb.Services.Configuration.StageConfiguration::get_DatabaseHostName()</Name>
              <FileRef uid="219" />
              <SequencePoints>
                <SequencePoint vc="5" uspid="7817" ordinal="0" offset="0" sl="7" sc="50" el="7" ec="54" bec="0" bev="0" fileid="219" />
              </SequencePoints>
              <BranchPoints />
              <MethodPoint xsi:type="SequencePoint" vc="5" uspid="7817" ordinal="0" offset="0" sl="7" sc="50" el="7" ec="54" bec="0" bev="0" fileid="219" />
            </Method>
            <Method visited="true" cyclomaticComplexity="1" nPathComplexity="0" sequenceCoverage="100" branchCoverage="100" isConstructor="false" isStatic="false" isGetter="false" isSetter="true">
              <Summary numSequencePoints="1" visitedSequencePoints="1" numBranchPoints="1" visitedBranchPoints="1" sequenceCoverage="100" branchCoverage="100" maxCyclomaticComplexity="1" minCyclomaticComplexity="1" visitedClasses="0" numClasses="0" visitedMethods="1" numMethods="1" />
              <MetadataToken>100664574</MetadataToken>
              <Name>System.Void SportsWeb.Services.Configuration.StageConfiguration::set_DatabaseHostName(System.String)</Name>
              <FileRef uid="219" />
              <SequencePoints>
                <SequencePoint vc="9" uspid="7818" ordinal="0" offset="0" sl="7" sc="55" el="7" ec="59" bec="0" bev="0" fileid="219" />
              </SequencePoints>
              <BranchPoints />
              <MethodPoint xsi:type="SequencePoint" vc="9" uspid="7818" ordinal="0" offset="0" sl="7" sc="55" el="7" ec="59" bec="0" bev="0" fileid="219" />
            </Method>
            <Method visited="true" cyclomaticComplexity="1" nPathComplexity="0" sequenceCoverage="100" branchCoverage="100" isConstructor="false" isStatic="false" isGetter="true" isSetter="false">
              <Summary numSequencePoints="1" visitedSequencePoints="1" numBranchPoints="1" visitedBranchPoints="1" sequenceCoverage="100" branchCoverage="100" maxCyclomaticComplexity="1" minCyclomaticComplexity="1" visitedClasses="0" numClasses="0" visitedMethods="1" numMethods="1" />
              <MetadataToken>100664575</MetadataToken>
              <Name>System.String SportsWeb.Services.Configuration.StageConfiguration::get_DatabaseSuperUserName()</Name>
              <FileRef uid="219" />
              <SequencePoints>
                <SequencePoint vc="1" uspid="7819" ordinal="0" offset="0" sl="9" sc="55" el="9" ec="59" bec="0" bev="0" fileid="219" />
              </SequencePoints>
              <BranchPoints />
              <MethodPoint xsi:type="SequencePoint" vc="1" uspid="7819" ordinal="0" offset="0" sl="9" sc="55" el="9" ec="59" bec="0" bev="0" fileid="219" />
            </Method>
            <Method visited="true" cyclomaticComplexity="1" nPathComplexity="0" sequenceCoverage="100" branchCoverage="100" isConstructor="false" isStatic="false" isGetter="false" isSetter="true">
              <Summary numSequencePoints="1" visitedSequencePoints="1" numBranchPoints="1" visitedBranchPoints="1" sequenceCoverage="100" branchCoverage="100" maxCyclomaticComplexity="1" minCyclomaticComplexity="1" visitedClasses="0" numClasses="0" visitedMethods="1" numMethods="1" />
              <MetadataToken>100664576</MetadataToken>
              <Name>System.Void SportsWeb.Services.Configuration.StageConfiguration::set_DatabaseSuperUserName(System.String)</Name>
              <FileRef uid="219" />
              <SequencePoints>
                <SequencePoint vc="2" uspid="7820" ordinal="0" offset="0" sl="9" sc="60" el="9" ec="64" bec="0" bev="0" fileid="219" />
              </SequencePoints>
              <BranchPoints />
              <MethodPoint xsi:type="SequencePoint" vc="2" uspid="7820" ordinal="0" offset="0" sl="9" sc="60" el="9" ec="64" bec="0" bev="0" fileid="219" />
            </Method>
            <Method visited="true" cyclomaticComplexity="1" nPathComplexity="0" sequenceCoverage="100" branchCoverage="100" isConstructor="false" isStatic="false" isGetter="true" isSetter="false">
              <Summary numSequencePoints="1" visitedSequencePoints="1" numBranchPoints="1" visitedBranchPoints="1" sequenceCoverage="100" branchCoverage="100" maxCyclomaticComplexity="1" minCyclomaticComplexity="1" visitedClasses="0" numClasses="0" visitedMethods="1" numMethods="1" />
              <MetadataToken>100664577</MetadataToken>
              <Name>System.String SportsWeb.Services.Configuration.StageConfiguration::get_DatabaseSuperUserPassword()</Name>
              <FileRef uid="219" />
              <SequencePoints>
                <SequencePoint vc="1" uspid="7821" ordinal="0" offset="0" sl="10" sc="59" el="10" ec="63" bec="0" bev="0" fileid="219" />
              </SequencePoints>
              <BranchPoints />
              <MethodPoint xsi:type="SequencePoint" vc="1" uspid="7821" ordinal="0" offset="0" sl="10" sc="59" el="10" ec="63" bec="0" bev="0" fileid="219" />
            </Method>
            <Method visited="true" cyclomaticComplexity="1" nPathComplexity="0" sequenceCoverage="100" branchCoverage="100" isConstructor="false" isStatic="false" isGetter="false" isSetter="true">
              <Summary numSequencePoints="1" visitedSequencePoints="1" numBranchPoints="1" visitedBranchPoints="1" sequenceCoverage="100" branchCoverage="100" maxCyclomaticComplexity="1" minCyclomaticComplexity="1" visitedClasses="0" numClasses="0" visitedMethods="1" numMethods="1" />
              <MetadataToken>100664578</MetadataToken>
              <Name>System.Void SportsWeb.Services.Configuration.StageConfiguration::set_DatabaseSuperUserPassword(System.String)</Name>
              <FileRef uid="219" />
              <SequencePoints>
                <SequencePoint vc="2" uspid="7822" ordinal="0" offset="0" sl="10" sc="64" el="10" ec="68" bec="0" bev="0" fileid="219" />
              </SequencePoints>
              <BranchPoints />
              <MethodPoint xsi:type="SequencePoint" vc="2" uspid="7822" ordinal="0" offset="0" sl="10" sc="64" el="10" ec="68" bec="0" bev="0" fileid="219" />
            </Method>
            <Method visited="true" cyclomaticComplexity="1" nPathComplexity="0" sequenceCoverage="100" branchCoverage="100" isConstructor="false" isStatic="false" isGetter="true" isSetter="false">
              <Summary numSequencePoints="1" visitedSequencePoints="1" numBranchPoints="1" visitedBranchPoints="1" sequenceCoverage="100" branchCoverage="100" maxCyclomaticComplexity="1" minCyclomaticComplexity="1" visitedClasses="0" numClasses="0" visitedMethods="1" numMethods="1" />
              <MetadataToken>100664579</MetadataToken>
              <Name>System.String SportsWeb.Services.Configuration.StageConfiguration::get_DatabaseAdminUserName()</Name>
              <FileRef uid="219" />
              <SequencePoints>
                <SequencePoint vc="3" uspid="7823" ordinal="0" offset="0" sl="12" sc="55" el="12" ec="59" bec="0" bev="0" fileid="219" />
              </SequencePoints>
              <BranchPoints />
              <MethodPoint xsi:type="SequencePoint" vc="3" uspid="7823" ordinal="0" offset="0" sl="12" sc="55" el="12" ec="59" bec="0" bev="0" fileid="219" />
            </Method>
            <Method visited="true" cyclomaticComplexity="1" nPathComplexity="0" sequenceCoverage="100" branchCoverage="100" isConstructor="false" isStatic="false" isGetter="false" isSetter="true">
              <Summary numSequencePoints="1" visitedSequencePoints="1" numBranchPoints="1" visitedBranchPoints="1" sequenceCoverage="100" branchCoverage="100" maxCyclomaticComplexity="1" minCyclomaticComplexity="1" visitedClasses="0" numClasses="0" visitedMethods="1" numMethods="1" />
              <MetadataToken>100664580</MetadataToken>
              <Name>System.Void SportsWeb.Services.Configuration.StageConfiguration::set_DatabaseAdminUserName(System.String)</Name>
              <FileRef uid="219" />
              <SequencePoints>
                <SequencePoint vc="9" uspid="7824" ordinal="0" offset="0" sl="12" sc="60" el="12" ec="64" bec="0" bev="0" fileid="219" />
              </SequencePoints>
              <BranchPoints />
              <MethodPoint xsi:type="SequencePoint" vc="9" uspid="7824" ordinal="0" offset="0" sl="12" sc="60" el="12" ec="64" bec="0" bev="0" fileid="219" />
            </Method>
            <Method visited="true" cyclomaticComplexity="1" nPathComplexity="0" sequenceCoverage="100" branchCoverage="100" isConstructor="false" isStatic="false" isGetter="true" isSetter="false">
              <Summary numSequencePoints="1" visitedSequencePoints="1" numBranchPoints="1" visitedBranchPoints="1" sequenceCoverage="100" branchCoverage="100" maxCyclomaticComplexity="1" minCyclomaticComplexity="1" visitedClasses="0" numClasses="0" visitedMethods="1" numMethods="1" />
              <MetadataToken>100664581</MetadataToken>
              <Name>System.String SportsWeb.Services.Configuration.StageConfiguration::get_DatabaseAdminUserPassword()</Name>
              <FileRef uid="219" />
              <SequencePoints>
                <SequencePoint vc="2" uspid="7825" ordinal="0" offset="0" sl="13" sc="59" el="13" ec="63" bec="0" bev="0" fileid="219" />
              </SequencePoints>
              <BranchPoints />
              <MethodPoint xsi:type="SequencePoint" vc="2" uspid="7825" ordinal="0" offset="0" sl="13" sc="59" el="13" ec="63" bec="0" bev="0" fileid="219" />
            </Method>
            <Method visited="true" cyclomaticComplexity="1" nPathComplexity="0" sequenceCoverage="100" branchCoverage="100" isConstructor="false" isStatic="false" isGetter="false" isSetter="true">
              <Summary numSequencePoints="1" visitedSequencePoints="1" numBranchPoints="1" visitedBranchPoints="1" sequenceCoverage="100" branchCoverage="100" maxCyclomaticComplexity="1" minCyclomaticComplexity="1" visitedClasses="0" numClasses="0" visitedMethods="1" numMethods="1" />
              <MetadataToken>100664582</MetadataToken>
              <Name>System.Void SportsWeb.Services.Configuration.StageConfiguration::set_DatabaseAdminUserPassword(System.String)</Name>
              <FileRef uid="219" />
              <SequencePoints>
                <SequencePoint vc="2" uspid="7826" ordinal="0" offset="0" sl="13" sc="64" el="13" ec="68" bec="0" bev="0" fileid="219" />
              </SequencePoints>
              <BranchPoints />
              <MethodPoint xsi:type="SequencePoint" vc="2" uspid="7826" ordinal="0" offset="0" sl="13" sc="64" el="13" ec="68" bec="0" bev="0" fileid="219" />
            </Method>
            <Method visited="true" cyclomaticComplexity="1" nPathComplexity="0" sequenceCoverage="100" branchCoverage="100" isConstructor="false" isStatic="false" isGetter="true" isSetter="false">
              <Summary numSequencePoints="1" visitedSequencePoints="1" numBranchPoints="1" visitedBranchPoints="1" sequenceCoverage="100" branchCoverage="100" maxCyclomaticComplexity="1" minCyclomaticComplexity="1" visitedClasses="0" numClasses="0" visitedMethods="1" numMethods="1" />
              <MetadataToken>100664583</MetadataToken>
              <Name>System.String SportsWeb.Services.Configuration.StageConfiguration::get_DatabaseUserName()</Name>
              <FileRef uid="219" />
              <SequencePoints>
                <SequencePoint vc="2" uspid="7827" ordinal="0" offset="0" sl="15" sc="50" el="15" ec="54" bec="0" bev="0" fileid="219" />
              </SequencePoints>
              <BranchPoints />
              <MethodPoint xsi:type="SequencePoint" vc="2" uspid="7827" ordinal="0" offset="0" sl="15" sc="50" el="15" ec="54" bec="0" bev="0" fileid="219" />
            </Method>
            <Method visited="true" cyclomaticComplexity="1" nPathComplexity="0" sequenceCoverage="100" branchCoverage="100" isConstructor="false" isStatic="false" isGetter="false" isSetter="true">
              <Summary numSequencePoints="1" visitedSequencePoints="1" numBranchPoints="1" visitedBranchPoints="1" sequenceCoverage="100" branchCoverage="100" maxCyclomaticComplexity="1" minCyclomaticComplexity="1" visitedClasses="0" numClasses="0" visitedMethods="1" numMethods="1" />
              <MetadataToken>100664584</MetadataToken>
              <Name>System.Void SportsWeb.Services.Configuration.StageConfiguration::set_DatabaseUserName(System.String)</Name>
              <FileRef uid="219" />
              <SequencePoints>
                <SequencePoint vc="2" uspid="7828" ordinal="0" offset="0" sl="15" sc="55" el="15" ec="59" bec="0" bev="0" fileid="219" />
              </SequencePoints>
              <BranchPoints />
              <MethodPoint xsi:type="SequencePoint" vc="2" uspid="7828" ordinal="0" offset="0" sl="15" sc="55" el="15" ec="59" bec="0" bev="0" fileid="219" />
            </Method>
            <Method visited="true" cyclomaticComplexity="1" nPathComplexity="0" sequenceCoverage="100" branchCoverage="100" isConstructor="false" isStatic="false" isGetter="true" isSetter="false">
              <Summary numSequencePoints="1" visitedSequencePoints="1" numBranchPoints="1" visitedBranchPoints="1" sequenceCoverage="100" branchCoverage="100" maxCyclomaticComplexity="1" minCyclomaticComplexity="1" visitedClasses="0" numClasses="0" visitedMethods="1" numMethods="1" />
              <MetadataToken>100664585</MetadataToken>
              <Name>System.String SportsWeb.Services.Configuration.StageConfiguration::get_DatabaseUserPassword()</Name>
              <FileRef uid="219" />
              <SequencePoints>
                <SequencePoint vc="2" uspid="7829" ordinal="0" offset="0" sl="16" sc="54" el="16" ec="58" bec="0" bev="0" fileid="219" />
              </SequencePoints>
              <BranchPoints />
              <MethodPoint xsi:type="SequencePoint" vc="2" uspid="7829" ordinal="0" offset="0" sl="16" sc="54" el="16" ec="58" bec="0" bev="0" fileid="219" />
            </Method>
            <Method visited="true" cyclomaticComplexity="1" nPathComplexity="0" sequenceCoverage="100" branchCoverage="100" isConstructor="false" isStatic="false" isGetter="false" isSetter="true">
              <Summary numSequencePoints="1" visitedSequencePoints="1" numBranchPoints="1" visitedBranchPoints="1" sequenceCoverage="100" branchCoverage="100" maxCyclomaticComplexity="1" minCyclomaticComplexity="1" visitedClasses="0" numClasses="0" visitedMethods="1" numMethods="1" />
              <MetadataToken>100664586</MetadataToken>
              <Name>System.Void SportsWeb.Services.Configuration.StageConfiguration::set_DatabaseUserPassword(System.String)</Name>
              <FileRef uid="219" />
              <SequencePoints>
                <SequencePoint vc="2" uspid="7830" ordinal="0" offset="0" sl="16" sc="59" el="16" ec="63" bec="0" bev="0" fileid="219" />
              </SequencePoints>
              <BranchPoints />
              <MethodPoint xsi:type="SequencePoint" vc="2" uspid="7830" ordinal="0" offset="0" sl="16" sc="59" el="16" ec="63" bec="0" bev="0" fileid="219" />
            </Method>
            <Method visited="false" cyclomaticComplexity="1" nPathComplexity="0" sequenceCoverage="0" branchCoverage="0" isConstructor="false" isStatic="false" isGetter="true" isSetter="false">
              <Summary numSequencePoints="1" visitedSequencePoints="0" numBranchPoints="1" visitedBranchPoints="0" sequenceCoverage="0" branchCoverage="0" maxCyclomaticComplexity="1" minCyclomaticComplexity="1" visitedClasses="0" numClasses="0" visitedMethods="0" numMethods="1" />
              <MetadataToken>100664587</MetadataToken>
              <Name>System.String SportsWeb.Services.Configuration.StageConfiguration::get_ElasticSearchHostName()</Name>
              <FileRef uid="219" />
              <SequencePoints>
                <SequencePoint vc="0" uspid="7831" ordinal="0" offset="0" sl="18" sc="55" el="18" ec="59" bec="0" bev="0" fileid="219" />
              </SequencePoints>
              <BranchPoints />
              <MethodPoint xsi:type="SequencePoint" vc="0" uspid="7831" ordinal="0" offset="0" sl="18" sc="55" el="18" ec="59" bec="0" bev="0" fileid="219" />
            </Method>
            <Method visited="false" cyclomaticComplexity="1" nPathComplexity="0" sequenceCoverage="0" branchCoverage="0" isConstructor="false" isStatic="false" isGetter="false" isSetter="true">
              <Summary numSequencePoints="1" visitedSequencePoints="0" numBranchPoints="1" visitedBranchPoints="0" sequenceCoverage="0" branchCoverage="0" maxCyclomaticComplexity="1" minCyclomaticComplexity="1" visitedClasses="0" numClasses="0" visitedMethods="0" numMethods="1" />
              <MetadataToken>100664588</MetadataToken>
              <Name>System.Void SportsWeb.Services.Configuration.StageConfiguration::set_ElasticSearchHostName(System.String)</Name>
              <FileRef uid="219" />
              <SequencePoints>
                <SequencePoint vc="0" uspid="7832" ordinal="0" offset="0" sl="18" sc="60" el="18" ec="64" bec="0" bev="0" fileid="219" />
              </SequencePoints>
              <BranchPoints />
              <MethodPoint xsi:type="SequencePoint" vc="0" uspid="7832" ordinal="0" offset="0" sl="18" sc="60" el="18" ec="64" bec="0" bev="0" fileid="219" />
            </Method>
            <Method visited="false" cyclomaticComplexity="1" nPathComplexity="0" sequenceCoverage="0" branchCoverage="0" isConstructor="false" isStatic="false" isGetter="true" isSetter="false">
              <Summary numSequencePoints="1" visitedSequencePoints="0" numBranchPoints="1" visitedBranchPoints="0" sequenceCoverage="0" branchCoverage="0" maxCyclomaticComplexity="1" minCyclomaticComplexity="1" visitedClasses="0" numClasses="0" visitedMethods="0" numMethods="1" />
              <MetadataToken>100664589</MetadataToken>
              <Name>System.String SportsWeb.Services.Configuration.StageConfiguration::get_ElasticSearchIndex()</Name>
              <FileRef uid="219" />
              <SequencePoints>
                <SequencePoint vc="0" uspid="7833" ordinal="0" offset="0" sl="19" sc="52" el="19" ec="56" bec="0" bev="0" fileid="219" />
              </SequencePoints>
              <BranchPoints />
              <MethodPoint xsi:type="SequencePoint" vc="0" uspid="7833" ordinal="0" offset="0" sl="19" sc="52" el="19" ec="56" bec="0" bev="0" fileid="219" />
            </Method>
            <Method visited="false" cyclomaticComplexity="1" nPathComplexity="0" sequenceCoverage="0" branchCoverage="0" isConstructor="false" isStatic="false" isGetter="false" isSetter="true">
              <Summary numSequencePoints="1" visitedSequencePoints="0" numBranchPoints="1" visitedBranchPoints="0" sequenceCoverage="0" branchCoverage="0" maxCyclomaticComplexity="1" minCyclomaticComplexity="1" visitedClasses="0" numClasses="0" visitedMethods="0" numMethods="1" />
              <MetadataToken>100664590</MetadataToken>
              <Name>System.Void SportsWeb.Services.Configuration.StageConfiguration::set_ElasticSearchIndex(System.String)</Name>
              <FileRef uid="219" />
              <SequencePoints>
                <SequencePoint vc="0" uspid="7834" ordinal="0" offset="0" sl="19" sc="57" el="19" ec="61" bec="0" bev="0" fileid="219" />
              </SequencePoints>
              <BranchPoints />
              <MethodPoint xsi:type="SequencePoint" vc="0" uspid="7834" ordinal="0" offset="0" sl="19" sc="57" el="19" ec="61" bec="0" bev="0" fileid="219" />
            </Method>
            <Method visited="false" cyclomaticComplexity="1" nPathComplexity="0" sequenceCoverage="0" branchCoverage="0" isConstructor="false" isStatic="false" isGetter="true" isSetter="false">
              <Summary numSequencePoints="1" visitedSequencePoints="0" numBranchPoints="1" visitedBranchPoints="0" sequenceCoverage="0" branchCoverage="0" maxCyclomaticComplexity="1" minCyclomaticComplexity="1" visitedClasses="0" numClasses="0" visitedMethods="0" numMethods="1" />
              <MetadataToken>100664591</MetadataToken>
              <Name>System.String SportsWeb.Services.Configuration.StageConfiguration::get_RedirectHost()</Name>
              <FileRef uid="219" />
              <SequencePoints>
                <SequencePoint vc="0" uspid="7835" ordinal="0" offset="0" sl="22" sc="46" el="22" ec="50" bec="0" bev="0" fileid="219" />
              </SequencePoints>
              <BranchPoints />
              <MethodPoint xsi:type="SequencePoint" vc="0" uspid="7835" ordinal="0" offset="0" sl="22" sc="46" el="22" ec="50" bec="0" bev="0" fileid="219" />
            </Method>
            <Method visited="false" cyclomaticComplexity="1" nPathComplexity="0" sequenceCoverage="0" branchCoverage="0" isConstructor="false" isStatic="false" isGetter="false" isSetter="true">
              <Summary numSequencePoints="1" visitedSequencePoints="0" numBranchPoints="1" visitedBranchPoints="0" sequenceCoverage="0" branchCoverage="0" maxCyclomaticComplexity="1" minCyclomaticComplexity="1" visitedClasses="0" numClasses="0" visitedMethods="0" numMethods="1" />
              <MetadataToken>100664592</MetadataToken>
              <Name>System.Void SportsWeb.Services.Configuration.StageConfiguration::set_RedirectHost(System.String)</Name>
              <FileRef uid="219" />
              <SequencePoints>
                <SequencePoint vc="0" uspid="7836" ordinal="0" offset="0" sl="22" sc="51" el="22" ec="55" bec="0" bev="0" fileid="219" />
              </SequencePoints>
              <BranchPoints />
              <MethodPoint xsi:type="SequencePoint" vc="0" uspid="7836" ordinal="0" offset="0" sl="22" sc="51" el="22" ec="55" bec="0" bev="0" fileid="219" />
            </Method>
            <Method visited="true" cyclomaticComplexity="1" nPathComplexity="0" sequenceCoverage="100" branchCoverage="100" isConstructor="false" isStatic="false" isGetter="true" isSetter="false">
              <Summary numSequencePoints="1" visitedSequencePoints="1" numBranchPoints="1" visitedBranchPoints="1" sequenceCoverage="100" branchCoverage="100" maxCyclomaticComplexity="1" minCyclomaticComplexity="1" visitedClasses="0" numClasses="0" visitedMethods="1" numMethods="1" />
              <MetadataToken>100664593</MetadataToken>
              <Name>System.String SportsWeb.Services.Configuration.StageConfiguration::get_AuthorizationRoot()</Name>
              <FileRef uid="219" />
              <SequencePoints>
                <SequencePoint vc="1" uspid="7837" ordinal="0" offset="0" sl="24" sc="51" el="24" ec="55" bec="0" bev="0" fileid="219" />
              </SequencePoints>
              <BranchPoints />
              <MethodPoint xsi:type="SequencePoint" vc="1" uspid="7837" ordinal="0" offset="0" sl="24" sc="51" el="24" ec="55" bec="0" bev="0" fileid="219" />
            </Method>
            <Method visited="true" cyclomaticComplexity="1" nPathComplexity="0" sequenceCoverage="100" branchCoverage="100" isConstructor="false" isStatic="false" isGetter="false" isSetter="true">
              <Summary numSequencePoints="1" visitedSequencePoints="1" numBranchPoints="1" visitedBranchPoints="1" sequenceCoverage="100" branchCoverage="100" maxCyclomaticComplexity="1" minCyclomaticComplexity="1" visitedClasses="0" numClasses="0" visitedMethods="1" numMethods="1" />
              <MetadataToken>100664594</MetadataToken>
              <Name>System.Void SportsWeb.Services.Configuration.StageConfiguration::set_AuthorizationRoot(System.String)</Name>
              <FileRef uid="219" />
              <SequencePoints>
                <SequencePoint vc="31" uspid="7838" ordinal="0" offset="0" sl="24" sc="56" el="24" ec="60" bec="0" bev="0" fileid="219" />
              </SequencePoints>
              <BranchPoints />
              <MethodPoint xsi:type="SequencePoint" vc="31" uspid="7838" ordinal="0" offset="0" sl="24" sc="56" el="24" ec="60" bec="0" bev="0" fileid="219" />
            </Method>
            <Method visited="true" cyclomaticComplexity="1" nPathComplexity="0" sequenceCoverage="100" branchCoverage="100" isConstructor="false" isStatic="false" isGetter="true" isSetter="false">
              <Summary numSequencePoints="1" visitedSequencePoints="1" numBranchPoints="1" visitedBranchPoints="1" sequenceCoverage="100" branchCoverage="100" maxCyclomaticComplexity="1" minCyclomaticComplexity="1" visitedClasses="0" numClasses="0" visitedMethods="1" numMethods="1" />
              <MetadataToken>100664595</MetadataToken>
              <Name>System.String SportsWeb.Services.Configuration.StageConfiguration::get_AmplightApiHostName()</Name>
              <FileRef uid="219" />
              <SequencePoints>
                <SequencePoint vc="467" uspid="7839" ordinal="0" offset="0" sl="26" sc="53" el="26" ec="57" bec="0" bev="0" fileid="219" />
              </SequencePoints>
              <BranchPoints />
              <MethodPoint xsi:type="SequencePoint" vc="467" uspid="7839" ordinal="0" offset="0" sl="26" sc="53" el="26" ec="57" bec="0" bev="0" fileid="219" />
            </Method>
            <Method visited="true" cyclomaticComplexity="1" nPathComplexity="0" sequenceCoverage="100" branchCoverage="100" isConstructor="false" isStatic="false" isGetter="false" isSetter="true">
              <Summary numSequencePoints="1" visitedSequencePoints="1" numBranchPoints="1" visitedBranchPoints="1" sequenceCoverage="100" branchCoverage="100" maxCyclomaticComplexity="1" minCyclomaticComplexity="1" visitedClasses="0" numClasses="0" visitedMethods="1" numMethods="1" />
              <MetadataToken>100664596</MetadataToken>
              <Name>System.Void SportsWeb.Services.Configuration.StageConfiguration::set_AmplightApiHostName(System.String)</Name>
              <FileRef uid="219" />
              <SequencePoints>
                <SequencePoint vc="472" uspid="7840" ordinal="0" offset="0" sl="26" sc="58" el="26" ec="62" bec="0" bev="0" fileid="219" />
              </SequencePoints>
              <BranchPoints />
              <MethodPoint xsi:type="SequencePoint" vc="472" uspid="7840" ordinal="0" offset="0" sl="26" sc="58" el="26" ec="62" bec="0" bev="0" fileid="219" />
            </Method>
            <Method visited="true" cyclomaticComplexity="1" nPathComplexity="0" sequenceCoverage="100" branchCoverage="100" isConstructor="false" isStatic="false" isGetter="true" isSetter="false">
              <Summary numSequencePoints="1" visitedSequencePoints="1" numBranchPoints="1" visitedBranchPoints="1" sequenceCoverage="100" branchCoverage="100" maxCyclomaticComplexity="1" minCyclomaticComplexity="1" visitedClasses="0" numClasses="0" visitedMethods="1" numMethods="1" />
              <MetadataToken>100664597</MetadataToken>
              <Name>System.String SportsWeb.Services.Configuration.StageConfiguration::get_AmplightApiUserName()</Name>
              <FileRef uid="219" />
              <SequencePoints>
                <SequencePoint vc="461" uspid="7841" ordinal="0" offset="0" sl="28" sc="53" el="28" ec="57" bec="0" bev="0" fileid="219" />
              </SequencePoints>
              <BranchPoints />
              <MethodPoint xsi:type="SequencePoint" vc="461" uspid="7841" ordinal="0" offset="0" sl="28" sc="53" el="28" ec="57" bec="0" bev="0" fileid="219" />
            </Method>
            <Method visited="true" cyclomaticComplexity="1" nPathComplexity="0" sequenceCoverage="100" branchCoverage="100" isConstructor="false" isStatic="false" isGetter="false" isSetter="true">
              <Summary numSequencePoints="1" visitedSequencePoints="1" numBranchPoints="1" visitedBranchPoints="1" sequenceCoverage="100" branchCoverage="100" maxCyclomaticComplexity="1" minCyclomaticComplexity="1" visitedClasses="0" numClasses="0" visitedMethods="1" numMethods="1" />
              <MetadataToken>100664598</MetadataToken>
              <Name>System.Void SportsWeb.Services.Configuration.StageConfiguration::set_AmplightApiUserName(System.String)</Name>
              <FileRef uid="219" />
              <SequencePoints>
                <SequencePoint vc="460" uspid="7842" ordinal="0" offset="0" sl="28" sc="58" el="28" ec="62" bec="0" bev="0" fileid="219" />
              </SequencePoints>
              <BranchPoints />
              <MethodPoint xsi:type="SequencePoint" vc="460" uspid="7842" ordinal="0" offset="0" sl="28" sc="58" el="28" ec="62" bec="0" bev="0" fileid="219" />
            </Method>
            <Method visited="true" cyclomaticComplexity="1" nPathComplexity="0" sequenceCoverage="100" branchCoverage="100" isConstructor="false" isStatic="false" isGetter="true" isSetter="false">
              <Summary numSequencePoints="1" visitedSequencePoints="1" numBranchPoints="1" visitedBranchPoints="1" sequenceCoverage="100" branchCoverage="100" maxCyclomaticComplexity="1" minCyclomaticComplexity="1" visitedClasses="0" numClasses="0" visitedMethods="1" numMethods="1" />
              <MetadataToken>100664599</MetadataToken>
              <Name>System.String SportsWeb.Services.Configuration.StageConfiguration::get_AmplightApiPassword()</Name>
              <FileRef uid="219" />
              <SequencePoints>
                <SequencePoint vc="461" uspid="7843" ordinal="0" offset="0" sl="30" sc="53" el="30" ec="57" bec="0" bev="0" fileid="219" />
              </SequencePoints>
              <BranchPoints />
              <MethodPoint xsi:type="SequencePoint" vc="461" uspid="7843" ordinal="0" offset="0" sl="30" sc="53" el="30" ec="57" bec="0" bev="0" fileid="219" />
            </Method>
            <Method visited="true" cyclomaticComplexity="1" nPathComplexity="0" sequenceCoverage="100" branchCoverage="100" isConstructor="false" isStatic="false" isGetter="false" isSetter="true">
              <Summary numSequencePoints="1" visitedSequencePoints="1" numBranchPoints="1" visitedBranchPoints="1" sequenceCoverage="100" branchCoverage="100" maxCyclomaticComplexity="1" minCyclomaticComplexity="1" visitedClasses="0" numClasses="0" visitedMethods="1" numMethods="1" />
              <MetadataToken>100664600</MetadataToken>
              <Name>System.Void SportsWeb.Services.Configuration.StageConfiguration::set_AmplightApiPassword(System.String)</Name>
              <FileRef uid="219" />
              <SequencePoints>
                <SequencePoint vc="460" uspid="7844" ordinal="0" offset="0" sl="30" sc="58" el="30" ec="62" bec="0" bev="0" fileid="219" />
              </SequencePoints>
              <BranchPoints />
              <MethodPoint xsi:type="SequencePoint" vc="460" uspid="7844" ordinal="0" offset="0" sl="30" sc="58" el="30" ec="62" bec="0" bev="0" fileid="219" />
            </Method>
            <Method visited="false" cyclomaticComplexity="1" nPathComplexity="0" sequenceCoverage="0" branchCoverage="0" isConstructor="false" isStatic="false" isGetter="true" isSetter="false">
              <Summary numSequencePoints="1" visitedSequencePoints="0" numBranchPoints="1" visitedBranchPoints="0" sequenceCoverage="0" branchCoverage="0" maxCyclomaticComplexity="1" minCyclomaticComplexity="1" visitedClasses="0" numClasses="0" visitedMethods="0" numMethods="1" />
              <MetadataToken>100664601</MetadataToken>
              <Name>System.String SportsWeb.Services.Configuration.StageConfiguration::get_ClientId()</Name>
              <FileRef uid="219" />
              <SequencePoints>
                <SequencePoint vc="0" uspid="7845" ordinal="0" offset="0" sl="32" sc="42" el="32" ec="46" bec="0" bev="0" fileid="219" />
              </SequencePoints>
              <BranchPoints />
              <MethodPoint xsi:type="SequencePoint" vc="0" uspid="7845" ordinal="0" offset="0" sl="32" sc="42" el="32" ec="46" bec="0" bev="0" fileid="219" />
            </Method>
            <Method visited="false" cyclomaticComplexity="1" nPathComplexity="0" sequenceCoverage="0" branchCoverage="0" isConstructor="false" isStatic="false" isGetter="false" isSetter="true">
              <Summary numSequencePoints="1" visitedSequencePoints="0" numBranchPoints="1" visitedBranchPoints="0" sequenceCoverage="0" branchCoverage="0" maxCyclomaticComplexity="1" minCyclomaticComplexity="1" visitedClasses="0" numClasses="0" visitedMethods="0" numMethods="1" />
              <MetadataToken>100664602</MetadataToken>
              <Name>System.Void SportsWeb.Services.Configuration.StageConfiguration::set_ClientId(System.String)</Name>
              <FileRef uid="219" />
              <SequencePoints>
                <SequencePoint vc="0" uspid="7846" ordinal="0" offset="0" sl="32" sc="47" el="32" ec="51" bec="0" bev="0" fileid="219" />
              </SequencePoints>
              <BranchPoints />
              <MethodPoint xsi:type="SequencePoint" vc="0" uspid="7846" ordinal="0" offset="0" sl="32" sc="47" el="32" ec="51" bec="0" bev="0" fileid="219" />
            </Method>
            <Method visited="false" cyclomaticComplexity="1" nPathComplexity="0" sequenceCoverage="0" branchCoverage="0" isConstructor="false" isStatic="false" isGetter="true" isSetter="false">
              <Summary numSequencePoints="1" visitedSequencePoints="0" numBranchPoints="1" visitedBranchPoints="0" sequenceCoverage="0" branchCoverage="0" maxCyclomaticComplexity="1" minCyclomaticComplexity="1" visitedClasses="0" numClasses="0" visitedMethods="0" numMethods="1" />
              <MetadataToken>100664603</MetadataToken>
              <Name>System.String SportsWeb.Services.Configuration.StageConfiguration::get_ClientSecret()</Name>
              <FileRef uid="219" />
              <SequencePoints>
                <SequencePoint vc="0" uspid="7847" ordinal="0" offset="0" sl="33" sc="46" el="33" ec="50" bec="0" bev="0" fileid="219" />
              </SequencePoints>
              <BranchPoints />
              <MethodPoint xsi:type="SequencePoint" vc="0" uspid="7847" ordinal="0" offset="0" sl="33" sc="46" el="33" ec="50" bec="0" bev="0" fileid="219" />
            </Method>
            <Method visited="false" cyclomaticComplexity="1" nPathComplexity="0" sequenceCoverage="0" branchCoverage="0" isConstructor="false" isStatic="false" isGetter="false" isSetter="true">
              <Summary numSequencePoints="1" visitedSequencePoints="0" numBranchPoints="1" visitedBranchPoints="0" sequenceCoverage="0" branchCoverage="0" maxCyclomaticComplexity="1" minCyclomaticComplexity="1" visitedClasses="0" numClasses="0" visitedMethods="0" numMethods="1" />
              <MetadataToken>100664604</MetadataToken>
              <Name>System.Void SportsWeb.Services.Configuration.StageConfiguration::set_ClientSecret(System.String)</Name>
              <FileRef uid="219" />
              <SequencePoints>
                <SequencePoint vc="0" uspid="7848" ordinal="0" offset="0" sl="33" sc="51" el="33" ec="55" bec="0" bev="0" fileid="219" />
              </SequencePoints>
              <BranchPoints />
              <MethodPoint xsi:type="SequencePoint" vc="0" uspid="7848" ordinal="0" offset="0" sl="33" sc="51" el="33" ec="55" bec="0" bev="0" fileid="219" />
            </Method>
            <Method visited="false" cyclomaticComplexity="1" nPathComplexity="0" sequenceCoverage="0" branchCoverage="0" isConstructor="false" isStatic="false" isGetter="true" isSetter="false">
              <Summary numSequencePoints="1" visitedSequencePoints="0" numBranchPoints="1" visitedBranchPoints="0" sequenceCoverage="0" branchCoverage="0" maxCyclomaticComplexity="1" minCyclomaticComplexity="1" visitedClasses="0" numClasses="0" visitedMethods="0" numMethods="1" />
              <MetadataToken>100664605</MetadataToken>
              <Name>System.String SportsWeb.Services.Configuration.StageConfiguration::get_GrantType()</Name>
              <FileRef uid="219" />
              <SequencePoints>
                <SequencePoint vc="0" uspid="7849" ordinal="0" offset="0" sl="34" sc="43" el="34" ec="47" bec="0" bev="0" fileid="219" />
              </SequencePoints>
              <BranchPoints />
              <MethodPoint xsi:type="SequencePoint" vc="0" uspid="7849" ordinal="0" offset="0" sl="34" sc="43" el="34" ec="47" bec="0" bev="0" fileid="219" />
            </Method>
            <Method visited="false" cyclomaticComplexity="1" nPathComplexity="0" sequenceCoverage="0" branchCoverage="0" isConstructor="false" isStatic="false" isGetter="false" isSetter="true">
              <Summary numSequencePoints="1" visitedSequencePoints="0" numBranchPoints="1" visitedBranchPoints="0" sequenceCoverage="0" branchCoverage="0" maxCyclomaticComplexity="1" minCyclomaticComplexity="1" visitedClasses="0" numClasses="0" visitedMethods="0" numMethods="1" />
              <MetadataToken>100664606</MetadataToken>
              <Name>System.Void SportsWeb.Services.Configuration.StageConfiguration::set_GrantType(System.String)</Name>
              <FileRef uid="219" />
              <SequencePoints>
                <SequencePoint vc="0" uspid="7850" ordinal="0" offset="0" sl="34" sc="48" el="34" ec="52" bec="0" bev="0" fileid="219" />
              </SequencePoints>
              <BranchPoints />
              <MethodPoint xsi:type="SequencePoint" vc="0" uspid="7850" ordinal="0" offset="0" sl="34" sc="48" el="34" ec="52" bec="0" bev="0" fileid="219" />
            </Method>
            <Method visited="false" cyclomaticComplexity="1" nPathComplexity="0" sequenceCoverage="0" branchCoverage="0" isConstructor="false" isStatic="false" isGetter="true" isSetter="false">
              <Summary numSequencePoints="1" visitedSequencePoints="0" numBranchPoints="1" visitedBranchPoints="0" sequenceCoverage="0" branchCoverage="0" maxCyclomaticComplexity="1" minCyclomaticComplexity="1" visitedClasses="0" numClasses="0" visitedMethods="0" numMethods="1" />
              <MetadataToken>100664607</MetadataToken>
              <Name>System.String SportsWeb.Services.Configuration.StageConfiguration::get_Scope()</Name>
              <FileRef uid="219" />
              <SequencePoints>
                <SequencePoint vc="0" uspid="7851" ordinal="0" offset="0" sl="35" sc="39" el="35" ec="43" bec="0" bev="0" fileid="219" />
              </SequencePoints>
              <BranchPoints />
              <MethodPoint xsi:type="SequencePoint" vc="0" uspid="7851" ordinal="0" offset="0" sl="35" sc="39" el="35" ec="43" bec="0" bev="0" fileid="219" />
            </Method>
            <Method visited="false" cyclomaticComplexity="1" nPathComplexity="0" sequenceCoverage="0" branchCoverage="0" isConstructor="false" isStatic="false" isGetter="false" isSetter="true">
              <Summary numSequencePoints="1" visitedSequencePoints="0" numBranchPoints="1" visitedBranchPoints="0" sequenceCoverage="0" branchCoverage="0" maxCyclomaticComplexity="1" minCyclomaticComplexity="1" visitedClasses="0" numClasses="0" visitedMethods="0" numMethods="1" />
              <MetadataToken>100664608</MetadataToken>
              <Name>System.Void SportsWeb.Services.Configuration.StageConfiguration::set_Scope(System.String)</Name>
              <FileRef uid="219" />
              <SequencePoints>
                <SequencePoint vc="0" uspid="7852" ordinal="0" offset="0" sl="35" sc="44" el="35" ec="48" bec="0" bev="0" fileid="219" />
              </SequencePoints>
              <BranchPoints />
              <MethodPoint xsi:type="SequencePoint" vc="0" uspid="7852" ordinal="0" offset="0" sl="35" sc="44" el="35" ec="48" bec="0" bev="0" fileid="219" />
            </Method>
            <Method visited="true" cyclomaticComplexity="1" nPathComplexity="0" sequenceCoverage="100" branchCoverage="100" isConstructor="false" isStatic="false" isGetter="true" isSetter="false">
              <Summary numSequencePoints="1" visitedSequencePoints="1" numBranchPoints="1" visitedBranchPoints="1" sequenceCoverage="100" branchCoverage="100" maxCyclomaticComplexity="1" minCyclomaticComplexity="1" visitedClasses="0" numClasses="0" visitedMethods="1" numMethods="1" />
              <MetadataToken>100664609</MetadataToken>
              <Name>System.String SportsWeb.Services.Configuration.StageConfiguration::get_InstallerUIUrl()</Name>
              <FileRef uid="219" />
              <SequencePoints>
                <SequencePoint vc="4" uspid="7853" ordinal="0" offset="0" sl="36" sc="48" el="36" ec="52" bec="0" bev="0" fileid="219" />
              </SequencePoints>
              <BranchPoints />
              <MethodPoint xsi:type="SequencePoint" vc="4" uspid="7853" ordinal="0" offset="0" sl="36" sc="48" el="36" ec="52" bec="0" bev="0" fileid="219" />
            </Method>
            <Method visited="true" cyclomaticComplexity="1" nPathComplexity="0" sequenceCoverage="100" branchCoverage="100" isConstructor="false" isStatic="false" isGetter="false" isSetter="true">
              <Summary numSequencePoints="1" visitedSequencePoints="1" numBranchPoints="1" visitedBranchPoints="1" sequenceCoverage="100" branchCoverage="100" maxCyclomaticComplexity="1" minCyclomaticComplexity="1" visitedClasses="0" numClasses="0" visitedMethods="1" numMethods="1" />
              <MetadataToken>100664610</MetadataToken>
              <Name>System.Void SportsWeb.Services.Configuration.StageConfiguration::set_InstallerUIUrl(System.String)</Name>
              <FileRef uid="219" />
              <SequencePoints>
                <SequencePoint vc="12" uspid="7854" ordinal="0" offset="0" sl="36" sc="53" el="36" ec="57" bec="0" bev="0" fileid="219" />
              </SequencePoints>
              <BranchPoints />
              <MethodPoint xsi:type="SequencePoint" vc="12" uspid="7854" ordinal="0" offset="0" sl="36" sc="53" el="36" ec="57" bec="0" bev="0" fileid="219" />
            </Method>
            <Method visited="true" cyclomaticComplexity="1" nPathComplexity="0" sequenceCoverage="100" branchCoverage="100" isConstructor="false" isStatic="false" isGetter="true" isSetter="false">
              <Summary numSequencePoints="1" visitedSequencePoints="1" numBranchPoints="1" visitedBranchPoints="1" sequenceCoverage="100" branchCoverage="100" maxCyclomaticComplexity="1" minCyclomaticComplexity="1" visitedClasses="0" numClasses="0" visitedMethods="1" numMethods="1" />
              <MetadataToken>100664611</MetadataToken>
              <Name>System.String SportsWeb.Services.Configuration.StageConfiguration::get_TabletUIURL()</Name>
              <FileRef uid="219" />
              <SequencePoints>
                <SequencePoint vc="13" uspid="7855" ordinal="0" offset="0" sl="37" sc="45" el="37" ec="49" bec="0" bev="0" fileid="219" />
              </SequencePoints>
              <BranchPoints />
              <MethodPoint xsi:type="SequencePoint" vc="13" uspid="7855" ordinal="0" offset="0" sl="37" sc="45" el="37" ec="49" bec="0" bev="0" fileid="219" />
            </Method>
            <Method visited="true" cyclomaticComplexity="1" nPathComplexity="0" sequenceCoverage="100" branchCoverage="100" isConstructor="false" isStatic="false" isGetter="false" isSetter="true">
              <Summary numSequencePoints="1" visitedSequencePoints="1" numBranchPoints="1" visitedBranchPoints="1" sequenceCoverage="100" branchCoverage="100" maxCyclomaticComplexity="1" minCyclomaticComplexity="1" visitedClasses="0" numClasses="0" visitedMethods="1" numMethods="1" />
              <MetadataToken>100664612</MetadataToken>
              <Name>System.Void SportsWeb.Services.Configuration.StageConfiguration::set_TabletUIURL(System.String)</Name>
              <FileRef uid="219" />
              <SequencePoints>
                <SequencePoint vc="20" uspid="7856" ordinal="0" offset="0" sl="37" sc="50" el="37" ec="54" bec="0" bev="0" fileid="219" />
              </SequencePoints>
              <BranchPoints />
              <MethodPoint xsi:type="SequencePoint" vc="20" uspid="7856" ordinal="0" offset="0" sl="37" sc="50" el="37" ec="54" bec="0" bev="0" fileid="219" />
            </Method>
            <Method visited="true" cyclomaticComplexity="1" nPathComplexity="0" sequenceCoverage="100" branchCoverage="100" isConstructor="false" isStatic="false" isGetter="true" isSetter="false">
              <Summary numSequencePoints="1" visitedSequencePoints="1" numBranchPoints="1" visitedBranchPoints="1" sequenceCoverage="100" branchCoverage="100" maxCyclomaticComplexity="1" minCyclomaticComplexity="1" visitedClasses="0" numClasses="0" visitedMethods="1" numMethods="1" />
              <MetadataToken>100664613</MetadataToken>
              <Name>System.String SportsWeb.Services.Configuration.StageConfiguration::get_AdminUIUrl()</Name>
              <FileRef uid="219" />
              <SequencePoints>
                <SequencePoint vc="5" uspid="7857" ordinal="0" offset="0" sl="39" sc="44" el="39" ec="48" bec="0" bev="0" fileid="219" />
              </SequencePoints>
              <BranchPoints />
              <MethodPoint xsi:type="SequencePoint" vc="5" uspid="7857" ordinal="0" offset="0" sl="39" sc="44" el="39" ec="48" bec="0" bev="0" fileid="219" />
            </Method>
            <Method visited="true" cyclomaticComplexity="1" nPathComplexity="0" sequenceCoverage="100" branchCoverage="100" isConstructor="false" isStatic="false" isGetter="false" isSetter="true">
              <Summary numSequencePoints="1" visitedSequencePoints="1" numBranchPoints="1" visitedBranchPoints="1" sequenceCoverage="100" branchCoverage="100" maxCyclomaticComplexity="1" minCyclomaticComplexity="1" visitedClasses="0" numClasses="0" visitedMethods="1" numMethods="1" />
              <MetadataToken>100664614</MetadataToken>
              <Name>System.Void SportsWeb.Services.Configuration.StageConfiguration::set_AdminUIUrl(System.String)</Name>
              <FileRef uid="219" />
              <SequencePoints>
                <SequencePoint vc="19" uspid="7858" ordinal="0" offset="0" sl="39" sc="49" el="39" ec="53" bec="0" bev="0" fileid="219" />
              </SequencePoints>
              <BranchPoints />
              <MethodPoint xsi:type="SequencePoint" vc="19" uspid="7858" ordinal="0" offset="0" sl="39" sc="49" el="39" ec="53" bec="0" bev="0" fileid="219" />
            </Method>
            <Method visited="false" cyclomaticComplexity="1" nPathComplexity="0" sequenceCoverage="0" branchCoverage="0" isConstructor="false" isStatic="false" isGetter="true" isSetter="false">
              <Summary numSequencePoints="1" visitedSequencePoints="0" numBranchPoints="1" visitedBranchPoints="0" sequenceCoverage="0" branchCoverage="0" maxCyclomaticComplexity="1" minCyclomaticComplexity="1" visitedClasses="0" numClasses="0" visitedMethods="0" numMethods="1" />
              <MetadataToken>100664615</MetadataToken>
              <Name>System.String SportsWeb.Services.Configuration.StageConfiguration::get_IdentityServerApiPort()</Name>
              <FileRef uid="219" />
              <SequencePoints>
                <SequencePoint vc="0" uspid="7859" ordinal="0" offset="0" sl="40" sc="56" el="40" ec="93" bec="0" bev="0" fileid="219" />
              </SequencePoints>
              <BranchPoints />
              <MethodPoint xsi:type="SequencePoint" vc="0" uspid="7859" ordinal="0" offset="0" sl="40" sc="56" el="40" ec="93" bec="0" bev="0" fileid="219" />
            </Method>
            <Method visited="true" cyclomaticComplexity="1" nPathComplexity="0" sequenceCoverage="100" branchCoverage="100" isConstructor="false" isStatic="false" isGetter="true" isSetter="false">
              <Summary numSequencePoints="1" visitedSequencePoints="1" numBranchPoints="1" visitedBranchPoints="1" sequenceCoverage="100" branchCoverage="100" maxCyclomaticComplexity="1" minCyclomaticComplexity="1" visitedClasses="0" numClasses="0" visitedMethods="1" numMethods="1" />
              <MetadataToken>100664616</MetadataToken>
              <Name>System.String SportsWeb.Services.Configuration.StageConfiguration::get_AmplightApiSuperUserName()</Name>
              <FileRef uid="219" />
              <SequencePoints>
                <SequencePoint vc="465" uspid="7860" ordinal="0" offset="0" sl="42" sc="58" el="42" ec="62" bec="0" bev="0" fileid="219" />
              </SequencePoints>
              <BranchPoints />
              <MethodPoint xsi:type="SequencePoint" vc="465" uspid="7860" ordinal="0" offset="0" sl="42" sc="58" el="42" ec="62" bec="0" bev="0" fileid="219" />
            </Method>
            <Method visited="true" cyclomaticComplexity="1" nPathComplexity="0" sequenceCoverage="100" branchCoverage="100" isConstructor="false" isStatic="false" isGetter="false" isSetter="true">
              <Summary numSequencePoints="1" visitedSequencePoints="1" numBranchPoints="1" visitedBranchPoints="1" sequenceCoverage="100" branchCoverage="100" maxCyclomaticComplexity="1" minCyclomaticComplexity="1" visitedClasses="0" numClasses="0" visitedMethods="1" numMethods="1" />
              <MetadataToken>100664617</MetadataToken>
              <Name>System.Void SportsWeb.Services.Configuration.StageConfiguration::set_AmplightApiSuperUserName(System.String)</Name>
              <FileRef uid="219" />
              <SequencePoints>
                <SequencePoint vc="465" uspid="7861" ordinal="0" offset="0" sl="42" sc="63" el="42" ec="67" bec="0" bev="0" fileid="219" />
              </SequencePoints>
              <BranchPoints />
              <MethodPoint xsi:type="SequencePoint" vc="465" uspid="7861" ordinal="0" offset="0" sl="42" sc="63" el="42" ec="67" bec="0" bev="0" fileid="219" />
            </Method>
            <Method visited="true" cyclomaticComplexity="1" nPathComplexity="0" sequenceCoverage="100" branchCoverage="100" isConstructor="false" isStatic="false" isGetter="true" isSetter="false">
              <Summary numSequencePoints="1" visitedSequencePoints="1" numBranchPoints="1" visitedBranchPoints="1" sequenceCoverage="100" branchCoverage="100" maxCyclomaticComplexity="1" minCyclomaticComplexity="1" visitedClasses="0" numClasses="0" visitedMethods="1" numMethods="1" />
              <MetadataToken>100664618</MetadataToken>
              <Name>System.String SportsWeb.Services.Configuration.StageConfiguration::get_AmplightApiSuperUserPassword()</Name>
              <FileRef uid="219" />
              <SequencePoints>
                <SequencePoint vc="465" uspid="7862" ordinal="0" offset="0" sl="43" sc="62" el="43" ec="66" bec="0" bev="0" fileid="219" />
              </SequencePoints>
              <BranchPoints />
              <MethodPoint xsi:type="SequencePoint" vc="465" uspid="7862" ordinal="0" offset="0" sl="43" sc="62" el="43" ec="66" bec="0" bev="0" fileid="219" />
            </Method>
            <Method visited="true" cyclomaticComplexity="1" nPathComplexity="0" sequenceCoverage="100" branchCoverage="100" isConstructor="false" isStatic="false" isGetter="false" isSetter="true">
              <Summary numSequencePoints="1" visitedSequencePoints="1" numBranchPoints="1" visitedBranchPoints="1" sequenceCoverage="100" branchCoverage="100" maxCyclomaticComplexity="1" minCyclomaticComplexity="1" visitedClasses="0" numClasses="0" visitedMethods="1" numMethods="1" />
              <MetadataToken>100664619</MetadataToken>
              <Name>System.Void SportsWeb.Services.Configuration.StageConfiguration::set_AmplightApiSuperUserPassword(System.String)</Name>
              <FileRef uid="219" />
              <SequencePoints>
                <SequencePoint vc="465" uspid="7863" ordinal="0" offset="0" sl="43" sc="67" el="43" ec="71" bec="0" bev="0" fileid="219" />
              </SequencePoints>
              <BranchPoints />
              <MethodPoint xsi:type="SequencePoint" vc="465" uspid="7863" ordinal="0" offset="0" sl="43" sc="67" el="43" ec="71" bec="0" bev="0" fileid="219" />
            </Method>
            <Method visited="true" cyclomaticComplexity="1" nPathComplexity="0" sequenceCoverage="0" branchCoverage="0" isConstructor="true" isStatic="false" isGetter="false" isSetter="false">
              <Summary numSequencePoints="0" visitedSequencePoints="0" numBranchPoints="0" visitedBranchPoints="0" sequenceCoverage="0" branchCoverage="0" maxCyclomaticComplexity="1" minCyclomaticComplexity="1" visitedClasses="0" numClasses="0" visitedMethods="0" numMethods="0" />
              <MetadataToken>100664620</MetadataToken>
              <Name>System.Void SportsWeb.Services.Configuration.StageConfiguration::.ctor()</Name>
              <SequencePoints />
              <BranchPoints />
              <MethodPoint vc="971" uspid="7864" ordinal="0" offset="0" />
            </Method>
          </Methods>
        </Class>
        <Class>
          <Summary numSequencePoints="6" visitedSequencePoints="5" numBranchPoints="6" visitedBranchPoints="5" sequenceCoverage="83.33" branchCoverage="83.33" maxCyclomaticComplexity="1" minCyclomaticComplexity="1" visitedClasses="1" numClasses="1" visitedMethods="5" numMethods="6" />
          <FullName>SportsWeb.Services.Configuration.StageEnvironmentDetail</FullName>
          <Methods>
            <Method visited="true" cyclomaticComplexity="1" nPathComplexity="0" sequenceCoverage="100" branchCoverage="100" isConstructor="false" isStatic="false" isGetter="true" isSetter="false">
              <Summary numSequencePoints="1" visitedSequencePoints="1" numBranchPoints="1" visitedBranchPoints="1" sequenceCoverage="100" branchCoverage="100" maxCyclomaticComplexity="1" minCyclomaticComplexity="1" visitedClasses="0" numClasses="0" visitedMethods="1" numMethods="1" />
              <MetadataToken>100664621</MetadataToken>
              <Name>System.String SportsWeb.Services.Configuration.StageEnvironmentDetail::get_Stage()</Name>
              <FileRef uid="220" />
              <SequencePoints>
                <SequencePoint vc="6" uspid="7865" ordinal="0" offset="0" sl="5" sc="31" el="5" ec="35" bec="0" bev="0" fileid="220" />
              </SequencePoints>
              <BranchPoints />
              <MethodPoint xsi:type="SequencePoint" vc="6" uspid="7865" ordinal="0" offset="0" sl="5" sc="31" el="5" ec="35" bec="0" bev="0" fileid="220" />
            </Method>
            <Method visited="true" cyclomaticComplexity="1" nPathComplexity="0" sequenceCoverage="100" branchCoverage="100" isConstructor="false" isStatic="false" isGetter="false" isSetter="true">
              <Summary numSequencePoints="1" visitedSequencePoints="1" numBranchPoints="1" visitedBranchPoints="1" sequenceCoverage="100" branchCoverage="100" maxCyclomaticComplexity="1" minCyclomaticComplexity="1" visitedClasses="0" numClasses="0" visitedMethods="1" numMethods="1" />
              <MetadataToken>100664622</MetadataToken>
              <Name>System.Void SportsWeb.Services.Configuration.StageEnvironmentDetail::set_Stage(System.String)</Name>
              <FileRef uid="220" />
              <SequencePoints>
                <SequencePoint vc="6" uspid="7866" ordinal="0" offset="0" sl="5" sc="36" el="5" ec="40" bec="0" bev="0" fileid="220" />
              </SequencePoints>
              <BranchPoints />
              <MethodPoint xsi:type="SequencePoint" vc="6" uspid="7866" ordinal="0" offset="0" sl="5" sc="36" el="5" ec="40" bec="0" bev="0" fileid="220" />
            </Method>
            <Method visited="false" cyclomaticComplexity="1" nPathComplexity="0" sequenceCoverage="0" branchCoverage="0" isConstructor="false" isStatic="false" isGetter="true" isSetter="false">
              <Summary numSequencePoints="1" visitedSequencePoints="0" numBranchPoints="1" visitedBranchPoints="0" sequenceCoverage="0" branchCoverage="0" maxCyclomaticComplexity="1" minCyclomaticComplexity="1" visitedClasses="0" numClasses="0" visitedMethods="0" numMethods="1" />
              <MetadataToken>100664623</MetadataToken>
              <Name>System.String SportsWeb.Services.Configuration.StageEnvironmentDetail::get_ConfigEnvironment()</Name>
              <FileRef uid="220" />
              <SequencePoints>
                <SequencePoint vc="0" uspid="7867" ordinal="0" offset="0" sl="7" sc="43" el="7" ec="47" bec="0" bev="0" fileid="220" />
              </SequencePoints>
              <BranchPoints />
              <MethodPoint xsi:type="SequencePoint" vc="0" uspid="7867" ordinal="0" offset="0" sl="7" sc="43" el="7" ec="47" bec="0" bev="0" fileid="220" />
            </Method>
            <Method visited="true" cyclomaticComplexity="1" nPathComplexity="0" sequenceCoverage="100" branchCoverage="100" isConstructor="false" isStatic="false" isGetter="false" isSetter="true">
              <Summary numSequencePoints="1" visitedSequencePoints="1" numBranchPoints="1" visitedBranchPoints="1" sequenceCoverage="100" branchCoverage="100" maxCyclomaticComplexity="1" minCyclomaticComplexity="1" visitedClasses="0" numClasses="0" visitedMethods="1" numMethods="1" />
              <MetadataToken>100664624</MetadataToken>
              <Name>System.Void SportsWeb.Services.Configuration.StageEnvironmentDetail::set_ConfigEnvironment(System.String)</Name>
              <FileRef uid="220" />
              <SequencePoints>
                <SequencePoint vc="6" uspid="7868" ordinal="0" offset="0" sl="7" sc="48" el="7" ec="52" bec="0" bev="0" fileid="220" />
              </SequencePoints>
              <BranchPoints />
              <MethodPoint xsi:type="SequencePoint" vc="6" uspid="7868" ordinal="0" offset="0" sl="7" sc="48" el="7" ec="52" bec="0" bev="0" fileid="220" />
            </Method>
            <Method visited="true" cyclomaticComplexity="1" nPathComplexity="0" sequenceCoverage="100" branchCoverage="100" isConstructor="false" isStatic="false" isGetter="true" isSetter="false">
              <Summary numSequencePoints="1" visitedSequencePoints="1" numBranchPoints="1" visitedBranchPoints="1" sequenceCoverage="100" branchCoverage="100" maxCyclomaticComplexity="1" minCyclomaticComplexity="1" visitedClasses="0" numClasses="0" visitedMethods="1" numMethods="1" />
              <MetadataToken>100664625</MetadataToken>
              <Name>System.Int32 SportsWeb.Services.Configuration.StageEnvironmentDetail::get_Priority()</Name>
              <FileRef uid="220" />
              <SequencePoints>
                <SequencePoint vc="4" uspid="7869" ordinal="0" offset="0" sl="9" sc="31" el="9" ec="35" bec="0" bev="0" fileid="220" />
              </SequencePoints>
              <BranchPoints />
              <MethodPoint xsi:type="SequencePoint" vc="4" uspid="7869" ordinal="0" offset="0" sl="9" sc="31" el="9" ec="35" bec="0" bev="0" fileid="220" />
            </Method>
            <Method visited="true" cyclomaticComplexity="1" nPathComplexity="0" sequenceCoverage="100" branchCoverage="100" isConstructor="false" isStatic="false" isGetter="false" isSetter="true">
              <Summary numSequencePoints="1" visitedSequencePoints="1" numBranchPoints="1" visitedBranchPoints="1" sequenceCoverage="100" branchCoverage="100" maxCyclomaticComplexity="1" minCyclomaticComplexity="1" visitedClasses="0" numClasses="0" visitedMethods="1" numMethods="1" />
              <MetadataToken>100664626</MetadataToken>
              <Name>System.Void SportsWeb.Services.Configuration.StageEnvironmentDetail::set_Priority(System.Int32)</Name>
              <FileRef uid="220" />
              <SequencePoints>
                <SequencePoint vc="6" uspid="7870" ordinal="0" offset="0" sl="9" sc="36" el="9" ec="40" bec="0" bev="0" fileid="220" />
              </SequencePoints>
              <BranchPoints />
              <MethodPoint xsi:type="SequencePoint" vc="6" uspid="7870" ordinal="0" offset="0" sl="9" sc="36" el="9" ec="40" bec="0" bev="0" fileid="220" />
            </Method>
            <Method visited="true" cyclomaticComplexity="1" nPathComplexity="0" sequenceCoverage="0" branchCoverage="0" isConstructor="true" isStatic="false" isGetter="false" isSetter="false">
              <Summary numSequencePoints="0" visitedSequencePoints="0" numBranchPoints="0" visitedBranchPoints="0" sequenceCoverage="0" branchCoverage="0" maxCyclomaticComplexity="1" minCyclomaticComplexity="1" visitedClasses="0" numClasses="0" visitedMethods="0" numMethods="0" />
              <MetadataToken>100664627</MetadataToken>
              <Name>System.Void SportsWeb.Services.Configuration.StageEnvironmentDetail::.ctor()</Name>
              <SequencePoints />
              <BranchPoints />
              <MethodPoint vc="6" uspid="7871" ordinal="0" offset="0" />
            </Method>
          </Methods>
        </Class>
        <Class>
          <Summary numSequencePoints="32" visitedSequencePoints="0" numBranchPoints="6" visitedBranchPoints="0" sequenceCoverage="0" branchCoverage="0" maxCyclomaticComplexity="5" minCyclomaticComplexity="1" visitedClasses="0" numClasses="1" visitedMethods="0" numMethods="2" />
          <FullName>SportsWeb.Services.CommandHandling.DefaultCommandBus</FullName>
          <Methods>
            <Method visited="false" cyclomaticComplexity="3" nPathComplexity="2" sequenceCoverage="0" branchCoverage="0" isConstructor="false" isStatic="false" isGetter="false" isSetter="false">
              <Summary numSequencePoints="13" visitedSequencePoints="0" numBranchPoints="3" visitedBranchPoints="0" sequenceCoverage="0" branchCoverage="0" maxCyclomaticComplexity="3" minCyclomaticComplexity="3" visitedClasses="0" numClasses="0" visitedMethods="0" numMethods="1" />
              <MetadataToken>100664628</MetadataToken>
              <Name>System.Void SportsWeb.Services.CommandHandling.DefaultCommandBus::Dispatch(TCommand)</Name>
              <FileRef uid="221" />
              <SequencePoints>
                <SequencePoint vc="0" uspid="7872" ordinal="0" offset="0" sl="12" sc="9" el="12" ec="10" bec="0" bev="0" fileid="221" />
                <SequencePoint vc="0" uspid="7873" ordinal="1" offset="1" sl="13" sc="13" el="13" ec="77" bec="0" bev="0" fileid="221" />
                <SequencePoint vc="0" uspid="7874" ordinal="2" offset="7" sl="14" sc="13" el="14" ec="77" bec="0" bev="0" fileid="221" />
                <SequencePoint vc="0" uspid="7875" ordinal="3" offset="18" sl="15" sc="13" el="15" ec="126" bec="0" bev="0" fileid="221" />
                <SequencePoint vc="0" uspid="7876" ordinal="4" offset="46" sl="17" sc="13" el="17" ec="80" bec="0" bev="0" fileid="221" />
                <SequencePoint vc="0" uspid="7877" ordinal="5" offset="57" sl="18" sc="13" el="18" ec="78" bec="2" bev="0" fileid="221" />
                <SequencePoint vc="0" uspid="7878" ordinal="6" offset="71" sl="19" sc="13" el="19" ec="14" bec="0" bev="0" fileid="221" />
                <SequencePoint vc="0" uspid="7879" ordinal="7" offset="72" sl="20" sc="17" el="20" ec="115" bec="0" bev="0" fileid="221" />
                <SequencePoint vc="0" uspid="7880" ordinal="8" offset="103" sl="22" sc="13" el="22" ec="43" bec="0" bev="0" fileid="221" />
                <SequencePoint vc="0" uspid="7881" ordinal="9" offset="110" sl="23" sc="13" el="23" ec="37" bec="0" bev="0" fileid="221" />
                <SequencePoint vc="0" uspid="7882" ordinal="10" offset="118" sl="24" sc="13" el="24" ec="33" bec="0" bev="0" fileid="221" />
                <SequencePoint vc="0" uspid="7883" ordinal="11" offset="125" sl="25" sc="13" el="25" ec="43" bec="0" bev="0" fileid="221" />
                <SequencePoint vc="0" uspid="7884" ordinal="12" offset="133" sl="26" sc="9" el="26" ec="10" bec="0" bev="0" fileid="221" />
              </SequencePoints>
              <BranchPoints>
                <BranchPoint vc="0" uspid="7887" ordinal="2" offset="69" sl="18" path="0" offsetend="71" fileid="221" />
                <BranchPoint vc="0" uspid="7888" ordinal="3" offset="69" sl="18" path="1" offsetend="103" fileid="221" />
              </BranchPoints>
              <MethodPoint xsi:type="SequencePoint" vc="0" uspid="7872" ordinal="0" offset="0" sl="12" sc="9" el="12" ec="10" bec="0" bev="0" fileid="221" />
            </Method>
            <Method visited="false" cyclomaticComplexity="5" nPathComplexity="2" sequenceCoverage="0" branchCoverage="0" isConstructor="false" isStatic="false" isGetter="false" isSetter="false">
              <Summary numSequencePoints="19" visitedSequencePoints="0" numBranchPoints="3" visitedBranchPoints="0" sequenceCoverage="0" branchCoverage="0" maxCyclomaticComplexity="5" minCyclomaticComplexity="5" visitedClasses="0" numClasses="0" visitedMethods="0" numMethods="1" />
              <MetadataToken>100664629</MetadataToken>
              <Name>System.Void SportsWeb.Services.CommandHandling.DefaultCommandBus::Dispatch(System.Collections.Generic.IList`1&lt;TCommand&gt;)</Name>
              <FileRef uid="221" />
              <SequencePoints>
                <SequencePoint vc="0" uspid="7889" ordinal="0" offset="0" sl="29" sc="9" el="29" ec="10" bec="0" bev="0" fileid="221" />
                <SequencePoint vc="0" uspid="7890" ordinal="1" offset="1" sl="30" sc="13" el="30" ec="77" bec="0" bev="0" fileid="221" />
                <SequencePoint vc="0" uspid="7891" ordinal="2" offset="7" sl="31" sc="13" el="31" ec="77" bec="0" bev="0" fileid="221" />
                <SequencePoint vc="0" uspid="7892" ordinal="3" offset="18" sl="32" sc="13" el="32" ec="126" bec="0" bev="0" fileid="221" />
                <SequencePoint vc="0" uspid="7893" ordinal="4" offset="46" sl="34" sc="13" el="34" ec="80" bec="0" bev="0" fileid="221" />
                <SequencePoint vc="0" uspid="7894" ordinal="5" offset="57" sl="35" sc="13" el="35" ec="78" bec="2" bev="0" fileid="221" />
                <SequencePoint vc="0" uspid="7895" ordinal="6" offset="71" sl="36" sc="13" el="36" ec="14" bec="0" bev="0" fileid="221" />
                <SequencePoint vc="0" uspid="7896" ordinal="7" offset="72" sl="37" sc="17" el="37" ec="115" bec="0" bev="0" fileid="221" />
                <SequencePoint vc="0" uspid="7897" ordinal="8" offset="103" sl="39" sc="13" el="39" ec="43" bec="0" bev="0" fileid="221" />
                <SequencePoint vc="0" uspid="7898" ordinal="9" offset="110" sl="40" sc="13" el="40" ec="20" bec="0" bev="0" fileid="221" />
                <SequencePoint vc="0" uspid="7899" ordinal="10" offset="111" sl="40" sc="37" el="40" ec="45" bec="0" bev="0" fileid="221" />
                <SequencePoint vc="0" uspid="7900" ordinal="11" offset="121" sl="40" sc="22" el="40" ec="33" bec="0" bev="0" fileid="221" />
                <SequencePoint vc="0" uspid="7901" ordinal="12" offset="130" sl="41" sc="13" el="41" ec="14" bec="0" bev="0" fileid="221" />
                <SequencePoint vc="0" uspid="7902" ordinal="13" offset="131" sl="42" sc="17" el="42" ec="41" bec="0" bev="0" fileid="221" />
                <SequencePoint vc="0" uspid="7903" ordinal="14" offset="140" sl="43" sc="13" el="43" ec="14" bec="0" bev="0" fileid="221" />
                <SequencePoint vc="0" uspid="7904" ordinal="15" offset="141" sl="40" sc="34" el="40" ec="36" bec="0" bev="0" fileid="221" />
                <SequencePoint vc="0" uspid="7905" ordinal="16" offset="165" sl="44" sc="13" el="44" ec="33" bec="0" bev="0" fileid="221" />
                <SequencePoint vc="0" uspid="7906" ordinal="17" offset="172" sl="45" sc="13" el="45" ec="43" bec="0" bev="0" fileid="221" />
                <SequencePoint vc="0" uspid="7907" ordinal="18" offset="180" sl="46" sc="9" el="46" ec="10" bec="0" bev="0" fileid="221" />
              </SequencePoints>
              <BranchPoints>
                <BranchPoint vc="0" uspid="7910" ordinal="2" offset="69" sl="35" path="0" offsetend="71" fileid="221" />
                <BranchPoint vc="0" uspid="7911" ordinal="3" offset="69" sl="35" path="1" offsetend="103" fileid="221" />
              </BranchPoints>
              <MethodPoint xsi:type="SequencePoint" vc="0" uspid="7889" ordinal="0" offset="0" sl="29" sc="9" el="29" ec="10" bec="0" bev="0" fileid="221" />
            </Method>
            <Method visited="false" cyclomaticComplexity="1" nPathComplexity="0" sequenceCoverage="0" branchCoverage="0" isConstructor="true" isStatic="false" isGetter="false" isSetter="false">
              <Summary numSequencePoints="0" visitedSequencePoints="0" numBranchPoints="0" visitedBranchPoints="0" sequenceCoverage="0" branchCoverage="0" maxCyclomaticComplexity="1" minCyclomaticComplexity="1" visitedClasses="0" numClasses="0" visitedMethods="0" numMethods="0" />
              <MetadataToken>100664630</MetadataToken>
              <Name>System.Void SportsWeb.Services.CommandHandling.DefaultCommandBus::.ctor()</Name>
              <SequencePoints />
              <BranchPoints />
              <MethodPoint vc="0" uspid="7914" ordinal="0" offset="0" />
            </Method>
          </Methods>
        </Class>
        <Class>
          <Summary numSequencePoints="36" visitedSequencePoints="26" numBranchPoints="10" visitedBranchPoints="7" sequenceCoverage="72.22" branchCoverage="70" maxCyclomaticComplexity="4" minCyclomaticComplexity="1" visitedClasses="1" numClasses="1" visitedMethods="4" numMethods="4" />
          <FullName>SportsWeb.Services.Authentication.BearerAuthentication</FullName>
          <Methods>
            <Method visited="true" cyclomaticComplexity="1" nPathComplexity="0" sequenceCoverage="100" branchCoverage="100" isConstructor="false" isStatic="false" isGetter="false" isSetter="false">
              <Summary numSequencePoints="5" visitedSequencePoints="5" numBranchPoints="1" visitedBranchPoints="1" sequenceCoverage="100" branchCoverage="100" maxCyclomaticComplexity="1" minCyclomaticComplexity="1" visitedClasses="0" numClasses="0" visitedMethods="1" numMethods="1" />
              <MetadataToken>100664634</MetadataToken>
              <Name>Microsoft.Owin.Security.Jwt.JwtBearerAuthenticationOptions SportsWeb.Services.Authentication.BearerAuthentication::CreateBearerAuthOptions(System.String)</Name>
              <FileRef uid="222" />
              <SequencePoints>
                <SequencePoint vc="1" uspid="7915" ordinal="0" offset="6" sl="38" sc="9" el="38" ec="10" bec="0" bev="0" fileid="222" />
                <SequencePoint vc="1" uspid="7916" ordinal="1" offset="7" sl="39" sc="13" el="39" ec="60" bec="0" bev="0" fileid="222" />
                <SequencePoint vc="1" uspid="7917" ordinal="2" offset="20" sl="45" sc="13" el="58" ec="15" bec="0" bev="0" fileid="222" />
                <SequencePoint vc="1" uspid="7918" ordinal="3" offset="158" sl="60" sc="13" el="72" ec="15" bec="0" bev="0" fileid="222" />
                <SequencePoint vc="1" uspid="7919" ordinal="4" offset="228" sl="73" sc="9" el="73" ec="10" bec="0" bev="0" fileid="222" />
              </SequencePoints>
              <BranchPoints />
              <MethodPoint vc="1" uspid="7920" ordinal="0" offset="0" />
            </Method>
            <Method visited="true" cyclomaticComplexity="1" nPathComplexity="0" sequenceCoverage="100" branchCoverage="100" isConstructor="false" isStatic="false" isGetter="false" isSetter="false">
              <Summary numSequencePoints="6" visitedSequencePoints="6" numBranchPoints="1" visitedBranchPoints="1" sequenceCoverage="100" branchCoverage="100" maxCyclomaticComplexity="1" minCyclomaticComplexity="1" visitedClasses="0" numClasses="0" visitedMethods="1" numMethods="1" />
              <MetadataToken>100664635</MetadataToken>
              <Name>System.Security.Cryptography.X509Certificates.X509Certificate2 SportsWeb.Services.Authentication.BearerAuthentication::GetCertificate(System.String)</Name>
              <FileRef uid="222" />
              <SequencePoints>
                <SequencePoint vc="1" uspid="7921" ordinal="0" offset="0" sl="76" sc="9" el="76" ec="10" bec="0" bev="0" fileid="222" />
                <SequencePoint vc="1" uspid="7922" ordinal="1" offset="1" sl="77" sc="13" el="77" ec="50" bec="0" bev="0" fileid="222" />
                <SequencePoint vc="1" uspid="7923" ordinal="2" offset="9" sl="78" sc="13" el="78" ec="77" bec="0" bev="0" fileid="222" />
                <SequencePoint vc="1" uspid="7924" ordinal="3" offset="26" sl="79" sc="13" el="79" ec="56" bec="0" bev="0" fileid="222" />
                <SequencePoint vc="1" uspid="7925" ordinal="4" offset="33" sl="80" sc="13" el="80" ec="25" bec="0" bev="0" fileid="222" />
                <SequencePoint vc="1" uspid="7926" ordinal="5" offset="37" sl="81" sc="9" el="81" ec="10" bec="0" bev="0" fileid="222" />
              </SequencePoints>
              <BranchPoints />
              <MethodPoint xsi:type="SequencePoint" vc="1" uspid="7921" ordinal="0" offset="0" sl="76" sc="9" el="76" ec="10" bec="0" bev="0" fileid="222" />
            </Method>
            <Method visited="true" cyclomaticComplexity="4" nPathComplexity="8" sequenceCoverage="58.33" branchCoverage="57.14" isConstructor="false" isStatic="false" isGetter="false" isSetter="false">
              <Summary numSequencePoints="24" visitedSequencePoints="14" numBranchPoints="7" visitedBranchPoints="4" sequenceCoverage="58.33" branchCoverage="57.14" maxCyclomaticComplexity="4" minCyclomaticComplexity="4" visitedClasses="0" numClasses="0" visitedMethods="1" numMethods="1" />
              <MetadataToken>100664636</MetadataToken>
              <Name>SportsWeb.Services.Authentication.CertData SportsWeb.Services.Authentication.BearerAuthentication::GetJWKS(System.String)</Name>
              <FileRef uid="222" />
              <SequencePoints>
                <SequencePoint vc="1" uspid="7927" ordinal="0" offset="0" sl="84" sc="9" el="84" ec="10" bec="0" bev="0" fileid="222" />
                <SequencePoint vc="1" uspid="7928" ordinal="1" offset="1" sl="85" sc="13" el="85" ec="89" bec="0" bev="0" fileid="222" />
                <SequencePoint vc="1" uspid="7929" ordinal="2" offset="29" sl="86" sc="13" el="86" ec="54" bec="0" bev="0" fileid="222" />
                <SequencePoint vc="1" uspid="7930" ordinal="3" offset="36" sl="88" sc="13" el="88" ec="14" bec="0" bev="0" fileid="222" />
                <SequencePoint vc="1" uspid="7931" ordinal="4" offset="37" sl="89" sc="17" el="89" ec="90" bec="0" bev="0" fileid="222" />
                <SequencePoint vc="1" uspid="7932" ordinal="5" offset="54" sl="90" sc="17" el="90" ec="50" bec="0" bev="0" fileid="222" />
                <SequencePoint vc="1" uspid="7933" ordinal="6" offset="61" sl="91" sc="17" el="91" ec="81" bec="0" bev="0" fileid="222" />
                <SequencePoint vc="1" uspid="7934" ordinal="7" offset="69" sl="92" sc="17" el="92" ec="45" bec="2" bev="1" fileid="222" />
                <SequencePoint vc="0" uspid="7935" ordinal="8" offset="86" sl="93" sc="17" el="93" ec="18" bec="0" bev="0" fileid="222" />
                <SequencePoint vc="0" uspid="7936" ordinal="9" offset="87" sl="94" sc="21" el="94" ec="82" bec="0" bev="0" fileid="222" />
                <SequencePoint vc="1" uspid="7937" ordinal="10" offset="98" sl="96" sc="17" el="96" ec="42" bec="0" bev="0" fileid="222" />
                <SequencePoint vc="1" uspid="7938" ordinal="11" offset="109" sl="98" sc="17" el="98" ec="51" bec="2" bev="1" fileid="222" />
                <SequencePoint vc="0" uspid="7939" ordinal="12" offset="127" sl="99" sc="17" el="99" ec="18" bec="0" bev="0" fileid="222" />
                <SequencePoint vc="0" uspid="7940" ordinal="13" offset="128" sl="100" sc="21" el="100" ec="81" bec="0" bev="0" fileid="222" />
                <SequencePoint vc="1" uspid="7941" ordinal="14" offset="139" sl="103" sc="17" el="103" ec="41" bec="2" bev="1" fileid="222" />
                <SequencePoint vc="0" uspid="7942" ordinal="15" offset="156" sl="104" sc="17" el="104" ec="18" bec="0" bev="0" fileid="222" />
                <SequencePoint vc="0" uspid="7943" ordinal="16" offset="157" sl="105" sc="21" el="105" ec="81" bec="0" bev="0" fileid="222" />
                <SequencePoint vc="1" uspid="7944" ordinal="17" offset="168" sl="108" sc="17" el="108" ec="48" bec="0" bev="0" fileid="222" />
                <SequencePoint vc="1" uspid="7945" ordinal="18" offset="179" sl="109" sc="17" el="113" ec="19" bec="0" bev="0" fileid="222" />
                <SequencePoint vc="0" uspid="7946" ordinal="19" offset="211" sl="115" sc="13" el="115" ec="30" bec="0" bev="0" fileid="222" />
                <SequencePoint vc="0" uspid="7947" ordinal="20" offset="212" sl="116" sc="13" el="116" ec="14" bec="0" bev="0" fileid="222" />
                <SequencePoint vc="0" uspid="7948" ordinal="21" offset="213" sl="117" sc="17" el="117" ec="67" bec="0" bev="0" fileid="222" />
                <SequencePoint vc="0" uspid="7949" ordinal="22" offset="229" sl="118" sc="17" el="118" ec="23" bec="0" bev="0" fileid="222" />
                <SequencePoint vc="1" uspid="7950" ordinal="23" offset="231" sl="120" sc="9" el="120" ec="10" bec="0" bev="0" fileid="222" />
              </SequencePoints>
              <BranchPoints>
                <BranchPoint vc="0" uspid="7951" ordinal="0" offset="84" sl="92" path="0" offsetend="86" fileid="222" />
                <BranchPoint vc="1" uspid="7952" ordinal="1" offset="84" sl="92" path="1" offsetend="98" fileid="222" />
                <BranchPoint vc="0" uspid="7953" ordinal="2" offset="125" sl="98" path="0" offsetend="127" fileid="222" />
                <BranchPoint vc="1" uspid="7954" ordinal="3" offset="125" sl="98" path="1" offsetend="139" fileid="222" />
                <BranchPoint vc="0" uspid="7955" ordinal="4" offset="154" sl="103" path="0" offsetend="156" fileid="222" />
                <BranchPoint vc="1" uspid="7956" ordinal="5" offset="154" sl="103" path="1" offsetend="168" fileid="222" />
              </BranchPoints>
              <MethodPoint xsi:type="SequencePoint" vc="1" uspid="7927" ordinal="0" offset="0" sl="84" sc="9" el="84" ec="10" bec="0" bev="0" fileid="222" />
            </Method>
            <Method visited="true" cyclomaticComplexity="1" nPathComplexity="0" sequenceCoverage="0" branchCoverage="0" isConstructor="true" isStatic="false" isGetter="false" isSetter="false">
              <Summary numSequencePoints="0" visitedSequencePoints="0" numBranchPoints="0" visitedBranchPoints="0" sequenceCoverage="0" branchCoverage="0" maxCyclomaticComplexity="1" minCyclomaticComplexity="1" visitedClasses="0" numClasses="0" visitedMethods="0" numMethods="0" />
              <MetadataToken>100664637</MetadataToken>
              <Name>System.Void SportsWeb.Services.Authentication.BearerAuthentication::.ctor()</Name>
              <SequencePoints />
              <BranchPoints />
              <MethodPoint vc="1" uspid="7957" ordinal="0" offset="0" />
            </Method>
            <Method visited="true" cyclomaticComplexity="1" nPathComplexity="0" sequenceCoverage="100" branchCoverage="100" isConstructor="true" isStatic="true" isGetter="false" isSetter="false">
              <Summary numSequencePoints="1" visitedSequencePoints="1" numBranchPoints="1" visitedBranchPoints="1" sequenceCoverage="100" branchCoverage="100" maxCyclomaticComplexity="1" minCyclomaticComplexity="1" visitedClasses="0" numClasses="0" visitedMethods="1" numMethods="1" />
              <MetadataToken>100664638</MetadataToken>
              <Name>System.Void SportsWeb.Services.Authentication.BearerAuthentication::.cctor()</Name>
              <FileRef uid="222" />
              <SequencePoints>
                <SequencePoint vc="1" uspid="7958" ordinal="0" offset="0" sl="36" sc="9" el="36" ec="95" bec="0" bev="0" fileid="222" />
              </SequencePoints>
              <BranchPoints />
              <MethodPoint xsi:type="SequencePoint" vc="1" uspid="7958" ordinal="0" offset="0" sl="36" sc="9" el="36" ec="95" bec="0" bev="0" fileid="222" />
            </Method>
          </Methods>
        </Class>
        <Class>
          <Summary numSequencePoints="1" visitedSequencePoints="0" numBranchPoints="1" visitedBranchPoints="0" sequenceCoverage="0" branchCoverage="0" maxCyclomaticComplexity="1" minCyclomaticComplexity="1" visitedClasses="0" numClasses="1" visitedMethods="0" numMethods="1" />
          <FullName>SportsWeb.Services.Authentication.BearerAuthentication/&lt;&gt;c__DisplayClass1_0</FullName>
          <Methods>
            <Method visited="true" cyclomaticComplexity="1" nPathComplexity="0" sequenceCoverage="0" branchCoverage="0" isConstructor="true" isStatic="false" isGetter="false" isSetter="false">
              <Summary numSequencePoints="0" visitedSequencePoints="0" numBranchPoints="0" visitedBranchPoints="0" sequenceCoverage="0" branchCoverage="0" maxCyclomaticComplexity="1" minCyclomaticComplexity="1" visitedClasses="0" numClasses="0" visitedMethods="0" numMethods="0" />
              <MetadataToken>100667091</MetadataToken>
              <Name>System.Void SportsWeb.Services.Authentication.BearerAuthentication/&lt;&gt;c__DisplayClass1_0::.ctor()</Name>
              <SequencePoints />
              <BranchPoints />
              <MethodPoint vc="1" uspid="7959" ordinal="0" offset="0" />
            </Method>
            <Method visited="false" cyclomaticComplexity="1" nPathComplexity="0" sequenceCoverage="0" branchCoverage="0" isConstructor="false" isStatic="false" isGetter="false" isSetter="false">
              <Summary numSequencePoints="1" visitedSequencePoints="0" numBranchPoints="1" visitedBranchPoints="0" sequenceCoverage="0" branchCoverage="0" maxCyclomaticComplexity="1" minCyclomaticComplexity="1" visitedClasses="0" numClasses="0" visitedMethods="0" numMethods="1" />
              <MetadataToken>100667092</MetadataToken>
              <Name>System.Collections.Generic.IEnumerable`1&lt;Microsoft.IdentityModel.Tokens.SecurityKey&gt; SportsWeb.Services.Authentication.BearerAuthentication/&lt;&gt;c__DisplayClass1_0::&lt;CreateBearerAuthOptions&gt;b__0(System.String,Microsoft.IdentityModel.Tokens.SecurityToken,System.String,Microsoft.IdentityModel.Tokens.TokenValidationParameters)</Name>
              <FileRef uid="222" />
              <SequencePoints>
                <SequencePoint vc="0" uspid="7960" ordinal="0" offset="0" sl="48" sc="87" el="48" ec="147" bec="0" bev="0" fileid="222" />
              </SequencePoints>
              <BranchPoints />
              <MethodPoint xsi:type="SequencePoint" vc="0" uspid="7960" ordinal="0" offset="0" sl="48" sc="87" el="48" ec="147" bec="0" bev="0" fileid="222" />
            </Method>
          </Methods>
        </Class>
        <Class>
          <Summary numSequencePoints="13" visitedSequencePoints="0" numBranchPoints="7" visitedBranchPoints="0" sequenceCoverage="0" branchCoverage="0" maxCyclomaticComplexity="6" minCyclomaticComplexity="1" visitedClasses="0" numClasses="1" visitedMethods="0" numMethods="1" />
          <FullName>SportsWeb.Services.Authentication.EnforceHttpsHandler</FullName>
          <Methods>
            <Method visited="false" cyclomaticComplexity="6" nPathComplexity="8" sequenceCoverage="0" branchCoverage="0" isConstructor="false" isStatic="false" isGetter="false" isSetter="false">
              <Summary numSequencePoints="13" visitedSequencePoints="0" numBranchPoints="7" visitedBranchPoints="0" sequenceCoverage="0" branchCoverage="0" maxCyclomaticComplexity="6" minCyclomaticComplexity="6" visitedClasses="0" numClasses="0" visitedMethods="0" numMethods="1" />
              <MetadataToken>100664639</MetadataToken>
              <Name>System.Threading.Tasks.Task`1&lt;System.Net.Http.HttpResponseMessage&gt; SportsWeb.Services.Authentication.EnforceHttpsHandler::SendAsync(System.Net.Http.HttpRequestMessage,System.Threading.CancellationToken)</Name>
              <FileRef uid="224" />
              <SequencePoints>
                <SequencePoint vc="0" uspid="7961" ordinal="0" offset="0" sl="13" sc="9" el="13" ec="10" bec="0" bev="0" fileid="224" />
                <SequencePoint vc="0" uspid="7962" ordinal="1" offset="1" sl="16" sc="13" el="16" ec="93" bec="2" bev="0" fileid="224" />
                <SequencePoint vc="0" uspid="7963" ordinal="2" offset="23" sl="17" sc="13" el="17" ec="14" bec="0" bev="0" fileid="224" />
                <SequencePoint vc="0" uspid="7964" ordinal="3" offset="24" sl="18" sc="17" el="18" ec="80" bec="0" bev="0" fileid="224" />
                <SequencePoint vc="0" uspid="7965" ordinal="4" offset="31" sl="20" sc="17" el="20" ec="80" bec="2" bev="0" fileid="224" />
                <SequencePoint vc="0" uspid="7966" ordinal="5" offset="52" sl="21" sc="17" el="21" ec="18" bec="0" bev="0" fileid="224" />
                <SequencePoint vc="0" uspid="7967" ordinal="6" offset="53" sl="22" sc="21" el="22" ec="71" bec="0" bev="0" fileid="224" />
                <SequencePoint vc="0" uspid="7968" ordinal="7" offset="65" sl="24" sc="13" el="24" ec="14" bec="0" bev="0" fileid="224" />
                <SequencePoint vc="0" uspid="7969" ordinal="8" offset="66" sl="27" sc="13" el="27" ec="65" bec="2" bev="0" fileid="224" />
                <SequencePoint vc="0" uspid="7970" ordinal="9" offset="93" sl="28" sc="13" el="28" ec="14" bec="0" bev="0" fileid="224" />
                <SequencePoint vc="0" uspid="7971" ordinal="10" offset="94" sl="29" sc="17" el="38" ec="24" bec="0" bev="0" fileid="224" />
                <SequencePoint vc="0" uspid="7972" ordinal="11" offset="139" sl="41" sc="13" el="41" ec="63" bec="0" bev="0" fileid="224" />
                <SequencePoint vc="0" uspid="7973" ordinal="12" offset="151" sl="42" sc="9" el="42" ec="10" bec="0" bev="0" fileid="224" />
              </SequencePoints>
              <BranchPoints>
                <BranchPoint vc="0" uspid="7974" ordinal="0" offset="21" sl="16" path="0" offsetend="23" fileid="224" />
                <BranchPoint vc="0" uspid="7975" ordinal="1" offset="21" sl="16" path="1" offsetend="66" fileid="224" />
                <BranchPoint vc="0" uspid="7978" ordinal="4" offset="50" sl="20" path="0" offsetend="52" fileid="224" />
                <BranchPoint vc="0" uspid="7979" ordinal="5" offset="50" sl="20" path="1" offsetend="65" fileid="224" />
                <BranchPoint vc="0" uspid="7980" ordinal="6" offset="91" sl="27" path="0" offsetend="93" fileid="224" />
                <BranchPoint vc="0" uspid="7981" ordinal="7" offset="91" sl="27" path="1" offsetend="139" fileid="224" />
              </BranchPoints>
              <MethodPoint xsi:type="SequencePoint" vc="0" uspid="7961" ordinal="0" offset="0" sl="13" sc="9" el="13" ec="10" bec="0" bev="0" fileid="224" />
            </Method>
            <Method visited="false" cyclomaticComplexity="1" nPathComplexity="0" sequenceCoverage="0" branchCoverage="0" isConstructor="true" isStatic="false" isGetter="false" isSetter="false">
              <Summary numSequencePoints="0" visitedSequencePoints="0" numBranchPoints="0" visitedBranchPoints="0" sequenceCoverage="0" branchCoverage="0" maxCyclomaticComplexity="1" minCyclomaticComplexity="1" visitedClasses="0" numClasses="0" visitedMethods="0" numMethods="0" />
              <MetadataToken>100664640</MetadataToken>
              <Name>System.Void SportsWeb.Services.Authentication.EnforceHttpsHandler::.ctor()</Name>
              <SequencePoints />
              <BranchPoints />
              <MethodPoint vc="0" uspid="7984" ordinal="0" offset="0" />
            </Method>
          </Methods>
        </Class>
        <Class>
          <Summary numSequencePoints="4" visitedSequencePoints="0" numBranchPoints="1" visitedBranchPoints="0" sequenceCoverage="0" branchCoverage="0" maxCyclomaticComplexity="1" minCyclomaticComplexity="1" visitedClasses="0" numClasses="1" visitedMethods="0" numMethods="1" />
          <FullName>SportsWeb.Services.Authentication.EnforceHttpsHandler/&lt;&gt;c</FullName>
          <Methods>
            <Method visited="false" cyclomaticComplexity="1" nPathComplexity="0" sequenceCoverage="0" branchCoverage="0" isConstructor="true" isStatic="true" isGetter="false" isSetter="false">
              <Summary numSequencePoints="0" visitedSequencePoints="0" numBranchPoints="0" visitedBranchPoints="0" sequenceCoverage="0" branchCoverage="0" maxCyclomaticComplexity="1" minCyclomaticComplexity="1" visitedClasses="0" numClasses="0" visitedMethods="0" numMethods="0" />
              <MetadataToken>100667093</MetadataToken>
              <Name>System.Void SportsWeb.Services.Authentication.EnforceHttpsHandler/&lt;&gt;c::.cctor()</Name>
              <SequencePoints />
              <BranchPoints />
              <MethodPoint vc="0" uspid="7985" ordinal="0" offset="0" />
            </Method>
            <Method visited="false" cyclomaticComplexity="1" nPathComplexity="0" sequenceCoverage="0" branchCoverage="0" isConstructor="true" isStatic="false" isGetter="false" isSetter="false">
              <Summary numSequencePoints="0" visitedSequencePoints="0" numBranchPoints="0" visitedBranchPoints="0" sequenceCoverage="0" branchCoverage="0" maxCyclomaticComplexity="1" minCyclomaticComplexity="1" visitedClasses="0" numClasses="0" visitedMethods="0" numMethods="0" />
              <MetadataToken>100667094</MetadataToken>
              <Name>System.Void SportsWeb.Services.Authentication.EnforceHttpsHandler/&lt;&gt;c::.ctor()</Name>
              <SequencePoints />
              <BranchPoints />
              <MethodPoint vc="0" uspid="7986" ordinal="0" offset="0" />
            </Method>
            <Method visited="false" cyclomaticComplexity="1" nPathComplexity="0" sequenceCoverage="0" branchCoverage="0" isConstructor="false" isStatic="false" isGetter="false" isSetter="false">
              <Summary numSequencePoints="4" visitedSequencePoints="0" numBranchPoints="1" visitedBranchPoints="0" sequenceCoverage="0" branchCoverage="0" maxCyclomaticComplexity="1" minCyclomaticComplexity="1" visitedClasses="0" numClasses="0" visitedMethods="0" numMethods="1" />
              <MetadataToken>100667095</MetadataToken>
              <Name>System.Net.Http.HttpResponseMessage SportsWeb.Services.Authentication.EnforceHttpsHandler/&lt;&gt;c::&lt;SendAsync&gt;b__0_0()</Name>
              <FileRef uid="224" />
              <SequencePoints>
                <SequencePoint vc="0" uspid="7987" ordinal="0" offset="0" sl="31" sc="21" el="31" ec="22" bec="0" bev="0" fileid="224" />
                <SequencePoint vc="0" uspid="7988" ordinal="1" offset="1" sl="32" sc="25" el="35" ec="27" bec="0" bev="0" fileid="224" />
                <SequencePoint vc="0" uspid="7989" ordinal="2" offset="29" sl="37" sc="25" el="37" ec="41" bec="0" bev="0" fileid="224" />
                <SequencePoint vc="0" uspid="7990" ordinal="3" offset="33" sl="38" sc="21" el="38" ec="22" bec="0" bev="0" fileid="224" />
              </SequencePoints>
              <BranchPoints />
              <MethodPoint xsi:type="SequencePoint" vc="0" uspid="7987" ordinal="0" offset="0" sl="31" sc="21" el="31" ec="22" bec="0" bev="0" fileid="224" />
            </Method>
          </Methods>
        </Class>
        <Class>
          <Summary numSequencePoints="2" visitedSequencePoints="2" numBranchPoints="2" visitedBranchPoints="2" sequenceCoverage="100" branchCoverage="100" maxCyclomaticComplexity="1" minCyclomaticComplexity="1" visitedClasses="1" numClasses="1" visitedMethods="2" numMethods="2" />
          <FullName>SportsWeb.Services.Authentication.JwksKeySet</FullName>
          <Methods>
            <Method visited="true" cyclomaticComplexity="1" nPathComplexity="0" sequenceCoverage="100" branchCoverage="100" isConstructor="false" isStatic="false" isGetter="true" isSetter="false">
              <Summary numSequencePoints="1" visitedSequencePoints="1" numBranchPoints="1" visitedBranchPoints="1" sequenceCoverage="100" branchCoverage="100" maxCyclomaticComplexity="1" minCyclomaticComplexity="1" visitedClasses="0" numClasses="0" visitedMethods="1" numMethods="1" />
              <MetadataToken>100664641</MetadataToken>
              <Name>SportsWeb.Services.Authentication.JwksKey[] SportsWeb.Services.Authentication.JwksKeySet::get_keys()</Name>
              <FileRef uid="226" />
              <SequencePoints>
                <SequencePoint vc="3" uspid="7991" ordinal="0" offset="0" sl="5" sc="33" el="5" ec="37" bec="0" bev="0" fileid="226" />
              </SequencePoints>
              <BranchPoints />
              <MethodPoint xsi:type="SequencePoint" vc="3" uspid="7991" ordinal="0" offset="0" sl="5" sc="33" el="5" ec="37" bec="0" bev="0" fileid="226" />
            </Method>
            <Method visited="true" cyclomaticComplexity="1" nPathComplexity="0" sequenceCoverage="100" branchCoverage="100" isConstructor="false" isStatic="false" isGetter="false" isSetter="true">
              <Summary numSequencePoints="1" visitedSequencePoints="1" numBranchPoints="1" visitedBranchPoints="1" sequenceCoverage="100" branchCoverage="100" maxCyclomaticComplexity="1" minCyclomaticComplexity="1" visitedClasses="0" numClasses="0" visitedMethods="1" numMethods="1" />
              <MetadataToken>100664642</MetadataToken>
              <Name>System.Void SportsWeb.Services.Authentication.JwksKeySet::set_keys(SportsWeb.Services.Authentication.JwksKey[])</Name>
              <FileRef uid="226" />
              <SequencePoints>
                <SequencePoint vc="1" uspid="7992" ordinal="0" offset="0" sl="5" sc="38" el="5" ec="42" bec="0" bev="0" fileid="226" />
              </SequencePoints>
              <BranchPoints />
              <MethodPoint xsi:type="SequencePoint" vc="1" uspid="7992" ordinal="0" offset="0" sl="5" sc="38" el="5" ec="42" bec="0" bev="0" fileid="226" />
            </Method>
            <Method visited="true" cyclomaticComplexity="1" nPathComplexity="0" sequenceCoverage="0" branchCoverage="0" isConstructor="true" isStatic="false" isGetter="false" isSetter="false">
              <Summary numSequencePoints="0" visitedSequencePoints="0" numBranchPoints="0" visitedBranchPoints="0" sequenceCoverage="0" branchCoverage="0" maxCyclomaticComplexity="1" minCyclomaticComplexity="1" visitedClasses="0" numClasses="0" visitedMethods="0" numMethods="0" />
              <MetadataToken>100664643</MetadataToken>
              <Name>System.Void SportsWeb.Services.Authentication.JwksKeySet::.ctor()</Name>
              <SequencePoints />
              <BranchPoints />
              <MethodPoint vc="1" uspid="7993" ordinal="0" offset="0" />
            </Method>
          </Methods>
        </Class>
        <Class>
          <Summary numSequencePoints="4" visitedSequencePoints="4" numBranchPoints="4" visitedBranchPoints="4" sequenceCoverage="100" branchCoverage="100" maxCyclomaticComplexity="1" minCyclomaticComplexity="1" visitedClasses="1" numClasses="1" visitedMethods="4" numMethods="4" />
          <FullName>SportsWeb.Services.Authentication.JwksKey</FullName>
          <Methods>
            <Method visited="true" cyclomaticComplexity="1" nPathComplexity="0" sequenceCoverage="100" branchCoverage="100" isConstructor="false" isStatic="false" isGetter="true" isSetter="false">
              <Summary numSequencePoints="1" visitedSequencePoints="1" numBranchPoints="1" visitedBranchPoints="1" sequenceCoverage="100" branchCoverage="100" maxCyclomaticComplexity="1" minCyclomaticComplexity="1" visitedClasses="0" numClasses="0" visitedMethods="1" numMethods="1" />
              <MetadataToken>100664644</MetadataToken>
              <Name>System.String[] SportsWeb.Services.Authentication.JwksKey::get_x5c()</Name>
              <FileRef uid="226" />
              <SequencePoints>
                <SequencePoint vc="3" uspid="7994" ordinal="0" offset="0" sl="10" sc="31" el="10" ec="35" bec="0" bev="0" fileid="226" />
              </SequencePoints>
              <BranchPoints />
              <MethodPoint xsi:type="SequencePoint" vc="3" uspid="7994" ordinal="0" offset="0" sl="10" sc="31" el="10" ec="35" bec="0" bev="0" fileid="226" />
            </Method>
            <Method visited="true" cyclomaticComplexity="1" nPathComplexity="0" sequenceCoverage="100" branchCoverage="100" isConstructor="false" isStatic="false" isGetter="false" isSetter="true">
              <Summary numSequencePoints="1" visitedSequencePoints="1" numBranchPoints="1" visitedBranchPoints="1" sequenceCoverage="100" branchCoverage="100" maxCyclomaticComplexity="1" minCyclomaticComplexity="1" visitedClasses="0" numClasses="0" visitedMethods="1" numMethods="1" />
              <MetadataToken>100664645</MetadataToken>
              <Name>System.Void SportsWeb.Services.Authentication.JwksKey::set_x5c(System.String[])</Name>
              <FileRef uid="226" />
              <SequencePoints>
                <SequencePoint vc="1" uspid="7995" ordinal="0" offset="0" sl="10" sc="36" el="10" ec="40" bec="0" bev="0" fileid="226" />
              </SequencePoints>
              <BranchPoints />
              <MethodPoint xsi:type="SequencePoint" vc="1" uspid="7995" ordinal="0" offset="0" sl="10" sc="36" el="10" ec="40" bec="0" bev="0" fileid="226" />
            </Method>
            <Method visited="true" cyclomaticComplexity="1" nPathComplexity="0" sequenceCoverage="100" branchCoverage="100" isConstructor="false" isStatic="false" isGetter="true" isSetter="false">
              <Summary numSequencePoints="1" visitedSequencePoints="1" numBranchPoints="1" visitedBranchPoints="1" sequenceCoverage="100" branchCoverage="100" maxCyclomaticComplexity="1" minCyclomaticComplexity="1" visitedClasses="0" numClasses="0" visitedMethods="1" numMethods="1" />
              <MetadataToken>100664646</MetadataToken>
              <Name>System.String SportsWeb.Services.Authentication.JwksKey::get_kid()</Name>
              <FileRef uid="226" />
              <SequencePoints>
                <SequencePoint vc="2" uspid="7996" ordinal="0" offset="0" sl="11" sc="29" el="11" ec="33" bec="0" bev="0" fileid="226" />
              </SequencePoints>
              <BranchPoints />
              <MethodPoint xsi:type="SequencePoint" vc="2" uspid="7996" ordinal="0" offset="0" sl="11" sc="29" el="11" ec="33" bec="0" bev="0" fileid="226" />
            </Method>
            <Method visited="true" cyclomaticComplexity="1" nPathComplexity="0" sequenceCoverage="100" branchCoverage="100" isConstructor="false" isStatic="false" isGetter="false" isSetter="true">
              <Summary numSequencePoints="1" visitedSequencePoints="1" numBranchPoints="1" visitedBranchPoints="1" sequenceCoverage="100" branchCoverage="100" maxCyclomaticComplexity="1" minCyclomaticComplexity="1" visitedClasses="0" numClasses="0" visitedMethods="1" numMethods="1" />
              <MetadataToken>100664647</MetadataToken>
              <Name>System.Void SportsWeb.Services.Authentication.JwksKey::set_kid(System.String)</Name>
              <FileRef uid="226" />
              <SequencePoints>
                <SequencePoint vc="1" uspid="7997" ordinal="0" offset="0" sl="11" sc="34" el="11" ec="38" bec="0" bev="0" fileid="226" />
              </SequencePoints>
              <BranchPoints />
              <MethodPoint xsi:type="SequencePoint" vc="1" uspid="7997" ordinal="0" offset="0" sl="11" sc="34" el="11" ec="38" bec="0" bev="0" fileid="226" />
            </Method>
            <Method visited="true" cyclomaticComplexity="1" nPathComplexity="0" sequenceCoverage="0" branchCoverage="0" isConstructor="true" isStatic="false" isGetter="false" isSetter="false">
              <Summary numSequencePoints="0" visitedSequencePoints="0" numBranchPoints="0" visitedBranchPoints="0" sequenceCoverage="0" branchCoverage="0" maxCyclomaticComplexity="1" minCyclomaticComplexity="1" visitedClasses="0" numClasses="0" visitedMethods="0" numMethods="0" />
              <MetadataToken>100664648</MetadataToken>
              <Name>System.Void SportsWeb.Services.Authentication.JwksKey::.ctor()</Name>
              <SequencePoints />
              <BranchPoints />
              <MethodPoint vc="1" uspid="7998" ordinal="0" offset="0" />
            </Method>
          </Methods>
        </Class>
        <Class>
          <Summary numSequencePoints="4" visitedSequencePoints="3" numBranchPoints="4" visitedBranchPoints="3" sequenceCoverage="75" branchCoverage="75" maxCyclomaticComplexity="1" minCyclomaticComplexity="1" visitedClasses="1" numClasses="1" visitedMethods="3" numMethods="4" />
          <FullName>SportsWeb.Services.Authentication.CertData</FullName>
          <Methods>
            <Method visited="false" cyclomaticComplexity="1" nPathComplexity="0" sequenceCoverage="0" branchCoverage="0" isConstructor="false" isStatic="false" isGetter="true" isSetter="false">
              <Summary numSequencePoints="1" visitedSequencePoints="0" numBranchPoints="1" visitedBranchPoints="0" sequenceCoverage="0" branchCoverage="0" maxCyclomaticComplexity="1" minCyclomaticComplexity="1" visitedClasses="0" numClasses="0" visitedMethods="0" numMethods="1" />
              <MetadataToken>100664649</MetadataToken>
              <Name>System.String SportsWeb.Services.Authentication.CertData::get_Kid()</Name>
              <FileRef uid="226" />
              <SequencePoints>
                <SequencePoint vc="0" uspid="7999" ordinal="0" offset="0" sl="16" sc="29" el="16" ec="33" bec="0" bev="0" fileid="226" />
              </SequencePoints>
              <BranchPoints />
              <MethodPoint xsi:type="SequencePoint" vc="0" uspid="7999" ordinal="0" offset="0" sl="16" sc="29" el="16" ec="33" bec="0" bev="0" fileid="226" />
            </Method>
            <Method visited="true" cyclomaticComplexity="1" nPathComplexity="0" sequenceCoverage="100" branchCoverage="100" isConstructor="false" isStatic="false" isGetter="false" isSetter="true">
              <Summary numSequencePoints="1" visitedSequencePoints="1" numBranchPoints="1" visitedBranchPoints="1" sequenceCoverage="100" branchCoverage="100" maxCyclomaticComplexity="1" minCyclomaticComplexity="1" visitedClasses="0" numClasses="0" visitedMethods="1" numMethods="1" />
              <MetadataToken>100664650</MetadataToken>
              <Name>System.Void SportsWeb.Services.Authentication.CertData::set_Kid(System.String)</Name>
              <FileRef uid="226" />
              <SequencePoints>
                <SequencePoint vc="1" uspid="8000" ordinal="0" offset="0" sl="16" sc="34" el="16" ec="38" bec="0" bev="0" fileid="226" />
              </SequencePoints>
              <BranchPoints />
              <MethodPoint xsi:type="SequencePoint" vc="1" uspid="8000" ordinal="0" offset="0" sl="16" sc="34" el="16" ec="38" bec="0" bev="0" fileid="226" />
            </Method>
            <Method visited="true" cyclomaticComplexity="1" nPathComplexity="0" sequenceCoverage="100" branchCoverage="100" isConstructor="false" isStatic="false" isGetter="true" isSetter="false">
              <Summary numSequencePoints="1" visitedSequencePoints="1" numBranchPoints="1" visitedBranchPoints="1" sequenceCoverage="100" branchCoverage="100" maxCyclomaticComplexity="1" minCyclomaticComplexity="1" visitedClasses="0" numClasses="0" visitedMethods="1" numMethods="1" />
              <MetadataToken>100664651</MetadataToken>
              <Name>System.String SportsWeb.Services.Authentication.CertData::get_PublicKey()</Name>
              <FileRef uid="226" />
              <SequencePoints>
                <SequencePoint vc="1" uspid="8001" ordinal="0" offset="0" sl="17" sc="35" el="17" ec="39" bec="0" bev="0" fileid="226" />
              </SequencePoints>
              <BranchPoints />
              <MethodPoint xsi:type="SequencePoint" vc="1" uspid="8001" ordinal="0" offset="0" sl="17" sc="35" el="17" ec="39" bec="0" bev="0" fileid="226" />
            </Method>
            <Method visited="true" cyclomaticComplexity="1" nPathComplexity="0" sequenceCoverage="100" branchCoverage="100" isConstructor="false" isStatic="false" isGetter="false" isSetter="true">
              <Summary numSequencePoints="1" visitedSequencePoints="1" numBranchPoints="1" visitedBranchPoints="1" sequenceCoverage="100" branchCoverage="100" maxCyclomaticComplexity="1" minCyclomaticComplexity="1" visitedClasses="0" numClasses="0" visitedMethods="1" numMethods="1" />
              <MetadataToken>100664652</MetadataToken>
              <Name>System.Void SportsWeb.Services.Authentication.CertData::set_PublicKey(System.String)</Name>
              <FileRef uid="226" />
              <SequencePoints>
                <SequencePoint vc="1" uspid="8002" ordinal="0" offset="0" sl="17" sc="40" el="17" ec="44" bec="0" bev="0" fileid="226" />
              </SequencePoints>
              <BranchPoints />
              <MethodPoint xsi:type="SequencePoint" vc="1" uspid="8002" ordinal="0" offset="0" sl="17" sc="40" el="17" ec="44" bec="0" bev="0" fileid="226" />
            </Method>
            <Method visited="true" cyclomaticComplexity="1" nPathComplexity="0" sequenceCoverage="0" branchCoverage="0" isConstructor="true" isStatic="false" isGetter="false" isSetter="false">
              <Summary numSequencePoints="0" visitedSequencePoints="0" numBranchPoints="0" visitedBranchPoints="0" sequenceCoverage="0" branchCoverage="0" maxCyclomaticComplexity="1" minCyclomaticComplexity="1" visitedClasses="0" numClasses="0" visitedMethods="0" numMethods="0" />
              <MetadataToken>100664653</MetadataToken>
              <Name>System.Void SportsWeb.Services.Authentication.CertData::.ctor()</Name>
              <SequencePoints />
              <BranchPoints />
              <MethodPoint vc="1" uspid="8003" ordinal="0" offset="0" />
            </Method>
          </Methods>
        </Class>
        <Class>
          <Summary numSequencePoints="11" visitedSequencePoints="0" numBranchPoints="3" visitedBranchPoints="0" sequenceCoverage="0" branchCoverage="0" maxCyclomaticComplexity="1" minCyclomaticComplexity="1" visitedClasses="0" numClasses="1" visitedMethods="0" numMethods="3" />
          <FullName>SportsWeb.Services.Authentication.PermissionsEvaluator`1</FullName>
          <Methods>
            <Method visited="false" cyclomaticComplexity="1" nPathComplexity="0" sequenceCoverage="0" branchCoverage="0" isConstructor="true" isStatic="false" isGetter="false" isSetter="false">
              <Summary numSequencePoints="4" visitedSequencePoints="0" numBranchPoints="1" visitedBranchPoints="0" sequenceCoverage="0" branchCoverage="0" maxCyclomaticComplexity="1" minCyclomaticComplexity="1" visitedClasses="0" numClasses="0" visitedMethods="0" numMethods="1" />
              <MetadataToken>100664656</MetadataToken>
              <Name>System.Void SportsWeb.Services.Authentication.PermissionsEvaluator`1::.ctor(SportsWeb.Services.Authentication.IGetRolePermissions`1&lt;T&gt;)</Name>
              <FileRef uid="229" />
              <SequencePoints>
                <SequencePoint vc="0" uspid="8004" ordinal="0" offset="0" sl="17" sc="9" el="17" ec="82" bec="0" bev="0" fileid="229" />
                <SequencePoint vc="0" uspid="8005" ordinal="1" offset="7" sl="18" sc="9" el="18" ec="10" bec="0" bev="0" fileid="229" />
                <SequencePoint vc="0" uspid="8006" ordinal="2" offset="8" sl="19" sc="13" el="19" ec="64" bec="0" bev="0" fileid="229" />
                <SequencePoint vc="0" uspid="8007" ordinal="3" offset="15" sl="20" sc="9" el="20" ec="10" bec="0" bev="0" fileid="229" />
              </SequencePoints>
              <BranchPoints />
              <MethodPoint xsi:type="SequencePoint" vc="0" uspid="8004" ordinal="0" offset="0" sl="17" sc="9" el="17" ec="82" bec="0" bev="0" fileid="229" />
            </Method>
            <Method visited="false" cyclomaticComplexity="1" nPathComplexity="0" sequenceCoverage="0" branchCoverage="0" isConstructor="false" isStatic="false" isGetter="false" isSetter="false">
              <Summary numSequencePoints="4" visitedSequencePoints="0" numBranchPoints="1" visitedBranchPoints="0" sequenceCoverage="0" branchCoverage="0" maxCyclomaticComplexity="1" minCyclomaticComplexity="1" visitedClasses="0" numClasses="0" visitedMethods="0" numMethods="1" />
              <MetadataToken>100664657</MetadataToken>
              <Name>System.Boolean SportsWeb.Services.Authentication.PermissionsEvaluator`1::HasPermission(T,System.String)</Name>
              <FileRef uid="229" />
              <SequencePoints>
                <SequencePoint vc="0" uspid="8008" ordinal="0" offset="0" sl="23" sc="9" el="23" ec="10" bec="0" bev="0" fileid="229" />
                <SequencePoint vc="0" uspid="8009" ordinal="1" offset="1" sl="24" sc="13" el="24" ec="77" bec="0" bev="0" fileid="229" />
                <SequencePoint vc="0" uspid="8010" ordinal="2" offset="14" sl="25" sc="13" el="25" ec="53" bec="0" bev="0" fileid="229" />
                <SequencePoint vc="0" uspid="8011" ordinal="3" offset="24" sl="26" sc="9" el="26" ec="10" bec="0" bev="0" fileid="229" />
              </SequencePoints>
              <BranchPoints />
              <MethodPoint xsi:type="SequencePoint" vc="0" uspid="8008" ordinal="0" offset="0" sl="23" sc="9" el="23" ec="10" bec="0" bev="0" fileid="229" />
            </Method>
            <Method visited="false" cyclomaticComplexity="1" nPathComplexity="0" sequenceCoverage="0" branchCoverage="0" isConstructor="false" isStatic="false" isGetter="false" isSetter="false">
              <Summary numSequencePoints="3" visitedSequencePoints="0" numBranchPoints="1" visitedBranchPoints="0" sequenceCoverage="0" branchCoverage="0" maxCyclomaticComplexity="1" minCyclomaticComplexity="1" visitedClasses="0" numClasses="0" visitedMethods="0" numMethods="1" />
              <MetadataToken>100664658</MetadataToken>
              <Name>System.Boolean SportsWeb.Services.Authentication.PermissionsEvaluator`1::HasAnyPermission(System.Collections.Generic.IEnumerable`1&lt;T&gt;,System.String)</Name>
              <FileRef uid="229" />
              <SequencePoints>
                <SequencePoint vc="0" uspid="8012" ordinal="0" offset="20" sl="29" sc="9" el="29" ec="10" bec="0" bev="0" fileid="229" />
                <SequencePoint vc="0" uspid="8013" ordinal="1" offset="21" sl="30" sc="13" el="30" ec="71" bec="0" bev="0" fileid="229" />
                <SequencePoint vc="0" uspid="8014" ordinal="2" offset="42" sl="31" sc="9" el="31" ec="10" bec="0" bev="0" fileid="229" />
              </SequencePoints>
              <BranchPoints />
              <MethodPoint vc="0" uspid="8015" ordinal="0" offset="0" />
            </Method>
          </Methods>
        </Class>
        <Class>
          <Summary numSequencePoints="1" visitedSequencePoints="0" numBranchPoints="1" visitedBranchPoints="0" sequenceCoverage="0" branchCoverage="0" maxCyclomaticComplexity="1" minCyclomaticComplexity="1" visitedClasses="0" numClasses="1" visitedMethods="0" numMethods="1" />
          <FullName>SportsWeb.Services.Authentication.PermissionsEvaluator`1/&lt;&gt;c__DisplayClass3_0</FullName>
          <Methods>
            <Method visited="false" cyclomaticComplexity="1" nPathComplexity="0" sequenceCoverage="0" branchCoverage="0" isConstructor="true" isStatic="false" isGetter="false" isSetter="false">
              <Summary numSequencePoints="0" visitedSequencePoints="0" numBranchPoints="0" visitedBranchPoints="0" sequenceCoverage="0" branchCoverage="0" maxCyclomaticComplexity="1" minCyclomaticComplexity="1" visitedClasses="0" numClasses="0" visitedMethods="0" numMethods="0" />
              <MetadataToken>100667096</MetadataToken>
              <Name>System.Void SportsWeb.Services.Authentication.PermissionsEvaluator`1/&lt;&gt;c__DisplayClass3_0::.ctor()</Name>
              <SequencePoints />
              <BranchPoints />
              <MethodPoint vc="0" uspid="8016" ordinal="0" offset="0" />
            </Method>
            <Method visited="false" cyclomaticComplexity="1" nPathComplexity="0" sequenceCoverage="0" branchCoverage="0" isConstructor="false" isStatic="false" isGetter="false" isSetter="false">
              <Summary numSequencePoints="1" visitedSequencePoints="0" numBranchPoints="1" visitedBranchPoints="0" sequenceCoverage="0" branchCoverage="0" maxCyclomaticComplexity="1" minCyclomaticComplexity="1" visitedClasses="0" numClasses="0" visitedMethods="0" numMethods="1" />
              <MetadataToken>100667097</MetadataToken>
              <Name>System.Boolean SportsWeb.Services.Authentication.PermissionsEvaluator`1/&lt;&gt;c__DisplayClass3_0::&lt;HasAnyPermission&gt;b__0(T)</Name>
              <FileRef uid="229" />
              <SequencePoints>
                <SequencePoint vc="0" uspid="8017" ordinal="0" offset="0" sl="30" sc="38" el="30" ec="69" bec="0" bev="0" fileid="229" />
              </SequencePoints>
              <BranchPoints />
              <MethodPoint xsi:type="SequencePoint" vc="0" uspid="8017" ordinal="0" offset="0" sl="30" sc="38" el="30" ec="69" bec="0" bev="0" fileid="229" />
            </Method>
          </Methods>
        </Class>
        <Class>
          <Summary numSequencePoints="25" visitedSequencePoints="24" numBranchPoints="13" visitedBranchPoints="8" sequenceCoverage="96" branchCoverage="61.54" maxCyclomaticComplexity="6" minCyclomaticComplexity="3" visitedClasses="1" numClasses="1" visitedMethods="3" numMethods="3" />
          <FullName>SportsWeb.Services.Authentication.PrincipalHelper</FullName>
          <Methods>
            <Method visited="true" cyclomaticComplexity="6" nPathComplexity="4" sequenceCoverage="93.75" branchCoverage="60" isConstructor="false" isStatic="true" isGetter="false" isSetter="false">
              <Summary numSequencePoints="16" visitedSequencePoints="15" numBranchPoints="5" visitedBranchPoints="3" sequenceCoverage="93.75" branchCoverage="60" maxCyclomaticComplexity="6" minCyclomaticComplexity="6" visitedClasses="0" numClasses="0" visitedMethods="1" numMethods="1" />
              <MetadataToken>100664659</MetadataToken>
              <Name>System.Collections.Generic.List`1&lt;T&gt; SportsWeb.Services.Authentication.PrincipalHelper::GetRoles(System.Security.Principal.IPrincipal)</Name>
              <FileRef uid="231" />
              <SequencePoints>
                <SequencePoint vc="1" uspid="8018" ordinal="0" offset="6" sl="19" sc="9" el="19" ec="10" bec="0" bev="0" fileid="231" />
                <SequencePoint vc="1" uspid="8019" ordinal="1" offset="7" sl="20" sc="13" el="20" ec="66" bec="0" bev="0" fileid="231" />
                <SequencePoint vc="1" uspid="8020" ordinal="2" offset="19" sl="21" sc="13" el="21" ec="40" bec="2" bev="1" fileid="231" />
                <SequencePoint vc="0" uspid="8021" ordinal="3" offset="32" sl="22" sc="17" el="22" ec="38" bec="0" bev="0" fileid="231" />
                <SequencePoint vc="1" uspid="8022" ordinal="4" offset="44" sl="24" sc="13" el="24" ec="119" bec="0" bev="0" fileid="231" />
                <SequencePoint vc="1" uspid="8023" ordinal="5" offset="109" sl="26" sc="13" el="26" ec="45" bec="0" bev="0" fileid="231" />
                <SequencePoint vc="1" uspid="8024" ordinal="6" offset="115" sl="27" sc="13" el="27" ec="20" bec="0" bev="0" fileid="231" />
                <SequencePoint vc="1" uspid="8025" ordinal="7" offset="116" sl="27" sc="34" el="27" ec="39" bec="0" bev="0" fileid="231" />
                <SequencePoint vc="1" uspid="8026" ordinal="8" offset="126" sl="27" sc="22" el="27" ec="30" bec="0" bev="0" fileid="231" />
                <SequencePoint vc="1" uspid="8027" ordinal="9" offset="135" sl="28" sc="13" el="28" ec="14" bec="0" bev="0" fileid="231" />
                <SequencePoint vc="1" uspid="8028" ordinal="10" offset="136" sl="30" sc="17" el="30" ec="52" bec="2" bev="1" fileid="231" />
                <SequencePoint vc="1" uspid="8029" ordinal="11" offset="151" sl="31" sc="21" el="31" ec="44" bec="0" bev="0" fileid="231" />
                <SequencePoint vc="1" uspid="8030" ordinal="12" offset="160" sl="32" sc="13" el="32" ec="14" bec="0" bev="0" fileid="231" />
                <SequencePoint vc="2" uspid="8031" ordinal="13" offset="161" sl="27" sc="31" el="27" ec="33" bec="0" bev="0" fileid="231" />
                <SequencePoint vc="1" uspid="8032" ordinal="14" offset="185" sl="33" sc="13" el="33" ec="32" bec="0" bev="0" fileid="231" />
                <SequencePoint vc="1" uspid="8033" ordinal="15" offset="190" sl="34" sc="9" el="34" ec="10" bec="0" bev="0" fileid="231" />
              </SequencePoints>
              <BranchPoints>
                <BranchPoint vc="0" uspid="8034" ordinal="0" offset="30" sl="21" path="0" offsetend="32" fileid="231" />
                <BranchPoint vc="1" uspid="8035" ordinal="1" offset="30" sl="21" path="1" offsetend="44" fileid="231" />
                <BranchPoint vc="1" uspid="8038" ordinal="4" offset="149" sl="30" path="0" offsetend="151" fileid="231" />
                <BranchPoint vc="0" uspid="8039" ordinal="5" offset="149" sl="30" path="1" offsetend="160" fileid="231" />
              </BranchPoints>
              <MethodPoint vc="1" uspid="8042" ordinal="0" offset="0" />
            </Method>
            <Method visited="true" cyclomaticComplexity="3" nPathComplexity="2" sequenceCoverage="100" branchCoverage="66.67" isConstructor="false" isStatic="true" isGetter="false" isSetter="false">
              <Summary numSequencePoints="4" visitedSequencePoints="4" numBranchPoints="3" visitedBranchPoints="2" sequenceCoverage="100" branchCoverage="66.67" maxCyclomaticComplexity="3" minCyclomaticComplexity="3" visitedClasses="0" numClasses="0" visitedMethods="1" numMethods="1" />
              <MetadataToken>100664660</MetadataToken>
              <Name>System.Security.Claims.ClaimsIdentity SportsWeb.Services.Authentication.PrincipalHelper::TryGetClaimsIdentity(System.Security.Principal.IPrincipal)</Name>
              <FileRef uid="231" />
              <SequencePoints>
                <SequencePoint vc="2" uspid="8043" ordinal="0" offset="0" sl="37" sc="9" el="37" ec="10" bec="0" bev="0" fileid="231" />
                <SequencePoint vc="2" uspid="8044" ordinal="1" offset="1" sl="38" sc="13" el="38" ec="64" bec="0" bev="0" fileid="231" />
                <SequencePoint vc="2" uspid="8045" ordinal="2" offset="8" sl="40" sc="13" el="40" ec="64" bec="2" bev="1" fileid="231" />
                <SequencePoint vc="2" uspid="8046" ordinal="3" offset="28" sl="41" sc="9" el="41" ec="10" bec="0" bev="0" fileid="231" />
              </SequencePoints>
              <BranchPoints>
                <BranchPoint vc="0" uspid="8047" ordinal="0" offset="9" sl="40" path="0" offsetend="11" fileid="231" />
                <BranchPoint vc="2" uspid="8048" ordinal="1" offset="9" sl="40" path="1" offsetend="14" fileid="231" />
              </BranchPoints>
              <MethodPoint xsi:type="SequencePoint" vc="2" uspid="8043" ordinal="0" offset="0" sl="37" sc="9" el="37" ec="10" bec="0" bev="0" fileid="231" />
            </Method>
            <Method visited="true" cyclomaticComplexity="6" nPathComplexity="4" sequenceCoverage="100" branchCoverage="60" isConstructor="false" isStatic="true" isGetter="false" isSetter="false">
              <Summary numSequencePoints="5" visitedSequencePoints="5" numBranchPoints="5" visitedBranchPoints="3" sequenceCoverage="100" branchCoverage="60" maxCyclomaticComplexity="6" minCyclomaticComplexity="6" visitedClasses="0" numClasses="0" visitedMethods="1" numMethods="1" />
              <MetadataToken>100664661</MetadataToken>
              <Name>System.String SportsWeb.Services.Authentication.PrincipalHelper::GetCulture(System.Security.Principal.IPrincipal)</Name>
              <FileRef uid="231" />
              <SequencePoints>
                <SequencePoint vc="1" uspid="8049" ordinal="0" offset="0" sl="44" sc="9" el="44" ec="10" bec="0" bev="0" fileid="231" />
                <SequencePoint vc="1" uspid="8050" ordinal="1" offset="1" sl="45" sc="13" el="45" ec="66" bec="0" bev="0" fileid="231" />
                <SequencePoint vc="1" uspid="8051" ordinal="2" offset="8" sl="46" sc="13" el="46" ec="108" bec="2" bev="1" fileid="231" />
                <SequencePoint vc="1" uspid="8052" ordinal="3" offset="57" sl="47" sc="13" el="47" ec="79" bec="2" bev="1" fileid="231" />
                <SequencePoint vc="1" uspid="8053" ordinal="4" offset="76" sl="48" sc="9" el="48" ec="10" bec="0" bev="0" fileid="231" />
              </SequencePoints>
              <BranchPoints>
                <BranchPoint vc="0" uspid="8054" ordinal="0" offset="9" sl="46" path="0" offsetend="11" fileid="231" />
                <BranchPoint vc="1" uspid="8055" ordinal="1" offset="9" sl="46" path="1" offsetend="14" fileid="231" />
                <BranchPoint vc="0" uspid="8058" ordinal="4" offset="58" sl="47" path="0" offsetend="60" fileid="231" />
                <BranchPoint vc="1" uspid="8059" ordinal="5" offset="58" sl="47" path="1" offsetend="67" fileid="231" />
              </BranchPoints>
              <MethodPoint xsi:type="SequencePoint" vc="1" uspid="8049" ordinal="0" offset="0" sl="44" sc="9" el="44" ec="10" bec="0" bev="0" fileid="231" />
            </Method>
          </Methods>
        </Class>
        <Class>
          <Summary numSequencePoints="1" visitedSequencePoints="1" numBranchPoints="1" visitedBranchPoints="1" sequenceCoverage="100" branchCoverage="100" maxCyclomaticComplexity="1" minCyclomaticComplexity="1" visitedClasses="1" numClasses="1" visitedMethods="1" numMethods="1" />
          <FullName>SportsWeb.Services.Authentication.PrincipalHelper/&lt;&gt;c__DisplayClass0_0`1</FullName>
          <Methods>
            <Method visited="true" cyclomaticComplexity="1" nPathComplexity="0" sequenceCoverage="0" branchCoverage="0" isConstructor="true" isStatic="false" isGetter="false" isSetter="false">
              <Summary numSequencePoints="0" visitedSequencePoints="0" numBranchPoints="0" visitedBranchPoints="0" sequenceCoverage="0" branchCoverage="0" maxCyclomaticComplexity="1" minCyclomaticComplexity="1" visitedClasses="0" numClasses="0" visitedMethods="0" numMethods="0" />
              <MetadataToken>100667098</MetadataToken>
              <Name>System.Void SportsWeb.Services.Authentication.PrincipalHelper/&lt;&gt;c__DisplayClass0_0`1::.ctor()</Name>
              <SequencePoints />
              <BranchPoints />
              <MethodPoint vc="1" uspid="8060" ordinal="0" offset="0" />
            </Method>
            <Method visited="true" cyclomaticComplexity="1" nPathComplexity="0" sequenceCoverage="100" branchCoverage="100" isConstructor="false" isStatic="false" isGetter="false" isSetter="false">
              <Summary numSequencePoints="1" visitedSequencePoints="1" numBranchPoints="1" visitedBranchPoints="1" sequenceCoverage="100" branchCoverage="100" maxCyclomaticComplexity="1" minCyclomaticComplexity="1" visitedClasses="0" numClasses="0" visitedMethods="1" numMethods="1" />
              <MetadataToken>100667099</MetadataToken>
              <Name>System.Boolean SportsWeb.Services.Authentication.PrincipalHelper/&lt;&gt;c__DisplayClass0_0`1::&lt;GetRoles&gt;b__0(System.Security.Claims.Claim)</Name>
              <FileRef uid="231" />
              <SequencePoints>
                <SequencePoint vc="3" uspid="8061" ordinal="0" offset="0" sl="24" sc="58" el="24" ec="96" bec="0" bev="0" fileid="231" />
              </SequencePoints>
              <BranchPoints />
              <MethodPoint xsi:type="SequencePoint" vc="3" uspid="8061" ordinal="0" offset="0" sl="24" sc="58" el="24" ec="96" bec="0" bev="0" fileid="231" />
            </Method>
          </Methods>
        </Class>
        <Class>
          <Summary numSequencePoints="1" visitedSequencePoints="1" numBranchPoints="1" visitedBranchPoints="1" sequenceCoverage="100" branchCoverage="100" maxCyclomaticComplexity="1" minCyclomaticComplexity="1" visitedClasses="1" numClasses="1" visitedMethods="1" numMethods="1" />
          <FullName>SportsWeb.Services.Authentication.PrincipalHelper/&lt;&gt;c__0`1</FullName>
          <Methods>
            <Method visited="true" cyclomaticComplexity="1" nPathComplexity="0" sequenceCoverage="0" branchCoverage="0" isConstructor="true" isStatic="true" isGetter="false" isSetter="false">
              <Summary numSequencePoints="0" visitedSequencePoints="0" numBranchPoints="0" visitedBranchPoints="0" sequenceCoverage="0" branchCoverage="0" maxCyclomaticComplexity="1" minCyclomaticComplexity="1" visitedClasses="0" numClasses="0" visitedMethods="0" numMethods="0" />
              <MetadataToken>100667100</MetadataToken>
              <Name>System.Void SportsWeb.Services.Authentication.PrincipalHelper/&lt;&gt;c__0`1::.cctor()</Name>
              <SequencePoints />
              <BranchPoints />
              <MethodPoint vc="1" uspid="8062" ordinal="0" offset="0" />
            </Method>
            <Method visited="true" cyclomaticComplexity="1" nPathComplexity="0" sequenceCoverage="0" branchCoverage="0" isConstructor="true" isStatic="false" isGetter="false" isSetter="false">
              <Summary numSequencePoints="0" visitedSequencePoints="0" numBranchPoints="0" visitedBranchPoints="0" sequenceCoverage="0" branchCoverage="0" maxCyclomaticComplexity="1" minCyclomaticComplexity="1" visitedClasses="0" numClasses="0" visitedMethods="0" numMethods="0" />
              <MetadataToken>100667101</MetadataToken>
              <Name>System.Void SportsWeb.Services.Authentication.PrincipalHelper/&lt;&gt;c__0`1::.ctor()</Name>
              <SequencePoints />
              <BranchPoints />
              <MethodPoint vc="1" uspid="8063" ordinal="0" offset="0" />
            </Method>
            <Method visited="true" cyclomaticComplexity="1" nPathComplexity="0" sequenceCoverage="100" branchCoverage="100" isConstructor="false" isStatic="false" isGetter="false" isSetter="false">
              <Summary numSequencePoints="1" visitedSequencePoints="1" numBranchPoints="1" visitedBranchPoints="1" sequenceCoverage="100" branchCoverage="100" maxCyclomaticComplexity="1" minCyclomaticComplexity="1" visitedClasses="0" numClasses="0" visitedMethods="1" numMethods="1" />
              <MetadataToken>100667102</MetadataToken>
              <Name>System.String SportsWeb.Services.Authentication.PrincipalHelper/&lt;&gt;c__0`1::&lt;GetRoles&gt;b__0_1(System.Security.Claims.Claim)</Name>
              <FileRef uid="231" />
              <SequencePoints>
                <SequencePoint vc="1" uspid="8064" ordinal="0" offset="0" sl="24" sc="110" el="24" ec="117" bec="0" bev="0" fileid="231" />
              </SequencePoints>
              <BranchPoints />
              <MethodPoint xsi:type="SequencePoint" vc="1" uspid="8064" ordinal="0" offset="0" sl="24" sc="110" el="24" ec="117" bec="0" bev="0" fileid="231" />
            </Method>
          </Methods>
        </Class>
        <Class>
          <Summary numSequencePoints="1" visitedSequencePoints="1" numBranchPoints="1" visitedBranchPoints="1" sequenceCoverage="100" branchCoverage="100" maxCyclomaticComplexity="1" minCyclomaticComplexity="1" visitedClasses="1" numClasses="1" visitedMethods="1" numMethods="1" />
          <FullName>SportsWeb.Services.Authentication.PrincipalHelper/&lt;&gt;c</FullName>
          <Methods>
            <Method visited="true" cyclomaticComplexity="1" nPathComplexity="0" sequenceCoverage="0" branchCoverage="0" isConstructor="true" isStatic="true" isGetter="false" isSetter="false">
              <Summary numSequencePoints="0" visitedSequencePoints="0" numBranchPoints="0" visitedBranchPoints="0" sequenceCoverage="0" branchCoverage="0" maxCyclomaticComplexity="1" minCyclomaticComplexity="1" visitedClasses="0" numClasses="0" visitedMethods="0" numMethods="0" />
              <MetadataToken>100667103</MetadataToken>
              <Name>System.Void SportsWeb.Services.Authentication.PrincipalHelper/&lt;&gt;c::.cctor()</Name>
              <SequencePoints />
              <BranchPoints />
              <MethodPoint vc="1" uspid="8065" ordinal="0" offset="0" />
            </Method>
            <Method visited="true" cyclomaticComplexity="1" nPathComplexity="0" sequenceCoverage="0" branchCoverage="0" isConstructor="true" isStatic="false" isGetter="false" isSetter="false">
              <Summary numSequencePoints="0" visitedSequencePoints="0" numBranchPoints="0" visitedBranchPoints="0" sequenceCoverage="0" branchCoverage="0" maxCyclomaticComplexity="1" minCyclomaticComplexity="1" visitedClasses="0" numClasses="0" visitedMethods="0" numMethods="0" />
              <MetadataToken>100667104</MetadataToken>
              <Name>System.Void SportsWeb.Services.Authentication.PrincipalHelper/&lt;&gt;c::.ctor()</Name>
              <SequencePoints />
              <BranchPoints />
              <MethodPoint vc="1" uspid="8066" ordinal="0" offset="0" />
            </Method>
            <Method visited="true" cyclomaticComplexity="1" nPathComplexity="0" sequenceCoverage="100" branchCoverage="100" isConstructor="false" isStatic="false" isGetter="false" isSetter="false">
              <Summary numSequencePoints="1" visitedSequencePoints="1" numBranchPoints="1" visitedBranchPoints="1" sequenceCoverage="100" branchCoverage="100" maxCyclomaticComplexity="1" minCyclomaticComplexity="1" visitedClasses="0" numClasses="0" visitedMethods="1" numMethods="1" />
              <MetadataToken>100667105</MetadataToken>
              <Name>System.Boolean SportsWeb.Services.Authentication.PrincipalHelper/&lt;&gt;c::&lt;GetCulture&gt;b__2_0(System.Security.Claims.Claim)</Name>
              <FileRef uid="231" />
              <SequencePoints>
                <SequencePoint vc="4" uspid="8067" ordinal="0" offset="0" sl="46" sc="70" el="46" ec="106" bec="0" bev="0" fileid="231" />
              </SequencePoints>
              <BranchPoints />
              <MethodPoint xsi:type="SequencePoint" vc="4" uspid="8067" ordinal="0" offset="0" sl="46" sc="70" el="46" ec="106" bec="0" bev="0" fileid="231" />
            </Method>
          </Methods>
        </Class>
        <Class>
          <Summary numSequencePoints="16" visitedSequencePoints="0" numBranchPoints="8" visitedBranchPoints="0" sequenceCoverage="0" branchCoverage="0" maxCyclomaticComplexity="3" minCyclomaticComplexity="1" visitedClasses="0" numClasses="1" visitedMethods="0" numMethods="4" />
          <FullName>SportsWeb.Services.Authentication.PermissionsRegistry`1</FullName>
          <Methods>
            <Method visited="false" cyclomaticComplexity="3" nPathComplexity="2" sequenceCoverage="0" branchCoverage="0" isConstructor="false" isStatic="false" isGetter="false" isSetter="false">
              <Summary numSequencePoints="7" visitedSequencePoints="0" numBranchPoints="3" visitedBranchPoints="0" sequenceCoverage="0" branchCoverage="0" maxCyclomaticComplexity="3" minCyclomaticComplexity="3" visitedClasses="0" numClasses="0" visitedMethods="0" numMethods="1" />
              <MetadataToken>100664664</MetadataToken>
              <Name>System.Void SportsWeb.Services.Authentication.PermissionsRegistry`1::Register(T,System.String)</Name>
              <FileRef uid="235" />
              <SequencePoints>
                <SequencePoint vc="0" uspid="8068" ordinal="0" offset="0" sl="26" sc="9" el="26" ec="10" bec="0" bev="0" fileid="235" />
                <SequencePoint vc="0" uspid="8069" ordinal="1" offset="1" sl="27" sc="13" el="27" ec="131" bec="0" bev="0" fileid="235" />
                <SequencePoint vc="0" uspid="8070" ordinal="2" offset="45" sl="28" sc="13" el="28" ec="51" bec="2" bev="0" fileid="235" />
                <SequencePoint vc="0" uspid="8071" ordinal="3" offset="59" sl="29" sc="13" el="29" ec="14" bec="0" bev="0" fileid="235" />
                <SequencePoint vc="0" uspid="8072" ordinal="4" offset="60" sl="30" sc="17" el="30" ec="45" bec="0" bev="0" fileid="235" />
                <SequencePoint vc="0" uspid="8073" ordinal="5" offset="68" sl="31" sc="13" el="31" ec="14" bec="0" bev="0" fileid="235" />
                <SequencePoint vc="0" uspid="8074" ordinal="6" offset="69" sl="32" sc="9" el="32" ec="10" bec="0" bev="0" fileid="235" />
              </SequencePoints>
              <BranchPoints>
                <BranchPoint vc="0" uspid="8077" ordinal="2" offset="57" sl="28" path="0" offsetend="59" fileid="235" />
                <BranchPoint vc="0" uspid="8078" ordinal="3" offset="57" sl="28" path="1" offsetend="69" fileid="235" />
              </BranchPoints>
              <MethodPoint xsi:type="SequencePoint" vc="0" uspid="8068" ordinal="0" offset="0" sl="26" sc="9" el="26" ec="10" bec="0" bev="0" fileid="235" />
            </Method>
            <Method visited="false" cyclomaticComplexity="1" nPathComplexity="0" sequenceCoverage="0" branchCoverage="0" isConstructor="false" isStatic="false" isGetter="false" isSetter="false">
              <Summary numSequencePoints="3" visitedSequencePoints="0" numBranchPoints="1" visitedBranchPoints="0" sequenceCoverage="0" branchCoverage="0" maxCyclomaticComplexity="1" minCyclomaticComplexity="1" visitedClasses="0" numClasses="0" visitedMethods="0" numMethods="1" />
              <MetadataToken>100664665</MetadataToken>
              <Name>System.Void SportsWeb.Services.Authentication.PermissionsRegistry`1::Register(T,System.Collections.Generic.IEnumerable`1&lt;System.String&gt;)</Name>
              <FileRef uid="235" />
              <SequencePoints>
                <SequencePoint vc="0" uspid="8079" ordinal="0" offset="20" sl="35" sc="9" el="35" ec="10" bec="0" bev="0" fileid="235" />
                <SequencePoint vc="0" uspid="8080" ordinal="1" offset="21" sl="36" sc="13" el="36" ec="84" bec="0" bev="0" fileid="235" />
                <SequencePoint vc="0" uspid="8081" ordinal="2" offset="40" sl="37" sc="9" el="37" ec="10" bec="0" bev="0" fileid="235" />
              </SequencePoints>
              <BranchPoints />
              <MethodPoint vc="0" uspid="8082" ordinal="0" offset="0" />
            </Method>
            <Method visited="false" cyclomaticComplexity="2" nPathComplexity="2" sequenceCoverage="0" branchCoverage="0" isConstructor="false" isStatic="false" isGetter="false" isSetter="false">
              <Summary numSequencePoints="5" visitedSequencePoints="0" numBranchPoints="3" visitedBranchPoints="0" sequenceCoverage="0" branchCoverage="0" maxCyclomaticComplexity="2" minCyclomaticComplexity="2" visitedClasses="0" numClasses="0" visitedMethods="0" numMethods="1" />
              <MetadataToken>100664666</MetadataToken>
              <Name>System.Collections.Generic.List`1&lt;System.String&gt; SportsWeb.Services.Authentication.PermissionsRegistry`1::GetPermissionsFor(T)</Name>
              <FileRef uid="235" />
              <SequencePoints>
                <SequencePoint vc="0" uspid="8083" ordinal="0" offset="0" sl="40" sc="9" el="40" ec="10" bec="0" bev="0" fileid="235" />
                <SequencePoint vc="0" uspid="8084" ordinal="1" offset="1" sl="42" sc="13" el="42" ec="65" bec="2" bev="0" fileid="235" />
                <SequencePoint vc="0" uspid="8085" ordinal="2" offset="22" sl="43" sc="17" el="43" ec="43" bec="0" bev="0" fileid="235" />
                <SequencePoint vc="0" uspid="8086" ordinal="3" offset="30" sl="45" sc="13" el="45" ec="37" bec="0" bev="0" fileid="235" />
                <SequencePoint vc="0" uspid="8087" ordinal="4" offset="39" sl="46" sc="9" el="46" ec="10" bec="0" bev="0" fileid="235" />
              </SequencePoints>
              <BranchPoints>
                <BranchPoint vc="0" uspid="8088" ordinal="0" offset="20" sl="42" path="0" offsetend="22" fileid="235" />
                <BranchPoint vc="0" uspid="8089" ordinal="1" offset="20" sl="42" path="1" offsetend="30" fileid="235" />
              </BranchPoints>
              <MethodPoint xsi:type="SequencePoint" vc="0" uspid="8083" ordinal="0" offset="0" sl="40" sc="9" el="40" ec="10" bec="0" bev="0" fileid="235" />
            </Method>
            <Method visited="false" cyclomaticComplexity="1" nPathComplexity="0" sequenceCoverage="0" branchCoverage="0" isConstructor="true" isStatic="false" isGetter="false" isSetter="false">
              <Summary numSequencePoints="1" visitedSequencePoints="0" numBranchPoints="1" visitedBranchPoints="0" sequenceCoverage="0" branchCoverage="0" maxCyclomaticComplexity="1" minCyclomaticComplexity="1" visitedClasses="0" numClasses="0" visitedMethods="0" numMethods="1" />
              <MetadataToken>100664667</MetadataToken>
              <Name>System.Void SportsWeb.Services.Authentication.PermissionsRegistry`1::.ctor()</Name>
              <FileRef uid="235" />
              <SequencePoints>
                <SequencePoint vc="0" uspid="8090" ordinal="0" offset="0" sl="23" sc="9" el="23" ec="132" bec="0" bev="0" fileid="235" />
              </SequencePoints>
              <BranchPoints />
              <MethodPoint xsi:type="SequencePoint" vc="0" uspid="8090" ordinal="0" offset="0" sl="23" sc="9" el="23" ec="132" bec="0" bev="0" fileid="235" />
            </Method>
          </Methods>
        </Class>
        <Class>
          <Summary numSequencePoints="1" visitedSequencePoints="0" numBranchPoints="1" visitedBranchPoints="0" sequenceCoverage="0" branchCoverage="0" maxCyclomaticComplexity="1" minCyclomaticComplexity="1" visitedClasses="0" numClasses="1" visitedMethods="0" numMethods="1" />
          <FullName>SportsWeb.Services.Authentication.PermissionsRegistry`1/&lt;&gt;c</FullName>
          <Methods>
            <Method visited="false" cyclomaticComplexity="1" nPathComplexity="0" sequenceCoverage="0" branchCoverage="0" isConstructor="true" isStatic="true" isGetter="false" isSetter="false">
              <Summary numSequencePoints="0" visitedSequencePoints="0" numBranchPoints="0" visitedBranchPoints="0" sequenceCoverage="0" branchCoverage="0" maxCyclomaticComplexity="1" minCyclomaticComplexity="1" visitedClasses="0" numClasses="0" visitedMethods="0" numMethods="0" />
              <MetadataToken>100667106</MetadataToken>
              <Name>System.Void SportsWeb.Services.Authentication.PermissionsRegistry`1/&lt;&gt;c::.cctor()</Name>
              <SequencePoints />
              <BranchPoints />
              <MethodPoint vc="0" uspid="8091" ordinal="0" offset="0" />
            </Method>
            <Method visited="false" cyclomaticComplexity="1" nPathComplexity="0" sequenceCoverage="0" branchCoverage="0" isConstructor="true" isStatic="false" isGetter="false" isSetter="false">
              <Summary numSequencePoints="0" visitedSequencePoints="0" numBranchPoints="0" visitedBranchPoints="0" sequenceCoverage="0" branchCoverage="0" maxCyclomaticComplexity="1" minCyclomaticComplexity="1" visitedClasses="0" numClasses="0" visitedMethods="0" numMethods="0" />
              <MetadataToken>100667107</MetadataToken>
              <Name>System.Void SportsWeb.Services.Authentication.PermissionsRegistry`1/&lt;&gt;c::.ctor()</Name>
              <SequencePoints />
              <BranchPoints />
              <MethodPoint vc="0" uspid="8092" ordinal="0" offset="0" />
            </Method>
            <Method visited="false" cyclomaticComplexity="1" nPathComplexity="0" sequenceCoverage="0" branchCoverage="0" isConstructor="false" isStatic="false" isGetter="false" isSetter="false">
              <Summary numSequencePoints="1" visitedSequencePoints="0" numBranchPoints="1" visitedBranchPoints="0" sequenceCoverage="0" branchCoverage="0" maxCyclomaticComplexity="1" minCyclomaticComplexity="1" visitedClasses="0" numClasses="0" visitedMethods="0" numMethods="1" />
              <MetadataToken>100667108</MetadataToken>
              <Name>System.Collections.Generic.HashSet`1&lt;System.String&gt; SportsWeb.Services.Authentication.PermissionsRegistry`1/&lt;&gt;c::&lt;Register&gt;b__1_0(T)</Name>
              <FileRef uid="235" />
              <SequencePoints>
                <SequencePoint vc="0" uspid="8093" ordinal="0" offset="0" sl="27" sc="67" el="27" ec="129" bec="0" bev="0" fileid="235" />
              </SequencePoints>
              <BranchPoints />
              <MethodPoint xsi:type="SequencePoint" vc="0" uspid="8093" ordinal="0" offset="0" sl="27" sc="67" el="27" ec="129" bec="0" bev="0" fileid="235" />
            </Method>
          </Methods>
        </Class>
        <Class>
          <Summary numSequencePoints="1" visitedSequencePoints="0" numBranchPoints="1" visitedBranchPoints="0" sequenceCoverage="0" branchCoverage="0" maxCyclomaticComplexity="1" minCyclomaticComplexity="1" visitedClasses="0" numClasses="1" visitedMethods="0" numMethods="1" />
          <FullName>SportsWeb.Services.Authentication.PermissionsRegistry`1/&lt;&gt;c__DisplayClass2_0</FullName>
          <Methods>
            <Method visited="false" cyclomaticComplexity="1" nPathComplexity="0" sequenceCoverage="0" branchCoverage="0" isConstructor="true" isStatic="false" isGetter="false" isSetter="false">
              <Summary numSequencePoints="0" visitedSequencePoints="0" numBranchPoints="0" visitedBranchPoints="0" sequenceCoverage="0" branchCoverage="0" maxCyclomaticComplexity="1" minCyclomaticComplexity="1" visitedClasses="0" numClasses="0" visitedMethods="0" numMethods="0" />
              <MetadataToken>100667109</MetadataToken>
              <Name>System.Void SportsWeb.Services.Authentication.PermissionsRegistry`1/&lt;&gt;c__DisplayClass2_0::.ctor()</Name>
              <SequencePoints />
              <BranchPoints />
              <MethodPoint vc="0" uspid="8094" ordinal="0" offset="0" />
            </Method>
            <Method visited="false" cyclomaticComplexity="1" nPathComplexity="0" sequenceCoverage="0" branchCoverage="0" isConstructor="false" isStatic="false" isGetter="false" isSetter="false">
              <Summary numSequencePoints="1" visitedSequencePoints="0" numBranchPoints="1" visitedBranchPoints="0" sequenceCoverage="0" branchCoverage="0" maxCyclomaticComplexity="1" minCyclomaticComplexity="1" visitedClasses="0" numClasses="0" visitedMethods="0" numMethods="1" />
              <MetadataToken>100667110</MetadataToken>
              <Name>System.Void SportsWeb.Services.Authentication.PermissionsRegistry`1/&lt;&gt;c__DisplayClass2_0::&lt;Register&gt;b__0(System.String)</Name>
              <FileRef uid="235" />
              <SequencePoints>
                <SequencePoint vc="0" uspid="8095" ordinal="0" offset="0" sl="36" sc="47" el="36" ec="82" bec="0" bev="0" fileid="235" />
              </SequencePoints>
              <BranchPoints />
              <MethodPoint xsi:type="SequencePoint" vc="0" uspid="8095" ordinal="0" offset="0" sl="36" sc="47" el="36" ec="82" bec="0" bev="0" fileid="235" />
            </Method>
          </Methods>
        </Class>
        <Class>
          <Summary numSequencePoints="4" visitedSequencePoints="0" numBranchPoints="4" visitedBranchPoints="0" sequenceCoverage="0" branchCoverage="0" maxCyclomaticComplexity="1" minCyclomaticComplexity="1" visitedClasses="0" numClasses="1" visitedMethods="0" numMethods="4" />
          <FullName>SportsWeb.Services.AppConfiguration.BucketAddress</FullName>
          <Methods>
            <Method visited="false" cyclomaticComplexity="1" nPathComplexity="0" sequenceCoverage="0" branchCoverage="0" isConstructor="false" isStatic="false" isGetter="true" isSetter="false">
              <Summary numSequencePoints="1" visitedSequencePoints="0" numBranchPoints="1" visitedBranchPoints="0" sequenceCoverage="0" branchCoverage="0" maxCyclomaticComplexity="1" minCyclomaticComplexity="1" visitedClasses="0" numClasses="0" visitedMethods="0" numMethods="1" />
              <MetadataToken>100664668</MetadataToken>
              <Name>System.String SportsWeb.Services.AppConfiguration.BucketAddress::get_BucketName()</Name>
              <FileRef uid="238" />
              <SequencePoints>
                <SequencePoint vc="0" uspid="8096" ordinal="0" offset="0" sl="5" sc="36" el="5" ec="40" bec="0" bev="0" fileid="238" />
              </SequencePoints>
              <BranchPoints />
              <MethodPoint xsi:type="SequencePoint" vc="0" uspid="8096" ordinal="0" offset="0" sl="5" sc="36" el="5" ec="40" bec="0" bev="0" fileid="238" />
            </Method>
            <Method visited="false" cyclomaticComplexity="1" nPathComplexity="0" sequenceCoverage="0" branchCoverage="0" isConstructor="false" isStatic="false" isGetter="false" isSetter="true">
              <Summary numSequencePoints="1" visitedSequencePoints="0" numBranchPoints="1" visitedBranchPoints="0" sequenceCoverage="0" branchCoverage="0" maxCyclomaticComplexity="1" minCyclomaticComplexity="1" visitedClasses="0" numClasses="0" visitedMethods="0" numMethods="1" />
              <MetadataToken>100664669</MetadataToken>
              <Name>System.Void SportsWeb.Services.AppConfiguration.BucketAddress::set_BucketName(System.String)</Name>
              <FileRef uid="238" />
              <SequencePoints>
                <SequencePoint vc="0" uspid="8097" ordinal="0" offset="0" sl="5" sc="41" el="5" ec="45" bec="0" bev="0" fileid="238" />
              </SequencePoints>
              <BranchPoints />
              <MethodPoint xsi:type="SequencePoint" vc="0" uspid="8097" ordinal="0" offset="0" sl="5" sc="41" el="5" ec="45" bec="0" bev="0" fileid="238" />
            </Method>
            <Method visited="false" cyclomaticComplexity="1" nPathComplexity="0" sequenceCoverage="0" branchCoverage="0" isConstructor="false" isStatic="false" isGetter="true" isSetter="false">
              <Summary numSequencePoints="1" visitedSequencePoints="0" numBranchPoints="1" visitedBranchPoints="0" sequenceCoverage="0" branchCoverage="0" maxCyclomaticComplexity="1" minCyclomaticComplexity="1" visitedClasses="0" numClasses="0" visitedMethods="0" numMethods="1" />
              <MetadataToken>100664670</MetadataToken>
              <Name>System.String SportsWeb.Services.AppConfiguration.BucketAddress::get_Region()</Name>
              <FileRef uid="238" />
              <SequencePoints>
                <SequencePoint vc="0" uspid="8098" ordinal="0" offset="0" sl="6" sc="32" el="6" ec="36" bec="0" bev="0" fileid="238" />
              </SequencePoints>
              <BranchPoints />
              <MethodPoint xsi:type="SequencePoint" vc="0" uspid="8098" ordinal="0" offset="0" sl="6" sc="32" el="6" ec="36" bec="0" bev="0" fileid="238" />
            </Method>
            <Method visited="false" cyclomaticComplexity="1" nPathComplexity="0" sequenceCoverage="0" branchCoverage="0" isConstructor="false" isStatic="false" isGetter="false" isSetter="true">
              <Summary numSequencePoints="1" visitedSequencePoints="0" numBranchPoints="1" visitedBranchPoints="0" sequenceCoverage="0" branchCoverage="0" maxCyclomaticComplexity="1" minCyclomaticComplexity="1" visitedClasses="0" numClasses="0" visitedMethods="0" numMethods="1" />
              <MetadataToken>100664671</MetadataToken>
              <Name>System.Void SportsWeb.Services.AppConfiguration.BucketAddress::set_Region(System.String)</Name>
              <FileRef uid="238" />
              <SequencePoints>
                <SequencePoint vc="0" uspid="8099" ordinal="0" offset="0" sl="6" sc="37" el="6" ec="41" bec="0" bev="0" fileid="238" />
              </SequencePoints>
              <BranchPoints />
              <MethodPoint xsi:type="SequencePoint" vc="0" uspid="8099" ordinal="0" offset="0" sl="6" sc="37" el="6" ec="41" bec="0" bev="0" fileid="238" />
            </Method>
            <Method visited="false" cyclomaticComplexity="1" nPathComplexity="0" sequenceCoverage="0" branchCoverage="0" isConstructor="true" isStatic="false" isGetter="false" isSetter="false">
              <Summary numSequencePoints="0" visitedSequencePoints="0" numBranchPoints="0" visitedBranchPoints="0" sequenceCoverage="0" branchCoverage="0" maxCyclomaticComplexity="1" minCyclomaticComplexity="1" visitedClasses="0" numClasses="0" visitedMethods="0" numMethods="0" />
              <MetadataToken>100664672</MetadataToken>
              <Name>System.Void SportsWeb.Services.AppConfiguration.BucketAddress::.ctor()</Name>
              <SequencePoints />
              <BranchPoints />
              <MethodPoint vc="0" uspid="8100" ordinal="0" offset="0" />
            </Method>
          </Methods>
        </Class>
        <Class>
          <Summary numSequencePoints="5" visitedSequencePoints="5" numBranchPoints="1" visitedBranchPoints="1" sequenceCoverage="100" branchCoverage="100" maxCyclomaticComplexity="1" minCyclomaticComplexity="1" visitedClasses="1" numClasses="1" visitedMethods="1" numMethods="1" />
          <FullName>SportsWeb.Services.AppConfiguration.ConnectionStringProvider</FullName>
          <Methods>
            <Method visited="true" cyclomaticComplexity="1" nPathComplexity="0" sequenceCoverage="100" branchCoverage="100" isConstructor="false" isStatic="false" isGetter="false" isSetter="false">
              <Summary numSequencePoints="5" visitedSequencePoints="5" numBranchPoints="1" visitedBranchPoints="1" sequenceCoverage="100" branchCoverage="100" maxCyclomaticComplexity="1" minCyclomaticComplexity="1" visitedClasses="0" numClasses="0" visitedMethods="1" numMethods="1" />
              <MetadataToken>100664674</MetadataToken>
              <Name>System.String SportsWeb.Services.AppConfiguration.ConnectionStringProvider::GetConnectionString()</Name>
              <FileRef uid="239" />
              <SequencePoints>
                <SequencePoint vc="1" uspid="8101" ordinal="0" offset="0" sl="15" sc="9" el="15" ec="10" bec="0" bev="0" fileid="239" />
                <SequencePoint vc="1" uspid="8102" ordinal="1" offset="1" sl="16" sc="13" el="16" ec="92" bec="0" bev="0" fileid="239" />
                <SequencePoint vc="1" uspid="8103" ordinal="2" offset="17" sl="17" sc="16" el="17" ec="89" bec="0" bev="0" fileid="239" />
                <SequencePoint vc="1" uspid="8104" ordinal="3" offset="33" sl="19" sc="13" el="23" ec="106" bec="0" bev="0" fileid="239" />
                <SequencePoint vc="1" uspid="8105" ordinal="4" offset="124" sl="24" sc="9" el="24" ec="10" bec="0" bev="0" fileid="239" />
              </SequencePoints>
              <BranchPoints />
              <MethodPoint xsi:type="SequencePoint" vc="1" uspid="8101" ordinal="0" offset="0" sl="15" sc="9" el="15" ec="10" bec="0" bev="0" fileid="239" />
            </Method>
            <Method visited="true" cyclomaticComplexity="1" nPathComplexity="0" sequenceCoverage="0" branchCoverage="0" isConstructor="true" isStatic="false" isGetter="false" isSetter="false">
              <Summary numSequencePoints="0" visitedSequencePoints="0" numBranchPoints="0" visitedBranchPoints="0" sequenceCoverage="0" branchCoverage="0" maxCyclomaticComplexity="1" minCyclomaticComplexity="1" visitedClasses="0" numClasses="0" visitedMethods="0" numMethods="0" />
              <MetadataToken>100664675</MetadataToken>
              <Name>System.Void SportsWeb.Services.AppConfiguration.ConnectionStringProvider::.ctor()</Name>
              <SequencePoints />
              <BranchPoints />
              <MethodPoint vc="1" uspid="8106" ordinal="0" offset="0" />
            </Method>
          </Methods>
        </Class>
        <Class>
          <Summary numSequencePoints="5" visitedSequencePoints="5" numBranchPoints="1" visitedBranchPoints="1" sequenceCoverage="100" branchCoverage="100" maxCyclomaticComplexity="1" minCyclomaticComplexity="1" visitedClasses="1" numClasses="1" visitedMethods="1" numMethods="1" />
          <FullName>SportsWeb.Services.AppConfiguration.AdminConnectionStringProvider</FullName>
          <Methods>
            <Method visited="true" cyclomaticComplexity="1" nPathComplexity="0" sequenceCoverage="100" branchCoverage="100" isConstructor="false" isStatic="false" isGetter="false" isSetter="false">
              <Summary numSequencePoints="5" visitedSequencePoints="5" numBranchPoints="1" visitedBranchPoints="1" sequenceCoverage="100" branchCoverage="100" maxCyclomaticComplexity="1" minCyclomaticComplexity="1" visitedClasses="0" numClasses="0" visitedMethods="1" numMethods="1" />
              <MetadataToken>100664676</MetadataToken>
              <Name>System.String SportsWeb.Services.AppConfiguration.AdminConnectionStringProvider::GetConnectionString()</Name>
              <FileRef uid="239" />
              <SequencePoints>
                <SequencePoint vc="1" uspid="8107" ordinal="0" offset="0" sl="30" sc="9" el="30" ec="10" bec="0" bev="0" fileid="239" />
                <SequencePoint vc="1" uspid="8108" ordinal="1" offset="1" sl="31" sc="13" el="31" ec="91" bec="0" bev="0" fileid="239" />
                <SequencePoint vc="1" uspid="8109" ordinal="2" offset="17" sl="32" sc="13" el="32" ec="86" bec="0" bev="0" fileid="239" />
                <SequencePoint vc="1" uspid="8110" ordinal="3" offset="33" sl="34" sc="13" el="38" ec="106" bec="0" bev="0" fileid="239" />
                <SequencePoint vc="1" uspid="8111" ordinal="4" offset="124" sl="39" sc="9" el="39" ec="10" bec="0" bev="0" fileid="239" />
              </SequencePoints>
              <BranchPoints />
              <MethodPoint xsi:type="SequencePoint" vc="1" uspid="8107" ordinal="0" offset="0" sl="30" sc="9" el="30" ec="10" bec="0" bev="0" fileid="239" />
            </Method>
            <Method visited="true" cyclomaticComplexity="1" nPathComplexity="0" sequenceCoverage="0" branchCoverage="0" isConstructor="true" isStatic="false" isGetter="false" isSetter="false">
              <Summary numSequencePoints="0" visitedSequencePoints="0" numBranchPoints="0" visitedBranchPoints="0" sequenceCoverage="0" branchCoverage="0" maxCyclomaticComplexity="1" minCyclomaticComplexity="1" visitedClasses="0" numClasses="0" visitedMethods="0" numMethods="0" />
              <MetadataToken>100664677</MetadataToken>
              <Name>System.Void SportsWeb.Services.AppConfiguration.AdminConnectionStringProvider::.ctor()</Name>
              <SequencePoints />
              <BranchPoints />
              <MethodPoint vc="1" uspid="8112" ordinal="0" offset="0" />
            </Method>
          </Methods>
        </Class>
        <Class>
          <Summary numSequencePoints="2" visitedSequencePoints="0" numBranchPoints="1" visitedBranchPoints="0" sequenceCoverage="0" branchCoverage="0" maxCyclomaticComplexity="1" minCyclomaticComplexity="1" visitedClasses="0" numClasses="1" visitedMethods="0" numMethods="1" />
          <FullName>SportsWeb.Services.AppConfiguration.BucketAddressGetter</FullName>
          <Methods>
            <Method visited="false" cyclomaticComplexity="1" nPathComplexity="0" sequenceCoverage="0" branchCoverage="0" isConstructor="false" isStatic="false" isGetter="false" isSetter="false">
              <Summary numSequencePoints="2" visitedSequencePoints="0" numBranchPoints="1" visitedBranchPoints="0" sequenceCoverage="0" branchCoverage="0" maxCyclomaticComplexity="1" minCyclomaticComplexity="1" visitedClasses="0" numClasses="0" visitedMethods="0" numMethods="1" />
              <MetadataToken>100664691</MetadataToken>
              <Name>SportsWeb.Services.AppConfiguration.BucketAddress SportsWeb.Services.AppConfiguration.BucketAddressGetter::GetBucketAddress()</Name>
              <FileRef uid="241" />
              <SequencePoints>
                <SequencePoint vc="0" uspid="8113" ordinal="0" offset="0" sl="13" sc="9" el="13" ec="10" bec="0" bev="0" fileid="241" />
                <SequencePoint vc="0" uspid="8114" ordinal="1" offset="1" sl="14" sc="13" el="14" ec="49" bec="0" bev="0" fileid="241" />
              </SequencePoints>
              <BranchPoints />
              <MethodPoint xsi:type="SequencePoint" vc="0" uspid="8113" ordinal="0" offset="0" sl="13" sc="9" el="13" ec="10" bec="0" bev="0" fileid="241" />
            </Method>
            <Method visited="false" cyclomaticComplexity="1" nPathComplexity="0" sequenceCoverage="0" branchCoverage="0" isConstructor="true" isStatic="false" isGetter="false" isSetter="false">
              <Summary numSequencePoints="0" visitedSequencePoints="0" numBranchPoints="0" visitedBranchPoints="0" sequenceCoverage="0" branchCoverage="0" maxCyclomaticComplexity="1" minCyclomaticComplexity="1" visitedClasses="0" numClasses="0" visitedMethods="0" numMethods="0" />
              <MetadataToken>100664692</MetadataToken>
              <Name>System.Void SportsWeb.Services.AppConfiguration.BucketAddressGetter::.ctor()</Name>
              <SequencePoints />
              <BranchPoints />
              <MethodPoint vc="0" uspid="8115" ordinal="0" offset="0" />
            </Method>
          </Methods>
        </Class>
        <Class>
          <Summary numSequencePoints="19" visitedSequencePoints="0" numBranchPoints="3" visitedBranchPoints="0" sequenceCoverage="0" branchCoverage="0" maxCyclomaticComplexity="5" minCyclomaticComplexity="1" visitedClasses="0" numClasses="1" visitedMethods="0" numMethods="3" />
          <FullName>SportsWeb.Services.AppConfiguration.S3ConfigurationStream</FullName>
          <Methods>
            <Method visited="false" cyclomaticComplexity="1" nPathComplexity="0" sequenceCoverage="0" branchCoverage="0" isConstructor="true" isStatic="false" isGetter="false" isSetter="false">
              <Summary numSequencePoints="4" visitedSequencePoints="0" numBranchPoints="1" visitedBranchPoints="0" sequenceCoverage="0" branchCoverage="0" maxCyclomaticComplexity="1" minCyclomaticComplexity="1" visitedClasses="0" numClasses="0" visitedMethods="0" numMethods="1" />
              <MetadataToken>100664694</MetadataToken>
              <Name>System.Void SportsWeb.Services.AppConfiguration.S3ConfigurationStream::.ctor(SportsWeb.Services.AppConfiguration.IGetS3BucketAddress)</Name>
              <FileRef uid="242" />
              <SequencePoints>
                <SequencePoint vc="0" uspid="8116" ordinal="0" offset="0" sl="20" sc="9" el="20" ec="78" bec="0" bev="0" fileid="242" />
                <SequencePoint vc="0" uspid="8117" ordinal="1" offset="7" sl="21" sc="9" el="21" ec="10" bec="0" bev="0" fileid="242" />
                <SequencePoint vc="0" uspid="8118" ordinal="2" offset="8" sl="22" sc="13" el="22" ec="60" bec="0" bev="0" fileid="242" />
                <SequencePoint vc="0" uspid="8119" ordinal="3" offset="15" sl="23" sc="9" el="23" ec="10" bec="0" bev="0" fileid="242" />
              </SequencePoints>
              <BranchPoints />
              <MethodPoint xsi:type="SequencePoint" vc="0" uspid="8116" ordinal="0" offset="0" sl="20" sc="9" el="20" ec="78" bec="0" bev="0" fileid="242" />
            </Method>
            <Method visited="false" cyclomaticComplexity="5" nPathComplexity="0" sequenceCoverage="0" branchCoverage="0" isConstructor="false" isStatic="false" isGetter="false" isSetter="false">
              <Summary numSequencePoints="14" visitedSequencePoints="0" numBranchPoints="1" visitedBranchPoints="0" sequenceCoverage="0" branchCoverage="0" maxCyclomaticComplexity="5" minCyclomaticComplexity="5" visitedClasses="0" numClasses="0" visitedMethods="0" numMethods="1" />
              <MetadataToken>100664695</MetadataToken>
              <Name>System.IO.Stream SportsWeb.Services.AppConfiguration.S3ConfigurationStream::OpenStream(System.String)</Name>
              <FileRef uid="242" />
              <SequencePoints>
                <SequencePoint vc="0" uspid="8120" ordinal="0" offset="0" sl="26" sc="9" el="26" ec="10" bec="0" bev="0" fileid="242" />
                <SequencePoint vc="0" uspid="8121" ordinal="1" offset="1" sl="27" sc="13" el="27" ec="51" bec="0" bev="0" fileid="242" />
                <SequencePoint vc="0" uspid="8122" ordinal="2" offset="17" sl="29" sc="13" el="29" ec="67" bec="0" bev="0" fileid="242" />
                <SequencePoint vc="0" uspid="8123" ordinal="3" offset="29" sl="31" sc="13" el="34" ec="15" bec="0" bev="0" fileid="242" />
                <SequencePoint vc="0" uspid="8124" ordinal="4" offset="53" sl="36" sc="20" el="36" ec="61" bec="0" bev="0" fileid="242" />
                <SequencePoint vc="0" uspid="8125" ordinal="5" offset="60" sl="37" sc="13" el="37" ec="14" bec="0" bev="0" fileid="242" />
                <SequencePoint vc="0" uspid="8126" ordinal="6" offset="61" sl="38" sc="17" el="42" ec="19" bec="0" bev="0" fileid="242" />
                <SequencePoint vc="0" uspid="8127" ordinal="7" offset="88" sl="44" sc="24" el="44" ec="64" bec="0" bev="0" fileid="242" />
                <SequencePoint vc="0" uspid="8128" ordinal="8" offset="97" sl="45" sc="24" el="45" ec="68" bec="0" bev="0" fileid="242" />
                <SequencePoint vc="0" uspid="8129" ordinal="9" offset="106" sl="46" sc="24" el="46" ec="69" bec="0" bev="0" fileid="242" />
                <SequencePoint vc="0" uspid="8130" ordinal="10" offset="115" sl="47" sc="17" el="47" ec="18" bec="0" bev="0" fileid="242" />
                <SequencePoint vc="0" uspid="8131" ordinal="11" offset="116" sl="48" sc="21" el="48" ec="54" bec="0" bev="0" fileid="242" />
                <SequencePoint vc="0" uspid="8132" ordinal="12" offset="125" sl="49" sc="21" el="49" ec="88" bec="0" bev="0" fileid="242" />
                <SequencePoint vc="0" uspid="8133" ordinal="13" offset="197" sl="52" sc="9" el="52" ec="10" bec="0" bev="0" fileid="242" />
              </SequencePoints>
              <BranchPoints />
              <MethodPoint xsi:type="SequencePoint" vc="0" uspid="8120" ordinal="0" offset="0" sl="26" sc="9" el="26" ec="10" bec="0" bev="0" fileid="242" />
            </Method>
            <Method visited="false" cyclomaticComplexity="1" nPathComplexity="0" sequenceCoverage="0" branchCoverage="0" isConstructor="true" isStatic="true" isGetter="false" isSetter="false">
              <Summary numSequencePoints="1" visitedSequencePoints="0" numBranchPoints="1" visitedBranchPoints="0" sequenceCoverage="0" branchCoverage="0" maxCyclomaticComplexity="1" minCyclomaticComplexity="1" visitedClasses="0" numClasses="0" visitedMethods="0" numMethods="1" />
              <MetadataToken>100664696</MetadataToken>
              <Name>System.Void SportsWeb.Services.AppConfiguration.S3ConfigurationStream::.cctor()</Name>
              <FileRef uid="242" />
              <SequencePoints>
                <SequencePoint vc="0" uspid="8134" ordinal="0" offset="0" sl="18" sc="9" el="18" ec="96" bec="0" bev="0" fileid="242" />
              </SequencePoints>
              <BranchPoints />
              <MethodPoint xsi:type="SequencePoint" vc="0" uspid="8134" ordinal="0" offset="0" sl="18" sc="9" el="18" ec="96" bec="0" bev="0" fileid="242" />
            </Method>
          </Methods>
        </Class>
        <Class>
          <Summary numSequencePoints="3" visitedSequencePoints="3" numBranchPoints="1" visitedBranchPoints="1" sequenceCoverage="100" branchCoverage="100" maxCyclomaticComplexity="1" minCyclomaticComplexity="1" visitedClasses="1" numClasses="1" visitedMethods="1" numMethods="1" />
          <FullName>SportsWeb.Services.AppConfiguration.WellKnownPorts</FullName>
          <Methods>
            <Method visited="true" cyclomaticComplexity="1" nPathComplexity="0" sequenceCoverage="100" branchCoverage="100" isConstructor="true" isStatic="true" isGetter="false" isSetter="false">
              <Summary numSequencePoints="3" visitedSequencePoints="3" numBranchPoints="1" visitedBranchPoints="1" sequenceCoverage="100" branchCoverage="100" maxCyclomaticComplexity="1" minCyclomaticComplexity="1" visitedClasses="0" numClasses="0" visitedMethods="1" numMethods="1" />
              <MetadataToken>100664697</MetadataToken>
              <Name>System.Void SportsWeb.Services.AppConfiguration.WellKnownPorts::.cctor()</Name>
              <FileRef uid="243" />
              <SequencePoints>
                <SequencePoint vc="1" uspid="8135" ordinal="0" offset="0" sl="5" sc="9" el="5" ec="55" bec="0" bev="0" fileid="243" />
                <SequencePoint vc="1" uspid="8136" ordinal="1" offset="7" sl="6" sc="9" el="6" ec="52" bec="0" bev="0" fileid="243" />
                <SequencePoint vc="1" uspid="8137" ordinal="2" offset="17" sl="7" sc="9" el="7" ec="55" bec="0" bev="0" fileid="243" />
              </SequencePoints>
              <BranchPoints />
              <MethodPoint xsi:type="SequencePoint" vc="1" uspid="8135" ordinal="0" offset="0" sl="5" sc="9" el="5" ec="55" bec="0" bev="0" fileid="243" />
            </Method>
          </Methods>
        </Class>
        <Class>
          <Summary numSequencePoints="142" visitedSequencePoints="85" numBranchPoints="71" visitedBranchPoints="34" sequenceCoverage="59.86" branchCoverage="47.89" maxCyclomaticComplexity="3" minCyclomaticComplexity="1" visitedClasses="1" numClasses="1" visitedMethods="17" numMethods="23" />
          <FullName>SportsWeb.Services.Cabinate.AmpLightService.AmpLightExtensions</FullName>
          <Methods>
            <Method visited="true" cyclomaticComplexity="1" nPathComplexity="0" sequenceCoverage="100" branchCoverage="100" isConstructor="false" isStatic="true" isGetter="false" isSetter="false">
              <Summary numSequencePoints="4" visitedSequencePoints="4" numBranchPoints="1" visitedBranchPoints="1" sequenceCoverage="100" branchCoverage="100" maxCyclomaticComplexity="1" minCyclomaticComplexity="1" visitedClasses="0" numClasses="0" visitedMethods="1" numMethods="1" />
              <MetadataToken>100664747</MetadataToken>
              <Name>System.DateTime SportsWeb.Services.Cabinate.AmpLightService.AmpLightExtensions::UtcLongToDateTime(System.Int64)</Name>
              <FileRef uid="244" />
              <SequencePoints>
                <SequencePoint vc="1" uspid="8138" ordinal="0" offset="0" sl="48" sc="9" el="48" ec="10" bec="0" bev="0" fileid="244" />
                <SequencePoint vc="1" uspid="8139" ordinal="1" offset="1" sl="49" sc="13" el="49" ec="82" bec="0" bev="0" fileid="244" />
                <SequencePoint vc="1" uspid="8140" ordinal="2" offset="19" sl="50" sc="13" el="50" ec="52" bec="0" bev="0" fileid="244" />
                <SequencePoint vc="1" uspid="8141" ordinal="3" offset="31" sl="51" sc="9" el="51" ec="10" bec="0" bev="0" fileid="244" />
              </SequencePoints>
              <BranchPoints />
              <MethodPoint xsi:type="SequencePoint" vc="1" uspid="8138" ordinal="0" offset="0" sl="48" sc="9" el="48" ec="10" bec="0" bev="0" fileid="244" />
            </Method>
            <Method visited="true" cyclomaticComplexity="2" nPathComplexity="2" sequenceCoverage="83.33" branchCoverage="66.67" isConstructor="false" isStatic="true" isGetter="false" isSetter="false">
              <Summary numSequencePoints="6" visitedSequencePoints="5" numBranchPoints="3" visitedBranchPoints="2" sequenceCoverage="83.33" branchCoverage="66.67" maxCyclomaticComplexity="2" minCyclomaticComplexity="2" visitedClasses="0" numClasses="0" visitedMethods="1" numMethods="1" />
              <MetadataToken>100664748</MetadataToken>
              <Name>SportsWeb.Services.Cabinate.AmpLightService.Interfaces.perfectPlayScene SportsWeb.Services.Cabinate.AmpLightService.AmpLightExtensions::ToAmpSceneCode(SportsWeb.Models.Scene)</Name>
              <FileRef uid="244" />
              <SequencePoints>
                <SequencePoint vc="59" uspid="8142" ordinal="0" offset="0" sl="73" sc="9" el="73" ec="10" bec="0" bev="0" fileid="244" />
                <SequencePoint vc="59" uspid="8143" ordinal="1" offset="1" sl="76" sc="13" el="76" ec="69" bec="2" bev="1" fileid="244" />
                <SequencePoint vc="59" uspid="8144" ordinal="2" offset="26" sl="77" sc="13" el="77" ec="14" bec="0" bev="0" fileid="244" />
                <SequencePoint vc="59" uspid="8145" ordinal="3" offset="27" sl="78" sc="17" el="78" ec="33" bec="0" bev="0" fileid="244" />
                <SequencePoint vc="0" uspid="8146" ordinal="4" offset="31" sl="81" sc="13" el="81" ec="89" bec="0" bev="0" fileid="244" />
                <SequencePoint vc="59" uspid="8147" ordinal="5" offset="42" sl="82" sc="9" el="82" ec="10" bec="0" bev="0" fileid="244" />
              </SequencePoints>
              <BranchPoints>
                <BranchPoint vc="59" uspid="8148" ordinal="0" offset="24" sl="76" path="0" offsetend="26" fileid="244" />
                <BranchPoint vc="0" uspid="8149" ordinal="1" offset="24" sl="76" path="1" offsetend="31" fileid="244" />
              </BranchPoints>
              <MethodPoint xsi:type="SequencePoint" vc="59" uspid="8142" ordinal="0" offset="0" sl="73" sc="9" el="73" ec="10" bec="0" bev="0" fileid="244" />
            </Method>
            <Method visited="true" cyclomaticComplexity="2" nPathComplexity="2" sequenceCoverage="83.33" branchCoverage="66.67" isConstructor="false" isStatic="true" isGetter="false" isSetter="false">
              <Summary numSequencePoints="6" visitedSequencePoints="5" numBranchPoints="3" visitedBranchPoints="2" sequenceCoverage="83.33" branchCoverage="66.67" maxCyclomaticComplexity="2" minCyclomaticComplexity="2" visitedClasses="0" numClasses="0" visitedMethods="1" numMethods="1" />
              <MetadataToken>100664749</MetadataToken>
              <Name>SportsWeb.Services.Cabinate.AmpLightService.Interfaces.perfectPlayScene SportsWeb.Services.Cabinate.AmpLightService.AmpLightExtensions::ToAmpSceneCode(System.Nullable`1&lt;SportsWeb.Models.Scene&gt;)</Name>
              <FileRef uid="244" />
              <SequencePoints>
                <SequencePoint vc="45" uspid="8150" ordinal="0" offset="0" sl="85" sc="9" el="85" ec="10" bec="0" bev="0" fileid="244" />
                <SequencePoint vc="45" uspid="8151" ordinal="1" offset="1" sl="88" sc="13" el="88" ec="69" bec="2" bev="1" fileid="244" />
                <SequencePoint vc="45" uspid="8152" ordinal="2" offset="26" sl="89" sc="13" el="89" ec="14" bec="0" bev="0" fileid="244" />
                <SequencePoint vc="45" uspid="8153" ordinal="3" offset="27" sl="90" sc="17" el="90" ec="33" bec="0" bev="0" fileid="244" />
                <SequencePoint vc="0" uspid="8154" ordinal="4" offset="31" sl="93" sc="13" el="93" ec="96" bec="0" bev="0" fileid="244" />
                <SequencePoint vc="45" uspid="8155" ordinal="5" offset="42" sl="94" sc="9" el="94" ec="10" bec="0" bev="0" fileid="244" />
              </SequencePoints>
              <BranchPoints>
                <BranchPoint vc="45" uspid="8156" ordinal="0" offset="24" sl="88" path="0" offsetend="26" fileid="244" />
                <BranchPoint vc="0" uspid="8157" ordinal="1" offset="24" sl="88" path="1" offsetend="31" fileid="244" />
              </BranchPoints>
              <MethodPoint xsi:type="SequencePoint" vc="45" uspid="8150" ordinal="0" offset="0" sl="85" sc="9" el="85" ec="10" bec="0" bev="0" fileid="244" />
            </Method>
            <Method visited="true" cyclomaticComplexity="2" nPathComplexity="2" sequenceCoverage="83.33" branchCoverage="66.67" isConstructor="false" isStatic="true" isGetter="false" isSetter="false">
              <Summary numSequencePoints="6" visitedSequencePoints="5" numBranchPoints="3" visitedBranchPoints="2" sequenceCoverage="83.33" branchCoverage="66.67" maxCyclomaticComplexity="2" minCyclomaticComplexity="2" visitedClasses="0" numClasses="0" visitedMethods="1" numMethods="1" />
              <MetadataToken>100664750</MetadataToken>
              <Name>SportsWeb.Models.Scene SportsWeb.Services.Cabinate.AmpLightService.AmpLightExtensions::ToPerfectplaySceneCode(SportsWeb.Services.Cabinate.AmpLightService.Interfaces.perfectPlayScene)</Name>
              <FileRef uid="244" />
              <SequencePoints>
                <SequencePoint vc="7" uspid="8158" ordinal="0" offset="0" sl="96" sc="9" el="96" ec="10" bec="0" bev="0" fileid="244" />
                <SequencePoint vc="7" uspid="8159" ordinal="1" offset="1" sl="99" sc="13" el="99" ec="69" bec="2" bev="1" fileid="244" />
                <SequencePoint vc="7" uspid="8160" ordinal="2" offset="26" sl="100" sc="13" el="100" ec="14" bec="0" bev="0" fileid="244" />
                <SequencePoint vc="7" uspid="8161" ordinal="3" offset="27" sl="101" sc="17" el="101" ec="33" bec="0" bev="0" fileid="244" />
                <SequencePoint vc="0" uspid="8162" ordinal="4" offset="31" sl="104" sc="13" el="104" ec="89" bec="0" bev="0" fileid="244" />
                <SequencePoint vc="7" uspid="8163" ordinal="5" offset="42" sl="105" sc="9" el="105" ec="10" bec="0" bev="0" fileid="244" />
              </SequencePoints>
              <BranchPoints>
                <BranchPoint vc="7" uspid="8164" ordinal="0" offset="24" sl="99" path="0" offsetend="26" fileid="244" />
                <BranchPoint vc="0" uspid="8165" ordinal="1" offset="24" sl="99" path="1" offsetend="31" fileid="244" />
              </BranchPoints>
              <MethodPoint xsi:type="SequencePoint" vc="7" uspid="8158" ordinal="0" offset="0" sl="96" sc="9" el="96" ec="10" bec="0" bev="0" fileid="244" />
            </Method>
            <Method visited="true" cyclomaticComplexity="2" nPathComplexity="2" sequenceCoverage="83.33" branchCoverage="66.67" isConstructor="false" isStatic="true" isGetter="false" isSetter="false">
              <Summary numSequencePoints="6" visitedSequencePoints="5" numBranchPoints="3" visitedBranchPoints="2" sequenceCoverage="83.33" branchCoverage="66.67" maxCyclomaticComplexity="2" minCyclomaticComplexity="2" visitedClasses="0" numClasses="0" visitedMethods="1" numMethods="1" />
              <MetadataToken>100664751</MetadataToken>
              <Name>SportsWeb.Services.Cabinate.AmpLightService.Interfaces.inputType SportsWeb.Services.Cabinate.AmpLightService.AmpLightExtensions::ToAmpInputType(SportsWeb.Models.Models.PushButtonInputType)</Name>
              <FileRef uid="244" />
              <SequencePoints>
                <SequencePoint vc="24" uspid="8166" ordinal="0" offset="0" sl="108" sc="9" el="108" ec="10" bec="0" bev="0" fileid="244" />
                <SequencePoint vc="24" uspid="8167" ordinal="1" offset="1" sl="111" sc="13" el="111" ec="67" bec="2" bev="1" fileid="244" />
                <SequencePoint vc="24" uspid="8168" ordinal="2" offset="26" sl="112" sc="13" el="112" ec="14" bec="0" bev="0" fileid="244" />
                <SequencePoint vc="24" uspid="8169" ordinal="3" offset="27" sl="113" sc="17" el="113" ec="31" bec="0" bev="0" fileid="244" />
                <SequencePoint vc="0" uspid="8170" ordinal="4" offset="31" sl="116" sc="13" el="116" ec="103" bec="0" bev="0" fileid="244" />
                <SequencePoint vc="24" uspid="8171" ordinal="5" offset="42" sl="117" sc="9" el="117" ec="10" bec="0" bev="0" fileid="244" />
              </SequencePoints>
              <BranchPoints>
                <BranchPoint vc="24" uspid="8172" ordinal="0" offset="24" sl="111" path="0" offsetend="26" fileid="244" />
                <BranchPoint vc="0" uspid="8173" ordinal="1" offset="24" sl="111" path="1" offsetend="31" fileid="244" />
              </BranchPoints>
              <MethodPoint xsi:type="SequencePoint" vc="24" uspid="8166" ordinal="0" offset="0" sl="108" sc="9" el="108" ec="10" bec="0" bev="0" fileid="244" />
            </Method>
            <Method visited="true" cyclomaticComplexity="2" nPathComplexity="2" sequenceCoverage="83.33" branchCoverage="66.67" isConstructor="false" isStatic="true" isGetter="false" isSetter="false">
              <Summary numSequencePoints="6" visitedSequencePoints="5" numBranchPoints="3" visitedBranchPoints="2" sequenceCoverage="83.33" branchCoverage="66.67" maxCyclomaticComplexity="2" minCyclomaticComplexity="2" visitedClasses="0" numClasses="0" visitedMethods="1" numMethods="1" />
              <MetadataToken>100664752</MetadataToken>
              <Name>SportsWeb.Models.Models.PushButtonInputType SportsWeb.Services.Cabinate.AmpLightService.AmpLightExtensions::ToPerfectPlayInputType(SportsWeb.Services.Cabinate.AmpLightService.Interfaces.inputType)</Name>
              <FileRef uid="244" />
              <SequencePoints>
                <SequencePoint vc="2" uspid="8174" ordinal="0" offset="0" sl="120" sc="9" el="120" ec="10" bec="0" bev="0" fileid="244" />
                <SequencePoint vc="2" uspid="8175" ordinal="1" offset="1" sl="123" sc="13" el="123" ec="67" bec="2" bev="1" fileid="244" />
                <SequencePoint vc="2" uspid="8176" ordinal="2" offset="26" sl="124" sc="13" el="124" ec="14" bec="0" bev="0" fileid="244" />
                <SequencePoint vc="2" uspid="8177" ordinal="3" offset="27" sl="125" sc="17" el="125" ec="31" bec="0" bev="0" fileid="244" />
                <SequencePoint vc="0" uspid="8178" ordinal="4" offset="31" sl="128" sc="13" el="128" ec="103" bec="0" bev="0" fileid="244" />
                <SequencePoint vc="2" uspid="8179" ordinal="5" offset="42" sl="129" sc="9" el="129" ec="10" bec="0" bev="0" fileid="244" />
              </SequencePoints>
              <BranchPoints>
                <BranchPoint vc="2" uspid="8180" ordinal="0" offset="24" sl="123" path="0" offsetend="26" fileid="244" />
                <BranchPoint vc="0" uspid="8181" ordinal="1" offset="24" sl="123" path="1" offsetend="31" fileid="244" />
              </BranchPoints>
              <MethodPoint xsi:type="SequencePoint" vc="2" uspid="8174" ordinal="0" offset="0" sl="120" sc="9" el="120" ec="10" bec="0" bev="0" fileid="244" />
            </Method>
            <Method visited="true" cyclomaticComplexity="2" nPathComplexity="2" sequenceCoverage="83.33" branchCoverage="66.67" isConstructor="false" isStatic="true" isGetter="false" isSetter="false">
              <Summary numSequencePoints="6" visitedSequencePoints="5" numBranchPoints="3" visitedBranchPoints="2" sequenceCoverage="83.33" branchCoverage="66.67" maxCyclomaticComplexity="2" minCyclomaticComplexity="2" visitedClasses="0" numClasses="0" visitedMethods="1" numMethods="1" />
              <MetadataToken>100664753</MetadataToken>
              <Name>SportsWeb.Services.Cabinate.AmpLightService.Interfaces.sharingMode SportsWeb.Services.Cabinate.AmpLightService.AmpLightExtensions::ToAmpSharingMode(SportsWeb.Models.Models.PushButtonSharingMode)</Name>
              <FileRef uid="244" />
              <SequencePoints>
                <SequencePoint vc="3" uspid="8182" ordinal="0" offset="0" sl="131" sc="9" el="131" ec="10" bec="0" bev="0" fileid="244" />
                <SequencePoint vc="3" uspid="8183" ordinal="1" offset="1" sl="134" sc="13" el="134" ec="67" bec="2" bev="1" fileid="244" />
                <SequencePoint vc="3" uspid="8184" ordinal="2" offset="26" sl="135" sc="13" el="135" ec="14" bec="0" bev="0" fileid="244" />
                <SequencePoint vc="3" uspid="8185" ordinal="3" offset="27" sl="136" sc="17" el="136" ec="31" bec="0" bev="0" fileid="244" />
                <SequencePoint vc="0" uspid="8186" ordinal="4" offset="31" sl="139" sc="13" el="139" ec="105" bec="0" bev="0" fileid="244" />
                <SequencePoint vc="3" uspid="8187" ordinal="5" offset="42" sl="140" sc="9" el="140" ec="10" bec="0" bev="0" fileid="244" />
              </SequencePoints>
              <BranchPoints>
                <BranchPoint vc="3" uspid="8188" ordinal="0" offset="24" sl="134" path="0" offsetend="26" fileid="244" />
                <BranchPoint vc="0" uspid="8189" ordinal="1" offset="24" sl="134" path="1" offsetend="31" fileid="244" />
              </BranchPoints>
              <MethodPoint xsi:type="SequencePoint" vc="3" uspid="8182" ordinal="0" offset="0" sl="131" sc="9" el="131" ec="10" bec="0" bev="0" fileid="244" />
            </Method>
            <Method visited="true" cyclomaticComplexity="2" nPathComplexity="2" sequenceCoverage="83.33" branchCoverage="66.67" isConstructor="false" isStatic="true" isGetter="false" isSetter="false">
              <Summary numSequencePoints="6" visitedSequencePoints="5" numBranchPoints="3" visitedBranchPoints="2" sequenceCoverage="83.33" branchCoverage="66.67" maxCyclomaticComplexity="2" minCyclomaticComplexity="2" visitedClasses="0" numClasses="0" visitedMethods="1" numMethods="1" />
              <MetadataToken>100664754</MetadataToken>
              <Name>SportsWeb.Models.Models.PushButtonInputType SportsWeb.Services.Cabinate.AmpLightService.AmpLightExtensions::ToSportsInputType(SportsWeb.Services.Cabinate.AmpLightService.Interfaces.inputType)</Name>
              <FileRef uid="244" />
              <SequencePoints>
                <SequencePoint vc="1" uspid="8190" ordinal="0" offset="0" sl="143" sc="9" el="143" ec="10" bec="0" bev="0" fileid="244" />
                <SequencePoint vc="1" uspid="8191" ordinal="1" offset="1" sl="146" sc="13" el="146" ec="67" bec="2" bev="1" fileid="244" />
                <SequencePoint vc="1" uspid="8192" ordinal="2" offset="26" sl="147" sc="13" el="147" ec="14" bec="0" bev="0" fileid="244" />
                <SequencePoint vc="1" uspid="8193" ordinal="3" offset="27" sl="148" sc="17" el="148" ec="31" bec="0" bev="0" fileid="244" />
                <SequencePoint vc="0" uspid="8194" ordinal="4" offset="31" sl="151" sc="13" el="151" ec="103" bec="0" bev="0" fileid="244" />
                <SequencePoint vc="1" uspid="8195" ordinal="5" offset="42" sl="152" sc="9" el="152" ec="10" bec="0" bev="0" fileid="244" />
              </SequencePoints>
              <BranchPoints>
                <BranchPoint vc="1" uspid="8196" ordinal="0" offset="24" sl="146" path="0" offsetend="26" fileid="244" />
                <BranchPoint vc="0" uspid="8197" ordinal="1" offset="24" sl="146" path="1" offsetend="31" fileid="244" />
              </BranchPoints>
              <MethodPoint xsi:type="SequencePoint" vc="1" uspid="8190" ordinal="0" offset="0" sl="143" sc="9" el="143" ec="10" bec="0" bev="0" fileid="244" />
            </Method>
            <Method visited="true" cyclomaticComplexity="2" nPathComplexity="2" sequenceCoverage="83.33" branchCoverage="66.67" isConstructor="false" isStatic="true" isGetter="false" isSetter="false">
              <Summary numSequencePoints="6" visitedSequencePoints="5" numBranchPoints="3" visitedBranchPoints="2" sequenceCoverage="83.33" branchCoverage="66.67" maxCyclomaticComplexity="2" minCyclomaticComplexity="2" visitedClasses="0" numClasses="0" visitedMethods="1" numMethods="1" />
              <MetadataToken>100664755</MetadataToken>
              <Name>SportsWeb.Models.Models.PushButtonSharingMode SportsWeb.Services.Cabinate.AmpLightService.AmpLightExtensions::ToSportsSharingMode(SportsWeb.Services.Cabinate.AmpLightService.Interfaces.sharingMode)</Name>
              <FileRef uid="244" />
              <SequencePoints>
                <SequencePoint vc="1" uspid="8198" ordinal="0" offset="0" sl="155" sc="9" el="155" ec="10" bec="0" bev="0" fileid="244" />
                <SequencePoint vc="1" uspid="8199" ordinal="1" offset="1" sl="158" sc="13" el="158" ec="67" bec="2" bev="1" fileid="244" />
                <SequencePoint vc="1" uspid="8200" ordinal="2" offset="26" sl="159" sc="13" el="159" ec="14" bec="0" bev="0" fileid="244" />
                <SequencePoint vc="1" uspid="8201" ordinal="3" offset="27" sl="160" sc="17" el="160" ec="31" bec="0" bev="0" fileid="244" />
                <SequencePoint vc="0" uspid="8202" ordinal="4" offset="31" sl="163" sc="13" el="163" ec="105" bec="0" bev="0" fileid="244" />
                <SequencePoint vc="1" uspid="8203" ordinal="5" offset="42" sl="164" sc="9" el="164" ec="10" bec="0" bev="0" fileid="244" />
              </SequencePoints>
              <BranchPoints>
                <BranchPoint vc="1" uspid="8204" ordinal="0" offset="24" sl="158" path="0" offsetend="26" fileid="244" />
                <BranchPoint vc="0" uspid="8205" ordinal="1" offset="24" sl="158" path="1" offsetend="31" fileid="244" />
              </BranchPoints>
              <MethodPoint xsi:type="SequencePoint" vc="1" uspid="8198" ordinal="0" offset="0" sl="155" sc="9" el="155" ec="10" bec="0" bev="0" fileid="244" />
            </Method>
            <Method visited="true" cyclomaticComplexity="2" nPathComplexity="2" sequenceCoverage="83.33" branchCoverage="66.67" isConstructor="false" isStatic="true" isGetter="false" isSetter="false">
              <Summary numSequencePoints="6" visitedSequencePoints="5" numBranchPoints="3" visitedBranchPoints="2" sequenceCoverage="83.33" branchCoverage="66.67" maxCyclomaticComplexity="2" minCyclomaticComplexity="2" visitedClasses="0" numClasses="0" visitedMethods="1" numMethods="1" />
              <MetadataToken>100664756</MetadataToken>
              <Name>SportsWeb.Services.Cabinate.AmpLightService.Interfaces.fieldType SportsWeb.Services.Cabinate.AmpLightService.AmpLightExtensions::ToAmpFieldType(SportsWeb.Models.CircuitAssociation)</Name>
              <FileRef uid="244" />
              <SequencePoints>
                <SequencePoint vc="9" uspid="8206" ordinal="0" offset="0" sl="168" sc="9" el="168" ec="10" bec="0" bev="0" fileid="244" />
                <SequencePoint vc="9" uspid="8207" ordinal="1" offset="1" sl="171" sc="13" el="171" ec="81" bec="2" bev="1" fileid="244" />
                <SequencePoint vc="9" uspid="8208" ordinal="2" offset="26" sl="172" sc="13" el="172" ec="14" bec="0" bev="0" fileid="244" />
                <SequencePoint vc="9" uspid="8209" ordinal="3" offset="27" sl="173" sc="17" el="173" ec="39" bec="0" bev="0" fileid="244" />
                <SequencePoint vc="0" uspid="8210" ordinal="4" offset="31" sl="176" sc="13" el="176" ec="102" bec="0" bev="0" fileid="244" />
                <SequencePoint vc="9" uspid="8211" ordinal="5" offset="42" sl="177" sc="9" el="177" ec="10" bec="0" bev="0" fileid="244" />
              </SequencePoints>
              <BranchPoints>
                <BranchPoint vc="9" uspid="8212" ordinal="0" offset="24" sl="171" path="0" offsetend="26" fileid="244" />
                <BranchPoint vc="0" uspid="8213" ordinal="1" offset="24" sl="171" path="1" offsetend="31" fileid="244" />
              </BranchPoints>
              <MethodPoint xsi:type="SequencePoint" vc="9" uspid="8206" ordinal="0" offset="0" sl="168" sc="9" el="168" ec="10" bec="0" bev="0" fileid="244" />
            </Method>
            <Method visited="true" cyclomaticComplexity="2" nPathComplexity="2" sequenceCoverage="83.33" branchCoverage="66.67" isConstructor="false" isStatic="true" isGetter="false" isSetter="false">
              <Summary numSequencePoints="6" visitedSequencePoints="5" numBranchPoints="3" visitedBranchPoints="2" sequenceCoverage="83.33" branchCoverage="66.67" maxCyclomaticComplexity="2" minCyclomaticComplexity="2" visitedClasses="0" numClasses="0" visitedMethods="1" numMethods="1" />
              <MetadataToken>100664757</MetadataToken>
              <Name>SportsWeb.Models.CircuitAssociation SportsWeb.Services.Cabinate.AmpLightService.AmpLightExtensions::ToCircuitAssociation(SportsWeb.Services.Cabinate.AmpLightService.Interfaces.fieldType)</Name>
              <FileRef uid="244" />
              <SequencePoints>
                <SequencePoint vc="13" uspid="8214" ordinal="0" offset="0" sl="180" sc="9" el="180" ec="10" bec="0" bev="0" fileid="244" />
                <SequencePoint vc="13" uspid="8215" ordinal="1" offset="1" sl="183" sc="13" el="183" ec="81" bec="2" bev="1" fileid="244" />
                <SequencePoint vc="13" uspid="8216" ordinal="2" offset="26" sl="184" sc="13" el="184" ec="14" bec="0" bev="0" fileid="244" />
                <SequencePoint vc="13" uspid="8217" ordinal="3" offset="27" sl="185" sc="17" el="185" ec="39" bec="0" bev="0" fileid="244" />
                <SequencePoint vc="0" uspid="8218" ordinal="4" offset="31" sl="188" sc="13" el="188" ec="102" bec="0" bev="0" fileid="244" />
                <SequencePoint vc="13" uspid="8219" ordinal="5" offset="42" sl="189" sc="9" el="189" ec="10" bec="0" bev="0" fileid="244" />
              </SequencePoints>
              <BranchPoints>
                <BranchPoint vc="13" uspid="8220" ordinal="0" offset="24" sl="183" path="0" offsetend="26" fileid="244" />
                <BranchPoint vc="0" uspid="8221" ordinal="1" offset="24" sl="183" path="1" offsetend="31" fileid="244" />
              </BranchPoints>
              <MethodPoint xsi:type="SequencePoint" vc="13" uspid="8214" ordinal="0" offset="0" sl="180" sc="9" el="180" ec="10" bec="0" bev="0" fileid="244" />
            </Method>
            <Method visited="true" cyclomaticComplexity="2" nPathComplexity="2" sequenceCoverage="83.33" branchCoverage="66.67" isConstructor="false" isStatic="true" isGetter="false" isSetter="false">
              <Summary numSequencePoints="6" visitedSequencePoints="5" numBranchPoints="3" visitedBranchPoints="2" sequenceCoverage="83.33" branchCoverage="66.67" maxCyclomaticComplexity="2" minCyclomaticComplexity="2" visitedClasses="0" numClasses="0" visitedMethods="1" numMethods="1" />
              <MetadataToken>100664758</MetadataToken>
              <Name>SportsWeb.Services.Cabinate.AmpLightService.Interfaces.codedMainsScene SportsWeb.Services.Cabinate.AmpLightService.AmpLightExtensions::ToCodedMainsSceneCode(SportsWeb.Models.Models.CodedMainsScenes)</Name>
              <FileRef uid="244" />
              <SequencePoints>
                <SequencePoint vc="48" uspid="8222" ordinal="0" offset="0" sl="191" sc="9" el="191" ec="10" bec="0" bev="0" fileid="244" />
                <SequencePoint vc="48" uspid="8223" ordinal="1" offset="1" sl="194" sc="13" el="194" ec="69" bec="2" bev="1" fileid="244" />
                <SequencePoint vc="48" uspid="8224" ordinal="2" offset="26" sl="195" sc="13" el="195" ec="14" bec="0" bev="0" fileid="244" />
                <SequencePoint vc="48" uspid="8225" ordinal="3" offset="27" sl="196" sc="17" el="196" ec="33" bec="0" bev="0" fileid="244" />
                <SequencePoint vc="0" uspid="8226" ordinal="4" offset="31" sl="199" sc="13" el="199" ec="89" bec="0" bev="0" fileid="244" />
                <SequencePoint vc="48" uspid="8227" ordinal="5" offset="42" sl="200" sc="9" el="200" ec="10" bec="0" bev="0" fileid="244" />
              </SequencePoints>
              <BranchPoints>
                <BranchPoint vc="48" uspid="8228" ordinal="0" offset="24" sl="194" path="0" offsetend="26" fileid="244" />
                <BranchPoint vc="0" uspid="8229" ordinal="1" offset="24" sl="194" path="1" offsetend="31" fileid="244" />
              </BranchPoints>
              <MethodPoint xsi:type="SequencePoint" vc="48" uspid="8222" ordinal="0" offset="0" sl="191" sc="9" el="191" ec="10" bec="0" bev="0" fileid="244" />
            </Method>
            <Method visited="true" cyclomaticComplexity="2" nPathComplexity="2" sequenceCoverage="83.33" branchCoverage="66.67" isConstructor="false" isStatic="true" isGetter="false" isSetter="false">
              <Summary numSequencePoints="6" visitedSequencePoints="5" numBranchPoints="3" visitedBranchPoints="2" sequenceCoverage="83.33" branchCoverage="66.67" maxCyclomaticComplexity="2" minCyclomaticComplexity="2" visitedClasses="0" numClasses="0" visitedMethods="1" numMethods="1" />
              <MetadataToken>100664759</MetadataToken>
              <Name>SportsWeb.Models.Models.ControllerStatusEnum SportsWeb.Services.Cabinate.AmpLightService.AmpLightExtensions::ToPerfectplayControllerStatus(SportsWeb.Services.Cabinate.AmpLightService.Interfaces.cntrllerStatus)</Name>
              <FileRef uid="244" />
              <SequencePoints>
                <SequencePoint vc="3" uspid="8230" ordinal="0" offset="0" sl="203" sc="9" el="203" ec="10" bec="0" bev="0" fileid="244" />
                <SequencePoint vc="3" uspid="8231" ordinal="1" offset="1" sl="206" sc="13" el="206" ec="92" bec="2" bev="1" fileid="244" />
                <SequencePoint vc="3" uspid="8232" ordinal="2" offset="26" sl="207" sc="13" el="207" ec="14" bec="0" bev="0" fileid="244" />
                <SequencePoint vc="3" uspid="8233" ordinal="3" offset="27" sl="208" sc="17" el="208" ec="52" bec="0" bev="0" fileid="244" />
                <SequencePoint vc="0" uspid="8234" ordinal="4" offset="31" sl="211" sc="13" el="211" ec="100" bec="0" bev="0" fileid="244" />
                <SequencePoint vc="3" uspid="8235" ordinal="5" offset="42" sl="212" sc="9" el="212" ec="10" bec="0" bev="0" fileid="244" />
              </SequencePoints>
              <BranchPoints>
                <BranchPoint vc="3" uspid="8236" ordinal="0" offset="24" sl="206" path="0" offsetend="26" fileid="244" />
                <BranchPoint vc="0" uspid="8237" ordinal="1" offset="24" sl="206" path="1" offsetend="31" fileid="244" />
              </BranchPoints>
              <MethodPoint xsi:type="SequencePoint" vc="3" uspid="8230" ordinal="0" offset="0" sl="203" sc="9" el="203" ec="10" bec="0" bev="0" fileid="244" />
            </Method>
            <Method visited="true" cyclomaticComplexity="2" nPathComplexity="2" sequenceCoverage="83.33" branchCoverage="66.67" isConstructor="false" isStatic="true" isGetter="false" isSetter="false">
              <Summary numSequencePoints="6" visitedSequencePoints="5" numBranchPoints="3" visitedBranchPoints="2" sequenceCoverage="83.33" branchCoverage="66.67" maxCyclomaticComplexity="2" minCyclomaticComplexity="2" visitedClasses="0" numClasses="0" visitedMethods="1" numMethods="1" />
              <MetadataToken>100664760</MetadataToken>
              <Name>SportsWeb.Services.Cabinate.AmpLightService.Interfaces.scheduleFrequencyType SportsWeb.Services.Cabinate.AmpLightService.AmpLightExtensions::ToAmpScheduleFrequencyType(SportsWeb.Models.Models.SchedulingFrequency)</Name>
              <FileRef uid="244" />
              <SequencePoints>
                <SequencePoint vc="45" uspid="8238" ordinal="0" offset="0" sl="215" sc="9" el="215" ec="10" bec="0" bev="0" fileid="244" />
                <SequencePoint vc="45" uspid="8239" ordinal="1" offset="1" sl="218" sc="13" el="218" ec="89" bec="2" bev="1" fileid="244" />
                <SequencePoint vc="45" uspid="8240" ordinal="2" offset="26" sl="219" sc="13" el="219" ec="14" bec="0" bev="0" fileid="244" />
                <SequencePoint vc="45" uspid="8241" ordinal="3" offset="27" sl="220" sc="17" el="220" ec="49" bec="0" bev="0" fileid="244" />
                <SequencePoint vc="0" uspid="8242" ordinal="4" offset="31" sl="223" sc="13" el="223" ec="110" bec="0" bev="0" fileid="244" />
                <SequencePoint vc="45" uspid="8243" ordinal="5" offset="42" sl="224" sc="9" el="224" ec="10" bec="0" bev="0" fileid="244" />
              </SequencePoints>
              <BranchPoints>
                <BranchPoint vc="45" uspid="8244" ordinal="0" offset="24" sl="218" path="0" offsetend="26" fileid="244" />
                <BranchPoint vc="0" uspid="8245" ordinal="1" offset="24" sl="218" path="1" offsetend="31" fileid="244" />
              </BranchPoints>
              <MethodPoint xsi:type="SequencePoint" vc="45" uspid="8238" ordinal="0" offset="0" sl="215" sc="9" el="215" ec="10" bec="0" bev="0" fileid="244" />
            </Method>
            <Method visited="true" cyclomaticComplexity="2" nPathComplexity="2" sequenceCoverage="83.33" branchCoverage="66.67" isConstructor="false" isStatic="true" isGetter="false" isSetter="false">
              <Summary numSequencePoints="6" visitedSequencePoints="5" numBranchPoints="3" visitedBranchPoints="2" sequenceCoverage="83.33" branchCoverage="66.67" maxCyclomaticComplexity="2" minCyclomaticComplexity="2" visitedClasses="0" numClasses="0" visitedMethods="1" numMethods="1" />
              <MetadataToken>100664761</MetadataToken>
              <Name>SportsWeb.Models.Models.SchedulingFrequency SportsWeb.Services.Cabinate.AmpLightService.AmpLightExtensions::ToPerfectPlayScheduleFrequencyType(SportsWeb.Services.Cabinate.AmpLightService.Interfaces.scheduleFrequencyType)</Name>
              <FileRef uid="244" />
              <SequencePoints>
                <SequencePoint vc="5" uspid="8246" ordinal="0" offset="0" sl="227" sc="9" el="227" ec="10" bec="0" bev="0" fileid="244" />
                <SequencePoint vc="5" uspid="8247" ordinal="1" offset="1" sl="230" sc="13" el="230" ec="89" bec="2" bev="1" fileid="244" />
                <SequencePoint vc="5" uspid="8248" ordinal="2" offset="26" sl="231" sc="13" el="231" ec="14" bec="0" bev="0" fileid="244" />
                <SequencePoint vc="5" uspid="8249" ordinal="3" offset="27" sl="232" sc="17" el="232" ec="49" bec="0" bev="0" fileid="244" />
                <SequencePoint vc="0" uspid="8250" ordinal="4" offset="31" sl="235" sc="13" el="235" ec="110" bec="0" bev="0" fileid="244" />
                <SequencePoint vc="5" uspid="8251" ordinal="5" offset="42" sl="236" sc="9" el="236" ec="10" bec="0" bev="0" fileid="244" />
              </SequencePoints>
              <BranchPoints>
                <BranchPoint vc="5" uspid="8252" ordinal="0" offset="24" sl="230" path="0" offsetend="26" fileid="244" />
                <BranchPoint vc="0" uspid="8253" ordinal="1" offset="24" sl="230" path="1" offsetend="31" fileid="244" />
              </BranchPoints>
              <MethodPoint xsi:type="SequencePoint" vc="5" uspid="8246" ordinal="0" offset="0" sl="227" sc="9" el="227" ec="10" bec="0" bev="0" fileid="244" />
            </Method>
            <Method visited="false" cyclomaticComplexity="2" nPathComplexity="2" sequenceCoverage="0" branchCoverage="0" isConstructor="false" isStatic="true" isGetter="false" isSetter="false">
              <Summary numSequencePoints="6" visitedSequencePoints="0" numBranchPoints="3" visitedBranchPoints="0" sequenceCoverage="0" branchCoverage="0" maxCyclomaticComplexity="2" minCyclomaticComplexity="2" visitedClasses="0" numClasses="0" visitedMethods="0" numMethods="1" />
              <MetadataToken>100664762</MetadataToken>
              <Name>SportsWeb.Models.Models.ScheduleType SportsWeb.Services.Cabinate.AmpLightService.AmpLightExtensions::ToPerfectPlayScheuleType(SportsWeb.Services.Cabinate.AmpLightService.Interfaces.scheduleType)</Name>
              <FileRef uid="244" />
              <SequencePoints>
                <SequencePoint vc="0" uspid="8254" ordinal="0" offset="0" sl="239" sc="9" el="239" ec="10" bec="0" bev="0" fileid="244" />
                <SequencePoint vc="0" uspid="8255" ordinal="1" offset="1" sl="242" sc="13" el="242" ec="84" bec="2" bev="0" fileid="244" />
                <SequencePoint vc="0" uspid="8256" ordinal="2" offset="26" sl="243" sc="13" el="243" ec="14" bec="0" bev="0" fileid="244" />
                <SequencePoint vc="0" uspid="8257" ordinal="3" offset="27" sl="244" sc="17" el="244" ec="49" bec="0" bev="0" fileid="244" />
                <SequencePoint vc="0" uspid="8258" ordinal="4" offset="31" sl="247" sc="13" el="247" ec="103" bec="0" bev="0" fileid="244" />
                <SequencePoint vc="0" uspid="8259" ordinal="5" offset="42" sl="248" sc="9" el="248" ec="10" bec="0" bev="0" fileid="244" />
              </SequencePoints>
              <BranchPoints>
                <BranchPoint vc="0" uspid="8260" ordinal="0" offset="24" sl="242" path="0" offsetend="26" fileid="244" />
                <BranchPoint vc="0" uspid="8261" ordinal="1" offset="24" sl="242" path="1" offsetend="31" fileid="244" />
              </BranchPoints>
              <MethodPoint xsi:type="SequencePoint" vc="0" uspid="8254" ordinal="0" offset="0" sl="239" sc="9" el="239" ec="10" bec="0" bev="0" fileid="244" />
            </Method>
            <Method visited="false" cyclomaticComplexity="2" nPathComplexity="2" sequenceCoverage="0" branchCoverage="0" isConstructor="false" isStatic="true" isGetter="false" isSetter="false">
              <Summary numSequencePoints="6" visitedSequencePoints="0" numBranchPoints="3" visitedBranchPoints="0" sequenceCoverage="0" branchCoverage="0" maxCyclomaticComplexity="2" minCyclomaticComplexity="2" visitedClasses="0" numClasses="0" visitedMethods="0" numMethods="1" />
              <MetadataToken>100664763</MetadataToken>
              <Name>SportsWeb.Services.Cabinate.AmpLightService.Interfaces.scheduleType SportsWeb.Services.Cabinate.AmpLightService.AmpLightExtensions::ToAmpScheuleType(SportsWeb.Models.Models.ScheduleType)</Name>
              <FileRef uid="244" />
              <SequencePoints>
                <SequencePoint vc="0" uspid="8262" ordinal="0" offset="0" sl="251" sc="9" el="251" ec="10" bec="0" bev="0" fileid="244" />
                <SequencePoint vc="0" uspid="8263" ordinal="1" offset="1" sl="254" sc="13" el="254" ec="84" bec="2" bev="0" fileid="244" />
                <SequencePoint vc="0" uspid="8264" ordinal="2" offset="26" sl="255" sc="13" el="255" ec="14" bec="0" bev="0" fileid="244" />
                <SequencePoint vc="0" uspid="8265" ordinal="3" offset="27" sl="256" sc="17" el="256" ec="49" bec="0" bev="0" fileid="244" />
                <SequencePoint vc="0" uspid="8266" ordinal="4" offset="31" sl="259" sc="13" el="259" ec="103" bec="0" bev="0" fileid="244" />
                <SequencePoint vc="0" uspid="8267" ordinal="5" offset="42" sl="260" sc="9" el="260" ec="10" bec="0" bev="0" fileid="244" />
              </SequencePoints>
              <BranchPoints>
                <BranchPoint vc="0" uspid="8268" ordinal="0" offset="24" sl="254" path="0" offsetend="26" fileid="244" />
                <BranchPoint vc="0" uspid="8269" ordinal="1" offset="24" sl="254" path="1" offsetend="31" fileid="244" />
              </BranchPoints>
              <MethodPoint xsi:type="SequencePoint" vc="0" uspid="8262" ordinal="0" offset="0" sl="251" sc="9" el="251" ec="10" bec="0" bev="0" fileid="244" />
            </Method>
            <Method visited="false" cyclomaticComplexity="3" nPathComplexity="4" sequenceCoverage="0" branchCoverage="0" isConstructor="false" isStatic="true" isGetter="false" isSetter="false">
              <Summary numSequencePoints="9" visitedSequencePoints="0" numBranchPoints="5" visitedBranchPoints="0" sequenceCoverage="0" branchCoverage="0" maxCyclomaticComplexity="3" minCyclomaticComplexity="3" visitedClasses="0" numClasses="0" visitedMethods="0" numMethods="1" />
              <MetadataToken>100664764</MetadataToken>
              <Name>SportsWeb.Models.Models.ScheduleType SportsWeb.Services.Cabinate.AmpLightService.AmpLightExtensions::ToPerfectPlayMasterScheuleType(SportsWeb.Services.Cabinate.AmpLightService.Interfaces.scheduleType)</Name>
              <FileRef uid="244" />
              <SequencePoints>
                <SequencePoint vc="0" uspid="8270" ordinal="0" offset="0" sl="263" sc="9" el="263" ec="10" bec="0" bev="0" fileid="244" />
                <SequencePoint vc="0" uspid="8271" ordinal="1" offset="1" sl="266" sc="13" el="266" ec="50" bec="2" bev="0" fileid="244" />
                <SequencePoint vc="0" uspid="8272" ordinal="2" offset="9" sl="267" sc="17" el="267" ec="71" bec="0" bev="0" fileid="244" />
                <SequencePoint vc="0" uspid="8273" ordinal="3" offset="13" sl="268" sc="18" el="268" ec="58" bec="2" bev="0" fileid="244" />
                <SequencePoint vc="0" uspid="8274" ordinal="4" offset="21" sl="269" sc="17" el="269" ec="74" bec="0" bev="0" fileid="244" />
                <SequencePoint vc="0" uspid="8275" ordinal="5" offset="25" sl="271" sc="13" el="271" ec="14" bec="0" bev="0" fileid="244" />
                <SequencePoint vc="0" uspid="8276" ordinal="6" offset="26" sl="272" sc="17" el="272" ec="107" bec="0" bev="0" fileid="244" />
                <SequencePoint vc="0" uspid="8277" ordinal="7" offset="37" sl="275" sc="13" el="275" ec="45" bec="0" bev="0" fileid="244" />
                <SequencePoint vc="0" uspid="8278" ordinal="8" offset="41" sl="276" sc="9" el="276" ec="10" bec="0" bev="0" fileid="244" />
              </SequencePoints>
              <BranchPoints>
                <BranchPoint vc="0" uspid="8279" ordinal="0" offset="7" sl="266" path="0" offsetend="9" fileid="244" />
                <BranchPoint vc="0" uspid="8280" ordinal="1" offset="7" sl="266" path="1" offsetend="13" fileid="244" />
                <BranchPoint vc="0" uspid="8281" ordinal="2" offset="19" sl="268" path="0" offsetend="21" fileid="244" />
                <BranchPoint vc="0" uspid="8282" ordinal="3" offset="19" sl="268" path="1" offsetend="25" fileid="244" />
              </BranchPoints>
              <MethodPoint xsi:type="SequencePoint" vc="0" uspid="8270" ordinal="0" offset="0" sl="263" sc="9" el="263" ec="10" bec="0" bev="0" fileid="244" />
            </Method>
            <Method visited="false" cyclomaticComplexity="3" nPathComplexity="4" sequenceCoverage="0" branchCoverage="0" isConstructor="false" isStatic="true" isGetter="false" isSetter="false">
              <Summary numSequencePoints="9" visitedSequencePoints="0" numBranchPoints="5" visitedBranchPoints="0" sequenceCoverage="0" branchCoverage="0" maxCyclomaticComplexity="3" minCyclomaticComplexity="3" visitedClasses="0" numClasses="0" visitedMethods="0" numMethods="1" />
              <MetadataToken>100664765</MetadataToken>
              <Name>SportsWeb.Services.Cabinate.AmpLightService.Interfaces.scheduleType SportsWeb.Services.Cabinate.AmpLightService.AmpLightExtensions::ToAmpMasterScheuleType(SportsWeb.Models.Models.ScheduleType)</Name>
              <FileRef uid="244" />
              <SequencePoints>
                <SequencePoint vc="0" uspid="8283" ordinal="0" offset="0" sl="279" sc="9" el="279" ec="10" bec="0" bev="0" fileid="244" />
                <SequencePoint vc="0" uspid="8284" ordinal="1" offset="1" sl="282" sc="13" el="282" ec="52" bec="2" bev="0" fileid="244" />
                <SequencePoint vc="0" uspid="8285" ordinal="2" offset="9" sl="283" sc="17" el="283" ec="69" bec="0" bev="0" fileid="244" />
                <SequencePoint vc="0" uspid="8286" ordinal="3" offset="13" sl="284" sc="18" el="284" ec="60" bec="2" bev="0" fileid="244" />
                <SequencePoint vc="0" uspid="8287" ordinal="4" offset="21" sl="285" sc="17" el="285" ec="72" bec="0" bev="0" fileid="244" />
                <SequencePoint vc="0" uspid="8288" ordinal="5" offset="25" sl="287" sc="13" el="287" ec="14" bec="0" bev="0" fileid="244" />
                <SequencePoint vc="0" uspid="8289" ordinal="6" offset="26" sl="288" sc="17" el="288" ec="107" bec="0" bev="0" fileid="244" />
                <SequencePoint vc="0" uspid="8290" ordinal="7" offset="37" sl="291" sc="13" el="291" ec="45" bec="0" bev="0" fileid="244" />
                <SequencePoint vc="0" uspid="8291" ordinal="8" offset="41" sl="292" sc="9" el="292" ec="10" bec="0" bev="0" fileid="244" />
              </SequencePoints>
              <BranchPoints>
                <BranchPoint vc="0" uspid="8292" ordinal="0" offset="7" sl="282" path="0" offsetend="9" fileid="244" />
                <BranchPoint vc="0" uspid="8293" ordinal="1" offset="7" sl="282" path="1" offsetend="13" fileid="244" />
                <BranchPoint vc="0" uspid="8294" ordinal="2" offset="19" sl="284" path="0" offsetend="21" fileid="244" />
                <BranchPoint vc="0" uspid="8295" ordinal="3" offset="19" sl="284" path="1" offsetend="25" fileid="244" />
              </BranchPoints>
              <MethodPoint xsi:type="SequencePoint" vc="0" uspid="8283" ordinal="0" offset="0" sl="279" sc="9" el="279" ec="10" bec="0" bev="0" fileid="244" />
            </Method>
            <Method visited="false" cyclomaticComplexity="2" nPathComplexity="2" sequenceCoverage="0" branchCoverage="0" isConstructor="false" isStatic="true" isGetter="false" isSetter="false">
              <Summary numSequencePoints="6" visitedSequencePoints="0" numBranchPoints="3" visitedBranchPoints="0" sequenceCoverage="0" branchCoverage="0" maxCyclomaticComplexity="2" minCyclomaticComplexity="2" visitedClasses="0" numClasses="0" visitedMethods="0" numMethods="1" />
              <MetadataToken>100664766</MetadataToken>
              <Name>SportsWeb.Services.Cabinate.AmpLightService.Interfaces.sign SportsWeb.Services.Cabinate.AmpLightService.AmpLightExtensions::ToAmpOffSetSign(SportsWeb.Models.Models.ScheduleOffSetSign)</Name>
              <FileRef uid="244" />
              <SequencePoints>
                <SequencePoint vc="0" uspid="8296" ordinal="0" offset="0" sl="295" sc="9" el="295" ec="10" bec="0" bev="0" fileid="244" />
                <SequencePoint vc="0" uspid="8297" ordinal="1" offset="1" sl="298" sc="13" el="298" ec="84" bec="2" bev="0" fileid="244" />
                <SequencePoint vc="0" uspid="8298" ordinal="2" offset="26" sl="299" sc="13" el="299" ec="14" bec="0" bev="0" fileid="244" />
                <SequencePoint vc="0" uspid="8299" ordinal="3" offset="27" sl="300" sc="17" el="300" ec="49" bec="0" bev="0" fileid="244" />
                <SequencePoint vc="0" uspid="8300" ordinal="4" offset="31" sl="303" sc="13" el="303" ec="103" bec="0" bev="0" fileid="244" />
                <SequencePoint vc="0" uspid="8301" ordinal="5" offset="42" sl="304" sc="9" el="304" ec="10" bec="0" bev="0" fileid="244" />
              </SequencePoints>
              <BranchPoints>
                <BranchPoint vc="0" uspid="8302" ordinal="0" offset="24" sl="298" path="0" offsetend="26" fileid="244" />
                <BranchPoint vc="0" uspid="8303" ordinal="1" offset="24" sl="298" path="1" offsetend="31" fileid="244" />
              </BranchPoints>
              <MethodPoint xsi:type="SequencePoint" vc="0" uspid="8296" ordinal="0" offset="0" sl="295" sc="9" el="295" ec="10" bec="0" bev="0" fileid="244" />
            </Method>
            <Method visited="false" cyclomaticComplexity="2" nPathComplexity="2" sequenceCoverage="0" branchCoverage="0" isConstructor="false" isStatic="true" isGetter="false" isSetter="false">
              <Summary numSequencePoints="6" visitedSequencePoints="0" numBranchPoints="3" visitedBranchPoints="0" sequenceCoverage="0" branchCoverage="0" maxCyclomaticComplexity="2" minCyclomaticComplexity="2" visitedClasses="0" numClasses="0" visitedMethods="0" numMethods="1" />
              <MetadataToken>100664767</MetadataToken>
              <Name>SportsWeb.Models.Models.ScheduleOffSetSign SportsWeb.Services.Cabinate.AmpLightService.AmpLightExtensions::ToPerfectPlayOffSetSign(SportsWeb.Services.Cabinate.AmpLightService.Interfaces.sign)</Name>
              <FileRef uid="244" />
              <SequencePoints>
                <SequencePoint vc="0" uspid="8304" ordinal="0" offset="0" sl="307" sc="9" el="307" ec="10" bec="0" bev="0" fileid="244" />
                <SequencePoint vc="0" uspid="8305" ordinal="1" offset="1" sl="310" sc="13" el="310" ec="84" bec="2" bev="0" fileid="244" />
                <SequencePoint vc="0" uspid="8306" ordinal="2" offset="26" sl="311" sc="13" el="311" ec="14" bec="0" bev="0" fileid="244" />
                <SequencePoint vc="0" uspid="8307" ordinal="3" offset="27" sl="312" sc="17" el="312" ec="49" bec="0" bev="0" fileid="244" />
                <SequencePoint vc="0" uspid="8308" ordinal="4" offset="31" sl="315" sc="13" el="315" ec="103" bec="0" bev="0" fileid="244" />
                <SequencePoint vc="0" uspid="8309" ordinal="5" offset="42" sl="316" sc="9" el="316" ec="10" bec="0" bev="0" fileid="244" />
              </SequencePoints>
              <BranchPoints>
                <BranchPoint vc="0" uspid="8310" ordinal="0" offset="24" sl="310" path="0" offsetend="26" fileid="244" />
                <BranchPoint vc="0" uspid="8311" ordinal="1" offset="24" sl="310" path="1" offsetend="31" fileid="244" />
              </BranchPoints>
              <MethodPoint xsi:type="SequencePoint" vc="0" uspid="8304" ordinal="0" offset="0" sl="307" sc="9" el="307" ec="10" bec="0" bev="0" fileid="244" />
            </Method>
            <Method visited="true" cyclomaticComplexity="2" nPathComplexity="2" sequenceCoverage="100" branchCoverage="100" isConstructor="false" isStatic="true" isGetter="false" isSetter="false">
              <Summary numSequencePoints="6" visitedSequencePoints="6" numBranchPoints="3" visitedBranchPoints="3" sequenceCoverage="100" branchCoverage="100" maxCyclomaticComplexity="2" minCyclomaticComplexity="2" visitedClasses="0" numClasses="0" visitedMethods="1" numMethods="1" />
              <MetadataToken>100664768</MetadataToken>
              <Name>SportsWeb.Services.Cabinate.AmpLightService.Interfaces.dayOfWeek SportsWeb.Services.Cabinate.AmpLightService.AmpLightExtensions::ToAmpDayOfWeek(System.Nullable`1&lt;SportsWeb.Models.Models.DayOfWeek&gt;)</Name>
              <FileRef uid="244" />
              <SequencePoints>
                <SequencePoint vc="4" uspid="8312" ordinal="0" offset="0" sl="319" sc="9" el="319" ec="10" bec="0" bev="0" fileid="244" />
                <SequencePoint vc="4" uspid="8313" ordinal="1" offset="1" sl="322" sc="13" el="322" ec="82" bec="2" bev="2" fileid="244" />
                <SequencePoint vc="2" uspid="8314" ordinal="2" offset="26" sl="323" sc="13" el="323" ec="14" bec="0" bev="0" fileid="244" />
                <SequencePoint vc="2" uspid="8315" ordinal="3" offset="27" sl="324" sc="17" el="324" ec="40" bec="0" bev="0" fileid="244" />
                <SequencePoint vc="2" uspid="8316" ordinal="4" offset="31" sl="327" sc="13" el="327" ec="100" bec="0" bev="0" fileid="244" />
                <SequencePoint vc="2" uspid="8317" ordinal="5" offset="42" sl="329" sc="9" el="329" ec="10" bec="0" bev="0" fileid="244" />
              </SequencePoints>
              <BranchPoints>
                <BranchPoint vc="2" uspid="8318" ordinal="0" offset="24" sl="322" path="0" offsetend="26" fileid="244" />
                <BranchPoint vc="2" uspid="8319" ordinal="1" offset="24" sl="322" path="1" offsetend="31" fileid="244" />
              </BranchPoints>
              <MethodPoint xsi:type="SequencePoint" vc="4" uspid="8312" ordinal="0" offset="0" sl="319" sc="9" el="319" ec="10" bec="0" bev="0" fileid="244" />
            </Method>
            <Method visited="true" cyclomaticComplexity="2" nPathComplexity="2" sequenceCoverage="83.33" branchCoverage="66.67" isConstructor="false" isStatic="true" isGetter="false" isSetter="false">
              <Summary numSequencePoints="6" visitedSequencePoints="5" numBranchPoints="3" visitedBranchPoints="2" sequenceCoverage="83.33" branchCoverage="66.67" maxCyclomaticComplexity="2" minCyclomaticComplexity="2" visitedClasses="0" numClasses="0" visitedMethods="1" numMethods="1" />
              <MetadataToken>100664769</MetadataToken>
              <Name>SportsWeb.Models.Models.DayOfWeek SportsWeb.Services.Cabinate.AmpLightService.AmpLightExtensions::ToPerfectPlayDayOfWeek(SportsWeb.Services.Cabinate.AmpLightService.Interfaces.dayOfWeek)</Name>
              <FileRef uid="244" />
              <SequencePoints>
                <SequencePoint vc="3" uspid="8320" ordinal="0" offset="0" sl="331" sc="9" el="331" ec="10" bec="0" bev="0" fileid="244" />
                <SequencePoint vc="3" uspid="8321" ordinal="1" offset="1" sl="334" sc="13" el="334" ec="94" bec="2" bev="1" fileid="244" />
                <SequencePoint vc="3" uspid="8322" ordinal="2" offset="26" sl="335" sc="13" el="335" ec="14" bec="0" bev="0" fileid="244" />
                <SequencePoint vc="3" uspid="8323" ordinal="3" offset="27" sl="336" sc="17" el="336" ec="54" bec="0" bev="0" fileid="244" />
                <SequencePoint vc="0" uspid="8324" ordinal="4" offset="31" sl="339" sc="13" el="339" ec="110" bec="0" bev="0" fileid="244" />
                <SequencePoint vc="3" uspid="8325" ordinal="5" offset="42" sl="340" sc="9" el="340" ec="10" bec="0" bev="0" fileid="244" />
              </SequencePoints>
              <BranchPoints>
                <BranchPoint vc="3" uspid="8326" ordinal="0" offset="24" sl="334" path="0" offsetend="26" fileid="244" />
                <BranchPoint vc="0" uspid="8327" ordinal="1" offset="24" sl="334" path="1" offsetend="31" fileid="244" />
              </BranchPoints>
              <MethodPoint xsi:type="SequencePoint" vc="3" uspid="8320" ordinal="0" offset="0" sl="331" sc="9" el="331" ec="10" bec="0" bev="0" fileid="244" />
            </Method>
          </Methods>
        </Class>
        <Class>
          <Summary numSequencePoints="2074" visitedSequencePoints="1646" numBranchPoints="571" visitedBranchPoints="366" sequenceCoverage="79.36" branchCoverage="64.10" maxCyclomaticComplexity="29" minCyclomaticComplexity="1" visitedClasses="1" numClasses="1" visitedMethods="48" numMethods="53" />
          <FullName>SportsWeb.Services.Cabinate.AmpLightService.AmpWebCabinet</FullName>
          <Methods>
            <Method visited="false" cyclomaticComplexity="11" nPathComplexity="128" sequenceCoverage="0" branchCoverage="0" isConstructor="false" isStatic="false" isGetter="false" isSetter="false">
              <Summary numSequencePoints="49" visitedSequencePoints="0" numBranchPoints="15" visitedBranchPoints="0" sequenceCoverage="0" branchCoverage="0" maxCyclomaticComplexity="11" minCyclomaticComplexity="11" visitedClasses="0" numClasses="0" visitedMethods="0" numMethods="1" />
              <MetadataToken>100664770</MetadataToken>
              <Name>System.Int64 SportsWeb.Services.Cabinate.AmpLightService.AmpWebCabinet::CreateMasterSchedule(SportsWeb.Models.Models.MasterScheduleModel)</Name>
              <FileRef uid="245" />
              <SequencePoints>
                <SequencePoint vc="0" uspid="8328" ordinal="0" offset="13" sl="22" sc="9" el="22" ec="10" bec="0" bev="0" fileid="245" />
                <SequencePoint vc="0" uspid="8329" ordinal="1" offset="14" sl="23" sc="13" el="23" ec="31" bec="2" bev="0" fileid="245" />
                <SequencePoint vc="0" uspid="8330" ordinal="2" offset="27" sl="24" sc="13" el="24" ec="14" bec="0" bev="0" fileid="245" />
                <SequencePoint vc="0" uspid="8331" ordinal="3" offset="28" sl="25" sc="17" el="25" ec="103" bec="0" bev="0" fileid="245" />
                <SequencePoint vc="0" uspid="8332" ordinal="4" offset="44" sl="26" sc="17" el="27" ec="88" bec="0" bev="0" fileid="245" />
                <SequencePoint vc="0" uspid="8333" ordinal="5" offset="56" sl="31" sc="13" el="31" ec="14" bec="0" bev="0" fileid="245" />
                <SequencePoint vc="0" uspid="8334" ordinal="6" offset="57" sl="34" sc="24" el="34" ec="51" bec="0" bev="0" fileid="245" />
                <SequencePoint vc="0" uspid="8335" ordinal="7" offset="65" sl="35" sc="17" el="35" ec="18" bec="0" bev="0" fileid="245" />
                <SequencePoint vc="0" uspid="8336" ordinal="8" offset="66" sl="36" sc="21" el="36" ec="70" bec="0" bev="0" fileid="245" />
                <SequencePoint vc="0" uspid="8337" ordinal="9" offset="75" sl="37" sc="21" el="37" ec="98" bec="0" bev="0" fileid="245" />
                <SequencePoint vc="0" uspid="8338" ordinal="10" offset="252" sl="38" sc="17" el="38" ec="18" bec="0" bev="0" fileid="245" />
                <SequencePoint vc="0" uspid="8339" ordinal="11" offset="268" sl="40" sc="17" el="40" ec="70" bec="0" bev="0" fileid="245" />
                <SequencePoint vc="0" uspid="8340" ordinal="12" offset="281" sl="41" sc="17" el="41" ec="104" bec="0" bev="0" fileid="245" />
                <SequencePoint vc="0" uspid="8341" ordinal="13" offset="306" sl="43" sc="17" el="43" ec="36" bec="2" bev="0" fileid="245" />
                <SequencePoint vc="0" uspid="8342" ordinal="14" offset="317" sl="44" sc="21" el="44" ec="60" bec="0" bev="0" fileid="245" />
                <SequencePoint vc="0" uspid="8343" ordinal="15" offset="333" sl="46" sc="17" el="46" ec="52" bec="0" bev="0" fileid="245" />
                <SequencePoint vc="0" uspid="8344" ordinal="16" offset="336" sl="47" sc="17" el="47" ec="77" bec="2" bev="0" fileid="245" />
                <SequencePoint vc="0" uspid="8345" ordinal="17" offset="356" sl="48" sc="17" el="48" ec="18" bec="0" bev="0" fileid="245" />
                <SequencePoint vc="0" uspid="8346" ordinal="18" offset="357" sl="49" sc="21" el="52" ec="23" bec="0" bev="0" fileid="245" />
                <SequencePoint vc="0" uspid="8347" ordinal="19" offset="392" sl="53" sc="17" el="53" ec="18" bec="0" bev="0" fileid="245" />
                <SequencePoint vc="0" uspid="8348" ordinal="20" offset="393" sl="56" sc="17" el="81" ec="19" bec="2" bev="0" fileid="245" />
                <SequencePoint vc="0" uspid="8349" ordinal="21" offset="662" sl="82" sc="17" el="82" ec="76" bec="2" bev="0" fileid="245" />
                <SequencePoint vc="0" uspid="8350" ordinal="22" offset="685" sl="83" sc="17" el="83" ec="18" bec="0" bev="0" fileid="245" />
                <SequencePoint vc="0" uspid="8351" ordinal="23" offset="686" sl="84" sc="21" el="106" ec="23" bec="0" bev="0" fileid="245" />
                <SequencePoint vc="0" uspid="8352" ordinal="24" offset="941" sl="107" sc="17" el="107" ec="18" bec="0" bev="0" fileid="245" />
                <SequencePoint vc="0" uspid="8353" ordinal="25" offset="942" sl="108" sc="17" el="108" ec="79" bec="2" bev="0" fileid="245" />
                <SequencePoint vc="0" uspid="8354" ordinal="26" offset="965" sl="109" sc="17" el="109" ec="18" bec="0" bev="0" fileid="245" />
                <SequencePoint vc="0" uspid="8355" ordinal="27" offset="966" sl="110" sc="21" el="116" ec="23" bec="0" bev="0" fileid="245" />
                <SequencePoint vc="0" uspid="8356" ordinal="28" offset="1046" sl="118" sc="21" el="130" ec="23" bec="0" bev="0" fileid="245" />
                <SequencePoint vc="0" uspid="8357" ordinal="29" offset="1228" sl="131" sc="21" el="175" ec="23" bec="0" bev="0" fileid="245" />
                <SequencePoint vc="0" uspid="8358" ordinal="30" offset="1555" sl="176" sc="17" el="176" ec="18" bec="0" bev="0" fileid="245" />
                <SequencePoint vc="0" uspid="8359" ordinal="31" offset="1556" sl="178" sc="17" el="178" ec="110" bec="0" bev="0" fileid="245" />
                <SequencePoint vc="0" uspid="8360" ordinal="32" offset="1593" sl="180" sc="17" el="180" ec="86" bec="0" bev="0" fileid="245" />
                <SequencePoint vc="0" uspid="8361" ordinal="33" offset="1604" sl="182" sc="17" el="183" ec="106" bec="0" bev="0" fileid="245" />
                <SequencePoint vc="0" uspid="8362" ordinal="34" offset="1686" sl="185" sc="17" el="185" ec="58" bec="0" bev="0" fileid="245" />
                <SequencePoint vc="0" uspid="8363" ordinal="35" offset="1705" sl="187" sc="13" el="187" ec="52" bec="0" bev="0" fileid="245" />
                <SequencePoint vc="0" uspid="8364" ordinal="36" offset="1707" sl="188" sc="13" el="188" ec="14" bec="0" bev="0" fileid="245" />
                <SequencePoint vc="0" uspid="8365" ordinal="37" offset="1708" sl="189" sc="17" el="191" ec="62" bec="0" bev="0" fileid="245" />
                <SequencePoint vc="0" uspid="8366" ordinal="38" offset="1794" sl="192" sc="17" el="192" ec="63" bec="0" bev="0" fileid="245" />
                <SequencePoint vc="0" uspid="8367" ordinal="39" offset="1815" sl="194" sc="17" el="195" ec="83" bec="0" bev="0" fileid="245" />
                <SequencePoint vc="0" uspid="8368" ordinal="40" offset="1839" sl="196" sc="17" el="197" ec="120" bec="2" bev="0" fileid="245" />
                <SequencePoint vc="0" uspid="8369" ordinal="41" offset="1856" sl="199" sc="13" el="199" ec="42" bec="0" bev="0" fileid="245" />
                <SequencePoint vc="0" uspid="8370" ordinal="42" offset="1857" sl="200" sc="13" el="200" ec="14" bec="0" bev="0" fileid="245" />
                <SequencePoint vc="0" uspid="8371" ordinal="43" offset="1858" sl="201" sc="17" el="201" ec="23" bec="0" bev="0" fileid="245" />
                <SequencePoint vc="0" uspid="8372" ordinal="44" offset="1860" sl="203" sc="13" el="203" ec="33" bec="0" bev="0" fileid="245" />
                <SequencePoint vc="0" uspid="8373" ordinal="45" offset="1862" sl="204" sc="13" el="204" ec="14" bec="0" bev="0" fileid="245" />
                <SequencePoint vc="0" uspid="8374" ordinal="46" offset="1863" sl="205" sc="17" el="207" ec="83" bec="0" bev="0" fileid="245" />
                <SequencePoint vc="0" uspid="8375" ordinal="47" offset="1949" sl="208" sc="17" el="209" ec="99" bec="0" bev="0" fileid="245" />
                <SequencePoint vc="0" uspid="8376" ordinal="48" offset="1960" sl="211" sc="9" el="211" ec="10" bec="0" bev="0" fileid="245" />
              </SequencePoints>
              <BranchPoints>
                <BranchPoint vc="0" uspid="8377" ordinal="0" offset="25" sl="23" path="0" offsetend="27" fileid="245" />
                <BranchPoint vc="0" uspid="8378" ordinal="1" offset="25" sl="23" path="1" offsetend="55" fileid="245" />
                <BranchPoint vc="0" uspid="8379" ordinal="2" offset="315" sl="43" path="0" offsetend="317" fileid="245" />
                <BranchPoint vc="0" uspid="8380" ordinal="3" offset="315" sl="43" path="1" offsetend="333" fileid="245" />
                <BranchPoint vc="0" uspid="8381" ordinal="4" offset="354" sl="47" path="0" offsetend="356" fileid="245" />
                <BranchPoint vc="0" uspid="8382" ordinal="5" offset="354" sl="47" path="1" offsetend="393" fileid="245" />
                <BranchPoint vc="0" uspid="8385" ordinal="8" offset="548" sl="56" path="0" offsetend="550" fileid="245" />
                <BranchPoint vc="0" uspid="8386" ordinal="9" offset="548" sl="56" path="1" offsetend="553" fileid="245" />
                <BranchPoint vc="0" uspid="8387" ordinal="10" offset="680" sl="82" path="0" offsetend="685" fileid="245" />
                <BranchPoint vc="0" uspid="8388" ordinal="11" offset="680" sl="82" path="1" offsetend="942" fileid="245" />
                <BranchPoint vc="0" uspid="8389" ordinal="12" offset="960" sl="108" path="0" offsetend="965" fileid="245" />
                <BranchPoint vc="0" uspid="8390" ordinal="13" offset="960" sl="108" path="1" offsetend="1556" fileid="245" />
                <BranchPoint vc="0" uspid="8391" ordinal="14" offset="1842" sl="196" path="0" offsetend="1844" fileid="245" />
                <BranchPoint vc="0" uspid="8392" ordinal="15" offset="1842" sl="196" path="1" offsetend="1850" fileid="245" />
              </BranchPoints>
              <MethodPoint vc="0" uspid="8393" ordinal="0" offset="0" />
            </Method>
            <Method visited="false" cyclomaticComplexity="11" nPathComplexity="128" sequenceCoverage="0" branchCoverage="0" isConstructor="false" isStatic="false" isGetter="false" isSetter="false">
              <Summary numSequencePoints="49" visitedSequencePoints="0" numBranchPoints="15" visitedBranchPoints="0" sequenceCoverage="0" branchCoverage="0" maxCyclomaticComplexity="11" minCyclomaticComplexity="11" visitedClasses="0" numClasses="0" visitedMethods="0" numMethods="1" />
              <MetadataToken>100664771</MetadataToken>
              <Name>System.Void SportsWeb.Services.Cabinate.AmpLightService.AmpWebCabinet::EditMasterSchedule(SportsWeb.Models.Models.EditMasterScheduleModel)</Name>
              <FileRef uid="245" />
              <SequencePoints>
                <SequencePoint vc="0" uspid="8394" ordinal="0" offset="13" sl="214" sc="9" el="214" ec="10" bec="0" bev="0" fileid="245" />
                <SequencePoint vc="0" uspid="8395" ordinal="1" offset="14" sl="215" sc="13" el="215" ec="31" bec="2" bev="0" fileid="245" />
                <SequencePoint vc="0" uspid="8396" ordinal="2" offset="27" sl="216" sc="13" el="216" ec="14" bec="0" bev="0" fileid="245" />
                <SequencePoint vc="0" uspid="8397" ordinal="3" offset="28" sl="217" sc="17" el="217" ec="101" bec="0" bev="0" fileid="245" />
                <SequencePoint vc="0" uspid="8398" ordinal="4" offset="44" sl="218" sc="17" el="219" ec="73" bec="0" bev="0" fileid="245" />
                <SequencePoint vc="0" uspid="8399" ordinal="5" offset="56" sl="223" sc="13" el="223" ec="14" bec="0" bev="0" fileid="245" />
                <SequencePoint vc="0" uspid="8400" ordinal="6" offset="57" sl="227" sc="24" el="227" ec="51" bec="0" bev="0" fileid="245" />
                <SequencePoint vc="0" uspid="8401" ordinal="7" offset="65" sl="228" sc="17" el="228" ec="18" bec="0" bev="0" fileid="245" />
                <SequencePoint vc="0" uspid="8402" ordinal="8" offset="66" sl="229" sc="21" el="229" ec="70" bec="0" bev="0" fileid="245" />
                <SequencePoint vc="0" uspid="8403" ordinal="9" offset="75" sl="230" sc="21" el="230" ec="98" bec="0" bev="0" fileid="245" />
                <SequencePoint vc="0" uspid="8404" ordinal="10" offset="252" sl="231" sc="17" el="231" ec="18" bec="0" bev="0" fileid="245" />
                <SequencePoint vc="0" uspid="8405" ordinal="11" offset="268" sl="233" sc="17" el="233" ec="70" bec="0" bev="0" fileid="245" />
                <SequencePoint vc="0" uspid="8406" ordinal="12" offset="281" sl="234" sc="17" el="234" ec="104" bec="0" bev="0" fileid="245" />
                <SequencePoint vc="0" uspid="8407" ordinal="13" offset="306" sl="236" sc="17" el="236" ec="36" bec="2" bev="0" fileid="245" />
                <SequencePoint vc="0" uspid="8408" ordinal="14" offset="317" sl="237" sc="21" el="237" ec="60" bec="0" bev="0" fileid="245" />
                <SequencePoint vc="0" uspid="8409" ordinal="15" offset="333" sl="240" sc="17" el="240" ec="52" bec="0" bev="0" fileid="245" />
                <SequencePoint vc="0" uspid="8410" ordinal="16" offset="336" sl="241" sc="17" el="241" ec="77" bec="2" bev="0" fileid="245" />
                <SequencePoint vc="0" uspid="8411" ordinal="17" offset="356" sl="242" sc="17" el="242" ec="18" bec="0" bev="0" fileid="245" />
                <SequencePoint vc="0" uspid="8412" ordinal="18" offset="357" sl="243" sc="21" el="246" ec="23" bec="0" bev="0" fileid="245" />
                <SequencePoint vc="0" uspid="8413" ordinal="19" offset="392" sl="247" sc="17" el="247" ec="18" bec="0" bev="0" fileid="245" />
                <SequencePoint vc="0" uspid="8414" ordinal="20" offset="393" sl="249" sc="17" el="274" ec="19" bec="2" bev="0" fileid="245" />
                <SequencePoint vc="0" uspid="8415" ordinal="21" offset="672" sl="275" sc="17" el="275" ec="76" bec="2" bev="0" fileid="245" />
                <SequencePoint vc="0" uspid="8416" ordinal="22" offset="695" sl="276" sc="17" el="276" ec="18" bec="0" bev="0" fileid="245" />
                <SequencePoint vc="0" uspid="8417" ordinal="23" offset="696" sl="277" sc="21" el="298" ec="23" bec="0" bev="0" fileid="245" />
                <SequencePoint vc="0" uspid="8418" ordinal="24" offset="951" sl="299" sc="17" el="299" ec="18" bec="0" bev="0" fileid="245" />
                <SequencePoint vc="0" uspid="8419" ordinal="25" offset="957" sl="300" sc="22" el="300" ec="84" bec="2" bev="0" fileid="245" />
                <SequencePoint vc="0" uspid="8420" ordinal="26" offset="980" sl="301" sc="17" el="301" ec="18" bec="0" bev="0" fileid="245" />
                <SequencePoint vc="0" uspid="8421" ordinal="27" offset="981" sl="302" sc="21" el="308" ec="23" bec="0" bev="0" fileid="245" />
                <SequencePoint vc="0" uspid="8422" ordinal="28" offset="1061" sl="310" sc="21" el="322" ec="23" bec="0" bev="0" fileid="245" />
                <SequencePoint vc="0" uspid="8423" ordinal="29" offset="1243" sl="323" sc="21" el="362" ec="23" bec="0" bev="0" fileid="245" />
                <SequencePoint vc="0" uspid="8424" ordinal="30" offset="1570" sl="363" sc="17" el="363" ec="18" bec="0" bev="0" fileid="245" />
                <SequencePoint vc="0" uspid="8425" ordinal="31" offset="1571" sl="365" sc="17" el="365" ec="113" bec="0" bev="0" fileid="245" />
                <SequencePoint vc="0" uspid="8426" ordinal="32" offset="1608" sl="367" sc="17" el="367" ec="78" bec="0" bev="0" fileid="245" />
                <SequencePoint vc="0" uspid="8427" ordinal="33" offset="1619" sl="369" sc="17" el="370" ec="109" bec="0" bev="0" fileid="245" />
                <SequencePoint vc="0" uspid="8428" ordinal="34" offset="1696" sl="372" sc="13" el="372" ec="14" bec="0" bev="0" fileid="245" />
                <SequencePoint vc="0" uspid="8429" ordinal="35" offset="1702" sl="373" sc="13" el="373" ec="52" bec="0" bev="0" fileid="245" />
                <SequencePoint vc="0" uspid="8430" ordinal="36" offset="1704" sl="374" sc="13" el="374" ec="14" bec="0" bev="0" fileid="245" />
                <SequencePoint vc="0" uspid="8431" ordinal="37" offset="1705" sl="375" sc="17" el="377" ec="128" bec="0" bev="0" fileid="245" />
                <SequencePoint vc="0" uspid="8432" ordinal="38" offset="1818" sl="378" sc="17" el="378" ec="63" bec="0" bev="0" fileid="245" />
                <SequencePoint vc="0" uspid="8433" ordinal="39" offset="1839" sl="380" sc="17" el="381" ec="83" bec="0" bev="0" fileid="245" />
                <SequencePoint vc="0" uspid="8434" ordinal="40" offset="1863" sl="382" sc="17" el="383" ec="105" bec="2" bev="0" fileid="245" />
                <SequencePoint vc="0" uspid="8435" ordinal="41" offset="1880" sl="385" sc="13" el="385" ec="42" bec="0" bev="0" fileid="245" />
                <SequencePoint vc="0" uspid="8436" ordinal="42" offset="1881" sl="386" sc="13" el="386" ec="14" bec="0" bev="0" fileid="245" />
                <SequencePoint vc="0" uspid="8437" ordinal="43" offset="1882" sl="387" sc="17" el="387" ec="23" bec="0" bev="0" fileid="245" />
                <SequencePoint vc="0" uspid="8438" ordinal="44" offset="1884" sl="389" sc="13" el="389" ec="33" bec="0" bev="0" fileid="245" />
                <SequencePoint vc="0" uspid="8439" ordinal="45" offset="1886" sl="390" sc="13" el="390" ec="14" bec="0" bev="0" fileid="245" />
                <SequencePoint vc="0" uspid="8440" ordinal="46" offset="1887" sl="391" sc="17" el="393" ec="119" bec="0" bev="0" fileid="245" />
                <SequencePoint vc="0" uspid="8441" ordinal="47" offset="2000" sl="394" sc="17" el="395" ec="84" bec="0" bev="0" fileid="245" />
                <SequencePoint vc="0" uspid="8442" ordinal="48" offset="2011" sl="397" sc="9" el="397" ec="10" bec="0" bev="0" fileid="245" />
              </SequencePoints>
              <BranchPoints>
                <BranchPoint vc="0" uspid="8443" ordinal="0" offset="25" sl="215" path="0" offsetend="27" fileid="245" />
                <BranchPoint vc="0" uspid="8444" ordinal="1" offset="25" sl="215" path="1" offsetend="55" fileid="245" />
                <BranchPoint vc="0" uspid="8445" ordinal="2" offset="315" sl="236" path="0" offsetend="317" fileid="245" />
                <BranchPoint vc="0" uspid="8446" ordinal="3" offset="315" sl="236" path="1" offsetend="333" fileid="245" />
                <BranchPoint vc="0" uspid="8447" ordinal="4" offset="354" sl="241" path="0" offsetend="356" fileid="245" />
                <BranchPoint vc="0" uspid="8448" ordinal="5" offset="354" sl="241" path="1" offsetend="393" fileid="245" />
                <BranchPoint vc="0" uspid="8451" ordinal="8" offset="558" sl="249" path="0" offsetend="560" fileid="245" />
                <BranchPoint vc="0" uspid="8452" ordinal="9" offset="558" sl="249" path="1" offsetend="563" fileid="245" />
                <BranchPoint vc="0" uspid="8453" ordinal="10" offset="690" sl="275" path="0" offsetend="695" fileid="245" />
                <BranchPoint vc="0" uspid="8454" ordinal="11" offset="690" sl="275" path="1" offsetend="957" fileid="245" />
                <BranchPoint vc="0" uspid="8455" ordinal="12" offset="975" sl="300" path="0" offsetend="980" fileid="245" />
                <BranchPoint vc="0" uspid="8456" ordinal="13" offset="975" sl="300" path="1" offsetend="1571" fileid="245" />
                <BranchPoint vc="0" uspid="8457" ordinal="14" offset="1866" sl="382" path="0" offsetend="1868" fileid="245" />
                <BranchPoint vc="0" uspid="8458" ordinal="15" offset="1866" sl="382" path="1" offsetend="1874" fileid="245" />
              </BranchPoints>
              <MethodPoint vc="0" uspid="8459" ordinal="0" offset="0" />
            </Method>
            <Method visited="false" cyclomaticComplexity="18" nPathComplexity="2048" sequenceCoverage="0" branchCoverage="0" isConstructor="false" isStatic="false" isGetter="false" isSetter="false">
              <Summary numSequencePoints="76" visitedSequencePoints="0" numBranchPoints="23" visitedBranchPoints="0" sequenceCoverage="0" branchCoverage="0" maxCyclomaticComplexity="18" minCyclomaticComplexity="18" visitedClasses="0" numClasses="0" visitedMethods="0" numMethods="1" />
              <MetadataToken>100664772</MetadataToken>
              <Name>System.Collections.Generic.IList`1&lt;SportsWeb.Models.Models.MasterScheduleModel&gt; SportsWeb.Services.Cabinate.AmpLightService.AmpWebCabinet::GetMasterScheduleForSite(System.Guid)</Name>
              <FileRef uid="245" />
              <SequencePoints>
                <SequencePoint vc="0" uspid="8460" ordinal="0" offset="13" sl="400" sc="9" el="400" ec="10" bec="0" bev="0" fileid="245" />
                <SequencePoint vc="0" uspid="8461" ordinal="1" offset="14" sl="401" sc="13" el="401" ec="67" bec="0" bev="0" fileid="245" />
                <SequencePoint vc="0" uspid="8462" ordinal="2" offset="30" sl="403" sc="13" el="403" ec="14" bec="0" bev="0" fileid="245" />
                <SequencePoint vc="0" uspid="8463" ordinal="3" offset="31" sl="404" sc="17" el="404" ec="42" bec="2" bev="0" fileid="245" />
                <SequencePoint vc="0" uspid="8464" ordinal="4" offset="53" sl="405" sc="17" el="405" ec="18" bec="0" bev="0" fileid="245" />
                <SequencePoint vc="0" uspid="8465" ordinal="5" offset="54" sl="406" sc="21" el="406" ec="114" bec="0" bev="0" fileid="245" />
                <SequencePoint vc="0" uspid="8466" ordinal="6" offset="70" sl="407" sc="21" el="407" ec="116" bec="0" bev="0" fileid="245" />
                <SequencePoint vc="0" uspid="8467" ordinal="7" offset="81" sl="411" sc="24" el="411" ec="51" bec="0" bev="0" fileid="245" />
                <SequencePoint vc="0" uspid="8468" ordinal="8" offset="89" sl="412" sc="17" el="412" ec="18" bec="0" bev="0" fileid="245" />
                <SequencePoint vc="0" uspid="8469" ordinal="9" offset="90" sl="413" sc="21" el="413" ec="70" bec="0" bev="0" fileid="245" />
                <SequencePoint vc="0" uspid="8470" ordinal="10" offset="99" sl="414" sc="21" el="414" ec="92" bec="0" bev="0" fileid="245" />
                <SequencePoint vc="0" uspid="8471" ordinal="11" offset="256" sl="415" sc="17" el="415" ec="18" bec="0" bev="0" fileid="245" />
                <SequencePoint vc="0" uspid="8472" ordinal="12" offset="272" sl="418" sc="17" el="418" ec="70" bec="0" bev="0" fileid="245" />
                <SequencePoint vc="0" uspid="8473" ordinal="13" offset="285" sl="419" sc="17" el="419" ec="104" bec="0" bev="0" fileid="245" />
                <SequencePoint vc="0" uspid="8474" ordinal="14" offset="309" sl="420" sc="17" el="420" ec="56" bec="0" bev="0" fileid="245" />
                <SequencePoint vc="0" uspid="8475" ordinal="15" offset="325" sl="421" sc="17" el="425" ec="19" bec="0" bev="0" fileid="245" />
                <SequencePoint vc="0" uspid="8476" ordinal="16" offset="358" sl="427" sc="17" el="427" ec="106" bec="0" bev="0" fileid="245" />
                <SequencePoint vc="0" uspid="8477" ordinal="17" offset="390" sl="430" sc="17" el="430" ec="18" bec="0" bev="0" fileid="245" />
                <SequencePoint vc="0" uspid="8478" ordinal="18" offset="391" sl="431" sc="21" el="431" ec="78" bec="0" bev="0" fileid="245" />
                <SequencePoint vc="0" uspid="8479" ordinal="19" offset="401" sl="433" sc="17" el="433" ec="121" bec="2" bev="0" fileid="245" />
                <SequencePoint vc="0" uspid="8480" ordinal="20" offset="424" sl="434" sc="17" el="434" ec="105" bec="0" bev="0" fileid="245" />
                <SequencePoint vc="0" uspid="8481" ordinal="21" offset="486" sl="435" sc="17" el="435" ec="65" bec="0" bev="0" fileid="245" />
                <SequencePoint vc="0" uspid="8482" ordinal="22" offset="493" sl="436" sc="17" el="436" ec="101" bec="4" bev="0" fileid="245" />
                <SequencePoint vc="0" uspid="8483" ordinal="23" offset="525" sl="437" sc="17" el="437" ec="18" bec="0" bev="0" fileid="245" />
                <SequencePoint vc="0" uspid="8484" ordinal="24" offset="526" sl="438" sc="21" el="438" ec="28" bec="0" bev="0" fileid="245" />
                <SequencePoint vc="0" uspid="8485" ordinal="25" offset="527" sl="438" sc="52" el="438" ec="119" bec="0" bev="0" fileid="245" />
                <SequencePoint vc="0" uspid="8486" ordinal="26" offset="549" sl="438" sc="30" el="438" ec="48" bec="0" bev="0" fileid="245" />
                <SequencePoint vc="0" uspid="8487" ordinal="27" offset="556" sl="439" sc="21" el="439" ec="22" bec="0" bev="0" fileid="245" />
                <SequencePoint vc="0" uspid="8488" ordinal="28" offset="557" sl="440" sc="25" el="440" ec="53" bec="0" bev="0" fileid="245" />
                <SequencePoint vc="0" uspid="8489" ordinal="29" offset="561" sl="441" sc="25" el="441" ec="76" bec="0" bev="0" fileid="245" />
                <SequencePoint vc="0" uspid="8490" ordinal="30" offset="575" sl="443" sc="25" el="456" ec="27" bec="0" bev="0" fileid="245" />
                <SequencePoint vc="0" uspid="8491" ordinal="31" offset="694" sl="457" sc="25" el="457" ec="65" bec="4" bev="0" fileid="245" />
                <SequencePoint vc="0" uspid="8492" ordinal="32" offset="723" sl="458" sc="25" el="458" ec="26" bec="0" bev="0" fileid="245" />
                <SequencePoint vc="0" uspid="8493" ordinal="33" offset="724" sl="459" sc="29" el="459" ec="108" bec="0" bev="0" fileid="245" />
                <SequencePoint vc="0" uspid="8494" ordinal="34" offset="765" sl="460" sc="25" el="460" ec="26" bec="0" bev="0" fileid="245" />
                <SequencePoint vc="0" uspid="8495" ordinal="35" offset="766" sl="463" sc="29" el="463" ec="89" bec="2" bev="0" fileid="245" />
                <SequencePoint vc="0" uspid="8496" ordinal="36" offset="798" sl="464" sc="25" el="464" ec="26" bec="0" bev="0" fileid="245" />
                <SequencePoint vc="0" uspid="8497" ordinal="37" offset="799" sl="465" sc="29" el="465" ec="91" bec="2" bev="0" fileid="245" />
                <SequencePoint vc="0" uspid="8498" ordinal="38" offset="815" sl="466" sc="29" el="466" ec="30" bec="0" bev="0" fileid="245" />
                <SequencePoint vc="0" uspid="8499" ordinal="39" offset="816" sl="467" sc="33" el="469" ec="99" bec="0" bev="0" fileid="245" />
                <SequencePoint vc="0" uspid="8500" ordinal="40" offset="878" sl="470" sc="33" el="471" ec="97" bec="0" bev="0" fileid="245" />
                <SequencePoint vc="0" uspid="8501" ordinal="41" offset="940" sl="472" sc="29" el="472" ec="30" bec="0" bev="0" fileid="245" />
                <SequencePoint vc="0" uspid="8502" ordinal="42" offset="941" sl="474" sc="25" el="474" ec="26" bec="0" bev="0" fileid="245" />
                <SequencePoint vc="0" uspid="8503" ordinal="43" offset="942" sl="476" sc="25" el="476" ec="90" bec="2" bev="0" fileid="245" />
                <SequencePoint vc="0" uspid="8504" ordinal="44" offset="961" sl="477" sc="25" el="477" ec="26" bec="0" bev="0" fileid="245" />
                <SequencePoint vc="0" uspid="8505" ordinal="45" offset="962" sl="478" sc="29" el="480" ec="95" bec="0" bev="0" fileid="245" />
                <SequencePoint vc="0" uspid="8506" ordinal="46" offset="1024" sl="482" sc="29" el="483" ec="93" bec="0" bev="0" fileid="245" />
                <SequencePoint vc="0" uspid="8507" ordinal="47" offset="1086" sl="485" sc="29" el="497" ec="31" bec="0" bev="0" fileid="245" />
                <SequencePoint vc="0" uspid="8508" ordinal="48" offset="1223" sl="499" sc="29" el="503" ec="31" bec="0" bev="0" fileid="245" />
                <SequencePoint vc="0" uspid="8509" ordinal="49" offset="1274" sl="504" sc="25" el="504" ec="26" bec="0" bev="0" fileid="245" />
                <SequencePoint vc="0" uspid="8510" ordinal="50" offset="1275" sl="506" sc="25" el="506" ec="49" bec="0" bev="0" fileid="245" />
                <SequencePoint vc="0" uspid="8511" ordinal="51" offset="1285" sl="507" sc="21" el="507" ec="22" bec="0" bev="0" fileid="245" />
                <SequencePoint vc="0" uspid="8512" ordinal="52" offset="1292" sl="438" sc="49" el="438" ec="51" bec="0" bev="0" fileid="245" />
                <SequencePoint vc="0" uspid="8513" ordinal="53" offset="1303" sl="508" sc="17" el="508" ec="18" bec="0" bev="0" fileid="245" />
                <SequencePoint vc="0" uspid="8514" ordinal="54" offset="1304" sl="510" sc="17" el="510" ec="34" bec="0" bev="0" fileid="245" />
                <SequencePoint vc="0" uspid="8515" ordinal="55" offset="1313" sl="512" sc="17" el="512" ec="36" bec="0" bev="0" fileid="245" />
                <SequencePoint vc="0" uspid="8516" ordinal="56" offset="1315" sl="513" sc="17" el="513" ec="18" bec="0" bev="0" fileid="245" />
                <SequencePoint vc="0" uspid="8517" ordinal="57" offset="1316" sl="514" sc="21" el="514" ec="42" bec="0" bev="0" fileid="245" />
                <SequencePoint vc="0" uspid="8518" ordinal="58" offset="1324" sl="515" sc="21" el="515" ec="27" bec="0" bev="0" fileid="245" />
                <SequencePoint vc="0" uspid="8519" ordinal="59" offset="1326" sl="519" sc="13" el="519" ec="52" bec="0" bev="0" fileid="245" />
                <SequencePoint vc="0" uspid="8520" ordinal="60" offset="1328" sl="520" sc="13" el="520" ec="14" bec="0" bev="0" fileid="245" />
                <SequencePoint vc="0" uspid="8521" ordinal="61" offset="1329" sl="521" sc="17" el="521" ec="102" bec="0" bev="0" fileid="245" />
                <SequencePoint vc="0" uspid="8522" ordinal="62" offset="1363" sl="523" sc="17" el="523" ec="80" bec="0" bev="0" fileid="245" />
                <SequencePoint vc="0" uspid="8523" ordinal="63" offset="1389" sl="524" sc="17" el="524" ec="84" bec="2" bev="0" fileid="245" />
                <SequencePoint vc="0" uspid="8524" ordinal="64" offset="1404" sl="525" sc="17" el="525" ec="18" bec="0" bev="0" fileid="245" />
                <SequencePoint vc="0" uspid="8525" ordinal="65" offset="1405" sl="526" sc="21" el="526" ec="60" bec="0" bev="0" fileid="245" />
                <SequencePoint vc="0" uspid="8526" ordinal="66" offset="1414" sl="529" sc="17" el="531" ec="55" bec="0" bev="0" fileid="245" />
                <SequencePoint vc="0" uspid="8527" ordinal="67" offset="1433" sl="534" sc="17" el="535" ec="92" bec="2" bev="0" fileid="245" />
                <SequencePoint vc="0" uspid="8528" ordinal="68" offset="1450" sl="537" sc="13" el="537" ec="42" bec="0" bev="0" fileid="245" />
                <SequencePoint vc="0" uspid="8529" ordinal="69" offset="1451" sl="538" sc="13" el="538" ec="14" bec="0" bev="0" fileid="245" />
                <SequencePoint vc="0" uspid="8530" ordinal="70" offset="1452" sl="539" sc="17" el="539" ec="23" bec="0" bev="0" fileid="245" />
                <SequencePoint vc="0" uspid="8531" ordinal="71" offset="1454" sl="541" sc="13" el="541" ec="33" bec="0" bev="0" fileid="245" />
                <SequencePoint vc="0" uspid="8532" ordinal="72" offset="1456" sl="542" sc="13" el="542" ec="14" bec="0" bev="0" fileid="245" />
                <SequencePoint vc="0" uspid="8533" ordinal="73" offset="1457" sl="543" sc="17" el="543" ec="107" bec="0" bev="0" fileid="245" />
                <SequencePoint vc="0" uspid="8534" ordinal="74" offset="1475" sl="545" sc="17" el="545" ec="111" bec="0" bev="0" fileid="245" />
                <SequencePoint vc="0" uspid="8535" ordinal="75" offset="1486" sl="547" sc="9" el="547" ec="10" bec="0" bev="0" fileid="245" />
              </SequencePoints>
              <BranchPoints>
                <BranchPoint vc="0" uspid="8536" ordinal="0" offset="51" sl="404" path="0" offsetend="53" fileid="245" />
                <BranchPoint vc="0" uspid="8537" ordinal="1" offset="51" sl="404" path="1" offsetend="81" fileid="245" />
                <BranchPoint vc="0" uspid="8538" ordinal="2" offset="409" sl="433" path="0" offsetend="411" fileid="245" />
                <BranchPoint vc="0" uspid="8539" ordinal="3" offset="409" sl="433" path="1" offsetend="415" fileid="245" />
                <BranchPoint vc="0" uspid="8540" ordinal="4" offset="501" sl="436" path="0" offsetend="503" fileid="245" />
                <BranchPoint vc="0" uspid="8541" ordinal="5" offset="501" sl="436" path="1" offsetend="507" fileid="245" />
                <BranchPoint vc="0" uspid="8542" ordinal="6" offset="520" sl="436" path="0" offsetend="525" fileid="245" />
                <BranchPoint vc="0" uspid="8543" ordinal="7" offset="520" sl="436" path="1" offsetend="1304" fileid="245" />
                <BranchPoint vc="0" uspid="8544" ordinal="8" offset="707" sl="457" path="0" offsetend="709" fileid="245" />
                <BranchPoint vc="0" uspid="8545" ordinal="9" offset="707" sl="457" path="1" offsetend="713" fileid="245" />
                <BranchPoint vc="0" uspid="8546" ordinal="10" offset="721" sl="457" path="0" offsetend="723" fileid="245" />
                <BranchPoint vc="0" uspid="8547" ordinal="11" offset="721" sl="457" path="1" offsetend="766" fileid="245" />
                <BranchPoint vc="0" uspid="8550" ordinal="14" offset="793" sl="463" path="0" offsetend="798" fileid="245" />
                <BranchPoint vc="0" uspid="8551" ordinal="15" offset="793" sl="463" path="1" offsetend="942" fileid="245" />
                <BranchPoint vc="0" uspid="8552" ordinal="16" offset="813" sl="465" path="0" offsetend="815" fileid="245" />
                <BranchPoint vc="0" uspid="8553" ordinal="17" offset="813" sl="465" path="1" offsetend="941" fileid="245" />
                <BranchPoint vc="0" uspid="8554" ordinal="18" offset="956" sl="476" path="0" offsetend="961" fileid="245" />
                <BranchPoint vc="0" uspid="8555" ordinal="19" offset="956" sl="476" path="1" offsetend="1275" fileid="245" />
                <BranchPoint vc="0" uspid="8558" ordinal="22" offset="1402" sl="524" path="0" offsetend="1404" fileid="245" />
                <BranchPoint vc="0" uspid="8559" ordinal="23" offset="1402" sl="524" path="1" offsetend="1414" fileid="245" />
                <BranchPoint vc="0" uspid="8560" ordinal="24" offset="1436" sl="534" path="0" offsetend="1438" fileid="245" />
                <BranchPoint vc="0" uspid="8561" ordinal="25" offset="1436" sl="534" path="1" offsetend="1444" fileid="245" />
              </BranchPoints>
              <MethodPoint vc="0" uspid="8562" ordinal="0" offset="0" />
            </Method>
            <Method visited="false" cyclomaticComplexity="5" nPathComplexity="4" sequenceCoverage="0" branchCoverage="0" isConstructor="false" isStatic="false" isGetter="false" isSetter="false">
              <Summary numSequencePoints="41" visitedSequencePoints="0" numBranchPoints="5" visitedBranchPoints="0" sequenceCoverage="0" branchCoverage="0" maxCyclomaticComplexity="5" minCyclomaticComplexity="5" visitedClasses="0" numClasses="0" visitedMethods="0" numMethods="1" />
              <MetadataToken>100664773</MetadataToken>
              <Name>System.Void SportsWeb.Services.Cabinate.AmpLightService.AmpWebCabinet::DeleteMasterSchedules(SportsWeb.Models.Models.DeleteMasterScheduleModel)</Name>
              <FileRef uid="245" />
              <SequencePoints>
                <SequencePoint vc="0" uspid="8563" ordinal="0" offset="13" sl="550" sc="9" el="550" ec="10" bec="0" bev="0" fileid="245" />
                <SequencePoint vc="0" uspid="8564" ordinal="1" offset="14" sl="551" sc="13" el="551" ec="58" bec="0" bev="0" fileid="245" />
                <SequencePoint vc="0" uspid="8565" ordinal="2" offset="30" sl="554" sc="13" el="554" ec="14" bec="0" bev="0" fileid="245" />
                <SequencePoint vc="0" uspid="8566" ordinal="3" offset="31" sl="557" sc="17" el="557" ec="35" bec="2" bev="0" fileid="245" />
                <SequencePoint vc="0" uspid="8567" ordinal="4" offset="46" sl="558" sc="17" el="558" ec="18" bec="0" bev="0" fileid="245" />
                <SequencePoint vc="0" uspid="8568" ordinal="5" offset="47" sl="559" sc="21" el="559" ec="108" bec="0" bev="0" fileid="245" />
                <SequencePoint vc="0" uspid="8569" ordinal="6" offset="63" sl="560" sc="21" el="561" ec="92" bec="0" bev="0" fileid="245" />
                <SequencePoint vc="0" uspid="8570" ordinal="7" offset="74" sl="563" sc="24" el="563" ec="51" bec="0" bev="0" fileid="245" />
                <SequencePoint vc="0" uspid="8571" ordinal="8" offset="82" sl="564" sc="17" el="564" ec="18" bec="0" bev="0" fileid="245" />
                <SequencePoint vc="0" uspid="8572" ordinal="9" offset="83" sl="565" sc="21" el="565" ec="77" bec="0" bev="0" fileid="245" />
                <SequencePoint vc="0" uspid="8573" ordinal="10" offset="92" sl="567" sc="21" el="569" ec="108" bec="0" bev="0" fileid="245" />
                <SequencePoint vc="0" uspid="8574" ordinal="11" offset="451" sl="570" sc="21" el="570" ec="70" bec="0" bev="0" fileid="245" />
                <SequencePoint vc="0" uspid="8575" ordinal="12" offset="460" sl="571" sc="21" el="571" ec="98" bec="0" bev="0" fileid="245" />
                <SequencePoint vc="0" uspid="8576" ordinal="13" offset="637" sl="572" sc="21" el="572" ec="117" bec="0" bev="0" fileid="245" />
                <SequencePoint vc="0" uspid="8577" ordinal="14" offset="802" sl="573" sc="17" el="573" ec="18" bec="0" bev="0" fileid="245" />
                <SequencePoint vc="0" uspid="8578" ordinal="15" offset="818" sl="575" sc="17" el="575" ec="70" bec="0" bev="0" fileid="245" />
                <SequencePoint vc="0" uspid="8579" ordinal="16" offset="831" sl="576" sc="17" el="576" ec="104" bec="0" bev="0" fileid="245" />
                <SequencePoint vc="0" uspid="8580" ordinal="17" offset="856" sl="578" sc="17" el="578" ec="56" bec="0" bev="0" fileid="245" />
                <SequencePoint vc="0" uspid="8581" ordinal="18" offset="872" sl="579" sc="17" el="579" ec="24" bec="0" bev="0" fileid="245" />
                <SequencePoint vc="0" uspid="8582" ordinal="19" offset="873" sl="579" sc="45" el="579" ec="62" bec="0" bev="0" fileid="245" />
                <SequencePoint vc="0" uspid="8583" ordinal="20" offset="883" sl="579" sc="26" el="579" ec="41" bec="0" bev="0" fileid="245" />
                <SequencePoint vc="0" uspid="8584" ordinal="21" offset="892" sl="580" sc="17" el="580" ec="18" bec="0" bev="0" fileid="245" />
                <SequencePoint vc="0" uspid="8585" ordinal="22" offset="893" sl="581" sc="21" el="586" ec="23" bec="0" bev="0" fileid="245" />
                <SequencePoint vc="0" uspid="8586" ordinal="23" offset="935" sl="588" sc="21" el="588" ec="62" bec="0" bev="0" fileid="245" />
                <SequencePoint vc="0" uspid="8587" ordinal="24" offset="945" sl="589" sc="17" el="589" ec="18" bec="0" bev="0" fileid="245" />
                <SequencePoint vc="0" uspid="8588" ordinal="25" offset="946" sl="579" sc="42" el="579" ec="44" bec="0" bev="0" fileid="245" />
                <SequencePoint vc="0" uspid="8589" ordinal="26" offset="972" sl="591" sc="13" el="591" ec="14" bec="0" bev="0" fileid="245" />
                <SequencePoint vc="0" uspid="8590" ordinal="27" offset="978" sl="592" sc="13" el="592" ec="52" bec="0" bev="0" fileid="245" />
                <SequencePoint vc="0" uspid="8591" ordinal="28" offset="980" sl="593" sc="13" el="593" ec="14" bec="0" bev="0" fileid="245" />
                <SequencePoint vc="0" uspid="8592" ordinal="29" offset="981" sl="594" sc="17" el="594" ec="144" bec="0" bev="0" fileid="245" />
                <SequencePoint vc="0" uspid="8593" ordinal="30" offset="1036" sl="596" sc="17" el="596" ec="80" bec="0" bev="0" fileid="245" />
                <SequencePoint vc="0" uspid="8594" ordinal="31" offset="1062" sl="599" sc="17" el="601" ec="55" bec="0" bev="0" fileid="245" />
                <SequencePoint vc="0" uspid="8595" ordinal="32" offset="1081" sl="604" sc="17" el="605" ec="95" bec="2" bev="0" fileid="245" />
                <SequencePoint vc="0" uspid="8596" ordinal="33" offset="1098" sl="607" sc="13" el="607" ec="42" bec="0" bev="0" fileid="245" />
                <SequencePoint vc="0" uspid="8597" ordinal="34" offset="1099" sl="608" sc="13" el="608" ec="14" bec="0" bev="0" fileid="245" />
                <SequencePoint vc="0" uspid="8598" ordinal="35" offset="1100" sl="609" sc="17" el="609" ec="23" bec="0" bev="0" fileid="245" />
                <SequencePoint vc="0" uspid="8599" ordinal="36" offset="1102" sl="611" sc="13" el="611" ec="32" bec="0" bev="0" fileid="245" />
                <SequencePoint vc="0" uspid="8600" ordinal="37" offset="1104" sl="612" sc="13" el="612" ec="14" bec="0" bev="0" fileid="245" />
                <SequencePoint vc="0" uspid="8601" ordinal="38" offset="1105" sl="613" sc="17" el="613" ec="38" bec="0" bev="0" fileid="245" />
                <SequencePoint vc="0" uspid="8602" ordinal="39" offset="1113" sl="614" sc="17" el="614" ec="23" bec="0" bev="0" fileid="245" />
                <SequencePoint vc="0" uspid="8603" ordinal="40" offset="1115" sl="616" sc="9" el="616" ec="10" bec="0" bev="0" fileid="245" />
              </SequencePoints>
              <BranchPoints>
                <BranchPoint vc="0" uspid="8604" ordinal="0" offset="44" sl="557" path="0" offsetend="46" fileid="245" />
                <BranchPoint vc="0" uspid="8605" ordinal="1" offset="44" sl="557" path="1" offsetend="74" fileid="245" />
                <BranchPoint vc="0" uspid="8608" ordinal="4" offset="1084" sl="604" path="0" offsetend="1086" fileid="245" />
                <BranchPoint vc="0" uspid="8609" ordinal="5" offset="1084" sl="604" path="1" offsetend="1092" fileid="245" />
              </BranchPoints>
              <MethodPoint vc="0" uspid="8610" ordinal="0" offset="0" />
            </Method>
            <Method visited="true" cyclomaticComplexity="3" nPathComplexity="4" sequenceCoverage="100" branchCoverage="100" isConstructor="false" isStatic="false" isGetter="false" isSetter="false">
              <Summary numSequencePoints="30" visitedSequencePoints="30" numBranchPoints="5" visitedBranchPoints="5" sequenceCoverage="100" branchCoverage="100" maxCyclomaticComplexity="3" minCyclomaticComplexity="3" visitedClasses="0" numClasses="0" visitedMethods="1" numMethods="1" />
              <MetadataToken>100664774</MetadataToken>
              <Name>System.Int64 SportsWeb.Services.Cabinate.AmpLightService.AmpWebCabinet::CreateSite(SportsWeb.Models.SiteModel)</Name>
              <FileRef uid="246" />
              <SequencePoints>
                <SequencePoint vc="9" uspid="8611" ordinal="0" offset="0" sl="18" sc="9" el="18" ec="10" bec="0" bev="0" fileid="246" />
                <SequencePoint vc="9" uspid="8612" ordinal="1" offset="1" sl="19" sc="13" el="19" ec="47" bec="0" bev="0" fileid="246" />
                <SequencePoint vc="9" uspid="8613" ordinal="2" offset="17" sl="21" sc="13" el="21" ec="14" bec="0" bev="0" fileid="246" />
                <SequencePoint vc="9" uspid="8614" ordinal="3" offset="18" sl="22" sc="17" el="22" ec="34" bec="2" bev="2" fileid="246" />
                <SequencePoint vc="1" uspid="8615" ordinal="4" offset="28" sl="23" sc="17" el="23" ec="18" bec="0" bev="0" fileid="246" />
                <SequencePoint vc="1" uspid="8616" ordinal="5" offset="29" sl="24" sc="21" el="24" ec="100" bec="0" bev="0" fileid="246" />
                <SequencePoint vc="1" uspid="8617" ordinal="6" offset="45" sl="25" sc="21" el="25" ec="96" bec="0" bev="0" fileid="246" />
                <SequencePoint vc="8" uspid="8618" ordinal="7" offset="56" sl="27" sc="17" el="27" ec="69" bec="0" bev="0" fileid="246" />
                <SequencePoint vc="8" uspid="8619" ordinal="8" offset="69" sl="28" sc="17" el="28" ec="104" bec="0" bev="0" fileid="246" />
                <SequencePoint vc="8" uspid="8620" ordinal="9" offset="93" sl="29" sc="17" el="29" ec="56" bec="0" bev="0" fileid="246" />
                <SequencePoint vc="8" uspid="8621" ordinal="10" offset="109" sl="30" sc="17" el="36" ec="19" bec="0" bev="0" fileid="246" />
                <SequencePoint vc="8" uspid="8622" ordinal="11" offset="152" sl="38" sc="17" el="38" ec="105" bec="0" bev="0" fileid="246" />
                <SequencePoint vc="8" uspid="8623" ordinal="12" offset="184" sl="40" sc="17" el="40" ec="63" bec="0" bev="0" fileid="246" />
                <SequencePoint vc="1" uspid="8624" ordinal="13" offset="192" sl="42" sc="17" el="44" ec="46" bec="0" bev="0" fileid="246" />
                <SequencePoint vc="1" uspid="8625" ordinal="14" offset="268" sl="45" sc="17" el="45" ec="32" bec="0" bev="0" fileid="246" />
                <SequencePoint vc="1" uspid="8626" ordinal="15" offset="275" sl="46" sc="17" el="46" ec="66" bec="0" bev="0" fileid="246" />
                <SequencePoint vc="6" uspid="8627" ordinal="16" offset="298" sl="48" sc="13" el="48" ec="52" bec="0" bev="0" fileid="246" />
                <SequencePoint vc="6" uspid="8628" ordinal="17" offset="300" sl="49" sc="13" el="49" ec="14" bec="0" bev="0" fileid="246" />
                <SequencePoint vc="6" uspid="8629" ordinal="18" offset="301" sl="50" sc="17" el="50" ec="94" bec="0" bev="0" fileid="246" />
                <SequencePoint vc="6" uspid="8630" ordinal="19" offset="319" sl="51" sc="17" el="51" ec="80" bec="0" bev="0" fileid="246" />
                <SequencePoint vc="6" uspid="8631" ordinal="20" offset="345" sl="54" sc="17" el="59" ec="24" bec="0" bev="0" fileid="246" />
                <SequencePoint vc="6" uspid="8632" ordinal="21" offset="399" sl="62" sc="17" el="62" ec="95" bec="2" bev="2" fileid="246" />
                <SequencePoint vc="1" uspid="8633" ordinal="22" offset="416" sl="64" sc="13" el="64" ec="42" bec="0" bev="0" fileid="246" />
                <SequencePoint vc="1" uspid="8634" ordinal="23" offset="417" sl="65" sc="13" el="65" ec="14" bec="0" bev="0" fileid="246" />
                <SequencePoint vc="1" uspid="8635" ordinal="24" offset="418" sl="66" sc="17" el="66" ec="23" bec="0" bev="0" fileid="246" />
                <SequencePoint vc="1" uspid="8636" ordinal="25" offset="420" sl="68" sc="13" el="68" ec="33" bec="0" bev="0" fileid="246" />
                <SequencePoint vc="1" uspid="8637" ordinal="26" offset="422" sl="69" sc="13" el="69" ec="14" bec="0" bev="0" fileid="246" />
                <SequencePoint vc="1" uspid="8638" ordinal="27" offset="423" sl="70" sc="17" el="70" ec="107" bec="0" bev="0" fileid="246" />
                <SequencePoint vc="1" uspid="8639" ordinal="28" offset="457" sl="72" sc="17" el="72" ec="86" bec="0" bev="0" fileid="246" />
                <SequencePoint vc="1" uspid="8640" ordinal="29" offset="468" sl="74" sc="9" el="74" ec="10" bec="0" bev="0" fileid="246" />
              </SequencePoints>
              <BranchPoints>
                <BranchPoint vc="1" uspid="8641" ordinal="0" offset="26" sl="22" path="0" offsetend="28" fileid="246" />
                <BranchPoint vc="8" uspid="8642" ordinal="1" offset="26" sl="22" path="1" offsetend="56" fileid="246" />
                <BranchPoint vc="1" uspid="8643" ordinal="2" offset="402" sl="62" path="0" offsetend="404" fileid="246" />
                <BranchPoint vc="5" uspid="8644" ordinal="3" offset="402" sl="62" path="1" offsetend="410" fileid="246" />
              </BranchPoints>
              <MethodPoint xsi:type="SequencePoint" vc="9" uspid="8611" ordinal="0" offset="0" sl="18" sc="9" el="18" ec="10" bec="0" bev="0" fileid="246" />
            </Method>
            <Method visited="true" cyclomaticComplexity="7" nPathComplexity="16" sequenceCoverage="100" branchCoverage="88.89" isConstructor="false" isStatic="false" isGetter="false" isSetter="false">
              <Summary numSequencePoints="41" visitedSequencePoints="41" numBranchPoints="9" visitedBranchPoints="8" sequenceCoverage="100" branchCoverage="88.89" maxCyclomaticComplexity="7" minCyclomaticComplexity="7" visitedClasses="0" numClasses="0" visitedMethods="1" numMethods="1" />
              <MetadataToken>100664775</MetadataToken>
              <Name>System.Collections.Generic.List`1&lt;System.Tuple`2&lt;System.Int64,System.String&gt;&gt; SportsWeb.Services.Cabinate.AmpLightService.AmpWebCabinet::GetSites(System.Guid)</Name>
              <FileRef uid="246" />
              <SequencePoints>
                <SequencePoint vc="6" uspid="8645" ordinal="0" offset="0" sl="77" sc="9" el="77" ec="10" bec="0" bev="0" fileid="246" />
                <SequencePoint vc="6" uspid="8646" ordinal="1" offset="1" sl="78" sc="13" el="78" ec="42" bec="2" bev="2" fileid="246" />
                <SequencePoint vc="1" uspid="8647" ordinal="2" offset="16" sl="79" sc="13" el="79" ec="14" bec="0" bev="0" fileid="246" />
                <SequencePoint vc="1" uspid="8648" ordinal="3" offset="17" sl="80" sc="17" el="80" ec="95" bec="0" bev="0" fileid="246" />
                <SequencePoint vc="1" uspid="8649" ordinal="4" offset="33" sl="81" sc="17" el="81" ec="92" bec="0" bev="0" fileid="246" />
                <SequencePoint vc="5" uspid="8650" ordinal="5" offset="44" sl="83" sc="13" el="83" ec="60" bec="0" bev="0" fileid="246" />
                <SequencePoint vc="5" uspid="8651" ordinal="6" offset="52" sl="85" sc="13" el="85" ec="100" bec="0" bev="0" fileid="246" />
                <SequencePoint vc="5" uspid="8652" ordinal="7" offset="76" sl="86" sc="13" el="86" ec="52" bec="0" bev="0" fileid="246" />
                <SequencePoint vc="5" uspid="8653" ordinal="8" offset="92" sl="89" sc="13" el="89" ec="14" bec="0" bev="0" fileid="246" />
                <SequencePoint vc="5" uspid="8654" ordinal="9" offset="93" sl="90" sc="17" el="95" ec="19" bec="0" bev="0" fileid="246" />
                <SequencePoint vc="5" uspid="8655" ordinal="10" offset="123" sl="98" sc="17" el="98" ec="101" bec="0" bev="0" fileid="246" />
                <SequencePoint vc="5" uspid="8656" ordinal="11" offset="150" sl="99" sc="17" el="99" ec="64" bec="0" bev="0" fileid="246" />
                <SequencePoint vc="2" uspid="8657" ordinal="12" offset="159" sl="101" sc="17" el="101" ec="48" bec="4" bev="3" fileid="246" />
                <SequencePoint vc="1" uspid="8658" ordinal="13" offset="182" sl="102" sc="17" el="102" ec="18" bec="0" bev="0" fileid="246" />
                <SequencePoint vc="1" uspid="8659" ordinal="14" offset="183" sl="104" sc="21" el="104" ec="107" bec="0" bev="0" fileid="246" />
                <SequencePoint vc="1" uspid="8660" ordinal="15" offset="194" sl="107" sc="17" el="107" ec="18" bec="0" bev="0" fileid="246" />
                <SequencePoint vc="1" uspid="8661" ordinal="16" offset="195" sl="108" sc="21" el="108" ec="74" bec="0" bev="0" fileid="246" />
                <SequencePoint vc="1" uspid="8662" ordinal="17" offset="202" sl="109" sc="21" el="109" ec="98" bec="0" bev="0" fileid="246" />
                <SequencePoint vc="1" uspid="8663" ordinal="18" offset="237" sl="111" sc="21" el="111" ec="28" bec="0" bev="0" fileid="246" />
                <SequencePoint vc="1" uspid="8664" ordinal="19" offset="238" sl="111" sc="42" el="111" ec="59" bec="0" bev="0" fileid="246" />
                <SequencePoint vc="1" uspid="8665" ordinal="20" offset="252" sl="111" sc="30" el="111" ec="38" bec="0" bev="0" fileid="246" />
                <SequencePoint vc="1" uspid="8666" ordinal="21" offset="259" sl="112" sc="25" el="112" ec="101" bec="0" bev="0" fileid="246" />
                <SequencePoint vc="2" uspid="8667" ordinal="22" offset="292" sl="111" sc="39" el="111" ec="41" bec="0" bev="0" fileid="246" />
                <SequencePoint vc="1" uspid="8668" ordinal="23" offset="300" sl="113" sc="21" el="113" ec="43" bec="0" bev="0" fileid="246" />
                <SequencePoint vc="2" uspid="8669" ordinal="24" offset="309" sl="121" sc="13" el="121" ec="52" bec="0" bev="0" fileid="246" />
                <SequencePoint vc="2" uspid="8670" ordinal="25" offset="311" sl="122" sc="13" el="122" ec="14" bec="0" bev="0" fileid="246" />
                <SequencePoint vc="2" uspid="8671" ordinal="26" offset="312" sl="123" sc="17" el="125" ec="26" bec="0" bev="0" fileid="246" />
                <SequencePoint vc="2" uspid="8672" ordinal="27" offset="341" sl="126" sc="17" el="126" ec="63" bec="0" bev="0" fileid="246" />
                <SequencePoint vc="2" uspid="8673" ordinal="28" offset="362" sl="129" sc="17" el="130" ec="83" bec="0" bev="0" fileid="246" />
                <SequencePoint vc="2" uspid="8674" ordinal="29" offset="386" sl="133" sc="17" el="133" ec="93" bec="2" bev="2" fileid="246" />
                <SequencePoint vc="1" uspid="8675" ordinal="30" offset="403" sl="135" sc="13" el="135" ec="42" bec="0" bev="0" fileid="246" />
                <SequencePoint vc="1" uspid="8676" ordinal="31" offset="404" sl="136" sc="13" el="136" ec="14" bec="0" bev="0" fileid="246" />
                <SequencePoint vc="1" uspid="8677" ordinal="32" offset="405" sl="137" sc="17" el="137" ec="23" bec="0" bev="0" fileid="246" />
                <SequencePoint vc="1" uspid="8678" ordinal="33" offset="407" sl="139" sc="13" el="139" ec="33" bec="0" bev="0" fileid="246" />
                <SequencePoint vc="1" uspid="8679" ordinal="34" offset="409" sl="140" sc="13" el="140" ec="14" bec="0" bev="0" fileid="246" />
                <SequencePoint vc="1" uspid="8680" ordinal="35" offset="410" sl="141" sc="17" el="141" ec="101" bec="0" bev="0" fileid="246" />
                <SequencePoint vc="1" uspid="8681" ordinal="36" offset="439" sl="144" sc="17" el="144" ec="84" bec="0" bev="0" fileid="246" />
                <SequencePoint vc="5" uspid="8682" ordinal="37" offset="450" sl="147" sc="13" el="147" ec="14" bec="0" bev="0" fileid="246" />
                <SequencePoint vc="5" uspid="8683" ordinal="38" offset="451" sl="148" sc="17" el="148" ec="32" bec="0" bev="0" fileid="246" />
                <SequencePoint vc="5" uspid="8684" ordinal="39" offset="458" sl="149" sc="13" el="149" ec="14" bec="0" bev="0" fileid="246" />
                <SequencePoint vc="1" uspid="8685" ordinal="40" offset="460" sl="150" sc="9" el="150" ec="10" bec="0" bev="0" fileid="246" />
              </SequencePoints>
              <BranchPoints>
                <BranchPoint vc="1" uspid="8686" ordinal="0" offset="14" sl="78" path="0" offsetend="16" fileid="246" />
                <BranchPoint vc="5" uspid="8687" ordinal="1" offset="14" sl="78" path="1" offsetend="44" fileid="246" />
                <BranchPoint vc="0" uspid="8688" ordinal="2" offset="161" sl="101" path="0" offsetend="163" fileid="246" />
                <BranchPoint vc="2" uspid="8689" ordinal="3" offset="161" sl="101" path="1" offsetend="166" fileid="246" />
                <BranchPoint vc="1" uspid="8690" ordinal="4" offset="180" sl="101" path="0" offsetend="182" fileid="246" />
                <BranchPoint vc="1" uspid="8691" ordinal="5" offset="180" sl="101" path="1" offsetend="194" fileid="246" />
                <BranchPoint vc="1" uspid="8694" ordinal="8" offset="389" sl="133" path="0" offsetend="391" fileid="246" />
                <BranchPoint vc="1" uspid="8695" ordinal="9" offset="389" sl="133" path="1" offsetend="397" fileid="246" />
              </BranchPoints>
              <MethodPoint xsi:type="SequencePoint" vc="6" uspid="8645" ordinal="0" offset="0" sl="77" sc="9" el="77" ec="10" bec="0" bev="0" fileid="246" />
            </Method>
            <Method visited="true" cyclomaticComplexity="9" nPathComplexity="32" sequenceCoverage="88.57" branchCoverage="72.73" isConstructor="false" isStatic="false" isGetter="false" isSetter="false">
              <Summary numSequencePoints="35" visitedSequencePoints="31" numBranchPoints="11" visitedBranchPoints="8" sequenceCoverage="88.57" branchCoverage="72.73" maxCyclomaticComplexity="9" minCyclomaticComplexity="9" visitedClasses="0" numClasses="0" visitedMethods="1" numMethods="1" />
              <MetadataToken>100664776</MetadataToken>
              <Name>System.Void SportsWeb.Services.Cabinate.AmpLightService.AmpWebCabinet::DeleteSite(SportsWeb.Models.SiteModel)</Name>
              <FileRef uid="246" />
              <SequencePoints>
                <SequencePoint vc="7" uspid="8696" ordinal="0" offset="0" sl="153" sc="9" el="153" ec="10" bec="0" bev="0" fileid="246" />
                <SequencePoint vc="7" uspid="8697" ordinal="1" offset="1" sl="154" sc="13" el="154" ec="46" bec="0" bev="0" fileid="246" />
                <SequencePoint vc="7" uspid="8698" ordinal="2" offset="17" sl="156" sc="13" el="156" ec="14" bec="0" bev="0" fileid="246" />
                <SequencePoint vc="7" uspid="8699" ordinal="3" offset="18" sl="158" sc="17" el="158" ec="35" bec="2" bev="2" fileid="246" />
                <SequencePoint vc="1" uspid="8700" ordinal="4" offset="28" sl="159" sc="17" el="159" ec="18" bec="0" bev="0" fileid="246" />
                <SequencePoint vc="1" uspid="8701" ordinal="5" offset="29" sl="160" sc="21" el="161" ec="87" bec="0" bev="0" fileid="246" />
                <SequencePoint vc="1" uspid="8702" ordinal="6" offset="45" sl="162" sc="21" el="162" ec="96" bec="0" bev="0" fileid="246" />
                <SequencePoint vc="6" uspid="8703" ordinal="7" offset="56" sl="166" sc="17" el="166" ec="70" bec="0" bev="0" fileid="246" />
                <SequencePoint vc="6" uspid="8704" ordinal="8" offset="69" sl="167" sc="17" el="167" ec="104" bec="0" bev="0" fileid="246" />
                <SequencePoint vc="6" uspid="8705" ordinal="9" offset="93" sl="169" sc="17" el="169" ec="36" bec="2" bev="1" fileid="246" />
                <SequencePoint vc="6" uspid="8706" ordinal="10" offset="103" sl="170" sc="21" el="170" ec="60" bec="0" bev="0" fileid="246" />
                <SequencePoint vc="6" uspid="8707" ordinal="11" offset="119" sl="172" sc="17" el="178" ec="19" bec="0" bev="0" fileid="246" />
                <SequencePoint vc="6" uspid="8708" ordinal="12" offset="167" sl="180" sc="17" el="180" ec="60" bec="2" bev="1" fileid="246" />
                <SequencePoint vc="2" uspid="8709" ordinal="13" offset="181" sl="182" sc="17" el="182" ec="50" bec="4" bev="3" fileid="246" />
                <SequencePoint vc="1" uspid="8710" ordinal="14" offset="202" sl="183" sc="17" el="183" ec="18" bec="0" bev="0" fileid="246" />
                <SequencePoint vc="1" uspid="8711" ordinal="15" offset="203" sl="184" sc="21" el="186" ec="93" bec="0" bev="0" fileid="246" />
                <SequencePoint vc="1" uspid="8712" ordinal="16" offset="291" sl="188" sc="17" el="188" ec="18" bec="0" bev="0" fileid="246" />
                <SequencePoint vc="1" uspid="8713" ordinal="17" offset="294" sl="191" sc="17" el="191" ec="18" bec="0" bev="0" fileid="246" />
                <SequencePoint vc="1" uspid="8714" ordinal="18" offset="295" sl="192" sc="21" el="193" ec="46" bec="0" bev="0" fileid="246" />
                <SequencePoint vc="1" uspid="8715" ordinal="19" offset="327" sl="194" sc="21" el="194" ec="123" bec="0" bev="0" fileid="246" />
                <SequencePoint vc="1" uspid="8716" ordinal="20" offset="349" sl="198" sc="13" el="198" ec="14" bec="0" bev="0" fileid="246" />
                <SequencePoint vc="4" uspid="8717" ordinal="21" offset="355" sl="199" sc="13" el="199" ec="52" bec="0" bev="0" fileid="246" />
                <SequencePoint vc="4" uspid="8718" ordinal="22" offset="357" sl="200" sc="13" el="200" ec="14" bec="0" bev="0" fileid="246" />
                <SequencePoint vc="4" uspid="8719" ordinal="23" offset="358" sl="201" sc="17" el="202" ec="90" bec="0" bev="0" fileid="246" />
                <SequencePoint vc="4" uspid="8720" ordinal="24" offset="385" sl="204" sc="17" el="204" ec="63" bec="0" bev="0" fileid="246" />
                <SequencePoint vc="4" uspid="8721" ordinal="25" offset="406" sl="206" sc="17" el="208" ec="124" bec="0" bev="0" fileid="246" />
                <SequencePoint vc="4" uspid="8722" ordinal="26" offset="448" sl="209" sc="17" el="210" ec="119" bec="0" bev="0" fileid="246" />
                <SequencePoint vc="2" uspid="8723" ordinal="27" offset="476" sl="212" sc="13" el="212" ec="42" bec="0" bev="0" fileid="246" />
                <SequencePoint vc="2" uspid="8724" ordinal="28" offset="477" sl="213" sc="13" el="213" ec="14" bec="0" bev="0" fileid="246" />
                <SequencePoint vc="2" uspid="8725" ordinal="29" offset="478" sl="214" sc="17" el="214" ec="23" bec="0" bev="0" fileid="246" />
                <SequencePoint vc="0" uspid="8726" ordinal="30" offset="480" sl="216" sc="13" el="216" ec="33" bec="0" bev="0" fileid="246" />
                <SequencePoint vc="0" uspid="8727" ordinal="31" offset="482" sl="217" sc="13" el="217" ec="14" bec="0" bev="0" fileid="246" />
                <SequencePoint vc="0" uspid="8728" ordinal="32" offset="483" sl="218" sc="17" el="219" ec="94" bec="0" bev="0" fileid="246" />
                <SequencePoint vc="0" uspid="8729" ordinal="33" offset="512" sl="220" sc="17" el="220" ec="119" bec="0" bev="0" fileid="246" />
                <SequencePoint vc="1" uspid="8730" ordinal="34" offset="534" sl="222" sc="9" el="222" ec="10" bec="0" bev="0" fileid="246" />
              </SequencePoints>
              <BranchPoints>
                <BranchPoint vc="1" uspid="8731" ordinal="0" offset="26" sl="158" path="0" offsetend="28" fileid="246" />
                <BranchPoint vc="6" uspid="8732" ordinal="1" offset="26" sl="158" path="1" offsetend="56" fileid="246" />
                <BranchPoint vc="6" uspid="8733" ordinal="2" offset="101" sl="169" path="0" offsetend="103" fileid="246" />
                <BranchPoint vc="0" uspid="8734" ordinal="3" offset="101" sl="169" path="1" offsetend="119" fileid="246" />
                <BranchPoint vc="0" uspid="8735" ordinal="4" offset="168" sl="180" path="0" offsetend="170" fileid="246" />
                <BranchPoint vc="6" uspid="8736" ordinal="5" offset="168" sl="180" path="1" offsetend="173" fileid="246" />
                <BranchPoint vc="0" uspid="8737" ordinal="6" offset="182" sl="182" path="0" offsetend="184" fileid="246" />
                <BranchPoint vc="2" uspid="8738" ordinal="7" offset="182" sl="182" path="1" offsetend="187" fileid="246" />
                <BranchPoint vc="1" uspid="8739" ordinal="8" offset="200" sl="182" path="0" offsetend="202" fileid="246" />
                <BranchPoint vc="1" uspid="8740" ordinal="9" offset="200" sl="182" path="1" offsetend="294" fileid="246" />
              </BranchPoints>
              <MethodPoint xsi:type="SequencePoint" vc="7" uspid="8696" ordinal="0" offset="0" sl="153" sc="9" el="153" ec="10" bec="0" bev="0" fileid="246" />
            </Method>
            <Method visited="true" cyclomaticComplexity="4" nPathComplexity="8" sequenceCoverage="100" branchCoverage="100" isConstructor="false" isStatic="false" isGetter="false" isSetter="false">
              <Summary numSequencePoints="40" visitedSequencePoints="40" numBranchPoints="7" visitedBranchPoints="7" sequenceCoverage="100" branchCoverage="100" maxCyclomaticComplexity="4" minCyclomaticComplexity="4" visitedClasses="0" numClasses="0" visitedMethods="1" numMethods="1" />
              <MetadataToken>100664777</MetadataToken>
              <Name>System.Void SportsWeb.Services.Cabinate.AmpLightService.AmpWebCabinet::EditSite(SportsWeb.Models.SiteModel)</Name>
              <FileRef uid="246" />
              <SequencePoints>
                <SequencePoint vc="10" uspid="8743" ordinal="0" offset="0" sl="225" sc="9" el="225" ec="10" bec="0" bev="0" fileid="246" />
                <SequencePoint vc="10" uspid="8744" ordinal="1" offset="1" sl="226" sc="13" el="226" ec="45" bec="0" bev="0" fileid="246" />
                <SequencePoint vc="10" uspid="8745" ordinal="2" offset="17" sl="228" sc="13" el="228" ec="14" bec="0" bev="0" fileid="246" />
                <SequencePoint vc="10" uspid="8746" ordinal="3" offset="18" sl="229" sc="17" el="229" ec="34" bec="2" bev="2" fileid="246" />
                <SequencePoint vc="1" uspid="8747" ordinal="4" offset="26" sl="230" sc="17" el="230" ec="18" bec="0" bev="0" fileid="246" />
                <SequencePoint vc="1" uspid="8748" ordinal="5" offset="27" sl="231" sc="21" el="231" ec="98" bec="0" bev="0" fileid="246" />
                <SequencePoint vc="1" uspid="8749" ordinal="6" offset="43" sl="232" sc="21" el="232" ec="96" bec="0" bev="0" fileid="246" />
                <SequencePoint vc="9" uspid="8750" ordinal="7" offset="54" sl="234" sc="17" el="234" ec="69" bec="0" bev="0" fileid="246" />
                <SequencePoint vc="9" uspid="8751" ordinal="8" offset="67" sl="235" sc="17" el="235" ec="104" bec="0" bev="0" fileid="246" />
                <SequencePoint vc="9" uspid="8752" ordinal="9" offset="91" sl="236" sc="17" el="236" ec="56" bec="0" bev="0" fileid="246" />
                <SequencePoint vc="9" uspid="8753" ordinal="10" offset="107" sl="237" sc="17" el="244" ec="19" bec="0" bev="0" fileid="246" />
                <SequencePoint vc="9" uspid="8754" ordinal="11" offset="168" sl="246" sc="17" el="246" ec="105" bec="0" bev="0" fileid="246" />
                <SequencePoint vc="9" uspid="8755" ordinal="12" offset="200" sl="248" sc="17" el="248" ec="18" bec="0" bev="0" fileid="246" />
                <SequencePoint vc="9" uspid="8756" ordinal="13" offset="201" sl="249" sc="21" el="249" ec="61" bec="0" bev="0" fileid="246" />
                <SequencePoint vc="2" uspid="8757" ordinal="14" offset="210" sl="250" sc="21" el="250" ec="57" bec="2" bev="2" fileid="246" />
                <SequencePoint vc="1" uspid="8758" ordinal="15" offset="231" sl="251" sc="21" el="251" ec="22" bec="0" bev="0" fileid="246" />
                <SequencePoint vc="1" uspid="8759" ordinal="16" offset="232" sl="252" sc="25" el="252" ec="125" bec="0" bev="0" fileid="246" />
                <SequencePoint vc="1" uspid="8760" ordinal="17" offset="301" sl="253" sc="21" el="253" ec="22" bec="0" bev="0" fileid="246" />
                <SequencePoint vc="1" uspid="8761" ordinal="18" offset="304" sl="255" sc="21" el="255" ec="22" bec="0" bev="0" fileid="246" />
                <SequencePoint vc="1" uspid="8762" ordinal="19" offset="305" sl="256" sc="25" el="256" ec="109" bec="0" bev="0" fileid="246" />
                <SequencePoint vc="1" uspid="8763" ordinal="20" offset="343" sl="257" sc="25" el="257" ec="103" bec="0" bev="0" fileid="246" />
                <SequencePoint vc="1" uspid="8764" ordinal="21" offset="354" sl="259" sc="17" el="259" ec="18" bec="0" bev="0" fileid="246" />
                <SequencePoint vc="9" uspid="8765" ordinal="22" offset="357" sl="261" sc="17" el="261" ec="18" bec="0" bev="0" fileid="246" />
                <SequencePoint vc="9" uspid="8766" ordinal="23" offset="358" sl="262" sc="21" el="262" ec="36" bec="0" bev="0" fileid="246" />
                <SequencePoint vc="9" uspid="8767" ordinal="24" offset="365" sl="263" sc="17" el="263" ec="18" bec="0" bev="0" fileid="246" />
                <SequencePoint vc="1" uspid="8768" ordinal="25" offset="367" sl="265" sc="13" el="265" ec="14" bec="0" bev="0" fileid="246" />
                <SequencePoint vc="6" uspid="8769" ordinal="26" offset="373" sl="266" sc="13" el="266" ec="52" bec="0" bev="0" fileid="246" />
                <SequencePoint vc="6" uspid="8770" ordinal="27" offset="375" sl="267" sc="13" el="267" ec="14" bec="0" bev="0" fileid="246" />
                <SequencePoint vc="6" uspid="8771" ordinal="28" offset="376" sl="268" sc="17" el="268" ec="92" bec="0" bev="0" fileid="246" />
                <SequencePoint vc="6" uspid="8772" ordinal="29" offset="394" sl="269" sc="17" el="269" ec="80" bec="0" bev="0" fileid="246" />
                <SequencePoint vc="6" uspid="8773" ordinal="30" offset="420" sl="272" sc="17" el="277" ec="24" bec="0" bev="0" fileid="246" />
                <SequencePoint vc="6" uspid="8774" ordinal="31" offset="474" sl="280" sc="17" el="280" ec="104" bec="2" bev="2" fileid="246" />
                <SequencePoint vc="2" uspid="8775" ordinal="32" offset="491" sl="282" sc="13" el="282" ec="42" bec="0" bev="0" fileid="246" />
                <SequencePoint vc="2" uspid="8776" ordinal="33" offset="492" sl="283" sc="13" el="283" ec="14" bec="0" bev="0" fileid="246" />
                <SequencePoint vc="2" uspid="8777" ordinal="34" offset="493" sl="284" sc="17" el="284" ec="23" bec="0" bev="0" fileid="246" />
                <SequencePoint vc="1" uspid="8778" ordinal="35" offset="495" sl="286" sc="13" el="286" ec="33" bec="0" bev="0" fileid="246" />
                <SequencePoint vc="1" uspid="8779" ordinal="36" offset="497" sl="287" sc="13" el="287" ec="14" bec="0" bev="0" fileid="246" />
                <SequencePoint vc="1" uspid="8780" ordinal="37" offset="498" sl="288" sc="17" el="288" ec="106" bec="0" bev="0" fileid="246" />
                <SequencePoint vc="1" uspid="8781" ordinal="38" offset="532" sl="290" sc="17" el="290" ec="95" bec="0" bev="0" fileid="246" />
                <SequencePoint vc="1" uspid="8782" ordinal="39" offset="543" sl="292" sc="9" el="292" ec="10" bec="0" bev="0" fileid="246" />
              </SequencePoints>
              <BranchPoints>
                <BranchPoint vc="1" uspid="8783" ordinal="0" offset="24" sl="229" path="0" offsetend="26" fileid="246" />
                <BranchPoint vc="9" uspid="8784" ordinal="1" offset="24" sl="229" path="1" offsetend="54" fileid="246" />
                <BranchPoint vc="1" uspid="8785" ordinal="2" offset="229" sl="250" path="0" offsetend="231" fileid="246" />
                <BranchPoint vc="1" uspid="8786" ordinal="3" offset="229" sl="250" path="1" offsetend="304" fileid="246" />
                <BranchPoint vc="1" uspid="8787" ordinal="4" offset="477" sl="280" path="0" offsetend="479" fileid="246" />
                <BranchPoint vc="5" uspid="8788" ordinal="5" offset="477" sl="280" path="1" offsetend="485" fileid="246" />
              </BranchPoints>
              <MethodPoint xsi:type="SequencePoint" vc="10" uspid="8743" ordinal="0" offset="0" sl="225" sc="9" el="225" ec="10" bec="0" bev="0" fileid="246" />
            </Method>
            <Method visited="true" cyclomaticComplexity="5" nPathComplexity="8" sequenceCoverage="60.71" branchCoverage="42.86" isConstructor="false" isStatic="false" isGetter="false" isSetter="false">
              <Summary numSequencePoints="28" visitedSequencePoints="17" numBranchPoints="7" visitedBranchPoints="3" sequenceCoverage="60.71" branchCoverage="42.86" maxCyclomaticComplexity="5" minCyclomaticComplexity="5" visitedClasses="0" numClasses="0" visitedMethods="1" numMethods="1" />
              <MetadataToken>100664778</MetadataToken>
              <Name>SportsWeb.Models.FieldState SportsWeb.Services.Cabinate.AmpLightService.AmpWebCabinet::GetFieldState(SportsWeb.Models.PitchModel,SportsWeb.Services.Cabinate.AmpLightService.Interfaces.UserInfo)</Name>
              <FileRef uid="247" />
              <SequencePoints>
                <SequencePoint vc="1" uspid="8789" ordinal="0" offset="0" sl="22" sc="9" el="22" ec="10" bec="0" bev="0" fileid="247" />
                <SequencePoint vc="1" uspid="8790" ordinal="1" offset="1" sl="23" sc="13" el="23" ec="31" bec="2" bev="1" fileid="247" />
                <SequencePoint vc="0" uspid="8791" ordinal="2" offset="9" sl="24" sc="13" el="24" ec="14" bec="0" bev="0" fileid="247" />
                <SequencePoint vc="0" uspid="8792" ordinal="3" offset="10" sl="25" sc="17" el="25" ec="99" bec="0" bev="0" fileid="247" />
                <SequencePoint vc="0" uspid="8793" ordinal="4" offset="26" sl="26" sc="17" el="26" ec="92" bec="0" bev="0" fileid="247" />
                <SequencePoint vc="1" uspid="8794" ordinal="5" offset="37" sl="28" sc="13" el="28" ec="100" bec="0" bev="0" fileid="247" />
                <SequencePoint vc="1" uspid="8795" ordinal="6" offset="61" sl="29" sc="13" el="29" ec="52" bec="0" bev="0" fileid="247" />
                <SequencePoint vc="1" uspid="8796" ordinal="7" offset="77" sl="32" sc="13" el="32" ec="14" bec="0" bev="0" fileid="247" />
                <SequencePoint vc="1" uspid="8797" ordinal="8" offset="78" sl="33" sc="17" el="33" ec="69" bec="0" bev="0" fileid="247" />
                <SequencePoint vc="1" uspid="8798" ordinal="9" offset="97" sl="35" sc="17" el="40" ec="20" bec="0" bev="0" fileid="247" />
                <SequencePoint vc="1" uspid="8799" ordinal="10" offset="143" sl="42" sc="17" el="43" ec="159" bec="0" bev="0" fileid="247" />
                <SequencePoint vc="1" uspid="8800" ordinal="11" offset="176" sl="45" sc="17" el="45" ec="32" bec="0" bev="0" fileid="247" />
                <SequencePoint vc="1" uspid="8801" ordinal="12" offset="183" sl="46" sc="17" el="46" ec="55" bec="0" bev="0" fileid="247" />
                <SequencePoint vc="1" uspid="8802" ordinal="13" offset="199" sl="48" sc="17" el="48" ec="118" bec="0" bev="0" fileid="247" />
                <SequencePoint vc="1" uspid="8803" ordinal="14" offset="243" sl="51" sc="17" el="51" ec="40" bec="2" bev="1" fileid="247" />
                <SequencePoint vc="0" uspid="8804" ordinal="15" offset="254" sl="52" sc="17" el="52" ec="18" bec="0" bev="0" fileid="247" />
                <SequencePoint vc="0" uspid="8805" ordinal="16" offset="255" sl="53" sc="21" el="53" ec="59" bec="0" bev="0" fileid="247" />
                <SequencePoint vc="0" uspid="8806" ordinal="17" offset="263" sl="54" sc="17" el="54" ec="18" bec="0" bev="0" fileid="247" />
                <SequencePoint vc="1" uspid="8807" ordinal="18" offset="266" sl="56" sc="17" el="56" ec="18" bec="0" bev="0" fileid="247" />
                <SequencePoint vc="1" uspid="8808" ordinal="19" offset="267" sl="57" sc="21" el="57" ec="77" bec="0" bev="0" fileid="247" />
                <SequencePoint vc="1" uspid="8809" ordinal="20" offset="282" sl="58" sc="17" el="58" ec="18" bec="0" bev="0" fileid="247" />
                <SequencePoint vc="1" uspid="8810" ordinal="21" offset="283" sl="60" sc="17" el="60" ec="35" bec="0" bev="0" fileid="247" />
                <SequencePoint vc="0" uspid="8811" ordinal="22" offset="288" sl="62" sc="13" el="62" ec="33" bec="0" bev="0" fileid="247" />
                <SequencePoint vc="0" uspid="8812" ordinal="23" offset="290" sl="63" sc="13" el="63" ec="14" bec="0" bev="0" fileid="247" />
                <SequencePoint vc="0" uspid="8813" ordinal="24" offset="291" sl="64" sc="17" el="64" ec="33" bec="2" bev="0" fileid="247" />
                <SequencePoint vc="0" uspid="8814" ordinal="25" offset="303" sl="65" sc="17" el="65" ec="102" bec="0" bev="0" fileid="247" />
                <SequencePoint vc="0" uspid="8815" ordinal="26" offset="337" sl="66" sc="17" el="66" ec="29" bec="0" bev="0" fileid="247" />
                <SequencePoint vc="1" uspid="8816" ordinal="27" offset="342" sl="68" sc="9" el="68" ec="10" bec="0" bev="0" fileid="247" />
              </SequencePoints>
              <BranchPoints>
                <BranchPoint vc="0" uspid="8817" ordinal="0" offset="7" sl="23" path="0" offsetend="9" fileid="247" />
                <BranchPoint vc="1" uspid="8818" ordinal="1" offset="7" sl="23" path="1" offsetend="37" fileid="247" />
                <BranchPoint vc="0" uspid="8821" ordinal="4" offset="252" sl="51" path="0" offsetend="254" fileid="247" />
                <BranchPoint vc="1" uspid="8822" ordinal="5" offset="252" sl="51" path="1" offsetend="266" fileid="247" />
                <BranchPoint vc="0" uspid="8823" ordinal="6" offset="292" sl="64" path="0" offsetchain="294" offsetend="303" fileid="247" />
                <BranchPoint vc="0" uspid="8824" ordinal="7" offset="292" sl="64" path="1" offsetend="296" fileid="247" />
              </BranchPoints>
              <MethodPoint xsi:type="SequencePoint" vc="1" uspid="8789" ordinal="0" offset="0" sl="22" sc="9" el="22" ec="10" bec="0" bev="0" fileid="247" />
            </Method>
            <Method visited="true" cyclomaticComplexity="4" nPathComplexity="8" sequenceCoverage="52.17" branchCoverage="42.86" isConstructor="false" isStatic="false" isGetter="false" isSetter="false">
              <Summary numSequencePoints="23" visitedSequencePoints="12" numBranchPoints="7" visitedBranchPoints="3" sequenceCoverage="52.17" branchCoverage="42.86" maxCyclomaticComplexity="4" minCyclomaticComplexity="4" visitedClasses="0" numClasses="0" visitedMethods="1" numMethods="1" />
              <MetadataToken>100664779</MetadataToken>
              <Name>System.Int32 SportsWeb.Services.Cabinate.AmpLightService.AmpWebCabinet::SetFieldState(SportsWeb.Models.PitchModel,SportsWeb.Entities.PitchStateEnum,SportsWeb.Services.Cabinate.AmpLightService.Interfaces.UserInfo)</Name>
              <FileRef uid="247" />
              <SequencePoints>
                <SequencePoint vc="1" uspid="8825" ordinal="0" offset="0" sl="71" sc="9" el="71" ec="10" bec="0" bev="0" fileid="247" />
                <SequencePoint vc="1" uspid="8826" ordinal="1" offset="1" sl="72" sc="13" el="72" ec="31" bec="2" bev="1" fileid="247" />
                <SequencePoint vc="0" uspid="8827" ordinal="2" offset="9" sl="73" sc="13" el="73" ec="14" bec="0" bev="0" fileid="247" />
                <SequencePoint vc="0" uspid="8828" ordinal="3" offset="10" sl="74" sc="17" el="74" ec="101" bec="0" bev="0" fileid="247" />
                <SequencePoint vc="0" uspid="8829" ordinal="4" offset="26" sl="75" sc="17" el="75" ec="92" bec="0" bev="0" fileid="247" />
                <SequencePoint vc="1" uspid="8830" ordinal="5" offset="37" sl="77" sc="13" el="77" ec="34" bec="2" bev="1" fileid="247" />
                <SequencePoint vc="0" uspid="8831" ordinal="6" offset="45" sl="78" sc="13" el="78" ec="14" bec="0" bev="0" fileid="247" />
                <SequencePoint vc="0" uspid="8832" ordinal="7" offset="46" sl="79" sc="17" el="79" ec="97" bec="0" bev="0" fileid="247" />
                <SequencePoint vc="0" uspid="8833" ordinal="8" offset="62" sl="80" sc="17" el="80" ec="92" bec="0" bev="0" fileid="247" />
                <SequencePoint vc="1" uspid="8834" ordinal="9" offset="73" sl="82" sc="13" el="82" ec="100" bec="0" bev="0" fileid="247" />
                <SequencePoint vc="1" uspid="8835" ordinal="10" offset="97" sl="83" sc="13" el="83" ec="52" bec="0" bev="0" fileid="247" />
                <SequencePoint vc="1" uspid="8836" ordinal="11" offset="113" sl="86" sc="13" el="86" ec="14" bec="0" bev="0" fileid="247" />
                <SequencePoint vc="1" uspid="8837" ordinal="12" offset="114" sl="89" sc="17" el="97" ec="20" bec="0" bev="0" fileid="247" />
                <SequencePoint vc="1" uspid="8838" ordinal="13" offset="176" sl="99" sc="17" el="99" ec="32" bec="0" bev="0" fileid="247" />
                <SequencePoint vc="1" uspid="8839" ordinal="14" offset="183" sl="100" sc="17" el="100" ec="79" bec="0" bev="0" fileid="247" />
                <SequencePoint vc="1" uspid="8840" ordinal="15" offset="199" sl="101" sc="17" el="101" ec="163" bec="0" bev="0" fileid="247" />
                <SequencePoint vc="1" uspid="8841" ordinal="16" offset="232" sl="102" sc="17" el="102" ec="40" bec="0" bev="0" fileid="247" />
                <SequencePoint vc="0" uspid="8842" ordinal="17" offset="242" sl="104" sc="13" el="104" ec="33" bec="0" bev="0" fileid="247" />
                <SequencePoint vc="0" uspid="8843" ordinal="18" offset="244" sl="105" sc="13" el="105" ec="14" bec="0" bev="0" fileid="247" />
                <SequencePoint vc="0" uspid="8844" ordinal="19" offset="245" sl="106" sc="17" el="106" ec="33" bec="2" bev="0" fileid="247" />
                <SequencePoint vc="0" uspid="8845" ordinal="20" offset="257" sl="107" sc="17" el="107" ec="102" bec="0" bev="0" fileid="247" />
                <SequencePoint vc="0" uspid="8846" ordinal="21" offset="291" sl="108" sc="17" el="108" ec="23" bec="0" bev="0" fileid="247" />
                <SequencePoint vc="1" uspid="8847" ordinal="22" offset="293" sl="110" sc="9" el="110" ec="10" bec="0" bev="0" fileid="247" />
              </SequencePoints>
              <BranchPoints>
                <BranchPoint vc="0" uspid="8848" ordinal="0" offset="7" sl="72" path="0" offsetend="9" fileid="247" />
                <BranchPoint vc="1" uspid="8849" ordinal="1" offset="7" sl="72" path="1" offsetend="37" fileid="247" />
                <BranchPoint vc="0" uspid="8850" ordinal="2" offset="43" sl="77" path="0" offsetend="45" fileid="247" />
                <BranchPoint vc="1" uspid="8851" ordinal="3" offset="43" sl="77" path="1" offsetend="73" fileid="247" />
                <BranchPoint vc="0" uspid="8852" ordinal="4" offset="246" sl="106" path="0" offsetchain="248" offsetend="257" fileid="247" />
                <BranchPoint vc="0" uspid="8853" ordinal="5" offset="246" sl="106" path="1" offsetend="250" fileid="247" />
              </BranchPoints>
              <MethodPoint xsi:type="SequencePoint" vc="1" uspid="8825" ordinal="0" offset="0" sl="71" sc="9" el="71" ec="10" bec="0" bev="0" fileid="247" />
            </Method>
            <Method visited="true" cyclomaticComplexity="4" nPathComplexity="4" sequenceCoverage="100" branchCoverage="80" isConstructor="false" isStatic="false" isGetter="false" isSetter="false">
              <Summary numSequencePoints="34" visitedSequencePoints="34" numBranchPoints="5" visitedBranchPoints="4" sequenceCoverage="100" branchCoverage="80" maxCyclomaticComplexity="4" minCyclomaticComplexity="4" visitedClasses="0" numClasses="0" visitedMethods="1" numMethods="1" />
              <MetadataToken>100664780</MetadataToken>
              <Name>System.Collections.Generic.List`1&lt;SportsWeb.Models.PitchModel&gt; SportsWeb.Services.Cabinate.AmpLightService.AmpWebCabinet::GetField(System.Guid)</Name>
              <FileRef uid="247" />
              <SequencePoints>
                <SequencePoint vc="6" uspid="8854" ordinal="0" offset="13" sl="113" sc="9" el="113" ec="10" bec="0" bev="0" fileid="247" />
                <SequencePoint vc="6" uspid="8855" ordinal="1" offset="27" sl="115" sc="13" el="115" ec="14" bec="0" bev="0" fileid="247" />
                <SequencePoint vc="6" uspid="8856" ordinal="2" offset="28" sl="116" sc="17" el="116" ec="58" bec="0" bev="0" fileid="247" />
                <SequencePoint vc="6" uspid="8857" ordinal="3" offset="44" sl="119" sc="24" el="119" ec="51" bec="0" bev="0" fileid="247" />
                <SequencePoint vc="6" uspid="8858" ordinal="4" offset="52" sl="120" sc="17" el="120" ec="18" bec="0" bev="0" fileid="247" />
                <SequencePoint vc="6" uspid="8859" ordinal="5" offset="53" sl="121" sc="21" el="121" ec="70" bec="0" bev="0" fileid="247" />
                <SequencePoint vc="6" uspid="8860" ordinal="6" offset="62" sl="122" sc="21" el="122" ec="92" bec="0" bev="0" fileid="247" />
                <SequencePoint vc="6" uspid="8861" ordinal="7" offset="234" sl="123" sc="17" el="123" ec="18" bec="0" bev="0" fileid="247" />
                <SequencePoint vc="6" uspid="8862" ordinal="8" offset="250" sl="125" sc="17" el="125" ec="70" bec="0" bev="0" fileid="247" />
                <SequencePoint vc="6" uspid="8863" ordinal="9" offset="263" sl="127" sc="17" el="127" ec="104" bec="0" bev="0" fileid="247" />
                <SequencePoint vc="6" uspid="8864" ordinal="10" offset="288" sl="128" sc="17" el="128" ec="56" bec="0" bev="0" fileid="247" />
                <SequencePoint vc="6" uspid="8865" ordinal="11" offset="304" sl="130" sc="17" el="137" ec="19" bec="0" bev="0" fileid="247" />
                <SequencePoint vc="6" uspid="8866" ordinal="12" offset="361" sl="139" sc="17" el="139" ec="101" bec="0" bev="0" fileid="247" />
                <SequencePoint vc="6" uspid="8867" ordinal="13" offset="388" sl="141" sc="17" el="141" ec="66" bec="0" bev="0" fileid="247" />
                <SequencePoint vc="2" uspid="8868" ordinal="14" offset="399" sl="143" sc="17" el="143" ec="102" bec="0" bev="0" fileid="247" />
                <SequencePoint vc="2" uspid="8869" ordinal="15" offset="426" sl="145" sc="17" el="145" ec="56" bec="0" bev="0" fileid="247" />
                <SequencePoint vc="2" uspid="8870" ordinal="16" offset="437" sl="147" sc="17" el="147" ec="48" bec="2" bev="1" fileid="247" />
                <SequencePoint vc="2" uspid="8871" ordinal="17" offset="453" sl="148" sc="17" el="148" ec="18" bec="0" bev="0" fileid="247" />
                <SequencePoint vc="2" uspid="8872" ordinal="18" offset="454" sl="149" sc="21" el="149" ec="133" bec="0" bev="0" fileid="247" />
                <SequencePoint vc="2" uspid="8873" ordinal="19" offset="495" sl="151" sc="21" el="156" ec="25" bec="0" bev="0" fileid="247" />
                <SequencePoint vc="2" uspid="8874" ordinal="20" offset="520" sl="157" sc="17" el="157" ec="18" bec="0" bev="0" fileid="247" />
                <SequencePoint vc="2" uspid="8875" ordinal="21" offset="521" sl="159" sc="17" el="159" ec="32" bec="0" bev="0" fileid="247" />
                <SequencePoint vc="2" uspid="8876" ordinal="22" offset="529" sl="161" sc="17" el="161" ec="34" bec="0" bev="0" fileid="247" />
                <SequencePoint vc="3" uspid="8877" ordinal="23" offset="539" sl="163" sc="13" el="163" ec="52" bec="0" bev="0" fileid="247" />
                <SequencePoint vc="3" uspid="8878" ordinal="24" offset="541" sl="164" sc="13" el="164" ec="14" bec="0" bev="0" fileid="247" />
                <SequencePoint vc="3" uspid="8879" ordinal="25" offset="542" sl="165" sc="17" el="165" ec="91" bec="0" bev="0" fileid="247" />
                <SequencePoint vc="3" uspid="8880" ordinal="26" offset="560" sl="167" sc="17" el="167" ec="80" bec="0" bev="0" fileid="247" />
                <SequencePoint vc="3" uspid="8881" ordinal="27" offset="586" sl="170" sc="17" el="170" ec="133" bec="0" bev="0" fileid="247" />
                <SequencePoint vc="3" uspid="8882" ordinal="28" offset="605" sl="173" sc="17" el="173" ec="104" bec="2" bev="2" fileid="247" />
                <SequencePoint vc="1" uspid="8883" ordinal="29" offset="622" sl="175" sc="13" el="175" ec="33" bec="0" bev="0" fileid="247" />
                <SequencePoint vc="1" uspid="8884" ordinal="30" offset="624" sl="176" sc="13" el="176" ec="14" bec="0" bev="0" fileid="247" />
                <SequencePoint vc="1" uspid="8885" ordinal="31" offset="625" sl="177" sc="17" el="177" ec="89" bec="0" bev="0" fileid="247" />
                <SequencePoint vc="1" uspid="8886" ordinal="32" offset="643" sl="179" sc="17" el="179" ec="110" bec="0" bev="0" fileid="247" />
                <SequencePoint vc="2" uspid="8887" ordinal="33" offset="664" sl="181" sc="9" el="181" ec="10" bec="0" bev="0" fileid="247" />
              </SequencePoints>
              <BranchPoints>
                <BranchPoint vc="2" uspid="8888" ordinal="0" offset="451" sl="147" path="0" offsetend="453" fileid="247" />
                <BranchPoint vc="0" uspid="8889" ordinal="1" offset="451" sl="147" path="1" offsetend="521" fileid="247" />
                <BranchPoint vc="1" uspid="8890" ordinal="2" offset="608" sl="173" path="0" offsetend="610" fileid="247" />
                <BranchPoint vc="2" uspid="8891" ordinal="3" offset="608" sl="173" path="1" offsetend="616" fileid="247" />
              </BranchPoints>
              <MethodPoint vc="6" uspid="8892" ordinal="0" offset="0" />
            </Method>
            <Method visited="true" cyclomaticComplexity="4" nPathComplexity="4" sequenceCoverage="100" branchCoverage="100" isConstructor="false" isStatic="false" isGetter="false" isSetter="false">
              <Summary numSequencePoints="32" visitedSequencePoints="32" numBranchPoints="5" visitedBranchPoints="5" sequenceCoverage="100" branchCoverage="100" maxCyclomaticComplexity="4" minCyclomaticComplexity="4" visitedClasses="0" numClasses="0" visitedMethods="1" numMethods="1" />
              <MetadataToken>100664781</MetadataToken>
              <Name>System.Int64 SportsWeb.Services.Cabinate.AmpLightService.AmpWebCabinet::CreatePitch(SportsWeb.Models.PitchModel)</Name>
              <FileRef uid="247" />
              <SequencePoints>
                <SequencePoint vc="9" uspid="8893" ordinal="0" offset="13" sl="184" sc="9" el="184" ec="10" bec="0" bev="0" fileid="247" />
                <SequencePoint vc="9" uspid="8894" ordinal="1" offset="14" sl="185" sc="13" el="185" ec="48" bec="0" bev="0" fileid="247" />
                <SequencePoint vc="9" uspid="8895" ordinal="2" offset="30" sl="187" sc="13" el="187" ec="14" bec="0" bev="0" fileid="247" />
                <SequencePoint vc="9" uspid="8896" ordinal="3" offset="31" sl="188" sc="17" el="188" ec="35" bec="2" bev="2" fileid="247" />
                <SequencePoint vc="1" uspid="8897" ordinal="4" offset="46" sl="189" sc="21" el="189" ec="97" bec="0" bev="0" fileid="247" />
                <SequencePoint vc="8" uspid="8898" ordinal="5" offset="57" sl="191" sc="24" el="191" ec="51" bec="0" bev="0" fileid="247" />
                <SequencePoint vc="8" uspid="8899" ordinal="6" offset="65" sl="192" sc="17" el="192" ec="18" bec="0" bev="0" fileid="247" />
                <SequencePoint vc="8" uspid="8900" ordinal="7" offset="66" sl="193" sc="21" el="193" ec="70" bec="0" bev="0" fileid="247" />
                <SequencePoint vc="8" uspid="8901" ordinal="8" offset="75" sl="194" sc="21" el="194" ec="98" bec="0" bev="0" fileid="247" />
                <SequencePoint vc="8" uspid="8902" ordinal="9" offset="252" sl="195" sc="17" el="195" ec="18" bec="0" bev="0" fileid="247" />
                <SequencePoint vc="8" uspid="8903" ordinal="10" offset="268" sl="196" sc="17" el="196" ec="70" bec="0" bev="0" fileid="247" />
                <SequencePoint vc="8" uspid="8904" ordinal="11" offset="281" sl="197" sc="17" el="197" ec="104" bec="0" bev="0" fileid="247" />
                <SequencePoint vc="8" uspid="8905" ordinal="12" offset="305" sl="198" sc="17" el="198" ec="56" bec="0" bev="0" fileid="247" />
                <SequencePoint vc="8" uspid="8906" ordinal="13" offset="321" sl="200" sc="17" el="208" ec="19" bec="0" bev="0" fileid="247" />
                <SequencePoint vc="8" uspid="8907" ordinal="14" offset="396" sl="210" sc="17" el="211" ec="66" bec="0" bev="0" fileid="247" />
                <SequencePoint vc="8" uspid="8908" ordinal="15" offset="457" sl="213" sc="17" el="213" ec="65" bec="0" bev="0" fileid="247" />
                <SequencePoint vc="1" uspid="8909" ordinal="16" offset="467" sl="215" sc="17" el="217" ec="84" bec="0" bev="0" fileid="247" />
                <SequencePoint vc="1" uspid="8910" ordinal="17" offset="556" sl="219" sc="17" el="219" ec="55" bec="0" bev="0" fileid="247" />
                <SequencePoint vc="6" uspid="8911" ordinal="18" offset="575" sl="221" sc="13" el="221" ec="52" bec="0" bev="0" fileid="247" />
                <SequencePoint vc="6" uspid="8912" ordinal="19" offset="577" sl="222" sc="13" el="222" ec="14" bec="0" bev="0" fileid="247" />
                <SequencePoint vc="6" uspid="8913" ordinal="20" offset="578" sl="223" sc="17" el="223" ec="94" bec="0" bev="0" fileid="247" />
                <SequencePoint vc="6" uspid="8914" ordinal="21" offset="596" sl="224" sc="17" el="224" ec="63" bec="0" bev="0" fileid="247" />
                <SequencePoint vc="6" uspid="8915" ordinal="22" offset="617" sl="227" sc="17" el="233" ec="24" bec="0" bev="0" fileid="247" />
                <SequencePoint vc="6" uspid="8916" ordinal="23" offset="664" sl="236" sc="17" el="236" ec="102" bec="2" bev="2" fileid="247" />
                <SequencePoint vc="1" uspid="8917" ordinal="24" offset="681" sl="238" sc="13" el="238" ec="42" bec="0" bev="0" fileid="247" />
                <SequencePoint vc="1" uspid="8918" ordinal="25" offset="682" sl="239" sc="13" el="239" ec="14" bec="0" bev="0" fileid="247" />
                <SequencePoint vc="1" uspid="8919" ordinal="26" offset="683" sl="240" sc="17" el="240" ec="23" bec="0" bev="0" fileid="247" />
                <SequencePoint vc="1" uspid="8920" ordinal="27" offset="685" sl="242" sc="13" el="242" ec="33" bec="0" bev="0" fileid="247" />
                <SequencePoint vc="1" uspid="8921" ordinal="28" offset="687" sl="243" sc="13" el="243" ec="14" bec="0" bev="0" fileid="247" />
                <SequencePoint vc="1" uspid="8922" ordinal="29" offset="688" sl="244" sc="17" el="244" ec="100" bec="0" bev="0" fileid="247" />
                <SequencePoint vc="1" uspid="8923" ordinal="30" offset="727" sl="247" sc="17" el="247" ec="93" bec="0" bev="0" fileid="247" />
                <SequencePoint vc="1" uspid="8924" ordinal="31" offset="738" sl="249" sc="9" el="249" ec="10" bec="0" bev="0" fileid="247" />
              </SequencePoints>
              <BranchPoints>
                <BranchPoint vc="1" uspid="8925" ordinal="0" offset="44" sl="188" path="0" offsetend="46" fileid="247" />
                <BranchPoint vc="8" uspid="8926" ordinal="1" offset="44" sl="188" path="1" offsetend="57" fileid="247" />
                <BranchPoint vc="1" uspid="8927" ordinal="2" offset="667" sl="236" path="0" offsetend="669" fileid="247" />
                <BranchPoint vc="5" uspid="8928" ordinal="3" offset="667" sl="236" path="1" offsetend="675" fileid="247" />
              </BranchPoints>
              <MethodPoint vc="9" uspid="8929" ordinal="0" offset="0" />
            </Method>
            <Method visited="true" cyclomaticComplexity="6" nPathComplexity="16" sequenceCoverage="90.48" branchCoverage="77.78" isConstructor="false" isStatic="false" isGetter="false" isSetter="false">
              <Summary numSequencePoints="42" visitedSequencePoints="38" numBranchPoints="9" visitedBranchPoints="7" sequenceCoverage="90.48" branchCoverage="77.78" maxCyclomaticComplexity="6" minCyclomaticComplexity="6" visitedClasses="0" numClasses="0" visitedMethods="1" numMethods="1" />
              <MetadataToken>100664782</MetadataToken>
              <Name>System.Void SportsWeb.Services.Cabinate.AmpLightService.AmpWebCabinet::DeletePitch(System.Guid)</Name>
              <FileRef uid="247" />
              <SequencePoints>
                <SequencePoint vc="7" uspid="8930" ordinal="0" offset="13" sl="252" sc="9" el="252" ec="10" bec="0" bev="0" fileid="247" />
                <SequencePoint vc="7" uspid="8931" ordinal="1" offset="14" sl="253" sc="13" el="253" ec="48" bec="0" bev="0" fileid="247" />
                <SequencePoint vc="7" uspid="8932" ordinal="2" offset="36" sl="255" sc="13" el="255" ec="14" bec="0" bev="0" fileid="247" />
                <SequencePoint vc="7" uspid="8933" ordinal="3" offset="37" sl="256" sc="17" el="256" ec="43" bec="2" bev="2" fileid="247" />
                <SequencePoint vc="1" uspid="8934" ordinal="4" offset="59" sl="257" sc="17" el="257" ec="18" bec="0" bev="0" fileid="247" />
                <SequencePoint vc="1" uspid="8935" ordinal="5" offset="60" sl="258" sc="21" el="258" ec="98" bec="0" bev="0" fileid="247" />
                <SequencePoint vc="1" uspid="8936" ordinal="6" offset="76" sl="259" sc="21" el="259" ec="97" bec="0" bev="0" fileid="247" />
                <SequencePoint vc="6" uspid="8937" ordinal="7" offset="87" sl="263" sc="24" el="263" ec="51" bec="0" bev="0" fileid="247" />
                <SequencePoint vc="6" uspid="8938" ordinal="8" offset="95" sl="264" sc="17" el="264" ec="18" bec="0" bev="0" fileid="247" />
                <SequencePoint vc="6" uspid="8939" ordinal="9" offset="96" sl="265" sc="21" el="265" ec="70" bec="0" bev="0" fileid="247" />
                <SequencePoint vc="6" uspid="8940" ordinal="10" offset="105" sl="266" sc="21" el="266" ec="71" bec="0" bev="0" fileid="247" />
                <SequencePoint vc="6" uspid="8941" ordinal="11" offset="114" sl="267" sc="21" el="267" ec="94" bec="0" bev="0" fileid="247" />
                <SequencePoint vc="6" uspid="8942" ordinal="12" offset="276" sl="269" sc="21" el="269" ec="39" bec="2" bev="1" fileid="247" />
                <SequencePoint vc="0" uspid="8943" ordinal="13" offset="291" sl="270" sc="25" el="270" ec="101" bec="0" bev="0" fileid="247" />
                <SequencePoint vc="6" uspid="8944" ordinal="14" offset="302" sl="272" sc="21" el="272" ec="99" bec="0" bev="0" fileid="247" />
                <SequencePoint vc="6" uspid="8945" ordinal="15" offset="479" sl="273" sc="17" el="273" ec="18" bec="0" bev="0" fileid="247" />
                <SequencePoint vc="6" uspid="8946" ordinal="16" offset="495" sl="275" sc="17" el="275" ec="70" bec="0" bev="0" fileid="247" />
                <SequencePoint vc="6" uspid="8947" ordinal="17" offset="508" sl="276" sc="17" el="276" ec="104" bec="0" bev="0" fileid="247" />
                <SequencePoint vc="6" uspid="8948" ordinal="18" offset="533" sl="277" sc="17" el="277" ec="56" bec="0" bev="0" fileid="247" />
                <SequencePoint vc="6" uspid="8949" ordinal="19" offset="549" sl="279" sc="17" el="288" ec="19" bec="0" bev="0" fileid="247" />
                <SequencePoint vc="6" uspid="8950" ordinal="20" offset="637" sl="290" sc="17" el="291" ec="104" bec="0" bev="0" fileid="247" />
                <SequencePoint vc="6" uspid="8951" ordinal="21" offset="720" sl="293" sc="17" el="293" ec="71" bec="0" bev="0" fileid="247" />
                <SequencePoint vc="2" uspid="8952" ordinal="22" offset="731" sl="295" sc="17" el="295" ec="38" bec="2" bev="1" fileid="247" />
                <SequencePoint vc="2" uspid="8953" ordinal="23" offset="742" sl="296" sc="21" el="296" ec="135" bec="0" bev="0" fileid="247" />
                <SequencePoint vc="0" uspid="8954" ordinal="24" offset="793" sl="298" sc="17" el="298" ec="18" bec="0" bev="0" fileid="247" />
                <SequencePoint vc="0" uspid="8955" ordinal="25" offset="794" sl="299" sc="21" el="299" ec="118" bec="0" bev="0" fileid="247" />
                <SequencePoint vc="0" uspid="8956" ordinal="26" offset="831" sl="300" sc="21" el="300" ec="97" bec="0" bev="0" fileid="247" />
                <SequencePoint vc="1" uspid="8957" ordinal="27" offset="842" sl="302" sc="13" el="302" ec="14" bec="0" bev="0" fileid="247" />
                <SequencePoint vc="4" uspid="8958" ordinal="28" offset="848" sl="303" sc="13" el="303" ec="52" bec="0" bev="0" fileid="247" />
                <SequencePoint vc="4" uspid="8959" ordinal="29" offset="850" sl="304" sc="13" el="304" ec="14" bec="0" bev="0" fileid="247" />
                <SequencePoint vc="4" uspid="8960" ordinal="30" offset="851" sl="305" sc="17" el="305" ec="94" bec="0" bev="0" fileid="247" />
                <SequencePoint vc="4" uspid="8961" ordinal="31" offset="869" sl="306" sc="17" el="306" ec="63" bec="0" bev="0" fileid="247" />
                <SequencePoint vc="4" uspid="8962" ordinal="32" offset="890" sl="308" sc="17" el="309" ec="55" bec="0" bev="0" fileid="247" />
                <SequencePoint vc="4" uspid="8963" ordinal="33" offset="914" sl="311" sc="17" el="311" ec="102" bec="2" bev="2" fileid="247" />
                <SequencePoint vc="1" uspid="8964" ordinal="34" offset="931" sl="313" sc="13" el="313" ec="42" bec="0" bev="0" fileid="247" />
                <SequencePoint vc="1" uspid="8965" ordinal="35" offset="932" sl="314" sc="13" el="314" ec="14" bec="0" bev="0" fileid="247" />
                <SequencePoint vc="1" uspid="8966" ordinal="36" offset="933" sl="315" sc="17" el="315" ec="23" bec="0" bev="0" fileid="247" />
                <SequencePoint vc="1" uspid="8967" ordinal="37" offset="935" sl="317" sc="13" el="317" ec="33" bec="0" bev="0" fileid="247" />
                <SequencePoint vc="1" uspid="8968" ordinal="38" offset="937" sl="318" sc="13" el="318" ec="14" bec="0" bev="0" fileid="247" />
                <SequencePoint vc="1" uspid="8969" ordinal="39" offset="938" sl="319" sc="17" el="319" ec="95" bec="0" bev="0" fileid="247" />
                <SequencePoint vc="1" uspid="8970" ordinal="40" offset="972" sl="320" sc="17" el="320" ec="93" bec="0" bev="0" fileid="247" />
                <SequencePoint vc="1" uspid="8971" ordinal="41" offset="983" sl="322" sc="9" el="322" ec="10" bec="0" bev="0" fileid="247" />
              </SequencePoints>
              <BranchPoints>
                <BranchPoint vc="1" uspid="8972" ordinal="0" offset="57" sl="256" path="0" offsetend="59" fileid="247" />
                <BranchPoint vc="6" uspid="8973" ordinal="1" offset="57" sl="256" path="1" offsetend="87" fileid="247" />
                <BranchPoint vc="0" uspid="8974" ordinal="2" offset="289" sl="269" path="0" offsetend="291" fileid="247" />
                <BranchPoint vc="6" uspid="8975" ordinal="3" offset="289" sl="269" path="1" offsetend="302" fileid="247" />
                <BranchPoint vc="2" uspid="8976" ordinal="4" offset="740" sl="295" path="0" offsetend="742" fileid="247" />
                <BranchPoint vc="0" uspid="8977" ordinal="5" offset="740" sl="295" path="1" offsetend="793" fileid="247" />
                <BranchPoint vc="2" uspid="8978" ordinal="6" offset="917" sl="311" path="0" offsetend="919" fileid="247" />
                <BranchPoint vc="2" uspid="8979" ordinal="7" offset="917" sl="311" path="1" offsetend="925" fileid="247" />
              </BranchPoints>
              <MethodPoint vc="7" uspid="8980" ordinal="0" offset="0" />
            </Method>
            <Method visited="true" cyclomaticComplexity="13" nPathComplexity="256" sequenceCoverage="79.55" branchCoverage="64.71" isConstructor="false" isStatic="false" isGetter="false" isSetter="false">
              <Summary numSequencePoints="44" visitedSequencePoints="35" numBranchPoints="17" visitedBranchPoints="11" sequenceCoverage="79.55" branchCoverage="64.71" maxCyclomaticComplexity="13" minCyclomaticComplexity="13" visitedClasses="0" numClasses="0" visitedMethods="1" numMethods="1" />
              <MetadataToken>100664783</MetadataToken>
              <Name>System.Void SportsWeb.Services.Cabinate.AmpLightService.AmpWebCabinet::EditField(SportsWeb.Models.PitchModel)</Name>
              <FileRef uid="247" />
              <SequencePoints>
                <SequencePoint vc="7" uspid="8981" ordinal="0" offset="13" sl="325" sc="9" el="325" ec="10" bec="0" bev="0" fileid="247" />
                <SequencePoint vc="7" uspid="8982" ordinal="1" offset="14" sl="326" sc="13" el="326" ec="31" bec="2" bev="2" fileid="247" />
                <SequencePoint vc="1" uspid="8983" ordinal="2" offset="27" sl="327" sc="13" el="327" ec="14" bec="0" bev="0" fileid="247" />
                <SequencePoint vc="1" uspid="8984" ordinal="3" offset="28" sl="328" sc="17" el="328" ec="96" bec="0" bev="0" fileid="247" />
                <SequencePoint vc="1" uspid="8985" ordinal="4" offset="44" sl="329" sc="17" el="329" ec="91" bec="0" bev="0" fileid="247" />
                <SequencePoint vc="6" uspid="8986" ordinal="5" offset="56" sl="333" sc="13" el="333" ec="14" bec="0" bev="0" fileid="247" />
                <SequencePoint vc="6" uspid="8987" ordinal="6" offset="57" sl="335" sc="24" el="335" ec="51" bec="0" bev="0" fileid="247" />
                <SequencePoint vc="6" uspid="8988" ordinal="7" offset="65" sl="336" sc="17" el="336" ec="18" bec="0" bev="0" fileid="247" />
                <SequencePoint vc="6" uspid="8989" ordinal="8" offset="66" sl="337" sc="21" el="337" ec="70" bec="0" bev="0" fileid="247" />
                <SequencePoint vc="6" uspid="8990" ordinal="9" offset="75" sl="338" sc="21" el="338" ec="98" bec="0" bev="0" fileid="247" />
                <SequencePoint vc="6" uspid="8991" ordinal="10" offset="252" sl="339" sc="17" el="339" ec="18" bec="0" bev="0" fileid="247" />
                <SequencePoint vc="6" uspid="8992" ordinal="11" offset="268" sl="340" sc="17" el="340" ec="70" bec="0" bev="0" fileid="247" />
                <SequencePoint vc="6" uspid="8993" ordinal="12" offset="281" sl="341" sc="17" el="341" ec="104" bec="0" bev="0" fileid="247" />
                <SequencePoint vc="6" uspid="8994" ordinal="13" offset="306" sl="343" sc="17" el="343" ec="36" bec="2" bev="1" fileid="247" />
                <SequencePoint vc="6" uspid="8995" ordinal="14" offset="317" sl="344" sc="21" el="344" ec="60" bec="0" bev="0" fileid="247" />
                <SequencePoint vc="6" uspid="8996" ordinal="15" offset="333" sl="348" sc="17" el="358" ec="19" bec="0" bev="0" fileid="247" />
                <SequencePoint vc="6" uspid="8997" ordinal="16" offset="439" sl="360" sc="17" el="360" ec="85" bec="0" bev="0" fileid="247" />
                <SequencePoint vc="6" uspid="8998" ordinal="17" offset="471" sl="362" sc="17" el="362" ec="59" bec="2" bev="1" fileid="247" />
                <SequencePoint vc="2" uspid="8999" ordinal="18" offset="489" sl="364" sc="17" el="364" ec="57" bec="4" bev="2" fileid="247" />
                <SequencePoint vc="1" uspid="9000" ordinal="19" offset="519" sl="365" sc="17" el="365" ec="18" bec="0" bev="0" fileid="247" />
                <SequencePoint vc="1" uspid="9001" ordinal="20" offset="520" sl="366" sc="21" el="368" ec="89" bec="0" bev="0" fileid="247" />
                <SequencePoint vc="1" uspid="9002" ordinal="21" offset="615" sl="369" sc="21" el="369" ec="92" bec="4" bev="2" fileid="247" />
                <SequencePoint vc="0" uspid="9003" ordinal="22" offset="643" sl="370" sc="21" el="370" ec="22" bec="0" bev="0" fileid="247" />
                <SequencePoint vc="0" uspid="9004" ordinal="23" offset="644" sl="371" sc="25" el="371" ec="95" bec="0" bev="0" fileid="247" />
                <SequencePoint vc="0" uspid="9005" ordinal="24" offset="660" sl="372" sc="25" el="372" ec="99" bec="0" bev="0" fileid="247" />
                <SequencePoint vc="1" uspid="9006" ordinal="25" offset="671" sl="375" sc="17" el="375" ec="18" bec="0" bev="0" fileid="247" />
                <SequencePoint vc="0" uspid="9007" ordinal="26" offset="674" sl="377" sc="17" el="377" ec="18" bec="0" bev="0" fileid="247" />
                <SequencePoint vc="0" uspid="9008" ordinal="27" offset="675" sl="378" sc="21" el="378" ec="113" bec="0" bev="0" fileid="247" />
                <SequencePoint vc="0" uspid="9009" ordinal="28" offset="712" sl="379" sc="21" el="379" ec="95" bec="0" bev="0" fileid="247" />
                <SequencePoint vc="1" uspid="9010" ordinal="29" offset="723" sl="381" sc="13" el="381" ec="14" bec="0" bev="0" fileid="247" />
                <SequencePoint vc="4" uspid="9011" ordinal="30" offset="729" sl="382" sc="13" el="382" ec="52" bec="0" bev="0" fileid="247" />
                <SequencePoint vc="4" uspid="9012" ordinal="31" offset="731" sl="383" sc="13" el="383" ec="14" bec="0" bev="0" fileid="247" />
                <SequencePoint vc="4" uspid="9013" ordinal="32" offset="732" sl="384" sc="17" el="384" ec="117" bec="0" bev="0" fileid="247" />
                <SequencePoint vc="4" uspid="9014" ordinal="33" offset="766" sl="385" sc="17" el="385" ec="63" bec="0" bev="0" fileid="247" />
                <SequencePoint vc="4" uspid="9015" ordinal="34" offset="787" sl="386" sc="17" el="386" ec="151" bec="0" bev="0" fileid="247" />
                <SequencePoint vc="4" uspid="9016" ordinal="35" offset="811" sl="387" sc="17" el="387" ec="100" bec="2" bev="2" fileid="247" />
                <SequencePoint vc="0" uspid="9017" ordinal="36" offset="828" sl="389" sc="13" el="389" ec="42" bec="0" bev="0" fileid="247" />
                <SequencePoint vc="0" uspid="9018" ordinal="37" offset="829" sl="390" sc="13" el="390" ec="14" bec="0" bev="0" fileid="247" />
                <SequencePoint vc="0" uspid="9019" ordinal="38" offset="830" sl="391" sc="17" el="391" ec="23" bec="0" bev="0" fileid="247" />
                <SequencePoint vc="1" uspid="9020" ordinal="39" offset="832" sl="393" sc="13" el="393" ec="33" bec="0" bev="0" fileid="247" />
                <SequencePoint vc="1" uspid="9021" ordinal="40" offset="834" sl="394" sc="13" el="394" ec="14" bec="0" bev="0" fileid="247" />
                <SequencePoint vc="1" uspid="9022" ordinal="41" offset="835" sl="395" sc="17" el="395" ec="116" bec="0" bev="0" fileid="247" />
                <SequencePoint vc="1" uspid="9023" ordinal="42" offset="869" sl="397" sc="17" el="398" ec="63" bec="0" bev="0" fileid="247" />
                <SequencePoint vc="1" uspid="9024" ordinal="43" offset="880" sl="400" sc="9" el="400" ec="10" bec="0" bev="0" fileid="247" />
              </SequencePoints>
              <BranchPoints>
                <BranchPoint vc="1" uspid="9025" ordinal="0" offset="25" sl="326" path="0" offsetend="27" fileid="247" />
                <BranchPoint vc="6" uspid="9026" ordinal="1" offset="25" sl="326" path="1" offsetend="55" fileid="247" />
                <BranchPoint vc="6" uspid="9027" ordinal="2" offset="315" sl="343" path="0" offsetend="317" fileid="247" />
                <BranchPoint vc="0" uspid="9028" ordinal="3" offset="315" sl="343" path="1" offsetend="333" fileid="247" />
                <BranchPoint vc="0" uspid="9029" ordinal="4" offset="473" sl="362" path="0" offsetend="475" fileid="247" />
                <BranchPoint vc="6" uspid="9030" ordinal="5" offset="473" sl="362" path="1" offsetend="478" fileid="247" />
                <BranchPoint vc="0" uspid="9031" ordinal="6" offset="491" sl="364" path="0" offsetend="493" fileid="247" />
                <BranchPoint vc="2" uspid="9032" ordinal="7" offset="491" sl="364" path="1" offsetend="496" fileid="247" />
                <BranchPoint vc="1" uspid="9033" ordinal="8" offset="514" sl="364" path="0" offsetend="519" fileid="247" />
                <BranchPoint vc="0" uspid="9034" ordinal="9" offset="514" sl="364" path="1" offsetend="674" fileid="247" />
                <BranchPoint vc="0" uspid="9035" ordinal="10" offset="617" sl="369" path="0" offsetend="619" fileid="247" />
                <BranchPoint vc="1" uspid="9036" ordinal="11" offset="617" sl="369" path="1" offsetend="622" fileid="247" />
                <BranchPoint vc="0" uspid="9037" ordinal="12" offset="641" sl="369" path="0" offsetend="643" fileid="247" />
                <BranchPoint vc="1" uspid="9038" ordinal="13" offset="641" sl="369" path="1" offsetend="671" fileid="247" />
                <BranchPoint vc="2" uspid="9039" ordinal="14" offset="814" sl="387" path="0" offsetend="816" fileid="247" />
                <BranchPoint vc="2" uspid="9040" ordinal="15" offset="814" sl="387" path="1" offsetend="822" fileid="247" />
              </BranchPoints>
              <MethodPoint vc="7" uspid="9041" ordinal="0" offset="0" />
            </Method>
            <Method visited="true" cyclomaticComplexity="28" nPathComplexity="512" sequenceCoverage="85.11" branchCoverage="47.37" isConstructor="false" isStatic="false" isGetter="false" isSetter="false">
              <Summary numSequencePoints="47" visitedSequencePoints="40" numBranchPoints="19" visitedBranchPoints="9" sequenceCoverage="85.11" branchCoverage="47.37" maxCyclomaticComplexity="28" minCyclomaticComplexity="28" visitedClasses="0" numClasses="0" visitedMethods="1" numMethods="1" />
              <MetadataToken>100664784</MetadataToken>
              <Name>SportsWeb.Models.AcdResponse SportsWeb.Services.Cabinate.AmpLightService.AmpWebCabinet::InitiateAutoCircuitDetection(SportsWeb.Models.CPUModel)</Name>
              <FileRef uid="248" />
              <SequencePoints>
                <SequencePoint vc="9" uspid="9042" ordinal="0" offset="13" sl="23" sc="9" el="23" ec="10" bec="0" bev="0" fileid="248" />
                <SequencePoint vc="9" uspid="9043" ordinal="1" offset="14" sl="25" sc="13" el="25" ec="67" bec="0" bev="0" fileid="248" />
                <SequencePoint vc="9" uspid="9044" ordinal="2" offset="30" sl="27" sc="13" el="27" ec="14" bec="0" bev="0" fileid="248" />
                <SequencePoint vc="9" uspid="9045" ordinal="3" offset="31" sl="29" sc="17" el="29" ec="35" bec="2" bev="2" fileid="248" />
                <SequencePoint vc="1" uspid="9046" ordinal="4" offset="46" sl="30" sc="17" el="30" ec="18" bec="0" bev="0" fileid="248" />
                <SequencePoint vc="1" uspid="9047" ordinal="5" offset="47" sl="31" sc="21" el="31" ec="117" bec="0" bev="0" fileid="248" />
                <SequencePoint vc="1" uspid="9048" ordinal="6" offset="63" sl="32" sc="21" el="32" ec="96" bec="0" bev="0" fileid="248" />
                <SequencePoint vc="8" uspid="9049" ordinal="7" offset="74" sl="36" sc="24" el="36" ec="51" bec="0" bev="0" fileid="248" />
                <SequencePoint vc="8" uspid="9050" ordinal="8" offset="82" sl="37" sc="17" el="37" ec="18" bec="0" bev="0" fileid="248" />
                <SequencePoint vc="8" uspid="9051" ordinal="9" offset="83" sl="38" sc="21" el="38" ec="70" bec="0" bev="0" fileid="248" />
                <SequencePoint vc="8" uspid="9052" ordinal="10" offset="92" sl="39" sc="21" el="39" ec="98" bec="0" bev="0" fileid="248" />
                <SequencePoint vc="7" uspid="9053" ordinal="11" offset="269" sl="40" sc="17" el="40" ec="18" bec="0" bev="0" fileid="248" />
                <SequencePoint vc="7" uspid="9054" ordinal="12" offset="285" sl="41" sc="17" el="41" ec="70" bec="0" bev="0" fileid="248" />
                <SequencePoint vc="7" uspid="9055" ordinal="13" offset="298" sl="42" sc="17" el="42" ec="104" bec="0" bev="0" fileid="248" />
                <SequencePoint vc="7" uspid="9056" ordinal="14" offset="322" sl="44" sc="17" el="44" ec="36" bec="2" bev="1" fileid="248" />
                <SequencePoint vc="7" uspid="9057" ordinal="15" offset="332" sl="45" sc="21" el="45" ec="60" bec="0" bev="0" fileid="248" />
                <SequencePoint vc="7" uspid="9058" ordinal="16" offset="348" sl="47" sc="17" el="56" ec="19" bec="0" bev="0" fileid="248" />
                <SequencePoint vc="7" uspid="9059" ordinal="17" offset="436" sl="58" sc="17" el="59" ec="43" bec="0" bev="0" fileid="248" />
                <SequencePoint vc="7" uspid="9060" ordinal="18" offset="468" sl="61" sc="17" el="62" ec="88" bec="0" bev="0" fileid="248" />
                <SequencePoint vc="1" uspid="9061" ordinal="19" offset="478" sl="64" sc="17" el="64" ec="46" bec="4" bev="2" fileid="248" />
                <SequencePoint vc="1" uspid="9062" ordinal="20" offset="504" sl="65" sc="21" el="67" ec="157" bec="2" bev="1" fileid="248" />
                <SequencePoint vc="0" uspid="9063" ordinal="21" offset="645" sl="69" sc="21" el="69" ec="79" bec="0" bev="0" fileid="248" />
                <SequencePoint vc="1" uspid="9064" ordinal="22" offset="661" sl="71" sc="17" el="71" ec="107" bec="0" bev="0" fileid="248" />
                <SequencePoint vc="1" uspid="9065" ordinal="23" offset="687" sl="73" sc="17" el="73" ec="62" bec="7" bev="2" fileid="248" />
                <SequencePoint vc="1" uspid="9066" ordinal="24" offset="814" sl="76" sc="25" el="76" ec="66" bec="0" bev="0" fileid="248" />
                <SequencePoint vc="1" uspid="9067" ordinal="25" offset="823" sl="77" sc="25" el="77" ec="31" bec="0" bev="0" fileid="248" />
                <SequencePoint vc="0" uspid="9068" ordinal="26" offset="828" sl="80" sc="25" el="80" ec="67" bec="0" bev="0" fileid="248" />
                <SequencePoint vc="0" uspid="9069" ordinal="27" offset="837" sl="81" sc="25" el="81" ec="31" bec="0" bev="0" fileid="248" />
                <SequencePoint vc="0" uspid="9070" ordinal="28" offset="842" sl="83" sc="25" el="84" ec="151" bec="0" bev="0" fileid="248" />
                <SequencePoint vc="0" uspid="9071" ordinal="29" offset="878" sl="85" sc="25" el="85" ec="102" bec="0" bev="0" fileid="248" />
                <SequencePoint vc="0" uspid="9072" ordinal="30" offset="889" sl="87" sc="25" el="87" ec="204" bec="0" bev="0" fileid="248" />
                <SequencePoint vc="0" uspid="9073" ordinal="31" offset="1019" sl="88" sc="25" el="88" ec="150" bec="0" bev="0" fileid="248" />
                <SequencePoint vc="1" uspid="9074" ordinal="32" offset="1046" sl="91" sc="17" el="91" ec="36" bec="0" bev="0" fileid="248" />
                <SequencePoint vc="6" uspid="9075" ordinal="33" offset="1055" sl="93" sc="13" el="93" ec="52" bec="0" bev="0" fileid="248" />
                <SequencePoint vc="6" uspid="9076" ordinal="34" offset="1057" sl="94" sc="13" el="94" ec="14" bec="0" bev="0" fileid="248" />
                <SequencePoint vc="6" uspid="9077" ordinal="35" offset="1058" sl="95" sc="17" el="97" ec="26" bec="0" bev="0" fileid="248" />
                <SequencePoint vc="6" uspid="9078" ordinal="36" offset="1092" sl="98" sc="17" el="98" ec="63" bec="0" bev="0" fileid="248" />
                <SequencePoint vc="6" uspid="9079" ordinal="37" offset="1113" sl="101" sc="17" el="102" ec="83" bec="0" bev="0" fileid="248" />
                <SequencePoint vc="6" uspid="9080" ordinal="38" offset="1137" sl="105" sc="17" el="108" ec="66" bec="0" bev="0" fileid="248" />
                <SequencePoint vc="1" uspid="9081" ordinal="39" offset="1170" sl="110" sc="13" el="110" ec="42" bec="0" bev="0" fileid="248" />
                <SequencePoint vc="1" uspid="9082" ordinal="40" offset="1171" sl="111" sc="13" el="111" ec="14" bec="0" bev="0" fileid="248" />
                <SequencePoint vc="1" uspid="9083" ordinal="41" offset="1172" sl="112" sc="17" el="112" ec="23" bec="0" bev="0" fileid="248" />
                <SequencePoint vc="1" uspid="9084" ordinal="42" offset="1174" sl="114" sc="13" el="114" ec="33" bec="0" bev="0" fileid="248" />
                <SequencePoint vc="1" uspid="9085" ordinal="43" offset="1176" sl="115" sc="13" el="115" ec="14" bec="0" bev="0" fileid="248" />
                <SequencePoint vc="1" uspid="9086" ordinal="44" offset="1177" sl="116" sc="17" el="116" ec="134" bec="0" bev="0" fileid="248" />
                <SequencePoint vc="1" uspid="9087" ordinal="45" offset="1211" sl="119" sc="17" el="119" ec="142" bec="0" bev="0" fileid="248" />
                <SequencePoint vc="1" uspid="9088" ordinal="46" offset="1238" sl="121" sc="9" el="121" ec="10" bec="0" bev="0" fileid="248" />
              </SequencePoints>
              <BranchPoints>
                <BranchPoint vc="1" uspid="9089" ordinal="0" offset="44" sl="29" path="0" offsetend="46" fileid="248" />
                <BranchPoint vc="8" uspid="9090" ordinal="1" offset="44" sl="29" path="1" offsetend="74" fileid="248" />
                <BranchPoint vc="7" uspid="9091" ordinal="2" offset="330" sl="44" path="0" offsetend="332" fileid="248" />
                <BranchPoint vc="0" uspid="9092" ordinal="3" offset="330" sl="44" path="1" offsetend="348" fileid="248" />
                <BranchPoint vc="0" uspid="9093" ordinal="4" offset="480" sl="64" path="0" offsetend="482" fileid="248" />
                <BranchPoint vc="1" uspid="9094" ordinal="5" offset="480" sl="64" path="1" offsetend="485" fileid="248" />
                <BranchPoint vc="1" uspid="9095" ordinal="6" offset="499" sl="64" path="0" offsetend="504" fileid="248" />
                <BranchPoint vc="0" uspid="9096" ordinal="7" offset="499" sl="64" path="1" offsetend="645" fileid="248" />
                <BranchPoint vc="0" uspid="9099" ordinal="10" offset="592" sl="65" path="0" offsetend="594" fileid="248" />
                <BranchPoint vc="1" uspid="9100" ordinal="11" offset="592" sl="65" path="1" offsetend="598" fileid="248" />
                <BranchPoint vc="1" uspid="9107" ordinal="18" offset="770" sl="73" path="0" offsetend="772" fileid="248" />
                <BranchPoint vc="0" uspid="9108" ordinal="19" offset="770" sl="73" path="1" offsetend="889" fileid="248" />
                <BranchPoint vc="0" uspid="9109" ordinal="20" offset="788" sl="73" path="0" offsetchain="790" offsetend="792" fileid="248" />
                <BranchPoint vc="1" uspid="9110" ordinal="21" offset="788" sl="73" path="1" offsetend="814" fileid="248" />
                <BranchPoint vc="0" uspid="9111" ordinal="22" offset="799" sl="73" path="0" offsetchain="801" offsetend="803" fileid="248" />
                <BranchPoint vc="0" uspid="9112" ordinal="23" offset="799" sl="73" path="1" offsetend="828" fileid="248" />
                <BranchPoint vc="0" uspid="9113" ordinal="24" offset="810" sl="73" path="0" offsetchain="812" offsetend="889" fileid="248" />
                <BranchPoint vc="0" uspid="9114" ordinal="25" offset="810" sl="73" path="1" offsetend="842" fileid="248" />
              </BranchPoints>
              <MethodPoint vc="9" uspid="9123" ordinal="0" offset="0" />
            </Method>
            <Method visited="true" cyclomaticComplexity="20" nPathComplexity="1536" sequenceCoverage="97.22" branchCoverage="60.87" isConstructor="false" isStatic="false" isGetter="false" isSetter="false">
              <Summary numSequencePoints="72" visitedSequencePoints="70" numBranchPoints="23" visitedBranchPoints="14" sequenceCoverage="97.22" branchCoverage="60.87" maxCyclomaticComplexity="20" minCyclomaticComplexity="20" visitedClasses="0" numClasses="0" visitedMethods="1" numMethods="1" />
              <MetadataToken>100664785</MetadataToken>
              <Name>System.Collections.Generic.List`1&lt;SportsWeb.Models.CircuitModel&gt; SportsWeb.Services.Cabinate.AmpLightService.AmpWebCabinet::GetDetectedCircuits(SportsWeb.Models.CPUModel)</Name>
              <FileRef uid="248" />
              <SequencePoints>
                <SequencePoint vc="10" uspid="9124" ordinal="0" offset="13" sl="124" sc="9" el="124" ec="10" bec="0" bev="0" fileid="248" />
                <SequencePoint vc="10" uspid="9125" ordinal="1" offset="14" sl="127" sc="13" el="127" ec="14" bec="0" bev="0" fileid="248" />
                <SequencePoint vc="10" uspid="9126" ordinal="2" offset="15" sl="128" sc="17" el="128" ec="35" bec="2" bev="2" fileid="248" />
                <SequencePoint vc="1" uspid="9127" ordinal="3" offset="30" sl="129" sc="17" el="129" ec="18" bec="0" bev="0" fileid="248" />
                <SequencePoint vc="1" uspid="9128" ordinal="4" offset="31" sl="130" sc="21" el="130" ec="108" bec="0" bev="0" fileid="248" />
                <SequencePoint vc="1" uspid="9129" ordinal="5" offset="47" sl="131" sc="21" el="131" ec="96" bec="0" bev="0" fileid="248" />
                <SequencePoint vc="9" uspid="9130" ordinal="6" offset="58" sl="134" sc="24" el="134" ec="51" bec="0" bev="0" fileid="248" />
                <SequencePoint vc="9" uspid="9131" ordinal="7" offset="66" sl="135" sc="17" el="135" ec="18" bec="0" bev="0" fileid="248" />
                <SequencePoint vc="9" uspid="9132" ordinal="8" offset="67" sl="136" sc="21" el="136" ec="70" bec="0" bev="0" fileid="248" />
                <SequencePoint vc="9" uspid="9133" ordinal="9" offset="76" sl="137" sc="21" el="137" ec="98" bec="0" bev="0" fileid="248" />
                <SequencePoint vc="8" uspid="9134" ordinal="10" offset="253" sl="138" sc="17" el="138" ec="18" bec="0" bev="0" fileid="248" />
                <SequencePoint vc="8" uspid="9135" ordinal="11" offset="269" sl="139" sc="17" el="139" ec="70" bec="0" bev="0" fileid="248" />
                <SequencePoint vc="8" uspid="9136" ordinal="12" offset="282" sl="140" sc="17" el="140" ec="104" bec="0" bev="0" fileid="248" />
                <SequencePoint vc="8" uspid="9137" ordinal="13" offset="306" sl="141" sc="17" el="141" ec="56" bec="0" bev="0" fileid="248" />
                <SequencePoint vc="8" uspid="9138" ordinal="14" offset="322" sl="142" sc="17" el="151" ec="19" bec="0" bev="0" fileid="248" />
                <SequencePoint vc="8" uspid="9139" ordinal="15" offset="410" sl="153" sc="17" el="153" ec="118" bec="0" bev="0" fileid="248" />
                <SequencePoint vc="8" uspid="9140" ordinal="16" offset="442" sl="155" sc="17" el="155" ec="87" bec="0" bev="0" fileid="248" />
                <SequencePoint vc="3" uspid="9141" ordinal="17" offset="452" sl="157" sc="17" el="157" ec="60" bec="6" bev="3" fileid="248" />
                <SequencePoint vc="0" uspid="9142" ordinal="18" offset="487" sl="158" sc="17" el="158" ec="18" bec="0" bev="0" fileid="248" />
                <SequencePoint vc="0" uspid="9143" ordinal="19" offset="488" sl="160" sc="21" el="160" ec="106" bec="0" bev="0" fileid="248" />
                <SequencePoint vc="3" uspid="9144" ordinal="20" offset="499" sl="163" sc="17" el="163" ec="18" bec="0" bev="0" fileid="248" />
                <SequencePoint vc="3" uspid="9145" ordinal="21" offset="500" sl="164" sc="21" el="164" ec="113" bec="0" bev="0" fileid="248" />
                <SequencePoint vc="3" uspid="9146" ordinal="22" offset="540" sl="165" sc="21" el="165" ec="69" bec="0" bev="0" fileid="248" />
                <SequencePoint vc="3" uspid="9147" ordinal="23" offset="547" sl="166" sc="21" el="166" ec="57" bec="0" bev="0" fileid="248" />
                <SequencePoint vc="3" uspid="9148" ordinal="24" offset="550" sl="167" sc="21" el="167" ec="50" bec="0" bev="0" fileid="248" />
                <SequencePoint vc="3" uspid="9149" ordinal="25" offset="553" sl="168" sc="21" el="168" ec="49" bec="0" bev="0" fileid="248" />
                <SequencePoint vc="3" uspid="9150" ordinal="26" offset="556" sl="171" sc="21" el="171" ec="28" bec="0" bev="0" fileid="248" />
                <SequencePoint vc="3" uspid="9151" ordinal="27" offset="557" sl="171" sc="45" el="171" ec="73" bec="0" bev="0" fileid="248" />
                <SequencePoint vc="9" uspid="9152" ordinal="28" offset="579" sl="171" sc="30" el="171" ec="41" bec="0" bev="0" fileid="248" />
                <SequencePoint vc="9" uspid="9153" ordinal="29" offset="586" sl="172" sc="21" el="172" ec="22" bec="0" bev="0" fileid="248" />
                <SequencePoint vc="9" uspid="9154" ordinal="30" offset="587" sl="173" sc="25" el="173" ec="70" bec="0" bev="0" fileid="248" />
                <SequencePoint vc="9" uspid="9155" ordinal="31" offset="594" sl="174" sc="25" el="174" ec="71" bec="0" bev="0" fileid="248" />
                <SequencePoint vc="9" uspid="9156" ordinal="32" offset="601" sl="175" sc="25" el="175" ec="78" bec="0" bev="0" fileid="248" />
                <SequencePoint vc="9" uspid="9157" ordinal="33" offset="608" sl="177" sc="25" el="177" ec="56" bec="2" bev="1" fileid="248" />
                <SequencePoint vc="9" uspid="9158" ordinal="34" offset="627" sl="178" sc="25" el="178" ec="26" bec="0" bev="0" fileid="248" />
                <SequencePoint vc="9" uspid="9159" ordinal="35" offset="628" sl="179" sc="29" el="179" ec="36" bec="0" bev="0" fileid="248" />
                <SequencePoint vc="9" uspid="9160" ordinal="36" offset="629" sl="179" sc="55" el="179" ec="73" bec="0" bev="0" fileid="248" />
                <SequencePoint vc="9" uspid="9161" ordinal="37" offset="646" sl="179" sc="38" el="179" ec="51" bec="0" bev="0" fileid="248" />
                <SequencePoint vc="9" uspid="9162" ordinal="38" offset="653" sl="180" sc="33" el="180" ec="58" bec="8" bev="6" fileid="248" />
                <SequencePoint vc="3" uspid="9163" ordinal="39" offset="721" sl="184" sc="41" el="184" ec="71" bec="0" bev="0" fileid="248" />
                <SequencePoint vc="3" uspid="9164" ordinal="40" offset="727" sl="185" sc="41" el="185" ec="99" bec="0" bev="0" fileid="248" />
                <SequencePoint vc="3" uspid="9165" ordinal="41" offset="742" sl="186" sc="41" el="186" ec="47" bec="0" bev="0" fileid="248" />
                <SequencePoint vc="3" uspid="9166" ordinal="42" offset="744" sl="188" sc="41" el="188" ec="64" bec="0" bev="0" fileid="248" />
                <SequencePoint vc="3" uspid="9167" ordinal="43" offset="750" sl="189" sc="41" el="189" ec="92" bec="0" bev="0" fileid="248" />
                <SequencePoint vc="3" uspid="9168" ordinal="44" offset="765" sl="190" sc="41" el="190" ec="47" bec="0" bev="0" fileid="248" />
                <SequencePoint vc="3" uspid="9169" ordinal="45" offset="767" sl="193" sc="41" el="193" ec="63" bec="0" bev="0" fileid="248" />
                <SequencePoint vc="3" uspid="9170" ordinal="46" offset="773" sl="194" sc="41" el="194" ec="91" bec="0" bev="0" fileid="248" />
                <SequencePoint vc="3" uspid="9171" ordinal="47" offset="788" sl="195" sc="41" el="195" ec="47" bec="0" bev="0" fileid="248" />
                <SequencePoint vc="18" uspid="9172" ordinal="48" offset="796" sl="179" sc="52" el="179" ec="54" bec="0" bev="0" fileid="248" />
                <SequencePoint vc="9" uspid="9173" ordinal="49" offset="807" sl="197" sc="25" el="197" ec="26" bec="0" bev="0" fileid="248" />
                <SequencePoint vc="9" uspid="9174" ordinal="50" offset="808" sl="198" sc="25" el="213" ec="27" bec="0" bev="0" fileid="248" />
                <SequencePoint vc="9" uspid="9175" ordinal="51" offset="952" sl="214" sc="25" el="214" ec="63" bec="0" bev="0" fileid="248" />
                <SequencePoint vc="9" uspid="9176" ordinal="52" offset="962" sl="215" sc="25" el="215" ec="57" bec="0" bev="0" fileid="248" />
                <SequencePoint vc="9" uspid="9177" ordinal="53" offset="965" sl="216" sc="25" el="216" ec="50" bec="0" bev="0" fileid="248" />
                <SequencePoint vc="9" uspid="9178" ordinal="54" offset="968" sl="217" sc="25" el="217" ec="49" bec="0" bev="0" fileid="248" />
                <SequencePoint vc="9" uspid="9179" ordinal="55" offset="971" sl="218" sc="21" el="218" ec="22" bec="0" bev="0" fileid="248" />
                <SequencePoint vc="12" uspid="9180" ordinal="56" offset="978" sl="171" sc="42" el="171" ec="44" bec="0" bev="0" fileid="248" />
                <SequencePoint vc="3" uspid="9181" ordinal="57" offset="989" sl="219" sc="21" el="219" ec="85" bec="0" bev="0" fileid="248" />
                <SequencePoint vc="5" uspid="9182" ordinal="58" offset="1039" sl="223" sc="13" el="223" ec="52" bec="0" bev="0" fileid="248" />
                <SequencePoint vc="5" uspid="9183" ordinal="59" offset="1041" sl="224" sc="13" el="224" ec="14" bec="0" bev="0" fileid="248" />
                <SequencePoint vc="5" uspid="9184" ordinal="60" offset="1042" sl="225" sc="17" el="226" ec="49" bec="0" bev="0" fileid="248" />
                <SequencePoint vc="5" uspid="9185" ordinal="61" offset="1076" sl="227" sc="17" el="227" ec="63" bec="0" bev="0" fileid="248" />
                <SequencePoint vc="5" uspid="9186" ordinal="62" offset="1097" sl="230" sc="17" el="230" ec="160" bec="0" bev="0" fileid="248" />
                <SequencePoint vc="5" uspid="9187" ordinal="63" offset="1121" sl="233" sc="17" el="233" ec="143" bec="0" bev="0" fileid="248" />
                <SequencePoint vc="1" uspid="9188" ordinal="64" offset="1154" sl="235" sc="13" el="235" ec="42" bec="0" bev="0" fileid="248" />
                <SequencePoint vc="1" uspid="9189" ordinal="65" offset="1155" sl="236" sc="13" el="236" ec="14" bec="0" bev="0" fileid="248" />
                <SequencePoint vc="1" uspid="9190" ordinal="66" offset="1156" sl="237" sc="17" el="237" ec="23" bec="0" bev="0" fileid="248" />
                <SequencePoint vc="1" uspid="9191" ordinal="67" offset="1158" sl="239" sc="13" el="239" ec="33" bec="0" bev="0" fileid="248" />
                <SequencePoint vc="1" uspid="9192" ordinal="68" offset="1160" sl="240" sc="13" el="240" ec="14" bec="0" bev="0" fileid="248" />
                <SequencePoint vc="1" uspid="9193" ordinal="69" offset="1161" sl="241" sc="17" el="241" ec="126" bec="0" bev="0" fileid="248" />
                <SequencePoint vc="1" uspid="9194" ordinal="70" offset="1195" sl="244" sc="17" el="244" ec="134" bec="0" bev="0" fileid="248" />
                <SequencePoint vc="3" uspid="9195" ordinal="71" offset="1222" sl="247" sc="9" el="247" ec="10" bec="0" bev="0" fileid="248" />
              </SequencePoints>
              <BranchPoints>
                <BranchPoint vc="1" uspid="9196" ordinal="0" offset="28" sl="128" path="0" offsetend="30" fileid="248" />
                <BranchPoint vc="9" uspid="9197" ordinal="1" offset="28" sl="128" path="1" offsetend="58" fileid="248" />
                <BranchPoint vc="0" uspid="9198" ordinal="2" offset="454" sl="157" path="0" offsetend="456" fileid="248" />
                <BranchPoint vc="3" uspid="9199" ordinal="3" offset="454" sl="157" path="1" offsetend="459" fileid="248" />
                <BranchPoint vc="0" uspid="9200" ordinal="4" offset="467" sl="157" path="0" offsetend="469" fileid="248" />
                <BranchPoint vc="3" uspid="9201" ordinal="5" offset="467" sl="157" path="1" offsetend="473" fileid="248" />
                <BranchPoint vc="0" uspid="9202" ordinal="6" offset="485" sl="157" path="0" offsetend="487" fileid="248" />
                <BranchPoint vc="3" uspid="9203" ordinal="7" offset="485" sl="157" path="1" offsetend="499" fileid="248" />
                <BranchPoint vc="9" uspid="9204" ordinal="8" offset="622" sl="177" path="0" offsetend="627" fileid="248" />
                <BranchPoint vc="0" uspid="9205" ordinal="9" offset="622" sl="177" path="1" offsetend="808" fileid="248" />
                <BranchPoint vc="6" uspid="9206" ordinal="10" offset="670" sl="180" path="0" offsetend="672" fileid="248" />
                <BranchPoint vc="3" uspid="9207" ordinal="11" offset="670" sl="180" path="1" offsetend="675" fileid="248" />
                <BranchPoint vc="0" uspid="9208" ordinal="12" offset="676" sl="180" path="0" offsetchain="701" offsetend="703" fileid="248" />
                <BranchPoint vc="0" uspid="9209" ordinal="13" offset="676" sl="180" path="1" offsetend="721" fileid="248" />
                <BranchPoint vc="0" uspid="9210" ordinal="14" offset="676" sl="180" path="2" offsetend="790" fileid="248" />
                <BranchPoint vc="3" uspid="9211" ordinal="15" offset="676" sl="180" path="3" offsetend="767" fileid="248" />
                <BranchPoint vc="0" uspid="9212" ordinal="16" offset="676" sl="180" path="4" offsetend="790" fileid="248" />
                <BranchPoint vc="3" uspid="9213" ordinal="17" offset="676" sl="180" path="5" offsetend="767" fileid="248" />
                <BranchPoint vc="3" uspid="9214" ordinal="18" offset="708" sl="180" path="0" offsetchain="710" offsetend="712" fileid="248" />
                <BranchPoint vc="3" uspid="9215" ordinal="19" offset="708" sl="180" path="1" offsetend="721" fileid="248" />
                <BranchPoint vc="0" uspid="9216" ordinal="20" offset="717" sl="180" path="0" offsetchain="719" offsetend="790" fileid="248" />
                <BranchPoint vc="3" uspid="9217" ordinal="21" offset="717" sl="180" path="1" offsetend="744" fileid="248" />
              </BranchPoints>
              <MethodPoint vc="10" uspid="9226" ordinal="0" offset="0" />
            </Method>
            <Method visited="true" cyclomaticComplexity="12" nPathComplexity="64" sequenceCoverage="86.96" branchCoverage="76.92" isConstructor="false" isStatic="false" isGetter="false" isSetter="false">
              <Summary numSequencePoints="46" visitedSequencePoints="40" numBranchPoints="13" visitedBranchPoints="10" sequenceCoverage="86.96" branchCoverage="76.92" maxCyclomaticComplexity="12" minCyclomaticComplexity="12" visitedClasses="0" numClasses="0" visitedMethods="1" numMethods="1" />
              <MetadataToken>100664786</MetadataToken>
              <Name>System.Int32 SportsWeb.Services.Cabinate.AmpLightService.AmpWebCabinet::GetAutoCircuitDetectionProgress(SportsWeb.Models.AcdProgressRequest)</Name>
              <FileRef uid="248" />
              <SequencePoints>
                <SequencePoint vc="19" uspid="9227" ordinal="0" offset="13" sl="250" sc="9" el="250" ec="10" bec="0" bev="0" fileid="248" />
                <SequencePoint vc="19" uspid="9228" ordinal="1" offset="14" sl="251" sc="13" el="251" ec="71" bec="0" bev="0" fileid="248" />
                <SequencePoint vc="19" uspid="9229" ordinal="2" offset="30" sl="253" sc="13" el="253" ec="14" bec="0" bev="0" fileid="248" />
                <SequencePoint vc="19" uspid="9230" ordinal="3" offset="31" sl="254" sc="17" el="254" ec="35" bec="2" bev="2" fileid="248" />
                <SequencePoint vc="1" uspid="9231" ordinal="4" offset="46" sl="255" sc="17" el="255" ec="18" bec="0" bev="0" fileid="248" />
                <SequencePoint vc="1" uspid="9232" ordinal="5" offset="47" sl="256" sc="21" el="256" ec="120" bec="0" bev="0" fileid="248" />
                <SequencePoint vc="1" uspid="9233" ordinal="6" offset="63" sl="257" sc="21" el="257" ec="96" bec="0" bev="0" fileid="248" />
                <SequencePoint vc="18" uspid="9234" ordinal="7" offset="74" sl="261" sc="24" el="261" ec="51" bec="0" bev="0" fileid="248" />
                <SequencePoint vc="18" uspid="9235" ordinal="8" offset="82" sl="262" sc="17" el="262" ec="18" bec="0" bev="0" fileid="248" />
                <SequencePoint vc="18" uspid="9236" ordinal="9" offset="83" sl="263" sc="21" el="263" ec="70" bec="0" bev="0" fileid="248" />
                <SequencePoint vc="18" uspid="9237" ordinal="10" offset="92" sl="264" sc="21" el="264" ec="98" bec="0" bev="0" fileid="248" />
                <SequencePoint vc="17" uspid="9238" ordinal="11" offset="269" sl="265" sc="17" el="265" ec="18" bec="0" bev="0" fileid="248" />
                <SequencePoint vc="17" uspid="9239" ordinal="12" offset="285" sl="267" sc="17" el="267" ec="70" bec="0" bev="0" fileid="248" />
                <SequencePoint vc="17" uspid="9240" ordinal="13" offset="298" sl="268" sc="17" el="268" ec="104" bec="0" bev="0" fileid="248" />
                <SequencePoint vc="17" uspid="9241" ordinal="14" offset="322" sl="270" sc="17" el="270" ec="36" bec="2" bev="1" fileid="248" />
                <SequencePoint vc="0" uspid="9242" ordinal="15" offset="332" sl="271" sc="17" el="271" ec="18" bec="0" bev="0" fileid="248" />
                <SequencePoint vc="0" uspid="9243" ordinal="16" offset="333" sl="272" sc="21" el="272" ec="65" bec="0" bev="0" fileid="248" />
                <SequencePoint vc="0" uspid="9244" ordinal="17" offset="349" sl="273" sc="21" el="273" ec="96" bec="0" bev="0" fileid="248" />
                <SequencePoint vc="17" uspid="9245" ordinal="18" offset="360" sl="275" sc="17" el="275" ec="56" bec="0" bev="0" fileid="248" />
                <SequencePoint vc="17" uspid="9246" ordinal="19" offset="376" sl="277" sc="17" el="288" ec="19" bec="0" bev="0" fileid="248" />
                <SequencePoint vc="17" uspid="9247" ordinal="20" offset="490" sl="290" sc="17" el="291" ec="43" bec="0" bev="0" fileid="248" />
                <SequencePoint vc="17" uspid="9248" ordinal="21" offset="522" sl="293" sc="17" el="294" ec="92" bec="0" bev="0" fileid="248" />
                <SequencePoint vc="4" uspid="9249" ordinal="22" offset="532" sl="296" sc="17" el="296" ec="64" bec="4" bev="2" fileid="248" />
                <SequencePoint vc="0" uspid="9250" ordinal="23" offset="555" sl="297" sc="17" el="297" ec="18" bec="0" bev="0" fileid="248" />
                <SequencePoint vc="0" uspid="9251" ordinal="24" offset="556" sl="298" sc="21" el="298" ec="81" bec="0" bev="0" fileid="248" />
                <SequencePoint vc="0" uspid="9252" ordinal="25" offset="572" sl="299" sc="21" el="299" ec="96" bec="0" bev="0" fileid="248" />
                <SequencePoint vc="4" uspid="9253" ordinal="26" offset="583" sl="302" sc="17" el="302" ec="18" bec="0" bev="0" fileid="248" />
                <SequencePoint vc="4" uspid="9254" ordinal="27" offset="584" sl="303" sc="21" el="305" ec="49" bec="0" bev="0" fileid="248" />
                <SequencePoint vc="4" uspid="9255" ordinal="28" offset="633" sl="306" sc="17" el="306" ec="18" bec="0" bev="0" fileid="248" />
                <SequencePoint vc="4" uspid="9256" ordinal="29" offset="634" sl="307" sc="17" el="307" ec="70" bec="2" bev="2" fileid="248" />
                <SequencePoint vc="2" uspid="9257" ordinal="30" offset="656" sl="311" sc="25" el="311" ec="92" bec="2" bev="2" fileid="248" />
                <SequencePoint vc="2" uspid="9258" ordinal="31" offset="684" sl="313" sc="25" el="313" ec="132" bec="0" bev="0" fileid="248" />
                <SequencePoint vc="13" uspid="9259" ordinal="32" offset="721" sl="317" sc="13" el="317" ec="52" bec="0" bev="0" fileid="248" />
                <SequencePoint vc="13" uspid="9260" ordinal="33" offset="723" sl="318" sc="13" el="318" ec="14" bec="0" bev="0" fileid="248" />
                <SequencePoint vc="13" uspid="9261" ordinal="34" offset="724" sl="319" sc="17" el="321" ec="40" bec="0" bev="0" fileid="248" />
                <SequencePoint vc="13" uspid="9262" ordinal="35" offset="758" sl="322" sc="17" el="322" ec="63" bec="0" bev="0" fileid="248" />
                <SequencePoint vc="13" uspid="9263" ordinal="36" offset="779" sl="324" sc="17" el="327" ec="59" bec="0" bev="0" fileid="248" />
                <SequencePoint vc="13" uspid="9264" ordinal="37" offset="803" sl="329" sc="17" el="331" ec="113" bec="0" bev="0" fileid="248" />
                <SequencePoint vc="1" uspid="9265" ordinal="38" offset="836" sl="333" sc="13" el="333" ec="42" bec="0" bev="0" fileid="248" />
                <SequencePoint vc="1" uspid="9266" ordinal="39" offset="837" sl="334" sc="13" el="334" ec="14" bec="0" bev="0" fileid="248" />
                <SequencePoint vc="1" uspid="9267" ordinal="40" offset="838" sl="335" sc="17" el="335" ec="23" bec="0" bev="0" fileid="248" />
                <SequencePoint vc="1" uspid="9268" ordinal="41" offset="840" sl="337" sc="13" el="337" ec="33" bec="0" bev="0" fileid="248" />
                <SequencePoint vc="1" uspid="9269" ordinal="42" offset="842" sl="338" sc="13" el="338" ec="14" bec="0" bev="0" fileid="248" />
                <SequencePoint vc="1" uspid="9270" ordinal="43" offset="843" sl="339" sc="17" el="339" ec="140" bec="0" bev="0" fileid="248" />
                <SequencePoint vc="1" uspid="9271" ordinal="44" offset="877" sl="341" sc="17" el="342" ec="113" bec="0" bev="0" fileid="248" />
                <SequencePoint vc="4" uspid="9272" ordinal="45" offset="904" sl="344" sc="9" el="344" ec="10" bec="0" bev="0" fileid="248" />
              </SequencePoints>
              <BranchPoints>
                <BranchPoint vc="1" uspid="9273" ordinal="0" offset="44" sl="254" path="0" offsetend="46" fileid="248" />
                <BranchPoint vc="18" uspid="9274" ordinal="1" offset="44" sl="254" path="1" offsetend="74" fileid="248" />
                <BranchPoint vc="0" uspid="9275" ordinal="2" offset="330" sl="270" path="0" offsetend="332" fileid="248" />
                <BranchPoint vc="17" uspid="9276" ordinal="3" offset="330" sl="270" path="1" offsetend="360" fileid="248" />
                <BranchPoint vc="0" uspid="9277" ordinal="4" offset="534" sl="296" path="0" offsetend="536" fileid="248" />
                <BranchPoint vc="4" uspid="9278" ordinal="5" offset="534" sl="296" path="1" offsetend="539" fileid="248" />
                <BranchPoint vc="0" uspid="9279" ordinal="6" offset="553" sl="296" path="0" offsetend="555" fileid="248" />
                <BranchPoint vc="4" uspid="9280" ordinal="7" offset="553" sl="296" path="1" offsetend="583" fileid="248" />
                <BranchPoint vc="2" uspid="9281" ordinal="8" offset="652" sl="307" path="0" offsetchain="654" offsetend="684" fileid="248" />
                <BranchPoint vc="2" uspid="9282" ordinal="9" offset="652" sl="307" path="1" offsetend="656" fileid="248" />
                <BranchPoint vc="1" uspid="9283" ordinal="10" offset="669" sl="311" path="0" offsetend="671" fileid="248" />
                <BranchPoint vc="1" uspid="9284" ordinal="11" offset="669" sl="311" path="1" offsetend="675" fileid="248" />
              </BranchPoints>
              <MethodPoint vc="19" uspid="9289" ordinal="0" offset="0" />
            </Method>
            <Method visited="true" cyclomaticComplexity="29" nPathComplexity="256" sequenceCoverage="81.63" branchCoverage="70.59" isConstructor="false" isStatic="false" isGetter="false" isSetter="false">
              <Summary numSequencePoints="49" visitedSequencePoints="40" numBranchPoints="17" visitedBranchPoints="12" sequenceCoverage="81.63" branchCoverage="70.59" maxCyclomaticComplexity="29" minCyclomaticComplexity="29" visitedClasses="0" numClasses="0" visitedMethods="1" numMethods="1" />
              <MetadataToken>100664787</MetadataToken>
              <Name>SportsWeb.Models.AcdResponse SportsWeb.Services.Cabinate.AmpLightService.AmpWebCabinet::VerifyCircuit(SportsWeb.Services.ServiceModels.VerifyCircuitAmpModel)</Name>
              <FileRef uid="248" />
              <SequencePoints>
                <SequencePoint vc="11" uspid="9290" ordinal="0" offset="13" sl="347" sc="9" el="347" ec="10" bec="0" bev="0" fileid="248" />
                <SequencePoint vc="11" uspid="9291" ordinal="1" offset="14" sl="348" sc="13" el="348" ec="31" bec="2" bev="2" fileid="248" />
                <SequencePoint vc="1" uspid="9292" ordinal="2" offset="27" sl="349" sc="13" el="349" ec="14" bec="0" bev="0" fileid="248" />
                <SequencePoint vc="1" uspid="9293" ordinal="3" offset="28" sl="350" sc="17" el="350" ec="109" bec="0" bev="0" fileid="248" />
                <SequencePoint vc="1" uspid="9294" ordinal="4" offset="44" sl="351" sc="17" el="351" ec="92" bec="0" bev="0" fileid="248" />
                <SequencePoint vc="10" uspid="9295" ordinal="5" offset="56" sl="355" sc="13" el="355" ec="14" bec="0" bev="0" fileid="248" />
                <SequencePoint vc="10" uspid="9296" ordinal="6" offset="57" sl="357" sc="24" el="357" ec="51" bec="0" bev="0" fileid="248" />
                <SequencePoint vc="10" uspid="9297" ordinal="7" offset="65" sl="358" sc="17" el="358" ec="18" bec="0" bev="0" fileid="248" />
                <SequencePoint vc="10" uspid="9298" ordinal="8" offset="66" sl="359" sc="21" el="359" ec="70" bec="0" bev="0" fileid="248" />
                <SequencePoint vc="10" uspid="9299" ordinal="9" offset="75" sl="360" sc="21" el="360" ec="98" bec="0" bev="0" fileid="248" />
                <SequencePoint vc="9" uspid="9300" ordinal="10" offset="252" sl="361" sc="17" el="361" ec="18" bec="0" bev="0" fileid="248" />
                <SequencePoint vc="9" uspid="9301" ordinal="11" offset="268" sl="362" sc="17" el="362" ec="70" bec="0" bev="0" fileid="248" />
                <SequencePoint vc="9" uspid="9302" ordinal="12" offset="281" sl="363" sc="17" el="363" ec="104" bec="0" bev="0" fileid="248" />
                <SequencePoint vc="9" uspid="9303" ordinal="13" offset="306" sl="365" sc="17" el="365" ec="36" bec="2" bev="1" fileid="248" />
                <SequencePoint vc="9" uspid="9304" ordinal="14" offset="317" sl="366" sc="21" el="366" ec="60" bec="0" bev="0" fileid="248" />
                <SequencePoint vc="9" uspid="9305" ordinal="15" offset="333" sl="368" sc="17" el="383" ec="19" bec="0" bev="0" fileid="248" />
                <SequencePoint vc="9" uspid="9306" ordinal="16" offset="499" sl="385" sc="17" el="385" ec="132" bec="0" bev="0" fileid="248" />
                <SequencePoint vc="9" uspid="9307" ordinal="17" offset="575" sl="387" sc="17" el="387" ec="75" bec="0" bev="0" fileid="248" />
                <SequencePoint vc="2" uspid="9308" ordinal="18" offset="586" sl="389" sc="17" el="389" ec="46" bec="4" bev="2" fileid="248" />
                <SequencePoint vc="2" uspid="9309" ordinal="19" offset="612" sl="390" sc="17" el="390" ec="18" bec="0" bev="0" fileid="248" />
                <SequencePoint vc="2" uspid="9310" ordinal="20" offset="613" sl="391" sc="21" el="392" ec="92" bec="0" bev="0" fileid="248" />
                <SequencePoint vc="2" uspid="9311" ordinal="21" offset="750" sl="394" sc="17" el="394" ec="18" bec="0" bev="0" fileid="248" />
                <SequencePoint vc="0" uspid="9312" ordinal="22" offset="756" sl="396" sc="17" el="396" ec="18" bec="0" bev="0" fileid="248" />
                <SequencePoint vc="0" uspid="9313" ordinal="23" offset="757" sl="397" sc="21" el="397" ec="67" bec="0" bev="0" fileid="248" />
                <SequencePoint vc="0" uspid="9314" ordinal="24" offset="773" sl="398" sc="21" el="398" ec="164" bec="0" bev="0" fileid="248" />
                <SequencePoint vc="0" uspid="9315" ordinal="25" offset="908" sl="399" sc="21" el="399" ec="104" bec="0" bev="0" fileid="248" />
                <SequencePoint vc="2" uspid="9316" ordinal="26" offset="919" sl="402" sc="17" el="402" ec="104" bec="0" bev="0" fileid="248" />
                <SequencePoint vc="2" uspid="9317" ordinal="27" offset="945" sl="404" sc="17" el="404" ec="62" bec="5" bev="4" fileid="248" />
                <SequencePoint vc="1" uspid="9318" ordinal="28" offset="1061" sl="407" sc="25" el="407" ec="66" bec="0" bev="0" fileid="248" />
                <SequencePoint vc="1" uspid="9319" ordinal="29" offset="1070" sl="408" sc="25" el="408" ec="31" bec="0" bev="0" fileid="248" />
                <SequencePoint vc="1" uspid="9320" ordinal="30" offset="1075" sl="410" sc="25" el="410" ec="67" bec="0" bev="0" fileid="248" />
                <SequencePoint vc="1" uspid="9321" ordinal="31" offset="1084" sl="411" sc="25" el="411" ec="31" bec="0" bev="0" fileid="248" />
                <SequencePoint vc="0" uspid="9322" ordinal="32" offset="1089" sl="413" sc="25" el="413" ec="168" bec="0" bev="0" fileid="248" />
                <SequencePoint vc="0" uspid="9323" ordinal="33" offset="1224" sl="414" sc="25" el="414" ec="108" bec="0" bev="0" fileid="248" />
                <SequencePoint vc="2" uspid="9324" ordinal="34" offset="1235" sl="417" sc="17" el="417" ec="36" bec="0" bev="0" fileid="248" />
                <SequencePoint vc="7" uspid="9325" ordinal="35" offset="1244" sl="419" sc="13" el="419" ec="52" bec="0" bev="0" fileid="248" />
                <SequencePoint vc="7" uspid="9326" ordinal="36" offset="1246" sl="420" sc="13" el="420" ec="14" bec="0" bev="0" fileid="248" />
                <SequencePoint vc="7" uspid="9327" ordinal="37" offset="1247" sl="421" sc="17" el="421" ec="145" bec="0" bev="0" fileid="248" />
                <SequencePoint vc="7" uspid="9328" ordinal="38" offset="1325" sl="422" sc="17" el="422" ec="63" bec="0" bev="0" fileid="248" />
                <SequencePoint vc="7" uspid="9329" ordinal="39" offset="1346" sl="423" sc="17" el="423" ec="155" bec="0" bev="0" fileid="248" />
                <SequencePoint vc="7" uspid="9330" ordinal="40" offset="1370" sl="424" sc="17" el="424" ec="109" bec="2" bev="2" fileid="248" />
                <SequencePoint vc="0" uspid="9331" ordinal="41" offset="1387" sl="426" sc="13" el="426" ec="42" bec="0" bev="0" fileid="248" />
                <SequencePoint vc="0" uspid="9332" ordinal="42" offset="1388" sl="427" sc="13" el="427" ec="14" bec="0" bev="0" fileid="248" />
                <SequencePoint vc="0" uspid="9333" ordinal="43" offset="1389" sl="428" sc="17" el="428" ec="23" bec="0" bev="0" fileid="248" />
                <SequencePoint vc="1" uspid="9334" ordinal="44" offset="1391" sl="430" sc="13" el="430" ec="33" bec="0" bev="0" fileid="248" />
                <SequencePoint vc="1" uspid="9335" ordinal="45" offset="1393" sl="431" sc="13" el="431" ec="14" bec="0" bev="0" fileid="248" />
                <SequencePoint vc="1" uspid="9336" ordinal="46" offset="1394" sl="432" sc="17" el="432" ec="145" bec="0" bev="0" fileid="248" />
                <SequencePoint vc="1" uspid="9337" ordinal="47" offset="1472" sl="434" sc="17" el="435" ec="72" bec="0" bev="0" fileid="248" />
                <SequencePoint vc="2" uspid="9338" ordinal="48" offset="1483" sl="437" sc="9" el="437" ec="10" bec="0" bev="0" fileid="248" />
              </SequencePoints>
              <BranchPoints>
                <BranchPoint vc="1" uspid="9339" ordinal="0" offset="25" sl="348" path="0" offsetend="27" fileid="248" />
                <BranchPoint vc="10" uspid="9340" ordinal="1" offset="25" sl="348" path="1" offsetend="55" fileid="248" />
                <BranchPoint vc="9" uspid="9341" ordinal="2" offset="315" sl="365" path="0" offsetend="317" fileid="248" />
                <BranchPoint vc="0" uspid="9342" ordinal="3" offset="315" sl="365" path="1" offsetend="333" fileid="248" />
                <BranchPoint vc="0" uspid="9343" ordinal="4" offset="588" sl="389" path="0" offsetend="590" fileid="248" />
                <BranchPoint vc="2" uspid="9344" ordinal="5" offset="588" sl="389" path="1" offsetend="593" fileid="248" />
                <BranchPoint vc="2" uspid="9345" ordinal="6" offset="607" sl="389" path="0" offsetend="612" fileid="248" />
                <BranchPoint vc="0" uspid="9346" ordinal="7" offset="607" sl="389" path="1" offsetend="756" fileid="248" />
                <BranchPoint vc="2" uspid="9359" ordinal="20" offset="1028" sl="404" path="0" offsetend="1030" fileid="248" />
                <BranchPoint vc="0" uspid="9360" ordinal="21" offset="1028" sl="404" path="1" offsetend="1089" fileid="248" />
                <BranchPoint vc="1" uspid="9361" ordinal="22" offset="1046" sl="404" path="0" offsetchain="1048" offsetend="1050" fileid="248" />
                <BranchPoint vc="1" uspid="9362" ordinal="23" offset="1046" sl="404" path="1" offsetend="1061" fileid="248" />
                <BranchPoint vc="0" uspid="9363" ordinal="24" offset="1057" sl="404" path="0" offsetchain="1059" offsetend="1089" fileid="248" />
                <BranchPoint vc="1" uspid="9364" ordinal="25" offset="1057" sl="404" path="1" offsetend="1075" fileid="248" />
                <BranchPoint vc="1" uspid="9371" ordinal="32" offset="1373" sl="424" path="0" offsetend="1375" fileid="248" />
                <BranchPoint vc="6" uspid="9372" ordinal="33" offset="1373" sl="424" path="1" offsetend="1381" fileid="248" />
              </BranchPoints>
              <MethodPoint vc="11" uspid="9373" ordinal="0" offset="0" />
            </Method>
            <Method visited="true" cyclomaticComplexity="9" nPathComplexity="32" sequenceCoverage="92.86" branchCoverage="63.64" isConstructor="false" isStatic="false" isGetter="false" isSetter="false">
              <Summary numSequencePoints="42" visitedSequencePoints="39" numBranchPoints="11" visitedBranchPoints="7" sequenceCoverage="92.86" branchCoverage="63.64" maxCyclomaticComplexity="9" minCyclomaticComplexity="9" visitedClasses="0" numClasses="0" visitedMethods="1" numMethods="1" />
              <MetadataToken>100664788</MetadataToken>
              <Name>SportsWeb.Models.RenameCircuitStatus SportsWeb.Services.Cabinate.AmpLightService.AmpWebCabinet::RenameCircuit(SportsWeb.Models.RenameCircuitModel)</Name>
              <FileRef uid="248" />
              <SequencePoints>
                <SequencePoint vc="11" uspid="9374" ordinal="0" offset="13" sl="440" sc="9" el="440" ec="10" bec="0" bev="0" fileid="248" />
                <SequencePoint vc="11" uspid="9375" ordinal="1" offset="14" sl="442" sc="13" el="442" ec="14" bec="0" bev="0" fileid="248" />
                <SequencePoint vc="11" uspid="9376" ordinal="2" offset="15" sl="443" sc="17" el="443" ec="35" bec="2" bev="2" fileid="248" />
                <SequencePoint vc="1" uspid="9377" ordinal="3" offset="30" sl="444" sc="17" el="444" ec="18" bec="0" bev="0" fileid="248" />
                <SequencePoint vc="1" uspid="9378" ordinal="4" offset="31" sl="445" sc="21" el="445" ec="113" bec="0" bev="0" fileid="248" />
                <SequencePoint vc="1" uspid="9379" ordinal="5" offset="47" sl="446" sc="21" el="446" ec="96" bec="0" bev="0" fileid="248" />
                <SequencePoint vc="10" uspid="9380" ordinal="6" offset="58" sl="450" sc="24" el="450" ec="51" bec="0" bev="0" fileid="248" />
                <SequencePoint vc="10" uspid="9381" ordinal="7" offset="66" sl="451" sc="17" el="451" ec="18" bec="0" bev="0" fileid="248" />
                <SequencePoint vc="10" uspid="9382" ordinal="8" offset="67" sl="452" sc="21" el="452" ec="70" bec="0" bev="0" fileid="248" />
                <SequencePoint vc="10" uspid="9383" ordinal="9" offset="76" sl="453" sc="21" el="453" ec="98" bec="0" bev="0" fileid="248" />
                <SequencePoint vc="9" uspid="9384" ordinal="10" offset="253" sl="454" sc="17" el="454" ec="18" bec="0" bev="0" fileid="248" />
                <SequencePoint vc="9" uspid="9385" ordinal="11" offset="269" sl="455" sc="17" el="455" ec="70" bec="0" bev="0" fileid="248" />
                <SequencePoint vc="9" uspid="9386" ordinal="12" offset="282" sl="456" sc="17" el="456" ec="104" bec="0" bev="0" fileid="248" />
                <SequencePoint vc="9" uspid="9387" ordinal="13" offset="306" sl="458" sc="17" el="458" ec="36" bec="2" bev="1" fileid="248" />
                <SequencePoint vc="9" uspid="9388" ordinal="14" offset="316" sl="459" sc="21" el="459" ec="60" bec="0" bev="0" fileid="248" />
                <SequencePoint vc="9" uspid="9389" ordinal="15" offset="332" sl="461" sc="17" el="473" ec="19" bec="0" bev="0" fileid="248" />
                <SequencePoint vc="9" uspid="9390" ordinal="16" offset="459" sl="475" sc="17" el="475" ec="133" bec="0" bev="0" fileid="248" />
                <SequencePoint vc="9" uspid="9391" ordinal="17" offset="530" sl="477" sc="17" el="477" ec="75" bec="0" bev="0" fileid="248" />
                <SequencePoint vc="1" uspid="9392" ordinal="18" offset="540" sl="479" sc="17" el="479" ec="46" bec="4" bev="2" fileid="248" />
                <SequencePoint vc="1" uspid="9393" ordinal="19" offset="566" sl="480" sc="17" el="480" ec="18" bec="0" bev="0" fileid="248" />
                <SequencePoint vc="1" uspid="9394" ordinal="20" offset="567" sl="481" sc="21" el="482" ec="85" bec="0" bev="0" fileid="248" />
                <SequencePoint vc="1" uspid="9395" ordinal="21" offset="689" sl="483" sc="21" el="483" ec="57" bec="2" bev="1" fileid="248" />
                <SequencePoint vc="1" uspid="9396" ordinal="22" offset="710" sl="484" sc="25" el="484" ec="68" bec="0" bev="0" fileid="248" />
                <SequencePoint vc="1" uspid="9397" ordinal="23" offset="723" sl="485" sc="17" el="485" ec="18" bec="0" bev="0" fileid="248" />
                <SequencePoint vc="0" uspid="9398" ordinal="24" offset="726" sl="487" sc="17" el="487" ec="18" bec="0" bev="0" fileid="248" />
                <SequencePoint vc="0" uspid="9399" ordinal="25" offset="727" sl="488" sc="21" el="488" ec="67" bec="0" bev="0" fileid="248" />
                <SequencePoint vc="0" uspid="9400" ordinal="26" offset="743" sl="489" sc="17" el="489" ec="18" bec="0" bev="0" fileid="248" />
                <SequencePoint vc="1" uspid="9401" ordinal="27" offset="744" sl="491" sc="17" el="491" ec="37" bec="0" bev="0" fileid="248" />
                <SequencePoint vc="8" uspid="9402" ordinal="28" offset="762" sl="493" sc="13" el="493" ec="52" bec="0" bev="0" fileid="248" />
                <SequencePoint vc="8" uspid="9403" ordinal="29" offset="764" sl="494" sc="13" el="494" ec="14" bec="0" bev="0" fileid="248" />
                <SequencePoint vc="8" uspid="9404" ordinal="30" offset="765" sl="495" sc="17" el="495" ec="146" bec="0" bev="0" fileid="248" />
                <SequencePoint vc="8" uspid="9405" ordinal="31" offset="838" sl="496" sc="17" el="496" ec="63" bec="0" bev="0" fileid="248" />
                <SequencePoint vc="8" uspid="9406" ordinal="32" offset="859" sl="497" sc="17" el="500" ec="20" bec="0" bev="0" fileid="248" />
                <SequencePoint vc="8" uspid="9407" ordinal="33" offset="906" sl="501" sc="17" el="501" ec="146" bec="0" bev="0" fileid="248" />
                <SequencePoint vc="1" uspid="9408" ordinal="34" offset="939" sl="503" sc="13" el="503" ec="42" bec="0" bev="0" fileid="248" />
                <SequencePoint vc="1" uspid="9409" ordinal="35" offset="940" sl="504" sc="13" el="504" ec="14" bec="0" bev="0" fileid="248" />
                <SequencePoint vc="1" uspid="9410" ordinal="36" offset="941" sl="505" sc="17" el="505" ec="23" bec="0" bev="0" fileid="248" />
                <SequencePoint vc="1" uspid="9411" ordinal="37" offset="943" sl="507" sc="13" el="507" ec="33" bec="0" bev="0" fileid="248" />
                <SequencePoint vc="1" uspid="9412" ordinal="38" offset="945" sl="508" sc="13" el="508" ec="14" bec="0" bev="0" fileid="248" />
                <SequencePoint vc="1" uspid="9413" ordinal="39" offset="946" sl="509" sc="17" el="509" ec="146" bec="0" bev="0" fileid="248" />
                <SequencePoint vc="1" uspid="9414" ordinal="40" offset="1019" sl="511" sc="17" el="512" ec="109" bec="0" bev="0" fileid="248" />
                <SequencePoint vc="1" uspid="9415" ordinal="41" offset="1046" sl="514" sc="9" el="514" ec="10" bec="0" bev="0" fileid="248" />
              </SequencePoints>
              <BranchPoints>
                <BranchPoint vc="1" uspid="9416" ordinal="0" offset="28" sl="443" path="0" offsetend="30" fileid="248" />
                <BranchPoint vc="10" uspid="9417" ordinal="1" offset="28" sl="443" path="1" offsetend="58" fileid="248" />
                <BranchPoint vc="9" uspid="9418" ordinal="2" offset="314" sl="458" path="0" offsetend="316" fileid="248" />
                <BranchPoint vc="0" uspid="9419" ordinal="3" offset="314" sl="458" path="1" offsetend="332" fileid="248" />
                <BranchPoint vc="0" uspid="9420" ordinal="4" offset="542" sl="479" path="0" offsetend="544" fileid="248" />
                <BranchPoint vc="1" uspid="9421" ordinal="5" offset="542" sl="479" path="1" offsetend="547" fileid="248" />
                <BranchPoint vc="1" uspid="9422" ordinal="6" offset="561" sl="479" path="0" offsetend="566" fileid="248" />
                <BranchPoint vc="0" uspid="9423" ordinal="7" offset="561" sl="479" path="1" offsetend="726" fileid="248" />
                <BranchPoint vc="1" uspid="9424" ordinal="8" offset="708" sl="483" path="0" offsetend="710" fileid="248" />
                <BranchPoint vc="0" uspid="9425" ordinal="9" offset="708" sl="483" path="1" offsetend="723" fileid="248" />
              </BranchPoints>
              <MethodPoint vc="11" uspid="9428" ordinal="0" offset="0" />
            </Method>
            <Method visited="true" cyclomaticComplexity="22" nPathComplexity="256" sequenceCoverage="94" branchCoverage="76.47" isConstructor="false" isStatic="false" isGetter="false" isSetter="false">
              <Summary numSequencePoints="50" visitedSequencePoints="47" numBranchPoints="17" visitedBranchPoints="13" sequenceCoverage="94" branchCoverage="76.47" maxCyclomaticComplexity="22" minCyclomaticComplexity="22" visitedClasses="0" numClasses="0" visitedMethods="1" numMethods="1" />
              <MetadataToken>100664789</MetadataToken>
              <Name>SportsWeb.Models.ACDStatus SportsWeb.Services.Cabinate.AmpLightService.AmpWebCabinet::AbortAutoCircuitDetection(SportsWeb.Models.CPUModel)</Name>
              <FileRef uid="248" />
              <SequencePoints>
                <SequencePoint vc="15" uspid="9429" ordinal="0" offset="13" sl="517" sc="9" el="517" ec="10" bec="0" bev="0" fileid="248" />
                <SequencePoint vc="15" uspid="9430" ordinal="1" offset="14" sl="518" sc="13" el="518" ec="64" bec="0" bev="0" fileid="248" />
                <SequencePoint vc="15" uspid="9431" ordinal="2" offset="30" sl="520" sc="13" el="520" ec="14" bec="0" bev="0" fileid="248" />
                <SequencePoint vc="15" uspid="9432" ordinal="3" offset="31" sl="522" sc="17" el="522" ec="35" bec="2" bev="2" fileid="248" />
                <SequencePoint vc="1" uspid="9433" ordinal="4" offset="46" sl="523" sc="17" el="523" ec="18" bec="0" bev="0" fileid="248" />
                <SequencePoint vc="1" uspid="9434" ordinal="5" offset="47" sl="524" sc="21" el="524" ec="114" bec="0" bev="0" fileid="248" />
                <SequencePoint vc="1" uspid="9435" ordinal="6" offset="63" sl="525" sc="21" el="525" ec="96" bec="0" bev="0" fileid="248" />
                <SequencePoint vc="14" uspid="9436" ordinal="7" offset="74" sl="529" sc="24" el="529" ec="51" bec="0" bev="0" fileid="248" />
                <SequencePoint vc="14" uspid="9437" ordinal="8" offset="82" sl="530" sc="17" el="530" ec="18" bec="0" bev="0" fileid="248" />
                <SequencePoint vc="14" uspid="9438" ordinal="9" offset="83" sl="531" sc="21" el="531" ec="70" bec="0" bev="0" fileid="248" />
                <SequencePoint vc="14" uspid="9439" ordinal="10" offset="92" sl="532" sc="21" el="532" ec="98" bec="0" bev="0" fileid="248" />
                <SequencePoint vc="13" uspid="9440" ordinal="11" offset="269" sl="533" sc="17" el="533" ec="18" bec="0" bev="0" fileid="248" />
                <SequencePoint vc="13" uspid="9441" ordinal="12" offset="285" sl="535" sc="17" el="535" ec="70" bec="0" bev="0" fileid="248" />
                <SequencePoint vc="13" uspid="9442" ordinal="13" offset="298" sl="536" sc="17" el="536" ec="104" bec="0" bev="0" fileid="248" />
                <SequencePoint vc="13" uspid="9443" ordinal="14" offset="322" sl="538" sc="17" el="538" ec="36" bec="2" bev="1" fileid="248" />
                <SequencePoint vc="13" uspid="9444" ordinal="15" offset="332" sl="539" sc="21" el="539" ec="60" bec="0" bev="0" fileid="248" />
                <SequencePoint vc="13" uspid="9445" ordinal="16" offset="348" sl="541" sc="17" el="551" ec="19" bec="0" bev="0" fileid="248" />
                <SequencePoint vc="13" uspid="9446" ordinal="17" offset="436" sl="553" sc="17" el="554" ec="43" bec="0" bev="0" fileid="248" />
                <SequencePoint vc="13" uspid="9447" ordinal="18" offset="468" sl="556" sc="17" el="556" ec="86" bec="0" bev="0" fileid="248" />
                <SequencePoint vc="4" uspid="9448" ordinal="19" offset="478" sl="558" sc="17" el="558" ec="46" bec="4" bev="2" fileid="248" />
                <SequencePoint vc="4" uspid="9449" ordinal="20" offset="504" sl="559" sc="17" el="559" ec="18" bec="0" bev="0" fileid="248" />
                <SequencePoint vc="4" uspid="9450" ordinal="21" offset="505" sl="560" sc="21" el="561" ec="89" bec="0" bev="0" fileid="248" />
                <SequencePoint vc="4" uspid="9451" ordinal="22" offset="578" sl="562" sc="21" el="563" ec="102" bec="2" bev="2" fileid="248" />
                <SequencePoint vc="2" uspid="9452" ordinal="23" offset="625" sl="564" sc="21" el="564" ec="22" bec="0" bev="0" fileid="248" />
                <SequencePoint vc="2" uspid="9453" ordinal="24" offset="626" sl="565" sc="25" el="566" ec="108" bec="0" bev="0" fileid="248" />
                <SequencePoint vc="2" uspid="9454" ordinal="25" offset="660" sl="567" sc="25" el="571" ec="76" bec="0" bev="0" fileid="248" />
                <SequencePoint vc="2" uspid="9455" ordinal="26" offset="693" sl="573" sc="17" el="573" ec="18" bec="0" bev="0" fileid="248" />
                <SequencePoint vc="0" uspid="9456" ordinal="27" offset="696" sl="575" sc="17" el="575" ec="18" bec="0" bev="0" fileid="248" />
                <SequencePoint vc="0" uspid="9457" ordinal="28" offset="697" sl="576" sc="21" el="576" ec="78" bec="0" bev="0" fileid="248" />
                <SequencePoint vc="0" uspid="9458" ordinal="29" offset="713" sl="577" sc="17" el="577" ec="18" bec="0" bev="0" fileid="248" />
                <SequencePoint vc="2" uspid="9459" ordinal="30" offset="714" sl="578" sc="17" el="578" ec="102" bec="6" bev="5" fileid="248" />
                <SequencePoint vc="1" uspid="9460" ordinal="31" offset="790" sl="579" sc="17" el="579" ec="18" bec="0" bev="0" fileid="248" />
                <SequencePoint vc="1" uspid="9461" ordinal="32" offset="791" sl="580" sc="21" el="580" ec="48" bec="0" bev="0" fileid="248" />
                <SequencePoint vc="1" uspid="9462" ordinal="33" offset="799" sl="583" sc="17" el="583" ec="18" bec="0" bev="0" fileid="248" />
                <SequencePoint vc="1" uspid="9463" ordinal="34" offset="800" sl="584" sc="21" el="584" ec="190" bec="0" bev="0" fileid="248" />
                <SequencePoint vc="1" uspid="9464" ordinal="35" offset="909" sl="585" sc="21" el="585" ec="143" bec="0" bev="0" fileid="248" />
                <SequencePoint vc="9" uspid="9465" ordinal="36" offset="936" sl="589" sc="13" el="589" ec="52" bec="0" bev="0" fileid="248" />
                <SequencePoint vc="9" uspid="9466" ordinal="37" offset="938" sl="590" sc="13" el="590" ec="14" bec="0" bev="0" fileid="248" />
                <SequencePoint vc="9" uspid="9467" ordinal="38" offset="939" sl="591" sc="17" el="592" ec="122" bec="0" bev="0" fileid="248" />
                <SequencePoint vc="9" uspid="9468" ordinal="39" offset="973" sl="593" sc="17" el="593" ec="63" bec="0" bev="0" fileid="248" />
                <SequencePoint vc="9" uspid="9469" ordinal="40" offset="994" sl="595" sc="17" el="596" ec="55" bec="0" bev="0" fileid="248" />
                <SequencePoint vc="9" uspid="9470" ordinal="41" offset="1018" sl="597" sc="17" el="600" ec="66" bec="0" bev="0" fileid="248" />
                <SequencePoint vc="4" uspid="9471" ordinal="42" offset="1051" sl="602" sc="13" el="602" ec="42" bec="0" bev="0" fileid="248" />
                <SequencePoint vc="4" uspid="9472" ordinal="43" offset="1052" sl="603" sc="13" el="603" ec="14" bec="0" bev="0" fileid="248" />
                <SequencePoint vc="4" uspid="9473" ordinal="44" offset="1053" sl="604" sc="17" el="604" ec="23" bec="0" bev="0" fileid="248" />
                <SequencePoint vc="1" uspid="9474" ordinal="45" offset="1055" sl="606" sc="13" el="606" ec="33" bec="0" bev="0" fileid="248" />
                <SequencePoint vc="1" uspid="9475" ordinal="46" offset="1057" sl="607" sc="13" el="607" ec="14" bec="0" bev="0" fileid="248" />
                <SequencePoint vc="1" uspid="9476" ordinal="47" offset="1058" sl="608" sc="17" el="608" ec="132" bec="0" bev="0" fileid="248" />
                <SequencePoint vc="1" uspid="9477" ordinal="48" offset="1092" sl="609" sc="17" el="609" ec="139" bec="0" bev="0" fileid="248" />
                <SequencePoint vc="1" uspid="9478" ordinal="49" offset="1119" sl="611" sc="9" el="611" ec="10" bec="0" bev="0" fileid="248" />
              </SequencePoints>
              <BranchPoints>
                <BranchPoint vc="1" uspid="9479" ordinal="0" offset="44" sl="522" path="0" offsetend="46" fileid="248" />
                <BranchPoint vc="14" uspid="9480" ordinal="1" offset="44" sl="522" path="1" offsetend="74" fileid="248" />
                <BranchPoint vc="13" uspid="9481" ordinal="2" offset="330" sl="538" path="0" offsetend="332" fileid="248" />
                <BranchPoint vc="0" uspid="9482" ordinal="3" offset="330" sl="538" path="1" offsetend="348" fileid="248" />
                <BranchPoint vc="0" uspid="9483" ordinal="4" offset="480" sl="558" path="0" offsetend="482" fileid="248" />
                <BranchPoint vc="4" uspid="9484" ordinal="5" offset="480" sl="558" path="1" offsetend="485" fileid="248" />
                <BranchPoint vc="4" uspid="9485" ordinal="6" offset="499" sl="558" path="0" offsetend="504" fileid="248" />
                <BranchPoint vc="0" uspid="9486" ordinal="7" offset="499" sl="558" path="1" offsetend="696" fileid="248" />
                <BranchPoint vc="2" uspid="9489" ordinal="10" offset="623" sl="562" path="0" offsetend="625" fileid="248" />
                <BranchPoint vc="2" uspid="9490" ordinal="11" offset="623" sl="562" path="1" offsetend="693" fileid="248" />
                <BranchPoint vc="0" uspid="9493" ordinal="14" offset="716" sl="578" path="0" offsetend="718" fileid="248" />
                <BranchPoint vc="2" uspid="9494" ordinal="15" offset="716" sl="578" path="1" offsetend="721" fileid="248" />
                <BranchPoint vc="1" uspid="9497" ordinal="18" offset="772" sl="578" path="0" offsetend="774" fileid="248" />
                <BranchPoint vc="1" uspid="9498" ordinal="19" offset="772" sl="578" path="1" offsetend="777" fileid="248" />
                <BranchPoint vc="1" uspid="9499" ordinal="20" offset="788" sl="578" path="0" offsetend="790" fileid="248" />
                <BranchPoint vc="1" uspid="9500" ordinal="21" offset="788" sl="578" path="1" offsetend="799" fileid="248" />
              </BranchPoints>
              <MethodPoint vc="15" uspid="9507" ordinal="0" offset="0" />
            </Method>
            <Method visited="true" cyclomaticComplexity="11" nPathComplexity="256" sequenceCoverage="97.5" branchCoverage="76.47" isConstructor="false" isStatic="false" isGetter="false" isSetter="false">
              <Summary numSequencePoints="40" visitedSequencePoints="39" numBranchPoints="17" visitedBranchPoints="13" sequenceCoverage="97.5" branchCoverage="76.47" maxCyclomaticComplexity="11" minCyclomaticComplexity="11" visitedClasses="0" numClasses="0" visitedMethods="1" numMethods="1" />
              <MetadataToken>100664790</MetadataToken>
              <Name>SportsWeb.Models.ACDStatus SportsWeb.Services.Cabinate.AmpLightService.AmpWebCabinet::VerifyCircuitStatus(SportsWeb.Models.VerifyCircuitModel)</Name>
              <FileRef uid="248" />
              <SequencePoints>
                <SequencePoint vc="13" uspid="9508" ordinal="0" offset="13" sl="614" sc="9" el="614" ec="10" bec="0" bev="0" fileid="248" />
                <SequencePoint vc="13" uspid="9509" ordinal="1" offset="14" sl="616" sc="13" el="616" ec="14" bec="0" bev="0" fileid="248" />
                <SequencePoint vc="13" uspid="9510" ordinal="2" offset="15" sl="617" sc="17" el="617" ec="35" bec="2" bev="2" fileid="248" />
                <SequencePoint vc="1" uspid="9511" ordinal="3" offset="30" sl="618" sc="17" el="618" ec="18" bec="0" bev="0" fileid="248" />
                <SequencePoint vc="1" uspid="9512" ordinal="4" offset="31" sl="619" sc="21" el="619" ec="119" bec="0" bev="0" fileid="248" />
                <SequencePoint vc="1" uspid="9513" ordinal="5" offset="47" sl="620" sc="21" el="620" ec="96" bec="0" bev="0" fileid="248" />
                <SequencePoint vc="12" uspid="9514" ordinal="6" offset="58" sl="624" sc="24" el="624" ec="51" bec="0" bev="0" fileid="248" />
                <SequencePoint vc="12" uspid="9515" ordinal="7" offset="66" sl="625" sc="17" el="625" ec="18" bec="0" bev="0" fileid="248" />
                <SequencePoint vc="12" uspid="9516" ordinal="8" offset="67" sl="626" sc="21" el="626" ec="70" bec="0" bev="0" fileid="248" />
                <SequencePoint vc="12" uspid="9517" ordinal="9" offset="76" sl="627" sc="21" el="627" ec="98" bec="0" bev="0" fileid="248" />
                <SequencePoint vc="11" uspid="9518" ordinal="10" offset="253" sl="628" sc="17" el="628" ec="18" bec="0" bev="0" fileid="248" />
                <SequencePoint vc="11" uspid="9519" ordinal="11" offset="269" sl="629" sc="17" el="629" ec="70" bec="0" bev="0" fileid="248" />
                <SequencePoint vc="11" uspid="9520" ordinal="12" offset="282" sl="630" sc="17" el="630" ec="104" bec="0" bev="0" fileid="248" />
                <SequencePoint vc="11" uspid="9521" ordinal="13" offset="306" sl="632" sc="17" el="632" ec="36" bec="2" bev="1" fileid="248" />
                <SequencePoint vc="11" uspid="9522" ordinal="14" offset="316" sl="633" sc="21" el="633" ec="60" bec="0" bev="0" fileid="248" />
                <SequencePoint vc="11" uspid="9523" ordinal="15" offset="332" sl="635" sc="17" el="648" ec="19" bec="0" bev="0" fileid="248" />
                <SequencePoint vc="11" uspid="9524" ordinal="16" offset="467" sl="650" sc="17" el="651" ec="72" bec="0" bev="0" fileid="248" />
                <SequencePoint vc="11" uspid="9525" ordinal="17" offset="543" sl="653" sc="17" el="653" ec="68" bec="0" bev="0" fileid="248" />
                <SequencePoint vc="3" uspid="9526" ordinal="18" offset="553" sl="655" sc="17" el="655" ec="46" bec="4" bev="2" fileid="248" />
                <SequencePoint vc="3" uspid="9527" ordinal="19" offset="579" sl="656" sc="21" el="658" ec="89" bec="0" bev="0" fileid="248" />
                <SequencePoint vc="0" uspid="9528" ordinal="20" offset="708" sl="660" sc="21" el="660" ec="73" bec="0" bev="0" fileid="248" />
                <SequencePoint vc="3" uspid="9529" ordinal="21" offset="724" sl="661" sc="17" el="661" ec="52" bec="4" bev="4" fileid="248" />
                <SequencePoint vc="1" uspid="9530" ordinal="22" offset="760" sl="664" sc="25" el="664" ec="53" bec="0" bev="0" fileid="248" />
                <SequencePoint vc="1" uspid="9531" ordinal="23" offset="768" sl="667" sc="25" el="667" ec="50" bec="0" bev="0" fileid="248" />
                <SequencePoint vc="1" uspid="9532" ordinal="24" offset="776" sl="669" sc="25" el="671" ec="59" bec="0" bev="0" fileid="248" />
                <SequencePoint vc="1" uspid="9533" ordinal="25" offset="803" sl="672" sc="25" el="672" ec="123" bec="2" bev="1" fileid="248" />
                <SequencePoint vc="8" uspid="9534" ordinal="26" offset="820" sl="678" sc="13" el="678" ec="52" bec="0" bev="0" fileid="248" />
                <SequencePoint vc="8" uspid="9535" ordinal="27" offset="822" sl="679" sc="13" el="679" ec="14" bec="0" bev="0" fileid="248" />
                <SequencePoint vc="8" uspid="9536" ordinal="28" offset="823" sl="680" sc="17" el="681" ec="41" bec="0" bev="0" fileid="248" />
                <SequencePoint vc="8" uspid="9537" ordinal="29" offset="901" sl="682" sc="17" el="682" ec="63" bec="0" bev="0" fileid="248" />
                <SequencePoint vc="8" uspid="9538" ordinal="30" offset="922" sl="683" sc="17" el="684" ec="55" bec="0" bev="0" fileid="248" />
                <SequencePoint vc="8" uspid="9539" ordinal="31" offset="946" sl="685" sc="17" el="685" ec="115" bec="2" bev="2" fileid="248" />
                <SequencePoint vc="2" uspid="9540" ordinal="32" offset="963" sl="687" sc="13" el="687" ec="42" bec="0" bev="0" fileid="248" />
                <SequencePoint vc="2" uspid="9541" ordinal="33" offset="964" sl="688" sc="13" el="688" ec="14" bec="0" bev="0" fileid="248" />
                <SequencePoint vc="2" uspid="9542" ordinal="34" offset="965" sl="689" sc="17" el="689" ec="23" bec="0" bev="0" fileid="248" />
                <SequencePoint vc="1" uspid="9543" ordinal="35" offset="967" sl="691" sc="13" el="691" ec="33" bec="0" bev="0" fileid="248" />
                <SequencePoint vc="1" uspid="9544" ordinal="36" offset="969" sl="692" sc="13" el="692" ec="14" bec="0" bev="0" fileid="248" />
                <SequencePoint vc="1" uspid="9545" ordinal="37" offset="970" sl="693" sc="17" el="694" ec="40" bec="0" bev="0" fileid="248" />
                <SequencePoint vc="1" uspid="9546" ordinal="38" offset="1048" sl="696" sc="17" el="697" ec="78" bec="0" bev="0" fileid="248" />
                <SequencePoint vc="2" uspid="9547" ordinal="39" offset="1059" sl="699" sc="9" el="699" ec="10" bec="0" bev="0" fileid="248" />
              </SequencePoints>
              <BranchPoints>
                <BranchPoint vc="1" uspid="9548" ordinal="0" offset="28" sl="617" path="0" offsetend="30" fileid="248" />
                <BranchPoint vc="12" uspid="9549" ordinal="1" offset="28" sl="617" path="1" offsetend="58" fileid="248" />
                <BranchPoint vc="11" uspid="9550" ordinal="2" offset="314" sl="632" path="0" offsetend="316" fileid="248" />
                <BranchPoint vc="0" uspid="9551" ordinal="3" offset="314" sl="632" path="1" offsetend="332" fileid="248" />
                <BranchPoint vc="0" uspid="9552" ordinal="4" offset="555" sl="655" path="0" offsetend="557" fileid="248" />
                <BranchPoint vc="3" uspid="9553" ordinal="5" offset="555" sl="655" path="1" offsetend="560" fileid="248" />
                <BranchPoint vc="3" uspid="9554" ordinal="6" offset="574" sl="655" path="0" offsetend="579" fileid="248" />
                <BranchPoint vc="0" uspid="9555" ordinal="7" offset="574" sl="655" path="1" offsetend="708" fileid="248" />
                <BranchPoint vc="2" uspid="9556" ordinal="8" offset="745" sl="661" path="0" offsetchain="747" offsetend="749" fileid="248" />
                <BranchPoint vc="1" uspid="9557" ordinal="9" offset="745" sl="661" path="1" offsetend="760" fileid="248" />
                <BranchPoint vc="1" uspid="9558" ordinal="10" offset="756" sl="661" path="0" offsetchain="758" offsetend="776" fileid="248" />
                <BranchPoint vc="1" uspid="9559" ordinal="11" offset="756" sl="661" path="1" offsetend="768" fileid="248" />
                <BranchPoint vc="1" uspid="9560" ordinal="12" offset="806" sl="672" path="0" offsetend="808" fileid="248" />
                <BranchPoint vc="0" uspid="9561" ordinal="13" offset="806" sl="672" path="1" offsetend="814" fileid="248" />
                <BranchPoint vc="1" uspid="9562" ordinal="14" offset="949" sl="685" path="0" offsetend="951" fileid="248" />
                <BranchPoint vc="7" uspid="9563" ordinal="15" offset="949" sl="685" path="1" offsetend="957" fileid="248" />
              </BranchPoints>
              <MethodPoint vc="13" uspid="9564" ordinal="0" offset="0" />
            </Method>
            <Method visited="true" cyclomaticComplexity="18" nPathComplexity="2048" sequenceCoverage="100" branchCoverage="65.22" isConstructor="false" isStatic="false" isGetter="false" isSetter="false">
              <Summary numSequencePoints="64" visitedSequencePoints="64" numBranchPoints="23" visitedBranchPoints="15" sequenceCoverage="100" branchCoverage="65.22" maxCyclomaticComplexity="18" minCyclomaticComplexity="18" visitedClasses="0" numClasses="0" visitedMethods="1" numMethods="1" />
              <MetadataToken>100664791</MetadataToken>
              <Name>SportsWeb.Models.AllAssociatedCircuitsOfSiteModel SportsWeb.Services.Cabinate.AmpLightService.AmpWebCabinet::GetAssociatedCircuits(System.Guid)</Name>
              <FileRef uid="248" />
              <SequencePoints>
                <SequencePoint vc="7" uspid="9565" ordinal="0" offset="13" sl="702" sc="9" el="702" ec="10" bec="0" bev="0" fileid="248" />
                <SequencePoint vc="7" uspid="9566" ordinal="1" offset="14" sl="703" sc="13" el="703" ec="57" bec="0" bev="0" fileid="248" />
                <SequencePoint vc="7" uspid="9567" ordinal="2" offset="30" sl="705" sc="13" el="705" ec="14" bec="0" bev="0" fileid="248" />
                <SequencePoint vc="7" uspid="9568" ordinal="3" offset="31" sl="706" sc="17" el="706" ec="42" bec="2" bev="2" fileid="248" />
                <SequencePoint vc="1" uspid="9569" ordinal="4" offset="53" sl="707" sc="17" el="707" ec="18" bec="0" bev="0" fileid="248" />
                <SequencePoint vc="1" uspid="9570" ordinal="5" offset="54" sl="708" sc="21" el="708" ec="108" bec="0" bev="0" fileid="248" />
                <SequencePoint vc="1" uspid="9571" ordinal="6" offset="70" sl="709" sc="21" el="709" ec="96" bec="0" bev="0" fileid="248" />
                <SequencePoint vc="6" uspid="9572" ordinal="7" offset="81" sl="713" sc="24" el="713" ec="51" bec="0" bev="0" fileid="248" />
                <SequencePoint vc="6" uspid="9573" ordinal="8" offset="89" sl="714" sc="17" el="714" ec="18" bec="0" bev="0" fileid="248" />
                <SequencePoint vc="6" uspid="9574" ordinal="9" offset="90" sl="715" sc="21" el="715" ec="70" bec="0" bev="0" fileid="248" />
                <SequencePoint vc="6" uspid="9575" ordinal="10" offset="99" sl="716" sc="21" el="716" ec="92" bec="0" bev="0" fileid="248" />
                <SequencePoint vc="6" uspid="9576" ordinal="11" offset="256" sl="717" sc="17" el="717" ec="18" bec="0" bev="0" fileid="248" />
                <SequencePoint vc="6" uspid="9577" ordinal="12" offset="272" sl="719" sc="17" el="719" ec="70" bec="0" bev="0" fileid="248" />
                <SequencePoint vc="6" uspid="9578" ordinal="13" offset="285" sl="720" sc="17" el="720" ec="104" bec="0" bev="0" fileid="248" />
                <SequencePoint vc="6" uspid="9579" ordinal="14" offset="309" sl="722" sc="17" el="722" ec="36" bec="2" bev="1" fileid="248" />
                <SequencePoint vc="6" uspid="9580" ordinal="15" offset="319" sl="723" sc="21" el="723" ec="60" bec="0" bev="0" fileid="248" />
                <SequencePoint vc="6" uspid="9581" ordinal="16" offset="335" sl="725" sc="17" el="734" ec="19" bec="0" bev="0" fileid="248" />
                <SequencePoint vc="6" uspid="9582" ordinal="17" offset="392" sl="737" sc="17" el="741" ec="19" bec="0" bev="0" fileid="248" />
                <SequencePoint vc="6" uspid="9583" ordinal="18" offset="424" sl="743" sc="17" el="743" ec="101" bec="0" bev="0" fileid="248" />
                <SequencePoint vc="6" uspid="9584" ordinal="19" offset="456" sl="745" sc="17" el="745" ec="82" bec="2" bev="1" fileid="248" />
                <SequencePoint vc="2" uspid="9585" ordinal="20" offset="472" sl="747" sc="17" el="747" ec="67" bec="4" bev="3" fileid="248" />
                <SequencePoint vc="1" uspid="9586" ordinal="21" offset="498" sl="748" sc="17" el="748" ec="18" bec="0" bev="0" fileid="248" />
                <SequencePoint vc="1" uspid="9587" ordinal="22" offset="499" sl="749" sc="21" el="749" ec="84" bec="2" bev="1" fileid="248" />
                <SequencePoint vc="1" uspid="9588" ordinal="23" offset="523" sl="750" sc="21" el="750" ec="22" bec="0" bev="0" fileid="248" />
                <SequencePoint vc="1" uspid="9589" ordinal="24" offset="524" sl="751" sc="25" el="752" ec="98" bec="0" bev="0" fileid="248" />
                <SequencePoint vc="1" uspid="9590" ordinal="25" offset="564" sl="755" sc="25" el="755" ec="32" bec="0" bev="0" fileid="248" />
                <SequencePoint vc="1" uspid="9591" ordinal="26" offset="565" sl="755" sc="54" el="755" ec="104" bec="0" bev="0" fileid="248" />
                <SequencePoint vc="2" uspid="9592" ordinal="27" offset="594" sl="755" sc="34" el="755" ec="50" bec="0" bev="0" fileid="248" />
                <SequencePoint vc="2" uspid="9593" ordinal="28" offset="606" sl="756" sc="25" el="756" ec="26" bec="0" bev="0" fileid="248" />
                <SequencePoint vc="2" uspid="9594" ordinal="29" offset="607" sl="758" sc="29" el="760" ec="80" bec="0" bev="0" fileid="248" />
                <SequencePoint vc="2" uspid="9595" ordinal="30" offset="634" sl="762" sc="29" el="762" ec="52" bec="2" bev="1" fileid="248" />
                <SequencePoint vc="2" uspid="9596" ordinal="31" offset="645" sl="763" sc="29" el="763" ec="30" bec="0" bev="0" fileid="248" />
                <SequencePoint vc="2" uspid="9597" ordinal="32" offset="646" sl="764" sc="33" el="770" ec="35" bec="2" bev="1" fileid="248" />
                <SequencePoint vc="2" uspid="9598" ordinal="33" offset="733" sl="771" sc="33" el="771" ec="78" bec="0" bev="0" fileid="248" />
                <SequencePoint vc="2" uspid="9599" ordinal="34" offset="748" sl="772" sc="29" el="772" ec="30" bec="0" bev="0" fileid="248" />
                <SequencePoint vc="2" uspid="9600" ordinal="35" offset="749" sl="773" sc="29" el="774" ec="85" bec="0" bev="0" fileid="248" />
                <SequencePoint vc="2" uspid="9601" ordinal="36" offset="776" sl="776" sc="29" el="776" ec="57" bec="2" bev="1" fileid="248" />
                <SequencePoint vc="2" uspid="9602" ordinal="37" offset="787" sl="777" sc="29" el="777" ec="30" bec="0" bev="0" fileid="248" />
                <SequencePoint vc="2" uspid="9603" ordinal="38" offset="788" sl="778" sc="33" el="785" ec="35" bec="2" bev="1" fileid="248" />
                <SequencePoint vc="2" uspid="9604" ordinal="39" offset="875" sl="787" sc="33" el="787" ec="77" bec="0" bev="0" fileid="248" />
                <SequencePoint vc="2" uspid="9605" ordinal="40" offset="890" sl="788" sc="29" el="788" ec="30" bec="0" bev="0" fileid="248" />
                <SequencePoint vc="2" uspid="9606" ordinal="41" offset="891" sl="790" sc="29" el="795" ec="33" bec="0" bev="0" fileid="248" />
                <SequencePoint vc="2" uspid="9607" ordinal="42" offset="934" sl="796" sc="25" el="796" ec="26" bec="0" bev="0" fileid="248" />
                <SequencePoint vc="3" uspid="9608" ordinal="43" offset="941" sl="755" sc="51" el="755" ec="53" bec="0" bev="0" fileid="248" />
                <SequencePoint vc="1" uspid="9609" ordinal="44" offset="952" sl="797" sc="21" el="797" ec="22" bec="0" bev="0" fileid="248" />
                <SequencePoint vc="1" uspid="9610" ordinal="45" offset="953" sl="799" sc="21" el="799" ec="50" bec="0" bev="0" fileid="248" />
                <SequencePoint vc="1" uspid="9611" ordinal="46" offset="962" sl="802" sc="17" el="802" ec="18" bec="0" bev="0" fileid="248" />
                <SequencePoint vc="1" uspid="9612" ordinal="47" offset="963" sl="803" sc="21" el="803" ec="82" bec="0" bev="0" fileid="248" />
                <SequencePoint vc="1" uspid="9613" ordinal="48" offset="979" sl="804" sc="17" el="804" ec="18" bec="0" bev="0" fileid="248" />
                <SequencePoint vc="1" uspid="9614" ordinal="49" offset="980" sl="807" sc="17" el="807" ec="46" bec="0" bev="0" fileid="248" />
                <SequencePoint vc="3" uspid="9615" ordinal="50" offset="989" sl="810" sc="13" el="810" ec="52" bec="0" bev="0" fileid="248" />
                <SequencePoint vc="3" uspid="9616" ordinal="51" offset="991" sl="811" sc="13" el="811" ec="14" bec="0" bev="0" fileid="248" />
                <SequencePoint vc="3" uspid="9617" ordinal="52" offset="992" sl="812" sc="17" el="813" ec="99" bec="0" bev="0" fileid="248" />
                <SequencePoint vc="3" uspid="9618" ordinal="53" offset="1026" sl="814" sc="17" el="814" ec="63" bec="0" bev="0" fileid="248" />
                <SequencePoint vc="3" uspid="9619" ordinal="54" offset="1047" sl="816" sc="17" el="817" ec="55" bec="0" bev="0" fileid="248" />
                <SequencePoint vc="3" uspid="9620" ordinal="55" offset="1071" sl="818" sc="17" el="819" ec="108" bec="2" bev="2" fileid="248" />
                <SequencePoint vc="1" uspid="9621" ordinal="56" offset="1088" sl="821" sc="13" el="821" ec="42" bec="0" bev="0" fileid="248" />
                <SequencePoint vc="1" uspid="9622" ordinal="57" offset="1089" sl="822" sc="13" el="822" ec="14" bec="0" bev="0" fileid="248" />
                <SequencePoint vc="1" uspid="9623" ordinal="58" offset="1090" sl="823" sc="17" el="823" ec="23" bec="0" bev="0" fileid="248" />
                <SequencePoint vc="1" uspid="9624" ordinal="59" offset="1092" sl="825" sc="13" el="825" ec="33" bec="0" bev="0" fileid="248" />
                <SequencePoint vc="1" uspid="9625" ordinal="60" offset="1094" sl="826" sc="13" el="826" ec="14" bec="0" bev="0" fileid="248" />
                <SequencePoint vc="1" uspid="9626" ordinal="61" offset="1095" sl="827" sc="17" el="828" ec="98" bec="0" bev="0" fileid="248" />
                <SequencePoint vc="1" uspid="9627" ordinal="62" offset="1129" sl="829" sc="17" el="829" ec="108" bec="0" bev="0" fileid="248" />
                <SequencePoint vc="2" uspid="9628" ordinal="63" offset="1140" sl="831" sc="9" el="831" ec="10" bec="0" bev="0" fileid="248" />
              </SequencePoints>
              <BranchPoints>
                <BranchPoint vc="1" uspid="9629" ordinal="0" offset="51" sl="706" path="0" offsetend="53" fileid="248" />
                <BranchPoint vc="6" uspid="9630" ordinal="1" offset="51" sl="706" path="1" offsetend="81" fileid="248" />
                <BranchPoint vc="6" uspid="9631" ordinal="2" offset="317" sl="722" path="0" offsetend="319" fileid="248" />
                <BranchPoint vc="0" uspid="9632" ordinal="3" offset="317" sl="722" path="1" offsetend="335" fileid="248" />
                <BranchPoint vc="0" uspid="9633" ordinal="4" offset="457" sl="745" path="0" offsetend="459" fileid="248" />
                <BranchPoint vc="6" uspid="9634" ordinal="5" offset="457" sl="745" path="1" offsetend="462" fileid="248" />
                <BranchPoint vc="0" uspid="9635" ordinal="6" offset="474" sl="747" path="0" offsetend="476" fileid="248" />
                <BranchPoint vc="2" uspid="9636" ordinal="7" offset="474" sl="747" path="1" offsetend="479" fileid="248" />
                <BranchPoint vc="1" uspid="9637" ordinal="8" offset="493" sl="747" path="0" offsetend="498" fileid="248" />
                <BranchPoint vc="1" uspid="9638" ordinal="9" offset="493" sl="747" path="1" offsetend="962" fileid="248" />
                <BranchPoint vc="1" uspid="9639" ordinal="10" offset="518" sl="749" path="0" offsetend="523" fileid="248" />
                <BranchPoint vc="0" uspid="9640" ordinal="11" offset="518" sl="749" path="1" offsetend="953" fileid="248" />
                <BranchPoint vc="2" uspid="9641" ordinal="12" offset="643" sl="762" path="0" offsetend="645" fileid="248" />
                <BranchPoint vc="0" uspid="9642" ordinal="13" offset="643" sl="762" path="1" offsetend="749" fileid="248" />
                <BranchPoint vc="0" uspid="9643" ordinal="14" offset="702" sl="764" path="0" offsetend="704" fileid="248" />
                <BranchPoint vc="2" uspid="9644" ordinal="15" offset="702" sl="764" path="1" offsetend="708" fileid="248" />
                <BranchPoint vc="2" uspid="9645" ordinal="16" offset="785" sl="776" path="0" offsetend="787" fileid="248" />
                <BranchPoint vc="0" uspid="9646" ordinal="17" offset="785" sl="776" path="1" offsetend="891" fileid="248" />
                <BranchPoint vc="0" uspid="9647" ordinal="18" offset="844" sl="778" path="0" offsetend="846" fileid="248" />
                <BranchPoint vc="2" uspid="9648" ordinal="19" offset="844" sl="778" path="1" offsetend="850" fileid="248" />
                <BranchPoint vc="1" uspid="9651" ordinal="22" offset="1074" sl="818" path="0" offsetend="1076" fileid="248" />
                <BranchPoint vc="2" uspid="9652" ordinal="23" offset="1074" sl="818" path="1" offsetend="1082" fileid="248" />
              </BranchPoints>
              <MethodPoint vc="7" uspid="9653" ordinal="0" offset="0" />
            </Method>
            <Method visited="true" cyclomaticComplexity="20" nPathComplexity="128" sequenceCoverage="62.75" branchCoverage="53.33" isConstructor="false" isStatic="false" isGetter="false" isSetter="false">
              <Summary numSequencePoints="51" visitedSequencePoints="32" numBranchPoints="15" visitedBranchPoints="8" sequenceCoverage="62.75" branchCoverage="53.33" maxCyclomaticComplexity="20" minCyclomaticComplexity="20" visitedClasses="0" numClasses="0" visitedMethods="1" numMethods="1" />
              <MetadataToken>100664792</MetadataToken>
              <Name>System.Int32 SportsWeb.Services.Cabinate.AmpLightService.AmpWebCabinet::AttachCircuitsToField(SportsWeb.Models.CircuitsToFieldModel)</Name>
              <FileRef uid="248" />
              <SequencePoints>
                <SequencePoint vc="9" uspid="9654" ordinal="0" offset="13" sl="834" sc="9" el="834" ec="10" bec="0" bev="0" fileid="248" />
                <SequencePoint vc="9" uspid="9655" ordinal="1" offset="14" sl="835" sc="13" el="835" ec="57" bec="0" bev="0" fileid="248" />
                <SequencePoint vc="9" uspid="9656" ordinal="2" offset="36" sl="837" sc="13" el="837" ec="14" bec="0" bev="0" fileid="248" />
                <SequencePoint vc="9" uspid="9657" ordinal="3" offset="37" sl="839" sc="17" el="839" ec="35" bec="2" bev="1" fileid="248" />
                <SequencePoint vc="0" uspid="9658" ordinal="4" offset="52" sl="840" sc="17" el="840" ec="18" bec="0" bev="0" fileid="248" />
                <SequencePoint vc="0" uspid="9659" ordinal="5" offset="53" sl="841" sc="21" el="841" ec="127" bec="0" bev="0" fileid="248" />
                <SequencePoint vc="0" uspid="9660" ordinal="6" offset="69" sl="842" sc="21" el="842" ec="96" bec="0" bev="0" fileid="248" />
                <SequencePoint vc="9" uspid="9661" ordinal="7" offset="80" sl="847" sc="17" el="847" ec="41" bec="0" bev="0" fileid="248" />
                <SequencePoint vc="9" uspid="9662" ordinal="8" offset="82" sl="848" sc="24" el="848" ec="51" bec="0" bev="0" fileid="248" />
                <SequencePoint vc="9" uspid="9663" ordinal="9" offset="97" sl="849" sc="17" el="849" ec="18" bec="0" bev="0" fileid="248" />
                <SequencePoint vc="9" uspid="9664" ordinal="10" offset="98" sl="850" sc="21" el="850" ec="70" bec="0" bev="0" fileid="248" />
                <SequencePoint vc="9" uspid="9665" ordinal="11" offset="107" sl="851" sc="21" el="851" ec="98" bec="0" bev="0" fileid="248" />
                <SequencePoint vc="9" uspid="9666" ordinal="12" offset="289" sl="853" sc="21" el="853" ec="117" bec="0" bev="0" fileid="248" />
                <SequencePoint vc="9" uspid="9667" ordinal="13" offset="366" sl="855" sc="21" el="855" ec="85" bec="0" bev="0" fileid="248" />
                <SequencePoint vc="9" uspid="9668" ordinal="14" offset="375" sl="856" sc="21" el="856" ec="122" bec="0" bev="0" fileid="248" />
                <SequencePoint vc="9" uspid="9669" ordinal="15" offset="618" sl="863" sc="21" el="863" ec="108" bec="2" bev="1" fileid="248" />
                <SequencePoint vc="0" uspid="9670" ordinal="16" offset="667" sl="864" sc="21" el="864" ec="22" bec="0" bev="0" fileid="248" />
                <SequencePoint vc="0" uspid="9671" ordinal="17" offset="668" sl="865" sc="25" el="865" ec="43" bec="0" bev="0" fileid="248" />
                <SequencePoint vc="0" uspid="9672" ordinal="18" offset="670" sl="867" sc="25" el="867" ec="69" bec="0" bev="0" fileid="248" />
                <SequencePoint vc="0" uspid="9673" ordinal="19" offset="708" sl="870" sc="25" el="870" ec="136" bec="2" bev="0" fileid="248" />
                <SequencePoint vc="0" uspid="9674" ordinal="20" offset="753" sl="871" sc="25" el="871" ec="26" bec="0" bev="0" fileid="248" />
                <SequencePoint vc="0" uspid="9675" ordinal="21" offset="754" sl="873" sc="29" el="873" ec="77" bec="0" bev="0" fileid="248" />
                <SequencePoint vc="0" uspid="9676" ordinal="22" offset="774" sl="874" sc="25" el="874" ec="26" bec="0" bev="0" fileid="248" />
                <SequencePoint vc="0" uspid="9677" ordinal="23" offset="775" sl="875" sc="21" el="875" ec="22" bec="0" bev="0" fileid="248" />
                <SequencePoint vc="9" uspid="9678" ordinal="24" offset="776" sl="876" sc="17" el="876" ec="18" bec="0" bev="0" fileid="248" />
                <SequencePoint vc="9" uspid="9679" ordinal="25" offset="792" sl="878" sc="17" el="878" ec="70" bec="0" bev="0" fileid="248" />
                <SequencePoint vc="9" uspid="9680" ordinal="26" offset="811" sl="879" sc="17" el="879" ec="104" bec="0" bev="0" fileid="248" />
                <SequencePoint vc="9" uspid="9681" ordinal="27" offset="838" sl="881" sc="17" el="881" ec="36" bec="2" bev="1" fileid="248" />
                <SequencePoint vc="9" uspid="9682" ordinal="28" offset="849" sl="882" sc="21" el="882" ec="60" bec="0" bev="0" fileid="248" />
                <SequencePoint vc="9" uspid="9683" ordinal="29" offset="865" sl="884" sc="17" el="898" ec="19" bec="0" bev="0" fileid="248" />
                <SequencePoint vc="9" uspid="9684" ordinal="30" offset="1086" sl="900" sc="17" el="900" ec="114" bec="0" bev="0" fileid="248" />
                <SequencePoint vc="9" uspid="9685" ordinal="31" offset="1108" sl="902" sc="17" el="903" ec="48" bec="0" bev="0" fileid="248" />
                <SequencePoint vc="9" uspid="9686" ordinal="32" offset="1145" sl="905" sc="17" el="905" ec="70" bec="0" bev="0" fileid="248" />
                <SequencePoint vc="1" uspid="9687" ordinal="33" offset="1156" sl="907" sc="17" el="907" ec="46" bec="4" bev="2" fileid="248" />
                <SequencePoint vc="1" uspid="9688" ordinal="34" offset="1179" sl="908" sc="21" el="909" ec="89" bec="0" bev="0" fileid="248" />
                <SequencePoint vc="0" uspid="9689" ordinal="35" offset="1254" sl="911" sc="21" el="911" ec="75" bec="0" bev="0" fileid="248" />
                <SequencePoint vc="1" uspid="9690" ordinal="36" offset="1270" sl="913" sc="17" el="913" ec="51" bec="0" bev="0" fileid="248" />
                <SequencePoint vc="8" uspid="9691" ordinal="37" offset="1289" sl="915" sc="13" el="915" ec="52" bec="0" bev="0" fileid="248" />
                <SequencePoint vc="8" uspid="9692" ordinal="38" offset="1291" sl="916" sc="13" el="916" ec="14" bec="0" bev="0" fileid="248" />
                <SequencePoint vc="8" uspid="9693" ordinal="39" offset="1292" sl="917" sc="17" el="919" ec="76" bec="0" bev="0" fileid="248" />
                <SequencePoint vc="8" uspid="9694" ordinal="40" offset="1411" sl="920" sc="17" el="920" ec="63" bec="0" bev="0" fileid="248" />
                <SequencePoint vc="8" uspid="9695" ordinal="41" offset="1432" sl="922" sc="17" el="923" ec="55" bec="0" bev="0" fileid="248" />
                <SequencePoint vc="8" uspid="9696" ordinal="42" offset="1456" sl="924" sc="17" el="925" ec="108" bec="2" bev="2" fileid="248" />
                <SequencePoint vc="0" uspid="9697" ordinal="43" offset="1473" sl="927" sc="13" el="927" ec="42" bec="0" bev="0" fileid="248" />
                <SequencePoint vc="0" uspid="9698" ordinal="44" offset="1474" sl="928" sc="13" el="928" ec="14" bec="0" bev="0" fileid="248" />
                <SequencePoint vc="0" uspid="9699" ordinal="45" offset="1475" sl="929" sc="17" el="929" ec="23" bec="0" bev="0" fileid="248" />
                <SequencePoint vc="0" uspid="9700" ordinal="46" offset="1477" sl="931" sc="13" el="931" ec="33" bec="0" bev="0" fileid="248" />
                <SequencePoint vc="0" uspid="9701" ordinal="47" offset="1479" sl="932" sc="13" el="932" ec="14" bec="0" bev="0" fileid="248" />
                <SequencePoint vc="0" uspid="9702" ordinal="48" offset="1480" sl="933" sc="17" el="935" ec="75" bec="0" bev="0" fileid="248" />
                <SequencePoint vc="0" uspid="9703" ordinal="49" offset="1599" sl="936" sc="17" el="936" ec="108" bec="0" bev="0" fileid="248" />
                <SequencePoint vc="1" uspid="9704" ordinal="50" offset="1610" sl="938" sc="9" el="938" ec="10" bec="0" bev="0" fileid="248" />
              </SequencePoints>
              <BranchPoints>
                <BranchPoint vc="0" uspid="9705" ordinal="0" offset="50" sl="839" path="0" offsetend="52" fileid="248" />
                <BranchPoint vc="9" uspid="9706" ordinal="1" offset="50" sl="839" path="1" offsetend="80" fileid="248" />
                <BranchPoint vc="0" uspid="9713" ordinal="8" offset="665" sl="863" path="0" offsetend="667" fileid="248" />
                <BranchPoint vc="9" uspid="9714" ordinal="9" offset="665" sl="863" path="1" offsetend="776" fileid="248" />
                <BranchPoint vc="0" uspid="9719" ordinal="14" offset="751" sl="870" path="0" offsetend="753" fileid="248" />
                <BranchPoint vc="0" uspid="9720" ordinal="15" offset="751" sl="870" path="1" offsetend="775" fileid="248" />
                <BranchPoint vc="9" uspid="9721" ordinal="16" offset="847" sl="881" path="0" offsetend="849" fileid="248" />
                <BranchPoint vc="0" uspid="9722" ordinal="17" offset="847" sl="881" path="1" offsetend="865" fileid="248" />
                <BranchPoint vc="0" uspid="9725" ordinal="20" offset="1158" sl="907" path="0" offsetend="1160" fileid="248" />
                <BranchPoint vc="1" uspid="9726" ordinal="21" offset="1158" sl="907" path="1" offsetend="1163" fileid="248" />
                <BranchPoint vc="1" uspid="9727" ordinal="22" offset="1177" sl="907" path="0" offsetend="1179" fileid="248" />
                <BranchPoint vc="0" uspid="9728" ordinal="23" offset="1177" sl="907" path="1" offsetend="1254" fileid="248" />
                <BranchPoint vc="1" uspid="9731" ordinal="26" offset="1459" sl="924" path="0" offsetend="1461" fileid="248" />
                <BranchPoint vc="7" uspid="9732" ordinal="27" offset="1459" sl="924" path="1" offsetend="1467" fileid="248" />
              </BranchPoints>
              <MethodPoint vc="9" uspid="9735" ordinal="0" offset="0" />
            </Method>
            <Method visited="true" cyclomaticComplexity="11" nPathComplexity="32" sequenceCoverage="70.27" branchCoverage="63.64" isConstructor="false" isStatic="false" isGetter="false" isSetter="false">
              <Summary numSequencePoints="37" visitedSequencePoints="26" numBranchPoints="11" visitedBranchPoints="7" sequenceCoverage="70.27" branchCoverage="63.64" maxCyclomaticComplexity="11" minCyclomaticComplexity="11" visitedClasses="0" numClasses="0" visitedMethods="1" numMethods="1" />
              <MetadataToken>100664793</MetadataToken>
              <Name>System.Int32 SportsWeb.Services.Cabinate.AmpLightService.AmpWebCabinet::DettachCircuitFromField(SportsWeb.Models.CircuitsToFieldModel)</Name>
              <FileRef uid="248" />
              <SequencePoints>
                <SequencePoint vc="9" uspid="9736" ordinal="0" offset="13" sl="941" sc="9" el="941" ec="10" bec="0" bev="0" fileid="248" />
                <SequencePoint vc="9" uspid="9737" ordinal="1" offset="14" sl="942" sc="13" el="942" ec="61" bec="0" bev="0" fileid="248" />
                <SequencePoint vc="9" uspid="9738" ordinal="2" offset="30" sl="944" sc="13" el="944" ec="14" bec="0" bev="0" fileid="248" />
                <SequencePoint vc="9" uspid="9739" ordinal="3" offset="31" sl="946" sc="17" el="946" ec="35" bec="2" bev="1" fileid="248" />
                <SequencePoint vc="0" uspid="9740" ordinal="4" offset="46" sl="947" sc="17" el="947" ec="18" bec="0" bev="0" fileid="248" />
                <SequencePoint vc="0" uspid="9741" ordinal="5" offset="47" sl="948" sc="21" el="948" ec="127" bec="0" bev="0" fileid="248" />
                <SequencePoint vc="0" uspid="9742" ordinal="6" offset="63" sl="949" sc="21" el="949" ec="96" bec="0" bev="0" fileid="248" />
                <SequencePoint vc="9" uspid="9743" ordinal="7" offset="74" sl="953" sc="24" el="953" ec="51" bec="0" bev="0" fileid="248" />
                <SequencePoint vc="9" uspid="9744" ordinal="8" offset="82" sl="954" sc="17" el="954" ec="18" bec="0" bev="0" fileid="248" />
                <SequencePoint vc="9" uspid="9745" ordinal="9" offset="83" sl="955" sc="21" el="955" ec="70" bec="0" bev="0" fileid="248" />
                <SequencePoint vc="9" uspid="9746" ordinal="10" offset="92" sl="956" sc="21" el="956" ec="98" bec="0" bev="0" fileid="248" />
                <SequencePoint vc="9" uspid="9747" ordinal="11" offset="269" sl="957" sc="17" el="957" ec="18" bec="0" bev="0" fileid="248" />
                <SequencePoint vc="9" uspid="9748" ordinal="12" offset="285" sl="959" sc="17" el="959" ec="70" bec="0" bev="0" fileid="248" />
                <SequencePoint vc="9" uspid="9749" ordinal="13" offset="298" sl="960" sc="17" el="960" ec="104" bec="0" bev="0" fileid="248" />
                <SequencePoint vc="9" uspid="9750" ordinal="14" offset="322" sl="962" sc="17" el="962" ec="36" bec="2" bev="1" fileid="248" />
                <SequencePoint vc="9" uspid="9751" ordinal="15" offset="332" sl="963" sc="21" el="963" ec="60" bec="0" bev="0" fileid="248" />
                <SequencePoint vc="9" uspid="9752" ordinal="16" offset="348" sl="965" sc="17" el="977" ec="19" bec="0" bev="0" fileid="248" />
                <SequencePoint vc="9" uspid="9753" ordinal="17" offset="521" sl="979" sc="17" el="980" ec="48" bec="0" bev="0" fileid="248" />
                <SequencePoint vc="9" uspid="9754" ordinal="18" offset="558" sl="982" sc="17" el="982" ec="72" bec="0" bev="0" fileid="248" />
                <SequencePoint vc="1" uspid="9755" ordinal="19" offset="568" sl="984" sc="17" el="984" ec="46" bec="4" bev="2" fileid="248" />
                <SequencePoint vc="1" uspid="9756" ordinal="20" offset="591" sl="985" sc="21" el="986" ec="89" bec="0" bev="0" fileid="248" />
                <SequencePoint vc="0" uspid="9757" ordinal="21" offset="666" sl="988" sc="21" el="988" ec="75" bec="0" bev="0" fileid="248" />
                <SequencePoint vc="1" uspid="9758" ordinal="22" offset="682" sl="990" sc="17" el="990" ec="51" bec="0" bev="0" fileid="248" />
                <SequencePoint vc="8" uspid="9759" ordinal="23" offset="701" sl="992" sc="13" el="992" ec="52" bec="0" bev="0" fileid="248" />
                <SequencePoint vc="8" uspid="9760" ordinal="24" offset="703" sl="993" sc="13" el="993" ec="14" bec="0" bev="0" fileid="248" />
                <SequencePoint vc="8" uspid="9761" ordinal="25" offset="704" sl="994" sc="17" el="996" ec="76" bec="0" bev="0" fileid="248" />
                <SequencePoint vc="8" uspid="9762" ordinal="26" offset="823" sl="998" sc="17" el="998" ec="63" bec="0" bev="0" fileid="248" />
                <SequencePoint vc="8" uspid="9763" ordinal="27" offset="844" sl="1000" sc="17" el="1001" ec="55" bec="0" bev="0" fileid="248" />
                <SequencePoint vc="8" uspid="9764" ordinal="28" offset="868" sl="1002" sc="17" el="1003" ec="108" bec="2" bev="2" fileid="248" />
                <SequencePoint vc="0" uspid="9765" ordinal="29" offset="885" sl="1005" sc="13" el="1005" ec="42" bec="0" bev="0" fileid="248" />
                <SequencePoint vc="0" uspid="9766" ordinal="30" offset="886" sl="1006" sc="13" el="1006" ec="14" bec="0" bev="0" fileid="248" />
                <SequencePoint vc="0" uspid="9767" ordinal="31" offset="887" sl="1007" sc="17" el="1007" ec="23" bec="0" bev="0" fileid="248" />
                <SequencePoint vc="0" uspid="9768" ordinal="32" offset="889" sl="1009" sc="13" el="1009" ec="33" bec="0" bev="0" fileid="248" />
                <SequencePoint vc="0" uspid="9769" ordinal="33" offset="891" sl="1010" sc="13" el="1010" ec="14" bec="0" bev="0" fileid="248" />
                <SequencePoint vc="0" uspid="9770" ordinal="34" offset="892" sl="1011" sc="17" el="1013" ec="75" bec="0" bev="0" fileid="248" />
                <SequencePoint vc="0" uspid="9771" ordinal="35" offset="1011" sl="1014" sc="17" el="1014" ec="108" bec="0" bev="0" fileid="248" />
                <SequencePoint vc="1" uspid="9772" ordinal="36" offset="1022" sl="1016" sc="9" el="1016" ec="10" bec="0" bev="0" fileid="248" />
              </SequencePoints>
              <BranchPoints>
                <BranchPoint vc="0" uspid="9773" ordinal="0" offset="44" sl="946" path="0" offsetend="46" fileid="248" />
                <BranchPoint vc="9" uspid="9774" ordinal="1" offset="44" sl="946" path="1" offsetend="74" fileid="248" />
                <BranchPoint vc="9" uspid="9775" ordinal="2" offset="330" sl="962" path="0" offsetend="332" fileid="248" />
                <BranchPoint vc="0" uspid="9776" ordinal="3" offset="330" sl="962" path="1" offsetend="348" fileid="248" />
                <BranchPoint vc="0" uspid="9779" ordinal="6" offset="570" sl="984" path="0" offsetend="572" fileid="248" />
                <BranchPoint vc="1" uspid="9780" ordinal="7" offset="570" sl="984" path="1" offsetend="575" fileid="248" />
                <BranchPoint vc="1" uspid="9781" ordinal="8" offset="589" sl="984" path="0" offsetend="591" fileid="248" />
                <BranchPoint vc="0" uspid="9782" ordinal="9" offset="589" sl="984" path="1" offsetend="666" fileid="248" />
                <BranchPoint vc="1" uspid="9785" ordinal="12" offset="871" sl="1002" path="0" offsetend="873" fileid="248" />
                <BranchPoint vc="7" uspid="9786" ordinal="13" offset="871" sl="1002" path="1" offsetend="879" fileid="248" />
              </BranchPoints>
              <MethodPoint vc="9" uspid="9789" ordinal="0" offset="0" />
            </Method>
            <Method visited="true" cyclomaticComplexity="16" nPathComplexity="1024" sequenceCoverage="87.32" branchCoverage="61.90" isConstructor="false" isStatic="false" isGetter="false" isSetter="false">
              <Summary numSequencePoints="71" visitedSequencePoints="62" numBranchPoints="21" visitedBranchPoints="13" sequenceCoverage="87.32" branchCoverage="61.90" maxCyclomaticComplexity="16" minCyclomaticComplexity="16" visitedClasses="0" numClasses="0" visitedMethods="1" numMethods="1" />
              <MetadataToken>100664794</MetadataToken>
              <Name>SportsWeb.Models.CircuitsAssociationForControllerModel SportsWeb.Services.Cabinate.AmpLightService.AmpWebCabinet::GetCircuitsAssociationForController(System.Guid)</Name>
              <FileRef uid="248" />
              <SequencePoints>
                <SequencePoint vc="7" uspid="9790" ordinal="0" offset="13" sl="1019" sc="9" el="1019" ec="10" bec="0" bev="0" fileid="248" />
                <SequencePoint vc="7" uspid="9791" ordinal="1" offset="14" sl="1020" sc="13" el="1020" ec="71" bec="0" bev="0" fileid="248" />
                <SequencePoint vc="7" uspid="9792" ordinal="2" offset="36" sl="1022" sc="13" el="1022" ec="14" bec="0" bev="0" fileid="248" />
                <SequencePoint vc="7" uspid="9793" ordinal="3" offset="37" sl="1023" sc="17" el="1023" ec="42" bec="2" bev="2" fileid="248" />
                <SequencePoint vc="1" uspid="9794" ordinal="4" offset="59" sl="1024" sc="17" el="1024" ec="18" bec="0" bev="0" fileid="248" />
                <SequencePoint vc="1" uspid="9795" ordinal="5" offset="60" sl="1025" sc="21" el="1025" ec="122" bec="0" bev="0" fileid="248" />
                <SequencePoint vc="1" uspid="9796" ordinal="6" offset="76" sl="1026" sc="21" el="1026" ec="96" bec="0" bev="0" fileid="248" />
                <SequencePoint vc="6" uspid="9797" ordinal="7" offset="87" sl="1030" sc="24" el="1030" ec="51" bec="0" bev="0" fileid="248" />
                <SequencePoint vc="6" uspid="9798" ordinal="8" offset="95" sl="1031" sc="17" el="1031" ec="18" bec="0" bev="0" fileid="248" />
                <SequencePoint vc="6" uspid="9799" ordinal="9" offset="96" sl="1032" sc="21" el="1032" ec="70" bec="0" bev="0" fileid="248" />
                <SequencePoint vc="6" uspid="9800" ordinal="10" offset="105" sl="1033" sc="21" el="1033" ec="92" bec="0" bev="0" fileid="248" />
                <SequencePoint vc="6" uspid="9801" ordinal="11" offset="262" sl="1034" sc="17" el="1034" ec="18" bec="0" bev="0" fileid="248" />
                <SequencePoint vc="6" uspid="9802" ordinal="12" offset="278" sl="1036" sc="17" el="1036" ec="70" bec="0" bev="0" fileid="248" />
                <SequencePoint vc="6" uspid="9803" ordinal="13" offset="291" sl="1037" sc="17" el="1037" ec="104" bec="0" bev="0" fileid="248" />
                <SequencePoint vc="6" uspid="9804" ordinal="14" offset="316" sl="1039" sc="17" el="1039" ec="36" bec="2" bev="1" fileid="248" />
                <SequencePoint vc="6" uspid="9805" ordinal="15" offset="327" sl="1040" sc="21" el="1040" ec="60" bec="0" bev="0" fileid="248" />
                <SequencePoint vc="6" uspid="9806" ordinal="16" offset="343" sl="1042" sc="17" el="1051" ec="19" bec="0" bev="0" fileid="248" />
                <SequencePoint vc="6" uspid="9807" ordinal="17" offset="400" sl="1054" sc="17" el="1058" ec="19" bec="0" bev="0" fileid="248" />
                <SequencePoint vc="6" uspid="9808" ordinal="18" offset="432" sl="1061" sc="17" el="1061" ec="101" bec="0" bev="0" fileid="248" />
                <SequencePoint vc="6" uspid="9809" ordinal="19" offset="464" sl="1063" sc="17" el="1063" ec="82" bec="2" bev="1" fileid="248" />
                <SequencePoint vc="2" uspid="9810" ordinal="20" offset="486" sl="1065" sc="17" el="1065" ec="67" bec="4" bev="3" fileid="248" />
                <SequencePoint vc="1" uspid="9811" ordinal="21" offset="516" sl="1066" sc="17" el="1066" ec="18" bec="0" bev="0" fileid="248" />
                <SequencePoint vc="1" uspid="9812" ordinal="22" offset="517" sl="1067" sc="21" el="1067" ec="85" bec="2" bev="1" fileid="248" />
                <SequencePoint vc="1" uspid="9813" ordinal="23" offset="545" sl="1068" sc="21" el="1068" ec="22" bec="0" bev="0" fileid="248" />
                <SequencePoint vc="1" uspid="9814" ordinal="24" offset="546" sl="1069" sc="25" el="1070" ec="99" bec="0" bev="0" fileid="248" />
                <SequencePoint vc="1" uspid="9815" ordinal="25" offset="590" sl="1073" sc="25" el="1073" ec="32" bec="0" bev="0" fileid="248" />
                <SequencePoint vc="1" uspid="9816" ordinal="26" offset="591" sl="1073" sc="52" el="1073" ec="103" bec="0" bev="0" fileid="248" />
                <SequencePoint vc="2" uspid="9817" ordinal="27" offset="632" sl="1073" sc="34" el="1073" ec="48" bec="0" bev="0" fileid="248" />
                <SequencePoint vc="2" uspid="9818" ordinal="28" offset="644" sl="1074" sc="25" el="1074" ec="26" bec="0" bev="0" fileid="248" />
                <SequencePoint vc="2" uspid="9819" ordinal="29" offset="645" sl="1076" sc="29" el="1077" ec="82" bec="0" bev="0" fileid="248" />
                <SequencePoint vc="2" uspid="9820" ordinal="30" offset="672" sl="1080" sc="29" el="1080" ec="57" bec="2" bev="1" fileid="248" />
                <SequencePoint vc="2" uspid="9821" ordinal="31" offset="686" sl="1081" sc="29" el="1081" ec="30" bec="0" bev="0" fileid="248" />
                <SequencePoint vc="2" uspid="9822" ordinal="32" offset="687" sl="1082" sc="33" el="1087" ec="35" bec="0" bev="0" fileid="248" />
                <SequencePoint vc="2" uspid="9823" ordinal="33" offset="732" sl="1089" sc="33" el="1089" ec="76" bec="0" bev="0" fileid="248" />
                <SequencePoint vc="2" uspid="9824" ordinal="34" offset="735" sl="1092" sc="33" el="1092" ec="34" bec="0" bev="0" fileid="248" />
                <SequencePoint vc="2" uspid="9825" ordinal="35" offset="736" sl="1093" sc="37" el="1097" ec="40" bec="0" bev="0" fileid="248" />
                <SequencePoint vc="2" uspid="9826" ordinal="36" offset="790" sl="1098" sc="33" el="1098" ec="34" bec="0" bev="0" fileid="248" />
                <SequencePoint vc="0" uspid="9827" ordinal="37" offset="793" sl="1099" sc="33" el="1099" ec="65" bec="0" bev="0" fileid="248" />
                <SequencePoint vc="0" uspid="9828" ordinal="38" offset="795" sl="1100" sc="33" el="1100" ec="34" bec="0" bev="0" fileid="248" />
                <SequencePoint vc="0" uspid="9829" ordinal="39" offset="796" sl="1101" sc="37" el="1101" ec="115" bec="2" bev="0" fileid="248" />
                <SequencePoint vc="0" uspid="9830" ordinal="40" offset="822" sl="1102" sc="37" el="1102" ec="38" bec="0" bev="0" fileid="248" />
                <SequencePoint vc="0" uspid="9831" ordinal="41" offset="823" sl="1103" sc="41" el="1103" ec="47" bec="0" bev="0" fileid="248" />
                <SequencePoint vc="0" uspid="9832" ordinal="42" offset="825" sl="1106" sc="37" el="1106" ec="38" bec="0" bev="0" fileid="248" />
                <SequencePoint vc="0" uspid="9833" ordinal="43" offset="826" sl="1107" sc="41" el="1107" ec="130" bec="0" bev="0" fileid="248" />
                <SequencePoint vc="0" uspid="9834" ordinal="44" offset="864" sl="1108" sc="37" el="1108" ec="38" bec="0" bev="0" fileid="248" />
                <SequencePoint vc="0" uspid="9835" ordinal="45" offset="865" sl="1109" sc="33" el="1109" ec="34" bec="0" bev="0" fileid="248" />
                <SequencePoint vc="2" uspid="9836" ordinal="46" offset="868" sl="1113" sc="33" el="1148" ec="45" bec="2" bev="1" fileid="248" />
                <SequencePoint vc="2" uspid="9837" ordinal="47" offset="908" sl="1150" sc="33" el="1150" ec="97" bec="0" bev="0" fileid="248" />
                <SequencePoint vc="2" uspid="9838" ordinal="48" offset="923" sl="1151" sc="29" el="1151" ec="30" bec="0" bev="0" fileid="248" />
                <SequencePoint vc="2" uspid="9839" ordinal="49" offset="924" sl="1152" sc="25" el="1152" ec="26" bec="0" bev="0" fileid="248" />
                <SequencePoint vc="3" uspid="9840" ordinal="50" offset="931" sl="1073" sc="49" el="1073" ec="51" bec="0" bev="0" fileid="248" />
                <SequencePoint vc="1" uspid="9841" ordinal="51" offset="942" sl="1153" sc="21" el="1153" ec="22" bec="0" bev="0" fileid="248" />
                <SequencePoint vc="1" uspid="9842" ordinal="52" offset="943" sl="1154" sc="17" el="1154" ec="18" bec="0" bev="0" fileid="248" />
                <SequencePoint vc="1" uspid="9843" ordinal="53" offset="946" sl="1156" sc="17" el="1156" ec="18" bec="0" bev="0" fileid="248" />
                <SequencePoint vc="1" uspid="9844" ordinal="54" offset="947" sl="1157" sc="21" el="1157" ec="82" bec="0" bev="0" fileid="248" />
                <SequencePoint vc="1" uspid="9845" ordinal="55" offset="963" sl="1158" sc="17" el="1158" ec="18" bec="0" bev="0" fileid="248" />
                <SequencePoint vc="2" uspid="9846" ordinal="56" offset="964" sl="1161" sc="17" el="1161" ec="55" bec="0" bev="0" fileid="248" />
                <SequencePoint vc="3" uspid="9847" ordinal="57" offset="973" sl="1164" sc="13" el="1164" ec="52" bec="0" bev="0" fileid="248" />
                <SequencePoint vc="3" uspid="9848" ordinal="58" offset="975" sl="1165" sc="13" el="1165" ec="14" bec="0" bev="0" fileid="248" />
                <SequencePoint vc="3" uspid="9849" ordinal="59" offset="976" sl="1166" sc="17" el="1167" ec="99" bec="0" bev="0" fileid="248" />
                <SequencePoint vc="3" uspid="9850" ordinal="60" offset="1010" sl="1168" sc="17" el="1168" ec="63" bec="0" bev="0" fileid="248" />
                <SequencePoint vc="3" uspid="9851" ordinal="61" offset="1031" sl="1170" sc="17" el="1171" ec="55" bec="0" bev="0" fileid="248" />
                <SequencePoint vc="3" uspid="9852" ordinal="62" offset="1055" sl="1172" sc="17" el="1173" ec="108" bec="2" bev="2" fileid="248" />
                <SequencePoint vc="1" uspid="9853" ordinal="63" offset="1072" sl="1175" sc="13" el="1175" ec="42" bec="0" bev="0" fileid="248" />
                <SequencePoint vc="1" uspid="9854" ordinal="64" offset="1073" sl="1176" sc="13" el="1176" ec="14" bec="0" bev="0" fileid="248" />
                <SequencePoint vc="1" uspid="9855" ordinal="65" offset="1074" sl="1177" sc="17" el="1177" ec="23" bec="0" bev="0" fileid="248" />
                <SequencePoint vc="1" uspid="9856" ordinal="66" offset="1076" sl="1179" sc="13" el="1179" ec="33" bec="0" bev="0" fileid="248" />
                <SequencePoint vc="1" uspid="9857" ordinal="67" offset="1078" sl="1180" sc="13" el="1180" ec="14" bec="0" bev="0" fileid="248" />
                <SequencePoint vc="1" uspid="9858" ordinal="68" offset="1079" sl="1181" sc="17" el="1182" ec="98" bec="0" bev="0" fileid="248" />
                <SequencePoint vc="1" uspid="9859" ordinal="69" offset="1113" sl="1183" sc="17" el="1183" ec="108" bec="0" bev="0" fileid="248" />
                <SequencePoint vc="2" uspid="9860" ordinal="70" offset="1124" sl="1186" sc="9" el="1186" ec="10" bec="0" bev="0" fileid="248" />
              </SequencePoints>
              <BranchPoints>
                <BranchPoint vc="1" uspid="9861" ordinal="0" offset="57" sl="1023" path="0" offsetend="59" fileid="248" />
                <BranchPoint vc="6" uspid="9862" ordinal="1" offset="57" sl="1023" path="1" offsetend="87" fileid="248" />
                <BranchPoint vc="6" uspid="9863" ordinal="2" offset="325" sl="1039" path="0" offsetend="327" fileid="248" />
                <BranchPoint vc="0" uspid="9864" ordinal="3" offset="325" sl="1039" path="1" offsetend="343" fileid="248" />
                <BranchPoint vc="0" uspid="9865" ordinal="4" offset="467" sl="1063" path="0" offsetend="469" fileid="248" />
                <BranchPoint vc="6" uspid="9866" ordinal="5" offset="467" sl="1063" path="1" offsetend="472" fileid="248" />
                <BranchPoint vc="0" uspid="9867" ordinal="6" offset="493" sl="1065" path="0" offsetend="495" fileid="248" />
                <BranchPoint vc="2" uspid="9868" ordinal="7" offset="493" sl="1065" path="1" offsetend="499" fileid="248" />
                <BranchPoint vc="1" uspid="9869" ordinal="8" offset="511" sl="1065" path="0" offsetend="516" fileid="248" />
                <BranchPoint vc="1" uspid="9870" ordinal="9" offset="511" sl="1065" path="1" offsetend="946" fileid="248" />
                <BranchPoint vc="1" uspid="9871" ordinal="10" offset="540" sl="1067" path="0" offsetend="545" fileid="248" />
                <BranchPoint vc="0" uspid="9872" ordinal="11" offset="540" sl="1067" path="1" offsetend="943" fileid="248" />
                <BranchPoint vc="2" uspid="9873" ordinal="12" offset="681" sl="1080" path="0" offsetend="686" fileid="248" />
                <BranchPoint vc="0" uspid="9874" ordinal="13" offset="681" sl="1080" path="1" offsetend="924" fileid="248" />
                <BranchPoint vc="0" uspid="9875" ordinal="14" offset="820" sl="1101" path="0" offsetend="822" fileid="248" />
                <BranchPoint vc="0" uspid="9876" ordinal="15" offset="820" sl="1101" path="1" offsetend="825" fileid="248" />
                <BranchPoint vc="0" uspid="9877" ordinal="16" offset="872" sl="1113" path="0" offsetend="874" fileid="248" />
                <BranchPoint vc="2" uspid="9878" ordinal="17" offset="872" sl="1113" path="1" offsetend="877" fileid="248" />
                <BranchPoint vc="1" uspid="9881" ordinal="20" offset="1058" sl="1172" path="0" offsetend="1060" fileid="248" />
                <BranchPoint vc="2" uspid="9882" ordinal="21" offset="1058" sl="1172" path="1" offsetend="1066" fileid="248" />
              </BranchPoints>
              <MethodPoint vc="7" uspid="9883" ordinal="0" offset="0" />
            </Method>
            <Method visited="true" cyclomaticComplexity="11" nPathComplexity="64" sequenceCoverage="100" branchCoverage="84.62" isConstructor="false" isStatic="false" isGetter="false" isSetter="false">
              <Summary numSequencePoints="52" visitedSequencePoints="52" numBranchPoints="13" visitedBranchPoints="11" sequenceCoverage="100" branchCoverage="84.62" maxCyclomaticComplexity="11" minCyclomaticComplexity="11" visitedClasses="0" numClasses="0" visitedMethods="1" numMethods="1" />
              <MetadataToken>100664795</MetadataToken>
              <Name>SportsWeb.Models.Models.DetectedKeypadModel SportsWeb.Services.Cabinate.AmpLightService.AmpWebCabinet::GetDetectedKeypads(System.Guid)</Name>
              <FileRef uid="249" />
              <SequencePoints>
                <SequencePoint vc="12" uspid="9884" ordinal="0" offset="13" sl="23" sc="9" el="23" ec="10" bec="0" bev="0" fileid="249" />
                <SequencePoint vc="12" uspid="9885" ordinal="1" offset="14" sl="24" sc="13" el="24" ec="30" bec="0" bev="0" fileid="249" />
                <SequencePoint vc="12" uspid="9886" ordinal="2" offset="16" sl="26" sc="13" el="26" ec="14" bec="0" bev="0" fileid="249" />
                <SequencePoint vc="12" uspid="9887" ordinal="3" offset="17" sl="27" sc="17" el="27" ec="42" bec="2" bev="2" fileid="249" />
                <SequencePoint vc="1" uspid="9888" ordinal="4" offset="39" sl="28" sc="17" el="28" ec="18" bec="0" bev="0" fileid="249" />
                <SequencePoint vc="1" uspid="9889" ordinal="5" offset="40" sl="29" sc="21" el="29" ec="106" bec="0" bev="0" fileid="249" />
                <SequencePoint vc="1" uspid="9890" ordinal="6" offset="56" sl="30" sc="21" el="30" ec="96" bec="0" bev="0" fileid="249" />
                <SequencePoint vc="11" uspid="9891" ordinal="7" offset="67" sl="33" sc="24" el="33" ec="51" bec="0" bev="0" fileid="249" />
                <SequencePoint vc="11" uspid="9892" ordinal="8" offset="75" sl="34" sc="17" el="34" ec="18" bec="0" bev="0" fileid="249" />
                <SequencePoint vc="11" uspid="9893" ordinal="9" offset="76" sl="35" sc="21" el="35" ec="70" bec="0" bev="0" fileid="249" />
                <SequencePoint vc="11" uspid="9894" ordinal="10" offset="85" sl="36" sc="21" el="36" ec="92" bec="0" bev="0" fileid="249" />
                <SequencePoint vc="10" uspid="9895" ordinal="11" offset="242" sl="37" sc="17" el="37" ec="18" bec="0" bev="0" fileid="249" />
                <SequencePoint vc="10" uspid="9896" ordinal="12" offset="258" sl="38" sc="17" el="38" ec="70" bec="0" bev="0" fileid="249" />
                <SequencePoint vc="10" uspid="9897" ordinal="13" offset="271" sl="39" sc="17" el="39" ec="104" bec="0" bev="0" fileid="249" />
                <SequencePoint vc="10" uspid="9898" ordinal="14" offset="295" sl="40" sc="17" el="40" ec="56" bec="0" bev="0" fileid="249" />
                <SequencePoint vc="10" uspid="9899" ordinal="15" offset="311" sl="41" sc="17" el="46" ec="19" bec="0" bev="0" fileid="249" />
                <SequencePoint vc="10" uspid="9900" ordinal="16" offset="352" sl="48" sc="17" el="48" ec="111" bec="0" bev="0" fileid="249" />
                <SequencePoint vc="10" uspid="9901" ordinal="17" offset="379" sl="50" sc="17" el="50" ec="73" bec="0" bev="0" fileid="249" />
                <SequencePoint vc="1" uspid="9902" ordinal="18" offset="389" sl="58" sc="17" el="58" ec="18" bec="0" bev="0" fileid="249" />
                <SequencePoint vc="1" uspid="9903" ordinal="19" offset="390" sl="59" sc="21" el="59" ec="107" bec="0" bev="0" fileid="249" />
                <SequencePoint vc="1" uspid="9904" ordinal="20" offset="425" sl="60" sc="21" el="65" ec="23" bec="0" bev="0" fileid="249" />
                <SequencePoint vc="1" uspid="9905" ordinal="21" offset="457" sl="67" sc="21" el="67" ec="28" bec="0" bev="0" fileid="249" />
                <SequencePoint vc="1" uspid="9906" ordinal="22" offset="458" sl="67" sc="46" el="67" ec="67" bec="0" bev="0" fileid="249" />
                <SequencePoint vc="3" uspid="9907" ordinal="23" offset="482" sl="67" sc="30" el="67" ec="42" bec="0" bev="0" fileid="249" />
                <SequencePoint vc="3" uspid="9908" ordinal="24" offset="494" sl="68" sc="21" el="68" ec="22" bec="0" bev="0" fileid="249" />
                <SequencePoint vc="3" uspid="9909" ordinal="25" offset="495" sl="69" sc="25" el="70" ec="85" bec="0" bev="0" fileid="249" />
                <SequencePoint vc="3" uspid="9910" ordinal="26" offset="522" sl="72" sc="25" el="72" ec="58" bec="2" bev="2" fileid="249" />
                <SequencePoint vc="2" uspid="9911" ordinal="27" offset="533" sl="73" sc="25" el="73" ec="26" bec="0" bev="0" fileid="249" />
                <SequencePoint vc="2" uspid="9912" ordinal="28" offset="534" sl="74" sc="29" el="79" ec="31" bec="0" bev="0" fileid="249" />
                <SequencePoint vc="2" uspid="9913" ordinal="29" offset="600" sl="80" sc="29" el="80" ec="85" bec="0" bev="0" fileid="249" />
                <SequencePoint vc="2" uspid="9914" ordinal="30" offset="615" sl="81" sc="25" el="81" ec="26" bec="0" bev="0" fileid="249" />
                <SequencePoint vc="3" uspid="9915" ordinal="31" offset="616" sl="82" sc="25" el="87" ec="28" bec="0" bev="0" fileid="249" />
                <SequencePoint vc="3" uspid="9916" ordinal="32" offset="696" sl="89" sc="21" el="89" ec="22" bec="0" bev="0" fileid="249" />
                <SequencePoint vc="4" uspid="9917" ordinal="33" offset="703" sl="67" sc="43" el="67" ec="45" bec="0" bev="0" fileid="249" />
                <SequencePoint vc="1" uspid="9918" ordinal="34" offset="714" sl="90" sc="21" el="90" ec="46" bec="0" bev="0" fileid="249" />
                <SequencePoint vc="9" uspid="9919" ordinal="35" offset="723" sl="94" sc="13" el="94" ec="52" bec="0" bev="0" fileid="249" />
                <SequencePoint vc="9" uspid="9920" ordinal="36" offset="725" sl="95" sc="13" el="95" ec="14" bec="0" bev="0" fileid="249" />
                <SequencePoint vc="9" uspid="9921" ordinal="37" offset="726" sl="96" sc="17" el="97" ec="49" bec="2" bev="1" fileid="249" />
                <SequencePoint vc="9" uspid="9922" ordinal="38" offset="761" sl="98" sc="17" el="98" ec="63" bec="0" bev="0" fileid="249" />
                <SequencePoint vc="9" uspid="9923" ordinal="39" offset="782" sl="99" sc="17" el="99" ec="88" bec="2" bev="2" fileid="249" />
                <SequencePoint vc="1" uspid="9924" ordinal="40" offset="809" sl="100" sc="17" el="100" ec="18" bec="0" bev="0" fileid="249" />
                <SequencePoint vc="1" uspid="9925" ordinal="41" offset="810" sl="101" sc="21" el="106" ec="23" bec="0" bev="0" fileid="249" />
                <SequencePoint vc="8" uspid="9926" ordinal="42" offset="844" sl="109" sc="17" el="109" ec="156" bec="0" bev="0" fileid="249" />
                <SequencePoint vc="8" uspid="9927" ordinal="43" offset="868" sl="112" sc="17" el="112" ec="105" bec="2" bev="2" fileid="249" />
                <SequencePoint vc="1" uspid="9928" ordinal="44" offset="885" sl="114" sc="13" el="114" ec="42" bec="0" bev="0" fileid="249" />
                <SequencePoint vc="1" uspid="9929" ordinal="45" offset="886" sl="115" sc="13" el="115" ec="14" bec="0" bev="0" fileid="249" />
                <SequencePoint vc="1" uspid="9930" ordinal="46" offset="887" sl="116" sc="17" el="116" ec="23" bec="0" bev="0" fileid="249" />
                <SequencePoint vc="1" uspid="9931" ordinal="47" offset="889" sl="118" sc="13" el="118" ec="33" bec="0" bev="0" fileid="249" />
                <SequencePoint vc="1" uspid="9932" ordinal="48" offset="891" sl="119" sc="13" el="119" ec="14" bec="0" bev="0" fileid="249" />
                <SequencePoint vc="1" uspid="9933" ordinal="49" offset="892" sl="120" sc="17" el="120" ec="109" bec="2" bev="1" fileid="249" />
                <SequencePoint vc="1" uspid="9934" ordinal="50" offset="927" sl="121" sc="17" el="121" ec="96" bec="0" bev="0" fileid="249" />
                <SequencePoint vc="2" uspid="9935" ordinal="51" offset="938" sl="123" sc="9" el="123" ec="10" bec="0" bev="0" fileid="249" />
              </SequencePoints>
              <BranchPoints>
                <BranchPoint vc="1" uspid="9936" ordinal="0" offset="37" sl="27" path="0" offsetend="39" fileid="249" />
                <BranchPoint vc="11" uspid="9937" ordinal="1" offset="37" sl="27" path="1" offsetend="67" fileid="249" />
                <BranchPoint vc="2" uspid="9938" ordinal="2" offset="531" sl="72" path="0" offsetend="533" fileid="249" />
                <BranchPoint vc="1" uspid="9939" ordinal="3" offset="531" sl="72" path="1" offsetend="616" fileid="249" />
                <BranchPoint vc="0" uspid="9942" ordinal="6" offset="737" sl="96" path="0" offsetend="739" fileid="249" />
                <BranchPoint vc="9" uspid="9943" ordinal="7" offset="737" sl="96" path="1" offsetend="742" fileid="249" />
                <BranchPoint vc="1" uspid="9944" ordinal="8" offset="807" sl="99" path="0" offsetend="809" fileid="249" />
                <BranchPoint vc="8" uspid="9945" ordinal="9" offset="807" sl="99" path="1" offsetend="844" fileid="249" />
                <BranchPoint vc="1" uspid="9946" ordinal="10" offset="871" sl="112" path="0" offsetend="873" fileid="249" />
                <BranchPoint vc="7" uspid="9947" ordinal="11" offset="871" sl="112" path="1" offsetend="879" fileid="249" />
                <BranchPoint vc="1" uspid="9948" ordinal="12" offset="903" sl="120" path="0" offsetend="905" fileid="249" />
                <BranchPoint vc="0" uspid="9949" ordinal="13" offset="903" sl="120" path="1" offsetend="908" fileid="249" />
              </BranchPoints>
              <MethodPoint vc="12" uspid="9950" ordinal="0" offset="0" />
            </Method>
            <Method visited="true" cyclomaticComplexity="9" nPathComplexity="64" sequenceCoverage="88.10" branchCoverage="69.23" isConstructor="false" isStatic="false" isGetter="false" isSetter="false">
              <Summary numSequencePoints="42" visitedSequencePoints="37" numBranchPoints="13" visitedBranchPoints="9" sequenceCoverage="88.10" branchCoverage="69.23" maxCyclomaticComplexity="9" minCyclomaticComplexity="9" visitedClasses="0" numClasses="0" visitedMethods="1" numMethods="1" />
              <MetadataToken>100664796</MetadataToken>
              <Name>System.Int32 SportsWeb.Services.Cabinate.AmpLightService.AmpWebCabinet::AssociateKeypadToField(SportsWeb.Models.Models.KeypadToFieldAssociationModel)</Name>
              <FileRef uid="249" />
              <SequencePoints>
                <SequencePoint vc="19" uspid="9951" ordinal="0" offset="13" sl="126" sc="9" el="126" ec="10" bec="0" bev="0" fileid="249" />
                <SequencePoint vc="19" uspid="9952" ordinal="1" offset="14" sl="127" sc="13" el="127" ec="58" bec="0" bev="0" fileid="249" />
                <SequencePoint vc="19" uspid="9953" ordinal="2" offset="30" sl="129" sc="13" el="129" ec="14" bec="0" bev="0" fileid="249" />
                <SequencePoint vc="19" uspid="9954" ordinal="3" offset="31" sl="131" sc="17" el="131" ec="35" bec="2" bev="2" fileid="249" />
                <SequencePoint vc="1" uspid="9955" ordinal="4" offset="46" sl="132" sc="17" el="132" ec="18" bec="0" bev="0" fileid="249" />
                <SequencePoint vc="1" uspid="9956" ordinal="5" offset="47" sl="133" sc="21" el="133" ec="137" bec="0" bev="0" fileid="249" />
                <SequencePoint vc="1" uspid="9957" ordinal="6" offset="63" sl="134" sc="21" el="134" ec="96" bec="0" bev="0" fileid="249" />
                <SequencePoint vc="18" uspid="9958" ordinal="7" offset="74" sl="139" sc="24" el="139" ec="51" bec="0" bev="0" fileid="249" />
                <SequencePoint vc="18" uspid="9959" ordinal="8" offset="82" sl="140" sc="17" el="140" ec="18" bec="0" bev="0" fileid="249" />
                <SequencePoint vc="18" uspid="9960" ordinal="9" offset="83" sl="141" sc="21" el="141" ec="70" bec="0" bev="0" fileid="249" />
                <SequencePoint vc="18" uspid="9961" ordinal="10" offset="92" sl="142" sc="21" el="142" ec="98" bec="0" bev="0" fileid="249" />
                <SequencePoint vc="17" uspid="9962" ordinal="11" offset="269" sl="144" sc="17" el="144" ec="18" bec="0" bev="0" fileid="249" />
                <SequencePoint vc="17" uspid="9963" ordinal="12" offset="285" sl="146" sc="17" el="146" ec="70" bec="0" bev="0" fileid="249" />
                <SequencePoint vc="17" uspid="9964" ordinal="13" offset="298" sl="147" sc="17" el="147" ec="104" bec="0" bev="0" fileid="249" />
                <SequencePoint vc="17" uspid="9965" ordinal="14" offset="322" sl="149" sc="17" el="149" ec="36" bec="2" bev="1" fileid="249" />
                <SequencePoint vc="17" uspid="9966" ordinal="15" offset="332" sl="150" sc="21" el="150" ec="60" bec="0" bev="0" fileid="249" />
                <SequencePoint vc="17" uspid="9967" ordinal="16" offset="348" sl="154" sc="17" el="208" ec="19" bec="0" bev="0" fileid="249" />
                <SequencePoint vc="17" uspid="9968" ordinal="17" offset="702" sl="210" sc="17" el="212" ec="52" bec="0" bev="0" fileid="249" />
                <SequencePoint vc="17" uspid="9969" ordinal="18" offset="773" sl="214" sc="17" el="214" ec="73" bec="0" bev="0" fileid="249" />
                <SequencePoint vc="1" uspid="9970" ordinal="19" offset="783" sl="216" sc="17" el="216" ec="46" bec="4" bev="2" fileid="249" />
                <SequencePoint vc="1" uspid="9971" ordinal="20" offset="806" sl="217" sc="21" el="218" ec="89" bec="0" bev="0" fileid="249" />
                <SequencePoint vc="0" uspid="9972" ordinal="21" offset="881" sl="220" sc="17" el="220" ec="18" bec="0" bev="0" fileid="249" />
                <SequencePoint vc="0" uspid="9973" ordinal="22" offset="882" sl="221" sc="21" el="221" ec="78" bec="0" bev="0" fileid="249" />
                <SequencePoint vc="0" uspid="9974" ordinal="23" offset="898" sl="222" sc="21" el="222" ec="113" bec="0" bev="0" fileid="249" />
                <SequencePoint vc="1" uspid="9975" ordinal="24" offset="909" sl="224" sc="17" el="224" ec="100" bec="2" bev="1" fileid="249" />
                <SequencePoint vc="0" uspid="9976" ordinal="25" offset="930" sl="225" sc="17" el="225" ec="18" bec="0" bev="0" fileid="249" />
                <SequencePoint vc="0" uspid="9977" ordinal="26" offset="931" sl="227" sc="21" el="227" ec="113" bec="0" bev="0" fileid="249" />
                <SequencePoint vc="1" uspid="9978" ordinal="27" offset="942" sl="231" sc="17" el="231" ec="67" bec="0" bev="0" fileid="249" />
                <SequencePoint vc="16" uspid="9979" ordinal="28" offset="960" sl="234" sc="13" el="234" ec="52" bec="0" bev="0" fileid="249" />
                <SequencePoint vc="16" uspid="9980" ordinal="29" offset="962" sl="235" sc="13" el="235" ec="14" bec="0" bev="0" fileid="249" />
                <SequencePoint vc="16" uspid="9981" ordinal="30" offset="963" sl="236" sc="17" el="237" ec="97" bec="0" bev="0" fileid="249" />
                <SequencePoint vc="16" uspid="9982" ordinal="31" offset="997" sl="238" sc="17" el="238" ec="63" bec="0" bev="0" fileid="249" />
                <SequencePoint vc="16" uspid="9983" ordinal="32" offset="1018" sl="240" sc="17" el="241" ec="55" bec="0" bev="0" fileid="249" />
                <SequencePoint vc="16" uspid="9984" ordinal="33" offset="1042" sl="242" sc="17" el="243" ec="109" bec="2" bev="2" fileid="249" />
                <SequencePoint vc="1" uspid="9985" ordinal="34" offset="1059" sl="245" sc="13" el="245" ec="42" bec="0" bev="0" fileid="249" />
                <SequencePoint vc="1" uspid="9986" ordinal="35" offset="1060" sl="246" sc="13" el="246" ec="14" bec="0" bev="0" fileid="249" />
                <SequencePoint vc="1" uspid="9987" ordinal="36" offset="1061" sl="247" sc="17" el="247" ec="23" bec="0" bev="0" fileid="249" />
                <SequencePoint vc="1" uspid="9988" ordinal="37" offset="1063" sl="249" sc="13" el="249" ec="33" bec="0" bev="0" fileid="249" />
                <SequencePoint vc="1" uspid="9989" ordinal="38" offset="1065" sl="250" sc="13" el="250" ec="14" bec="0" bev="0" fileid="249" />
                <SequencePoint vc="1" uspid="9990" ordinal="39" offset="1066" sl="251" sc="17" el="252" ec="100" bec="0" bev="0" fileid="249" />
                <SequencePoint vc="1" uspid="9991" ordinal="40" offset="1100" sl="253" sc="17" el="253" ec="109" bec="0" bev="0" fileid="249" />
                <SequencePoint vc="1" uspid="9992" ordinal="41" offset="1111" sl="255" sc="9" el="255" ec="10" bec="0" bev="0" fileid="249" />
              </SequencePoints>
              <BranchPoints>
                <BranchPoint vc="1" uspid="9993" ordinal="0" offset="44" sl="131" path="0" offsetend="46" fileid="249" />
                <BranchPoint vc="18" uspid="9994" ordinal="1" offset="44" sl="131" path="1" offsetend="74" fileid="249" />
                <BranchPoint vc="17" uspid="9995" ordinal="2" offset="330" sl="149" path="0" offsetend="332" fileid="249" />
                <BranchPoint vc="0" uspid="9996" ordinal="3" offset="330" sl="149" path="1" offsetend="348" fileid="249" />
                <BranchPoint vc="0" uspid="9997" ordinal="4" offset="785" sl="216" path="0" offsetend="787" fileid="249" />
                <BranchPoint vc="1" uspid="9998" ordinal="5" offset="785" sl="216" path="1" offsetend="790" fileid="249" />
                <BranchPoint vc="1" uspid="9999" ordinal="6" offset="804" sl="216" path="0" offsetend="806" fileid="249" />
                <BranchPoint vc="0" uspid="10000" ordinal="7" offset="804" sl="216" path="1" offsetend="881" fileid="249" />
                <BranchPoint vc="0" uspid="10001" ordinal="8" offset="928" sl="224" path="0" offsetend="930" fileid="249" />
                <BranchPoint vc="1" uspid="10002" ordinal="9" offset="928" sl="224" path="1" offsetend="942" fileid="249" />
                <BranchPoint vc="1" uspid="10003" ordinal="10" offset="1045" sl="242" path="0" offsetend="1047" fileid="249" />
                <BranchPoint vc="15" uspid="10004" ordinal="11" offset="1045" sl="242" path="1" offsetend="1053" fileid="249" />
              </BranchPoints>
              <MethodPoint vc="19" uspid="10005" ordinal="0" offset="0" />
            </Method>
            <Method visited="true" cyclomaticComplexity="9" nPathComplexity="64" sequenceCoverage="88.10" branchCoverage="69.23" isConstructor="false" isStatic="false" isGetter="false" isSetter="false">
              <Summary numSequencePoints="42" visitedSequencePoints="37" numBranchPoints="13" visitedBranchPoints="9" sequenceCoverage="88.10" branchCoverage="69.23" maxCyclomaticComplexity="9" minCyclomaticComplexity="9" visitedClasses="0" numClasses="0" visitedMethods="1" numMethods="1" />
              <MetadataToken>100664797</MetadataToken>
              <Name>System.Int32 SportsWeb.Services.Cabinate.AmpLightService.AmpWebCabinet::DisassociateKeypadFromField(SportsWeb.Models.Models.KeypadToFieldAssociationModel)</Name>
              <FileRef uid="249" />
              <SequencePoints>
                <SequencePoint vc="15" uspid="10006" ordinal="0" offset="13" sl="258" sc="9" el="258" ec="10" bec="0" bev="0" fileid="249" />
                <SequencePoint vc="15" uspid="10007" ordinal="1" offset="14" sl="259" sc="13" el="259" ec="63" bec="0" bev="0" fileid="249" />
                <SequencePoint vc="15" uspid="10008" ordinal="2" offset="30" sl="261" sc="13" el="261" ec="14" bec="0" bev="0" fileid="249" />
                <SequencePoint vc="15" uspid="10009" ordinal="3" offset="31" sl="263" sc="17" el="263" ec="35" bec="2" bev="2" fileid="249" />
                <SequencePoint vc="1" uspid="10010" ordinal="4" offset="46" sl="264" sc="17" el="264" ec="18" bec="0" bev="0" fileid="249" />
                <SequencePoint vc="1" uspid="10011" ordinal="5" offset="47" sl="265" sc="21" el="265" ec="142" bec="0" bev="0" fileid="249" />
                <SequencePoint vc="1" uspid="10012" ordinal="6" offset="63" sl="266" sc="21" el="266" ec="96" bec="0" bev="0" fileid="249" />
                <SequencePoint vc="14" uspid="10013" ordinal="7" offset="74" sl="271" sc="24" el="271" ec="51" bec="0" bev="0" fileid="249" />
                <SequencePoint vc="14" uspid="10014" ordinal="8" offset="82" sl="272" sc="17" el="272" ec="18" bec="0" bev="0" fileid="249" />
                <SequencePoint vc="14" uspid="10015" ordinal="9" offset="83" sl="273" sc="21" el="273" ec="70" bec="0" bev="0" fileid="249" />
                <SequencePoint vc="14" uspid="10016" ordinal="10" offset="92" sl="274" sc="21" el="274" ec="98" bec="0" bev="0" fileid="249" />
                <SequencePoint vc="13" uspid="10017" ordinal="11" offset="269" sl="276" sc="17" el="276" ec="18" bec="0" bev="0" fileid="249" />
                <SequencePoint vc="13" uspid="10018" ordinal="12" offset="285" sl="278" sc="17" el="278" ec="70" bec="0" bev="0" fileid="249" />
                <SequencePoint vc="13" uspid="10019" ordinal="13" offset="298" sl="279" sc="17" el="279" ec="104" bec="0" bev="0" fileid="249" />
                <SequencePoint vc="13" uspid="10020" ordinal="14" offset="322" sl="281" sc="17" el="281" ec="36" bec="2" bev="1" fileid="249" />
                <SequencePoint vc="13" uspid="10021" ordinal="15" offset="332" sl="282" sc="21" el="282" ec="60" bec="0" bev="0" fileid="249" />
                <SequencePoint vc="13" uspid="10022" ordinal="16" offset="348" sl="285" sc="17" el="293" ec="19" bec="0" bev="0" fileid="249" />
                <SequencePoint vc="13" uspid="10023" ordinal="17" offset="438" sl="295" sc="17" el="297" ec="51" bec="0" bev="0" fileid="249" />
                <SequencePoint vc="13" uspid="10024" ordinal="18" offset="509" sl="299" sc="17" el="299" ec="78" bec="0" bev="0" fileid="249" />
                <SequencePoint vc="1" uspid="10025" ordinal="19" offset="519" sl="301" sc="17" el="301" ec="46" bec="4" bev="2" fileid="249" />
                <SequencePoint vc="1" uspid="10026" ordinal="20" offset="542" sl="302" sc="21" el="303" ec="89" bec="0" bev="0" fileid="249" />
                <SequencePoint vc="0" uspid="10027" ordinal="21" offset="617" sl="305" sc="17" el="305" ec="18" bec="0" bev="0" fileid="249" />
                <SequencePoint vc="0" uspid="10028" ordinal="22" offset="618" sl="306" sc="21" el="306" ec="78" bec="0" bev="0" fileid="249" />
                <SequencePoint vc="0" uspid="10029" ordinal="23" offset="634" sl="307" sc="21" el="307" ec="118" bec="0" bev="0" fileid="249" />
                <SequencePoint vc="1" uspid="10030" ordinal="24" offset="645" sl="309" sc="17" el="309" ec="105" bec="2" bev="1" fileid="249" />
                <SequencePoint vc="0" uspid="10031" ordinal="25" offset="666" sl="310" sc="17" el="310" ec="18" bec="0" bev="0" fileid="249" />
                <SequencePoint vc="0" uspid="10032" ordinal="26" offset="667" sl="312" sc="21" el="312" ec="113" bec="0" bev="0" fileid="249" />
                <SequencePoint vc="1" uspid="10033" ordinal="27" offset="678" sl="316" sc="17" el="316" ec="70" bec="0" bev="0" fileid="249" />
                <SequencePoint vc="12" uspid="10034" ordinal="28" offset="696" sl="319" sc="13" el="319" ec="52" bec="0" bev="0" fileid="249" />
                <SequencePoint vc="12" uspid="10035" ordinal="29" offset="698" sl="320" sc="13" el="320" ec="14" bec="0" bev="0" fileid="249" />
                <SequencePoint vc="12" uspid="10036" ordinal="30" offset="699" sl="321" sc="17" el="322" ec="97" bec="0" bev="0" fileid="249" />
                <SequencePoint vc="12" uspid="10037" ordinal="31" offset="733" sl="323" sc="17" el="323" ec="63" bec="0" bev="0" fileid="249" />
                <SequencePoint vc="12" uspid="10038" ordinal="32" offset="754" sl="325" sc="17" el="326" ec="55" bec="0" bev="0" fileid="249" />
                <SequencePoint vc="12" uspid="10039" ordinal="33" offset="778" sl="327" sc="17" el="328" ec="114" bec="2" bev="2" fileid="249" />
                <SequencePoint vc="1" uspid="10040" ordinal="34" offset="795" sl="330" sc="13" el="330" ec="42" bec="0" bev="0" fileid="249" />
                <SequencePoint vc="1" uspid="10041" ordinal="35" offset="796" sl="331" sc="13" el="331" ec="14" bec="0" bev="0" fileid="249" />
                <SequencePoint vc="1" uspid="10042" ordinal="36" offset="797" sl="332" sc="17" el="332" ec="23" bec="0" bev="0" fileid="249" />
                <SequencePoint vc="1" uspid="10043" ordinal="37" offset="799" sl="334" sc="13" el="334" ec="33" bec="0" bev="0" fileid="249" />
                <SequencePoint vc="1" uspid="10044" ordinal="38" offset="801" sl="335" sc="13" el="335" ec="14" bec="0" bev="0" fileid="249" />
                <SequencePoint vc="1" uspid="10045" ordinal="39" offset="802" sl="336" sc="17" el="337" ec="100" bec="0" bev="0" fileid="249" />
                <SequencePoint vc="1" uspid="10046" ordinal="40" offset="836" sl="338" sc="17" el="338" ec="114" bec="0" bev="0" fileid="249" />
                <SequencePoint vc="1" uspid="10047" ordinal="41" offset="847" sl="340" sc="9" el="340" ec="10" bec="0" bev="0" fileid="249" />
              </SequencePoints>
              <BranchPoints>
                <BranchPoint vc="1" uspid="10048" ordinal="0" offset="44" sl="263" path="0" offsetend="46" fileid="249" />
                <BranchPoint vc="14" uspid="10049" ordinal="1" offset="44" sl="263" path="1" offsetend="74" fileid="249" />
                <BranchPoint vc="13" uspid="10050" ordinal="2" offset="330" sl="281" path="0" offsetend="332" fileid="249" />
                <BranchPoint vc="0" uspid="10051" ordinal="3" offset="330" sl="281" path="1" offsetend="348" fileid="249" />
                <BranchPoint vc="0" uspid="10052" ordinal="4" offset="521" sl="301" path="0" offsetend="523" fileid="249" />
                <BranchPoint vc="1" uspid="10053" ordinal="5" offset="521" sl="301" path="1" offsetend="526" fileid="249" />
                <BranchPoint vc="1" uspid="10054" ordinal="6" offset="540" sl="301" path="0" offsetend="542" fileid="249" />
                <BranchPoint vc="0" uspid="10055" ordinal="7" offset="540" sl="301" path="1" offsetend="617" fileid="249" />
                <BranchPoint vc="0" uspid="10056" ordinal="8" offset="664" sl="309" path="0" offsetend="666" fileid="249" />
                <BranchPoint vc="1" uspid="10057" ordinal="9" offset="664" sl="309" path="1" offsetend="678" fileid="249" />
                <BranchPoint vc="1" uspid="10058" ordinal="10" offset="781" sl="327" path="0" offsetend="783" fileid="249" />
                <BranchPoint vc="11" uspid="10059" ordinal="11" offset="781" sl="327" path="1" offsetend="789" fileid="249" />
              </BranchPoints>
              <MethodPoint vc="15" uspid="10060" ordinal="0" offset="0" />
            </Method>
            <Method visited="true" cyclomaticComplexity="17" nPathComplexity="512" sequenceCoverage="100" branchCoverage="73.68" isConstructor="false" isStatic="false" isGetter="false" isSetter="false">
              <Summary numSequencePoints="61" visitedSequencePoints="61" numBranchPoints="19" visitedBranchPoints="14" sequenceCoverage="100" branchCoverage="73.68" maxCyclomaticComplexity="17" minCyclomaticComplexity="17" visitedClasses="0" numClasses="0" visitedMethods="1" numMethods="1" />
              <MetadataToken>100664798</MetadataToken>
              <Name>System.Collections.Generic.List`1&lt;SportsWeb.Models.Models.AssociatedPushButtonForControllerModel&gt; SportsWeb.Services.Cabinate.AmpLightService.AmpWebCabinet::GetAssociatedPushButtonForController(System.Guid,System.Int64)</Name>
              <FileRef uid="250" />
              <SequencePoints>
                <SequencePoint vc="14" uspid="10061" ordinal="0" offset="13" sl="25" sc="9" el="25" ec="10" bec="0" bev="0" fileid="250" />
                <SequencePoint vc="14" uspid="10062" ordinal="1" offset="14" sl="26" sc="13" el="26" ec="72" bec="0" bev="0" fileid="250" />
                <SequencePoint vc="14" uspid="10063" ordinal="2" offset="30" sl="28" sc="13" el="28" ec="14" bec="0" bev="0" fileid="250" />
                <SequencePoint vc="14" uspid="10064" ordinal="3" offset="31" sl="30" sc="17" el="30" ec="67" bec="2" bev="2" fileid="250" />
                <SequencePoint vc="1" uspid="10065" ordinal="4" offset="63" sl="31" sc="17" el="31" ec="18" bec="0" bev="0" fileid="250" />
                <SequencePoint vc="1" uspid="10066" ordinal="5" offset="64" sl="32" sc="21" el="34" ec="81" bec="0" bev="0" fileid="250" />
                <SequencePoint vc="1" uspid="10067" ordinal="6" offset="125" sl="35" sc="21" el="35" ec="96" bec="0" bev="0" fileid="250" />
                <SequencePoint vc="13" uspid="10068" ordinal="7" offset="136" sl="39" sc="24" el="39" ec="51" bec="0" bev="0" fileid="250" />
                <SequencePoint vc="13" uspid="10069" ordinal="8" offset="144" sl="40" sc="17" el="40" ec="18" bec="0" bev="0" fileid="250" />
                <SequencePoint vc="13" uspid="10070" ordinal="9" offset="145" sl="41" sc="21" el="41" ec="70" bec="0" bev="0" fileid="250" />
                <SequencePoint vc="13" uspid="10071" ordinal="10" offset="154" sl="42" sc="21" el="42" ec="92" bec="0" bev="0" fileid="250" />
                <SequencePoint vc="12" uspid="10072" ordinal="11" offset="311" sl="44" sc="17" el="44" ec="18" bec="0" bev="0" fileid="250" />
                <SequencePoint vc="12" uspid="10073" ordinal="12" offset="327" sl="46" sc="17" el="46" ec="70" bec="0" bev="0" fileid="250" />
                <SequencePoint vc="12" uspid="10074" ordinal="13" offset="340" sl="47" sc="17" el="47" ec="104" bec="0" bev="0" fileid="250" />
                <SequencePoint vc="12" uspid="10075" ordinal="14" offset="364" sl="49" sc="17" el="49" ec="36" bec="2" bev="1" fileid="250" />
                <SequencePoint vc="12" uspid="10076" ordinal="15" offset="374" sl="50" sc="21" el="50" ec="60" bec="0" bev="0" fileid="250" />
                <SequencePoint vc="12" uspid="10077" ordinal="16" offset="390" sl="52" sc="17" el="59" ec="19" bec="0" bev="0" fileid="250" />
                <SequencePoint vc="12" uspid="10078" ordinal="17" offset="447" sl="61" sc="17" el="61" ec="127" bec="0" bev="0" fileid="250" />
                <SequencePoint vc="12" uspid="10079" ordinal="18" offset="474" sl="62" sc="17" el="62" ec="80" bec="2" bev="1" fileid="250" />
                <SequencePoint vc="2" uspid="10080" ordinal="19" offset="490" sl="64" sc="17" el="64" ec="54" bec="4" bev="3" fileid="250" />
                <SequencePoint vc="1" uspid="10081" ordinal="20" offset="516" sl="65" sc="17" el="65" ec="18" bec="0" bev="0" fileid="250" />
                <SequencePoint vc="1" uspid="10082" ordinal="21" offset="517" sl="66" sc="21" el="66" ec="116" bec="0" bev="0" fileid="250" />
                <SequencePoint vc="1" uspid="10083" ordinal="22" offset="524" sl="67" sc="21" el="67" ec="117" bec="2" bev="1" fileid="250" />
                <SequencePoint vc="1" uspid="10084" ordinal="23" offset="566" sl="68" sc="21" el="68" ec="22" bec="0" bev="0" fileid="250" />
                <SequencePoint vc="1" uspid="10085" ordinal="24" offset="567" sl="69" sc="25" el="70" ec="114" bec="0" bev="0" fileid="250" />
                <SequencePoint vc="1" uspid="10086" ordinal="25" offset="613" sl="73" sc="25" el="73" ec="32" bec="0" bev="0" fileid="250" />
                <SequencePoint vc="1" uspid="10087" ordinal="26" offset="614" sl="73" sc="52" el="73" ec="86" bec="0" bev="0" fileid="250" />
                <SequencePoint vc="2" uspid="10088" ordinal="27" offset="636" sl="73" sc="34" el="73" ec="48" bec="0" bev="0" fileid="250" />
                <SequencePoint vc="2" uspid="10089" ordinal="28" offset="643" sl="74" sc="25" el="74" ec="26" bec="0" bev="0" fileid="250" />
                <SequencePoint vc="2" uspid="10090" ordinal="29" offset="644" sl="75" sc="29" el="81" ec="31" bec="0" bev="0" fileid="250" />
                <SequencePoint vc="2" uspid="10091" ordinal="30" offset="698" sl="82" sc="29" el="82" ec="70" bec="2" bev="1" fileid="250" />
                <SequencePoint vc="2" uspid="10092" ordinal="31" offset="714" sl="83" sc="29" el="83" ec="30" bec="0" bev="0" fileid="250" />
                <SequencePoint vc="2" uspid="10093" ordinal="32" offset="715" sl="84" sc="33" el="84" ec="133" bec="0" bev="0" fileid="250" />
                <SequencePoint vc="2" uspid="10094" ordinal="33" offset="742" sl="85" sc="33" el="85" ec="106" bec="0" bev="0" fileid="250" />
                <SequencePoint vc="2" uspid="10095" ordinal="34" offset="764" sl="86" sc="33" el="90" ec="45" bec="0" bev="0" fileid="250" />
                <SequencePoint vc="2" uspid="10096" ordinal="35" offset="820" sl="91" sc="29" el="91" ec="30" bec="0" bev="0" fileid="250" />
                <SequencePoint vc="2" uspid="10097" ordinal="36" offset="821" sl="92" sc="29" el="92" ec="93" bec="0" bev="0" fileid="250" />
                <SequencePoint vc="2" uspid="10098" ordinal="37" offset="831" sl="94" sc="25" el="94" ec="26" bec="0" bev="0" fileid="250" />
                <SequencePoint vc="3" uspid="10099" ordinal="38" offset="838" sl="73" sc="49" el="73" ec="51" bec="0" bev="0" fileid="250" />
                <SequencePoint vc="1" uspid="10100" ordinal="39" offset="849" sl="95" sc="21" el="95" ec="22" bec="0" bev="0" fileid="250" />
                <SequencePoint vc="1" uspid="10101" ordinal="40" offset="850" sl="96" sc="21" el="96" ec="66" bec="0" bev="0" fileid="250" />
                <SequencePoint vc="1" uspid="10102" ordinal="41" offset="859" sl="99" sc="17" el="99" ec="18" bec="0" bev="0" fileid="250" />
                <SequencePoint vc="1" uspid="10103" ordinal="42" offset="860" sl="100" sc="21" el="100" ec="140" bec="0" bev="0" fileid="250" />
                <SequencePoint vc="1" uspid="10104" ordinal="43" offset="892" sl="101" sc="21" el="101" ec="114" bec="0" bev="0" fileid="250" />
                <SequencePoint vc="10" uspid="10105" ordinal="44" offset="903" sl="106" sc="13" el="106" ec="52" bec="0" bev="0" fileid="250" />
                <SequencePoint vc="10" uspid="10106" ordinal="45" offset="905" sl="107" sc="13" el="107" ec="14" bec="0" bev="0" fileid="250" />
                <SequencePoint vc="10" uspid="10107" ordinal="46" offset="906" sl="108" sc="17" el="109" ec="125" bec="0" bev="0" fileid="250" />
                <SequencePoint vc="10" uspid="10108" ordinal="47" offset="935" sl="110" sc="17" el="110" ec="63" bec="0" bev="0" fileid="250" />
                <SequencePoint vc="10" uspid="10109" ordinal="48" offset="956" sl="113" sc="17" el="113" ec="111" bec="2" bev="2" fileid="250" />
                <SequencePoint vc="1" uspid="10110" ordinal="49" offset="976" sl="114" sc="17" el="114" ec="18" bec="0" bev="0" fileid="250" />
                <SequencePoint vc="1" uspid="10111" ordinal="50" offset="977" sl="115" sc="21" el="115" ec="79" bec="0" bev="0" fileid="250" />
                <SequencePoint vc="9" uspid="10112" ordinal="51" offset="986" sl="118" sc="17" el="120" ec="55" bec="0" bev="0" fileid="250" />
                <SequencePoint vc="9" uspid="10113" ordinal="52" offset="1010" sl="121" sc="17" el="122" ec="110" bec="2" bev="2" fileid="250" />
                <SequencePoint vc="2" uspid="10114" ordinal="53" offset="1027" sl="124" sc="13" el="124" ec="42" bec="0" bev="0" fileid="250" />
                <SequencePoint vc="2" uspid="10115" ordinal="54" offset="1028" sl="125" sc="13" el="125" ec="14" bec="0" bev="0" fileid="250" />
                <SequencePoint vc="2" uspid="10116" ordinal="55" offset="1029" sl="126" sc="17" el="126" ec="23" bec="0" bev="0" fileid="250" />
                <SequencePoint vc="1" uspid="10117" ordinal="56" offset="1031" sl="128" sc="13" el="128" ec="33" bec="0" bev="0" fileid="250" />
                <SequencePoint vc="1" uspid="10118" ordinal="57" offset="1033" sl="129" sc="13" el="129" ec="14" bec="0" bev="0" fileid="250" />
                <SequencePoint vc="1" uspid="10119" ordinal="58" offset="1034" sl="130" sc="17" el="131" ec="124" bec="0" bev="0" fileid="250" />
                <SequencePoint vc="1" uspid="10120" ordinal="59" offset="1063" sl="132" sc="17" el="132" ec="110" bec="0" bev="0" fileid="250" />
                <SequencePoint vc="2" uspid="10121" ordinal="60" offset="1074" sl="134" sc="9" el="134" ec="10" bec="0" bev="0" fileid="250" />
              </SequencePoints>
              <BranchPoints>
                <BranchPoint vc="1" uspid="10124" ordinal="2" offset="61" sl="30" path="0" offsetend="63" fileid="250" />
                <BranchPoint vc="13" uspid="10125" ordinal="3" offset="61" sl="30" path="1" offsetend="136" fileid="250" />
                <BranchPoint vc="12" uspid="10126" ordinal="4" offset="372" sl="49" path="0" offsetend="374" fileid="250" />
                <BranchPoint vc="0" uspid="10127" ordinal="5" offset="372" sl="49" path="1" offsetend="390" fileid="250" />
                <BranchPoint vc="0" uspid="10128" ordinal="6" offset="475" sl="62" path="0" offsetend="477" fileid="250" />
                <BranchPoint vc="12" uspid="10129" ordinal="7" offset="475" sl="62" path="1" offsetend="480" fileid="250" />
                <BranchPoint vc="0" uspid="10130" ordinal="8" offset="492" sl="64" path="0" offsetend="494" fileid="250" />
                <BranchPoint vc="2" uspid="10131" ordinal="9" offset="492" sl="64" path="1" offsetend="497" fileid="250" />
                <BranchPoint vc="1" uspid="10132" ordinal="10" offset="511" sl="64" path="0" offsetend="516" fileid="250" />
                <BranchPoint vc="1" uspid="10133" ordinal="11" offset="511" sl="64" path="1" offsetend="859" fileid="250" />
                <BranchPoint vc="1" uspid="10136" ordinal="14" offset="561" sl="67" path="0" offsetend="566" fileid="250" />
                <BranchPoint vc="0" uspid="10137" ordinal="15" offset="561" sl="67" path="1" offsetend="850" fileid="250" />
                <BranchPoint vc="2" uspid="10138" ordinal="16" offset="712" sl="82" path="0" offsetend="714" fileid="250" />
                <BranchPoint vc="0" uspid="10139" ordinal="17" offset="712" sl="82" path="1" offsetend="821" fileid="250" />
                <BranchPoint vc="1" uspid="10144" ordinal="22" offset="974" sl="113" path="0" offsetend="976" fileid="250" />
                <BranchPoint vc="9" uspid="10145" ordinal="23" offset="974" sl="113" path="1" offsetend="986" fileid="250" />
                <BranchPoint vc="1" uspid="10146" ordinal="24" offset="1013" sl="121" path="0" offsetend="1015" fileid="250" />
                <BranchPoint vc="8" uspid="10147" ordinal="25" offset="1013" sl="121" path="1" offsetend="1021" fileid="250" />
              </BranchPoints>
              <MethodPoint vc="14" uspid="10148" ordinal="0" offset="0" />
            </Method>
            <Method visited="true" cyclomaticComplexity="13" nPathComplexity="512" sequenceCoverage="100" branchCoverage="73.68" isConstructor="false" isStatic="false" isGetter="false" isSetter="false">
              <Summary numSequencePoints="51" visitedSequencePoints="51" numBranchPoints="19" visitedBranchPoints="14" sequenceCoverage="100" branchCoverage="73.68" maxCyclomaticComplexity="13" minCyclomaticComplexity="13" visitedClasses="0" numClasses="0" visitedMethods="1" numMethods="1" />
              <MetadataToken>100664799</MetadataToken>
              <Name>SportsWeb.Models.Models.PushbuttonEditStatus SportsWeb.Services.Cabinate.AmpLightService.AmpWebCabinet::EditPushbuttonForController(SportsWeb.Models.Models.EditPushbuttonModel)</Name>
              <FileRef uid="250" />
              <SequencePoints>
                <SequencePoint vc="23" uspid="10149" ordinal="0" offset="13" sl="137" sc="9" el="137" ec="10" bec="0" bev="0" fileid="250" />
                <SequencePoint vc="23" uspid="10150" ordinal="1" offset="14" sl="138" sc="13" el="138" ec="63" bec="0" bev="0" fileid="250" />
                <SequencePoint vc="23" uspid="10151" ordinal="2" offset="30" sl="140" sc="13" el="140" ec="14" bec="0" bev="0" fileid="250" />
                <SequencePoint vc="23" uspid="10152" ordinal="3" offset="31" sl="142" sc="17" el="142" ec="35" bec="2" bev="2" fileid="250" />
                <SequencePoint vc="1" uspid="10153" ordinal="4" offset="46" sl="143" sc="17" el="143" ec="18" bec="0" bev="0" fileid="250" />
                <SequencePoint vc="1" uspid="10154" ordinal="5" offset="47" sl="144" sc="21" el="145" ec="123" bec="0" bev="0" fileid="250" />
                <SequencePoint vc="1" uspid="10155" ordinal="6" offset="63" sl="146" sc="21" el="146" ec="96" bec="0" bev="0" fileid="250" />
                <SequencePoint vc="22" uspid="10156" ordinal="7" offset="74" sl="150" sc="24" el="150" ec="51" bec="0" bev="0" fileid="250" />
                <SequencePoint vc="22" uspid="10157" ordinal="8" offset="82" sl="151" sc="17" el="151" ec="18" bec="0" bev="0" fileid="250" />
                <SequencePoint vc="22" uspid="10158" ordinal="9" offset="83" sl="152" sc="21" el="152" ec="70" bec="0" bev="0" fileid="250" />
                <SequencePoint vc="22" uspid="10159" ordinal="10" offset="92" sl="153" sc="21" el="153" ec="98" bec="0" bev="0" fileid="250" />
                <SequencePoint vc="21" uspid="10160" ordinal="11" offset="269" sl="155" sc="17" el="155" ec="18" bec="0" bev="0" fileid="250" />
                <SequencePoint vc="21" uspid="10161" ordinal="12" offset="285" sl="157" sc="17" el="157" ec="70" bec="0" bev="0" fileid="250" />
                <SequencePoint vc="21" uspid="10162" ordinal="13" offset="298" sl="158" sc="17" el="158" ec="104" bec="0" bev="0" fileid="250" />
                <SequencePoint vc="21" uspid="10163" ordinal="14" offset="322" sl="160" sc="17" el="160" ec="36" bec="2" bev="1" fileid="250" />
                <SequencePoint vc="21" uspid="10164" ordinal="15" offset="332" sl="161" sc="21" el="161" ec="60" bec="0" bev="0" fileid="250" />
                <SequencePoint vc="21" uspid="10165" ordinal="16" offset="348" sl="163" sc="17" el="180" ec="19" bec="0" bev="0" fileid="250" />
                <SequencePoint vc="21" uspid="10166" ordinal="17" offset="518" sl="181" sc="17" el="181" ec="64" bec="2" bev="1" fileid="250" />
                <SequencePoint vc="21" uspid="10167" ordinal="18" offset="551" sl="182" sc="17" el="182" ec="18" bec="0" bev="0" fileid="250" />
                <SequencePoint vc="21" uspid="10168" ordinal="19" offset="552" sl="183" sc="21" el="184" ec="56" bec="0" bev="0" fileid="250" />
                <SequencePoint vc="21" uspid="10169" ordinal="20" offset="645" sl="185" sc="17" el="185" ec="18" bec="0" bev="0" fileid="250" />
                <SequencePoint vc="21" uspid="10170" ordinal="21" offset="646" sl="186" sc="17" el="186" ec="62" bec="2" bev="1" fileid="250" />
                <SequencePoint vc="21" uspid="10171" ordinal="22" offset="679" sl="187" sc="17" el="187" ec="18" bec="0" bev="0" fileid="250" />
                <SequencePoint vc="21" uspid="10172" ordinal="23" offset="680" sl="188" sc="21" el="190" ec="55" bec="0" bev="0" fileid="250" />
                <SequencePoint vc="21" uspid="10173" ordinal="24" offset="783" sl="191" sc="17" el="191" ec="18" bec="0" bev="0" fileid="250" />
                <SequencePoint vc="21" uspid="10174" ordinal="25" offset="784" sl="193" sc="17" el="193" ec="77" bec="2" bev="1" fileid="250" />
                <SequencePoint vc="3" uspid="10175" ordinal="26" offset="800" sl="195" sc="17" el="195" ec="46" bec="4" bev="3" fileid="250" />
                <SequencePoint vc="2" uspid="10176" ordinal="27" offset="823" sl="196" sc="17" el="196" ec="18" bec="0" bev="0" fileid="250" />
                <SequencePoint vc="2" uspid="10177" ordinal="28" offset="824" sl="197" sc="21" el="199" ec="89" bec="0" bev="0" fileid="250" />
                <SequencePoint vc="2" uspid="10178" ordinal="29" offset="924" sl="201" sc="17" el="201" ec="18" bec="0" bev="0" fileid="250" />
                <SequencePoint vc="1" uspid="10179" ordinal="30" offset="927" sl="204" sc="17" el="204" ec="18" bec="0" bev="0" fileid="250" />
                <SequencePoint vc="1" uspid="10180" ordinal="31" offset="928" sl="205" sc="21" el="206" ec="45" bec="0" bev="0" fileid="250" />
                <SequencePoint vc="1" uspid="10181" ordinal="32" offset="970" sl="207" sc="21" el="207" ec="105" bec="0" bev="0" fileid="250" />
                <SequencePoint vc="2" uspid="10182" ordinal="33" offset="981" sl="210" sc="17" el="210" ec="53" bec="2" bev="2" fileid="250" />
                <SequencePoint vc="1" uspid="10183" ordinal="34" offset="1002" sl="211" sc="17" el="211" ec="18" bec="0" bev="0" fileid="250" />
                <SequencePoint vc="1" uspid="10184" ordinal="35" offset="1003" sl="212" sc="21" el="212" ec="57" bec="0" bev="0" fileid="250" />
                <SequencePoint vc="1" uspid="10185" ordinal="36" offset="1011" sl="214" sc="17" el="214" ec="53" bec="0" bev="0" fileid="250" />
                <SequencePoint vc="18" uspid="10186" ordinal="37" offset="1019" sl="216" sc="13" el="216" ec="52" bec="0" bev="0" fileid="250" />
                <SequencePoint vc="18" uspid="10187" ordinal="38" offset="1021" sl="217" sc="13" el="217" ec="14" bec="0" bev="0" fileid="250" />
                <SequencePoint vc="18" uspid="10188" ordinal="39" offset="1022" sl="218" sc="17" el="219" ec="96" bec="0" bev="0" fileid="250" />
                <SequencePoint vc="18" uspid="10189" ordinal="40" offset="1059" sl="221" sc="17" el="221" ec="63" bec="0" bev="0" fileid="250" />
                <SequencePoint vc="18" uspid="10190" ordinal="41" offset="1080" sl="223" sc="17" el="225" ec="55" bec="0" bev="0" fileid="250" />
                <SequencePoint vc="18" uspid="10191" ordinal="42" offset="1104" sl="226" sc="17" el="227" ec="101" bec="2" bev="2" fileid="250" />
                <SequencePoint vc="2" uspid="10192" ordinal="43" offset="1121" sl="229" sc="13" el="229" ec="42" bec="0" bev="0" fileid="250" />
                <SequencePoint vc="2" uspid="10193" ordinal="44" offset="1122" sl="230" sc="13" el="230" ec="14" bec="0" bev="0" fileid="250" />
                <SequencePoint vc="2" uspid="10194" ordinal="45" offset="1123" sl="231" sc="17" el="231" ec="23" bec="0" bev="0" fileid="250" />
                <SequencePoint vc="1" uspid="10195" ordinal="46" offset="1125" sl="233" sc="13" el="233" ec="33" bec="0" bev="0" fileid="250" />
                <SequencePoint vc="1" uspid="10196" ordinal="47" offset="1127" sl="234" sc="13" el="234" ec="14" bec="0" bev="0" fileid="250" />
                <SequencePoint vc="1" uspid="10197" ordinal="48" offset="1128" sl="235" sc="17" el="236" ec="100" bec="0" bev="0" fileid="250" />
                <SequencePoint vc="1" uspid="10198" ordinal="49" offset="1167" sl="237" sc="17" el="237" ec="101" bec="0" bev="0" fileid="250" />
                <SequencePoint vc="2" uspid="10199" ordinal="50" offset="1178" sl="239" sc="9" el="239" ec="10" bec="0" bev="0" fileid="250" />
              </SequencePoints>
              <BranchPoints>
                <BranchPoint vc="1" uspid="10200" ordinal="0" offset="44" sl="142" path="0" offsetend="46" fileid="250" />
                <BranchPoint vc="22" uspid="10201" ordinal="1" offset="44" sl="142" path="1" offsetend="74" fileid="250" />
                <BranchPoint vc="21" uspid="10202" ordinal="2" offset="330" sl="160" path="0" offsetend="332" fileid="250" />
                <BranchPoint vc="0" uspid="10203" ordinal="3" offset="330" sl="160" path="1" offsetend="348" fileid="250" />
                <BranchPoint vc="21" uspid="10204" ordinal="4" offset="549" sl="181" path="0" offsetend="551" fileid="250" />
                <BranchPoint vc="0" uspid="10205" ordinal="5" offset="549" sl="181" path="1" offsetend="646" fileid="250" />
                <BranchPoint vc="21" uspid="10206" ordinal="6" offset="677" sl="186" path="0" offsetend="679" fileid="250" />
                <BranchPoint vc="0" uspid="10207" ordinal="7" offset="677" sl="186" path="1" offsetend="784" fileid="250" />
                <BranchPoint vc="0" uspid="10208" ordinal="8" offset="785" sl="193" path="0" offsetend="787" fileid="250" />
                <BranchPoint vc="21" uspid="10209" ordinal="9" offset="785" sl="193" path="1" offsetend="790" fileid="250" />
                <BranchPoint vc="0" uspid="10210" ordinal="10" offset="802" sl="195" path="0" offsetend="804" fileid="250" />
                <BranchPoint vc="3" uspid="10211" ordinal="11" offset="802" sl="195" path="1" offsetend="807" fileid="250" />
                <BranchPoint vc="2" uspid="10212" ordinal="12" offset="821" sl="195" path="0" offsetend="823" fileid="250" />
                <BranchPoint vc="1" uspid="10213" ordinal="13" offset="821" sl="195" path="1" offsetend="927" fileid="250" />
                <BranchPoint vc="1" uspid="10214" ordinal="14" offset="1000" sl="210" path="0" offsetend="1002" fileid="250" />
                <BranchPoint vc="1" uspid="10215" ordinal="15" offset="1000" sl="210" path="1" offsetend="1011" fileid="250" />
                <BranchPoint vc="1" uspid="10216" ordinal="16" offset="1107" sl="226" path="0" offsetend="1109" fileid="250" />
                <BranchPoint vc="17" uspid="10217" ordinal="17" offset="1107" sl="226" path="1" offsetend="1115" fileid="250" />
              </BranchPoints>
              <MethodPoint vc="23" uspid="10218" ordinal="0" offset="0" />
            </Method>
            <Method visited="true" cyclomaticComplexity="9" nPathComplexity="64" sequenceCoverage="100" branchCoverage="92.31" isConstructor="false" isStatic="false" isGetter="false" isSetter="false">
              <Summary numSequencePoints="42" visitedSequencePoints="42" numBranchPoints="13" visitedBranchPoints="12" sequenceCoverage="100" branchCoverage="92.31" maxCyclomaticComplexity="9" minCyclomaticComplexity="9" visitedClasses="0" numClasses="0" visitedMethods="1" numMethods="1" />
              <MetadataToken>100664800</MetadataToken>
              <Name>SportsWeb.Models.Models.PushbuttonRemoveStatus SportsWeb.Services.Cabinate.AmpLightService.AmpWebCabinet::RemovePushButtonFromController(SportsWeb.Models.Models.PushButtonModel)</Name>
              <FileRef uid="250" />
              <SequencePoints>
                <SequencePoint vc="16" uspid="10219" ordinal="0" offset="13" sl="242" sc="9" el="242" ec="10" bec="0" bev="0" fileid="250" />
                <SequencePoint vc="16" uspid="10220" ordinal="1" offset="14" sl="243" sc="13" el="243" ec="31" bec="2" bev="2" fileid="250" />
                <SequencePoint vc="1" uspid="10221" ordinal="2" offset="27" sl="244" sc="13" el="244" ec="14" bec="0" bev="0" fileid="250" />
                <SequencePoint vc="1" uspid="10222" ordinal="3" offset="28" sl="245" sc="17" el="245" ec="123" bec="0" bev="0" fileid="250" />
                <SequencePoint vc="1" uspid="10223" ordinal="4" offset="44" sl="246" sc="17" el="246" ec="117" bec="0" bev="0" fileid="250" />
                <SequencePoint vc="15" uspid="10224" ordinal="5" offset="56" sl="250" sc="13" el="250" ec="14" bec="0" bev="0" fileid="250" />
                <SequencePoint vc="15" uspid="10225" ordinal="6" offset="57" sl="252" sc="24" el="252" ec="51" bec="0" bev="0" fileid="250" />
                <SequencePoint vc="15" uspid="10226" ordinal="7" offset="65" sl="253" sc="17" el="253" ec="18" bec="0" bev="0" fileid="250" />
                <SequencePoint vc="15" uspid="10227" ordinal="8" offset="66" sl="254" sc="21" el="254" ec="70" bec="0" bev="0" fileid="250" />
                <SequencePoint vc="15" uspid="10228" ordinal="9" offset="75" sl="255" sc="21" el="255" ec="98" bec="0" bev="0" fileid="250" />
                <SequencePoint vc="14" uspid="10229" ordinal="10" offset="252" sl="256" sc="17" el="256" ec="18" bec="0" bev="0" fileid="250" />
                <SequencePoint vc="14" uspid="10230" ordinal="11" offset="268" sl="257" sc="17" el="257" ec="70" bec="0" bev="0" fileid="250" />
                <SequencePoint vc="14" uspid="10231" ordinal="12" offset="281" sl="258" sc="17" el="258" ec="104" bec="0" bev="0" fileid="250" />
                <SequencePoint vc="14" uspid="10232" ordinal="13" offset="306" sl="260" sc="17" el="260" ec="36" bec="2" bev="1" fileid="250" />
                <SequencePoint vc="14" uspid="10233" ordinal="14" offset="317" sl="261" sc="21" el="261" ec="60" bec="0" bev="0" fileid="250" />
                <SequencePoint vc="14" uspid="10234" ordinal="15" offset="333" sl="263" sc="17" el="272" ec="19" bec="0" bev="0" fileid="250" />
                <SequencePoint vc="14" uspid="10235" ordinal="16" offset="426" sl="274" sc="17" el="274" ec="188" bec="0" bev="0" fileid="250" />
                <SequencePoint vc="14" uspid="10236" ordinal="17" offset="529" sl="276" sc="17" el="276" ec="79" bec="0" bev="0" fileid="250" />
                <SequencePoint vc="3" uspid="10237" ordinal="18" offset="540" sl="278" sc="17" el="278" ec="46" bec="4" bev="4" fileid="250" />
                <SequencePoint vc="2" uspid="10238" ordinal="19" offset="566" sl="279" sc="17" el="279" ec="18" bec="0" bev="0" fileid="250" />
                <SequencePoint vc="2" uspid="10239" ordinal="20" offset="567" sl="280" sc="21" el="283" ec="89" bec="0" bev="0" fileid="250" />
                <SequencePoint vc="2" uspid="10240" ordinal="21" offset="694" sl="284" sc="21" el="284" ec="112" bec="2" bev="2" fileid="250" />
                <SequencePoint vc="1" uspid="10241" ordinal="22" offset="715" sl="285" sc="21" el="285" ec="22" bec="0" bev="0" fileid="250" />
                <SequencePoint vc="1" uspid="10242" ordinal="23" offset="716" sl="286" sc="25" el="286" ec="63" bec="0" bev="0" fileid="250" />
                <SequencePoint vc="1" uspid="10243" ordinal="24" offset="724" sl="288" sc="21" el="288" ec="121" bec="0" bev="0" fileid="250" />
                <SequencePoint vc="1" uspid="10244" ordinal="25" offset="735" sl="291" sc="17" el="291" ec="18" bec="0" bev="0" fileid="250" />
                <SequencePoint vc="1" uspid="10245" ordinal="26" offset="736" sl="292" sc="21" el="293" ec="102" bec="0" bev="0" fileid="250" />
                <SequencePoint vc="1" uspid="10246" ordinal="27" offset="820" sl="294" sc="21" el="294" ec="121" bec="0" bev="0" fileid="250" />
                <SequencePoint vc="11" uspid="10247" ordinal="28" offset="831" sl="297" sc="13" el="297" ec="52" bec="0" bev="0" fileid="250" />
                <SequencePoint vc="11" uspid="10248" ordinal="29" offset="833" sl="298" sc="13" el="298" ec="14" bec="0" bev="0" fileid="250" />
                <SequencePoint vc="11" uspid="10249" ordinal="30" offset="834" sl="299" sc="17" el="299" ec="170" bec="0" bev="0" fileid="250" />
                <SequencePoint vc="11" uspid="10250" ordinal="31" offset="912" sl="300" sc="17" el="300" ec="63" bec="0" bev="0" fileid="250" />
                <SequencePoint vc="11" uspid="10251" ordinal="32" offset="933" sl="301" sc="17" el="301" ec="158" bec="0" bev="0" fileid="250" />
                <SequencePoint vc="11" uspid="10252" ordinal="33" offset="957" sl="302" sc="17" el="302" ec="126" bec="2" bev="2" fileid="250" />
                <SequencePoint vc="2" uspid="10253" ordinal="34" offset="974" sl="304" sc="13" el="304" ec="42" bec="0" bev="0" fileid="250" />
                <SequencePoint vc="2" uspid="10254" ordinal="35" offset="975" sl="305" sc="13" el="305" ec="14" bec="0" bev="0" fileid="250" />
                <SequencePoint vc="2" uspid="10255" ordinal="36" offset="976" sl="306" sc="17" el="306" ec="23" bec="0" bev="0" fileid="250" />
                <SequencePoint vc="1" uspid="10256" ordinal="37" offset="978" sl="308" sc="13" el="308" ec="33" bec="0" bev="0" fileid="250" />
                <SequencePoint vc="1" uspid="10257" ordinal="38" offset="980" sl="309" sc="13" el="309" ec="14" bec="0" bev="0" fileid="250" />
                <SequencePoint vc="1" uspid="10258" ordinal="39" offset="981" sl="310" sc="17" el="310" ec="171" bec="0" bev="0" fileid="250" />
                <SequencePoint vc="1" uspid="10259" ordinal="40" offset="1059" sl="312" sc="17" el="313" ec="89" bec="0" bev="0" fileid="250" />
                <SequencePoint vc="1" uspid="10260" ordinal="41" offset="1070" sl="315" sc="9" el="315" ec="10" bec="0" bev="0" fileid="250" />
              </SequencePoints>
              <BranchPoints>
                <BranchPoint vc="1" uspid="10261" ordinal="0" offset="25" sl="243" path="0" offsetend="27" fileid="250" />
                <BranchPoint vc="15" uspid="10262" ordinal="1" offset="25" sl="243" path="1" offsetend="55" fileid="250" />
                <BranchPoint vc="14" uspid="10263" ordinal="2" offset="315" sl="260" path="0" offsetend="317" fileid="250" />
                <BranchPoint vc="0" uspid="10264" ordinal="3" offset="315" sl="260" path="1" offsetend="333" fileid="250" />
                <BranchPoint vc="1" uspid="10265" ordinal="4" offset="542" sl="278" path="0" offsetend="544" fileid="250" />
                <BranchPoint vc="2" uspid="10266" ordinal="5" offset="542" sl="278" path="1" offsetend="547" fileid="250" />
                <BranchPoint vc="2" uspid="10267" ordinal="6" offset="561" sl="278" path="0" offsetend="566" fileid="250" />
                <BranchPoint vc="1" uspid="10268" ordinal="7" offset="561" sl="278" path="1" offsetend="735" fileid="250" />
                <BranchPoint vc="1" uspid="10269" ordinal="8" offset="713" sl="284" path="0" offsetend="715" fileid="250" />
                <BranchPoint vc="1" uspid="10270" ordinal="9" offset="713" sl="284" path="1" offsetend="724" fileid="250" />
                <BranchPoint vc="1" uspid="10271" ordinal="10" offset="960" sl="302" path="0" offsetend="962" fileid="250" />
                <BranchPoint vc="10" uspid="10272" ordinal="11" offset="960" sl="302" path="1" offsetend="968" fileid="250" />
              </BranchPoints>
              <MethodPoint vc="16" uspid="10273" ordinal="0" offset="0" />
            </Method>
            <Method visited="true" cyclomaticComplexity="5" nPathComplexity="8" sequenceCoverage="100" branchCoverage="85.71" isConstructor="false" isStatic="false" isGetter="false" isSetter="false">
              <Summary numSequencePoints="30" visitedSequencePoints="30" numBranchPoints="7" visitedBranchPoints="6" sequenceCoverage="100" branchCoverage="85.71" maxCyclomaticComplexity="5" minCyclomaticComplexity="5" visitedClasses="0" numClasses="0" visitedMethods="1" numMethods="1" />
              <MetadataToken>100664801</MetadataToken>
              <Name>SportsWeb.Models.Models.PushbuttonAssociationStatus SportsWeb.Services.Cabinate.AmpLightService.AmpWebCabinet::AssociatePushbuttonToField(SportsWeb.Models.Models.AssociatePushbuttonToFieldModel)</Name>
              <FileRef uid="250" />
              <SequencePoints>
                <SequencePoint vc="20" uspid="10274" ordinal="0" offset="13" sl="318" sc="9" el="318" ec="10" bec="0" bev="0" fileid="250" />
                <SequencePoint vc="20" uspid="10275" ordinal="1" offset="14" sl="319" sc="13" el="319" ec="62" bec="0" bev="0" fileid="250" />
                <SequencePoint vc="20" uspid="10276" ordinal="2" offset="43" sl="321" sc="13" el="321" ec="14" bec="0" bev="0" fileid="250" />
                <SequencePoint vc="20" uspid="10277" ordinal="3" offset="44" sl="323" sc="17" el="323" ec="35" bec="2" bev="2" fileid="250" />
                <SequencePoint vc="1" uspid="10278" ordinal="4" offset="62" sl="324" sc="17" el="324" ec="18" bec="0" bev="0" fileid="250" />
                <SequencePoint vc="1" uspid="10279" ordinal="5" offset="63" sl="325" sc="21" el="325" ec="143" bec="0" bev="0" fileid="250" />
                <SequencePoint vc="1" uspid="10280" ordinal="6" offset="79" sl="326" sc="21" el="326" ec="96" bec="0" bev="0" fileid="250" />
                <SequencePoint vc="19" uspid="10281" ordinal="7" offset="90" sl="330" sc="24" el="330" ec="51" bec="0" bev="0" fileid="250" />
                <SequencePoint vc="19" uspid="10282" ordinal="8" offset="97" sl="331" sc="17" el="331" ec="18" bec="0" bev="0" fileid="250" />
                <SequencePoint vc="19" uspid="10283" ordinal="9" offset="98" sl="332" sc="21" el="332" ec="70" bec="0" bev="0" fileid="250" />
                <SequencePoint vc="19" uspid="10284" ordinal="10" offset="106" sl="333" sc="21" el="333" ec="98" bec="0" bev="0" fileid="250" />
                <SequencePoint vc="18" uspid="10285" ordinal="11" offset="303" sl="335" sc="17" el="335" ec="18" bec="0" bev="0" fileid="250" />
                <SequencePoint vc="18" uspid="10286" ordinal="12" offset="317" sl="337" sc="17" el="337" ec="70" bec="0" bev="0" fileid="250" />
                <SequencePoint vc="18" uspid="10287" ordinal="13" offset="340" sl="338" sc="17" el="338" ec="104" bec="0" bev="0" fileid="250" />
                <SequencePoint vc="18" uspid="10288" ordinal="14" offset="379" sl="340" sc="17" el="340" ec="36" bec="2" bev="1" fileid="250" />
                <SequencePoint vc="18" uspid="10289" ordinal="15" offset="394" sl="341" sc="21" el="341" ec="60" bec="0" bev="0" fileid="250" />
                <SequencePoint vc="18" uspid="10290" ordinal="16" offset="410" sl="344" sc="17" el="344" ec="96" bec="0" bev="0" fileid="250" />
                <SequencePoint vc="18" uspid="10291" ordinal="17" offset="421" sl="345" sc="17" el="411" ec="20" bec="0" bev="0" fileid="250" />
                <SequencePoint vc="18" uspid="10292" ordinal="18" offset="455" sl="412" sc="17" el="412" ec="48" bec="2" bev="2" fileid="250" />
                <SequencePoint vc="17" uspid="10293" ordinal="19" offset="475" sl="413" sc="17" el="413" ec="18" bec="0" bev="0" fileid="250" />
                <SequencePoint vc="17" uspid="10294" ordinal="20" offset="476" sl="414" sc="21" el="414" ec="117" bec="0" bev="0" fileid="250" />
                <SequencePoint vc="1" uspid="10295" ordinal="21" offset="487" sl="417" sc="17" el="417" ec="60" bec="0" bev="0" fileid="250" />
                <SequencePoint vc="18" uspid="10296" ordinal="22" offset="492" sl="420" sc="13" el="420" ec="42" bec="0" bev="0" fileid="250" />
                <SequencePoint vc="18" uspid="10297" ordinal="23" offset="493" sl="421" sc="13" el="421" ec="14" bec="0" bev="0" fileid="250" />
                <SequencePoint vc="18" uspid="10298" ordinal="24" offset="494" sl="422" sc="17" el="422" ec="23" bec="0" bev="0" fileid="250" />
                <SequencePoint vc="1" uspid="10299" ordinal="25" offset="496" sl="424" sc="13" el="424" ec="33" bec="0" bev="0" fileid="250" />
                <SequencePoint vc="1" uspid="10300" ordinal="26" offset="498" sl="425" sc="13" el="425" ec="14" bec="0" bev="0" fileid="250" />
                <SequencePoint vc="1" uspid="10301" ordinal="27" offset="499" sl="426" sc="17" el="427" ec="102" bec="0" bev="0" fileid="250" />
                <SequencePoint vc="1" uspid="10302" ordinal="28" offset="538" sl="428" sc="17" el="428" ec="113" bec="0" bev="0" fileid="250" />
                <SequencePoint vc="1" uspid="10303" ordinal="29" offset="549" sl="430" sc="9" el="430" ec="10" bec="0" bev="0" fileid="250" />
              </SequencePoints>
              <BranchPoints>
                <BranchPoint vc="1" uspid="10304" ordinal="0" offset="60" sl="323" path="0" offsetend="62" fileid="250" />
                <BranchPoint vc="19" uspid="10305" ordinal="1" offset="60" sl="323" path="1" offsetend="90" fileid="250" />
                <BranchPoint vc="18" uspid="10306" ordinal="2" offset="392" sl="340" path="0" offsetend="394" fileid="250" />
                <BranchPoint vc="0" uspid="10307" ordinal="3" offset="392" sl="340" path="1" offsetend="410" fileid="250" />
                <BranchPoint vc="17" uspid="10308" ordinal="4" offset="473" sl="412" path="0" offsetend="475" fileid="250" />
                <BranchPoint vc="1" uspid="10309" ordinal="5" offset="473" sl="412" path="1" offsetend="487" fileid="250" />
              </BranchPoints>
              <MethodPoint vc="20" uspid="10310" ordinal="0" offset="0" />
            </Method>
            <Method visited="true" cyclomaticComplexity="7" nPathComplexity="8" sequenceCoverage="100" branchCoverage="85.71" isConstructor="false" isStatic="false" isGetter="false" isSetter="false">
              <Summary numSequencePoints="30" visitedSequencePoints="30" numBranchPoints="7" visitedBranchPoints="6" sequenceCoverage="100" branchCoverage="85.71" maxCyclomaticComplexity="7" minCyclomaticComplexity="7" visitedClasses="0" numClasses="0" visitedMethods="1" numMethods="1" />
              <MetadataToken>100664802</MetadataToken>
              <Name>SportsWeb.Models.Models.PushbuttonDisassociationStatus SportsWeb.Services.Cabinate.AmpLightService.AmpWebCabinet::DisassociatePushbuttonFromField(SportsWeb.Models.Models.AssociatePushbuttonToFieldModel)</Name>
              <FileRef uid="250" />
              <SequencePoints>
                <SequencePoint vc="15" uspid="10311" ordinal="0" offset="13" sl="433" sc="9" el="433" ec="10" bec="0" bev="0" fileid="250" />
                <SequencePoint vc="15" uspid="10312" ordinal="1" offset="14" sl="434" sc="13" el="434" ec="67" bec="0" bev="0" fileid="250" />
                <SequencePoint vc="15" uspid="10313" ordinal="2" offset="43" sl="436" sc="13" el="436" ec="14" bec="0" bev="0" fileid="250" />
                <SequencePoint vc="15" uspid="10314" ordinal="3" offset="44" sl="438" sc="17" el="438" ec="35" bec="2" bev="2" fileid="250" />
                <SequencePoint vc="1" uspid="10315" ordinal="4" offset="62" sl="439" sc="17" el="439" ec="18" bec="0" bev="0" fileid="250" />
                <SequencePoint vc="1" uspid="10316" ordinal="5" offset="63" sl="440" sc="21" el="440" ec="148" bec="0" bev="0" fileid="250" />
                <SequencePoint vc="1" uspid="10317" ordinal="6" offset="79" sl="441" sc="21" el="441" ec="96" bec="0" bev="0" fileid="250" />
                <SequencePoint vc="14" uspid="10318" ordinal="7" offset="90" sl="445" sc="24" el="445" ec="51" bec="0" bev="0" fileid="250" />
                <SequencePoint vc="14" uspid="10319" ordinal="8" offset="97" sl="446" sc="17" el="446" ec="18" bec="0" bev="0" fileid="250" />
                <SequencePoint vc="14" uspid="10320" ordinal="9" offset="98" sl="447" sc="21" el="447" ec="70" bec="0" bev="0" fileid="250" />
                <SequencePoint vc="14" uspid="10321" ordinal="10" offset="106" sl="448" sc="21" el="448" ec="98" bec="0" bev="0" fileid="250" />
                <SequencePoint vc="13" uspid="10322" ordinal="11" offset="303" sl="450" sc="17" el="450" ec="18" bec="0" bev="0" fileid="250" />
                <SequencePoint vc="13" uspid="10323" ordinal="12" offset="317" sl="452" sc="17" el="452" ec="70" bec="0" bev="0" fileid="250" />
                <SequencePoint vc="13" uspid="10324" ordinal="13" offset="340" sl="453" sc="17" el="453" ec="104" bec="0" bev="0" fileid="250" />
                <SequencePoint vc="13" uspid="10325" ordinal="14" offset="379" sl="455" sc="17" el="455" ec="36" bec="2" bev="1" fileid="250" />
                <SequencePoint vc="13" uspid="10326" ordinal="15" offset="394" sl="456" sc="21" el="456" ec="60" bec="0" bev="0" fileid="250" />
                <SequencePoint vc="13" uspid="10327" ordinal="16" offset="410" sl="459" sc="17" el="459" ec="96" bec="0" bev="0" fileid="250" />
                <SequencePoint vc="13" uspid="10328" ordinal="17" offset="421" sl="460" sc="17" el="514" ec="20" bec="0" bev="0" fileid="250" />
                <SequencePoint vc="13" uspid="10329" ordinal="18" offset="455" sl="515" sc="17" el="515" ec="48" bec="2" bev="2" fileid="250" />
                <SequencePoint vc="12" uspid="10330" ordinal="19" offset="475" sl="516" sc="17" el="516" ec="18" bec="0" bev="0" fileid="250" />
                <SequencePoint vc="12" uspid="10331" ordinal="20" offset="476" sl="517" sc="21" el="517" ec="122" bec="0" bev="0" fileid="250" />
                <SequencePoint vc="1" uspid="10332" ordinal="21" offset="487" sl="520" sc="17" el="520" ec="63" bec="0" bev="0" fileid="250" />
                <SequencePoint vc="13" uspid="10333" ordinal="22" offset="492" sl="523" sc="13" el="523" ec="42" bec="0" bev="0" fileid="250" />
                <SequencePoint vc="13" uspid="10334" ordinal="23" offset="493" sl="524" sc="13" el="524" ec="14" bec="0" bev="0" fileid="250" />
                <SequencePoint vc="13" uspid="10335" ordinal="24" offset="494" sl="525" sc="17" el="525" ec="23" bec="0" bev="0" fileid="250" />
                <SequencePoint vc="1" uspid="10336" ordinal="25" offset="496" sl="527" sc="13" el="527" ec="33" bec="0" bev="0" fileid="250" />
                <SequencePoint vc="1" uspid="10337" ordinal="26" offset="498" sl="528" sc="13" el="528" ec="14" bec="0" bev="0" fileid="250" />
                <SequencePoint vc="1" uspid="10338" ordinal="27" offset="499" sl="529" sc="17" el="530" ec="102" bec="0" bev="0" fileid="250" />
                <SequencePoint vc="1" uspid="10339" ordinal="28" offset="559" sl="531" sc="17" el="531" ec="118" bec="0" bev="0" fileid="250" />
                <SequencePoint vc="1" uspid="10340" ordinal="29" offset="570" sl="533" sc="9" el="533" ec="10" bec="0" bev="0" fileid="250" />
              </SequencePoints>
              <BranchPoints>
                <BranchPoint vc="1" uspid="10341" ordinal="0" offset="60" sl="438" path="0" offsetend="62" fileid="250" />
                <BranchPoint vc="14" uspid="10342" ordinal="1" offset="60" sl="438" path="1" offsetend="90" fileid="250" />
                <BranchPoint vc="13" uspid="10343" ordinal="2" offset="392" sl="455" path="0" offsetend="394" fileid="250" />
                <BranchPoint vc="0" uspid="10344" ordinal="3" offset="392" sl="455" path="1" offsetend="410" fileid="250" />
                <BranchPoint vc="12" uspid="10345" ordinal="4" offset="473" sl="515" path="0" offsetend="475" fileid="250" />
                <BranchPoint vc="1" uspid="10346" ordinal="5" offset="473" sl="515" path="1" offsetend="487" fileid="250" />
              </BranchPoints>
              <MethodPoint vc="15" uspid="10349" ordinal="0" offset="0" />
            </Method>
            <Method visited="true" cyclomaticComplexity="6" nPathComplexity="16" sequenceCoverage="82.5" branchCoverage="66.67" isConstructor="false" isStatic="false" isGetter="false" isSetter="false">
              <Summary numSequencePoints="40" visitedSequencePoints="33" numBranchPoints="9" visitedBranchPoints="6" sequenceCoverage="82.5" branchCoverage="66.67" maxCyclomaticComplexity="6" minCyclomaticComplexity="6" visitedClasses="0" numClasses="0" visitedMethods="1" numMethods="1" />
              <MetadataToken>100664803</MetadataToken>
              <Name>SportsWeb.Models.Models.PushButtonModel SportsWeb.Services.Cabinate.AmpLightService.AmpWebCabinet::AddPushButton(SportsWeb.Models.Models.PushButtonModel)</Name>
              <FileRef uid="250" />
              <SequencePoints>
                <SequencePoint vc="3" uspid="10350" ordinal="0" offset="13" sl="536" sc="9" el="536" ec="10" bec="0" bev="0" fileid="250" />
                <SequencePoint vc="3" uspid="10351" ordinal="1" offset="14" sl="537" sc="13" el="537" ec="31" bec="2" bev="1" fileid="250" />
                <SequencePoint vc="0" uspid="10352" ordinal="2" offset="27" sl="538" sc="13" el="538" ec="14" bec="0" bev="0" fileid="250" />
                <SequencePoint vc="0" uspid="10353" ordinal="3" offset="28" sl="539" sc="17" el="539" ec="108" bec="0" bev="0" fileid="250" />
                <SequencePoint vc="0" uspid="10354" ordinal="4" offset="44" sl="540" sc="17" el="540" ec="92" bec="0" bev="0" fileid="250" />
                <SequencePoint vc="3" uspid="10355" ordinal="5" offset="56" sl="544" sc="13" el="544" ec="14" bec="0" bev="0" fileid="250" />
                <SequencePoint vc="3" uspid="10356" ordinal="6" offset="57" sl="546" sc="24" el="546" ec="51" bec="0" bev="0" fileid="250" />
                <SequencePoint vc="3" uspid="10357" ordinal="7" offset="65" sl="547" sc="17" el="547" ec="18" bec="0" bev="0" fileid="250" />
                <SequencePoint vc="3" uspid="10358" ordinal="8" offset="66" sl="548" sc="21" el="548" ec="70" bec="0" bev="0" fileid="250" />
                <SequencePoint vc="3" uspid="10359" ordinal="9" offset="75" sl="549" sc="21" el="549" ec="98" bec="0" bev="0" fileid="250" />
                <SequencePoint vc="3" uspid="10360" ordinal="10" offset="252" sl="550" sc="17" el="550" ec="18" bec="0" bev="0" fileid="250" />
                <SequencePoint vc="3" uspid="10361" ordinal="11" offset="268" sl="551" sc="17" el="551" ec="70" bec="0" bev="0" fileid="250" />
                <SequencePoint vc="3" uspid="10362" ordinal="12" offset="281" sl="552" sc="17" el="552" ec="104" bec="0" bev="0" fileid="250" />
                <SequencePoint vc="3" uspid="10363" ordinal="13" offset="306" sl="554" sc="17" el="554" ec="36" bec="2" bev="1" fileid="250" />
                <SequencePoint vc="3" uspid="10364" ordinal="14" offset="317" sl="555" sc="21" el="555" ec="60" bec="0" bev="0" fileid="250" />
                <SequencePoint vc="3" uspid="10365" ordinal="15" offset="333" sl="557" sc="17" el="572" ec="19" bec="0" bev="0" fileid="250" />
                <SequencePoint vc="3" uspid="10366" ordinal="16" offset="492" sl="574" sc="17" el="574" ec="148" bec="0" bev="0" fileid="250" />
                <SequencePoint vc="3" uspid="10367" ordinal="17" offset="568" sl="576" sc="17" el="576" ec="75" bec="0" bev="0" fileid="250" />
                <SequencePoint vc="2" uspid="10368" ordinal="18" offset="579" sl="578" sc="17" el="578" ec="38" bec="2" bev="2" fileid="250" />
                <SequencePoint vc="1" uspid="10369" ordinal="19" offset="593" sl="579" sc="17" el="579" ec="18" bec="0" bev="0" fileid="250" />
                <SequencePoint vc="1" uspid="10370" ordinal="20" offset="594" sl="580" sc="21" el="580" ec="99" bec="0" bev="0" fileid="250" />
                <SequencePoint vc="1" uspid="10371" ordinal="21" offset="632" sl="582" sc="21" el="588" ec="23" bec="0" bev="0" fileid="250" />
                <SequencePoint vc="1" uspid="10372" ordinal="22" offset="725" sl="590" sc="21" el="590" ec="42" bec="0" bev="0" fileid="250" />
                <SequencePoint vc="1" uspid="10373" ordinal="23" offset="734" sl="593" sc="17" el="593" ec="18" bec="0" bev="0" fileid="250" />
                <SequencePoint vc="1" uspid="10374" ordinal="24" offset="735" sl="594" sc="21" el="594" ec="69" bec="0" bev="0" fileid="250" />
                <SequencePoint vc="1" uspid="10375" ordinal="25" offset="751" sl="595" sc="21" el="595" ec="104" bec="0" bev="0" fileid="250" />
                <SequencePoint vc="1" uspid="10376" ordinal="26" offset="762" sl="598" sc="13" el="598" ec="52" bec="0" bev="0" fileid="250" />
                <SequencePoint vc="1" uspid="10377" ordinal="27" offset="764" sl="599" sc="13" el="599" ec="14" bec="0" bev="0" fileid="250" />
                <SequencePoint vc="1" uspid="10378" ordinal="28" offset="765" sl="600" sc="17" el="600" ec="166" bec="0" bev="0" fileid="250" />
                <SequencePoint vc="1" uspid="10379" ordinal="29" offset="843" sl="601" sc="17" el="601" ec="63" bec="0" bev="0" fileid="250" />
                <SequencePoint vc="1" uspid="10380" ordinal="30" offset="864" sl="602" sc="17" el="602" ec="152" bec="0" bev="0" fileid="250" />
                <SequencePoint vc="1" uspid="10381" ordinal="31" offset="888" sl="603" sc="17" el="603" ec="109" bec="2" bev="1" fileid="250" />
                <SequencePoint vc="1" uspid="10382" ordinal="32" offset="905" sl="605" sc="13" el="605" ec="42" bec="0" bev="0" fileid="250" />
                <SequencePoint vc="1" uspid="10383" ordinal="33" offset="906" sl="606" sc="13" el="606" ec="14" bec="0" bev="0" fileid="250" />
                <SequencePoint vc="1" uspid="10384" ordinal="34" offset="907" sl="607" sc="17" el="607" ec="23" bec="0" bev="0" fileid="250" />
                <SequencePoint vc="0" uspid="10385" ordinal="35" offset="909" sl="609" sc="13" el="609" ec="33" bec="0" bev="0" fileid="250" />
                <SequencePoint vc="0" uspid="10386" ordinal="36" offset="911" sl="610" sc="13" el="610" ec="14" bec="0" bev="0" fileid="250" />
                <SequencePoint vc="0" uspid="10387" ordinal="37" offset="912" sl="611" sc="17" el="611" ec="167" bec="0" bev="0" fileid="250" />
                <SequencePoint vc="0" uspid="10388" ordinal="38" offset="990" sl="613" sc="17" el="614" ec="72" bec="0" bev="0" fileid="250" />
                <SequencePoint vc="1" uspid="10389" ordinal="39" offset="1001" sl="616" sc="9" el="616" ec="10" bec="0" bev="0" fileid="250" />
              </SequencePoints>
              <BranchPoints>
                <BranchPoint vc="0" uspid="10390" ordinal="0" offset="25" sl="537" path="0" offsetend="27" fileid="250" />
                <BranchPoint vc="3" uspid="10391" ordinal="1" offset="25" sl="537" path="1" offsetend="55" fileid="250" />
                <BranchPoint vc="3" uspid="10392" ordinal="2" offset="315" sl="554" path="0" offsetend="317" fileid="250" />
                <BranchPoint vc="0" uspid="10393" ordinal="3" offset="315" sl="554" path="1" offsetend="333" fileid="250" />
                <BranchPoint vc="1" uspid="10394" ordinal="4" offset="588" sl="578" path="0" offsetend="593" fileid="250" />
                <BranchPoint vc="1" uspid="10395" ordinal="5" offset="588" sl="578" path="1" offsetend="734" fileid="250" />
                <BranchPoint vc="1" uspid="10396" ordinal="6" offset="891" sl="603" path="0" offsetend="893" fileid="250" />
                <BranchPoint vc="0" uspid="10397" ordinal="7" offset="891" sl="603" path="1" offsetend="899" fileid="250" />
              </BranchPoints>
              <MethodPoint vc="3" uspid="10398" ordinal="0" offset="0" />
            </Method>
            <Method visited="true" cyclomaticComplexity="15" nPathComplexity="512" sequenceCoverage="100" branchCoverage="84.21" isConstructor="false" isStatic="false" isGetter="false" isSetter="false">
              <Summary numSequencePoints="70" visitedSequencePoints="70" numBranchPoints="19" visitedBranchPoints="16" sequenceCoverage="100" branchCoverage="84.21" maxCyclomaticComplexity="15" minCyclomaticComplexity="15" visitedClasses="0" numClasses="0" visitedMethods="1" numMethods="1" />
              <MetadataToken>100664804</MetadataToken>
              <Name>System.Collections.Generic.List`1&lt;SportsWeb.Models.Models.GetScheduleForFieldModel&gt; SportsWeb.Services.Cabinate.AmpLightService.AmpWebCabinet::GetScheduleForField(System.Guid)</Name>
              <FileRef uid="251" />
              <SequencePoints>
                <SequencePoint vc="11" uspid="10399" ordinal="0" offset="13" sl="21" sc="9" el="21" ec="10" bec="0" bev="0" fileid="251" />
                <SequencePoint vc="11" uspid="10400" ordinal="1" offset="14" sl="22" sc="13" el="22" ec="62" bec="0" bev="0" fileid="251" />
                <SequencePoint vc="11" uspid="10401" ordinal="2" offset="36" sl="24" sc="13" el="24" ec="14" bec="0" bev="0" fileid="251" />
                <SequencePoint vc="11" uspid="10402" ordinal="3" offset="37" sl="25" sc="17" el="25" ec="43" bec="2" bev="2" fileid="251" />
                <SequencePoint vc="1" uspid="10403" ordinal="4" offset="59" sl="26" sc="17" el="26" ec="18" bec="0" bev="0" fileid="251" />
                <SequencePoint vc="1" uspid="10404" ordinal="5" offset="60" sl="27" sc="21" el="27" ec="108" bec="0" bev="0" fileid="251" />
                <SequencePoint vc="1" uspid="10405" ordinal="6" offset="76" sl="28" sc="21" el="28" ec="117" bec="0" bev="0" fileid="251" />
                <SequencePoint vc="10" uspid="10406" ordinal="7" offset="87" sl="33" sc="24" el="33" ec="51" bec="0" bev="0" fileid="251" />
                <SequencePoint vc="10" uspid="10407" ordinal="8" offset="95" sl="34" sc="17" el="34" ec="18" bec="0" bev="0" fileid="251" />
                <SequencePoint vc="10" uspid="10408" ordinal="9" offset="96" sl="35" sc="21" el="35" ec="71" bec="0" bev="0" fileid="251" />
                <SequencePoint vc="10" uspid="10409" ordinal="10" offset="105" sl="36" sc="21" el="36" ec="94" bec="0" bev="0" fileid="251" />
                <SequencePoint vc="9" uspid="10410" ordinal="11" offset="267" sl="37" sc="21" el="37" ec="70" bec="0" bev="0" fileid="251" />
                <SequencePoint vc="9" uspid="10411" ordinal="12" offset="276" sl="38" sc="21" el="38" ec="99" bec="0" bev="0" fileid="251" />
                <SequencePoint vc="9" uspid="10412" ordinal="13" offset="453" sl="39" sc="17" el="39" ec="18" bec="0" bev="0" fileid="251" />
                <SequencePoint vc="9" uspid="10413" ordinal="14" offset="469" sl="42" sc="17" el="42" ec="70" bec="0" bev="0" fileid="251" />
                <SequencePoint vc="9" uspid="10414" ordinal="15" offset="482" sl="43" sc="17" el="43" ec="104" bec="0" bev="0" fileid="251" />
                <SequencePoint vc="9" uspid="10415" ordinal="16" offset="507" sl="44" sc="17" el="44" ec="56" bec="0" bev="0" fileid="251" />
                <SequencePoint vc="9" uspid="10416" ordinal="17" offset="523" sl="45" sc="17" el="50" ec="19" bec="0" bev="0" fileid="251" />
                <SequencePoint vc="9" uspid="10417" ordinal="18" offset="579" sl="52" sc="17" el="52" ec="92" bec="0" bev="0" fileid="251" />
                <SequencePoint vc="9" uspid="10418" ordinal="19" offset="611" sl="54" sc="17" el="54" ec="18" bec="0" bev="0" fileid="251" />
                <SequencePoint vc="9" uspid="10419" ordinal="20" offset="612" sl="55" sc="21" el="55" ec="65" bec="0" bev="0" fileid="251" />
                <SequencePoint vc="3" uspid="10420" ordinal="21" offset="623" sl="56" sc="21" el="56" ec="86" bec="2" bev="1" fileid="251" />
                <SequencePoint vc="3" uspid="10421" ordinal="22" offset="641" sl="57" sc="21" el="57" ec="111" bec="0" bev="0" fileid="251" />
                <SequencePoint vc="3" uspid="10422" ordinal="23" offset="703" sl="58" sc="21" el="58" ec="74" bec="0" bev="0" fileid="251" />
                <SequencePoint vc="3" uspid="10423" ordinal="24" offset="710" sl="59" sc="21" el="59" ec="65" bec="4" bev="2" fileid="251" />
                <SequencePoint vc="3" uspid="10424" ordinal="25" offset="737" sl="60" sc="21" el="60" ec="22" bec="0" bev="0" fileid="251" />
                <SequencePoint vc="3" uspid="10425" ordinal="26" offset="738" sl="61" sc="25" el="61" ec="32" bec="0" bev="0" fileid="251" />
                <SequencePoint vc="3" uspid="10426" ordinal="27" offset="739" sl="61" sc="56" el="61" ec="83" bec="0" bev="0" fileid="251" />
                <SequencePoint vc="4" uspid="10427" ordinal="28" offset="756" sl="61" sc="34" el="61" ec="52" bec="0" bev="0" fileid="251" />
                <SequencePoint vc="4" uspid="10428" ordinal="29" offset="763" sl="62" sc="25" el="62" ec="26" bec="0" bev="0" fileid="251" />
                <SequencePoint vc="4" uspid="10429" ordinal="30" offset="764" sl="63" sc="29" el="63" ec="77" bec="0" bev="0" fileid="251" />
                <SequencePoint vc="4" uspid="10430" ordinal="31" offset="773" sl="64" sc="29" el="64" ec="80" bec="0" bev="0" fileid="251" />
                <SequencePoint vc="4" uspid="10431" ordinal="32" offset="787" sl="65" sc="29" el="79" ec="31" bec="0" bev="0" fileid="251" />
                <SequencePoint vc="4" uspid="10432" ordinal="33" offset="1000" sl="80" sc="29" el="80" ec="69" bec="4" bev="4" fileid="251" />
                <SequencePoint vc="2" uspid="10433" ordinal="34" offset="1032" sl="81" sc="29" el="81" ec="30" bec="0" bev="0" fileid="251" />
                <SequencePoint vc="2" uspid="10434" ordinal="35" offset="1033" sl="82" sc="33" el="82" ec="112" bec="0" bev="0" fileid="251" />
                <SequencePoint vc="2" uspid="10435" ordinal="36" offset="1074" sl="83" sc="38" el="83" ec="51" bec="0" bev="0" fileid="251" />
                <SequencePoint vc="1" uspid="10436" ordinal="37" offset="1082" sl="84" sc="33" el="84" ec="34" bec="0" bev="0" fileid="251" />
                <SequencePoint vc="1" uspid="10437" ordinal="38" offset="1083" sl="85" sc="37" el="85" ec="67" bec="0" bev="0" fileid="251" />
                <SequencePoint vc="1" uspid="10438" ordinal="39" offset="1092" sl="86" sc="37" el="102" ec="39" bec="0" bev="0" fileid="251" />
                <SequencePoint vc="1" uspid="10439" ordinal="40" offset="1354" sl="103" sc="37" el="103" ec="64" bec="0" bev="0" fileid="251" />
                <SequencePoint vc="1" uspid="10440" ordinal="41" offset="1364" sl="105" sc="33" el="105" ec="34" bec="0" bev="0" fileid="251" />
                <SequencePoint vc="1" uspid="10441" ordinal="42" offset="1365" sl="83" sc="93" el="83" ec="100" bec="0" bev="0" fileid="251" />
                <SequencePoint vc="3" uspid="10442" ordinal="43" offset="1371" sl="83" sc="53" el="83" ec="91" bec="2" bev="2" fileid="251" />
                <SequencePoint vc="2" uspid="10443" ordinal="44" offset="1398" sl="106" sc="29" el="106" ec="30" bec="0" bev="0" fileid="251" />
                <SequencePoint vc="4" uspid="10444" ordinal="45" offset="1399" sl="107" sc="29" el="107" ec="53" bec="0" bev="0" fileid="251" />
                <SequencePoint vc="4" uspid="10445" ordinal="46" offset="1409" sl="108" sc="25" el="108" ec="26" bec="0" bev="0" fileid="251" />
                <SequencePoint vc="7" uspid="10446" ordinal="47" offset="1416" sl="61" sc="53" el="61" ec="55" bec="0" bev="0" fileid="251" />
                <SequencePoint vc="3" uspid="10447" ordinal="48" offset="1427" sl="109" sc="21" el="109" ec="22" bec="0" bev="0" fileid="251" />
                <SequencePoint vc="3" uspid="10448" ordinal="49" offset="1428" sl="111" sc="21" el="111" ec="38" bec="0" bev="0" fileid="251" />
                <SequencePoint vc="9" uspid="10449" ordinal="50" offset="1437" sl="114" sc="17" el="114" ec="18" bec="0" bev="0" fileid="251" />
                <SequencePoint vc="9" uspid="10450" ordinal="51" offset="1438" sl="115" sc="21" el="115" ec="36" bec="0" bev="0" fileid="251" />
                <SequencePoint vc="9" uspid="10451" ordinal="52" offset="1446" sl="116" sc="17" el="116" ec="18" bec="0" bev="0" fileid="251" />
                <SequencePoint vc="6" uspid="10452" ordinal="53" offset="1448" sl="119" sc="13" el="119" ec="52" bec="0" bev="0" fileid="251" />
                <SequencePoint vc="6" uspid="10453" ordinal="54" offset="1450" sl="120" sc="13" el="120" ec="14" bec="0" bev="0" fileid="251" />
                <SequencePoint vc="6" uspid="10454" ordinal="55" offset="1451" sl="121" sc="17" el="121" ec="104" bec="0" bev="0" fileid="251" />
                <SequencePoint vc="6" uspid="10455" ordinal="56" offset="1485" sl="123" sc="17" el="123" ec="80" bec="0" bev="0" fileid="251" />
                <SequencePoint vc="6" uspid="10456" ordinal="57" offset="1511" sl="124" sc="17" el="124" ec="87" bec="2" bev="2" fileid="251" />
                <SequencePoint vc="1" uspid="10457" ordinal="58" offset="1526" sl="125" sc="17" el="125" ec="18" bec="0" bev="0" fileid="251" />
                <SequencePoint vc="1" uspid="10458" ordinal="59" offset="1527" sl="126" sc="21" el="126" ec="65" bec="0" bev="0" fileid="251" />
                <SequencePoint vc="5" uspid="10459" ordinal="60" offset="1536" sl="129" sc="17" el="130" ec="55" bec="0" bev="0" fileid="251" />
                <SequencePoint vc="5" uspid="10460" ordinal="61" offset="1555" sl="133" sc="17" el="133" ec="122" bec="2" bev="2" fileid="251" />
                <SequencePoint vc="1" uspid="10461" ordinal="62" offset="1572" sl="135" sc="13" el="135" ec="42" bec="0" bev="0" fileid="251" />
                <SequencePoint vc="1" uspid="10462" ordinal="63" offset="1573" sl="136" sc="13" el="136" ec="14" bec="0" bev="0" fileid="251" />
                <SequencePoint vc="1" uspid="10463" ordinal="64" offset="1574" sl="137" sc="17" el="137" ec="23" bec="0" bev="0" fileid="251" />
                <SequencePoint vc="1" uspid="10464" ordinal="65" offset="1576" sl="139" sc="13" el="139" ec="33" bec="0" bev="0" fileid="251" />
                <SequencePoint vc="1" uspid="10465" ordinal="66" offset="1578" sl="140" sc="13" el="140" ec="14" bec="0" bev="0" fileid="251" />
                <SequencePoint vc="1" uspid="10466" ordinal="67" offset="1579" sl="141" sc="17" el="141" ec="102" bec="0" bev="0" fileid="251" />
                <SequencePoint vc="1" uspid="10467" ordinal="68" offset="1597" sl="143" sc="17" el="143" ec="113" bec="0" bev="0" fileid="251" />
                <SequencePoint vc="4" uspid="10468" ordinal="69" offset="1608" sl="145" sc="9" el="145" ec="10" bec="0" bev="0" fileid="251" />
              </SequencePoints>
              <BranchPoints>
                <BranchPoint vc="1" uspid="10469" ordinal="0" offset="57" sl="25" path="0" offsetend="59" fileid="251" />
                <BranchPoint vc="10" uspid="10470" ordinal="1" offset="57" sl="25" path="1" offsetend="87" fileid="251" />
                <BranchPoint vc="0" uspid="10471" ordinal="2" offset="631" sl="56" path="0" offsetend="633" fileid="251" />
                <BranchPoint vc="3" uspid="10472" ordinal="3" offset="631" sl="56" path="1" offsetend="637" fileid="251" />
                <BranchPoint vc="0" uspid="10473" ordinal="4" offset="718" sl="59" path="0" offsetend="720" fileid="251" />
                <BranchPoint vc="3" uspid="10474" ordinal="5" offset="718" sl="59" path="1" offsetend="724" fileid="251" />
                <BranchPoint vc="3" uspid="10475" ordinal="6" offset="732" sl="59" path="0" offsetend="737" fileid="251" />
                <BranchPoint vc="0" uspid="10476" ordinal="7" offset="732" sl="59" path="1" offsetend="1428" fileid="251" />
                <BranchPoint vc="2" uspid="10477" ordinal="8" offset="1013" sl="80" path="0" offsetend="1015" fileid="251" />
                <BranchPoint vc="2" uspid="10478" ordinal="9" offset="1013" sl="80" path="1" offsetend="1019" fileid="251" />
                <BranchPoint vc="2" uspid="10479" ordinal="10" offset="1027" sl="80" path="0" offsetend="1032" fileid="251" />
                <BranchPoint vc="2" uspid="10480" ordinal="11" offset="1027" sl="80" path="1" offsetend="1399" fileid="251" />
                <BranchPoint vc="2" uspid="10481" ordinal="12" offset="1393" sl="83" path="0" offsetend="1398" fileid="251" />
                <BranchPoint vc="1" uspid="10482" ordinal="13" offset="1393" sl="83" path="1" offsetend="1082" fileid="251" />
                <BranchPoint vc="1" uspid="10485" ordinal="16" offset="1524" sl="124" path="0" offsetend="1526" fileid="251" />
                <BranchPoint vc="5" uspid="10486" ordinal="17" offset="1524" sl="124" path="1" offsetend="1536" fileid="251" />
                <BranchPoint vc="1" uspid="10487" ordinal="18" offset="1558" sl="133" path="0" offsetend="1560" fileid="251" />
                <BranchPoint vc="4" uspid="10488" ordinal="19" offset="1558" sl="133" path="1" offsetend="1566" fileid="251" />
              </BranchPoints>
              <MethodPoint vc="11" uspid="10489" ordinal="0" offset="0" />
            </Method>
            <Method visited="true" cyclomaticComplexity="5" nPathComplexity="8" sequenceCoverage="93.18" branchCoverage="85.71" isConstructor="false" isStatic="false" isGetter="false" isSetter="false">
              <Summary numSequencePoints="44" visitedSequencePoints="41" numBranchPoints="7" visitedBranchPoints="6" sequenceCoverage="93.18" branchCoverage="85.71" maxCyclomaticComplexity="5" minCyclomaticComplexity="5" visitedClasses="0" numClasses="0" visitedMethods="1" numMethods="1" />
              <MetadataToken>100664805</MetadataToken>
              <Name>System.Void SportsWeb.Services.Cabinate.AmpLightService.AmpWebCabinet::RemoveSchedule(System.Guid,System.Int64)</Name>
              <FileRef uid="251" />
              <SequencePoints>
                <SequencePoint vc="10" uspid="10490" ordinal="0" offset="13" sl="148" sc="9" el="148" ec="10" bec="0" bev="0" fileid="251" />
                <SequencePoint vc="10" uspid="10491" ordinal="1" offset="14" sl="149" sc="13" el="149" ec="57" bec="0" bev="0" fileid="251" />
                <SequencePoint vc="10" uspid="10492" ordinal="2" offset="30" sl="151" sc="13" el="151" ec="14" bec="0" bev="0" fileid="251" />
                <SequencePoint vc="10" uspid="10493" ordinal="3" offset="31" sl="152" sc="17" el="152" ec="43" bec="2" bev="2" fileid="251" />
                <SequencePoint vc="1" uspid="10494" ordinal="4" offset="53" sl="153" sc="17" el="153" ec="18" bec="0" bev="0" fileid="251" />
                <SequencePoint vc="1" uspid="10495" ordinal="5" offset="54" sl="154" sc="21" el="154" ec="103" bec="0" bev="0" fileid="251" />
                <SequencePoint vc="1" uspid="10496" ordinal="6" offset="70" sl="155" sc="21" el="155" ec="121" bec="0" bev="0" fileid="251" />
                <SequencePoint vc="9" uspid="10497" ordinal="7" offset="81" sl="157" sc="17" el="157" ec="37" bec="2" bev="1" fileid="251" />
                <SequencePoint vc="0" uspid="10498" ordinal="8" offset="92" sl="158" sc="17" el="158" ec="18" bec="0" bev="0" fileid="251" />
                <SequencePoint vc="0" uspid="10499" ordinal="9" offset="93" sl="159" sc="21" el="159" ec="106" bec="0" bev="0" fileid="251" />
                <SequencePoint vc="0" uspid="10500" ordinal="10" offset="109" sl="160" sc="21" el="160" ec="121" bec="0" bev="0" fileid="251" />
                <SequencePoint vc="9" uspid="10501" ordinal="11" offset="120" sl="165" sc="24" el="165" ec="51" bec="0" bev="0" fileid="251" />
                <SequencePoint vc="9" uspid="10502" ordinal="12" offset="135" sl="166" sc="17" el="166" ec="18" bec="0" bev="0" fileid="251" />
                <SequencePoint vc="9" uspid="10503" ordinal="13" offset="136" sl="167" sc="21" el="167" ec="71" bec="0" bev="0" fileid="251" />
                <SequencePoint vc="9" uspid="10504" ordinal="14" offset="145" sl="168" sc="21" el="168" ec="98" bec="0" bev="0" fileid="251" />
                <SequencePoint vc="8" uspid="10505" ordinal="15" offset="308" sl="170" sc="21" el="170" ec="70" bec="0" bev="0" fileid="251" />
                <SequencePoint vc="8" uspid="10506" ordinal="16" offset="317" sl="171" sc="21" el="171" ec="99" bec="0" bev="0" fileid="251" />
                <SequencePoint vc="8" uspid="10507" ordinal="17" offset="495" sl="172" sc="17" el="172" ec="18" bec="0" bev="0" fileid="251" />
                <SequencePoint vc="8" uspid="10508" ordinal="18" offset="511" sl="175" sc="17" el="175" ec="70" bec="0" bev="0" fileid="251" />
                <SequencePoint vc="8" uspid="10509" ordinal="19" offset="524" sl="176" sc="17" el="176" ec="104" bec="0" bev="0" fileid="251" />
                <SequencePoint vc="8" uspid="10510" ordinal="20" offset="548" sl="177" sc="17" el="177" ec="56" bec="0" bev="0" fileid="251" />
                <SequencePoint vc="8" uspid="10511" ordinal="21" offset="564" sl="179" sc="17" el="184" ec="19" bec="0" bev="0" fileid="251" />
                <SequencePoint vc="8" uspid="10512" ordinal="22" offset="605" sl="186" sc="17" el="186" ec="95" bec="0" bev="0" fileid="251" />
                <SequencePoint vc="8" uspid="10513" ordinal="23" offset="632" sl="188" sc="17" el="188" ec="18" bec="0" bev="0" fileid="251" />
                <SequencePoint vc="8" uspid="10514" ordinal="24" offset="633" sl="189" sc="21" el="189" ec="52" bec="0" bev="0" fileid="251" />
                <SequencePoint vc="1" uspid="10515" ordinal="25" offset="642" sl="190" sc="17" el="190" ec="18" bec="0" bev="0" fileid="251" />
                <SequencePoint vc="8" uspid="10516" ordinal="26" offset="645" sl="192" sc="17" el="192" ec="18" bec="0" bev="0" fileid="251" />
                <SequencePoint vc="8" uspid="10517" ordinal="27" offset="646" sl="193" sc="21" el="193" ec="36" bec="0" bev="0" fileid="251" />
                <SequencePoint vc="8" uspid="10518" ordinal="28" offset="653" sl="194" sc="17" el="194" ec="18" bec="0" bev="0" fileid="251" />
                <SequencePoint vc="1" uspid="10519" ordinal="29" offset="655" sl="196" sc="13" el="196" ec="14" bec="0" bev="0" fileid="251" />
                <SequencePoint vc="7" uspid="10520" ordinal="30" offset="661" sl="197" sc="13" el="197" ec="52" bec="0" bev="0" fileid="251" />
                <SequencePoint vc="7" uspid="10521" ordinal="31" offset="663" sl="198" sc="13" el="198" ec="14" bec="0" bev="0" fileid="251" />
                <SequencePoint vc="7" uspid="10522" ordinal="32" offset="664" sl="199" sc="17" el="199" ec="102" bec="0" bev="0" fileid="251" />
                <SequencePoint vc="7" uspid="10523" ordinal="33" offset="693" sl="201" sc="17" el="201" ec="80" bec="0" bev="0" fileid="251" />
                <SequencePoint vc="7" uspid="10524" ordinal="34" offset="719" sl="204" sc="17" el="205" ec="55" bec="0" bev="0" fileid="251" />
                <SequencePoint vc="7" uspid="10525" ordinal="35" offset="738" sl="208" sc="17" el="208" ec="126" bec="2" bev="2" fileid="251" />
                <SequencePoint vc="1" uspid="10526" ordinal="36" offset="755" sl="210" sc="13" el="210" ec="42" bec="0" bev="0" fileid="251" />
                <SequencePoint vc="1" uspid="10527" ordinal="37" offset="756" sl="211" sc="13" el="211" ec="14" bec="0" bev="0" fileid="251" />
                <SequencePoint vc="1" uspid="10528" ordinal="38" offset="757" sl="212" sc="17" el="212" ec="23" bec="0" bev="0" fileid="251" />
                <SequencePoint vc="1" uspid="10529" ordinal="39" offset="759" sl="214" sc="13" el="214" ec="33" bec="0" bev="0" fileid="251" />
                <SequencePoint vc="1" uspid="10530" ordinal="40" offset="761" sl="215" sc="13" el="215" ec="14" bec="0" bev="0" fileid="251" />
                <SequencePoint vc="1" uspid="10531" ordinal="41" offset="762" sl="216" sc="17" el="216" ec="97" bec="0" bev="0" fileid="251" />
                <SequencePoint vc="1" uspid="10532" ordinal="42" offset="780" sl="218" sc="17" el="218" ec="117" bec="0" bev="0" fileid="251" />
                <SequencePoint vc="1" uspid="10533" ordinal="43" offset="791" sl="220" sc="9" el="220" ec="10" bec="0" bev="0" fileid="251" />
              </SequencePoints>
              <BranchPoints>
                <BranchPoint vc="1" uspid="10534" ordinal="0" offset="51" sl="152" path="0" offsetend="53" fileid="251" />
                <BranchPoint vc="9" uspid="10535" ordinal="1" offset="51" sl="152" path="1" offsetend="81" fileid="251" />
                <BranchPoint vc="0" uspid="10536" ordinal="2" offset="90" sl="157" path="0" offsetend="92" fileid="251" />
                <BranchPoint vc="9" uspid="10537" ordinal="3" offset="90" sl="157" path="1" offsetend="120" fileid="251" />
                <BranchPoint vc="1" uspid="10538" ordinal="4" offset="741" sl="208" path="0" offsetend="743" fileid="251" />
                <BranchPoint vc="6" uspid="10539" ordinal="5" offset="741" sl="208" path="1" offsetend="749" fileid="251" />
              </BranchPoints>
              <MethodPoint vc="10" uspid="10540" ordinal="0" offset="0" />
            </Method>
            <Method visited="true" cyclomaticComplexity="9" nPathComplexity="32" sequenceCoverage="100" branchCoverage="90.91" isConstructor="false" isStatic="false" isGetter="false" isSetter="false">
              <Summary numSequencePoints="42" visitedSequencePoints="42" numBranchPoints="11" visitedBranchPoints="10" sequenceCoverage="100" branchCoverage="90.91" maxCyclomaticComplexity="9" minCyclomaticComplexity="9" visitedClasses="0" numClasses="0" visitedMethods="1" numMethods="1" />
              <MetadataToken>100664806</MetadataToken>
              <Name>System.Int64 SportsWeb.Services.Cabinate.AmpLightService.AmpWebCabinet::CreateScheduleForField(SportsWeb.Models.Models.ScheduleForFieldModel)</Name>
              <FileRef uid="251" />
              <SequencePoints>
                <SequencePoint vc="25" uspid="10541" ordinal="0" offset="0" sl="223" sc="9" el="223" ec="10" bec="0" bev="0" fileid="251" />
                <SequencePoint vc="25" uspid="10542" ordinal="1" offset="1" sl="224" sc="13" el="224" ec="31" bec="2" bev="2" fileid="251" />
                <SequencePoint vc="1" uspid="10543" ordinal="2" offset="9" sl="225" sc="13" el="225" ec="14" bec="0" bev="0" fileid="251" />
                <SequencePoint vc="1" uspid="10544" ordinal="3" offset="10" sl="226" sc="17" el="226" ec="105" bec="0" bev="0" fileid="251" />
                <SequencePoint vc="1" uspid="10545" ordinal="4" offset="26" sl="227" sc="17" el="227" ec="110" bec="0" bev="0" fileid="251" />
                <SequencePoint vc="24" uspid="10546" ordinal="5" offset="44" sl="231" sc="13" el="231" ec="14" bec="0" bev="0" fileid="251" />
                <SequencePoint vc="24" uspid="10547" ordinal="6" offset="45" sl="235" sc="24" el="235" ec="51" bec="0" bev="0" fileid="251" />
                <SequencePoint vc="24" uspid="10548" ordinal="7" offset="53" sl="236" sc="17" el="236" ec="18" bec="0" bev="0" fileid="251" />
                <SequencePoint vc="24" uspid="10549" ordinal="8" offset="54" sl="237" sc="21" el="237" ec="77" bec="0" bev="0" fileid="251" />
                <SequencePoint vc="24" uspid="10550" ordinal="9" offset="63" sl="238" sc="21" el="238" ec="64" bec="0" bev="0" fileid="251" />
                <SequencePoint vc="24" uspid="10551" ordinal="10" offset="82" sl="240" sc="21" el="240" ec="70" bec="0" bev="0" fileid="251" />
                <SequencePoint vc="24" uspid="10552" ordinal="11" offset="91" sl="241" sc="21" el="241" ec="99" bec="0" bev="0" fileid="251" />
                <SequencePoint vc="23" uspid="10553" ordinal="12" offset="268" sl="242" sc="17" el="242" ec="18" bec="0" bev="0" fileid="251" />
                <SequencePoint vc="23" uspid="10554" ordinal="13" offset="284" sl="243" sc="17" el="243" ec="70" bec="0" bev="0" fileid="251" />
                <SequencePoint vc="23" uspid="10555" ordinal="14" offset="297" sl="244" sc="17" el="244" ec="104" bec="0" bev="0" fileid="251" />
                <SequencePoint vc="23" uspid="10556" ordinal="15" offset="322" sl="246" sc="17" el="246" ec="36" bec="2" bev="1" fileid="251" />
                <SequencePoint vc="23" uspid="10557" ordinal="16" offset="333" sl="247" sc="21" el="247" ec="60" bec="0" bev="0" fileid="251" />
                <SequencePoint vc="23" uspid="10558" ordinal="17" offset="349" sl="249" sc="17" el="249" ec="52" bec="0" bev="0" fileid="251" />
                <SequencePoint vc="23" uspid="10559" ordinal="18" offset="352" sl="250" sc="17" el="250" ec="77" bec="2" bev="2" fileid="251" />
                <SequencePoint vc="3" uspid="10560" ordinal="19" offset="367" sl="251" sc="17" el="251" ec="18" bec="0" bev="0" fileid="251" />
                <SequencePoint vc="3" uspid="10561" ordinal="20" offset="368" sl="252" sc="21" el="255" ec="23" bec="0" bev="0" fileid="251" />
                <SequencePoint vc="2" uspid="10562" ordinal="21" offset="398" sl="256" sc="17" el="256" ec="18" bec="0" bev="0" fileid="251" />
                <SequencePoint vc="22" uspid="10563" ordinal="22" offset="399" sl="260" sc="17" el="276" ec="19" bec="0" bev="0" fileid="251" />
                <SequencePoint vc="22" uspid="10564" ordinal="23" offset="560" sl="277" sc="17" el="302" ec="19" bec="2" bev="2" fileid="251" />
                <SequencePoint vc="22" uspid="10565" ordinal="24" offset="808" sl="304" sc="17" el="304" ec="105" bec="0" bev="0" fileid="251" />
                <SequencePoint vc="22" uspid="10566" ordinal="25" offset="840" sl="306" sc="17" el="306" ec="63" bec="0" bev="0" fileid="251" />
                <SequencePoint vc="2" uspid="10567" ordinal="26" offset="851" sl="307" sc="17" el="307" ec="175" bec="0" bev="0" fileid="251" />
                <SequencePoint vc="2" uspid="10568" ordinal="27" offset="928" sl="308" sc="17" el="308" ec="58" bec="0" bev="0" fileid="251" />
                <SequencePoint vc="20" uspid="10569" ordinal="28" offset="947" sl="310" sc="13" el="310" ec="52" bec="0" bev="0" fileid="251" />
                <SequencePoint vc="20" uspid="10570" ordinal="29" offset="949" sl="311" sc="13" el="311" ec="14" bec="0" bev="0" fileid="251" />
                <SequencePoint vc="20" uspid="10571" ordinal="30" offset="950" sl="312" sc="17" el="312" ec="115" bec="0" bev="0" fileid="251" />
                <SequencePoint vc="20" uspid="10572" ordinal="31" offset="989" sl="313" sc="17" el="313" ec="63" bec="0" bev="0" fileid="251" />
                <SequencePoint vc="20" uspid="10573" ordinal="32" offset="1010" sl="314" sc="17" el="315" ec="83" bec="0" bev="0" fileid="251" />
                <SequencePoint vc="20" uspid="10574" ordinal="33" offset="1034" sl="316" sc="17" el="316" ec="119" bec="2" bev="2" fileid="251" />
                <SequencePoint vc="1" uspid="10575" ordinal="34" offset="1051" sl="318" sc="13" el="318" ec="42" bec="0" bev="0" fileid="251" />
                <SequencePoint vc="1" uspid="10576" ordinal="35" offset="1052" sl="319" sc="13" el="319" ec="14" bec="0" bev="0" fileid="251" />
                <SequencePoint vc="1" uspid="10577" ordinal="36" offset="1053" sl="320" sc="17" el="320" ec="23" bec="0" bev="0" fileid="251" />
                <SequencePoint vc="1" uspid="10578" ordinal="37" offset="1055" sl="322" sc="13" el="322" ec="33" bec="0" bev="0" fileid="251" />
                <SequencePoint vc="1" uspid="10579" ordinal="38" offset="1057" sl="323" sc="13" el="323" ec="14" bec="0" bev="0" fileid="251" />
                <SequencePoint vc="1" uspid="10580" ordinal="39" offset="1058" sl="324" sc="17" el="324" ec="135" bec="0" bev="0" fileid="251" />
                <SequencePoint vc="1" uspid="10581" ordinal="40" offset="1097" sl="325" sc="17" el="326" ec="82" bec="0" bev="0" fileid="251" />
                <SequencePoint vc="2" uspid="10582" ordinal="41" offset="1108" sl="328" sc="9" el="328" ec="10" bec="0" bev="0" fileid="251" />
              </SequencePoints>
              <BranchPoints>
                <BranchPoint vc="1" uspid="10583" ordinal="0" offset="7" sl="224" path="0" offsetend="9" fileid="251" />
                <BranchPoint vc="24" uspid="10584" ordinal="1" offset="7" sl="224" path="1" offsetend="37" fileid="251" />
                <BranchPoint vc="23" uspid="10585" ordinal="2" offset="331" sl="246" path="0" offsetend="333" fileid="251" />
                <BranchPoint vc="0" uspid="10586" ordinal="3" offset="331" sl="246" path="1" offsetend="349" fileid="251" />
                <BranchPoint vc="3" uspid="10587" ordinal="4" offset="365" sl="250" path="0" offsetend="367" fileid="251" />
                <BranchPoint vc="20" uspid="10588" ordinal="5" offset="365" sl="250" path="1" offsetend="399" fileid="251" />
                <BranchPoint vc="20" uspid="10591" ordinal="8" offset="776" sl="277" path="0" offsetend="778" fileid="251" />
                <BranchPoint vc="2" uspid="10592" ordinal="9" offset="776" sl="277" path="1" offsetend="781" fileid="251" />
                <BranchPoint vc="1" uspid="10593" ordinal="10" offset="1037" sl="316" path="0" offsetend="1039" fileid="251" />
                <BranchPoint vc="19" uspid="10594" ordinal="11" offset="1037" sl="316" path="1" offsetend="1045" fileid="251" />
              </BranchPoints>
              <MethodPoint xsi:type="SequencePoint" vc="25" uspid="10541" ordinal="0" offset="0" sl="223" sc="9" el="223" ec="10" bec="0" bev="0" fileid="251" />
            </Method>
            <Method visited="true" cyclomaticComplexity="9" nPathComplexity="32" sequenceCoverage="97.62" branchCoverage="81.82" isConstructor="false" isStatic="false" isGetter="false" isSetter="false">
              <Summary numSequencePoints="42" visitedSequencePoints="41" numBranchPoints="11" visitedBranchPoints="9" sequenceCoverage="97.62" branchCoverage="81.82" maxCyclomaticComplexity="9" minCyclomaticComplexity="9" visitedClasses="0" numClasses="0" visitedMethods="1" numMethods="1" />
              <MetadataToken>100664807</MetadataToken>
              <Name>System.Void SportsWeb.Services.Cabinate.AmpLightService.AmpWebCabinet::EditScheduleForField(SportsWeb.Models.Models.EditScheduleForFieldModel)</Name>
              <FileRef uid="251" />
              <SequencePoints>
                <SequencePoint vc="26" uspid="10595" ordinal="0" offset="0" sl="331" sc="9" el="331" ec="10" bec="0" bev="0" fileid="251" />
                <SequencePoint vc="26" uspid="10596" ordinal="1" offset="1" sl="332" sc="13" el="332" ec="31" bec="2" bev="2" fileid="251" />
                <SequencePoint vc="1" uspid="10597" ordinal="2" offset="9" sl="333" sc="13" el="333" ec="14" bec="0" bev="0" fileid="251" />
                <SequencePoint vc="1" uspid="10598" ordinal="3" offset="10" sl="334" sc="17" el="334" ec="103" bec="0" bev="0" fileid="251" />
                <SequencePoint vc="1" uspid="10599" ordinal="4" offset="26" sl="335" sc="17" el="335" ec="113" bec="0" bev="0" fileid="251" />
                <SequencePoint vc="25" uspid="10600" ordinal="5" offset="44" sl="339" sc="13" el="339" ec="14" bec="0" bev="0" fileid="251" />
                <SequencePoint vc="25" uspid="10601" ordinal="6" offset="45" sl="343" sc="24" el="343" ec="51" bec="0" bev="0" fileid="251" />
                <SequencePoint vc="25" uspid="10602" ordinal="7" offset="53" sl="344" sc="17" el="344" ec="18" bec="0" bev="0" fileid="251" />
                <SequencePoint vc="25" uspid="10603" ordinal="8" offset="54" sl="345" sc="21" el="345" ec="77" bec="0" bev="0" fileid="251" />
                <SequencePoint vc="25" uspid="10604" ordinal="9" offset="63" sl="346" sc="21" el="346" ec="64" bec="0" bev="0" fileid="251" />
                <SequencePoint vc="25" uspid="10605" ordinal="10" offset="82" sl="348" sc="21" el="348" ec="70" bec="0" bev="0" fileid="251" />
                <SequencePoint vc="25" uspid="10606" ordinal="11" offset="91" sl="349" sc="21" el="349" ec="99" bec="0" bev="0" fileid="251" />
                <SequencePoint vc="24" uspid="10607" ordinal="12" offset="268" sl="350" sc="17" el="350" ec="18" bec="0" bev="0" fileid="251" />
                <SequencePoint vc="24" uspid="10608" ordinal="13" offset="284" sl="351" sc="17" el="351" ec="70" bec="0" bev="0" fileid="251" />
                <SequencePoint vc="24" uspid="10609" ordinal="14" offset="297" sl="352" sc="17" el="352" ec="104" bec="0" bev="0" fileid="251" />
                <SequencePoint vc="24" uspid="10610" ordinal="15" offset="322" sl="354" sc="17" el="354" ec="36" bec="2" bev="1" fileid="251" />
                <SequencePoint vc="24" uspid="10611" ordinal="16" offset="333" sl="355" sc="21" el="355" ec="60" bec="0" bev="0" fileid="251" />
                <SequencePoint vc="24" uspid="10612" ordinal="17" offset="349" sl="357" sc="17" el="357" ec="52" bec="0" bev="0" fileid="251" />
                <SequencePoint vc="24" uspid="10613" ordinal="18" offset="352" sl="358" sc="17" el="358" ec="77" bec="2" bev="2" fileid="251" />
                <SequencePoint vc="1" uspid="10614" ordinal="19" offset="367" sl="359" sc="17" el="359" ec="18" bec="0" bev="0" fileid="251" />
                <SequencePoint vc="1" uspid="10615" ordinal="20" offset="368" sl="360" sc="21" el="363" ec="23" bec="0" bev="0" fileid="251" />
                <SequencePoint vc="0" uspid="10616" ordinal="21" offset="398" sl="364" sc="17" el="364" ec="18" bec="0" bev="0" fileid="251" />
                <SequencePoint vc="23" uspid="10617" ordinal="22" offset="399" sl="368" sc="17" el="384" ec="19" bec="0" bev="0" fileid="251" />
                <SequencePoint vc="23" uspid="10618" ordinal="23" offset="560" sl="385" sc="17" el="407" ec="19" bec="2" bev="1" fileid="251" />
                <SequencePoint vc="23" uspid="10619" ordinal="24" offset="813" sl="409" sc="17" el="409" ec="99" bec="0" bev="0" fileid="251" />
                <SequencePoint vc="23" uspid="10620" ordinal="25" offset="845" sl="411" sc="17" el="411" ec="61" bec="0" bev="0" fileid="251" />
                <SequencePoint vc="2" uspid="10621" ordinal="26" offset="856" sl="412" sc="17" el="412" ec="166" bec="0" bev="0" fileid="251" />
                <SequencePoint vc="2" uspid="10622" ordinal="27" offset="928" sl="414" sc="13" el="414" ec="14" bec="0" bev="0" fileid="251" />
                <SequencePoint vc="21" uspid="10623" ordinal="28" offset="934" sl="415" sc="13" el="415" ec="52" bec="0" bev="0" fileid="251" />
                <SequencePoint vc="21" uspid="10624" ordinal="29" offset="936" sl="416" sc="13" el="416" ec="14" bec="0" bev="0" fileid="251" />
                <SequencePoint vc="21" uspid="10625" ordinal="30" offset="937" sl="417" sc="17" el="417" ec="109" bec="0" bev="0" fileid="251" />
                <SequencePoint vc="21" uspid="10626" ordinal="31" offset="976" sl="418" sc="17" el="418" ec="63" bec="0" bev="0" fileid="251" />
                <SequencePoint vc="21" uspid="10627" ordinal="32" offset="997" sl="419" sc="17" el="420" ec="83" bec="0" bev="0" fileid="251" />
                <SequencePoint vc="21" uspid="10628" ordinal="33" offset="1021" sl="421" sc="17" el="421" ec="122" bec="2" bev="2" fileid="251" />
                <SequencePoint vc="1" uspid="10629" ordinal="34" offset="1038" sl="423" sc="13" el="423" ec="42" bec="0" bev="0" fileid="251" />
                <SequencePoint vc="1" uspid="10630" ordinal="35" offset="1039" sl="424" sc="13" el="424" ec="14" bec="0" bev="0" fileid="251" />
                <SequencePoint vc="1" uspid="10631" ordinal="36" offset="1040" sl="425" sc="17" el="425" ec="23" bec="0" bev="0" fileid="251" />
                <SequencePoint vc="1" uspid="10632" ordinal="37" offset="1042" sl="427" sc="13" el="427" ec="33" bec="0" bev="0" fileid="251" />
                <SequencePoint vc="1" uspid="10633" ordinal="38" offset="1044" sl="428" sc="13" el="428" ec="14" bec="0" bev="0" fileid="251" />
                <SequencePoint vc="1" uspid="10634" ordinal="39" offset="1045" sl="429" sc="17" el="429" ec="129" bec="0" bev="0" fileid="251" />
                <SequencePoint vc="1" uspid="10635" ordinal="40" offset="1084" sl="430" sc="17" el="431" ec="85" bec="0" bev="0" fileid="251" />
                <SequencePoint vc="2" uspid="10636" ordinal="41" offset="1095" sl="433" sc="9" el="433" ec="10" bec="0" bev="0" fileid="251" />
              </SequencePoints>
              <BranchPoints>
                <BranchPoint vc="1" uspid="10637" ordinal="0" offset="7" sl="332" path="0" offsetend="9" fileid="251" />
                <BranchPoint vc="25" uspid="10638" ordinal="1" offset="7" sl="332" path="1" offsetend="37" fileid="251" />
                <BranchPoint vc="24" uspid="10639" ordinal="2" offset="331" sl="354" path="0" offsetend="333" fileid="251" />
                <BranchPoint vc="0" uspid="10640" ordinal="3" offset="331" sl="354" path="1" offsetend="349" fileid="251" />
                <BranchPoint vc="1" uspid="10641" ordinal="4" offset="365" sl="358" path="0" offsetend="367" fileid="251" />
                <BranchPoint vc="23" uspid="10642" ordinal="5" offset="365" sl="358" path="1" offsetend="399" fileid="251" />
                <BranchPoint vc="23" uspid="10645" ordinal="8" offset="768" sl="385" path="0" offsetend="770" fileid="251" />
                <BranchPoint vc="0" uspid="10646" ordinal="9" offset="768" sl="385" path="1" offsetend="773" fileid="251" />
                <BranchPoint vc="1" uspid="10647" ordinal="10" offset="1024" sl="421" path="0" offsetend="1026" fileid="251" />
                <BranchPoint vc="20" uspid="10648" ordinal="11" offset="1024" sl="421" path="1" offsetend="1032" fileid="251" />
              </BranchPoints>
              <MethodPoint xsi:type="SequencePoint" vc="26" uspid="10595" ordinal="0" offset="0" sl="331" sc="9" el="331" ec="10" bec="0" bev="0" fileid="251" />
            </Method>
            <Method visited="true" cyclomaticComplexity="5" nPathComplexity="8" sequenceCoverage="90.91" branchCoverage="85.71" isConstructor="false" isStatic="false" isGetter="false" isSetter="false">
              <Summary numSequencePoints="33" visitedSequencePoints="30" numBranchPoints="7" visitedBranchPoints="6" sequenceCoverage="90.91" branchCoverage="85.71" maxCyclomaticComplexity="5" minCyclomaticComplexity="5" visitedClasses="0" numClasses="0" visitedMethods="1" numMethods="1" />
              <MetadataToken>100664808</MetadataToken>
              <Name>System.Int64 SportsWeb.Services.Cabinate.AmpLightService.AmpWebCabinet::CreateCustomer(SportsWeb.Models.CustomerModel)</Name>
              <FileRef uid="252" />
              <SequencePoints>
                <SequencePoint vc="16" uspid="10649" ordinal="0" offset="13" sl="34" sc="9" el="34" ec="10" bec="0" bev="0" fileid="252" />
                <SequencePoint vc="16" uspid="10650" ordinal="1" offset="14" sl="35" sc="13" el="35" ec="34" bec="2" bev="2" fileid="252" />
                <SequencePoint vc="1" uspid="10651" ordinal="2" offset="27" sl="36" sc="13" el="36" ec="14" bec="0" bev="0" fileid="252" />
                <SequencePoint vc="1" uspid="10652" ordinal="3" offset="28" sl="37" sc="17" el="37" ec="98" bec="0" bev="0" fileid="252" />
                <SequencePoint vc="1" uspid="10653" ordinal="4" offset="44" sl="38" sc="17" el="38" ec="92" bec="0" bev="0" fileid="252" />
                <SequencePoint vc="15" uspid="10654" ordinal="5" offset="55" sl="40" sc="13" el="40" ec="67" bec="0" bev="0" fileid="252" />
                <SequencePoint vc="15" uspid="10655" ordinal="6" offset="67" sl="42" sc="13" el="42" ec="52" bec="0" bev="0" fileid="252" />
                <SequencePoint vc="15" uspid="10656" ordinal="7" offset="83" sl="45" sc="13" el="45" ec="14" bec="0" bev="0" fileid="252" />
                <SequencePoint vc="15" uspid="10657" ordinal="8" offset="84" sl="46" sc="17" el="46" ec="57" bec="0" bev="0" fileid="252" />
                <SequencePoint vc="15" uspid="10658" ordinal="9" offset="90" sl="47" sc="17" el="48" ec="60" bec="0" bev="0" fileid="252" />
                <SequencePoint vc="15" uspid="10659" ordinal="10" offset="156" sl="50" sc="17" el="50" ec="84" bec="0" bev="0" fileid="252" />
                <SequencePoint vc="15" uspid="10660" ordinal="11" offset="172" sl="52" sc="17" el="52" ec="69" bec="0" bev="0" fileid="252" />
                <SequencePoint vc="15" uspid="10661" ordinal="12" offset="188" sl="54" sc="17" el="54" ec="68" bec="0" bev="0" fileid="252" />
                <SequencePoint vc="1" uspid="10662" ordinal="13" offset="198" sl="56" sc="17" el="56" ec="101" bec="0" bev="0" fileid="252" />
                <SequencePoint vc="1" uspid="10663" ordinal="14" offset="236" sl="58" sc="17" el="58" ec="32" bec="0" bev="0" fileid="252" />
                <SequencePoint vc="1" uspid="10664" ordinal="15" offset="243" sl="60" sc="17" el="60" ec="69" bec="0" bev="0" fileid="252" />
                <SequencePoint vc="13" uspid="10665" ordinal="16" offset="267" sl="63" sc="13" el="63" ec="52" bec="0" bev="0" fileid="252" />
                <SequencePoint vc="13" uspid="10666" ordinal="17" offset="269" sl="64" sc="13" el="64" ec="14" bec="0" bev="0" fileid="252" />
                <SequencePoint vc="13" uspid="10667" ordinal="18" offset="270" sl="65" sc="17" el="65" ec="80" bec="0" bev="0" fileid="252" />
                <SequencePoint vc="13" uspid="10668" ordinal="19" offset="288" sl="66" sc="17" el="66" ec="80" bec="0" bev="0" fileid="252" />
                <SequencePoint vc="13" uspid="10669" ordinal="20" offset="314" sl="68" sc="17" el="74" ec="24" bec="0" bev="0" fileid="252" />
                <SequencePoint vc="13" uspid="10670" ordinal="21" offset="402" sl="76" sc="17" el="76" ec="96" bec="2" bev="2" fileid="252" />
                <SequencePoint vc="0" uspid="10671" ordinal="22" offset="419" sl="80" sc="13" el="80" ec="42" bec="0" bev="0" fileid="252" />
                <SequencePoint vc="0" uspid="10672" ordinal="23" offset="420" sl="81" sc="13" el="81" ec="14" bec="0" bev="0" fileid="252" />
                <SequencePoint vc="0" uspid="10673" ordinal="24" offset="421" sl="82" sc="17" el="82" ec="23" bec="0" bev="0" fileid="252" />
                <SequencePoint vc="1" uspid="10674" ordinal="25" offset="423" sl="84" sc="13" el="84" ec="33" bec="0" bev="0" fileid="252" />
                <SequencePoint vc="1" uspid="10675" ordinal="26" offset="425" sl="85" sc="13" el="85" ec="14" bec="0" bev="0" fileid="252" />
                <SequencePoint vc="1" uspid="10676" ordinal="27" offset="426" sl="86" sc="17" el="86" ec="79" bec="0" bev="0" fileid="252" />
                <SequencePoint vc="1" uspid="10677" ordinal="28" offset="444" sl="89" sc="17" el="89" ec="87" bec="0" bev="0" fileid="252" />
                <SequencePoint vc="15" uspid="10678" ordinal="29" offset="455" sl="92" sc="13" el="92" ec="14" bec="0" bev="0" fileid="252" />
                <SequencePoint vc="15" uspid="10679" ordinal="30" offset="456" sl="93" sc="17" el="93" ec="33" bec="2" bev="1" fileid="252" />
                <SequencePoint vc="15" uspid="10680" ordinal="31" offset="468" sl="94" sc="13" el="94" ec="14" bec="0" bev="0" fileid="252" />
                <SequencePoint vc="1" uspid="10681" ordinal="32" offset="470" sl="95" sc="9" el="95" ec="10" bec="0" bev="0" fileid="252" />
              </SequencePoints>
              <BranchPoints>
                <BranchPoint vc="1" uspid="10682" ordinal="0" offset="25" sl="35" path="0" offsetend="27" fileid="252" />
                <BranchPoint vc="15" uspid="10683" ordinal="1" offset="25" sl="35" path="1" offsetend="55" fileid="252" />
                <BranchPoint vc="1" uspid="10686" ordinal="4" offset="405" sl="76" path="0" offsetend="407" fileid="252" />
                <BranchPoint vc="12" uspid="10687" ordinal="5" offset="405" sl="76" path="1" offsetend="413" fileid="252" />
                <BranchPoint vc="0" uspid="10688" ordinal="6" offset="457" sl="93" path="0" offsetchain="459" offsetend="468" fileid="252" />
                <BranchPoint vc="15" uspid="10689" ordinal="7" offset="457" sl="93" path="1" offsetend="461" fileid="252" />
              </BranchPoints>
              <MethodPoint vc="16" uspid="10690" ordinal="0" offset="0" />
            </Method>
            <Method visited="true" cyclomaticComplexity="2" nPathComplexity="2" sequenceCoverage="62.5" branchCoverage="66.67" isConstructor="false" isStatic="false" isGetter="false" isSetter="false">
              <Summary numSequencePoints="8" visitedSequencePoints="5" numBranchPoints="3" visitedBranchPoints="2" sequenceCoverage="62.5" branchCoverage="66.67" maxCyclomaticComplexity="2" minCyclomaticComplexity="2" visitedClasses="0" numClasses="0" visitedMethods="1" numMethods="1" />
              <MetadataToken>100664809</MetadataToken>
              <Name>SportsWeb.Services.Cabinate.AmpLightService.Interfaces.CustomerRequest SportsWeb.Services.Cabinate.AmpLightService.AmpWebCabinet::CreateCustomerRequest(SportsWeb.Models.CustomerModel,SportsWeb.Services.Cabinate.AmpLightService.Interfaces.timezoneEnum)</Name>
              <FileRef uid="252" />
              <SequencePoints>
                <SequencePoint vc="15" uspid="10691" ordinal="0" offset="0" sl="98" sc="9" el="98" ec="10" bec="0" bev="0" fileid="252" />
                <SequencePoint vc="15" uspid="10692" ordinal="1" offset="1" sl="99" sc="13" el="99" ec="34" bec="2" bev="1" fileid="252" />
                <SequencePoint vc="0" uspid="10693" ordinal="2" offset="9" sl="100" sc="13" el="100" ec="14" bec="0" bev="0" fileid="252" />
                <SequencePoint vc="0" uspid="10694" ordinal="3" offset="10" sl="101" sc="17" el="101" ec="105" bec="0" bev="0" fileid="252" />
                <SequencePoint vc="0" uspid="10695" ordinal="4" offset="26" sl="102" sc="17" el="102" ec="92" bec="0" bev="0" fileid="252" />
                <SequencePoint vc="15" uspid="10696" ordinal="5" offset="37" sl="104" sc="13" el="132" ec="15" bec="0" bev="0" fileid="252" />
                <SequencePoint vc="15" uspid="10697" ordinal="6" offset="237" sl="135" sc="13" el="135" ec="36" bec="0" bev="0" fileid="252" />
                <SequencePoint vc="15" uspid="10698" ordinal="7" offset="242" sl="136" sc="9" el="136" ec="10" bec="0" bev="0" fileid="252" />
              </SequencePoints>
              <BranchPoints>
                <BranchPoint vc="0" uspid="10699" ordinal="0" offset="7" sl="99" path="0" offsetend="9" fileid="252" />
                <BranchPoint vc="15" uspid="10700" ordinal="1" offset="7" sl="99" path="1" offsetend="37" fileid="252" />
              </BranchPoints>
              <MethodPoint xsi:type="SequencePoint" vc="15" uspid="10691" ordinal="0" offset="0" sl="98" sc="9" el="98" ec="10" bec="0" bev="0" fileid="252" />
            </Method>
            <Method visited="true" cyclomaticComplexity="1" nPathComplexity="0" sequenceCoverage="55.56" branchCoverage="100" isConstructor="false" isStatic="false" isGetter="false" isSetter="false">
              <Summary numSequencePoints="9" visitedSequencePoints="5" numBranchPoints="1" visitedBranchPoints="1" sequenceCoverage="55.56" branchCoverage="100" maxCyclomaticComplexity="1" minCyclomaticComplexity="1" visitedClasses="0" numClasses="0" visitedMethods="1" numMethods="1" />
              <MetadataToken>100664810</MetadataToken>
              <Name>SportsWeb.Services.Cabinate.AmpLightService.Interfaces.UserInfo SportsWeb.Services.Cabinate.AmpLightService.AmpWebCabinet::GetSuperUserInfo()</Name>
              <FileRef uid="252" />
              <SequencePoints>
                <SequencePoint vc="16" uspid="10701" ordinal="0" offset="0" sl="139" sc="9" el="139" ec="10" bec="0" bev="0" fileid="252" />
                <SequencePoint vc="16" uspid="10702" ordinal="1" offset="1" sl="141" sc="13" el="141" ec="14" bec="0" bev="0" fileid="252" />
                <SequencePoint vc="16" uspid="10703" ordinal="2" offset="2" sl="142" sc="17" el="142" ec="93" bec="0" bev="0" fileid="252" />
                <SequencePoint vc="16" uspid="10704" ordinal="3" offset="18" sl="143" sc="17" el="147" ec="19" bec="0" bev="0" fileid="252" />
                <SequencePoint vc="0" uspid="10705" ordinal="4" offset="52" sl="150" sc="13" el="150" ec="33" bec="0" bev="0" fileid="252" />
                <SequencePoint vc="0" uspid="10706" ordinal="5" offset="53" sl="151" sc="13" el="151" ec="14" bec="0" bev="0" fileid="252" />
                <SequencePoint vc="0" uspid="10707" ordinal="6" offset="54" sl="152" sc="17" el="152" ec="98" bec="0" bev="0" fileid="252" />
                <SequencePoint vc="0" uspid="10708" ordinal="7" offset="71" sl="153" sc="17" el="153" ec="23" bec="0" bev="0" fileid="252" />
                <SequencePoint vc="16" uspid="10709" ordinal="8" offset="73" sl="155" sc="9" el="155" ec="10" bec="0" bev="0" fileid="252" />
              </SequencePoints>
              <BranchPoints />
              <MethodPoint xsi:type="SequencePoint" vc="16" uspid="10701" ordinal="0" offset="0" sl="139" sc="9" el="139" ec="10" bec="0" bev="0" fileid="252" />
            </Method>
            <Method visited="true" cyclomaticComplexity="1" nPathComplexity="0" sequenceCoverage="55.56" branchCoverage="100" isConstructor="false" isStatic="false" isGetter="false" isSetter="false">
              <Summary numSequencePoints="9" visitedSequencePoints="5" numBranchPoints="1" visitedBranchPoints="1" sequenceCoverage="55.56" branchCoverage="100" maxCyclomaticComplexity="1" minCyclomaticComplexity="1" visitedClasses="0" numClasses="0" visitedMethods="1" numMethods="1" />
              <MetadataToken>100664811</MetadataToken>
              <Name>SportsWeb.Services.Cabinate.AmpLightService.Interfaces.UserInfo SportsWeb.Services.Cabinate.AmpLightService.AmpWebCabinet::GetStandardUserInfo()</Name>
              <FileRef uid="252" />
              <SequencePoints>
                <SequencePoint vc="2" uspid="10710" ordinal="0" offset="0" sl="158" sc="9" el="158" ec="10" bec="0" bev="0" fileid="252" />
                <SequencePoint vc="2" uspid="10711" ordinal="1" offset="1" sl="160" sc="13" el="160" ec="14" bec="0" bev="0" fileid="252" />
                <SequencePoint vc="2" uspid="10712" ordinal="2" offset="2" sl="161" sc="17" el="161" ec="100" bec="0" bev="0" fileid="252" />
                <SequencePoint vc="2" uspid="10713" ordinal="3" offset="18" sl="162" sc="17" el="166" ec="19" bec="0" bev="0" fileid="252" />
                <SequencePoint vc="0" uspid="10714" ordinal="4" offset="52" sl="169" sc="13" el="169" ec="33" bec="0" bev="0" fileid="252" />
                <SequencePoint vc="0" uspid="10715" ordinal="5" offset="53" sl="170" sc="13" el="170" ec="14" bec="0" bev="0" fileid="252" />
                <SequencePoint vc="0" uspid="10716" ordinal="6" offset="54" sl="171" sc="17" el="171" ec="101" bec="0" bev="0" fileid="252" />
                <SequencePoint vc="0" uspid="10717" ordinal="7" offset="71" sl="172" sc="17" el="172" ec="23" bec="0" bev="0" fileid="252" />
                <SequencePoint vc="2" uspid="10718" ordinal="8" offset="73" sl="174" sc="9" el="174" ec="10" bec="0" bev="0" fileid="252" />
              </SequencePoints>
              <BranchPoints />
              <MethodPoint xsi:type="SequencePoint" vc="2" uspid="10710" ordinal="0" offset="0" sl="158" sc="9" el="158" ec="10" bec="0" bev="0" fileid="252" />
            </Method>
            <Method visited="true" cyclomaticComplexity="4" nPathComplexity="4" sequenceCoverage="70.83" branchCoverage="80" isConstructor="false" isStatic="false" isGetter="false" isSetter="false">
              <Summary numSequencePoints="24" visitedSequencePoints="17" numBranchPoints="5" visitedBranchPoints="4" sequenceCoverage="70.83" branchCoverage="80" maxCyclomaticComplexity="4" minCyclomaticComplexity="4" visitedClasses="0" numClasses="0" visitedMethods="1" numMethods="1" />
              <MetadataToken>100664812</MetadataToken>
              <Name>SportsWeb.Services.Cabinate.AmpLightService.Interfaces.UserInfo SportsWeb.Services.Cabinate.AmpLightService.AmpWebCabinet::GetCustomerUserInfo(System.Guid)</Name>
              <FileRef uid="252" />
              <SequencePoints>
                <SequencePoint vc="392" uspid="10719" ordinal="0" offset="0" sl="177" sc="9" el="177" ec="10" bec="0" bev="0" fileid="252" />
                <SequencePoint vc="392" uspid="10720" ordinal="1" offset="1" sl="179" sc="13" el="179" ec="14" bec="0" bev="0" fileid="252" />
                <SequencePoint vc="392" uspid="10721" ordinal="2" offset="2" sl="180" sc="17" el="180" ec="46" bec="2" bev="1" fileid="252" />
                <SequencePoint vc="0" uspid="10722" ordinal="3" offset="17" sl="181" sc="17" el="181" ec="18" bec="0" bev="0" fileid="252" />
                <SequencePoint vc="0" uspid="10723" ordinal="4" offset="18" sl="182" sc="21" el="182" ec="110" bec="0" bev="0" fileid="252" />
                <SequencePoint vc="0" uspid="10724" ordinal="5" offset="34" sl="183" sc="21" el="183" ec="96" bec="0" bev="0" fileid="252" />
                <SequencePoint vc="392" uspid="10725" ordinal="6" offset="45" sl="185" sc="24" el="185" ec="51" bec="0" bev="0" fileid="252" />
                <SequencePoint vc="392" uspid="10726" ordinal="7" offset="58" sl="186" sc="17" el="186" ec="18" bec="0" bev="0" fileid="252" />
                <SequencePoint vc="392" uspid="10727" ordinal="8" offset="59" sl="187" sc="21" el="187" ec="77" bec="0" bev="0" fileid="252" />
                <SequencePoint vc="392" uspid="10728" ordinal="9" offset="66" sl="188" sc="21" el="188" ec="65" bec="0" bev="0" fileid="252" />
                <SequencePoint vc="392" uspid="10729" ordinal="10" offset="79" sl="189" sc="21" el="189" ec="83" bec="0" bev="0" fileid="252" />
                <SequencePoint vc="392" uspid="10730" ordinal="11" offset="87" sl="191" sc="21" el="194" ec="79" bec="0" bev="0" fileid="252" />
                <SequencePoint vc="392" uspid="10731" ordinal="12" offset="233" sl="197" sc="21" el="197" ec="41" bec="2" bev="2" fileid="252" />
                <SequencePoint vc="1" uspid="10732" ordinal="13" offset="244" sl="198" sc="21" el="198" ec="22" bec="0" bev="0" fileid="252" />
                <SequencePoint vc="1" uspid="10733" ordinal="14" offset="245" sl="199" sc="25" el="199" ec="62" bec="0" bev="0" fileid="252" />
                <SequencePoint vc="1" uspid="10734" ordinal="15" offset="253" sl="201" sc="25" el="207" ec="27" bec="0" bev="0" fileid="252" />
                <SequencePoint vc="1" uspid="10735" ordinal="16" offset="318" sl="209" sc="25" el="209" ec="43" bec="0" bev="0" fileid="252" />
                <SequencePoint vc="1" uspid="10736" ordinal="17" offset="327" sl="211" sc="25" el="211" ec="41" bec="0" bev="0" fileid="252" />
                <SequencePoint vc="391" uspid="10737" ordinal="18" offset="333" sl="214" sc="21" el="218" ec="23" bec="0" bev="0" fileid="252" />
                <SequencePoint vc="0" uspid="10738" ordinal="19" offset="396" sl="221" sc="13" el="221" ec="33" bec="0" bev="0" fileid="252" />
                <SequencePoint vc="0" uspid="10739" ordinal="20" offset="398" sl="222" sc="13" el="222" ec="14" bec="0" bev="0" fileid="252" />
                <SequencePoint vc="0" uspid="10740" ordinal="21" offset="399" sl="223" sc="17" el="223" ec="101" bec="0" bev="0" fileid="252" />
                <SequencePoint vc="0" uspid="10741" ordinal="22" offset="417" sl="224" sc="17" el="224" ec="23" bec="0" bev="0" fileid="252" />
                <SequencePoint vc="392" uspid="10742" ordinal="23" offset="419" sl="226" sc="9" el="226" ec="10" bec="0" bev="0" fileid="252" />
              </SequencePoints>
              <BranchPoints>
                <BranchPoint vc="0" uspid="10743" ordinal="0" offset="15" sl="180" path="0" offsetend="17" fileid="252" />
                <BranchPoint vc="392" uspid="10744" ordinal="1" offset="15" sl="180" path="1" offsetend="45" fileid="252" />
                <BranchPoint vc="1" uspid="10745" ordinal="2" offset="242" sl="197" path="0" offsetend="244" fileid="252" />
                <BranchPoint vc="391" uspid="10746" ordinal="3" offset="242" sl="197" path="1" offsetend="333" fileid="252" />
              </BranchPoints>
              <MethodPoint xsi:type="SequencePoint" vc="392" uspid="10719" ordinal="0" offset="0" sl="177" sc="9" el="177" ec="10" bec="0" bev="0" fileid="252" />
            </Method>
            <Method visited="true" cyclomaticComplexity="4" nPathComplexity="4" sequenceCoverage="60" branchCoverage="60" isConstructor="false" isStatic="false" isGetter="false" isSetter="false">
              <Summary numSequencePoints="15" visitedSequencePoints="9" numBranchPoints="5" visitedBranchPoints="3" sequenceCoverage="60" branchCoverage="60" maxCyclomaticComplexity="4" minCyclomaticComplexity="4" visitedClasses="0" numClasses="0" visitedMethods="1" numMethods="1" />
              <MetadataToken>100664813</MetadataToken>
              <Name>SportsWeb.Services.Cabinate.AmpLightService.Interfaces.UserInfo SportsWeb.Services.Cabinate.AmpLightService.AmpWebCabinet::GetUserInfoFromSiteId(System.Guid)</Name>
              <FileRef uid="252" />
              <SequencePoints>
                <SequencePoint vc="1" uspid="10747" ordinal="0" offset="13" sl="229" sc="9" el="229" ec="10" bec="0" bev="0" fileid="252" />
                <SequencePoint vc="1" uspid="10748" ordinal="1" offset="14" sl="230" sc="13" el="230" ec="38" bec="2" bev="1" fileid="252" />
                <SequencePoint vc="0" uspid="10749" ordinal="2" offset="34" sl="231" sc="13" el="231" ec="14" bec="0" bev="0" fileid="252" />
                <SequencePoint vc="0" uspid="10750" ordinal="3" offset="35" sl="232" sc="17" el="232" ec="104" bec="0" bev="0" fileid="252" />
                <SequencePoint vc="0" uspid="10751" ordinal="4" offset="51" sl="233" sc="17" el="233" ec="92" bec="0" bev="0" fileid="252" />
                <SequencePoint vc="1" uspid="10752" ordinal="5" offset="62" sl="235" sc="20" el="235" ec="47" bec="0" bev="0" fileid="252" />
                <SequencePoint vc="1" uspid="10753" ordinal="6" offset="69" sl="236" sc="13" el="236" ec="14" bec="0" bev="0" fileid="252" />
                <SequencePoint vc="1" uspid="10754" ordinal="7" offset="70" sl="237" sc="17" el="237" ec="65" bec="0" bev="0" fileid="252" />
                <SequencePoint vc="1" uspid="10755" ordinal="8" offset="77" sl="239" sc="17" el="239" ec="83" bec="0" bev="0" fileid="252" />
                <SequencePoint vc="1" uspid="10756" ordinal="9" offset="202" sl="240" sc="17" el="240" ec="34" bec="2" bev="1" fileid="252" />
                <SequencePoint vc="1" uspid="10757" ordinal="10" offset="213" sl="241" sc="21" el="241" ec="66" bec="0" bev="0" fileid="252" />
                <SequencePoint vc="0" uspid="10758" ordinal="11" offset="230" sl="242" sc="13" el="242" ec="14" bec="0" bev="0" fileid="252" />
                <SequencePoint vc="0" uspid="10759" ordinal="12" offset="244" sl="244" sc="13" el="244" ec="70" bec="0" bev="0" fileid="252" />
                <SequencePoint vc="0" uspid="10760" ordinal="13" offset="276" sl="245" sc="13" el="245" ec="25" bec="0" bev="0" fileid="252" />
                <SequencePoint vc="1" uspid="10761" ordinal="14" offset="281" sl="246" sc="9" el="246" ec="10" bec="0" bev="0" fileid="252" />
              </SequencePoints>
              <BranchPoints>
                <BranchPoint vc="0" uspid="10762" ordinal="0" offset="32" sl="230" path="0" offsetend="34" fileid="252" />
                <BranchPoint vc="1" uspid="10763" ordinal="1" offset="32" sl="230" path="1" offsetend="62" fileid="252" />
                <BranchPoint vc="1" uspid="10764" ordinal="2" offset="211" sl="240" path="0" offsetend="213" fileid="252" />
                <BranchPoint vc="0" uspid="10765" ordinal="3" offset="211" sl="240" path="1" offsetend="230" fileid="252" />
              </BranchPoints>
              <MethodPoint vc="1" uspid="10766" ordinal="0" offset="0" />
            </Method>
            <Method visited="true" cyclomaticComplexity="5" nPathComplexity="4" sequenceCoverage="100" branchCoverage="100" isConstructor="false" isStatic="false" isGetter="false" isSetter="false">
              <Summary numSequencePoints="38" visitedSequencePoints="38" numBranchPoints="5" visitedBranchPoints="5" sequenceCoverage="100" branchCoverage="100" maxCyclomaticComplexity="5" minCyclomaticComplexity="5" visitedClasses="0" numClasses="0" visitedMethods="1" numMethods="1" />
              <MetadataToken>100664814</MetadataToken>
              <Name>System.Int64 SportsWeb.Services.Cabinate.AmpLightService.AmpWebCabinet::CreateController(SportsWeb.Models.CPUModel)</Name>
              <FileRef uid="252" />
              <SequencePoints>
                <SequencePoint vc="13" uspid="10767" ordinal="0" offset="13" sl="250" sc="9" el="250" ec="10" bec="0" bev="0" fileid="252" />
                <SequencePoint vc="13" uspid="10768" ordinal="1" offset="14" sl="252" sc="13" el="252" ec="14" bec="0" bev="0" fileid="252" />
                <SequencePoint vc="13" uspid="10769" ordinal="2" offset="15" sl="253" sc="17" el="253" ec="35" bec="2" bev="2" fileid="252" />
                <SequencePoint vc="1" uspid="10770" ordinal="3" offset="30" sl="254" sc="17" el="254" ec="18" bec="0" bev="0" fileid="252" />
                <SequencePoint vc="1" uspid="10771" ordinal="4" offset="31" sl="255" sc="21" el="255" ec="105" bec="0" bev="0" fileid="252" />
                <SequencePoint vc="1" uspid="10772" ordinal="5" offset="47" sl="256" sc="21" el="256" ec="96" bec="0" bev="0" fileid="252" />
                <SequencePoint vc="12" uspid="10773" ordinal="6" offset="58" sl="259" sc="24" el="259" ec="51" bec="0" bev="0" fileid="252" />
                <SequencePoint vc="12" uspid="10774" ordinal="7" offset="66" sl="260" sc="17" el="260" ec="18" bec="0" bev="0" fileid="252" />
                <SequencePoint vc="12" uspid="10775" ordinal="8" offset="67" sl="261" sc="21" el="261" ec="70" bec="0" bev="0" fileid="252" />
                <SequencePoint vc="12" uspid="10776" ordinal="9" offset="76" sl="262" sc="21" el="262" ec="98" bec="0" bev="0" fileid="252" />
                <SequencePoint vc="12" uspid="10777" ordinal="10" offset="253" sl="263" sc="17" el="263" ec="18" bec="0" bev="0" fileid="252" />
                <SequencePoint vc="12" uspid="10778" ordinal="11" offset="269" sl="265" sc="17" el="265" ec="70" bec="0" bev="0" fileid="252" />
                <SequencePoint vc="12" uspid="10779" ordinal="12" offset="282" sl="267" sc="17" el="267" ec="104" bec="0" bev="0" fileid="252" />
                <SequencePoint vc="12" uspid="10780" ordinal="13" offset="306" sl="268" sc="17" el="268" ec="56" bec="0" bev="0" fileid="252" />
                <SequencePoint vc="12" uspid="10781" ordinal="14" offset="322" sl="270" sc="17" el="284" ec="19" bec="0" bev="0" fileid="252" />
                <SequencePoint vc="12" uspid="10782" ordinal="15" offset="440" sl="286" sc="17" el="286" ec="44" bec="2" bev="2" fileid="252" />
                <SequencePoint vc="1" uspid="10783" ordinal="16" offset="460" sl="287" sc="17" el="287" ec="18" bec="0" bev="0" fileid="252" />
                <SequencePoint vc="1" uspid="10784" ordinal="17" offset="461" sl="288" sc="21" el="294" ec="23" bec="0" bev="0" fileid="252" />
                <SequencePoint vc="1" uspid="10785" ordinal="18" offset="541" sl="295" sc="17" el="295" ec="18" bec="0" bev="0" fileid="252" />
                <SequencePoint vc="12" uspid="10786" ordinal="19" offset="542" sl="297" sc="17" el="297" ec="112" bec="0" bev="0" fileid="252" />
                <SequencePoint vc="12" uspid="10787" ordinal="20" offset="574" sl="299" sc="17" el="299" ec="75" bec="0" bev="0" fileid="252" />
                <SequencePoint vc="1" uspid="10788" ordinal="21" offset="584" sl="301" sc="17" el="303" ec="42" bec="0" bev="0" fileid="252" />
                <SequencePoint vc="1" uspid="10789" ordinal="22" offset="651" sl="304" sc="17" el="304" ec="32" bec="0" bev="0" fileid="252" />
                <SequencePoint vc="1" uspid="10790" ordinal="23" offset="658" sl="306" sc="17" el="306" ec="61" bec="0" bev="0" fileid="252" />
                <SequencePoint vc="10" uspid="10791" ordinal="24" offset="677" sl="309" sc="13" el="309" ec="52" bec="0" bev="0" fileid="252" />
                <SequencePoint vc="10" uspid="10792" ordinal="25" offset="679" sl="310" sc="13" el="310" ec="14" bec="0" bev="0" fileid="252" />
                <SequencePoint vc="10" uspid="10793" ordinal="26" offset="680" sl="312" sc="17" el="312" ec="99" bec="0" bev="0" fileid="252" />
                <SequencePoint vc="10" uspid="10794" ordinal="27" offset="698" sl="313" sc="17" el="313" ec="80" bec="0" bev="0" fileid="252" />
                <SequencePoint vc="10" uspid="10795" ordinal="28" offset="724" sl="316" sc="17" el="324" ec="24" bec="0" bev="0" fileid="252" />
                <SequencePoint vc="10" uspid="10796" ordinal="29" offset="789" sl="327" sc="17" el="328" ec="127" bec="0" bev="0" fileid="252" />
                <SequencePoint vc="1" uspid="10797" ordinal="30" offset="822" sl="330" sc="13" el="330" ec="42" bec="0" bev="0" fileid="252" />
                <SequencePoint vc="1" uspid="10798" ordinal="31" offset="823" sl="331" sc="13" el="331" ec="14" bec="0" bev="0" fileid="252" />
                <SequencePoint vc="1" uspid="10799" ordinal="32" offset="824" sl="332" sc="17" el="332" ec="23" bec="0" bev="0" fileid="252" />
                <SequencePoint vc="1" uspid="10800" ordinal="33" offset="826" sl="334" sc="13" el="334" ec="33" bec="0" bev="0" fileid="252" />
                <SequencePoint vc="1" uspid="10801" ordinal="34" offset="828" sl="335" sc="13" el="335" ec="14" bec="0" bev="0" fileid="252" />
                <SequencePoint vc="1" uspid="10802" ordinal="35" offset="829" sl="337" sc="17" el="337" ec="98" bec="0" bev="0" fileid="252" />
                <SequencePoint vc="1" uspid="10803" ordinal="36" offset="847" sl="338" sc="17" el="338" ec="93" bec="0" bev="0" fileid="252" />
                <SequencePoint vc="1" uspid="10804" ordinal="37" offset="858" sl="340" sc="9" el="340" ec="10" bec="0" bev="0" fileid="252" />
              </SequencePoints>
              <BranchPoints>
                <BranchPoint vc="1" uspid="10805" ordinal="0" offset="28" sl="253" path="0" offsetend="30" fileid="252" />
                <BranchPoint vc="12" uspid="10806" ordinal="1" offset="28" sl="253" path="1" offsetend="58" fileid="252" />
                <BranchPoint vc="1" uspid="10807" ordinal="2" offset="458" sl="286" path="0" offsetend="460" fileid="252" />
                <BranchPoint vc="11" uspid="10808" ordinal="3" offset="458" sl="286" path="1" offsetend="542" fileid="252" />
              </BranchPoints>
              <MethodPoint vc="13" uspid="10811" ordinal="0" offset="0" />
            </Method>
            <Method visited="true" cyclomaticComplexity="7" nPathComplexity="8" sequenceCoverage="100" branchCoverage="71.43" isConstructor="false" isStatic="false" isGetter="false" isSetter="false">
              <Summary numSequencePoints="39" visitedSequencePoints="39" numBranchPoints="7" visitedBranchPoints="5" sequenceCoverage="100" branchCoverage="71.43" maxCyclomaticComplexity="7" minCyclomaticComplexity="7" visitedClasses="0" numClasses="0" visitedMethods="1" numMethods="1" />
              <MetadataToken>100664815</MetadataToken>
              <Name>System.Collections.Generic.List`1&lt;SportsWeb.Models.CPUModel&gt; SportsWeb.Services.Cabinate.AmpLightService.AmpWebCabinet::GetController(System.Guid)</Name>
              <FileRef uid="252" />
              <SequencePoints>
                <SequencePoint vc="5" uspid="10812" ordinal="0" offset="13" sl="343" sc="9" el="343" ec="10" bec="0" bev="0" fileid="252" />
                <SequencePoint vc="5" uspid="10813" ordinal="1" offset="14" sl="345" sc="13" el="345" ec="14" bec="0" bev="0" fileid="252" />
                <SequencePoint vc="5" uspid="10814" ordinal="2" offset="15" sl="347" sc="24" el="347" ec="51" bec="0" bev="0" fileid="252" />
                <SequencePoint vc="5" uspid="10815" ordinal="3" offset="23" sl="348" sc="17" el="348" ec="18" bec="0" bev="0" fileid="252" />
                <SequencePoint vc="5" uspid="10816" ordinal="4" offset="24" sl="349" sc="21" el="349" ec="70" bec="0" bev="0" fileid="252" />
                <SequencePoint vc="5" uspid="10817" ordinal="5" offset="33" sl="350" sc="21" el="350" ec="92" bec="0" bev="0" fileid="252" />
                <SequencePoint vc="5" uspid="10818" ordinal="6" offset="190" sl="352" sc="17" el="352" ec="18" bec="0" bev="0" fileid="252" />
                <SequencePoint vc="5" uspid="10819" ordinal="7" offset="206" sl="353" sc="17" el="353" ec="70" bec="0" bev="0" fileid="252" />
                <SequencePoint vc="5" uspid="10820" ordinal="8" offset="219" sl="355" sc="17" el="355" ec="104" bec="0" bev="0" fileid="252" />
                <SequencePoint vc="5" uspid="10821" ordinal="9" offset="243" sl="356" sc="17" el="356" ec="56" bec="0" bev="0" fileid="252" />
                <SequencePoint vc="5" uspid="10822" ordinal="10" offset="259" sl="357" sc="17" el="364" ec="19" bec="0" bev="0" fileid="252" />
                <SequencePoint vc="5" uspid="10823" ordinal="11" offset="316" sl="366" sc="17" el="366" ec="113" bec="0" bev="0" fileid="252" />
                <SequencePoint vc="5" uspid="10824" ordinal="12" offset="348" sl="368" sc="17" el="368" ec="80" bec="0" bev="0" fileid="252" />
                <SequencePoint vc="1" uspid="10825" ordinal="13" offset="358" sl="370" sc="17" el="370" ec="59" bec="0" bev="0" fileid="252" />
                <SequencePoint vc="1" uspid="10826" ordinal="14" offset="365" sl="372" sc="17" el="372" ec="53" bec="2" bev="1" fileid="252" />
                <SequencePoint vc="1" uspid="10827" ordinal="15" offset="384" sl="373" sc="17" el="373" ec="18" bec="0" bev="0" fileid="252" />
                <SequencePoint vc="1" uspid="10828" ordinal="16" offset="385" sl="374" sc="21" el="375" ec="76" bec="0" bev="0" fileid="252" />
                <SequencePoint vc="1" uspid="10829" ordinal="17" offset="449" sl="378" sc="21" el="378" ec="28" bec="0" bev="0" fileid="252" />
                <SequencePoint vc="1" uspid="10830" ordinal="18" offset="450" sl="378" sc="42" el="378" ec="65" bec="0" bev="0" fileid="252" />
                <SequencePoint vc="1" uspid="10831" ordinal="19" offset="467" sl="378" sc="30" el="378" ec="38" bec="0" bev="0" fileid="252" />
                <SequencePoint vc="1" uspid="10832" ordinal="20" offset="474" sl="379" sc="21" el="379" ec="22" bec="0" bev="0" fileid="252" />
                <SequencePoint vc="1" uspid="10833" ordinal="21" offset="475" sl="380" sc="25" el="393" ec="27" bec="2" bev="1" fileid="252" />
                <SequencePoint vc="1" uspid="10834" ordinal="22" offset="617" sl="395" sc="25" el="395" ec="49" bec="0" bev="0" fileid="252" />
                <SequencePoint vc="1" uspid="10835" ordinal="23" offset="627" sl="396" sc="21" el="396" ec="22" bec="0" bev="0" fileid="252" />
                <SequencePoint vc="2" uspid="10836" ordinal="24" offset="634" sl="378" sc="39" el="378" ec="41" bec="0" bev="0" fileid="252" />
                <SequencePoint vc="1" uspid="10837" ordinal="25" offset="645" sl="397" sc="17" el="397" ec="18" bec="0" bev="0" fileid="252" />
                <SequencePoint vc="1" uspid="10838" ordinal="26" offset="646" sl="398" sc="17" el="398" ec="32" bec="0" bev="0" fileid="252" />
                <SequencePoint vc="1" uspid="10839" ordinal="27" offset="653" sl="399" sc="17" el="399" ec="39" bec="0" bev="0" fileid="252" />
                <SequencePoint vc="3" uspid="10840" ordinal="28" offset="659" sl="401" sc="13" el="401" ec="52" bec="0" bev="0" fileid="252" />
                <SequencePoint vc="3" uspid="10841" ordinal="29" offset="661" sl="402" sc="13" el="402" ec="14" bec="0" bev="0" fileid="252" />
                <SequencePoint vc="3" uspid="10842" ordinal="30" offset="662" sl="403" sc="17" el="403" ec="96" bec="0" bev="0" fileid="252" />
                <SequencePoint vc="3" uspid="10843" ordinal="31" offset="680" sl="404" sc="17" el="404" ec="80" bec="0" bev="0" fileid="252" />
                <SequencePoint vc="3" uspid="10844" ordinal="32" offset="706" sl="407" sc="17" el="407" ec="138" bec="0" bev="0" fileid="252" />
                <SequencePoint vc="3" uspid="10845" ordinal="33" offset="725" sl="410" sc="17" el="410" ec="102" bec="2" bev="2" fileid="252" />
                <SequencePoint vc="1" uspid="10846" ordinal="34" offset="742" sl="412" sc="13" el="412" ec="33" bec="0" bev="0" fileid="252" />
                <SequencePoint vc="1" uspid="10847" ordinal="35" offset="744" sl="413" sc="13" el="413" ec="14" bec="0" bev="0" fileid="252" />
                <SequencePoint vc="1" uspid="10848" ordinal="36" offset="745" sl="414" sc="17" el="414" ec="95" bec="0" bev="0" fileid="252" />
                <SequencePoint vc="1" uspid="10849" ordinal="37" offset="763" sl="416" sc="17" el="416" ec="93" bec="0" bev="0" fileid="252" />
                <SequencePoint vc="1" uspid="10850" ordinal="38" offset="774" sl="418" sc="9" el="418" ec="10" bec="0" bev="0" fileid="252" />
              </SequencePoints>
              <BranchPoints>
                <BranchPoint vc="1" uspid="10851" ordinal="0" offset="379" sl="372" path="0" offsetend="384" fileid="252" />
                <BranchPoint vc="0" uspid="10852" ordinal="1" offset="379" sl="372" path="1" offsetend="646" fileid="252" />
                <BranchPoint vc="0" uspid="10853" ordinal="2" offset="561" sl="380" path="0" offsetend="563" fileid="252" />
                <BranchPoint vc="1" uspid="10854" ordinal="3" offset="561" sl="380" path="1" offsetend="566" fileid="252" />
                <BranchPoint vc="1" uspid="10857" ordinal="6" offset="728" sl="410" path="0" offsetend="730" fileid="252" />
                <BranchPoint vc="2" uspid="10858" ordinal="7" offset="728" sl="410" path="1" offsetend="736" fileid="252" />
              </BranchPoints>
              <MethodPoint vc="5" uspid="10859" ordinal="0" offset="0" />
            </Method>
            <Method visited="true" cyclomaticComplexity="15" nPathComplexity="128" sequenceCoverage="86.36" branchCoverage="73.33" isConstructor="false" isStatic="false" isGetter="false" isSetter="false">
              <Summary numSequencePoints="44" visitedSequencePoints="38" numBranchPoints="15" visitedBranchPoints="11" sequenceCoverage="86.36" branchCoverage="73.33" maxCyclomaticComplexity="15" minCyclomaticComplexity="15" visitedClasses="0" numClasses="0" visitedMethods="1" numMethods="1" />
              <MetadataToken>100664816</MetadataToken>
              <Name>System.Void SportsWeb.Services.Cabinate.AmpLightService.AmpWebCabinet::SetSceneSettings(SportsWeb.Models.Models.ScenesettingForSiteModel)</Name>
              <FileRef uid="252" />
              <SequencePoints>
                <SequencePoint vc="9" uspid="10860" ordinal="0" offset="13" sl="459" sc="9" el="459" ec="10" bec="0" bev="0" fileid="252" />
                <SequencePoint vc="9" uspid="10861" ordinal="1" offset="14" sl="460" sc="13" el="460" ec="45" bec="4" bev="4" fileid="252" />
                <SequencePoint vc="1" uspid="10862" ordinal="2" offset="39" sl="461" sc="13" el="461" ec="14" bec="0" bev="0" fileid="252" />
                <SequencePoint vc="1" uspid="10863" ordinal="3" offset="40" sl="462" sc="17" el="462" ec="125" bec="0" bev="0" fileid="252" />
                <SequencePoint vc="1" uspid="10864" ordinal="4" offset="56" sl="463" sc="17" el="463" ec="110" bec="0" bev="0" fileid="252" />
                <SequencePoint vc="8" uspid="10865" ordinal="5" offset="68" sl="467" sc="13" el="467" ec="14" bec="0" bev="0" fileid="252" />
                <SequencePoint vc="8" uspid="10866" ordinal="6" offset="69" sl="469" sc="24" el="469" ec="51" bec="0" bev="0" fileid="252" />
                <SequencePoint vc="8" uspid="10867" ordinal="7" offset="77" sl="470" sc="17" el="470" ec="18" bec="0" bev="0" fileid="252" />
                <SequencePoint vc="8" uspid="10868" ordinal="8" offset="78" sl="471" sc="21" el="471" ec="70" bec="0" bev="0" fileid="252" />
                <SequencePoint vc="8" uspid="10869" ordinal="9" offset="87" sl="472" sc="21" el="472" ec="98" bec="0" bev="0" fileid="252" />
                <SequencePoint vc="8" uspid="10870" ordinal="10" offset="264" sl="473" sc="17" el="473" ec="18" bec="0" bev="0" fileid="252" />
                <SequencePoint vc="8" uspid="10871" ordinal="11" offset="280" sl="474" sc="17" el="474" ec="70" bec="0" bev="0" fileid="252" />
                <SequencePoint vc="8" uspid="10872" ordinal="12" offset="293" sl="475" sc="17" el="475" ec="104" bec="0" bev="0" fileid="252" />
                <SequencePoint vc="8" uspid="10873" ordinal="13" offset="318" sl="477" sc="17" el="477" ec="36" bec="2" bev="1" fileid="252" />
                <SequencePoint vc="8" uspid="10874" ordinal="14" offset="329" sl="478" sc="21" el="478" ec="60" bec="0" bev="0" fileid="252" />
                <SequencePoint vc="8" uspid="10875" ordinal="15" offset="345" sl="480" sc="17" el="486" ec="29" bec="0" bev="0" fileid="252" />
                <SequencePoint vc="8" uspid="10876" ordinal="16" offset="399" sl="487" sc="17" el="487" ec="138" bec="0" bev="0" fileid="252" />
                <SequencePoint vc="8" uspid="10877" ordinal="17" offset="453" sl="488" sc="17" el="488" ec="138" bec="0" bev="0" fileid="252" />
                <SequencePoint vc="8" uspid="10878" ordinal="18" offset="507" sl="489" sc="17" el="506" ec="20" bec="0" bev="0" fileid="252" />
                <SequencePoint vc="8" uspid="10879" ordinal="19" offset="620" sl="509" sc="17" el="517" ec="19" bec="0" bev="0" fileid="252" />
                <SequencePoint vc="8" uspid="10880" ordinal="20" offset="691" sl="519" sc="17" el="519" ec="106" bec="0" bev="0" fileid="252" />
                <SequencePoint vc="8" uspid="10881" ordinal="21" offset="728" sl="521" sc="17" el="521" ec="72" bec="2" bev="1" fileid="252" />
                <SequencePoint vc="2" uspid="10882" ordinal="22" offset="746" sl="523" sc="17" el="523" ec="67" bec="4" bev="2" fileid="252" />
                <SequencePoint vc="1" uspid="10883" ordinal="23" offset="773" sl="524" sc="17" el="524" ec="18" bec="0" bev="0" fileid="252" />
                <SequencePoint vc="1" uspid="10884" ordinal="24" offset="774" sl="525" sc="21" el="527" ec="99" bec="0" bev="0" fileid="252" />
                <SequencePoint vc="1" uspid="10885" ordinal="25" offset="874" sl="529" sc="17" el="529" ec="18" bec="0" bev="0" fileid="252" />
                <SequencePoint vc="0" uspid="10886" ordinal="26" offset="877" sl="531" sc="17" el="531" ec="18" bec="0" bev="0" fileid="252" />
                <SequencePoint vc="0" uspid="10887" ordinal="27" offset="878" sl="532" sc="21" el="532" ec="116" bec="0" bev="0" fileid="252" />
                <SequencePoint vc="0" uspid="10888" ordinal="28" offset="920" sl="533" sc="21" el="533" ec="114" bec="0" bev="0" fileid="252" />
                <SequencePoint vc="1" uspid="10889" ordinal="29" offset="931" sl="535" sc="13" el="535" ec="14" bec="0" bev="0" fileid="252" />
                <SequencePoint vc="6" uspid="10890" ordinal="30" offset="937" sl="536" sc="13" el="536" ec="52" bec="0" bev="0" fileid="252" />
                <SequencePoint vc="6" uspid="10891" ordinal="31" offset="939" sl="537" sc="13" el="537" ec="14" bec="0" bev="0" fileid="252" />
                <SequencePoint vc="6" uspid="10892" ordinal="32" offset="940" sl="538" sc="17" el="538" ec="123" bec="0" bev="0" fileid="252" />
                <SequencePoint vc="6" uspid="10893" ordinal="33" offset="979" sl="539" sc="17" el="539" ec="63" bec="0" bev="0" fileid="252" />
                <SequencePoint vc="6" uspid="10894" ordinal="34" offset="1000" sl="540" sc="17" el="540" ec="155" bec="0" bev="0" fileid="252" />
                <SequencePoint vc="6" uspid="10895" ordinal="35" offset="1024" sl="541" sc="17" el="541" ec="119" bec="2" bev="2" fileid="252" />
                <SequencePoint vc="0" uspid="10896" ordinal="36" offset="1041" sl="543" sc="13" el="543" ec="42" bec="0" bev="0" fileid="252" />
                <SequencePoint vc="0" uspid="10897" ordinal="37" offset="1042" sl="544" sc="13" el="544" ec="14" bec="0" bev="0" fileid="252" />
                <SequencePoint vc="0" uspid="10898" ordinal="38" offset="1043" sl="545" sc="17" el="545" ec="23" bec="0" bev="0" fileid="252" />
                <SequencePoint vc="1" uspid="10899" ordinal="39" offset="1045" sl="547" sc="13" el="547" ec="33" bec="0" bev="0" fileid="252" />
                <SequencePoint vc="1" uspid="10900" ordinal="40" offset="1047" sl="548" sc="13" el="548" ec="14" bec="0" bev="0" fileid="252" />
                <SequencePoint vc="1" uspid="10901" ordinal="41" offset="1048" sl="549" sc="17" el="549" ec="122" bec="0" bev="0" fileid="252" />
                <SequencePoint vc="1" uspid="10902" ordinal="42" offset="1087" sl="551" sc="17" el="552" ec="82" bec="0" bev="0" fileid="252" />
                <SequencePoint vc="1" uspid="10903" ordinal="43" offset="1098" sl="554" sc="9" el="554" ec="10" bec="0" bev="0" fileid="252" />
              </SequencePoints>
              <BranchPoints>
                <BranchPoint vc="1" uspid="10904" ordinal="0" offset="21" sl="460" path="0" offsetend="23" fileid="252" />
                <BranchPoint vc="8" uspid="10905" ordinal="1" offset="21" sl="460" path="1" offsetend="27" fileid="252" />
                <BranchPoint vc="1" uspid="10906" ordinal="2" offset="37" sl="460" path="0" offsetend="39" fileid="252" />
                <BranchPoint vc="8" uspid="10907" ordinal="3" offset="37" sl="460" path="1" offsetend="67" fileid="252" />
                <BranchPoint vc="8" uspid="10908" ordinal="4" offset="327" sl="477" path="0" offsetend="329" fileid="252" />
                <BranchPoint vc="0" uspid="10909" ordinal="5" offset="327" sl="477" path="1" offsetend="345" fileid="252" />
                <BranchPoint vc="0" uspid="10916" ordinal="12" offset="730" sl="521" path="0" offsetend="732" fileid="252" />
                <BranchPoint vc="8" uspid="10917" ordinal="13" offset="730" sl="521" path="1" offsetend="735" fileid="252" />
                <BranchPoint vc="0" uspid="10918" ordinal="14" offset="748" sl="523" path="0" offsetend="750" fileid="252" />
                <BranchPoint vc="2" uspid="10919" ordinal="15" offset="748" sl="523" path="1" offsetend="753" fileid="252" />
                <BranchPoint vc="1" uspid="10920" ordinal="16" offset="771" sl="523" path="0" offsetend="773" fileid="252" />
                <BranchPoint vc="0" uspid="10921" ordinal="17" offset="771" sl="523" path="1" offsetend="877" fileid="252" />
                <BranchPoint vc="1" uspid="10922" ordinal="18" offset="1027" sl="541" path="0" offsetend="1029" fileid="252" />
                <BranchPoint vc="5" uspid="10923" ordinal="19" offset="1027" sl="541" path="1" offsetend="1035" fileid="252" />
              </BranchPoints>
              <MethodPoint vc="9" uspid="10924" ordinal="0" offset="0" />
            </Method>
            <Method visited="true" cyclomaticComplexity="6" nPathComplexity="8" sequenceCoverage="82.86" branchCoverage="71.43" isConstructor="false" isStatic="false" isGetter="false" isSetter="false">
              <Summary numSequencePoints="35" visitedSequencePoints="29" numBranchPoints="7" visitedBranchPoints="5" sequenceCoverage="82.86" branchCoverage="71.43" maxCyclomaticComplexity="6" minCyclomaticComplexity="6" visitedClasses="0" numClasses="0" visitedMethods="1" numMethods="1" />
              <MetadataToken>100664817</MetadataToken>
              <Name>System.Collections.Generic.List`1&lt;SportsWeb.Models.Models.ControllerStatusModel&gt; SportsWeb.Services.Cabinate.AmpLightService.AmpWebCabinet::GetControllerStatusBySite(System.Guid)</Name>
              <FileRef uid="252" />
              <SequencePoints>
                <SequencePoint vc="9" uspid="10925" ordinal="0" offset="13" sl="557" sc="9" el="557" ec="10" bec="0" bev="0" fileid="252" />
                <SequencePoint vc="9" uspid="10926" ordinal="1" offset="14" sl="558" sc="13" el="558" ec="38" bec="2" bev="1" fileid="252" />
                <SequencePoint vc="0" uspid="10927" ordinal="2" offset="34" sl="559" sc="13" el="559" ec="14" bec="0" bev="0" fileid="252" />
                <SequencePoint vc="0" uspid="10928" ordinal="3" offset="35" sl="560" sc="17" el="560" ec="110" bec="0" bev="0" fileid="252" />
                <SequencePoint vc="0" uspid="10929" ordinal="4" offset="51" sl="561" sc="17" el="561" ec="106" bec="0" bev="0" fileid="252" />
                <SequencePoint vc="9" uspid="10930" ordinal="5" offset="63" sl="565" sc="13" el="565" ec="14" bec="0" bev="0" fileid="252" />
                <SequencePoint vc="9" uspid="10931" ordinal="6" offset="64" sl="567" sc="24" el="567" ec="51" bec="0" bev="0" fileid="252" />
                <SequencePoint vc="9" uspid="10932" ordinal="7" offset="72" sl="568" sc="17" el="568" ec="18" bec="0" bev="0" fileid="252" />
                <SequencePoint vc="9" uspid="10933" ordinal="8" offset="73" sl="569" sc="21" el="569" ec="70" bec="0" bev="0" fileid="252" />
                <SequencePoint vc="9" uspid="10934" ordinal="9" offset="82" sl="570" sc="21" el="570" ec="92" bec="0" bev="0" fileid="252" />
                <SequencePoint vc="9" uspid="10935" ordinal="10" offset="239" sl="571" sc="17" el="571" ec="18" bec="0" bev="0" fileid="252" />
                <SequencePoint vc="9" uspid="10936" ordinal="11" offset="255" sl="572" sc="17" el="572" ec="70" bec="0" bev="0" fileid="252" />
                <SequencePoint vc="9" uspid="10937" ordinal="12" offset="268" sl="573" sc="17" el="573" ec="104" bec="0" bev="0" fileid="252" />
                <SequencePoint vc="9" uspid="10938" ordinal="13" offset="293" sl="575" sc="17" el="575" ec="36" bec="2" bev="1" fileid="252" />
                <SequencePoint vc="9" uspid="10939" ordinal="14" offset="304" sl="576" sc="21" el="576" ec="60" bec="0" bev="0" fileid="252" />
                <SequencePoint vc="9" uspid="10940" ordinal="15" offset="320" sl="578" sc="17" el="584" ec="19" bec="0" bev="0" fileid="252" />
                <SequencePoint vc="9" uspid="10941" ordinal="16" offset="361" sl="586" sc="17" el="586" ec="105" bec="0" bev="0" fileid="252" />
                <SequencePoint vc="9" uspid="10942" ordinal="17" offset="393" sl="588" sc="17" el="588" ec="68" bec="0" bev="0" fileid="252" />
                <SequencePoint vc="1" uspid="10943" ordinal="18" offset="404" sl="589" sc="17" el="589" ec="113" bec="0" bev="0" fileid="252" />
                <SequencePoint vc="1" uspid="10944" ordinal="19" offset="441" sl="590" sc="17" el="595" ec="29" bec="0" bev="0" fileid="252" />
                <SequencePoint vc="1" uspid="10945" ordinal="20" offset="491" sl="596" sc="17" el="596" ec="45" bec="0" bev="0" fileid="252" />
                <SequencePoint vc="7" uspid="10946" ordinal="21" offset="500" sl="598" sc="13" el="598" ec="52" bec="0" bev="0" fileid="252" />
                <SequencePoint vc="7" uspid="10947" ordinal="22" offset="502" sl="599" sc="13" el="599" ec="14" bec="0" bev="0" fileid="252" />
                <SequencePoint vc="7" uspid="10948" ordinal="23" offset="503" sl="600" sc="17" el="600" ec="121" bec="0" bev="0" fileid="252" />
                <SequencePoint vc="7" uspid="10949" ordinal="24" offset="537" sl="601" sc="17" el="601" ec="63" bec="0" bev="0" fileid="252" />
                <SequencePoint vc="7" uspid="10950" ordinal="25" offset="558" sl="602" sc="17" el="602" ec="161" bec="0" bev="0" fileid="252" />
                <SequencePoint vc="7" uspid="10951" ordinal="26" offset="582" sl="603" sc="17" el="603" ec="115" bec="2" bev="2" fileid="252" />
                <SequencePoint vc="0" uspid="10952" ordinal="27" offset="599" sl="605" sc="13" el="605" ec="42" bec="0" bev="0" fileid="252" />
                <SequencePoint vc="0" uspid="10953" ordinal="28" offset="600" sl="606" sc="13" el="606" ec="14" bec="0" bev="0" fileid="252" />
                <SequencePoint vc="0" uspid="10954" ordinal="29" offset="601" sl="607" sc="17" el="607" ec="23" bec="0" bev="0" fileid="252" />
                <SequencePoint vc="1" uspid="10955" ordinal="30" offset="603" sl="609" sc="13" el="609" ec="33" bec="0" bev="0" fileid="252" />
                <SequencePoint vc="1" uspid="10956" ordinal="31" offset="605" sl="610" sc="13" el="610" ec="14" bec="0" bev="0" fileid="252" />
                <SequencePoint vc="1" uspid="10957" ordinal="32" offset="606" sl="611" sc="17" el="611" ec="73" bec="0" bev="0" fileid="252" />
                <SequencePoint vc="1" uspid="10958" ordinal="33" offset="629" sl="612" sc="17" el="613" ec="78" bec="0" bev="0" fileid="252" />
                <SequencePoint vc="1" uspid="10959" ordinal="34" offset="640" sl="615" sc="9" el="615" ec="10" bec="0" bev="0" fileid="252" />
              </SequencePoints>
              <BranchPoints>
                <BranchPoint vc="0" uspid="10960" ordinal="0" offset="32" sl="558" path="0" offsetend="34" fileid="252" />
                <BranchPoint vc="9" uspid="10961" ordinal="1" offset="32" sl="558" path="1" offsetend="62" fileid="252" />
                <BranchPoint vc="9" uspid="10962" ordinal="2" offset="302" sl="575" path="0" offsetend="304" fileid="252" />
                <BranchPoint vc="0" uspid="10963" ordinal="3" offset="302" sl="575" path="1" offsetend="320" fileid="252" />
                <BranchPoint vc="1" uspid="10966" ordinal="6" offset="585" sl="603" path="0" offsetend="587" fileid="252" />
                <BranchPoint vc="6" uspid="10967" ordinal="7" offset="585" sl="603" path="1" offsetend="593" fileid="252" />
              </BranchPoints>
              <MethodPoint vc="9" uspid="10968" ordinal="0" offset="0" />
            </Method>
            <Method visited="true" cyclomaticComplexity="9" nPathComplexity="8" sequenceCoverage="50" branchCoverage="57.14" isConstructor="false" isStatic="true" isGetter="false" isSetter="false">
              <Summary numSequencePoints="24" visitedSequencePoints="12" numBranchPoints="7" visitedBranchPoints="4" sequenceCoverage="50" branchCoverage="57.14" maxCyclomaticComplexity="9" minCyclomaticComplexity="9" visitedClasses="0" numClasses="0" visitedMethods="1" numMethods="1" />
              <MetadataToken>100664818</MetadataToken>
              <Name>SportsWeb.Services.Cabinate.AmpLightService.Interfaces.sceneSetting[] SportsWeb.Services.Cabinate.AmpLightService.AmpWebCabinet::GetSceneSettingsForCircuit(System.Collections.Generic.List`1&lt;SportsWeb.Entities.SceneSetting&gt;,SportsWeb.Services.Cabinate.AmpLightService.Interfaces.fieldType,System.Boolean)</Name>
              <FileRef uid="252" />
              <SequencePoints>
                <SequencePoint vc="9" uspid="10969" ordinal="0" offset="13" sl="618" sc="9" el="618" ec="10" bec="0" bev="0" fileid="252" />
                <SequencePoint vc="9" uspid="10970" ordinal="1" offset="14" sl="619" sc="13" el="626" ec="29" bec="0" bev="0" fileid="252" />
                <SequencePoint vc="9" uspid="10971" ordinal="2" offset="44" sl="629" sc="13" el="629" ec="50" bec="2" bev="1" fileid="252" />
                <SequencePoint vc="9" uspid="10972" ordinal="3" offset="55" sl="630" sc="13" el="630" ec="14" bec="0" bev="0" fileid="252" />
                <SequencePoint vc="9" uspid="10973" ordinal="4" offset="56" sl="631" sc="17" el="632" ec="38" bec="0" bev="0" fileid="252" />
                <SequencePoint vc="9" uspid="10974" ordinal="5" offset="99" sl="634" sc="17" el="640" ec="20" bec="0" bev="0" fileid="252" />
                <SequencePoint vc="9" uspid="10975" ordinal="6" offset="143" sl="641" sc="17" el="648" ec="20" bec="0" bev="0" fileid="252" />
                <SequencePoint vc="9" uspid="10976" ordinal="7" offset="187" sl="649" sc="13" el="649" ec="14" bec="0" bev="0" fileid="252" />
                <SequencePoint vc="9" uspid="10977" ordinal="8" offset="188" sl="652" sc="13" el="652" ec="50" bec="2" bev="1" fileid="252" />
                <SequencePoint vc="0" uspid="10978" ordinal="9" offset="201" sl="653" sc="13" el="653" ec="14" bec="0" bev="0" fileid="252" />
                <SequencePoint vc="0" uspid="10979" ordinal="10" offset="202" sl="654" sc="17" el="655" ec="38" bec="0" bev="0" fileid="252" />
                <SequencePoint vc="0" uspid="10980" ordinal="11" offset="246" sl="656" sc="17" el="657" ec="38" bec="0" bev="0" fileid="252" />
                <SequencePoint vc="0" uspid="10981" ordinal="12" offset="290" sl="658" sc="17" el="664" ec="20" bec="0" bev="0" fileid="252" />
                <SequencePoint vc="0" uspid="10982" ordinal="13" offset="335" sl="665" sc="17" el="672" ec="20" bec="0" bev="0" fileid="252" />
                <SequencePoint vc="0" uspid="10983" ordinal="14" offset="380" sl="673" sc="13" el="673" ec="14" bec="0" bev="0" fileid="252" />
                <SequencePoint vc="9" uspid="10984" ordinal="15" offset="381" sl="676" sc="13" el="676" ec="51" bec="2" bev="1" fileid="252" />
                <SequencePoint vc="0" uspid="10985" ordinal="16" offset="394" sl="677" sc="13" el="677" ec="14" bec="0" bev="0" fileid="252" />
                <SequencePoint vc="0" uspid="10986" ordinal="17" offset="395" sl="678" sc="17" el="679" ec="38" bec="0" bev="0" fileid="252" />
                <SequencePoint vc="0" uspid="10987" ordinal="18" offset="439" sl="680" sc="17" el="681" ec="38" bec="0" bev="0" fileid="252" />
                <SequencePoint vc="0" uspid="10988" ordinal="19" offset="483" sl="682" sc="17" el="688" ec="20" bec="0" bev="0" fileid="252" />
                <SequencePoint vc="0" uspid="10989" ordinal="20" offset="528" sl="689" sc="17" el="696" ec="20" bec="0" bev="0" fileid="252" />
                <SequencePoint vc="0" uspid="10990" ordinal="21" offset="573" sl="697" sc="13" el="697" ec="14" bec="0" bev="0" fileid="252" />
                <SequencePoint vc="9" uspid="10991" ordinal="22" offset="574" sl="699" sc="13" el="699" ec="44" bec="0" bev="0" fileid="252" />
                <SequencePoint vc="9" uspid="10992" ordinal="23" offset="584" sl="700" sc="9" el="700" ec="10" bec="0" bev="0" fileid="252" />
              </SequencePoints>
              <BranchPoints>
                <BranchPoint vc="9" uspid="10993" ordinal="0" offset="50" sl="629" path="0" offsetend="55" fileid="252" />
                <BranchPoint vc="0" uspid="10994" ordinal="1" offset="50" sl="629" path="1" offsetend="188" fileid="252" />
                <BranchPoint vc="0" uspid="10997" ordinal="4" offset="196" sl="652" path="0" offsetend="201" fileid="252" />
                <BranchPoint vc="9" uspid="10998" ordinal="5" offset="196" sl="652" path="1" offsetend="381" fileid="252" />
                <BranchPoint vc="0" uspid="11003" ordinal="10" offset="389" sl="676" path="0" offsetend="394" fileid="252" />
                <BranchPoint vc="9" uspid="11004" ordinal="11" offset="389" sl="676" path="1" offsetend="574" fileid="252" />
              </BranchPoints>
              <MethodPoint vc="9" uspid="11009" ordinal="0" offset="0" />
            </Method>
            <Method visited="false" cyclomaticComplexity="6" nPathComplexity="16" sequenceCoverage="0" branchCoverage="0" isConstructor="false" isStatic="false" isGetter="false" isSetter="false">
              <Summary numSequencePoints="32" visitedSequencePoints="0" numBranchPoints="9" visitedBranchPoints="0" sequenceCoverage="0" branchCoverage="0" maxCyclomaticComplexity="6" minCyclomaticComplexity="6" visitedClasses="0" numClasses="0" visitedMethods="0" numMethods="1" />
              <MetadataToken>100664819</MetadataToken>
              <Name>System.Int32 SportsWeb.Services.Cabinate.AmpLightService.AmpWebCabinet::SetScene(SportsWeb.Models.PitchModel,SportsWeb.Entities.PitchStateEnum)</Name>
              <FileRef uid="252" />
              <SequencePoints>
                <SequencePoint vc="0" uspid="11010" ordinal="0" offset="13" sl="703" sc="9" el="703" ec="10" bec="0" bev="0" fileid="252" />
                <SequencePoint vc="0" uspid="11011" ordinal="1" offset="14" sl="704" sc="13" el="704" ec="31" bec="2" bev="0" fileid="252" />
                <SequencePoint vc="0" uspid="11012" ordinal="2" offset="29" sl="705" sc="13" el="705" ec="14" bec="0" bev="0" fileid="252" />
                <SequencePoint vc="0" uspid="11013" ordinal="3" offset="30" sl="706" sc="17" el="706" ec="95" bec="0" bev="0" fileid="252" />
                <SequencePoint vc="0" uspid="11014" ordinal="4" offset="46" sl="707" sc="17" el="707" ec="92" bec="0" bev="0" fileid="252" />
                <SequencePoint vc="0" uspid="11015" ordinal="5" offset="57" sl="711" sc="20" el="711" ec="47" bec="0" bev="0" fileid="252" />
                <SequencePoint vc="0" uspid="11016" ordinal="6" offset="65" sl="712" sc="13" el="712" ec="14" bec="0" bev="0" fileid="252" />
                <SequencePoint vc="0" uspid="11017" ordinal="7" offset="66" sl="713" sc="17" el="713" ec="66" bec="0" bev="0" fileid="252" />
                <SequencePoint vc="0" uspid="11018" ordinal="8" offset="75" sl="714" sc="17" el="714" ec="94" bec="0" bev="0" fileid="252" />
                <SequencePoint vc="0" uspid="11019" ordinal="9" offset="252" sl="715" sc="13" el="715" ec="14" bec="0" bev="0" fileid="252" />
                <SequencePoint vc="0" uspid="11020" ordinal="10" offset="268" sl="716" sc="13" el="716" ec="66" bec="0" bev="0" fileid="252" />
                <SequencePoint vc="0" uspid="11021" ordinal="11" offset="281" sl="717" sc="13" el="717" ec="100" bec="0" bev="0" fileid="252" />
                <SequencePoint vc="0" uspid="11022" ordinal="12" offset="305" sl="719" sc="13" el="719" ec="32" bec="2" bev="0" fileid="252" />
                <SequencePoint vc="0" uspid="11023" ordinal="13" offset="315" sl="720" sc="17" el="720" ec="56" bec="0" bev="0" fileid="252" />
                <SequencePoint vc="0" uspid="11024" ordinal="14" offset="332" sl="723" sc="13" el="723" ec="14" bec="0" bev="0" fileid="252" />
                <SequencePoint vc="0" uspid="11025" ordinal="15" offset="333" sl="724" sc="17" el="733" ec="20" bec="0" bev="0" fileid="252" />
                <SequencePoint vc="0" uspid="11026" ordinal="16" offset="427" sl="735" sc="17" el="735" ec="32" bec="0" bev="0" fileid="252" />
                <SequencePoint vc="0" uspid="11027" ordinal="17" offset="434" sl="736" sc="17" el="736" ec="70" bec="0" bev="0" fileid="252" />
                <SequencePoint vc="0" uspid="11028" ordinal="18" offset="450" sl="737" sc="17" el="738" ec="124" bec="0" bev="0" fileid="252" />
                <SequencePoint vc="0" uspid="11029" ordinal="19" offset="489" sl="739" sc="17" el="739" ec="51" bec="0" bev="0" fileid="252" />
                <SequencePoint vc="0" uspid="11030" ordinal="20" offset="508" sl="741" sc="13" el="741" ec="52" bec="0" bev="0" fileid="252" />
                <SequencePoint vc="0" uspid="11031" ordinal="21" offset="510" sl="742" sc="13" el="742" ec="14" bec="0" bev="0" fileid="252" />
                <SequencePoint vc="0" uspid="11032" ordinal="22" offset="511" sl="743" sc="17" el="744" ec="104" bec="0" bev="0" fileid="252" />
                <SequencePoint vc="0" uspid="11033" ordinal="23" offset="550" sl="745" sc="17" el="745" ec="63" bec="0" bev="0" fileid="252" />
                <SequencePoint vc="0" uspid="11034" ordinal="24" offset="571" sl="747" sc="17" el="748" ec="55" bec="0" bev="0" fileid="252" />
                <SequencePoint vc="0" uspid="11035" ordinal="25" offset="595" sl="749" sc="17" el="750" ec="108" bec="2" bev="0" fileid="252" />
                <SequencePoint vc="0" uspid="11036" ordinal="26" offset="612" sl="752" sc="13" el="752" ec="33" bec="0" bev="0" fileid="252" />
                <SequencePoint vc="0" uspid="11037" ordinal="27" offset="614" sl="753" sc="13" el="753" ec="14" bec="0" bev="0" fileid="252" />
                <SequencePoint vc="0" uspid="11038" ordinal="28" offset="615" sl="754" sc="17" el="754" ec="33" bec="2" bev="0" fileid="252" />
                <SequencePoint vc="0" uspid="11039" ordinal="29" offset="627" sl="755" sc="17" el="755" ec="102" bec="0" bev="0" fileid="252" />
                <SequencePoint vc="0" uspid="11040" ordinal="30" offset="666" sl="756" sc="17" el="756" ec="23" bec="0" bev="0" fileid="252" />
                <SequencePoint vc="0" uspid="11041" ordinal="31" offset="668" sl="758" sc="9" el="758" ec="10" bec="0" bev="0" fileid="252" />
              </SequencePoints>
              <BranchPoints>
                <BranchPoint vc="0" uspid="11042" ordinal="0" offset="27" sl="704" path="0" offsetend="29" fileid="252" />
                <BranchPoint vc="0" uspid="11043" ordinal="1" offset="27" sl="704" path="1" offsetend="57" fileid="252" />
                <BranchPoint vc="0" uspid="11044" ordinal="2" offset="313" sl="719" path="0" offsetend="315" fileid="252" />
                <BranchPoint vc="0" uspid="11045" ordinal="3" offset="313" sl="719" path="1" offsetend="331" fileid="252" />
                <BranchPoint vc="0" uspid="11046" ordinal="4" offset="598" sl="749" path="0" offsetend="600" fileid="252" />
                <BranchPoint vc="0" uspid="11047" ordinal="5" offset="598" sl="749" path="1" offsetend="606" fileid="252" />
                <BranchPoint vc="0" uspid="11048" ordinal="6" offset="616" sl="754" path="0" offsetchain="618" offsetend="627" fileid="252" />
                <BranchPoint vc="0" uspid="11049" ordinal="7" offset="616" sl="754" path="1" offsetend="620" fileid="252" />
              </BranchPoints>
              <MethodPoint vc="0" uspid="11050" ordinal="0" offset="0" />
            </Method>
            <Method visited="true" cyclomaticComplexity="8" nPathComplexity="16" sequenceCoverage="100" branchCoverage="77.78" isConstructor="false" isStatic="false" isGetter="false" isSetter="false">
              <Summary numSequencePoints="41" visitedSequencePoints="41" numBranchPoints="9" visitedBranchPoints="7" sequenceCoverage="100" branchCoverage="77.78" maxCyclomaticComplexity="8" minCyclomaticComplexity="8" visitedClasses="0" numClasses="0" visitedMethods="1" numMethods="1" />
              <MetadataToken>100664820</MetadataToken>
              <Name>System.Int64 SportsWeb.Services.Cabinate.AmpLightService.AmpWebCabinet::EditController(SportsWeb.Models.CPUModel)</Name>
              <FileRef uid="252" />
              <SequencePoints>
                <SequencePoint vc="13" uspid="11051" ordinal="0" offset="13" sl="761" sc="9" el="761" ec="10" bec="0" bev="0" fileid="252" />
                <SequencePoint vc="13" uspid="11052" ordinal="1" offset="14" sl="763" sc="13" el="763" ec="14" bec="0" bev="0" fileid="252" />
                <SequencePoint vc="13" uspid="11053" ordinal="2" offset="15" sl="764" sc="17" el="764" ec="35" bec="2" bev="2" fileid="252" />
                <SequencePoint vc="1" uspid="11054" ordinal="3" offset="30" sl="765" sc="17" el="765" ec="18" bec="0" bev="0" fileid="252" />
                <SequencePoint vc="1" uspid="11055" ordinal="4" offset="31" sl="766" sc="21" el="766" ec="103" bec="0" bev="0" fileid="252" />
                <SequencePoint vc="1" uspid="11056" ordinal="5" offset="47" sl="767" sc="21" el="767" ec="96" bec="0" bev="0" fileid="252" />
                <SequencePoint vc="12" uspid="11057" ordinal="6" offset="58" sl="777" sc="24" el="777" ec="51" bec="0" bev="0" fileid="252" />
                <SequencePoint vc="12" uspid="11058" ordinal="7" offset="66" sl="778" sc="17" el="778" ec="18" bec="0" bev="0" fileid="252" />
                <SequencePoint vc="12" uspid="11059" ordinal="8" offset="67" sl="779" sc="21" el="779" ec="70" bec="0" bev="0" fileid="252" />
                <SequencePoint vc="12" uspid="11060" ordinal="9" offset="76" sl="780" sc="21" el="780" ec="98" bec="0" bev="0" fileid="252" />
                <SequencePoint vc="12" uspid="11061" ordinal="10" offset="253" sl="781" sc="17" el="781" ec="18" bec="0" bev="0" fileid="252" />
                <SequencePoint vc="12" uspid="11062" ordinal="11" offset="269" sl="783" sc="17" el="783" ec="70" bec="0" bev="0" fileid="252" />
                <SequencePoint vc="12" uspid="11063" ordinal="12" offset="282" sl="785" sc="17" el="785" ec="104" bec="0" bev="0" fileid="252" />
                <SequencePoint vc="12" uspid="11064" ordinal="13" offset="306" sl="786" sc="17" el="786" ec="56" bec="0" bev="0" fileid="252" />
                <SequencePoint vc="12" uspid="11065" ordinal="14" offset="322" sl="788" sc="17" el="803" ec="19" bec="0" bev="0" fileid="252" />
                <SequencePoint vc="12" uspid="11066" ordinal="15" offset="490" sl="805" sc="17" el="805" ec="44" bec="2" bev="2" fileid="252" />
                <SequencePoint vc="2" uspid="11067" ordinal="16" offset="510" sl="806" sc="17" el="806" ec="18" bec="0" bev="0" fileid="252" />
                <SequencePoint vc="2" uspid="11068" ordinal="17" offset="511" sl="807" sc="21" el="814" ec="23" bec="0" bev="0" fileid="252" />
                <SequencePoint vc="2" uspid="11069" ordinal="18" offset="591" sl="815" sc="17" el="815" ec="18" bec="0" bev="0" fileid="252" />
                <SequencePoint vc="12" uspid="11070" ordinal="19" offset="592" sl="818" sc="17" el="818" ec="113" bec="0" bev="0" fileid="252" />
                <SequencePoint vc="12" uspid="11071" ordinal="20" offset="624" sl="820" sc="17" el="820" ec="67" bec="0" bev="0" fileid="252" />
                <SequencePoint vc="1" uspid="11072" ordinal="21" offset="634" sl="822" sc="17" el="822" ec="54" bec="4" bev="2" fileid="252" />
                <SequencePoint vc="1" uspid="11073" ordinal="22" offset="662" sl="823" sc="17" el="823" ec="18" bec="0" bev="0" fileid="252" />
                <SequencePoint vc="1" uspid="11074" ordinal="23" offset="663" sl="824" sc="21" el="825" ec="64" bec="0" bev="0" fileid="252" />
                <SequencePoint vc="1" uspid="11075" ordinal="24" offset="725" sl="826" sc="17" el="826" ec="18" bec="0" bev="0" fileid="252" />
                <SequencePoint vc="1" uspid="11076" ordinal="25" offset="726" sl="829" sc="17" el="829" ec="32" bec="0" bev="0" fileid="252" />
                <SequencePoint vc="1" uspid="11077" ordinal="26" offset="733" sl="831" sc="17" el="831" ec="53" bec="0" bev="0" fileid="252" />
                <SequencePoint vc="10" uspid="11078" ordinal="27" offset="747" sl="833" sc="13" el="833" ec="52" bec="0" bev="0" fileid="252" />
                <SequencePoint vc="10" uspid="11079" ordinal="28" offset="749" sl="834" sc="13" el="834" ec="14" bec="0" bev="0" fileid="252" />
                <SequencePoint vc="10" uspid="11080" ordinal="29" offset="750" sl="836" sc="17" el="836" ec="97" bec="0" bev="0" fileid="252" />
                <SequencePoint vc="10" uspid="11081" ordinal="30" offset="768" sl="837" sc="17" el="837" ec="80" bec="0" bev="0" fileid="252" />
                <SequencePoint vc="10" uspid="11082" ordinal="31" offset="794" sl="840" sc="17" el="848" ec="24" bec="0" bev="0" fileid="252" />
                <SequencePoint vc="10" uspid="11083" ordinal="32" offset="859" sl="851" sc="17" el="852" ec="130" bec="0" bev="0" fileid="252" />
                <SequencePoint vc="1" uspid="11084" ordinal="33" offset="892" sl="854" sc="13" el="854" ec="42" bec="0" bev="0" fileid="252" />
                <SequencePoint vc="1" uspid="11085" ordinal="34" offset="893" sl="855" sc="13" el="855" ec="14" bec="0" bev="0" fileid="252" />
                <SequencePoint vc="1" uspid="11086" ordinal="35" offset="894" sl="856" sc="17" el="856" ec="23" bec="0" bev="0" fileid="252" />
                <SequencePoint vc="1" uspid="11087" ordinal="36" offset="896" sl="858" sc="13" el="858" ec="33" bec="0" bev="0" fileid="252" />
                <SequencePoint vc="1" uspid="11088" ordinal="37" offset="898" sl="859" sc="13" el="859" ec="14" bec="0" bev="0" fileid="252" />
                <SequencePoint vc="1" uspid="11089" ordinal="38" offset="899" sl="861" sc="17" el="861" ec="96" bec="0" bev="0" fileid="252" />
                <SequencePoint vc="1" uspid="11090" ordinal="39" offset="917" sl="862" sc="17" el="862" ec="96" bec="0" bev="0" fileid="252" />
                <SequencePoint vc="1" uspid="11091" ordinal="40" offset="928" sl="864" sc="9" el="864" ec="10" bec="0" bev="0" fileid="252" />
              </SequencePoints>
              <BranchPoints>
                <BranchPoint vc="1" uspid="11092" ordinal="0" offset="28" sl="764" path="0" offsetend="30" fileid="252" />
                <BranchPoint vc="12" uspid="11093" ordinal="1" offset="28" sl="764" path="1" offsetend="58" fileid="252" />
                <BranchPoint vc="2" uspid="11094" ordinal="2" offset="508" sl="805" path="0" offsetend="510" fileid="252" />
                <BranchPoint vc="10" uspid="11095" ordinal="3" offset="508" sl="805" path="1" offsetend="592" fileid="252" />
                <BranchPoint vc="0" uspid="11096" ordinal="4" offset="642" sl="822" path="0" offsetend="644" fileid="252" />
                <BranchPoint vc="1" uspid="11097" ordinal="5" offset="642" sl="822" path="1" offsetend="648" fileid="252" />
                <BranchPoint vc="1" uspid="11098" ordinal="6" offset="660" sl="822" path="0" offsetend="662" fileid="252" />
                <BranchPoint vc="0" uspid="11099" ordinal="7" offset="660" sl="822" path="1" offsetend="726" fileid="252" />
              </BranchPoints>
              <MethodPoint vc="13" uspid="11102" ordinal="0" offset="0" />
            </Method>
            <Method visited="true" cyclomaticComplexity="1" nPathComplexity="0" sequenceCoverage="100" branchCoverage="100" isConstructor="true" isStatic="false" isGetter="false" isSetter="false">
              <Summary numSequencePoints="1" visitedSequencePoints="1" numBranchPoints="1" visitedBranchPoints="1" sequenceCoverage="100" branchCoverage="100" maxCyclomaticComplexity="1" minCyclomaticComplexity="1" visitedClasses="0" numClasses="0" visitedMethods="1" numMethods="1" />
              <MetadataToken>100664821</MetadataToken>
              <Name>System.Void SportsWeb.Services.Cabinate.AmpLightService.AmpWebCabinet::.ctor()</Name>
              <FileRef uid="252" />
              <SequencePoints>
                <SequencePoint vc="460" uspid="11103" ordinal="0" offset="0" sl="32" sc="9" el="32" ec="117" bec="0" bev="0" fileid="252" />
              </SequencePoints>
              <BranchPoints />
              <MethodPoint xsi:type="SequencePoint" vc="460" uspid="11103" ordinal="0" offset="0" sl="32" sc="9" el="32" ec="117" bec="0" bev="0" fileid="252" />
            </Method>
            <Method visited="true" cyclomaticComplexity="1" nPathComplexity="0" sequenceCoverage="100" branchCoverage="100" isConstructor="true" isStatic="true" isGetter="false" isSetter="false">
              <Summary numSequencePoints="1" visitedSequencePoints="1" numBranchPoints="1" visitedBranchPoints="1" sequenceCoverage="100" branchCoverage="100" maxCyclomaticComplexity="1" minCyclomaticComplexity="1" visitedClasses="0" numClasses="0" visitedMethods="1" numMethods="1" />
              <MetadataToken>100664822</MetadataToken>
              <Name>System.Void SportsWeb.Services.Cabinate.AmpLightService.AmpWebCabinet::.cctor()</Name>
              <FileRef uid="252" />
              <SequencePoints>
                <SequencePoint vc="1" uspid="11104" ordinal="0" offset="0" sl="31" sc="9" el="31" ec="91" bec="0" bev="0" fileid="252" />
              </SequencePoints>
              <BranchPoints />
              <MethodPoint xsi:type="SequencePoint" vc="1" uspid="11104" ordinal="0" offset="0" sl="31" sc="9" el="31" ec="91" bec="0" bev="0" fileid="252" />
            </Method>
          </Methods>
        </Class>
        <Class>
          <Summary numSequencePoints="0" visitedSequencePoints="0" numBranchPoints="0" visitedBranchPoints="0" sequenceCoverage="0" branchCoverage="0" maxCyclomaticComplexity="1" minCyclomaticComplexity="1" visitedClasses="0" numClasses="0" visitedMethods="0" numMethods="0" />
          <FullName>SportsWeb.Services.Cabinate.AmpLightService.AmpWebCabinet/&lt;&gt;c__DisplayClass0_0</FullName>
          <Methods>
            <Method visited="false" cyclomaticComplexity="1" nPathComplexity="0" sequenceCoverage="0" branchCoverage="0" isConstructor="true" isStatic="false" isGetter="false" isSetter="false">
              <Summary numSequencePoints="0" visitedSequencePoints="0" numBranchPoints="0" visitedBranchPoints="0" sequenceCoverage="0" branchCoverage="0" maxCyclomaticComplexity="1" minCyclomaticComplexity="1" visitedClasses="0" numClasses="0" visitedMethods="0" numMethods="0" />
              <MetadataToken>100667111</MetadataToken>
              <Name>System.Void SportsWeb.Services.Cabinate.AmpLightService.AmpWebCabinet/&lt;&gt;c__DisplayClass0_0::.ctor()</Name>
              <SequencePoints />
              <BranchPoints />
              <MethodPoint vc="0" uspid="11105" ordinal="0" offset="0" />
            </Method>
          </Methods>
        </Class>
        <Class>
          <Summary numSequencePoints="0" visitedSequencePoints="0" numBranchPoints="0" visitedBranchPoints="0" sequenceCoverage="0" branchCoverage="0" maxCyclomaticComplexity="1" minCyclomaticComplexity="1" visitedClasses="0" numClasses="0" visitedMethods="0" numMethods="0" />
          <FullName>SportsWeb.Services.Cabinate.AmpLightService.AmpWebCabinet/&lt;&gt;c__DisplayClass1_0</FullName>
          <Methods>
            <Method visited="false" cyclomaticComplexity="1" nPathComplexity="0" sequenceCoverage="0" branchCoverage="0" isConstructor="true" isStatic="false" isGetter="false" isSetter="false">
              <Summary numSequencePoints="0" visitedSequencePoints="0" numBranchPoints="0" visitedBranchPoints="0" sequenceCoverage="0" branchCoverage="0" maxCyclomaticComplexity="1" minCyclomaticComplexity="1" visitedClasses="0" numClasses="0" visitedMethods="0" numMethods="0" />
              <MetadataToken>100667112</MetadataToken>
              <Name>System.Void SportsWeb.Services.Cabinate.AmpLightService.AmpWebCabinet/&lt;&gt;c__DisplayClass1_0::.ctor()</Name>
              <SequencePoints />
              <BranchPoints />
              <MethodPoint vc="0" uspid="11106" ordinal="0" offset="0" />
            </Method>
          </Methods>
        </Class>
        <Class>
          <Summary numSequencePoints="0" visitedSequencePoints="0" numBranchPoints="0" visitedBranchPoints="0" sequenceCoverage="0" branchCoverage="0" maxCyclomaticComplexity="1" minCyclomaticComplexity="1" visitedClasses="0" numClasses="0" visitedMethods="0" numMethods="0" />
          <FullName>SportsWeb.Services.Cabinate.AmpLightService.AmpWebCabinet/&lt;&gt;c__DisplayClass2_0</FullName>
          <Methods>
            <Method visited="false" cyclomaticComplexity="1" nPathComplexity="0" sequenceCoverage="0" branchCoverage="0" isConstructor="true" isStatic="false" isGetter="false" isSetter="false">
              <Summary numSequencePoints="0" visitedSequencePoints="0" numBranchPoints="0" visitedBranchPoints="0" sequenceCoverage="0" branchCoverage="0" maxCyclomaticComplexity="1" minCyclomaticComplexity="1" visitedClasses="0" numClasses="0" visitedMethods="0" numMethods="0" />
              <MetadataToken>100667113</MetadataToken>
              <Name>System.Void SportsWeb.Services.Cabinate.AmpLightService.AmpWebCabinet/&lt;&gt;c__DisplayClass2_0::.ctor()</Name>
              <SequencePoints />
              <BranchPoints />
              <MethodPoint vc="0" uspid="11107" ordinal="0" offset="0" />
            </Method>
          </Methods>
        </Class>
        <Class>
          <Summary numSequencePoints="0" visitedSequencePoints="0" numBranchPoints="0" visitedBranchPoints="0" sequenceCoverage="0" branchCoverage="0" maxCyclomaticComplexity="1" minCyclomaticComplexity="1" visitedClasses="0" numClasses="0" visitedMethods="0" numMethods="0" />
          <FullName>SportsWeb.Services.Cabinate.AmpLightService.AmpWebCabinet/&lt;&gt;c__DisplayClass3_0</FullName>
          <Methods>
            <Method visited="false" cyclomaticComplexity="1" nPathComplexity="0" sequenceCoverage="0" branchCoverage="0" isConstructor="true" isStatic="false" isGetter="false" isSetter="false">
              <Summary numSequencePoints="0" visitedSequencePoints="0" numBranchPoints="0" visitedBranchPoints="0" sequenceCoverage="0" branchCoverage="0" maxCyclomaticComplexity="1" minCyclomaticComplexity="1" visitedClasses="0" numClasses="0" visitedMethods="0" numMethods="0" />
              <MetadataToken>100667114</MetadataToken>
              <Name>System.Void SportsWeb.Services.Cabinate.AmpLightService.AmpWebCabinet/&lt;&gt;c__DisplayClass3_0::.ctor()</Name>
              <SequencePoints />
              <BranchPoints />
              <MethodPoint vc="0" uspid="11108" ordinal="0" offset="0" />
            </Method>
          </Methods>
        </Class>
        <Class>
          <Summary numSequencePoints="21" visitedSequencePoints="13" numBranchPoints="21" visitedBranchPoints="13" sequenceCoverage="61.90" branchCoverage="61.90" maxCyclomaticComplexity="1" minCyclomaticComplexity="1" visitedClasses="1" numClasses="1" visitedMethods="13" numMethods="21" />
          <FullName>SportsWeb.Services.Cabinate.AmpLightService.AmpWebCabinet/&lt;&gt;c</FullName>
          <Methods>
            <Method visited="true" cyclomaticComplexity="1" nPathComplexity="0" sequenceCoverage="0" branchCoverage="0" isConstructor="true" isStatic="true" isGetter="false" isSetter="false">
              <Summary numSequencePoints="0" visitedSequencePoints="0" numBranchPoints="0" visitedBranchPoints="0" sequenceCoverage="0" branchCoverage="0" maxCyclomaticComplexity="1" minCyclomaticComplexity="1" visitedClasses="0" numClasses="0" visitedMethods="0" numMethods="0" />
              <MetadataToken>100667115</MetadataToken>
              <Name>System.Void SportsWeb.Services.Cabinate.AmpLightService.AmpWebCabinet/&lt;&gt;c::.cctor()</Name>
              <SequencePoints />
              <BranchPoints />
              <MethodPoint vc="1" uspid="11109" ordinal="0" offset="0" />
            </Method>
            <Method visited="true" cyclomaticComplexity="1" nPathComplexity="0" sequenceCoverage="0" branchCoverage="0" isConstructor="true" isStatic="false" isGetter="false" isSetter="false">
              <Summary numSequencePoints="0" visitedSequencePoints="0" numBranchPoints="0" visitedBranchPoints="0" sequenceCoverage="0" branchCoverage="0" maxCyclomaticComplexity="1" minCyclomaticComplexity="1" visitedClasses="0" numClasses="0" visitedMethods="0" numMethods="0" />
              <MetadataToken>100667116</MetadataToken>
              <Name>System.Void SportsWeb.Services.Cabinate.AmpLightService.AmpWebCabinet/&lt;&gt;c::.ctor()</Name>
              <SequencePoints />
              <BranchPoints />
              <MethodPoint vc="1" uspid="11110" ordinal="0" offset="0" />
            </Method>
            <Method visited="true" cyclomaticComplexity="1" nPathComplexity="0" sequenceCoverage="100" branchCoverage="100" isConstructor="false" isStatic="false" isGetter="false" isSetter="false">
              <Summary numSequencePoints="1" visitedSequencePoints="1" numBranchPoints="1" visitedBranchPoints="1" sequenceCoverage="100" branchCoverage="100" maxCyclomaticComplexity="1" minCyclomaticComplexity="1" visitedClasses="0" numClasses="0" visitedMethods="1" numMethods="1" />
              <MetadataToken>100667117</MetadataToken>
              <Name>System.Boolean SportsWeb.Services.Cabinate.AmpLightService.AmpWebCabinet/&lt;&gt;c::&lt;GetFieldState&gt;b__8_0(SportsWeb.Services.Cabinate.AmpLightService.Interfaces.commandStatus)</Name>
              <FileRef uid="247" />
              <SequencePoints>
                <SequencePoint vc="1" uspid="11111" ordinal="0" offset="0" sl="48" sc="92" el="48" ec="116" bec="0" bev="0" fileid="247" />
              </SequencePoints>
              <BranchPoints />
              <MethodPoint xsi:type="SequencePoint" vc="1" uspid="11111" ordinal="0" offset="0" sl="48" sc="92" el="48" ec="116" bec="0" bev="0" fileid="247" />
            </Method>
            <Method visited="true" cyclomaticComplexity="1" nPathComplexity="0" sequenceCoverage="100" branchCoverage="100" isConstructor="false" isStatic="false" isGetter="false" isSetter="false">
              <Summary numSequencePoints="1" visitedSequencePoints="1" numBranchPoints="1" visitedBranchPoints="1" sequenceCoverage="100" branchCoverage="100" maxCyclomaticComplexity="1" minCyclomaticComplexity="1" visitedClasses="0" numClasses="0" visitedMethods="1" numMethods="1" />
              <MetadataToken>100667118</MetadataToken>
              <Name>System.Int64 SportsWeb.Services.Cabinate.AmpLightService.AmpWebCabinet/&lt;&gt;c::&lt;GetDetectedCircuits&gt;b__15_1(SportsWeb.Models.CircuitModel)</Name>
              <FileRef uid="248" />
              <SequencePoints>
                <SequencePoint vc="9" uspid="11112" ordinal="0" offset="0" sl="219" sc="58" el="219" ec="74" bec="0" bev="0" fileid="248" />
              </SequencePoints>
              <BranchPoints />
              <MethodPoint xsi:type="SequencePoint" vc="9" uspid="11112" ordinal="0" offset="0" sl="219" sc="58" el="219" ec="74" bec="0" bev="0" fileid="248" />
            </Method>
            <Method visited="true" cyclomaticComplexity="1" nPathComplexity="0" sequenceCoverage="100" branchCoverage="100" isConstructor="false" isStatic="false" isGetter="false" isSetter="false">
              <Summary numSequencePoints="1" visitedSequencePoints="1" numBranchPoints="1" visitedBranchPoints="1" sequenceCoverage="100" branchCoverage="100" maxCyclomaticComplexity="1" minCyclomaticComplexity="1" visitedClasses="0" numClasses="0" visitedMethods="1" numMethods="1" />
              <MetadataToken>100667119</MetadataToken>
              <Name>System.Boolean SportsWeb.Services.Cabinate.AmpLightService.AmpWebCabinet/&lt;&gt;c::&lt;AttachCircuitsToField&gt;b__22_5(SportsWeb.Entities.SceneSetting)</Name>
              <FileRef uid="248" />
              <SequencePoints>
                <SequencePoint vc="36" uspid="11113" ordinal="0" offset="0" sl="863" sc="51" el="863" ec="71" bec="0" bev="0" fileid="248" />
              </SequencePoints>
              <BranchPoints />
              <MethodPoint xsi:type="SequencePoint" vc="36" uspid="11113" ordinal="0" offset="0" sl="863" sc="51" el="863" ec="71" bec="0" bev="0" fileid="248" />
            </Method>
            <Method visited="false" cyclomaticComplexity="1" nPathComplexity="0" sequenceCoverage="0" branchCoverage="0" isConstructor="false" isStatic="false" isGetter="false" isSetter="false">
              <Summary numSequencePoints="1" visitedSequencePoints="0" numBranchPoints="1" visitedBranchPoints="0" sequenceCoverage="0" branchCoverage="0" maxCyclomaticComplexity="1" minCyclomaticComplexity="1" visitedClasses="0" numClasses="0" visitedMethods="0" numMethods="1" />
              <MetadataToken>100667120</MetadataToken>
              <Name>System.Boolean SportsWeb.Services.Cabinate.AmpLightService.AmpWebCabinet/&lt;&gt;c::&lt;AttachCircuitsToField&gt;b__22_3(SportsWeb.Entities.SceneSetting)</Name>
              <FileRef uid="248" />
              <SequencePoints>
                <SequencePoint vc="0" uspid="11114" ordinal="0" offset="0" sl="867" sc="51" el="867" ec="67" bec="0" bev="0" fileid="248" />
              </SequencePoints>
              <BranchPoints />
              <MethodPoint xsi:type="SequencePoint" vc="0" uspid="11114" ordinal="0" offset="0" sl="867" sc="51" el="867" ec="67" bec="0" bev="0" fileid="248" />
            </Method>
            <Method visited="true" cyclomaticComplexity="1" nPathComplexity="0" sequenceCoverage="100" branchCoverage="100" isConstructor="false" isStatic="false" isGetter="false" isSetter="false">
              <Summary numSequencePoints="1" visitedSequencePoints="1" numBranchPoints="1" visitedBranchPoints="1" sequenceCoverage="100" branchCoverage="100" maxCyclomaticComplexity="1" minCyclomaticComplexity="1" visitedClasses="0" numClasses="0" visitedMethods="1" numMethods="1" />
              <MetadataToken>100667121</MetadataToken>
              <Name>System.Int64 SportsWeb.Services.Cabinate.AmpLightService.AmpWebCabinet/&lt;&gt;c::&lt;AttachCircuitsToField&gt;b__22_7(SportsWeb.Models.CircuitModel)</Name>
              <FileRef uid="248" />
              <SequencePoints>
                <SequencePoint vc="27" uspid="11115" ordinal="0" offset="0" sl="895" sc="65" el="895" ec="81" bec="0" bev="0" fileid="248" />
              </SequencePoints>
              <BranchPoints />
              <MethodPoint xsi:type="SequencePoint" vc="27" uspid="11115" ordinal="0" offset="0" sl="895" sc="65" el="895" ec="81" bec="0" bev="0" fileid="248" />
            </Method>
            <Method visited="true" cyclomaticComplexity="1" nPathComplexity="0" sequenceCoverage="100" branchCoverage="100" isConstructor="false" isStatic="false" isGetter="false" isSetter="false">
              <Summary numSequencePoints="1" visitedSequencePoints="1" numBranchPoints="1" visitedBranchPoints="1" sequenceCoverage="100" branchCoverage="100" maxCyclomaticComplexity="1" minCyclomaticComplexity="1" visitedClasses="0" numClasses="0" visitedMethods="1" numMethods="1" />
              <MetadataToken>100667122</MetadataToken>
              <Name>System.Int64 SportsWeb.Services.Cabinate.AmpLightService.AmpWebCabinet/&lt;&gt;c::&lt;AttachCircuitsToField&gt;b__22_8(SportsWeb.Models.CircuitModel)</Name>
              <FileRef uid="248" />
              <SequencePoints>
                <SequencePoint vc="24" uspid="11116" ordinal="0" offset="0" sl="918" sc="120" el="918" ec="136" bec="0" bev="0" fileid="248" />
              </SequencePoints>
              <BranchPoints />
              <MethodPoint xsi:type="SequencePoint" vc="24" uspid="11116" ordinal="0" offset="0" sl="918" sc="120" el="918" ec="136" bec="0" bev="0" fileid="248" />
            </Method>
            <Method visited="false" cyclomaticComplexity="1" nPathComplexity="0" sequenceCoverage="0" branchCoverage="0" isConstructor="false" isStatic="false" isGetter="false" isSetter="false">
              <Summary numSequencePoints="1" visitedSequencePoints="0" numBranchPoints="1" visitedBranchPoints="0" sequenceCoverage="0" branchCoverage="0" maxCyclomaticComplexity="1" minCyclomaticComplexity="1" visitedClasses="0" numClasses="0" visitedMethods="0" numMethods="1" />
              <MetadataToken>100667123</MetadataToken>
              <Name>System.Int64 SportsWeb.Services.Cabinate.AmpLightService.AmpWebCabinet/&lt;&gt;c::&lt;AttachCircuitsToField&gt;b__22_9(SportsWeb.Models.CircuitModel)</Name>
              <FileRef uid="248" />
              <SequencePoints>
                <SequencePoint vc="0" uspid="11117" ordinal="0" offset="0" sl="934" sc="120" el="934" ec="136" bec="0" bev="0" fileid="248" />
              </SequencePoints>
              <BranchPoints />
              <MethodPoint xsi:type="SequencePoint" vc="0" uspid="11117" ordinal="0" offset="0" sl="934" sc="120" el="934" ec="136" bec="0" bev="0" fileid="248" />
            </Method>
            <Method visited="true" cyclomaticComplexity="1" nPathComplexity="0" sequenceCoverage="100" branchCoverage="100" isConstructor="false" isStatic="false" isGetter="false" isSetter="false">
              <Summary numSequencePoints="1" visitedSequencePoints="1" numBranchPoints="1" visitedBranchPoints="1" sequenceCoverage="100" branchCoverage="100" maxCyclomaticComplexity="1" minCyclomaticComplexity="1" visitedClasses="0" numClasses="0" visitedMethods="1" numMethods="1" />
              <MetadataToken>100667124</MetadataToken>
              <Name>System.Int64 SportsWeb.Services.Cabinate.AmpLightService.AmpWebCabinet/&lt;&gt;c::&lt;DettachCircuitFromField&gt;b__23_1(SportsWeb.Models.CircuitModel)</Name>
              <FileRef uid="248" />
              <SequencePoints>
                <SequencePoint vc="27" uspid="11118" ordinal="0" offset="0" sl="976" sc="65" el="976" ec="81" bec="0" bev="0" fileid="248" />
              </SequencePoints>
              <BranchPoints />
              <MethodPoint xsi:type="SequencePoint" vc="27" uspid="11118" ordinal="0" offset="0" sl="976" sc="65" el="976" ec="81" bec="0" bev="0" fileid="248" />
            </Method>
            <Method visited="true" cyclomaticComplexity="1" nPathComplexity="0" sequenceCoverage="100" branchCoverage="100" isConstructor="false" isStatic="false" isGetter="false" isSetter="false">
              <Summary numSequencePoints="1" visitedSequencePoints="1" numBranchPoints="1" visitedBranchPoints="1" sequenceCoverage="100" branchCoverage="100" maxCyclomaticComplexity="1" minCyclomaticComplexity="1" visitedClasses="0" numClasses="0" visitedMethods="1" numMethods="1" />
              <MetadataToken>100667125</MetadataToken>
              <Name>System.Int64 SportsWeb.Services.Cabinate.AmpLightService.AmpWebCabinet/&lt;&gt;c::&lt;DettachCircuitFromField&gt;b__23_2(SportsWeb.Models.CircuitModel)</Name>
              <FileRef uid="248" />
              <SequencePoints>
                <SequencePoint vc="24" uspid="11119" ordinal="0" offset="0" sl="995" sc="120" el="995" ec="136" bec="0" bev="0" fileid="248" />
              </SequencePoints>
              <BranchPoints />
              <MethodPoint xsi:type="SequencePoint" vc="24" uspid="11119" ordinal="0" offset="0" sl="995" sc="120" el="995" ec="136" bec="0" bev="0" fileid="248" />
            </Method>
            <Method visited="false" cyclomaticComplexity="1" nPathComplexity="0" sequenceCoverage="0" branchCoverage="0" isConstructor="false" isStatic="false" isGetter="false" isSetter="false">
              <Summary numSequencePoints="1" visitedSequencePoints="0" numBranchPoints="1" visitedBranchPoints="0" sequenceCoverage="0" branchCoverage="0" maxCyclomaticComplexity="1" minCyclomaticComplexity="1" visitedClasses="0" numClasses="0" visitedMethods="0" numMethods="1" />
              <MetadataToken>100667126</MetadataToken>
              <Name>System.Int64 SportsWeb.Services.Cabinate.AmpLightService.AmpWebCabinet/&lt;&gt;c::&lt;DettachCircuitFromField&gt;b__23_3(SportsWeb.Models.CircuitModel)</Name>
              <FileRef uid="248" />
              <SequencePoints>
                <SequencePoint vc="0" uspid="11120" ordinal="0" offset="0" sl="1012" sc="120" el="1012" ec="136" bec="0" bev="0" fileid="248" />
              </SequencePoints>
              <BranchPoints />
              <MethodPoint xsi:type="SequencePoint" vc="0" uspid="11120" ordinal="0" offset="0" sl="1012" sc="120" el="1012" ec="136" bec="0" bev="0" fileid="248" />
            </Method>
            <Method visited="true" cyclomaticComplexity="1" nPathComplexity="0" sequenceCoverage="100" branchCoverage="100" isConstructor="false" isStatic="false" isGetter="false" isSetter="false">
              <Summary numSequencePoints="1" visitedSequencePoints="1" numBranchPoints="1" visitedBranchPoints="1" sequenceCoverage="100" branchCoverage="100" maxCyclomaticComplexity="1" minCyclomaticComplexity="1" visitedClasses="0" numClasses="0" visitedMethods="1" numMethods="1" />
              <MetadataToken>100667127</MetadataToken>
              <Name>SportsWeb.Models.AssociatedFieldsModel SportsWeb.Services.Cabinate.AmpLightService.AmpWebCabinet/&lt;&gt;c::&lt;GetAssociatedPushButtonForController&gt;b__28_1(SportsWeb.Services.Cabinate.AmpLightService.Interfaces.pushButtonSetting)</Name>
              <FileRef uid="250" />
              <SequencePoints>
                <SequencePoint vc="3" uspid="11121" ordinal="0" offset="0" sl="86" sc="104" el="90" ec="34" bec="0" bev="0" fileid="250" />
              </SequencePoints>
              <BranchPoints />
              <MethodPoint xsi:type="SequencePoint" vc="3" uspid="11121" ordinal="0" offset="0" sl="86" sc="104" el="90" ec="34" bec="0" bev="0" fileid="250" />
            </Method>
            <Method visited="false" cyclomaticComplexity="1" nPathComplexity="0" sequenceCoverage="0" branchCoverage="0" isConstructor="false" isStatic="false" isGetter="false" isSetter="false">
              <Summary numSequencePoints="1" visitedSequencePoints="0" numBranchPoints="1" visitedBranchPoints="0" sequenceCoverage="0" branchCoverage="0" maxCyclomaticComplexity="1" minCyclomaticComplexity="1" visitedClasses="0" numClasses="0" visitedMethods="0" numMethods="1" />
              <MetadataToken>100667128</MetadataToken>
              <Name>SportsWeb.Services.Cabinate.AmpLightService.Interfaces.timezoneEnum SportsWeb.Services.Cabinate.AmpLightService.AmpWebCabinet/&lt;&gt;c::&lt;CreateCustomer&gt;b__40_1(System.Tuple`3&lt;System.String,System.String,SportsWeb.Services.Cabinate.AmpLightService.Interfaces.timezoneEnum&gt;)</Name>
              <FileRef uid="252" />
              <SequencePoints>
                <SequencePoint vc="0" uspid="11122" ordinal="0" offset="0" sl="48" sc="34" el="48" ec="41" bec="0" bev="0" fileid="252" />
              </SequencePoints>
              <BranchPoints />
              <MethodPoint xsi:type="SequencePoint" vc="0" uspid="11122" ordinal="0" offset="0" sl="48" sc="34" el="48" ec="41" bec="0" bev="0" fileid="252" />
            </Method>
            <Method visited="true" cyclomaticComplexity="1" nPathComplexity="0" sequenceCoverage="100" branchCoverage="100" isConstructor="false" isStatic="false" isGetter="false" isSetter="false">
              <Summary numSequencePoints="1" visitedSequencePoints="1" numBranchPoints="1" visitedBranchPoints="1" sequenceCoverage="100" branchCoverage="100" maxCyclomaticComplexity="1" minCyclomaticComplexity="1" visitedClasses="0" numClasses="0" visitedMethods="1" numMethods="1" />
              <MetadataToken>100667129</MetadataToken>
              <Name>SportsWeb.Services.Cabinate.AmpLightService.Interfaces.sceneSetting SportsWeb.Services.Cabinate.AmpLightService.AmpWebCabinet/&lt;&gt;c::&lt;SetSceneSettings&gt;b__48_0(SportsWeb.Models.Models.ScenesettingForSite)</Name>
              <FileRef uid="252" />
              <SequencePoints>
                <SequencePoint vc="32" uspid="11123" ordinal="0" offset="0" sl="480" sc="74" el="486" ec="18" bec="0" bev="0" fileid="252" />
              </SequencePoints>
              <BranchPoints />
              <MethodPoint xsi:type="SequencePoint" vc="32" uspid="11123" ordinal="0" offset="0" sl="480" sc="74" el="486" ec="18" bec="0" bev="0" fileid="252" />
            </Method>
            <Method visited="true" cyclomaticComplexity="1" nPathComplexity="0" sequenceCoverage="100" branchCoverage="100" isConstructor="false" isStatic="false" isGetter="false" isSetter="false">
              <Summary numSequencePoints="1" visitedSequencePoints="1" numBranchPoints="1" visitedBranchPoints="1" sequenceCoverage="100" branchCoverage="100" maxCyclomaticComplexity="1" minCyclomaticComplexity="1" visitedClasses="0" numClasses="0" visitedMethods="1" numMethods="1" />
              <MetadataToken>100667130</MetadataToken>
              <Name>System.Boolean SportsWeb.Services.Cabinate.AmpLightService.AmpWebCabinet/&lt;&gt;c::&lt;SetSceneSettings&gt;b__48_1(SportsWeb.Models.Models.ScenesettingForSite)</Name>
              <FileRef uid="252" />
              <SequencePoints>
                <SequencePoint vc="32" uspid="11124" ordinal="0" offset="0" sl="487" sc="84" el="487" ec="120" bec="0" bev="0" fileid="252" />
              </SequencePoints>
              <BranchPoints />
              <MethodPoint xsi:type="SequencePoint" vc="32" uspid="11124" ordinal="0" offset="0" sl="487" sc="84" el="487" ec="120" bec="0" bev="0" fileid="252" />
            </Method>
            <Method visited="true" cyclomaticComplexity="1" nPathComplexity="0" sequenceCoverage="100" branchCoverage="100" isConstructor="false" isStatic="false" isGetter="false" isSetter="false">
              <Summary numSequencePoints="1" visitedSequencePoints="1" numBranchPoints="1" visitedBranchPoints="1" sequenceCoverage="100" branchCoverage="100" maxCyclomaticComplexity="1" minCyclomaticComplexity="1" visitedClasses="0" numClasses="0" visitedMethods="1" numMethods="1" />
              <MetadataToken>100667131</MetadataToken>
              <Name>System.Boolean SportsWeb.Services.Cabinate.AmpLightService.AmpWebCabinet/&lt;&gt;c::&lt;SetSceneSettings&gt;b__48_2(SportsWeb.Models.Models.ScenesettingForSite)</Name>
              <FileRef uid="252" />
              <SequencePoints>
                <SequencePoint vc="32" uspid="11125" ordinal="0" offset="0" sl="488" sc="85" el="488" ec="120" bec="0" bev="0" fileid="252" />
              </SequencePoints>
              <BranchPoints />
              <MethodPoint xsi:type="SequencePoint" vc="32" uspid="11125" ordinal="0" offset="0" sl="488" sc="85" el="488" ec="120" bec="0" bev="0" fileid="252" />
            </Method>
            <Method visited="true" cyclomaticComplexity="1" nPathComplexity="0" sequenceCoverage="100" branchCoverage="100" isConstructor="false" isStatic="false" isGetter="false" isSetter="false">
              <Summary numSequencePoints="1" visitedSequencePoints="1" numBranchPoints="1" visitedBranchPoints="1" sequenceCoverage="100" branchCoverage="100" maxCyclomaticComplexity="1" minCyclomaticComplexity="1" visitedClasses="0" numClasses="0" visitedMethods="1" numMethods="1" />
              <MetadataToken>100667132</MetadataToken>
              <Name>SportsWeb.Models.Models.ControllerStatusModel SportsWeb.Services.Cabinate.AmpLightService.AmpWebCabinet/&lt;&gt;c::&lt;GetControllerStatusBySite&gt;b__49_0(SportsWeb.Services.Cabinate.AmpLightService.Interfaces.controllerStatus)</Name>
              <FileRef uid="252" />
              <SequencePoints>
                <SequencePoint vc="3" uspid="11126" ordinal="0" offset="0" sl="590" sc="86" el="595" ec="18" bec="0" bev="0" fileid="252" />
              </SequencePoints>
              <BranchPoints />
              <MethodPoint xsi:type="SequencePoint" vc="3" uspid="11126" ordinal="0" offset="0" sl="590" sc="86" el="595" ec="18" bec="0" bev="0" fileid="252" />
            </Method>
            <Method visited="true" cyclomaticComplexity="1" nPathComplexity="0" sequenceCoverage="100" branchCoverage="100" isConstructor="false" isStatic="false" isGetter="false" isSetter="false">
              <Summary numSequencePoints="1" visitedSequencePoints="1" numBranchPoints="1" visitedBranchPoints="1" sequenceCoverage="100" branchCoverage="100" maxCyclomaticComplexity="1" minCyclomaticComplexity="1" visitedClasses="0" numClasses="0" visitedMethods="1" numMethods="1" />
              <MetadataToken>100667133</MetadataToken>
              <Name>System.Boolean SportsWeb.Services.Cabinate.AmpLightService.AmpWebCabinet/&lt;&gt;c::&lt;GetSceneSettingsForCircuit&gt;b__50_1(SportsWeb.Services.Cabinate.AmpLightService.Interfaces.sceneSetting)</Name>
              <FileRef uid="252" />
              <SequencePoints>
                <SequencePoint vc="18" uspid="11127" ordinal="0" offset="0" sl="631" sc="57" el="631" ec="99" bec="0" bev="0" fileid="252" />
              </SequencePoints>
              <BranchPoints />
              <MethodPoint xsi:type="SequencePoint" vc="18" uspid="11127" ordinal="0" offset="0" sl="631" sc="57" el="631" ec="99" bec="0" bev="0" fileid="252" />
            </Method>
            <Method visited="false" cyclomaticComplexity="1" nPathComplexity="0" sequenceCoverage="0" branchCoverage="0" isConstructor="false" isStatic="false" isGetter="false" isSetter="false">
              <Summary numSequencePoints="1" visitedSequencePoints="0" numBranchPoints="1" visitedBranchPoints="0" sequenceCoverage="0" branchCoverage="0" maxCyclomaticComplexity="1" minCyclomaticComplexity="1" visitedClasses="0" numClasses="0" visitedMethods="0" numMethods="1" />
              <MetadataToken>100667134</MetadataToken>
              <Name>System.Boolean SportsWeb.Services.Cabinate.AmpLightService.AmpWebCabinet/&lt;&gt;c::&lt;GetSceneSettingsForCircuit&gt;b__50_2(SportsWeb.Services.Cabinate.AmpLightService.Interfaces.sceneSetting)</Name>
              <FileRef uid="252" />
              <SequencePoints>
                <SequencePoint vc="0" uspid="11128" ordinal="0" offset="0" sl="654" sc="62" el="654" ec="109" bec="0" bev="0" fileid="252" />
              </SequencePoints>
              <BranchPoints />
              <MethodPoint xsi:type="SequencePoint" vc="0" uspid="11128" ordinal="0" offset="0" sl="654" sc="62" el="654" ec="109" bec="0" bev="0" fileid="252" />
            </Method>
            <Method visited="false" cyclomaticComplexity="1" nPathComplexity="0" sequenceCoverage="0" branchCoverage="0" isConstructor="false" isStatic="false" isGetter="false" isSetter="false">
              <Summary numSequencePoints="1" visitedSequencePoints="0" numBranchPoints="1" visitedBranchPoints="0" sequenceCoverage="0" branchCoverage="0" maxCyclomaticComplexity="1" minCyclomaticComplexity="1" visitedClasses="0" numClasses="0" visitedMethods="0" numMethods="1" />
              <MetadataToken>100667135</MetadataToken>
              <Name>System.Boolean SportsWeb.Services.Cabinate.AmpLightService.AmpWebCabinet/&lt;&gt;c::&lt;GetSceneSettingsForCircuit&gt;b__50_3(SportsWeb.Services.Cabinate.AmpLightService.Interfaces.sceneSetting)</Name>
              <FileRef uid="252" />
              <SequencePoints>
                <SequencePoint vc="0" uspid="11129" ordinal="0" offset="0" sl="656" sc="61" el="656" ec="107" bec="0" bev="0" fileid="252" />
              </SequencePoints>
              <BranchPoints />
              <MethodPoint xsi:type="SequencePoint" vc="0" uspid="11129" ordinal="0" offset="0" sl="656" sc="61" el="656" ec="107" bec="0" bev="0" fileid="252" />
            </Method>
            <Method visited="false" cyclomaticComplexity="1" nPathComplexity="0" sequenceCoverage="0" branchCoverage="0" isConstructor="false" isStatic="false" isGetter="false" isSetter="false">
              <Summary numSequencePoints="1" visitedSequencePoints="0" numBranchPoints="1" visitedBranchPoints="0" sequenceCoverage="0" branchCoverage="0" maxCyclomaticComplexity="1" minCyclomaticComplexity="1" visitedClasses="0" numClasses="0" visitedMethods="0" numMethods="1" />
              <MetadataToken>100667136</MetadataToken>
              <Name>System.Boolean SportsWeb.Services.Cabinate.AmpLightService.AmpWebCabinet/&lt;&gt;c::&lt;GetSceneSettingsForCircuit&gt;b__50_4(SportsWeb.Services.Cabinate.AmpLightService.Interfaces.sceneSetting)</Name>
              <FileRef uid="252" />
              <SequencePoints>
                <SequencePoint vc="0" uspid="11130" ordinal="0" offset="0" sl="678" sc="62" el="678" ec="109" bec="0" bev="0" fileid="252" />
              </SequencePoints>
              <BranchPoints />
              <MethodPoint xsi:type="SequencePoint" vc="0" uspid="11130" ordinal="0" offset="0" sl="678" sc="62" el="678" ec="109" bec="0" bev="0" fileid="252" />
            </Method>
            <Method visited="false" cyclomaticComplexity="1" nPathComplexity="0" sequenceCoverage="0" branchCoverage="0" isConstructor="false" isStatic="false" isGetter="false" isSetter="false">
              <Summary numSequencePoints="1" visitedSequencePoints="0" numBranchPoints="1" visitedBranchPoints="0" sequenceCoverage="0" branchCoverage="0" maxCyclomaticComplexity="1" minCyclomaticComplexity="1" visitedClasses="0" numClasses="0" visitedMethods="0" numMethods="1" />
              <MetadataToken>100667137</MetadataToken>
              <Name>System.Boolean SportsWeb.Services.Cabinate.AmpLightService.AmpWebCabinet/&lt;&gt;c::&lt;GetSceneSettingsForCircuit&gt;b__50_5(SportsWeb.Services.Cabinate.AmpLightService.Interfaces.sceneSetting)</Name>
              <FileRef uid="252" />
              <SequencePoints>
                <SequencePoint vc="0" uspid="11131" ordinal="0" offset="0" sl="680" sc="61" el="680" ec="107" bec="0" bev="0" fileid="252" />
              </SequencePoints>
              <BranchPoints />
              <MethodPoint xsi:type="SequencePoint" vc="0" uspid="11131" ordinal="0" offset="0" sl="680" sc="61" el="680" ec="107" bec="0" bev="0" fileid="252" />
            </Method>
          </Methods>
        </Class>
        <Class>
          <Summary numSequencePoints="0" visitedSequencePoints="0" numBranchPoints="0" visitedBranchPoints="0" sequenceCoverage="0" branchCoverage="0" maxCyclomaticComplexity="1" minCyclomaticComplexity="1" visitedClasses="0" numClasses="0" visitedMethods="0" numMethods="0" />
          <FullName>SportsWeb.Services.Cabinate.AmpLightService.AmpWebCabinet/&lt;&gt;c__DisplayClass10_0</FullName>
          <Methods>
            <Method visited="true" cyclomaticComplexity="1" nPathComplexity="0" sequenceCoverage="0" branchCoverage="0" isConstructor="true" isStatic="false" isGetter="false" isSetter="false">
              <Summary numSequencePoints="0" visitedSequencePoints="0" numBranchPoints="0" visitedBranchPoints="0" sequenceCoverage="0" branchCoverage="0" maxCyclomaticComplexity="1" minCyclomaticComplexity="1" visitedClasses="0" numClasses="0" visitedMethods="0" numMethods="0" />
              <MetadataToken>100667138</MetadataToken>
              <Name>System.Void SportsWeb.Services.Cabinate.AmpLightService.AmpWebCabinet/&lt;&gt;c__DisplayClass10_0::.ctor()</Name>
              <SequencePoints />
              <BranchPoints />
              <MethodPoint vc="6" uspid="11132" ordinal="0" offset="0" />
            </Method>
          </Methods>
        </Class>
        <Class>
          <Summary numSequencePoints="1" visitedSequencePoints="1" numBranchPoints="1" visitedBranchPoints="1" sequenceCoverage="100" branchCoverage="100" maxCyclomaticComplexity="1" minCyclomaticComplexity="1" visitedClasses="1" numClasses="1" visitedMethods="1" numMethods="1" />
          <FullName>SportsWeb.Services.Cabinate.AmpLightService.AmpWebCabinet/&lt;&gt;c__DisplayClass10_1</FullName>
          <Methods>
            <Method visited="true" cyclomaticComplexity="1" nPathComplexity="0" sequenceCoverage="0" branchCoverage="0" isConstructor="true" isStatic="false" isGetter="false" isSetter="false">
              <Summary numSequencePoints="0" visitedSequencePoints="0" numBranchPoints="0" visitedBranchPoints="0" sequenceCoverage="0" branchCoverage="0" maxCyclomaticComplexity="1" minCyclomaticComplexity="1" visitedClasses="0" numClasses="0" visitedMethods="0" numMethods="0" />
              <MetadataToken>100667139</MetadataToken>
              <Name>System.Void SportsWeb.Services.Cabinate.AmpLightService.AmpWebCabinet/&lt;&gt;c__DisplayClass10_1::.ctor()</Name>
              <SequencePoints />
              <BranchPoints />
              <MethodPoint vc="6" uspid="11133" ordinal="0" offset="0" />
            </Method>
            <Method visited="true" cyclomaticComplexity="1" nPathComplexity="0" sequenceCoverage="100" branchCoverage="100" isConstructor="false" isStatic="false" isGetter="false" isSetter="false">
              <Summary numSequencePoints="1" visitedSequencePoints="1" numBranchPoints="1" visitedBranchPoints="1" sequenceCoverage="100" branchCoverage="100" maxCyclomaticComplexity="1" minCyclomaticComplexity="1" visitedClasses="0" numClasses="0" visitedMethods="1" numMethods="1" />
              <MetadataToken>100667140</MetadataToken>
              <Name>System.Void SportsWeb.Services.Cabinate.AmpLightService.AmpWebCabinet/&lt;&gt;c__DisplayClass10_1::&lt;GetField&gt;b__0(SportsWeb.Services.Cabinate.AmpLightService.Interfaces.fieldDetails)</Name>
              <FileRef uid="247" />
              <SequencePoints>
                <SequencePoint vc="4" uspid="11134" ordinal="0" offset="0" sl="151" sc="57" el="156" ec="23" bec="0" bev="0" fileid="247" />
              </SequencePoints>
              <BranchPoints />
              <MethodPoint xsi:type="SequencePoint" vc="4" uspid="11134" ordinal="0" offset="0" sl="151" sc="57" el="156" ec="23" bec="0" bev="0" fileid="247" />
            </Method>
          </Methods>
        </Class>
        <Class>
          <Summary numSequencePoints="0" visitedSequencePoints="0" numBranchPoints="0" visitedBranchPoints="0" sequenceCoverage="0" branchCoverage="0" maxCyclomaticComplexity="1" minCyclomaticComplexity="1" visitedClasses="0" numClasses="0" visitedMethods="0" numMethods="0" />
          <FullName>SportsWeb.Services.Cabinate.AmpLightService.AmpWebCabinet/&lt;&gt;c__DisplayClass11_0</FullName>
          <Methods>
            <Method visited="true" cyclomaticComplexity="1" nPathComplexity="0" sequenceCoverage="0" branchCoverage="0" isConstructor="true" isStatic="false" isGetter="false" isSetter="false">
              <Summary numSequencePoints="0" visitedSequencePoints="0" numBranchPoints="0" visitedBranchPoints="0" sequenceCoverage="0" branchCoverage="0" maxCyclomaticComplexity="1" minCyclomaticComplexity="1" visitedClasses="0" numClasses="0" visitedMethods="0" numMethods="0" />
              <MetadataToken>100667141</MetadataToken>
              <Name>System.Void SportsWeb.Services.Cabinate.AmpLightService.AmpWebCabinet/&lt;&gt;c__DisplayClass11_0::.ctor()</Name>
              <SequencePoints />
              <BranchPoints />
              <MethodPoint vc="9" uspid="11135" ordinal="0" offset="0" />
            </Method>
          </Methods>
        </Class>
        <Class>
          <Summary numSequencePoints="0" visitedSequencePoints="0" numBranchPoints="0" visitedBranchPoints="0" sequenceCoverage="0" branchCoverage="0" maxCyclomaticComplexity="1" minCyclomaticComplexity="1" visitedClasses="0" numClasses="0" visitedMethods="0" numMethods="0" />
          <FullName>SportsWeb.Services.Cabinate.AmpLightService.AmpWebCabinet/&lt;&gt;c__DisplayClass12_0</FullName>
          <Methods>
            <Method visited="true" cyclomaticComplexity="1" nPathComplexity="0" sequenceCoverage="0" branchCoverage="0" isConstructor="true" isStatic="false" isGetter="false" isSetter="false">
              <Summary numSequencePoints="0" visitedSequencePoints="0" numBranchPoints="0" visitedBranchPoints="0" sequenceCoverage="0" branchCoverage="0" maxCyclomaticComplexity="1" minCyclomaticComplexity="1" visitedClasses="0" numClasses="0" visitedMethods="0" numMethods="0" />
              <MetadataToken>100667142</MetadataToken>
              <Name>System.Void SportsWeb.Services.Cabinate.AmpLightService.AmpWebCabinet/&lt;&gt;c__DisplayClass12_0::.ctor()</Name>
              <SequencePoints />
              <BranchPoints />
              <MethodPoint vc="7" uspid="11136" ordinal="0" offset="0" />
            </Method>
          </Methods>
        </Class>
        <Class>
          <Summary numSequencePoints="0" visitedSequencePoints="0" numBranchPoints="0" visitedBranchPoints="0" sequenceCoverage="0" branchCoverage="0" maxCyclomaticComplexity="1" minCyclomaticComplexity="1" visitedClasses="0" numClasses="0" visitedMethods="0" numMethods="0" />
          <FullName>SportsWeb.Services.Cabinate.AmpLightService.AmpWebCabinet/&lt;&gt;c__DisplayClass12_1</FullName>
          <Methods>
            <Method visited="true" cyclomaticComplexity="1" nPathComplexity="0" sequenceCoverage="0" branchCoverage="0" isConstructor="true" isStatic="false" isGetter="false" isSetter="false">
              <Summary numSequencePoints="0" visitedSequencePoints="0" numBranchPoints="0" visitedBranchPoints="0" sequenceCoverage="0" branchCoverage="0" maxCyclomaticComplexity="1" minCyclomaticComplexity="1" visitedClasses="0" numClasses="0" visitedMethods="0" numMethods="0" />
              <MetadataToken>100667143</MetadataToken>
              <Name>System.Void SportsWeb.Services.Cabinate.AmpLightService.AmpWebCabinet/&lt;&gt;c__DisplayClass12_1::.ctor()</Name>
              <SequencePoints />
              <BranchPoints />
              <MethodPoint vc="7" uspid="11137" ordinal="0" offset="0" />
            </Method>
          </Methods>
        </Class>
        <Class>
          <Summary numSequencePoints="0" visitedSequencePoints="0" numBranchPoints="0" visitedBranchPoints="0" sequenceCoverage="0" branchCoverage="0" maxCyclomaticComplexity="1" minCyclomaticComplexity="1" visitedClasses="0" numClasses="0" visitedMethods="0" numMethods="0" />
          <FullName>SportsWeb.Services.Cabinate.AmpLightService.AmpWebCabinet/&lt;&gt;c__DisplayClass13_0</FullName>
          <Methods>
            <Method visited="true" cyclomaticComplexity="1" nPathComplexity="0" sequenceCoverage="0" branchCoverage="0" isConstructor="true" isStatic="false" isGetter="false" isSetter="false">
              <Summary numSequencePoints="0" visitedSequencePoints="0" numBranchPoints="0" visitedBranchPoints="0" sequenceCoverage="0" branchCoverage="0" maxCyclomaticComplexity="1" minCyclomaticComplexity="1" visitedClasses="0" numClasses="0" visitedMethods="0" numMethods="0" />
              <MetadataToken>100667144</MetadataToken>
              <Name>System.Void SportsWeb.Services.Cabinate.AmpLightService.AmpWebCabinet/&lt;&gt;c__DisplayClass13_0::.ctor()</Name>
              <SequencePoints />
              <BranchPoints />
              <MethodPoint vc="7" uspid="11138" ordinal="0" offset="0" />
            </Method>
          </Methods>
        </Class>
        <Class>
          <Summary numSequencePoints="0" visitedSequencePoints="0" numBranchPoints="0" visitedBranchPoints="0" sequenceCoverage="0" branchCoverage="0" maxCyclomaticComplexity="1" minCyclomaticComplexity="1" visitedClasses="0" numClasses="0" visitedMethods="0" numMethods="0" />
          <FullName>SportsWeb.Services.Cabinate.AmpLightService.AmpWebCabinet/&lt;&gt;c__DisplayClass14_0</FullName>
          <Methods>
            <Method visited="true" cyclomaticComplexity="1" nPathComplexity="0" sequenceCoverage="0" branchCoverage="0" isConstructor="true" isStatic="false" isGetter="false" isSetter="false">
              <Summary numSequencePoints="0" visitedSequencePoints="0" numBranchPoints="0" visitedBranchPoints="0" sequenceCoverage="0" branchCoverage="0" maxCyclomaticComplexity="1" minCyclomaticComplexity="1" visitedClasses="0" numClasses="0" visitedMethods="0" numMethods="0" />
              <MetadataToken>100667145</MetadataToken>
              <Name>System.Void SportsWeb.Services.Cabinate.AmpLightService.AmpWebCabinet/&lt;&gt;c__DisplayClass14_0::.ctor()</Name>
              <SequencePoints />
              <BranchPoints />
              <MethodPoint vc="9" uspid="11139" ordinal="0" offset="0" />
            </Method>
          </Methods>
        </Class>
        <Class>
          <Summary numSequencePoints="0" visitedSequencePoints="0" numBranchPoints="0" visitedBranchPoints="0" sequenceCoverage="0" branchCoverage="0" maxCyclomaticComplexity="1" minCyclomaticComplexity="1" visitedClasses="0" numClasses="0" visitedMethods="0" numMethods="0" />
          <FullName>SportsWeb.Services.Cabinate.AmpLightService.AmpWebCabinet/&lt;&gt;c__DisplayClass15_0</FullName>
          <Methods>
            <Method visited="true" cyclomaticComplexity="1" nPathComplexity="0" sequenceCoverage="0" branchCoverage="0" isConstructor="true" isStatic="false" isGetter="false" isSetter="false">
              <Summary numSequencePoints="0" visitedSequencePoints="0" numBranchPoints="0" visitedBranchPoints="0" sequenceCoverage="0" branchCoverage="0" maxCyclomaticComplexity="1" minCyclomaticComplexity="1" visitedClasses="0" numClasses="0" visitedMethods="0" numMethods="0" />
              <MetadataToken>100667146</MetadataToken>
              <Name>System.Void SportsWeb.Services.Cabinate.AmpLightService.AmpWebCabinet/&lt;&gt;c__DisplayClass15_0::.ctor()</Name>
              <SequencePoints />
              <BranchPoints />
              <MethodPoint vc="10" uspid="11140" ordinal="0" offset="0" />
            </Method>
          </Methods>
        </Class>
        <Class>
          <Summary numSequencePoints="0" visitedSequencePoints="0" numBranchPoints="0" visitedBranchPoints="0" sequenceCoverage="0" branchCoverage="0" maxCyclomaticComplexity="1" minCyclomaticComplexity="1" visitedClasses="0" numClasses="0" visitedMethods="0" numMethods="0" />
          <FullName>SportsWeb.Services.Cabinate.AmpLightService.AmpWebCabinet/&lt;&gt;c__DisplayClass16_0</FullName>
          <Methods>
            <Method visited="true" cyclomaticComplexity="1" nPathComplexity="0" sequenceCoverage="0" branchCoverage="0" isConstructor="true" isStatic="false" isGetter="false" isSetter="false">
              <Summary numSequencePoints="0" visitedSequencePoints="0" numBranchPoints="0" visitedBranchPoints="0" sequenceCoverage="0" branchCoverage="0" maxCyclomaticComplexity="1" minCyclomaticComplexity="1" visitedClasses="0" numClasses="0" visitedMethods="0" numMethods="0" />
              <MetadataToken>100667147</MetadataToken>
              <Name>System.Void SportsWeb.Services.Cabinate.AmpLightService.AmpWebCabinet/&lt;&gt;c__DisplayClass16_0::.ctor()</Name>
              <SequencePoints />
              <BranchPoints />
              <MethodPoint vc="19" uspid="11141" ordinal="0" offset="0" />
            </Method>
          </Methods>
        </Class>
        <Class>
          <Summary numSequencePoints="0" visitedSequencePoints="0" numBranchPoints="0" visitedBranchPoints="0" sequenceCoverage="0" branchCoverage="0" maxCyclomaticComplexity="1" minCyclomaticComplexity="1" visitedClasses="0" numClasses="0" visitedMethods="0" numMethods="0" />
          <FullName>SportsWeb.Services.Cabinate.AmpLightService.AmpWebCabinet/&lt;&gt;c__DisplayClass17_0</FullName>
          <Methods>
            <Method visited="true" cyclomaticComplexity="1" nPathComplexity="0" sequenceCoverage="0" branchCoverage="0" isConstructor="true" isStatic="false" isGetter="false" isSetter="false">
              <Summary numSequencePoints="0" visitedSequencePoints="0" numBranchPoints="0" visitedBranchPoints="0" sequenceCoverage="0" branchCoverage="0" maxCyclomaticComplexity="1" minCyclomaticComplexity="1" visitedClasses="0" numClasses="0" visitedMethods="0" numMethods="0" />
              <MetadataToken>100667148</MetadataToken>
              <Name>System.Void SportsWeb.Services.Cabinate.AmpLightService.AmpWebCabinet/&lt;&gt;c__DisplayClass17_0::.ctor()</Name>
              <SequencePoints />
              <BranchPoints />
              <MethodPoint vc="11" uspid="11142" ordinal="0" offset="0" />
            </Method>
          </Methods>
        </Class>
        <Class>
          <Summary numSequencePoints="0" visitedSequencePoints="0" numBranchPoints="0" visitedBranchPoints="0" sequenceCoverage="0" branchCoverage="0" maxCyclomaticComplexity="1" minCyclomaticComplexity="1" visitedClasses="0" numClasses="0" visitedMethods="0" numMethods="0" />
          <FullName>SportsWeb.Services.Cabinate.AmpLightService.AmpWebCabinet/&lt;&gt;c__DisplayClass18_0</FullName>
          <Methods>
            <Method visited="true" cyclomaticComplexity="1" nPathComplexity="0" sequenceCoverage="0" branchCoverage="0" isConstructor="true" isStatic="false" isGetter="false" isSetter="false">
              <Summary numSequencePoints="0" visitedSequencePoints="0" numBranchPoints="0" visitedBranchPoints="0" sequenceCoverage="0" branchCoverage="0" maxCyclomaticComplexity="1" minCyclomaticComplexity="1" visitedClasses="0" numClasses="0" visitedMethods="0" numMethods="0" />
              <MetadataToken>100667149</MetadataToken>
              <Name>System.Void SportsWeb.Services.Cabinate.AmpLightService.AmpWebCabinet/&lt;&gt;c__DisplayClass18_0::.ctor()</Name>
              <SequencePoints />
              <BranchPoints />
              <MethodPoint vc="11" uspid="11143" ordinal="0" offset="0" />
            </Method>
          </Methods>
        </Class>
        <Class>
          <Summary numSequencePoints="0" visitedSequencePoints="0" numBranchPoints="0" visitedBranchPoints="0" sequenceCoverage="0" branchCoverage="0" maxCyclomaticComplexity="1" minCyclomaticComplexity="1" visitedClasses="0" numClasses="0" visitedMethods="0" numMethods="0" />
          <FullName>SportsWeb.Services.Cabinate.AmpLightService.AmpWebCabinet/&lt;&gt;c__DisplayClass19_0</FullName>
          <Methods>
            <Method visited="true" cyclomaticComplexity="1" nPathComplexity="0" sequenceCoverage="0" branchCoverage="0" isConstructor="true" isStatic="false" isGetter="false" isSetter="false">
              <Summary numSequencePoints="0" visitedSequencePoints="0" numBranchPoints="0" visitedBranchPoints="0" sequenceCoverage="0" branchCoverage="0" maxCyclomaticComplexity="1" minCyclomaticComplexity="1" visitedClasses="0" numClasses="0" visitedMethods="0" numMethods="0" />
              <MetadataToken>100667150</MetadataToken>
              <Name>System.Void SportsWeb.Services.Cabinate.AmpLightService.AmpWebCabinet/&lt;&gt;c__DisplayClass19_0::.ctor()</Name>
              <SequencePoints />
              <BranchPoints />
              <MethodPoint vc="15" uspid="11144" ordinal="0" offset="0" />
            </Method>
          </Methods>
        </Class>
        <Class>
          <Summary numSequencePoints="0" visitedSequencePoints="0" numBranchPoints="0" visitedBranchPoints="0" sequenceCoverage="0" branchCoverage="0" maxCyclomaticComplexity="1" minCyclomaticComplexity="1" visitedClasses="0" numClasses="0" visitedMethods="0" numMethods="0" />
          <FullName>SportsWeb.Services.Cabinate.AmpLightService.AmpWebCabinet/&lt;&gt;c__DisplayClass20_0</FullName>
          <Methods>
            <Method visited="true" cyclomaticComplexity="1" nPathComplexity="0" sequenceCoverage="0" branchCoverage="0" isConstructor="true" isStatic="false" isGetter="false" isSetter="false">
              <Summary numSequencePoints="0" visitedSequencePoints="0" numBranchPoints="0" visitedBranchPoints="0" sequenceCoverage="0" branchCoverage="0" maxCyclomaticComplexity="1" minCyclomaticComplexity="1" visitedClasses="0" numClasses="0" visitedMethods="0" numMethods="0" />
              <MetadataToken>100667151</MetadataToken>
              <Name>System.Void SportsWeb.Services.Cabinate.AmpLightService.AmpWebCabinet/&lt;&gt;c__DisplayClass20_0::.ctor()</Name>
              <SequencePoints />
              <BranchPoints />
              <MethodPoint vc="13" uspid="11145" ordinal="0" offset="0" />
            </Method>
          </Methods>
        </Class>
        <Class>
          <Summary numSequencePoints="0" visitedSequencePoints="0" numBranchPoints="0" visitedBranchPoints="0" sequenceCoverage="0" branchCoverage="0" maxCyclomaticComplexity="1" minCyclomaticComplexity="1" visitedClasses="0" numClasses="0" visitedMethods="0" numMethods="0" />
          <FullName>SportsWeb.Services.Cabinate.AmpLightService.AmpWebCabinet/&lt;&gt;c__DisplayClass21_0</FullName>
          <Methods>
            <Method visited="true" cyclomaticComplexity="1" nPathComplexity="0" sequenceCoverage="0" branchCoverage="0" isConstructor="true" isStatic="false" isGetter="false" isSetter="false">
              <Summary numSequencePoints="0" visitedSequencePoints="0" numBranchPoints="0" visitedBranchPoints="0" sequenceCoverage="0" branchCoverage="0" maxCyclomaticComplexity="1" minCyclomaticComplexity="1" visitedClasses="0" numClasses="0" visitedMethods="0" numMethods="0" />
              <MetadataToken>100667152</MetadataToken>
              <Name>System.Void SportsWeb.Services.Cabinate.AmpLightService.AmpWebCabinet/&lt;&gt;c__DisplayClass21_0::.ctor()</Name>
              <SequencePoints />
              <BranchPoints />
              <MethodPoint vc="7" uspid="11146" ordinal="0" offset="0" />
            </Method>
          </Methods>
        </Class>
        <Class>
          <Summary numSequencePoints="5" visitedSequencePoints="4" numBranchPoints="5" visitedBranchPoints="4" sequenceCoverage="80" branchCoverage="80" maxCyclomaticComplexity="1" minCyclomaticComplexity="1" visitedClasses="1" numClasses="1" visitedMethods="4" numMethods="5" />
          <FullName>SportsWeb.Services.Cabinate.AmpLightService.AmpWebCabinet/&lt;&gt;c__DisplayClass21_1</FullName>
          <Methods>
            <Method visited="true" cyclomaticComplexity="1" nPathComplexity="0" sequenceCoverage="0" branchCoverage="0" isConstructor="true" isStatic="false" isGetter="false" isSetter="false">
              <Summary numSequencePoints="0" visitedSequencePoints="0" numBranchPoints="0" visitedBranchPoints="0" sequenceCoverage="0" branchCoverage="0" maxCyclomaticComplexity="1" minCyclomaticComplexity="1" visitedClasses="0" numClasses="0" visitedMethods="0" numMethods="0" />
              <MetadataToken>100667153</MetadataToken>
              <Name>System.Void SportsWeb.Services.Cabinate.AmpLightService.AmpWebCabinet/&lt;&gt;c__DisplayClass21_1::.ctor()</Name>
              <SequencePoints />
              <BranchPoints />
              <MethodPoint vc="2" uspid="11147" ordinal="0" offset="0" />
            </Method>
            <Method visited="true" cyclomaticComplexity="1" nPathComplexity="0" sequenceCoverage="100" branchCoverage="100" isConstructor="false" isStatic="false" isGetter="false" isSetter="false">
              <Summary numSequencePoints="1" visitedSequencePoints="1" numBranchPoints="1" visitedBranchPoints="1" sequenceCoverage="100" branchCoverage="100" maxCyclomaticComplexity="1" minCyclomaticComplexity="1" visitedClasses="0" numClasses="0" visitedMethods="1" numMethods="1" />
              <MetadataToken>100667154</MetadataToken>
              <Name>System.Boolean SportsWeb.Services.Cabinate.AmpLightService.AmpWebCabinet/&lt;&gt;c__DisplayClass21_1::&lt;GetAssociatedCircuits&gt;b__1(SportsWeb.Models.FieldModel)</Name>
              <FileRef uid="248" />
              <SequencePoints>
                <SequencePoint vc="1" uspid="11148" ordinal="0" offset="0" sl="760" sc="37" el="760" ec="78" bec="0" bev="0" fileid="248" />
              </SequencePoints>
              <BranchPoints />
              <MethodPoint xsi:type="SequencePoint" vc="1" uspid="11148" ordinal="0" offset="0" sl="760" sc="37" el="760" ec="78" bec="0" bev="0" fileid="248" />
            </Method>
            <Method visited="true" cyclomaticComplexity="1" nPathComplexity="0" sequenceCoverage="100" branchCoverage="100" isConstructor="false" isStatic="false" isGetter="false" isSetter="false">
              <Summary numSequencePoints="1" visitedSequencePoints="1" numBranchPoints="1" visitedBranchPoints="1" sequenceCoverage="100" branchCoverage="100" maxCyclomaticComplexity="1" minCyclomaticComplexity="1" visitedClasses="0" numClasses="0" visitedMethods="1" numMethods="1" />
              <MetadataToken>100667155</MetadataToken>
              <Name>System.Boolean SportsWeb.Services.Cabinate.AmpLightService.AmpWebCabinet/&lt;&gt;c__DisplayClass21_1::&lt;GetAssociatedCircuits&gt;b__4(SportsWeb.Services.Cabinate.AmpLightService.Interfaces.fieldDetails)</Name>
              <FileRef uid="248" />
              <SequencePoints>
                <SequencePoint vc="4" uspid="11149" ordinal="0" offset="0" sl="768" sc="63" el="768" ec="104" bec="0" bev="0" fileid="248" />
              </SequencePoints>
              <BranchPoints />
              <MethodPoint xsi:type="SequencePoint" vc="4" uspid="11149" ordinal="0" offset="0" sl="768" sc="63" el="768" ec="104" bec="0" bev="0" fileid="248" />
            </Method>
            <Method visited="false" cyclomaticComplexity="1" nPathComplexity="0" sequenceCoverage="0" branchCoverage="0" isConstructor="false" isStatic="false" isGetter="false" isSetter="false">
              <Summary numSequencePoints="1" visitedSequencePoints="0" numBranchPoints="1" visitedBranchPoints="0" sequenceCoverage="0" branchCoverage="0" maxCyclomaticComplexity="1" minCyclomaticComplexity="1" visitedClasses="0" numClasses="0" visitedMethods="0" numMethods="1" />
              <MetadataToken>100667156</MetadataToken>
              <Name>System.Boolean SportsWeb.Services.Cabinate.AmpLightService.AmpWebCabinet/&lt;&gt;c__DisplayClass21_1::&lt;GetAssociatedCircuits&gt;b__2(SportsWeb.Models.ControllerModel)</Name>
              <FileRef uid="248" />
              <SequencePoints>
                <SequencePoint vc="0" uspid="11150" ordinal="0" offset="0" sl="774" sc="32" el="774" ec="83" bec="0" bev="0" fileid="248" />
              </SequencePoints>
              <BranchPoints />
              <MethodPoint xsi:type="SequencePoint" vc="0" uspid="11150" ordinal="0" offset="0" sl="774" sc="32" el="774" ec="83" bec="0" bev="0" fileid="248" />
            </Method>
            <Method visited="true" cyclomaticComplexity="1" nPathComplexity="0" sequenceCoverage="100" branchCoverage="100" isConstructor="false" isStatic="false" isGetter="false" isSetter="false">
              <Summary numSequencePoints="1" visitedSequencePoints="1" numBranchPoints="1" visitedBranchPoints="1" sequenceCoverage="100" branchCoverage="100" maxCyclomaticComplexity="1" minCyclomaticComplexity="1" visitedClasses="0" numClasses="0" visitedMethods="1" numMethods="1" />
              <MetadataToken>100667157</MetadataToken>
              <Name>System.Boolean SportsWeb.Services.Cabinate.AmpLightService.AmpWebCabinet/&lt;&gt;c__DisplayClass21_1::&lt;GetAssociatedCircuits&gt;b__5(SportsWeb.Services.Cabinate.AmpLightService.Interfaces.controller)</Name>
              <FileRef uid="248" />
              <SequencePoints>
                <SequencePoint vc="4" uspid="11151" ordinal="0" offset="0" sl="783" sc="45" el="783" ec="96" bec="0" bev="0" fileid="248" />
              </SequencePoints>
              <BranchPoints />
              <MethodPoint xsi:type="SequencePoint" vc="4" uspid="11151" ordinal="0" offset="0" sl="783" sc="45" el="783" ec="96" bec="0" bev="0" fileid="248" />
            </Method>
            <Method visited="true" cyclomaticComplexity="1" nPathComplexity="0" sequenceCoverage="100" branchCoverage="100" isConstructor="false" isStatic="false" isGetter="false" isSetter="false">
              <Summary numSequencePoints="1" visitedSequencePoints="1" numBranchPoints="1" visitedBranchPoints="1" sequenceCoverage="100" branchCoverage="100" maxCyclomaticComplexity="1" minCyclomaticComplexity="1" visitedClasses="0" numClasses="0" visitedMethods="1" numMethods="1" />
              <MetadataToken>100667158</MetadataToken>
              <Name>SportsWeb.Models.Circuits SportsWeb.Services.Cabinate.AmpLightService.AmpWebCabinet/&lt;&gt;c__DisplayClass21_1::&lt;GetAssociatedCircuits&gt;b__3(SportsWeb.Services.Cabinate.AmpLightService.Interfaces.circuits)</Name>
              <FileRef uid="248" />
              <SequencePoints>
                <SequencePoint vc="2" uspid="11152" ordinal="0" offset="0" sl="790" sc="97" el="795" ec="30" bec="0" bev="0" fileid="248" />
              </SequencePoints>
              <BranchPoints />
              <MethodPoint xsi:type="SequencePoint" vc="2" uspid="11152" ordinal="0" offset="0" sl="790" sc="97" el="795" ec="30" bec="0" bev="0" fileid="248" />
            </Method>
          </Methods>
        </Class>
        <Class>
          <Summary numSequencePoints="1" visitedSequencePoints="1" numBranchPoints="1" visitedBranchPoints="1" sequenceCoverage="100" branchCoverage="100" maxCyclomaticComplexity="1" minCyclomaticComplexity="1" visitedClasses="1" numClasses="1" visitedMethods="1" numMethods="1" />
          <FullName>SportsWeb.Services.Cabinate.AmpLightService.AmpWebCabinet/&lt;&gt;c__DisplayClass22_0</FullName>
          <Methods>
            <Method visited="true" cyclomaticComplexity="1" nPathComplexity="0" sequenceCoverage="0" branchCoverage="0" isConstructor="true" isStatic="false" isGetter="false" isSetter="false">
              <Summary numSequencePoints="0" visitedSequencePoints="0" numBranchPoints="0" visitedBranchPoints="0" sequenceCoverage="0" branchCoverage="0" maxCyclomaticComplexity="1" minCyclomaticComplexity="1" visitedClasses="0" numClasses="0" visitedMethods="0" numMethods="0" />
              <MetadataToken>100667159</MetadataToken>
              <Name>System.Void SportsWeb.Services.Cabinate.AmpLightService.AmpWebCabinet/&lt;&gt;c__DisplayClass22_0::.ctor()</Name>
              <SequencePoints />
              <BranchPoints />
              <MethodPoint vc="9" uspid="11153" ordinal="0" offset="0" />
            </Method>
            <Method visited="true" cyclomaticComplexity="1" nPathComplexity="0" sequenceCoverage="100" branchCoverage="100" isConstructor="false" isStatic="false" isGetter="false" isSetter="false">
              <Summary numSequencePoints="1" visitedSequencePoints="1" numBranchPoints="1" visitedBranchPoints="1" sequenceCoverage="100" branchCoverage="100" maxCyclomaticComplexity="1" minCyclomaticComplexity="1" visitedClasses="0" numClasses="0" visitedMethods="1" numMethods="1" />
              <MetadataToken>100667160</MetadataToken>
              <Name>System.Boolean SportsWeb.Services.Cabinate.AmpLightService.AmpWebCabinet/&lt;&gt;c__DisplayClass22_0::&lt;AttachCircuitsToField&gt;b__1(SportsWeb.Entities.Pitch)</Name>
              <FileRef uid="248" />
              <SequencePoints>
                <SequencePoint vc="2" uspid="11154" ordinal="0" offset="0" sl="853" sc="71" el="853" ec="111" bec="0" bev="0" fileid="248" />
              </SequencePoints>
              <BranchPoints />
              <MethodPoint xsi:type="SequencePoint" vc="2" uspid="11154" ordinal="0" offset="0" sl="853" sc="71" el="853" ec="111" bec="0" bev="0" fileid="248" />
            </Method>
          </Methods>
        </Class>
        <Class>
          <Summary numSequencePoints="0" visitedSequencePoints="0" numBranchPoints="0" visitedBranchPoints="0" sequenceCoverage="0" branchCoverage="0" maxCyclomaticComplexity="1" minCyclomaticComplexity="1" visitedClasses="0" numClasses="0" visitedMethods="0" numMethods="0" />
          <FullName>SportsWeb.Services.Cabinate.AmpLightService.AmpWebCabinet/&lt;&gt;c__DisplayClass22_1</FullName>
          <Methods>
            <Method visited="true" cyclomaticComplexity="1" nPathComplexity="0" sequenceCoverage="0" branchCoverage="0" isConstructor="true" isStatic="false" isGetter="false" isSetter="false">
              <Summary numSequencePoints="0" visitedSequencePoints="0" numBranchPoints="0" visitedBranchPoints="0" sequenceCoverage="0" branchCoverage="0" maxCyclomaticComplexity="1" minCyclomaticComplexity="1" visitedClasses="0" numClasses="0" visitedMethods="0" numMethods="0" />
              <MetadataToken>100667161</MetadataToken>
              <Name>System.Void SportsWeb.Services.Cabinate.AmpLightService.AmpWebCabinet/&lt;&gt;c__DisplayClass22_1::.ctor()</Name>
              <SequencePoints />
              <BranchPoints />
              <MethodPoint vc="9" uspid="11155" ordinal="0" offset="0" />
            </Method>
          </Methods>
        </Class>
        <Class>
          <Summary numSequencePoints="2" visitedSequencePoints="0" numBranchPoints="10" visitedBranchPoints="0" sequenceCoverage="0" branchCoverage="0" maxCyclomaticComplexity="5" minCyclomaticComplexity="1" visitedClasses="0" numClasses="1" visitedMethods="0" numMethods="2" />
          <FullName>SportsWeb.Services.Cabinate.AmpLightService.AmpWebCabinet/&lt;&gt;c__DisplayClass22_2</FullName>
          <Methods>
            <Method visited="true" cyclomaticComplexity="1" nPathComplexity="0" sequenceCoverage="0" branchCoverage="0" isConstructor="true" isStatic="false" isGetter="false" isSetter="false">
              <Summary numSequencePoints="0" visitedSequencePoints="0" numBranchPoints="0" visitedBranchPoints="0" sequenceCoverage="0" branchCoverage="0" maxCyclomaticComplexity="1" minCyclomaticComplexity="1" visitedClasses="0" numClasses="0" visitedMethods="0" numMethods="0" />
              <MetadataToken>100667162</MetadataToken>
              <Name>System.Void SportsWeb.Services.Cabinate.AmpLightService.AmpWebCabinet/&lt;&gt;c__DisplayClass22_2::.ctor()</Name>
              <SequencePoints />
              <BranchPoints />
              <MethodPoint vc="9" uspid="11156" ordinal="0" offset="0" />
            </Method>
            <Method visited="false" cyclomaticComplexity="5" nPathComplexity="4" sequenceCoverage="0" branchCoverage="0" isConstructor="false" isStatic="false" isGetter="false" isSetter="false">
              <Summary numSequencePoints="1" visitedSequencePoints="0" numBranchPoints="5" visitedBranchPoints="0" sequenceCoverage="0" branchCoverage="0" maxCyclomaticComplexity="5" minCyclomaticComplexity="5" visitedClasses="0" numClasses="0" visitedMethods="0" numMethods="1" />
              <MetadataToken>100667163</MetadataToken>
              <Name>System.Boolean SportsWeb.Services.Cabinate.AmpLightService.AmpWebCabinet/&lt;&gt;c__DisplayClass22_2::&lt;AttachCircuitsToField&gt;b__6(SportsWeb.Entities.SceneSetting)</Name>
              <FileRef uid="248" />
              <SequencePoints>
                <SequencePoint vc="0" uspid="11157" ordinal="0" offset="0" sl="870" sc="75" el="870" ec="99" bec="4" bev="0" fileid="248" />
              </SequencePoints>
              <BranchPoints>
                <BranchPoint vc="0" uspid="11158" ordinal="0" offset="28" sl="870" path="0" offsetend="30" fileid="248" />
                <BranchPoint vc="0" uspid="11159" ordinal="1" offset="28" sl="870" path="1" offsetend="33" fileid="248" />
                <BranchPoint vc="0" uspid="11160" ordinal="2" offset="40" sl="870" path="0" offsetend="42" fileid="248" />
                <BranchPoint vc="0" uspid="11161" ordinal="3" offset="40" sl="870" path="1" offsetend="45" fileid="248" />
              </BranchPoints>
              <MethodPoint xsi:type="SequencePoint" vc="0" uspid="11157" ordinal="0" offset="0" sl="870" sc="75" el="870" ec="99" bec="4" bev="0" fileid="248" />
            </Method>
            <Method visited="false" cyclomaticComplexity="5" nPathComplexity="4" sequenceCoverage="0" branchCoverage="0" isConstructor="false" isStatic="false" isGetter="false" isSetter="false">
              <Summary numSequencePoints="1" visitedSequencePoints="0" numBranchPoints="5" visitedBranchPoints="0" sequenceCoverage="0" branchCoverage="0" maxCyclomaticComplexity="5" minCyclomaticComplexity="5" visitedClasses="0" numClasses="0" visitedMethods="0" numMethods="1" />
              <MetadataToken>100667164</MetadataToken>
              <Name>System.Boolean SportsWeb.Services.Cabinate.AmpLightService.AmpWebCabinet/&lt;&gt;c__DisplayClass22_2::&lt;AttachCircuitsToField&gt;b__4(SportsWeb.Entities.SceneSetting)</Name>
              <FileRef uid="248" />
              <SequencePoints>
                <SequencePoint vc="0" uspid="11162" ordinal="0" offset="0" sl="873" sc="55" el="873" ec="75" bec="4" bev="0" fileid="248" />
              </SequencePoints>
              <BranchPoints>
                <BranchPoint vc="0" uspid="11163" ordinal="0" offset="28" sl="873" path="0" offsetend="30" fileid="248" />
                <BranchPoint vc="0" uspid="11164" ordinal="1" offset="28" sl="873" path="1" offsetend="33" fileid="248" />
                <BranchPoint vc="0" uspid="11165" ordinal="2" offset="40" sl="873" path="0" offsetend="42" fileid="248" />
                <BranchPoint vc="0" uspid="11166" ordinal="3" offset="40" sl="873" path="1" offsetend="45" fileid="248" />
              </BranchPoints>
              <MethodPoint xsi:type="SequencePoint" vc="0" uspid="11162" ordinal="0" offset="0" sl="873" sc="55" el="873" ec="75" bec="4" bev="0" fileid="248" />
            </Method>
          </Methods>
        </Class>
        <Class>
          <Summary numSequencePoints="0" visitedSequencePoints="0" numBranchPoints="0" visitedBranchPoints="0" sequenceCoverage="0" branchCoverage="0" maxCyclomaticComplexity="1" minCyclomaticComplexity="1" visitedClasses="0" numClasses="0" visitedMethods="0" numMethods="0" />
          <FullName>SportsWeb.Services.Cabinate.AmpLightService.AmpWebCabinet/&lt;&gt;c__DisplayClass23_0</FullName>
          <Methods>
            <Method visited="true" cyclomaticComplexity="1" nPathComplexity="0" sequenceCoverage="0" branchCoverage="0" isConstructor="true" isStatic="false" isGetter="false" isSetter="false">
              <Summary numSequencePoints="0" visitedSequencePoints="0" numBranchPoints="0" visitedBranchPoints="0" sequenceCoverage="0" branchCoverage="0" maxCyclomaticComplexity="1" minCyclomaticComplexity="1" visitedClasses="0" numClasses="0" visitedMethods="0" numMethods="0" />
              <MetadataToken>100667165</MetadataToken>
              <Name>System.Void SportsWeb.Services.Cabinate.AmpLightService.AmpWebCabinet/&lt;&gt;c__DisplayClass23_0::.ctor()</Name>
              <SequencePoints />
              <BranchPoints />
              <MethodPoint vc="9" uspid="11167" ordinal="0" offset="0" />
            </Method>
          </Methods>
        </Class>
        <Class>
          <Summary numSequencePoints="0" visitedSequencePoints="0" numBranchPoints="0" visitedBranchPoints="0" sequenceCoverage="0" branchCoverage="0" maxCyclomaticComplexity="1" minCyclomaticComplexity="1" visitedClasses="0" numClasses="0" visitedMethods="0" numMethods="0" />
          <FullName>SportsWeb.Services.Cabinate.AmpLightService.AmpWebCabinet/&lt;&gt;c__DisplayClass24_0</FullName>
          <Methods>
            <Method visited="true" cyclomaticComplexity="1" nPathComplexity="0" sequenceCoverage="0" branchCoverage="0" isConstructor="true" isStatic="false" isGetter="false" isSetter="false">
              <Summary numSequencePoints="0" visitedSequencePoints="0" numBranchPoints="0" visitedBranchPoints="0" sequenceCoverage="0" branchCoverage="0" maxCyclomaticComplexity="1" minCyclomaticComplexity="1" visitedClasses="0" numClasses="0" visitedMethods="0" numMethods="0" />
              <MetadataToken>100667166</MetadataToken>
              <Name>System.Void SportsWeb.Services.Cabinate.AmpLightService.AmpWebCabinet/&lt;&gt;c__DisplayClass24_0::.ctor()</Name>
              <SequencePoints />
              <BranchPoints />
              <MethodPoint vc="7" uspid="11168" ordinal="0" offset="0" />
            </Method>
          </Methods>
        </Class>
        <Class>
          <Summary numSequencePoints="1" visitedSequencePoints="1" numBranchPoints="3" visitedBranchPoints="2" sequenceCoverage="100" branchCoverage="66.67" maxCyclomaticComplexity="3" minCyclomaticComplexity="1" visitedClasses="1" numClasses="1" visitedMethods="1" numMethods="1" />
          <FullName>SportsWeb.Services.Cabinate.AmpLightService.AmpWebCabinet/&lt;&gt;c__DisplayClass24_1</FullName>
          <Methods>
            <Method visited="true" cyclomaticComplexity="1" nPathComplexity="0" sequenceCoverage="0" branchCoverage="0" isConstructor="true" isStatic="false" isGetter="false" isSetter="false">
              <Summary numSequencePoints="0" visitedSequencePoints="0" numBranchPoints="0" visitedBranchPoints="0" sequenceCoverage="0" branchCoverage="0" maxCyclomaticComplexity="1" minCyclomaticComplexity="1" visitedClasses="0" numClasses="0" visitedMethods="0" numMethods="0" />
              <MetadataToken>100667167</MetadataToken>
              <Name>System.Void SportsWeb.Services.Cabinate.AmpLightService.AmpWebCabinet/&lt;&gt;c__DisplayClass24_1::.ctor()</Name>
              <SequencePoints />
              <BranchPoints />
              <MethodPoint vc="7" uspid="11169" ordinal="0" offset="0" />
            </Method>
            <Method visited="true" cyclomaticComplexity="3" nPathComplexity="2" sequenceCoverage="100" branchCoverage="66.67" isConstructor="false" isStatic="false" isGetter="false" isSetter="false">
              <Summary numSequencePoints="1" visitedSequencePoints="1" numBranchPoints="3" visitedBranchPoints="2" sequenceCoverage="100" branchCoverage="66.67" maxCyclomaticComplexity="3" minCyclomaticComplexity="3" visitedClasses="0" numClasses="0" visitedMethods="1" numMethods="1" />
              <MetadataToken>100667168</MetadataToken>
              <Name>SportsWeb.Models.AssociatedFieldsModel SportsWeb.Services.Cabinate.AmpLightService.AmpWebCabinet/&lt;&gt;c__DisplayClass24_1::&lt;GetCircuitsAssociationForController&gt;b__5(SportsWeb.Services.Cabinate.AmpLightService.Interfaces.fields)</Name>
              <FileRef uid="248" />
              <SequencePoints>
                <SequencePoint vc="2" uspid="11170" ordinal="0" offset="13" sl="1124" sc="49" el="1130" ec="50" bec="2" bev="1" fileid="248" />
              </SequencePoints>
              <BranchPoints>
                <BranchPoint vc="0" uspid="11171" ordinal="0" offset="71" sl="1124" path="0" offsetend="73" fileid="248" />
                <BranchPoint vc="2" uspid="11172" ordinal="1" offset="71" sl="1124" path="1" offsetend="77" fileid="248" />
              </BranchPoints>
              <MethodPoint vc="2" uspid="11173" ordinal="0" offset="0" />
            </Method>
          </Methods>
        </Class>
        <Class>
          <Summary numSequencePoints="12" visitedSequencePoints="12" numBranchPoints="6" visitedBranchPoints="5" sequenceCoverage="100" branchCoverage="83.33" maxCyclomaticComplexity="7" minCyclomaticComplexity="1" visitedClasses="1" numClasses="1" visitedMethods="2" numMethods="2" />
          <FullName>SportsWeb.Services.Cabinate.AmpLightService.AmpWebCabinet/&lt;&gt;c__DisplayClass24_2</FullName>
          <Methods>
            <Method visited="true" cyclomaticComplexity="1" nPathComplexity="0" sequenceCoverage="0" branchCoverage="0" isConstructor="true" isStatic="false" isGetter="false" isSetter="false">
              <Summary numSequencePoints="0" visitedSequencePoints="0" numBranchPoints="0" visitedBranchPoints="0" sequenceCoverage="0" branchCoverage="0" maxCyclomaticComplexity="1" minCyclomaticComplexity="1" visitedClasses="0" numClasses="0" visitedMethods="0" numMethods="0" />
              <MetadataToken>100667169</MetadataToken>
              <Name>System.Void SportsWeb.Services.Cabinate.AmpLightService.AmpWebCabinet/&lt;&gt;c__DisplayClass24_2::.ctor()</Name>
              <SequencePoints />
              <BranchPoints />
              <MethodPoint vc="2" uspid="11174" ordinal="0" offset="0" />
            </Method>
            <Method visited="true" cyclomaticComplexity="1" nPathComplexity="0" sequenceCoverage="100" branchCoverage="100" isConstructor="false" isStatic="false" isGetter="false" isSetter="false">
              <Summary numSequencePoints="1" visitedSequencePoints="1" numBranchPoints="1" visitedBranchPoints="1" sequenceCoverage="100" branchCoverage="100" maxCyclomaticComplexity="1" minCyclomaticComplexity="1" visitedClasses="0" numClasses="0" visitedMethods="1" numMethods="1" />
              <MetadataToken>100667170</MetadataToken>
              <Name>System.Boolean SportsWeb.Services.Cabinate.AmpLightService.AmpWebCabinet/&lt;&gt;c__DisplayClass24_2::&lt;GetCircuitsAssociationForController&gt;b__1(SportsWeb.Models.ControllerModel)</Name>
              <FileRef uid="248" />
              <SequencePoints>
                <SequencePoint vc="1" uspid="11175" ordinal="0" offset="0" sl="1077" sc="31" el="1077" ec="80" bec="0" bev="0" fileid="248" />
              </SequencePoints>
              <BranchPoints />
              <MethodPoint xsi:type="SequencePoint" vc="1" uspid="11175" ordinal="0" offset="0" sl="1077" sc="31" el="1077" ec="80" bec="0" bev="0" fileid="248" />
            </Method>
            <Method visited="true" cyclomaticComplexity="7" nPathComplexity="4" sequenceCoverage="100" branchCoverage="80" isConstructor="false" isStatic="false" isGetter="false" isSetter="false">
              <Summary numSequencePoints="11" visitedSequencePoints="11" numBranchPoints="5" visitedBranchPoints="4" sequenceCoverage="100" branchCoverage="80" maxCyclomaticComplexity="7" minCyclomaticComplexity="7" visitedClasses="0" numClasses="0" visitedMethods="1" numMethods="1" />
              <MetadataToken>100667171</MetadataToken>
              <Name>SportsWeb.Models.Circuits SportsWeb.Services.Cabinate.AmpLightService.AmpWebCabinet/&lt;&gt;c__DisplayClass24_2::&lt;GetCircuitsAssociationForController&gt;b__2(SportsWeb.Models.CircuitModel)</Name>
              <FileRef uid="248" />
              <SequencePoints>
                <SequencePoint vc="6" uspid="11176" ordinal="0" offset="20" sl="1114" sc="33" el="1114" ec="34" bec="0" bev="0" fileid="248" />
                <SequencePoint vc="6" uspid="11177" ordinal="1" offset="21" sl="1115" sc="37" el="1131" ec="39" bec="0" bev="0" fileid="248" />
                <SequencePoint vc="6" uspid="11178" ordinal="2" offset="164" sl="1133" sc="37" el="1136" ec="103" bec="0" bev="0" fileid="248" />
                <SequencePoint vc="6" uspid="11179" ordinal="3" offset="203" sl="1137" sc="37" el="1137" ec="98" bec="2" bev="2" fileid="248" />
                <SequencePoint vc="2" uspid="11180" ordinal="4" offset="225" sl="1138" sc="37" el="1138" ec="38" bec="0" bev="0" fileid="248" />
                <SequencePoint vc="2" uspid="11181" ordinal="5" offset="226" sl="1139" sc="41" el="1141" ec="57" bec="0" bev="0" fileid="248" />
                <SequencePoint vc="2" uspid="11182" ordinal="6" offset="277" sl="1142" sc="41" el="1142" ec="63" bec="2" bev="1" fileid="248" />
                <SequencePoint vc="2" uspid="11183" ordinal="7" offset="290" sl="1143" sc="45" el="1143" ec="127" bec="0" bev="0" fileid="248" />
                <SequencePoint vc="2" uspid="11184" ordinal="8" offset="309" sl="1144" sc="37" el="1144" ec="38" bec="0" bev="0" fileid="248" />
                <SequencePoint vc="6" uspid="11185" ordinal="9" offset="310" sl="1146" sc="37" el="1146" ec="55" bec="0" bev="0" fileid="248" />
                <SequencePoint vc="6" uspid="11186" ordinal="10" offset="315" sl="1148" sc="33" el="1148" ec="34" bec="0" bev="0" fileid="248" />
              </SequencePoints>
              <BranchPoints>
                <BranchPoint vc="2" uspid="11191" ordinal="4" offset="223" sl="1137" path="0" offsetend="225" fileid="248" />
                <BranchPoint vc="4" uspid="11192" ordinal="5" offset="223" sl="1137" path="1" offsetend="310" fileid="248" />
                <BranchPoint vc="2" uspid="11195" ordinal="8" offset="288" sl="1142" path="0" offsetend="290" fileid="248" />
                <BranchPoint vc="0" uspid="11196" ordinal="9" offset="288" sl="1142" path="1" offsetend="309" fileid="248" />
              </BranchPoints>
              <MethodPoint vc="6" uspid="11197" ordinal="0" offset="0" />
            </Method>
          </Methods>
        </Class>
        <Class>
          <Summary numSequencePoints="5" visitedSequencePoints="5" numBranchPoints="5" visitedBranchPoints="5" sequenceCoverage="100" branchCoverage="100" maxCyclomaticComplexity="3" minCyclomaticComplexity="1" visitedClasses="1" numClasses="1" visitedMethods="5" numMethods="5" />
          <FullName>SportsWeb.Services.Cabinate.AmpLightService.AmpWebCabinet/&lt;&gt;c__DisplayClass24_3</FullName>
          <Methods>
            <Method visited="true" cyclomaticComplexity="1" nPathComplexity="0" sequenceCoverage="0" branchCoverage="0" isConstructor="true" isStatic="false" isGetter="false" isSetter="false">
              <Summary numSequencePoints="0" visitedSequencePoints="0" numBranchPoints="0" visitedBranchPoints="0" sequenceCoverage="0" branchCoverage="0" maxCyclomaticComplexity="1" minCyclomaticComplexity="1" visitedClasses="0" numClasses="0" visitedMethods="0" numMethods="0" />
              <MetadataToken>100667172</MetadataToken>
              <Name>System.Void SportsWeb.Services.Cabinate.AmpLightService.AmpWebCabinet/&lt;&gt;c__DisplayClass24_3::.ctor()</Name>
              <SequencePoints />
              <BranchPoints />
              <MethodPoint vc="6" uspid="11198" ordinal="0" offset="0" />
            </Method>
            <Method visited="true" cyclomaticComplexity="3" nPathComplexity="0" sequenceCoverage="100" branchCoverage="100" isConstructor="false" isStatic="false" isGetter="false" isSetter="false">
              <Summary numSequencePoints="1" visitedSequencePoints="1" numBranchPoints="1" visitedBranchPoints="1" sequenceCoverage="100" branchCoverage="100" maxCyclomaticComplexity="3" minCyclomaticComplexity="3" visitedClasses="0" numClasses="0" visitedMethods="1" numMethods="1" />
              <MetadataToken>100667173</MetadataToken>
              <Name>System.Boolean SportsWeb.Services.Cabinate.AmpLightService.AmpWebCabinet/&lt;&gt;c__DisplayClass24_3::&lt;GetCircuitsAssociationForController&gt;b__4(SportsWeb.Services.Cabinate.AmpLightService.Interfaces.fields)</Name>
              <FileRef uid="248" />
              <SequencePoints>
                <SequencePoint vc="12" uspid="11199" ordinal="0" offset="0" sl="1121" sc="57" el="1122" ec="113" bec="0" bev="0" fileid="248" />
              </SequencePoints>
              <BranchPoints />
              <MethodPoint xsi:type="SequencePoint" vc="12" uspid="11199" ordinal="0" offset="0" sl="1121" sc="57" el="1122" ec="113" bec="0" bev="0" fileid="248" />
            </Method>
            <Method visited="true" cyclomaticComplexity="1" nPathComplexity="0" sequenceCoverage="100" branchCoverage="100" isConstructor="false" isStatic="false" isGetter="false" isSetter="false">
              <Summary numSequencePoints="1" visitedSequencePoints="1" numBranchPoints="1" visitedBranchPoints="1" sequenceCoverage="100" branchCoverage="100" maxCyclomaticComplexity="1" minCyclomaticComplexity="1" visitedClasses="0" numClasses="0" visitedMethods="1" numMethods="1" />
              <MetadataToken>100667174</MetadataToken>
              <Name>System.Boolean SportsWeb.Services.Cabinate.AmpLightService.AmpWebCabinet/&lt;&gt;c__DisplayClass24_3::&lt;GetCircuitsAssociationForController&gt;b__6(SportsWeb.Services.Cabinate.AmpLightService.Interfaces.circuits)</Name>
              <FileRef uid="248" />
              <SequencePoints>
                <SequencePoint vc="6" uspid="11204" ordinal="0" offset="0" sl="1122" sc="77" el="1122" ec="112" bec="0" bev="0" fileid="248" />
              </SequencePoints>
              <BranchPoints />
              <MethodPoint xsi:type="SequencePoint" vc="6" uspid="11204" ordinal="0" offset="0" sl="1122" sc="77" el="1122" ec="112" bec="0" bev="0" fileid="248" />
            </Method>
            <Method visited="true" cyclomaticComplexity="3" nPathComplexity="0" sequenceCoverage="100" branchCoverage="100" isConstructor="false" isStatic="false" isGetter="false" isSetter="false">
              <Summary numSequencePoints="1" visitedSequencePoints="1" numBranchPoints="1" visitedBranchPoints="1" sequenceCoverage="100" branchCoverage="100" maxCyclomaticComplexity="3" minCyclomaticComplexity="3" visitedClasses="0" numClasses="0" visitedMethods="1" numMethods="1" />
              <MetadataToken>100667175</MetadataToken>
              <Name>System.Boolean SportsWeb.Services.Cabinate.AmpLightService.AmpWebCabinet/&lt;&gt;c__DisplayClass24_3::&lt;GetCircuitsAssociationForController&gt;b__3(SportsWeb.Services.Cabinate.AmpLightService.Interfaces.fields)</Name>
              <FileRef uid="248" />
              <SequencePoints>
                <SequencePoint vc="11" uspid="11205" ordinal="0" offset="0" sl="1135" sc="45" el="1136" ec="101" bec="0" bev="0" fileid="248" />
              </SequencePoints>
              <BranchPoints />
              <MethodPoint xsi:type="SequencePoint" vc="11" uspid="11205" ordinal="0" offset="0" sl="1135" sc="45" el="1136" ec="101" bec="0" bev="0" fileid="248" />
            </Method>
            <Method visited="true" cyclomaticComplexity="1" nPathComplexity="0" sequenceCoverage="100" branchCoverage="100" isConstructor="false" isStatic="false" isGetter="false" isSetter="false">
              <Summary numSequencePoints="1" visitedSequencePoints="1" numBranchPoints="1" visitedBranchPoints="1" sequenceCoverage="100" branchCoverage="100" maxCyclomaticComplexity="1" minCyclomaticComplexity="1" visitedClasses="0" numClasses="0" visitedMethods="1" numMethods="1" />
              <MetadataToken>100667176</MetadataToken>
              <Name>System.Boolean SportsWeb.Services.Cabinate.AmpLightService.AmpWebCabinet/&lt;&gt;c__DisplayClass24_3::&lt;GetCircuitsAssociationForController&gt;b__8(SportsWeb.Services.Cabinate.AmpLightService.Interfaces.circuits)</Name>
              <FileRef uid="248" />
              <SequencePoints>
                <SequencePoint vc="6" uspid="11210" ordinal="0" offset="0" sl="1136" sc="65" el="1136" ec="100" bec="0" bev="0" fileid="248" />
              </SequencePoints>
              <BranchPoints />
              <MethodPoint xsi:type="SequencePoint" vc="6" uspid="11210" ordinal="0" offset="0" sl="1136" sc="65" el="1136" ec="100" bec="0" bev="0" fileid="248" />
            </Method>
            <Method visited="true" cyclomaticComplexity="1" nPathComplexity="0" sequenceCoverage="100" branchCoverage="100" isConstructor="false" isStatic="false" isGetter="false" isSetter="false">
              <Summary numSequencePoints="1" visitedSequencePoints="1" numBranchPoints="1" visitedBranchPoints="1" sequenceCoverage="100" branchCoverage="100" maxCyclomaticComplexity="1" minCyclomaticComplexity="1" visitedClasses="0" numClasses="0" visitedMethods="1" numMethods="1" />
              <MetadataToken>100667177</MetadataToken>
              <Name>System.Boolean SportsWeb.Services.Cabinate.AmpLightService.AmpWebCabinet/&lt;&gt;c__DisplayClass24_3::&lt;GetCircuitsAssociationForController&gt;b__9(SportsWeb.Services.Cabinate.AmpLightService.Interfaces.circuits)</Name>
              <FileRef uid="248" />
              <SequencePoints>
                <SequencePoint vc="2" uspid="11211" ordinal="0" offset="0" sl="1140" sc="67" el="1140" ec="103" bec="0" bev="0" fileid="248" />
              </SequencePoints>
              <BranchPoints />
              <MethodPoint xsi:type="SequencePoint" vc="2" uspid="11211" ordinal="0" offset="0" sl="1140" sc="67" el="1140" ec="103" bec="0" bev="0" fileid="248" />
            </Method>
          </Methods>
        </Class>
        <Class>
          <Summary numSequencePoints="1" visitedSequencePoints="1" numBranchPoints="1" visitedBranchPoints="1" sequenceCoverage="100" branchCoverage="100" maxCyclomaticComplexity="1" minCyclomaticComplexity="1" visitedClasses="1" numClasses="1" visitedMethods="1" numMethods="1" />
          <FullName>SportsWeb.Services.Cabinate.AmpLightService.AmpWebCabinet/&lt;&gt;c__DisplayClass24_4</FullName>
          <Methods>
            <Method visited="true" cyclomaticComplexity="1" nPathComplexity="0" sequenceCoverage="0" branchCoverage="0" isConstructor="true" isStatic="false" isGetter="false" isSetter="false">
              <Summary numSequencePoints="0" visitedSequencePoints="0" numBranchPoints="0" visitedBranchPoints="0" sequenceCoverage="0" branchCoverage="0" maxCyclomaticComplexity="1" minCyclomaticComplexity="1" visitedClasses="0" numClasses="0" visitedMethods="0" numMethods="0" />
              <MetadataToken>100667178</MetadataToken>
              <Name>System.Void SportsWeb.Services.Cabinate.AmpLightService.AmpWebCabinet/&lt;&gt;c__DisplayClass24_4::.ctor()</Name>
              <SequencePoints />
              <BranchPoints />
              <MethodPoint vc="2" uspid="11212" ordinal="0" offset="0" />
            </Method>
            <Method visited="true" cyclomaticComplexity="1" nPathComplexity="0" sequenceCoverage="100" branchCoverage="100" isConstructor="false" isStatic="false" isGetter="false" isSetter="false">
              <Summary numSequencePoints="1" visitedSequencePoints="1" numBranchPoints="1" visitedBranchPoints="1" sequenceCoverage="100" branchCoverage="100" maxCyclomaticComplexity="1" minCyclomaticComplexity="1" visitedClasses="0" numClasses="0" visitedMethods="1" numMethods="1" />
              <MetadataToken>100667179</MetadataToken>
              <Name>System.Boolean SportsWeb.Services.Cabinate.AmpLightService.AmpWebCabinet/&lt;&gt;c__DisplayClass24_4::&lt;GetCircuitsAssociationForController&gt;b__7(SportsWeb.Services.Cabinate.AmpLightService.Interfaces.fieldDetails)</Name>
              <FileRef uid="248" />
              <SequencePoints>
                <SequencePoint vc="4" uspid="11213" ordinal="0" offset="0" sl="1128" sc="79" el="1128" ec="109" bec="0" bev="0" fileid="248" />
              </SequencePoints>
              <BranchPoints />
              <MethodPoint xsi:type="SequencePoint" vc="4" uspid="11213" ordinal="0" offset="0" sl="1128" sc="79" el="1128" ec="109" bec="0" bev="0" fileid="248" />
            </Method>
          </Methods>
        </Class>
        <Class>
          <Summary numSequencePoints="0" visitedSequencePoints="0" numBranchPoints="0" visitedBranchPoints="0" sequenceCoverage="0" branchCoverage="0" maxCyclomaticComplexity="1" minCyclomaticComplexity="1" visitedClasses="0" numClasses="0" visitedMethods="0" numMethods="0" />
          <FullName>SportsWeb.Services.Cabinate.AmpLightService.AmpWebCabinet/&lt;&gt;c__DisplayClass25_0</FullName>
          <Methods>
            <Method visited="true" cyclomaticComplexity="1" nPathComplexity="0" sequenceCoverage="0" branchCoverage="0" isConstructor="true" isStatic="false" isGetter="false" isSetter="false">
              <Summary numSequencePoints="0" visitedSequencePoints="0" numBranchPoints="0" visitedBranchPoints="0" sequenceCoverage="0" branchCoverage="0" maxCyclomaticComplexity="1" minCyclomaticComplexity="1" visitedClasses="0" numClasses="0" visitedMethods="0" numMethods="0" />
              <MetadataToken>100667180</MetadataToken>
              <Name>System.Void SportsWeb.Services.Cabinate.AmpLightService.AmpWebCabinet/&lt;&gt;c__DisplayClass25_0::.ctor()</Name>
              <SequencePoints />
              <BranchPoints />
              <MethodPoint vc="12" uspid="11214" ordinal="0" offset="0" />
            </Method>
          </Methods>
        </Class>
        <Class>
          <Summary numSequencePoints="1" visitedSequencePoints="1" numBranchPoints="1" visitedBranchPoints="1" sequenceCoverage="100" branchCoverage="100" maxCyclomaticComplexity="1" minCyclomaticComplexity="1" visitedClasses="1" numClasses="1" visitedMethods="1" numMethods="1" />
          <FullName>SportsWeb.Services.Cabinate.AmpLightService.AmpWebCabinet/&lt;&gt;c__DisplayClass25_1</FullName>
          <Methods>
            <Method visited="true" cyclomaticComplexity="1" nPathComplexity="0" sequenceCoverage="0" branchCoverage="0" isConstructor="true" isStatic="false" isGetter="false" isSetter="false">
              <Summary numSequencePoints="0" visitedSequencePoints="0" numBranchPoints="0" visitedBranchPoints="0" sequenceCoverage="0" branchCoverage="0" maxCyclomaticComplexity="1" minCyclomaticComplexity="1" visitedClasses="0" numClasses="0" visitedMethods="0" numMethods="0" />
              <MetadataToken>100667181</MetadataToken>
              <Name>System.Void SportsWeb.Services.Cabinate.AmpLightService.AmpWebCabinet/&lt;&gt;c__DisplayClass25_1::.ctor()</Name>
              <SequencePoints />
              <BranchPoints />
              <MethodPoint vc="3" uspid="11215" ordinal="0" offset="0" />
            </Method>
            <Method visited="true" cyclomaticComplexity="1" nPathComplexity="0" sequenceCoverage="100" branchCoverage="100" isConstructor="false" isStatic="false" isGetter="false" isSetter="false">
              <Summary numSequencePoints="1" visitedSequencePoints="1" numBranchPoints="1" visitedBranchPoints="1" sequenceCoverage="100" branchCoverage="100" maxCyclomaticComplexity="1" minCyclomaticComplexity="1" visitedClasses="0" numClasses="0" visitedMethods="1" numMethods="1" />
              <MetadataToken>100667182</MetadataToken>
              <Name>System.Boolean SportsWeb.Services.Cabinate.AmpLightService.AmpWebCabinet/&lt;&gt;c__DisplayClass25_1::&lt;GetDetectedKeypads&gt;b__1(SportsWeb.Models.CPUModel)</Name>
              <FileRef uid="249" />
              <SequencePoints>
                <SequencePoint vc="2" uspid="11216" ordinal="0" offset="0" sl="70" sc="29" el="70" ec="83" bec="0" bev="0" fileid="249" />
              </SequencePoints>
              <BranchPoints />
              <MethodPoint xsi:type="SequencePoint" vc="2" uspid="11216" ordinal="0" offset="0" sl="70" sc="29" el="70" ec="83" bec="0" bev="0" fileid="249" />
            </Method>
          </Methods>
        </Class>
        <Class>
          <Summary numSequencePoints="0" visitedSequencePoints="0" numBranchPoints="0" visitedBranchPoints="0" sequenceCoverage="0" branchCoverage="0" maxCyclomaticComplexity="1" minCyclomaticComplexity="1" visitedClasses="0" numClasses="0" visitedMethods="0" numMethods="0" />
          <FullName>SportsWeb.Services.Cabinate.AmpLightService.AmpWebCabinet/&lt;&gt;c__DisplayClass26_0</FullName>
          <Methods>
            <Method visited="true" cyclomaticComplexity="1" nPathComplexity="0" sequenceCoverage="0" branchCoverage="0" isConstructor="true" isStatic="false" isGetter="false" isSetter="false">
              <Summary numSequencePoints="0" visitedSequencePoints="0" numBranchPoints="0" visitedBranchPoints="0" sequenceCoverage="0" branchCoverage="0" maxCyclomaticComplexity="1" minCyclomaticComplexity="1" visitedClasses="0" numClasses="0" visitedMethods="0" numMethods="0" />
              <MetadataToken>100667183</MetadataToken>
              <Name>System.Void SportsWeb.Services.Cabinate.AmpLightService.AmpWebCabinet/&lt;&gt;c__DisplayClass26_0::.ctor()</Name>
              <SequencePoints />
              <BranchPoints />
              <MethodPoint vc="19" uspid="11217" ordinal="0" offset="0" />
            </Method>
          </Methods>
        </Class>
        <Class>
          <Summary numSequencePoints="0" visitedSequencePoints="0" numBranchPoints="0" visitedBranchPoints="0" sequenceCoverage="0" branchCoverage="0" maxCyclomaticComplexity="1" minCyclomaticComplexity="1" visitedClasses="0" numClasses="0" visitedMethods="0" numMethods="0" />
          <FullName>SportsWeb.Services.Cabinate.AmpLightService.AmpWebCabinet/&lt;&gt;c__DisplayClass27_0</FullName>
          <Methods>
            <Method visited="true" cyclomaticComplexity="1" nPathComplexity="0" sequenceCoverage="0" branchCoverage="0" isConstructor="true" isStatic="false" isGetter="false" isSetter="false">
              <Summary numSequencePoints="0" visitedSequencePoints="0" numBranchPoints="0" visitedBranchPoints="0" sequenceCoverage="0" branchCoverage="0" maxCyclomaticComplexity="1" minCyclomaticComplexity="1" visitedClasses="0" numClasses="0" visitedMethods="0" numMethods="0" />
              <MetadataToken>100667184</MetadataToken>
              <Name>System.Void SportsWeb.Services.Cabinate.AmpLightService.AmpWebCabinet/&lt;&gt;c__DisplayClass27_0::.ctor()</Name>
              <SequencePoints />
              <BranchPoints />
              <MethodPoint vc="15" uspid="11218" ordinal="0" offset="0" />
            </Method>
          </Methods>
        </Class>
        <Class>
          <Summary numSequencePoints="0" visitedSequencePoints="0" numBranchPoints="0" visitedBranchPoints="0" sequenceCoverage="0" branchCoverage="0" maxCyclomaticComplexity="1" minCyclomaticComplexity="1" visitedClasses="0" numClasses="0" visitedMethods="0" numMethods="0" />
          <FullName>SportsWeb.Services.Cabinate.AmpLightService.AmpWebCabinet/&lt;&gt;c__DisplayClass28_0</FullName>
          <Methods>
            <Method visited="true" cyclomaticComplexity="1" nPathComplexity="0" sequenceCoverage="0" branchCoverage="0" isConstructor="true" isStatic="false" isGetter="false" isSetter="false">
              <Summary numSequencePoints="0" visitedSequencePoints="0" numBranchPoints="0" visitedBranchPoints="0" sequenceCoverage="0" branchCoverage="0" maxCyclomaticComplexity="1" minCyclomaticComplexity="1" visitedClasses="0" numClasses="0" visitedMethods="0" numMethods="0" />
              <MetadataToken>100667185</MetadataToken>
              <Name>System.Void SportsWeb.Services.Cabinate.AmpLightService.AmpWebCabinet/&lt;&gt;c__DisplayClass28_0::.ctor()</Name>
              <SequencePoints />
              <BranchPoints />
              <MethodPoint vc="14" uspid="11219" ordinal="0" offset="0" />
            </Method>
          </Methods>
        </Class>
        <Class>
          <Summary numSequencePoints="0" visitedSequencePoints="0" numBranchPoints="0" visitedBranchPoints="0" sequenceCoverage="0" branchCoverage="0" maxCyclomaticComplexity="1" minCyclomaticComplexity="1" visitedClasses="0" numClasses="0" visitedMethods="0" numMethods="0" />
          <FullName>SportsWeb.Services.Cabinate.AmpLightService.AmpWebCabinet/&lt;&gt;c__DisplayClass29_0</FullName>
          <Methods>
            <Method visited="true" cyclomaticComplexity="1" nPathComplexity="0" sequenceCoverage="0" branchCoverage="0" isConstructor="true" isStatic="false" isGetter="false" isSetter="false">
              <Summary numSequencePoints="0" visitedSequencePoints="0" numBranchPoints="0" visitedBranchPoints="0" sequenceCoverage="0" branchCoverage="0" maxCyclomaticComplexity="1" minCyclomaticComplexity="1" visitedClasses="0" numClasses="0" visitedMethods="0" numMethods="0" />
              <MetadataToken>100667186</MetadataToken>
              <Name>System.Void SportsWeb.Services.Cabinate.AmpLightService.AmpWebCabinet/&lt;&gt;c__DisplayClass29_0::.ctor()</Name>
              <SequencePoints />
              <BranchPoints />
              <MethodPoint vc="23" uspid="11220" ordinal="0" offset="0" />
            </Method>
          </Methods>
        </Class>
        <Class>
          <Summary numSequencePoints="0" visitedSequencePoints="0" numBranchPoints="0" visitedBranchPoints="0" sequenceCoverage="0" branchCoverage="0" maxCyclomaticComplexity="1" minCyclomaticComplexity="1" visitedClasses="0" numClasses="0" visitedMethods="0" numMethods="0" />
          <FullName>SportsWeb.Services.Cabinate.AmpLightService.AmpWebCabinet/&lt;&gt;c__DisplayClass30_0</FullName>
          <Methods>
            <Method visited="true" cyclomaticComplexity="1" nPathComplexity="0" sequenceCoverage="0" branchCoverage="0" isConstructor="true" isStatic="false" isGetter="false" isSetter="false">
              <Summary numSequencePoints="0" visitedSequencePoints="0" numBranchPoints="0" visitedBranchPoints="0" sequenceCoverage="0" branchCoverage="0" maxCyclomaticComplexity="1" minCyclomaticComplexity="1" visitedClasses="0" numClasses="0" visitedMethods="0" numMethods="0" />
              <MetadataToken>100667187</MetadataToken>
              <Name>System.Void SportsWeb.Services.Cabinate.AmpLightService.AmpWebCabinet/&lt;&gt;c__DisplayClass30_0::.ctor()</Name>
              <SequencePoints />
              <BranchPoints />
              <MethodPoint vc="16" uspid="11221" ordinal="0" offset="0" />
            </Method>
          </Methods>
        </Class>
        <Class>
          <Summary numSequencePoints="0" visitedSequencePoints="0" numBranchPoints="0" visitedBranchPoints="0" sequenceCoverage="0" branchCoverage="0" maxCyclomaticComplexity="1" minCyclomaticComplexity="1" visitedClasses="0" numClasses="0" visitedMethods="0" numMethods="0" />
          <FullName>SportsWeb.Services.Cabinate.AmpLightService.AmpWebCabinet/&lt;&gt;c__DisplayClass31_0</FullName>
          <Methods>
            <Method visited="true" cyclomaticComplexity="1" nPathComplexity="0" sequenceCoverage="0" branchCoverage="0" isConstructor="true" isStatic="false" isGetter="false" isSetter="false">
              <Summary numSequencePoints="0" visitedSequencePoints="0" numBranchPoints="0" visitedBranchPoints="0" sequenceCoverage="0" branchCoverage="0" maxCyclomaticComplexity="1" minCyclomaticComplexity="1" visitedClasses="0" numClasses="0" visitedMethods="0" numMethods="0" />
              <MetadataToken>100667188</MetadataToken>
              <Name>System.Void SportsWeb.Services.Cabinate.AmpLightService.AmpWebCabinet/&lt;&gt;c__DisplayClass31_0::.ctor()</Name>
              <SequencePoints />
              <BranchPoints />
              <MethodPoint vc="20" uspid="11222" ordinal="0" offset="0" />
            </Method>
          </Methods>
        </Class>
        <Class>
          <Summary numSequencePoints="25" visitedSequencePoints="25" numBranchPoints="7" visitedBranchPoints="6" sequenceCoverage="100" branchCoverage="85.71" maxCyclomaticComplexity="5" minCyclomaticComplexity="1" visitedClasses="1" numClasses="1" visitedMethods="1" numMethods="1" />
          <FullName>SportsWeb.Services.Cabinate.AmpLightService.AmpWebCabinet/&lt;&gt;c__DisplayClass31_1</FullName>
          <Methods>
            <Method visited="true" cyclomaticComplexity="1" nPathComplexity="0" sequenceCoverage="0" branchCoverage="0" isConstructor="true" isStatic="false" isGetter="false" isSetter="false">
              <Summary numSequencePoints="0" visitedSequencePoints="0" numBranchPoints="0" visitedBranchPoints="0" sequenceCoverage="0" branchCoverage="0" maxCyclomaticComplexity="1" minCyclomaticComplexity="1" visitedClasses="0" numClasses="0" visitedMethods="0" numMethods="0" />
              <MetadataToken>100667189</MetadataToken>
              <Name>System.Void SportsWeb.Services.Cabinate.AmpLightService.AmpWebCabinet/&lt;&gt;c__DisplayClass31_1::.ctor()</Name>
              <SequencePoints />
              <BranchPoints />
              <MethodPoint vc="20" uspid="11223" ordinal="0" offset="0" />
            </Method>
            <Method visited="true" cyclomaticComplexity="5" nPathComplexity="8" sequenceCoverage="100" branchCoverage="85.71" isConstructor="false" isStatic="false" isGetter="false" isSetter="false">
              <Summary numSequencePoints="25" visitedSequencePoints="25" numBranchPoints="7" visitedBranchPoints="6" sequenceCoverage="100" branchCoverage="85.71" maxCyclomaticComplexity="5" minCyclomaticComplexity="5" visitedClasses="0" numClasses="0" visitedMethods="1" numMethods="1" />
              <MetadataToken>100667190</MetadataToken>
              <Name>System.Void SportsWeb.Services.Cabinate.AmpLightService.AmpWebCabinet/&lt;&gt;c__DisplayClass31_1::&lt;AssociatePushbuttonToField&gt;b__0(System.Int64)</Name>
              <FileRef uid="250" />
              <SequencePoints>
                <SequencePoint vc="18" uspid="11224" ordinal="0" offset="0" sl="346" sc="17" el="346" ec="18" bec="0" bev="0" fileid="250" />
                <SequencePoint vc="18" uspid="11225" ordinal="1" offset="1" sl="348" sc="21" el="348" ec="22" bec="0" bev="0" fileid="250" />
                <SequencePoint vc="18" uspid="11226" ordinal="2" offset="2" sl="352" sc="25" el="352" ec="26" bec="0" bev="0" fileid="250" />
                <SequencePoint vc="18" uspid="11227" ordinal="3" offset="3" sl="353" sc="29" el="373" ec="31" bec="0" bev="0" fileid="250" />
                <SequencePoint vc="18" uspid="11228" ordinal="4" offset="226" sl="375" sc="29" el="376" ec="78" bec="0" bev="0" fileid="250" />
                <SequencePoint vc="18" uspid="11229" ordinal="5" offset="297" sl="377" sc="29" el="377" ec="89" bec="0" bev="0" fileid="250" />
                <SequencePoint vc="2" uspid="11230" ordinal="6" offset="310" sl="379" sc="29" el="379" ec="58" bec="4" bev="3" fileid="250" />
                <SequencePoint vc="1" uspid="11231" ordinal="7" offset="329" sl="380" sc="33" el="382" ec="101" bec="0" bev="0" fileid="250" />
                <SequencePoint vc="1" uspid="11232" ordinal="8" offset="451" sl="384" sc="29" el="384" ec="30" bec="0" bev="0" fileid="250" />
                <SequencePoint vc="1" uspid="11233" ordinal="9" offset="452" sl="385" sc="33" el="386" ec="93" bec="0" bev="0" fileid="250" />
                <SequencePoint vc="1" uspid="11234" ordinal="10" offset="531" sl="387" sc="33" el="387" ec="129" bec="0" bev="0" fileid="250" />
                <SequencePoint vc="1" uspid="11235" ordinal="11" offset="542" sl="389" sc="25" el="389" ec="26" bec="0" bev="0" fileid="250" />
                <SequencePoint vc="16" uspid="11236" ordinal="12" offset="548" sl="390" sc="25" el="390" ec="64" bec="0" bev="0" fileid="250" />
                <SequencePoint vc="16" uspid="11237" ordinal="13" offset="549" sl="391" sc="25" el="391" ec="26" bec="0" bev="0" fileid="250" />
                <SequencePoint vc="16" uspid="11238" ordinal="14" offset="550" sl="392" sc="29" el="394" ec="75" bec="0" bev="0" fileid="250" />
                <SequencePoint vc="16" uspid="11239" ordinal="15" offset="622" sl="395" sc="29" el="395" ec="75" bec="0" bev="0" fileid="250" />
                <SequencePoint vc="16" uspid="11240" ordinal="16" offset="642" sl="397" sc="29" el="399" ec="67" bec="0" bev="0" fileid="250" />
                <SequencePoint vc="16" uspid="11241" ordinal="17" offset="666" sl="400" sc="29" el="401" ec="125" bec="2" bev="2" fileid="250" />
                <SequencePoint vc="1" uspid="11242" ordinal="18" offset="683" sl="403" sc="21" el="403" ec="22" bec="0" bev="0" fileid="250" />
                <SequencePoint vc="17" uspid="11243" ordinal="19" offset="686" sl="404" sc="21" el="404" ec="40" bec="0" bev="0" fileid="250" />
                <SequencePoint vc="17" uspid="11244" ordinal="20" offset="688" sl="405" sc="21" el="405" ec="22" bec="0" bev="0" fileid="250" />
                <SequencePoint vc="17" uspid="11245" ordinal="21" offset="689" sl="406" sc="25" el="408" ec="69" bec="0" bev="0" fileid="250" />
                <SequencePoint vc="17" uspid="11246" ordinal="22" offset="762" sl="409" sc="25" el="409" ec="53" bec="0" bev="0" fileid="250" />
                <SequencePoint vc="17" uspid="11247" ordinal="23" offset="776" sl="410" sc="21" el="410" ec="22" bec="0" bev="0" fileid="250" />
                <SequencePoint vc="18" uspid="11248" ordinal="24" offset="779" sl="411" sc="17" el="411" ec="18" bec="0" bev="0" fileid="250" />
              </SequencePoints>
              <BranchPoints>
                <BranchPoint vc="0" uspid="11249" ordinal="0" offset="311" sl="379" path="0" offsetend="313" fileid="250" />
                <BranchPoint vc="2" uspid="11250" ordinal="1" offset="311" sl="379" path="1" offsetend="316" fileid="250" />
                <BranchPoint vc="1" uspid="11251" ordinal="2" offset="327" sl="379" path="0" offsetend="329" fileid="250" />
                <BranchPoint vc="1" uspid="11252" ordinal="3" offset="327" sl="379" path="1" offsetend="451" fileid="250" />
                <BranchPoint vc="1" uspid="11253" ordinal="4" offset="669" sl="400" path="0" offsetend="671" fileid="250" />
                <BranchPoint vc="15" uspid="11254" ordinal="5" offset="669" sl="400" path="1" offsetend="677" fileid="250" />
              </BranchPoints>
              <MethodPoint xsi:type="SequencePoint" vc="18" uspid="11224" ordinal="0" offset="0" sl="346" sc="17" el="346" ec="18" bec="0" bev="0" fileid="250" />
            </Method>
          </Methods>
        </Class>
        <Class>
          <Summary numSequencePoints="0" visitedSequencePoints="0" numBranchPoints="0" visitedBranchPoints="0" sequenceCoverage="0" branchCoverage="0" maxCyclomaticComplexity="1" minCyclomaticComplexity="1" visitedClasses="0" numClasses="0" visitedMethods="0" numMethods="0" />
          <FullName>SportsWeb.Services.Cabinate.AmpLightService.AmpWebCabinet/&lt;&gt;c__DisplayClass32_0</FullName>
          <Methods>
            <Method visited="true" cyclomaticComplexity="1" nPathComplexity="0" sequenceCoverage="0" branchCoverage="0" isConstructor="true" isStatic="false" isGetter="false" isSetter="false">
              <Summary numSequencePoints="0" visitedSequencePoints="0" numBranchPoints="0" visitedBranchPoints="0" sequenceCoverage="0" branchCoverage="0" maxCyclomaticComplexity="1" minCyclomaticComplexity="1" visitedClasses="0" numClasses="0" visitedMethods="0" numMethods="0" />
              <MetadataToken>100667191</MetadataToken>
              <Name>System.Void SportsWeb.Services.Cabinate.AmpLightService.AmpWebCabinet/&lt;&gt;c__DisplayClass32_0::.ctor()</Name>
              <SequencePoints />
              <BranchPoints />
              <MethodPoint vc="15" uspid="11255" ordinal="0" offset="0" />
            </Method>
          </Methods>
        </Class>
        <Class>
          <Summary numSequencePoints="25" visitedSequencePoints="25" numBranchPoints="9" visitedBranchPoints="7" sequenceCoverage="100" branchCoverage="77.78" maxCyclomaticComplexity="7" minCyclomaticComplexity="1" visitedClasses="1" numClasses="1" visitedMethods="1" numMethods="1" />
          <FullName>SportsWeb.Services.Cabinate.AmpLightService.AmpWebCabinet/&lt;&gt;c__DisplayClass32_1</FullName>
          <Methods>
            <Method visited="true" cyclomaticComplexity="1" nPathComplexity="0" sequenceCoverage="0" branchCoverage="0" isConstructor="true" isStatic="false" isGetter="false" isSetter="false">
              <Summary numSequencePoints="0" visitedSequencePoints="0" numBranchPoints="0" visitedBranchPoints="0" sequenceCoverage="0" branchCoverage="0" maxCyclomaticComplexity="1" minCyclomaticComplexity="1" visitedClasses="0" numClasses="0" visitedMethods="0" numMethods="0" />
              <MetadataToken>100667192</MetadataToken>
              <Name>System.Void SportsWeb.Services.Cabinate.AmpLightService.AmpWebCabinet/&lt;&gt;c__DisplayClass32_1::.ctor()</Name>
              <SequencePoints />
              <BranchPoints />
              <MethodPoint vc="15" uspid="11256" ordinal="0" offset="0" />
            </Method>
            <Method visited="true" cyclomaticComplexity="7" nPathComplexity="16" sequenceCoverage="100" branchCoverage="77.78" isConstructor="false" isStatic="false" isGetter="false" isSetter="false">
              <Summary numSequencePoints="25" visitedSequencePoints="25" numBranchPoints="9" visitedBranchPoints="7" sequenceCoverage="100" branchCoverage="77.78" maxCyclomaticComplexity="7" minCyclomaticComplexity="7" visitedClasses="0" numClasses="0" visitedMethods="1" numMethods="1" />
              <MetadataToken>100667193</MetadataToken>
              <Name>System.Void SportsWeb.Services.Cabinate.AmpLightService.AmpWebCabinet/&lt;&gt;c__DisplayClass32_1::&lt;DisassociatePushbuttonFromField&gt;b__0(System.Int64)</Name>
              <FileRef uid="250" />
              <SequencePoints>
                <SequencePoint vc="14" uspid="11257" ordinal="0" offset="0" sl="461" sc="17" el="461" ec="18" bec="0" bev="0" fileid="250" />
                <SequencePoint vc="14" uspid="11258" ordinal="1" offset="1" sl="463" sc="21" el="463" ec="22" bec="0" bev="0" fileid="250" />
                <SequencePoint vc="14" uspid="11259" ordinal="2" offset="2" sl="467" sc="25" el="467" ec="26" bec="0" bev="0" fileid="250" />
                <SequencePoint vc="14" uspid="11260" ordinal="3" offset="3" sl="468" sc="29" el="477" ec="31" bec="0" bev="0" fileid="250" />
                <SequencePoint vc="14" uspid="11261" ordinal="4" offset="100" sl="478" sc="29" el="479" ec="80" bec="0" bev="0" fileid="250" />
                <SequencePoint vc="14" uspid="11262" ordinal="5" offset="171" sl="480" sc="29" el="480" ec="94" bec="2" bev="1" fileid="250" />
                <SequencePoint vc="3" uspid="11263" ordinal="6" offset="191" sl="482" sc="29" el="482" ec="58" bec="4" bev="3" fileid="250" />
                <SequencePoint vc="2" uspid="11264" ordinal="7" offset="210" sl="483" sc="33" el="485" ec="101" bec="0" bev="0" fileid="250" />
                <SequencePoint vc="1" uspid="11265" ordinal="8" offset="332" sl="487" sc="29" el="487" ec="30" bec="0" bev="0" fileid="250" />
                <SequencePoint vc="1" uspid="11266" ordinal="9" offset="333" sl="488" sc="33" el="489" ec="96" bec="0" bev="0" fileid="250" />
                <SequencePoint vc="1" uspid="11267" ordinal="10" offset="412" sl="490" sc="33" el="490" ec="129" bec="0" bev="0" fileid="250" />
                <SequencePoint vc="2" uspid="11268" ordinal="11" offset="423" sl="492" sc="25" el="492" ec="26" bec="0" bev="0" fileid="250" />
                <SequencePoint vc="11" uspid="11269" ordinal="12" offset="429" sl="493" sc="25" el="493" ec="64" bec="0" bev="0" fileid="250" />
                <SequencePoint vc="11" uspid="11270" ordinal="13" offset="430" sl="494" sc="25" el="494" ec="26" bec="0" bev="0" fileid="250" />
                <SequencePoint vc="11" uspid="11271" ordinal="14" offset="431" sl="495" sc="29" el="497" ec="77" bec="0" bev="0" fileid="250" />
                <SequencePoint vc="11" uspid="11272" ordinal="15" offset="503" sl="498" sc="29" el="498" ec="75" bec="0" bev="0" fileid="250" />
                <SequencePoint vc="11" uspid="11273" ordinal="16" offset="523" sl="500" sc="29" el="502" ec="67" bec="0" bev="0" fileid="250" />
                <SequencePoint vc="11" uspid="11274" ordinal="17" offset="547" sl="503" sc="29" el="504" ec="130" bec="2" bev="2" fileid="250" />
                <SequencePoint vc="2" uspid="11275" ordinal="18" offset="564" sl="506" sc="21" el="506" ec="22" bec="0" bev="0" fileid="250" />
                <SequencePoint vc="12" uspid="11276" ordinal="19" offset="567" sl="507" sc="21" el="507" ec="40" bec="0" bev="0" fileid="250" />
                <SequencePoint vc="12" uspid="11277" ordinal="20" offset="569" sl="508" sc="21" el="508" ec="22" bec="0" bev="0" fileid="250" />
                <SequencePoint vc="12" uspid="11278" ordinal="21" offset="570" sl="509" sc="25" el="511" ec="71" bec="0" bev="0" fileid="250" />
                <SequencePoint vc="12" uspid="11279" ordinal="22" offset="643" sl="512" sc="25" el="512" ec="53" bec="0" bev="0" fileid="250" />
                <SequencePoint vc="12" uspid="11280" ordinal="23" offset="657" sl="513" sc="21" el="513" ec="22" bec="0" bev="0" fileid="250" />
                <SequencePoint vc="14" uspid="11281" ordinal="24" offset="660" sl="514" sc="17" el="514" ec="18" bec="0" bev="0" fileid="250" />
              </SequencePoints>
              <BranchPoints>
                <BranchPoint vc="0" uspid="11282" ordinal="0" offset="178" sl="480" path="0" offsetend="180" fileid="250" />
                <BranchPoint vc="14" uspid="11283" ordinal="1" offset="178" sl="480" path="1" offsetend="184" fileid="250" />
                <BranchPoint vc="0" uspid="11284" ordinal="2" offset="192" sl="482" path="0" offsetend="194" fileid="250" />
                <BranchPoint vc="3" uspid="11285" ordinal="3" offset="192" sl="482" path="1" offsetend="197" fileid="250" />
                <BranchPoint vc="2" uspid="11286" ordinal="4" offset="208" sl="482" path="0" offsetend="210" fileid="250" />
                <BranchPoint vc="1" uspid="11287" ordinal="5" offset="208" sl="482" path="1" offsetend="332" fileid="250" />
                <BranchPoint vc="1" uspid="11288" ordinal="6" offset="550" sl="503" path="0" offsetend="552" fileid="250" />
                <BranchPoint vc="10" uspid="11289" ordinal="7" offset="550" sl="503" path="1" offsetend="558" fileid="250" />
              </BranchPoints>
              <MethodPoint xsi:type="SequencePoint" vc="14" uspid="11257" ordinal="0" offset="0" sl="461" sc="17" el="461" ec="18" bec="0" bev="0" fileid="250" />
            </Method>
          </Methods>
        </Class>
        <Class>
          <Summary numSequencePoints="0" visitedSequencePoints="0" numBranchPoints="0" visitedBranchPoints="0" sequenceCoverage="0" branchCoverage="0" maxCyclomaticComplexity="1" minCyclomaticComplexity="1" visitedClasses="0" numClasses="0" visitedMethods="0" numMethods="0" />
          <FullName>SportsWeb.Services.Cabinate.AmpLightService.AmpWebCabinet/&lt;&gt;c__DisplayClass33_0</FullName>
          <Methods>
            <Method visited="true" cyclomaticComplexity="1" nPathComplexity="0" sequenceCoverage="0" branchCoverage="0" isConstructor="true" isStatic="false" isGetter="false" isSetter="false">
              <Summary numSequencePoints="0" visitedSequencePoints="0" numBranchPoints="0" visitedBranchPoints="0" sequenceCoverage="0" branchCoverage="0" maxCyclomaticComplexity="1" minCyclomaticComplexity="1" visitedClasses="0" numClasses="0" visitedMethods="0" numMethods="0" />
              <MetadataToken>100667194</MetadataToken>
              <Name>System.Void SportsWeb.Services.Cabinate.AmpLightService.AmpWebCabinet/&lt;&gt;c__DisplayClass33_0::.ctor()</Name>
              <SequencePoints />
              <BranchPoints />
              <MethodPoint vc="3" uspid="11290" ordinal="0" offset="0" />
            </Method>
          </Methods>
        </Class>
        <Class>
          <Summary numSequencePoints="0" visitedSequencePoints="0" numBranchPoints="0" visitedBranchPoints="0" sequenceCoverage="0" branchCoverage="0" maxCyclomaticComplexity="1" minCyclomaticComplexity="1" visitedClasses="0" numClasses="0" visitedMethods="0" numMethods="0" />
          <FullName>SportsWeb.Services.Cabinate.AmpLightService.AmpWebCabinet/&lt;&gt;c__DisplayClass34_0</FullName>
          <Methods>
            <Method visited="true" cyclomaticComplexity="1" nPathComplexity="0" sequenceCoverage="0" branchCoverage="0" isConstructor="true" isStatic="false" isGetter="false" isSetter="false">
              <Summary numSequencePoints="0" visitedSequencePoints="0" numBranchPoints="0" visitedBranchPoints="0" sequenceCoverage="0" branchCoverage="0" maxCyclomaticComplexity="1" minCyclomaticComplexity="1" visitedClasses="0" numClasses="0" visitedMethods="0" numMethods="0" />
              <MetadataToken>100667195</MetadataToken>
              <Name>System.Void SportsWeb.Services.Cabinate.AmpLightService.AmpWebCabinet/&lt;&gt;c__DisplayClass34_0::.ctor()</Name>
              <SequencePoints />
              <BranchPoints />
              <MethodPoint vc="11" uspid="11291" ordinal="0" offset="0" />
            </Method>
          </Methods>
        </Class>
        <Class>
          <Summary numSequencePoints="0" visitedSequencePoints="0" numBranchPoints="0" visitedBranchPoints="0" sequenceCoverage="0" branchCoverage="0" maxCyclomaticComplexity="1" minCyclomaticComplexity="1" visitedClasses="0" numClasses="0" visitedMethods="0" numMethods="0" />
          <FullName>SportsWeb.Services.Cabinate.AmpLightService.AmpWebCabinet/&lt;&gt;c__DisplayClass34_1</FullName>
          <Methods>
            <Method visited="true" cyclomaticComplexity="1" nPathComplexity="0" sequenceCoverage="0" branchCoverage="0" isConstructor="true" isStatic="false" isGetter="false" isSetter="false">
              <Summary numSequencePoints="0" visitedSequencePoints="0" numBranchPoints="0" visitedBranchPoints="0" sequenceCoverage="0" branchCoverage="0" maxCyclomaticComplexity="1" minCyclomaticComplexity="1" visitedClasses="0" numClasses="0" visitedMethods="0" numMethods="0" />
              <MetadataToken>100667196</MetadataToken>
              <Name>System.Void SportsWeb.Services.Cabinate.AmpLightService.AmpWebCabinet/&lt;&gt;c__DisplayClass34_1::.ctor()</Name>
              <SequencePoints />
              <BranchPoints />
              <MethodPoint vc="11" uspid="11292" ordinal="0" offset="0" />
            </Method>
          </Methods>
        </Class>
        <Class>
          <Summary numSequencePoints="0" visitedSequencePoints="0" numBranchPoints="0" visitedBranchPoints="0" sequenceCoverage="0" branchCoverage="0" maxCyclomaticComplexity="1" minCyclomaticComplexity="1" visitedClasses="0" numClasses="0" visitedMethods="0" numMethods="0" />
          <FullName>SportsWeb.Services.Cabinate.AmpLightService.AmpWebCabinet/&lt;&gt;c__DisplayClass35_0</FullName>
          <Methods>
            <Method visited="true" cyclomaticComplexity="1" nPathComplexity="0" sequenceCoverage="0" branchCoverage="0" isConstructor="true" isStatic="false" isGetter="false" isSetter="false">
              <Summary numSequencePoints="0" visitedSequencePoints="0" numBranchPoints="0" visitedBranchPoints="0" sequenceCoverage="0" branchCoverage="0" maxCyclomaticComplexity="1" minCyclomaticComplexity="1" visitedClasses="0" numClasses="0" visitedMethods="0" numMethods="0" />
              <MetadataToken>100667197</MetadataToken>
              <Name>System.Void SportsWeb.Services.Cabinate.AmpLightService.AmpWebCabinet/&lt;&gt;c__DisplayClass35_0::.ctor()</Name>
              <SequencePoints />
              <BranchPoints />
              <MethodPoint vc="10" uspid="11293" ordinal="0" offset="0" />
            </Method>
          </Methods>
        </Class>
        <Class>
          <Summary numSequencePoints="0" visitedSequencePoints="0" numBranchPoints="0" visitedBranchPoints="0" sequenceCoverage="0" branchCoverage="0" maxCyclomaticComplexity="1" minCyclomaticComplexity="1" visitedClasses="0" numClasses="0" visitedMethods="0" numMethods="0" />
          <FullName>SportsWeb.Services.Cabinate.AmpLightService.AmpWebCabinet/&lt;&gt;c__DisplayClass35_1</FullName>
          <Methods>
            <Method visited="true" cyclomaticComplexity="1" nPathComplexity="0" sequenceCoverage="0" branchCoverage="0" isConstructor="true" isStatic="false" isGetter="false" isSetter="false">
              <Summary numSequencePoints="0" visitedSequencePoints="0" numBranchPoints="0" visitedBranchPoints="0" sequenceCoverage="0" branchCoverage="0" maxCyclomaticComplexity="1" minCyclomaticComplexity="1" visitedClasses="0" numClasses="0" visitedMethods="0" numMethods="0" />
              <MetadataToken>100667198</MetadataToken>
              <Name>System.Void SportsWeb.Services.Cabinate.AmpLightService.AmpWebCabinet/&lt;&gt;c__DisplayClass35_1::.ctor()</Name>
              <SequencePoints />
              <BranchPoints />
              <MethodPoint vc="9" uspid="11294" ordinal="0" offset="0" />
            </Method>
          </Methods>
        </Class>
        <Class>
          <Summary numSequencePoints="0" visitedSequencePoints="0" numBranchPoints="0" visitedBranchPoints="0" sequenceCoverage="0" branchCoverage="0" maxCyclomaticComplexity="1" minCyclomaticComplexity="1" visitedClasses="0" numClasses="0" visitedMethods="0" numMethods="0" />
          <FullName>SportsWeb.Services.Cabinate.AmpLightService.AmpWebCabinet/&lt;&gt;c__DisplayClass36_0</FullName>
          <Methods>
            <Method visited="true" cyclomaticComplexity="1" nPathComplexity="0" sequenceCoverage="0" branchCoverage="0" isConstructor="true" isStatic="false" isGetter="false" isSetter="false">
              <Summary numSequencePoints="0" visitedSequencePoints="0" numBranchPoints="0" visitedBranchPoints="0" sequenceCoverage="0" branchCoverage="0" maxCyclomaticComplexity="1" minCyclomaticComplexity="1" visitedClasses="0" numClasses="0" visitedMethods="0" numMethods="0" />
              <MetadataToken>100667199</MetadataToken>
              <Name>System.Void SportsWeb.Services.Cabinate.AmpLightService.AmpWebCabinet/&lt;&gt;c__DisplayClass36_0::.ctor()</Name>
              <SequencePoints />
              <BranchPoints />
              <MethodPoint vc="24" uspid="11295" ordinal="0" offset="0" />
            </Method>
          </Methods>
        </Class>
        <Class>
          <Summary numSequencePoints="0" visitedSequencePoints="0" numBranchPoints="0" visitedBranchPoints="0" sequenceCoverage="0" branchCoverage="0" maxCyclomaticComplexity="1" minCyclomaticComplexity="1" visitedClasses="0" numClasses="0" visitedMethods="0" numMethods="0" />
          <FullName>SportsWeb.Services.Cabinate.AmpLightService.AmpWebCabinet/&lt;&gt;c__DisplayClass37_0</FullName>
          <Methods>
            <Method visited="true" cyclomaticComplexity="1" nPathComplexity="0" sequenceCoverage="0" branchCoverage="0" isConstructor="true" isStatic="false" isGetter="false" isSetter="false">
              <Summary numSequencePoints="0" visitedSequencePoints="0" numBranchPoints="0" visitedBranchPoints="0" sequenceCoverage="0" branchCoverage="0" maxCyclomaticComplexity="1" minCyclomaticComplexity="1" visitedClasses="0" numClasses="0" visitedMethods="0" numMethods="0" />
              <MetadataToken>100667200</MetadataToken>
              <Name>System.Void SportsWeb.Services.Cabinate.AmpLightService.AmpWebCabinet/&lt;&gt;c__DisplayClass37_0::.ctor()</Name>
              <SequencePoints />
              <BranchPoints />
              <MethodPoint vc="25" uspid="11296" ordinal="0" offset="0" />
            </Method>
          </Methods>
        </Class>
        <Class>
          <Summary numSequencePoints="1" visitedSequencePoints="1" numBranchPoints="1" visitedBranchPoints="1" sequenceCoverage="100" branchCoverage="100" maxCyclomaticComplexity="1" minCyclomaticComplexity="1" visitedClasses="1" numClasses="1" visitedMethods="1" numMethods="1" />
          <FullName>SportsWeb.Services.Cabinate.AmpLightService.AmpWebCabinet/&lt;&gt;c__DisplayClass40_0</FullName>
          <Methods>
            <Method visited="true" cyclomaticComplexity="1" nPathComplexity="0" sequenceCoverage="0" branchCoverage="0" isConstructor="true" isStatic="false" isGetter="false" isSetter="false">
              <Summary numSequencePoints="0" visitedSequencePoints="0" numBranchPoints="0" visitedBranchPoints="0" sequenceCoverage="0" branchCoverage="0" maxCyclomaticComplexity="1" minCyclomaticComplexity="1" visitedClasses="0" numClasses="0" visitedMethods="0" numMethods="0" />
              <MetadataToken>100667201</MetadataToken>
              <Name>System.Void SportsWeb.Services.Cabinate.AmpLightService.AmpWebCabinet/&lt;&gt;c__DisplayClass40_0::.ctor()</Name>
              <SequencePoints />
              <BranchPoints />
              <MethodPoint vc="16" uspid="11297" ordinal="0" offset="0" />
            </Method>
            <Method visited="true" cyclomaticComplexity="1" nPathComplexity="0" sequenceCoverage="100" branchCoverage="100" isConstructor="false" isStatic="false" isGetter="false" isSetter="false">
              <Summary numSequencePoints="1" visitedSequencePoints="1" numBranchPoints="1" visitedBranchPoints="1" sequenceCoverage="100" branchCoverage="100" maxCyclomaticComplexity="1" minCyclomaticComplexity="1" visitedClasses="0" numClasses="0" visitedMethods="1" numMethods="1" />
              <MetadataToken>100667202</MetadataToken>
              <Name>System.Boolean SportsWeb.Services.Cabinate.AmpLightService.AmpWebCabinet/&lt;&gt;c__DisplayClass40_0::&lt;CreateCustomer&gt;b__0(System.Tuple`3&lt;System.String,System.String,SportsWeb.Services.Cabinate.AmpLightService.Interfaces.timezoneEnum&gt;)</Name>
              <FileRef uid="252" />
              <SequencePoints>
                <SequencePoint vc="975" uspid="11298" ordinal="0" offset="0" sl="47" sc="72" el="47" ec="102" bec="0" bev="0" fileid="252" />
              </SequencePoints>
              <BranchPoints />
              <MethodPoint xsi:type="SequencePoint" vc="975" uspid="11298" ordinal="0" offset="0" sl="47" sc="72" el="47" ec="102" bec="0" bev="0" fileid="252" />
            </Method>
          </Methods>
        </Class>
        <Class>
          <Summary numSequencePoints="0" visitedSequencePoints="0" numBranchPoints="0" visitedBranchPoints="0" sequenceCoverage="0" branchCoverage="0" maxCyclomaticComplexity="1" minCyclomaticComplexity="1" visitedClasses="0" numClasses="0" visitedMethods="0" numMethods="0" />
          <FullName>SportsWeb.Services.Cabinate.AmpLightService.AmpWebCabinet/&lt;&gt;c__DisplayClass44_0</FullName>
          <Methods>
            <Method visited="true" cyclomaticComplexity="1" nPathComplexity="0" sequenceCoverage="0" branchCoverage="0" isConstructor="true" isStatic="false" isGetter="false" isSetter="false">
              <Summary numSequencePoints="0" visitedSequencePoints="0" numBranchPoints="0" visitedBranchPoints="0" sequenceCoverage="0" branchCoverage="0" maxCyclomaticComplexity="1" minCyclomaticComplexity="1" visitedClasses="0" numClasses="0" visitedMethods="0" numMethods="0" />
              <MetadataToken>100667203</MetadataToken>
              <Name>System.Void SportsWeb.Services.Cabinate.AmpLightService.AmpWebCabinet/&lt;&gt;c__DisplayClass44_0::.ctor()</Name>
              <SequencePoints />
              <BranchPoints />
              <MethodPoint vc="392" uspid="11299" ordinal="0" offset="0" />
            </Method>
          </Methods>
        </Class>
        <Class>
          <Summary numSequencePoints="0" visitedSequencePoints="0" numBranchPoints="0" visitedBranchPoints="0" sequenceCoverage="0" branchCoverage="0" maxCyclomaticComplexity="1" minCyclomaticComplexity="1" visitedClasses="0" numClasses="0" visitedMethods="0" numMethods="0" />
          <FullName>SportsWeb.Services.Cabinate.AmpLightService.AmpWebCabinet/&lt;&gt;c__DisplayClass45_0</FullName>
          <Methods>
            <Method visited="true" cyclomaticComplexity="1" nPathComplexity="0" sequenceCoverage="0" branchCoverage="0" isConstructor="true" isStatic="false" isGetter="false" isSetter="false">
              <Summary numSequencePoints="0" visitedSequencePoints="0" numBranchPoints="0" visitedBranchPoints="0" sequenceCoverage="0" branchCoverage="0" maxCyclomaticComplexity="1" minCyclomaticComplexity="1" visitedClasses="0" numClasses="0" visitedMethods="0" numMethods="0" />
              <MetadataToken>100667204</MetadataToken>
              <Name>System.Void SportsWeb.Services.Cabinate.AmpLightService.AmpWebCabinet/&lt;&gt;c__DisplayClass45_0::.ctor()</Name>
              <SequencePoints />
              <BranchPoints />
              <MethodPoint vc="1" uspid="11300" ordinal="0" offset="0" />
            </Method>
          </Methods>
        </Class>
        <Class>
          <Summary numSequencePoints="0" visitedSequencePoints="0" numBranchPoints="0" visitedBranchPoints="0" sequenceCoverage="0" branchCoverage="0" maxCyclomaticComplexity="1" minCyclomaticComplexity="1" visitedClasses="0" numClasses="0" visitedMethods="0" numMethods="0" />
          <FullName>SportsWeb.Services.Cabinate.AmpLightService.AmpWebCabinet/&lt;&gt;c__DisplayClass46_0</FullName>
          <Methods>
            <Method visited="true" cyclomaticComplexity="1" nPathComplexity="0" sequenceCoverage="0" branchCoverage="0" isConstructor="true" isStatic="false" isGetter="false" isSetter="false">
              <Summary numSequencePoints="0" visitedSequencePoints="0" numBranchPoints="0" visitedBranchPoints="0" sequenceCoverage="0" branchCoverage="0" maxCyclomaticComplexity="1" minCyclomaticComplexity="1" visitedClasses="0" numClasses="0" visitedMethods="0" numMethods="0" />
              <MetadataToken>100667205</MetadataToken>
              <Name>System.Void SportsWeb.Services.Cabinate.AmpLightService.AmpWebCabinet/&lt;&gt;c__DisplayClass46_0::.ctor()</Name>
              <SequencePoints />
              <BranchPoints />
              <MethodPoint vc="13" uspid="11301" ordinal="0" offset="0" />
            </Method>
          </Methods>
        </Class>
        <Class>
          <Summary numSequencePoints="0" visitedSequencePoints="0" numBranchPoints="0" visitedBranchPoints="0" sequenceCoverage="0" branchCoverage="0" maxCyclomaticComplexity="1" minCyclomaticComplexity="1" visitedClasses="0" numClasses="0" visitedMethods="0" numMethods="0" />
          <FullName>SportsWeb.Services.Cabinate.AmpLightService.AmpWebCabinet/&lt;&gt;c__DisplayClass47_0</FullName>
          <Methods>
            <Method visited="true" cyclomaticComplexity="1" nPathComplexity="0" sequenceCoverage="0" branchCoverage="0" isConstructor="true" isStatic="false" isGetter="false" isSetter="false">
              <Summary numSequencePoints="0" visitedSequencePoints="0" numBranchPoints="0" visitedBranchPoints="0" sequenceCoverage="0" branchCoverage="0" maxCyclomaticComplexity="1" minCyclomaticComplexity="1" visitedClasses="0" numClasses="0" visitedMethods="0" numMethods="0" />
              <MetadataToken>100667206</MetadataToken>
              <Name>System.Void SportsWeb.Services.Cabinate.AmpLightService.AmpWebCabinet/&lt;&gt;c__DisplayClass47_0::.ctor()</Name>
              <SequencePoints />
              <BranchPoints />
              <MethodPoint vc="5" uspid="11302" ordinal="0" offset="0" />
            </Method>
          </Methods>
        </Class>
        <Class>
          <Summary numSequencePoints="0" visitedSequencePoints="0" numBranchPoints="0" visitedBranchPoints="0" sequenceCoverage="0" branchCoverage="0" maxCyclomaticComplexity="1" minCyclomaticComplexity="1" visitedClasses="0" numClasses="0" visitedMethods="0" numMethods="0" />
          <FullName>SportsWeb.Services.Cabinate.AmpLightService.AmpWebCabinet/&lt;&gt;c__DisplayClass48_0</FullName>
          <Methods>
            <Method visited="true" cyclomaticComplexity="1" nPathComplexity="0" sequenceCoverage="0" branchCoverage="0" isConstructor="true" isStatic="false" isGetter="false" isSetter="false">
              <Summary numSequencePoints="0" visitedSequencePoints="0" numBranchPoints="0" visitedBranchPoints="0" sequenceCoverage="0" branchCoverage="0" maxCyclomaticComplexity="1" minCyclomaticComplexity="1" visitedClasses="0" numClasses="0" visitedMethods="0" numMethods="0" />
              <MetadataToken>100667207</MetadataToken>
              <Name>System.Void SportsWeb.Services.Cabinate.AmpLightService.AmpWebCabinet/&lt;&gt;c__DisplayClass48_0::.ctor()</Name>
              <SequencePoints />
              <BranchPoints />
              <MethodPoint vc="9" uspid="11303" ordinal="0" offset="0" />
            </Method>
          </Methods>
        </Class>
        <Class>
          <Summary numSequencePoints="0" visitedSequencePoints="0" numBranchPoints="0" visitedBranchPoints="0" sequenceCoverage="0" branchCoverage="0" maxCyclomaticComplexity="1" minCyclomaticComplexity="1" visitedClasses="0" numClasses="0" visitedMethods="0" numMethods="0" />
          <FullName>SportsWeb.Services.Cabinate.AmpLightService.AmpWebCabinet/&lt;&gt;c__DisplayClass49_0</FullName>
          <Methods>
            <Method visited="true" cyclomaticComplexity="1" nPathComplexity="0" sequenceCoverage="0" branchCoverage="0" isConstructor="true" isStatic="false" isGetter="false" isSetter="false">
              <Summary numSequencePoints="0" visitedSequencePoints="0" numBranchPoints="0" visitedBranchPoints="0" sequenceCoverage="0" branchCoverage="0" maxCyclomaticComplexity="1" minCyclomaticComplexity="1" visitedClasses="0" numClasses="0" visitedMethods="0" numMethods="0" />
              <MetadataToken>100667208</MetadataToken>
              <Name>System.Void SportsWeb.Services.Cabinate.AmpLightService.AmpWebCabinet/&lt;&gt;c__DisplayClass49_0::.ctor()</Name>
              <SequencePoints />
              <BranchPoints />
              <MethodPoint vc="9" uspid="11304" ordinal="0" offset="0" />
            </Method>
          </Methods>
        </Class>
        <Class>
          <Summary numSequencePoints="1" visitedSequencePoints="1" numBranchPoints="3" visitedBranchPoints="2" sequenceCoverage="100" branchCoverage="66.67" maxCyclomaticComplexity="2" minCyclomaticComplexity="1" visitedClasses="1" numClasses="1" visitedMethods="1" numMethods="1" />
          <FullName>SportsWeb.Services.Cabinate.AmpLightService.AmpWebCabinet/&lt;&gt;c__DisplayClass50_0</FullName>
          <Methods>
            <Method visited="true" cyclomaticComplexity="1" nPathComplexity="0" sequenceCoverage="0" branchCoverage="0" isConstructor="true" isStatic="false" isGetter="false" isSetter="false">
              <Summary numSequencePoints="0" visitedSequencePoints="0" numBranchPoints="0" visitedBranchPoints="0" sequenceCoverage="0" branchCoverage="0" maxCyclomaticComplexity="1" minCyclomaticComplexity="1" visitedClasses="0" numClasses="0" visitedMethods="0" numMethods="0" />
              <MetadataToken>100667209</MetadataToken>
              <Name>System.Void SportsWeb.Services.Cabinate.AmpLightService.AmpWebCabinet/&lt;&gt;c__DisplayClass50_0::.ctor()</Name>
              <SequencePoints />
              <BranchPoints />
              <MethodPoint vc="9" uspid="11305" ordinal="0" offset="0" />
            </Method>
            <Method visited="true" cyclomaticComplexity="2" nPathComplexity="2" sequenceCoverage="100" branchCoverage="66.67" isConstructor="false" isStatic="false" isGetter="false" isSetter="false">
              <Summary numSequencePoints="1" visitedSequencePoints="1" numBranchPoints="3" visitedBranchPoints="2" sequenceCoverage="100" branchCoverage="66.67" maxCyclomaticComplexity="2" minCyclomaticComplexity="2" visitedClasses="0" numClasses="0" visitedMethods="1" numMethods="1" />
              <MetadataToken>100667210</MetadataToken>
              <Name>SportsWeb.Services.Cabinate.AmpLightService.Interfaces.sceneSetting SportsWeb.Services.Cabinate.AmpLightService.AmpWebCabinet/&lt;&gt;c__DisplayClass50_0::&lt;GetSceneSettingsForCircuit&gt;b__0(SportsWeb.Entities.SceneSetting)</Name>
              <FileRef uid="252" />
              <SequencePoints>
                <SequencePoint vc="36" uspid="11306" ordinal="0" offset="0" sl="620" sc="30" el="626" ec="18" bec="2" bev="1" fileid="252" />
              </SequencePoints>
              <BranchPoints>
                <BranchPoint vc="36" uspid="11307" ordinal="0" offset="12" sl="620" path="0" offsetend="14" fileid="252" />
                <BranchPoint vc="0" uspid="11308" ordinal="1" offset="12" sl="620" path="1" offsetend="22" fileid="252" />
              </BranchPoints>
              <MethodPoint xsi:type="SequencePoint" vc="36" uspid="11306" ordinal="0" offset="0" sl="620" sc="30" el="626" ec="18" bec="2" bev="1" fileid="252" />
            </Method>
          </Methods>
        </Class>
        <Class>
          <Summary numSequencePoints="0" visitedSequencePoints="0" numBranchPoints="0" visitedBranchPoints="0" sequenceCoverage="0" branchCoverage="0" maxCyclomaticComplexity="1" minCyclomaticComplexity="1" visitedClasses="0" numClasses="0" visitedMethods="0" numMethods="0" />
          <FullName>SportsWeb.Services.Cabinate.AmpLightService.AmpWebCabinet/&lt;&gt;c__DisplayClass51_0</FullName>
          <Methods>
            <Method visited="false" cyclomaticComplexity="1" nPathComplexity="0" sequenceCoverage="0" branchCoverage="0" isConstructor="true" isStatic="false" isGetter="false" isSetter="false">
              <Summary numSequencePoints="0" visitedSequencePoints="0" numBranchPoints="0" visitedBranchPoints="0" sequenceCoverage="0" branchCoverage="0" maxCyclomaticComplexity="1" minCyclomaticComplexity="1" visitedClasses="0" numClasses="0" visitedMethods="0" numMethods="0" />
              <MetadataToken>100667211</MetadataToken>
              <Name>System.Void SportsWeb.Services.Cabinate.AmpLightService.AmpWebCabinet/&lt;&gt;c__DisplayClass51_0::.ctor()</Name>
              <SequencePoints />
              <BranchPoints />
              <MethodPoint vc="0" uspid="11309" ordinal="0" offset="0" />
            </Method>
          </Methods>
        </Class>
        <Class>
          <Summary numSequencePoints="0" visitedSequencePoints="0" numBranchPoints="0" visitedBranchPoints="0" sequenceCoverage="0" branchCoverage="0" maxCyclomaticComplexity="1" minCyclomaticComplexity="1" visitedClasses="0" numClasses="0" visitedMethods="0" numMethods="0" />
          <FullName>SportsWeb.Services.Cabinate.AmpLightService.AmpWebCabinet/&lt;&gt;c__DisplayClass52_0</FullName>
          <Methods>
            <Method visited="true" cyclomaticComplexity="1" nPathComplexity="0" sequenceCoverage="0" branchCoverage="0" isConstructor="true" isStatic="false" isGetter="false" isSetter="false">
              <Summary numSequencePoints="0" visitedSequencePoints="0" numBranchPoints="0" visitedBranchPoints="0" sequenceCoverage="0" branchCoverage="0" maxCyclomaticComplexity="1" minCyclomaticComplexity="1" visitedClasses="0" numClasses="0" visitedMethods="0" numMethods="0" />
              <MetadataToken>100667212</MetadataToken>
              <Name>System.Void SportsWeb.Services.Cabinate.AmpLightService.AmpWebCabinet/&lt;&gt;c__DisplayClass52_0::.ctor()</Name>
              <SequencePoints />
              <BranchPoints />
              <MethodPoint vc="13" uspid="11310" ordinal="0" offset="0" />
            </Method>
          </Methods>
        </Class>
        <Class>
          <Summary numSequencePoints="38" visitedSequencePoints="25" numBranchPoints="10" visitedBranchPoints="7" sequenceCoverage="65.79" branchCoverage="70" maxCyclomaticComplexity="4" minCyclomaticComplexity="1" visitedClasses="1" numClasses="1" visitedMethods="4" numMethods="4" />
          <FullName>SportsWeb.Services.Cabinate.AmpLightService.AmpWebClientResolver</FullName>
          <Methods>
            <Method visited="true" cyclomaticComplexity="4" nPathComplexity="4" sequenceCoverage="75" branchCoverage="60" isConstructor="false" isStatic="false" isGetter="false" isSetter="false">
              <Summary numSequencePoints="16" visitedSequencePoints="12" numBranchPoints="5" visitedBranchPoints="3" sequenceCoverage="75" branchCoverage="60" maxCyclomaticComplexity="4" minCyclomaticComplexity="4" visitedClasses="0" numClasses="0" visitedMethods="1" numMethods="1" />
              <MetadataToken>100664871</MetadataToken>
              <Name>SportsWeb.Services.Cabinate.AmpLightService.IAmplightWebServiceClient SportsWeb.Services.Cabinate.AmpLightService.AmpWebClientResolver::CreateAmplightCustomerClient(System.String,System.String)</Name>
              <FileRef uid="270" />
              <SequencePoints>
                <SequencePoint vc="3" uspid="11311" ordinal="0" offset="0" sl="101" sc="9" el="101" ec="10" bec="0" bev="0" fileid="270" />
                <SequencePoint vc="3" uspid="11312" ordinal="1" offset="1" sl="103" sc="13" el="103" ec="14" bec="0" bev="0" fileid="270" />
                <SequencePoint vc="3" uspid="11313" ordinal="2" offset="2" sl="106" sc="17" el="106" ec="100" bec="0" bev="0" fileid="270" />
                <SequencePoint vc="3" uspid="11314" ordinal="3" offset="18" sl="108" sc="17" el="108" ec="64" bec="0" bev="0" fileid="270" />
                <SequencePoint vc="3" uspid="11315" ordinal="4" offset="30" sl="111" sc="17" el="111" ec="49" bec="0" bev="0" fileid="270" />
                <SequencePoint vc="3" uspid="11316" ordinal="5" offset="38" sl="113" sc="17" el="113" ec="55" bec="4" bev="2" fileid="270" />
                <SequencePoint vc="3" uspid="11317" ordinal="6" offset="57" sl="114" sc="17" el="114" ec="18" bec="0" bev="0" fileid="270" />
                <SequencePoint vc="3" uspid="11318" ordinal="7" offset="58" sl="115" sc="21" el="115" ec="71" bec="0" bev="0" fileid="270" />
                <SequencePoint vc="3" uspid="11319" ordinal="8" offset="76" sl="116" sc="21" el="116" ec="75" bec="0" bev="0" fileid="270" />
                <SequencePoint vc="3" uspid="11320" ordinal="9" offset="94" sl="117" sc="17" el="117" ec="18" bec="0" bev="0" fileid="270" />
                <SequencePoint vc="3" uspid="11321" ordinal="10" offset="95" sl="119" sc="17" el="119" ec="31" bec="0" bev="0" fileid="270" />
                <SequencePoint vc="0" uspid="11322" ordinal="11" offset="100" sl="121" sc="13" el="121" ec="33" bec="0" bev="0" fileid="270" />
                <SequencePoint vc="0" uspid="11323" ordinal="12" offset="102" sl="122" sc="13" el="122" ec="14" bec="0" bev="0" fileid="270" />
                <SequencePoint vc="0" uspid="11324" ordinal="13" offset="103" sl="123" sc="17" el="123" ec="116" bec="0" bev="0" fileid="270" />
                <SequencePoint vc="0" uspid="11325" ordinal="14" offset="121" sl="124" sc="17" el="124" ec="23" bec="0" bev="0" fileid="270" />
                <SequencePoint vc="3" uspid="11326" ordinal="15" offset="123" sl="126" sc="9" el="126" ec="10" bec="0" bev="0" fileid="270" />
              </SequencePoints>
              <BranchPoints>
                <BranchPoint vc="0" uspid="11327" ordinal="0" offset="39" sl="113" path="0" offsetend="41" fileid="270" />
                <BranchPoint vc="3" uspid="11328" ordinal="1" offset="39" sl="113" path="1" offsetend="44" fileid="270" />
                <BranchPoint vc="3" uspid="11329" ordinal="2" offset="55" sl="113" path="0" offsetend="57" fileid="270" />
                <BranchPoint vc="0" uspid="11330" ordinal="3" offset="55" sl="113" path="1" offsetend="95" fileid="270" />
              </BranchPoints>
              <MethodPoint xsi:type="SequencePoint" vc="3" uspid="11311" ordinal="0" offset="0" sl="101" sc="9" el="101" ec="10" bec="0" bev="0" fileid="270" />
            </Method>
            <Method visited="true" cyclomaticComplexity="2" nPathComplexity="2" sequenceCoverage="58.33" branchCoverage="66.67" isConstructor="false" isStatic="false" isGetter="false" isSetter="false">
              <Summary numSequencePoints="12" visitedSequencePoints="7" numBranchPoints="3" visitedBranchPoints="2" sequenceCoverage="58.33" branchCoverage="66.67" maxCyclomaticComplexity="2" minCyclomaticComplexity="2" visitedClasses="0" numClasses="0" visitedMethods="1" numMethods="1" />
              <MetadataToken>100664872</MetadataToken>
              <Name>SportsWeb.Services.Cabinate.AmpLightService.Interfaces.PerfectPlayWebServiceClient SportsWeb.Services.Cabinate.AmpLightService.AmpWebClientResolver::GetClient(System.Uri)</Name>
              <FileRef uid="270" />
              <SequencePoints>
                <SequencePoint vc="4" uspid="11331" ordinal="0" offset="0" sl="129" sc="9" el="129" ec="10" bec="0" bev="0" fileid="270" />
                <SequencePoint vc="4" uspid="11332" ordinal="1" offset="1" sl="131" sc="13" el="131" ec="36" bec="0" bev="0" fileid="270" />
                <SequencePoint vc="4" uspid="11333" ordinal="2" offset="3" sl="132" sc="13" el="132" ec="50" bec="0" bev="0" fileid="270" />
                <SequencePoint vc="4" uspid="11334" ordinal="3" offset="9" sl="133" sc="13" el="133" ec="54" bec="2" bev="1" fileid="270" />
                <SequencePoint vc="0" uspid="11335" ordinal="4" offset="29" sl="134" sc="13" el="134" ec="14" bec="0" bev="0" fileid="270" />
                <SequencePoint vc="0" uspid="11336" ordinal="5" offset="30" sl="135" sc="17" el="135" ec="77" bec="0" bev="0" fileid="270" />
                <SequencePoint vc="0" uspid="11337" ordinal="6" offset="41" sl="136" sc="17" el="136" ec="103" bec="0" bev="0" fileid="270" />
                <SequencePoint vc="0" uspid="11338" ordinal="7" offset="61" sl="137" sc="17" el="137" ec="132" bec="0" bev="0" fileid="270" />
                <SequencePoint vc="0" uspid="11339" ordinal="8" offset="86" sl="139" sc="13" el="139" ec="14" bec="0" bev="0" fileid="270" />
                <SequencePoint vc="4" uspid="11340" ordinal="9" offset="87" sl="142" sc="13" el="142" ec="98" bec="0" bev="0" fileid="270" />
                <SequencePoint vc="4" uspid="11341" ordinal="10" offset="105" sl="144" sc="13" el="144" ec="27" bec="0" bev="0" fileid="270" />
                <SequencePoint vc="4" uspid="11342" ordinal="11" offset="110" sl="145" sc="9" el="145" ec="10" bec="0" bev="0" fileid="270" />
              </SequencePoints>
              <BranchPoints>
                <BranchPoint vc="0" uspid="11343" ordinal="0" offset="27" sl="133" path="0" offsetend="29" fileid="270" />
                <BranchPoint vc="4" uspid="11344" ordinal="1" offset="27" sl="133" path="1" offsetend="87" fileid="270" />
              </BranchPoints>
              <MethodPoint xsi:type="SequencePoint" vc="4" uspid="11331" ordinal="0" offset="0" sl="129" sc="9" el="129" ec="10" bec="0" bev="0" fileid="270" />
            </Method>
            <Method visited="true" cyclomaticComplexity="1" nPathComplexity="0" sequenceCoverage="55.56" branchCoverage="100" isConstructor="false" isStatic="false" isGetter="false" isSetter="false">
              <Summary numSequencePoints="9" visitedSequencePoints="5" numBranchPoints="1" visitedBranchPoints="1" sequenceCoverage="55.56" branchCoverage="100" maxCyclomaticComplexity="1" minCyclomaticComplexity="1" visitedClasses="0" numClasses="0" visitedMethods="1" numMethods="1" />
              <MetadataToken>100664873</MetadataToken>
              <Name>SportsWeb.Services.Cabinate.AmpLightService.IAmplightWebServiceClient SportsWeb.Services.Cabinate.AmpLightService.AmpWebClientResolver::CreateAmplightSuperUserClient()</Name>
              <FileRef uid="270" />
              <SequencePoints>
                <SequencePoint vc="2" uspid="11345" ordinal="0" offset="0" sl="149" sc="9" el="149" ec="10" bec="0" bev="0" fileid="270" />
                <SequencePoint vc="2" uspid="11346" ordinal="1" offset="1" sl="151" sc="13" el="151" ec="14" bec="0" bev="0" fileid="270" />
                <SequencePoint vc="2" uspid="11347" ordinal="2" offset="2" sl="152" sc="17" el="152" ec="93" bec="0" bev="0" fileid="270" />
                <SequencePoint vc="2" uspid="11348" ordinal="3" offset="18" sl="153" sc="17" el="153" ec="139" bec="0" bev="0" fileid="270" />
                <SequencePoint vc="0" uspid="11349" ordinal="4" offset="39" sl="155" sc="13" el="155" ec="33" bec="0" bev="0" fileid="270" />
                <SequencePoint vc="0" uspid="11350" ordinal="5" offset="40" sl="156" sc="13" el="156" ec="14" bec="0" bev="0" fileid="270" />
                <SequencePoint vc="0" uspid="11351" ordinal="6" offset="41" sl="157" sc="17" el="157" ec="118" bec="0" bev="0" fileid="270" />
                <SequencePoint vc="0" uspid="11352" ordinal="7" offset="58" sl="158" sc="17" el="158" ec="23" bec="0" bev="0" fileid="270" />
                <SequencePoint vc="2" uspid="11353" ordinal="8" offset="60" sl="161" sc="9" el="161" ec="10" bec="0" bev="0" fileid="270" />
              </SequencePoints>
              <BranchPoints />
              <MethodPoint xsi:type="SequencePoint" vc="2" uspid="11345" ordinal="0" offset="0" sl="149" sc="9" el="149" ec="10" bec="0" bev="0" fileid="270" />
            </Method>
            <Method visited="true" cyclomaticComplexity="1" nPathComplexity="0" sequenceCoverage="0" branchCoverage="0" isConstructor="true" isStatic="false" isGetter="false" isSetter="false">
              <Summary numSequencePoints="0" visitedSequencePoints="0" numBranchPoints="0" visitedBranchPoints="0" sequenceCoverage="0" branchCoverage="0" maxCyclomaticComplexity="1" minCyclomaticComplexity="1" visitedClasses="0" numClasses="0" visitedMethods="0" numMethods="0" />
              <MetadataToken>100664874</MetadataToken>
              <Name>System.Void SportsWeb.Services.Cabinate.AmpLightService.AmpWebClientResolver::.ctor()</Name>
              <SequencePoints />
              <BranchPoints />
              <MethodPoint vc="5" uspid="11354" ordinal="0" offset="0" />
            </Method>
            <Method visited="true" cyclomaticComplexity="1" nPathComplexity="0" sequenceCoverage="100" branchCoverage="100" isConstructor="true" isStatic="true" isGetter="false" isSetter="false">
              <Summary numSequencePoints="1" visitedSequencePoints="1" numBranchPoints="1" visitedBranchPoints="1" sequenceCoverage="100" branchCoverage="100" maxCyclomaticComplexity="1" minCyclomaticComplexity="1" visitedClasses="0" numClasses="0" visitedMethods="1" numMethods="1" />
              <MetadataToken>100664875</MetadataToken>
              <Name>System.Void SportsWeb.Services.Cabinate.AmpLightService.AmpWebClientResolver::.cctor()</Name>
              <FileRef uid="270" />
              <SequencePoints>
                <SequencePoint vc="1" uspid="11355" ordinal="0" offset="0" sl="98" sc="9" el="98" ec="98" bec="0" bev="0" fileid="270" />
              </SequencePoints>
              <BranchPoints />
              <MethodPoint xsi:type="SequencePoint" vc="1" uspid="11355" ordinal="0" offset="0" sl="98" sc="9" el="98" ec="98" bec="0" bev="0" fileid="270" />
            </Method>
          </Methods>
        </Class>
        <Class>
          <Summary numSequencePoints="13" visitedSequencePoints="13" numBranchPoints="3" visitedBranchPoints="3" sequenceCoverage="100" branchCoverage="100" maxCyclomaticComplexity="1" minCyclomaticComplexity="1" visitedClasses="1" numClasses="1" visitedMethods="3" numMethods="3" />
          <FullName>SportsWeb.Services.Cabinate.AmpLightService.AmpProxyResolver</FullName>
          <Methods>
            <Method visited="true" cyclomaticComplexity="1" nPathComplexity="0" sequenceCoverage="100" branchCoverage="100" isConstructor="false" isStatic="false" isGetter="false" isSetter="false">
              <Summary numSequencePoints="4" visitedSequencePoints="4" numBranchPoints="1" visitedBranchPoints="1" sequenceCoverage="100" branchCoverage="100" maxCyclomaticComplexity="1" minCyclomaticComplexity="1" visitedClasses="0" numClasses="0" visitedMethods="1" numMethods="1" />
              <MetadataToken>100664876</MetadataToken>
              <Name>SportsWeb.Services.Cabinate.AmpLightService.IAmplightWebServiceClient SportsWeb.Services.Cabinate.AmpLightService.AmpProxyResolver::CreateAmplightCustomerClient(System.String,System.String)</Name>
              <FileRef uid="270" />
              <SequencePoints>
                <SequencePoint vc="1" uspid="11356" ordinal="0" offset="0" sl="169" sc="9" el="169" ec="10" bec="0" bev="0" fileid="270" />
                <SequencePoint vc="1" uspid="11357" ordinal="1" offset="1" sl="170" sc="13" el="170" ec="76" bec="0" bev="0" fileid="270" />
                <SequencePoint vc="1" uspid="11358" ordinal="2" offset="10" sl="171" sc="13" el="171" ec="46" bec="0" bev="0" fileid="270" />
                <SequencePoint vc="1" uspid="11359" ordinal="3" offset="20" sl="172" sc="9" el="172" ec="10" bec="0" bev="0" fileid="270" />
              </SequencePoints>
              <BranchPoints />
              <MethodPoint xsi:type="SequencePoint" vc="1" uspid="11356" ordinal="0" offset="0" sl="169" sc="9" el="169" ec="10" bec="0" bev="0" fileid="270" />
            </Method>
            <Method visited="true" cyclomaticComplexity="1" nPathComplexity="0" sequenceCoverage="100" branchCoverage="100" isConstructor="false" isStatic="false" isGetter="false" isSetter="false">
              <Summary numSequencePoints="4" visitedSequencePoints="4" numBranchPoints="1" visitedBranchPoints="1" sequenceCoverage="100" branchCoverage="100" maxCyclomaticComplexity="1" minCyclomaticComplexity="1" visitedClasses="0" numClasses="0" visitedMethods="1" numMethods="1" />
              <MetadataToken>100664877</MetadataToken>
              <Name>SportsWeb.Services.Cabinate.AmpLightService.IAmplightWebServiceClient SportsWeb.Services.Cabinate.AmpLightService.AmpProxyResolver::CreateAmplightSuperUserClient()</Name>
              <FileRef uid="270" />
              <SequencePoints>
                <SequencePoint vc="1" uspid="11360" ordinal="0" offset="0" sl="175" sc="9" el="175" ec="10" bec="0" bev="0" fileid="270" />
                <SequencePoint vc="1" uspid="11361" ordinal="1" offset="1" sl="176" sc="13" el="176" ec="63" bec="0" bev="0" fileid="270" />
                <SequencePoint vc="1" uspid="11362" ordinal="2" offset="8" sl="177" sc="13" el="177" ec="46" bec="0" bev="0" fileid="270" />
                <SequencePoint vc="1" uspid="11363" ordinal="3" offset="18" sl="178" sc="9" el="178" ec="10" bec="0" bev="0" fileid="270" />
              </SequencePoints>
              <BranchPoints />
              <MethodPoint xsi:type="SequencePoint" vc="1" uspid="11360" ordinal="0" offset="0" sl="175" sc="9" el="175" ec="10" bec="0" bev="0" fileid="270" />
            </Method>
            <Method visited="true" cyclomaticComplexity="1" nPathComplexity="0" sequenceCoverage="100" branchCoverage="100" isConstructor="false" isStatic="false" isGetter="false" isSetter="false">
              <Summary numSequencePoints="5" visitedSequencePoints="5" numBranchPoints="1" visitedBranchPoints="1" sequenceCoverage="100" branchCoverage="100" maxCyclomaticComplexity="1" minCyclomaticComplexity="1" visitedClasses="0" numClasses="0" visitedMethods="1" numMethods="1" />
              <MetadataToken>100664878</MetadataToken>
              <Name>SportsWeb.Services.Cabinate.AmpLightService.IAmplightWebServiceClient SportsWeb.Services.Cabinate.AmpLightService.AmpProxyResolver::CreateProxyClient(SportsWeb.Services.Cabinate.AmpLightService.IAmplightWebServiceClient)</Name>
              <FileRef uid="270" />
              <SequencePoints>
                <SequencePoint vc="2" uspid="11364" ordinal="0" offset="0" sl="181" sc="9" el="181" ec="10" bec="0" bev="0" fileid="270" />
                <SequencePoint vc="2" uspid="11365" ordinal="1" offset="1" sl="182" sc="13" el="182" ec="61" bec="0" bev="0" fileid="270" />
                <SequencePoint vc="2" uspid="11366" ordinal="2" offset="7" sl="183" sc="13" el="184" ec="94" bec="0" bev="0" fileid="270" />
                <SequencePoint vc="2" uspid="11367" ordinal="3" offset="44" sl="185" sc="13" el="185" ec="32" bec="0" bev="0" fileid="270" />
                <SequencePoint vc="2" uspid="11368" ordinal="4" offset="48" sl="186" sc="9" el="186" ec="10" bec="0" bev="0" fileid="270" />
              </SequencePoints>
              <BranchPoints />
              <MethodPoint xsi:type="SequencePoint" vc="2" uspid="11364" ordinal="0" offset="0" sl="181" sc="9" el="181" ec="10" bec="0" bev="0" fileid="270" />
            </Method>
            <Method visited="true" cyclomaticComplexity="1" nPathComplexity="0" sequenceCoverage="0" branchCoverage="0" isConstructor="true" isStatic="false" isGetter="false" isSetter="false">
              <Summary numSequencePoints="0" visitedSequencePoints="0" numBranchPoints="0" visitedBranchPoints="0" sequenceCoverage="0" branchCoverage="0" maxCyclomaticComplexity="1" minCyclomaticComplexity="1" visitedClasses="0" numClasses="0" visitedMethods="0" numMethods="0" />
              <MetadataToken>100664879</MetadataToken>
              <Name>System.Void SportsWeb.Services.Cabinate.AmpLightService.AmpProxyResolver::.ctor()</Name>
              <SequencePoints />
              <BranchPoints />
              <MethodPoint vc="1" uspid="11369" ordinal="0" offset="0" />
            </Method>
          </Methods>
        </Class>
        <Class>
          <Summary numSequencePoints="9" visitedSequencePoints="9" numBranchPoints="3" visitedBranchPoints="3" sequenceCoverage="100" branchCoverage="100" maxCyclomaticComplexity="3" minCyclomaticComplexity="3" visitedClasses="1" numClasses="1" visitedMethods="1" numMethods="1" />
          <FullName>SportsWeb.Services.Cabinate.AmpLightService.AmpCabinetHelper</FullName>
          <Methods>
            <Method visited="true" cyclomaticComplexity="3" nPathComplexity="2" sequenceCoverage="100" branchCoverage="100" isConstructor="false" isStatic="true" isGetter="false" isSetter="false">
              <Summary numSequencePoints="9" visitedSequencePoints="9" numBranchPoints="3" visitedBranchPoints="3" sequenceCoverage="100" branchCoverage="100" maxCyclomaticComplexity="3" minCyclomaticComplexity="3" visitedClasses="0" numClasses="0" visitedMethods="1" numMethods="1" />
              <MetadataToken>100664880</MetadataToken>
              <Name>System.String SportsWeb.Services.Cabinate.AmpLightService.AmpCabinetHelper::GetErrorInfo(System.String,System.Int32,System.Collections.Generic.Dictionary`2&lt;System.String,System.String&gt;)</Name>
              <FileRef uid="272" />
              <SequencePoints>
                <SequencePoint vc="320" uspid="11370" ordinal="0" offset="0" sl="12" sc="9" el="12" ec="10" bec="0" bev="0" fileid="272" />
                <SequencePoint vc="320" uspid="11371" ordinal="1" offset="1" sl="14" sc="13" el="14" ec="56" bec="0" bev="0" fileid="272" />
                <SequencePoint vc="320" uspid="11372" ordinal="2" offset="7" sl="15" sc="13" el="17" ec="29" bec="0" bev="0" fileid="272" />
                <SequencePoint vc="320" uspid="11373" ordinal="3" offset="20" sl="19" sc="13" el="19" ec="42" bec="2" bev="2" fileid="272" />
                <SequencePoint vc="281" uspid="11374" ordinal="4" offset="34" sl="20" sc="13" el="20" ec="14" bec="0" bev="0" fileid="272" />
                <SequencePoint vc="281" uspid="11375" ordinal="5" offset="35" sl="21" sc="17" el="22" ec="113" bec="0" bev="0" fileid="272" />
                <SequencePoint vc="281" uspid="11376" ordinal="6" offset="74" sl="24" sc="17" el="24" ec="32" bec="0" bev="0" fileid="272" />
                <SequencePoint vc="39" uspid="11377" ordinal="7" offset="80" sl="27" sc="13" el="27" ec="25" bec="0" bev="0" fileid="272" />
                <SequencePoint vc="320" uspid="11378" ordinal="8" offset="85" sl="28" sc="9" el="28" ec="10" bec="0" bev="0" fileid="272" />
              </SequencePoints>
              <BranchPoints>
                <BranchPoint vc="281" uspid="11381" ordinal="2" offset="32" sl="19" path="0" offsetend="34" fileid="272" />
                <BranchPoint vc="39" uspid="11382" ordinal="3" offset="32" sl="19" path="1" offsetend="80" fileid="272" />
              </BranchPoints>
              <MethodPoint xsi:type="SequencePoint" vc="320" uspid="11370" ordinal="0" offset="0" sl="12" sc="9" el="12" ec="10" bec="0" bev="0" fileid="272" />
            </Method>
          </Methods>
        </Class>
        <Class>
          <Summary numSequencePoints="12" visitedSequencePoints="12" numBranchPoints="2" visitedBranchPoints="2" sequenceCoverage="100" branchCoverage="100" maxCyclomaticComplexity="1" minCyclomaticComplexity="1" visitedClasses="1" numClasses="1" visitedMethods="2" numMethods="2" />
          <FullName>SportsWeb.Services.Cabinate.AmpLightService.Interceptors.AmpLightRequestInterceptor</FullName>
          <Methods>
            <Method visited="true" cyclomaticComplexity="1" nPathComplexity="0" sequenceCoverage="100" branchCoverage="100" isConstructor="false" isStatic="false" isGetter="false" isSetter="false">
              <Summary numSequencePoints="11" visitedSequencePoints="11" numBranchPoints="1" visitedBranchPoints="1" sequenceCoverage="100" branchCoverage="100" maxCyclomaticComplexity="1" minCyclomaticComplexity="1" visitedClasses="0" numClasses="0" visitedMethods="1" numMethods="1" />
              <MetadataToken>100664881</MetadataToken>
              <Name>System.Void SportsWeb.Services.Cabinate.AmpLightService.Interceptors.AmpLightRequestInterceptor::Intercept(Castle.DynamicProxy.IInvocation)</Name>
              <FileRef uid="273" />
              <SequencePoints>
                <SequencePoint vc="2" uspid="11383" ordinal="0" offset="0" sl="11" sc="9" el="11" ec="10" bec="0" bev="0" fileid="273" />
                <SequencePoint vc="2" uspid="11384" ordinal="1" offset="1" sl="12" sc="13" el="12" ec="49" bec="0" bev="0" fileid="273" />
                <SequencePoint vc="2" uspid="11385" ordinal="2" offset="7" sl="14" sc="13" el="14" ec="14" bec="0" bev="0" fileid="273" />
                <SequencePoint vc="2" uspid="11386" ordinal="3" offset="8" sl="15" sc="17" el="15" ec="28" bec="0" bev="0" fileid="273" />
                <SequencePoint vc="2" uspid="11387" ordinal="4" offset="15" sl="16" sc="17" el="16" ec="38" bec="0" bev="0" fileid="273" />
                <SequencePoint vc="2" uspid="11388" ordinal="5" offset="22" sl="17" sc="17" el="17" ec="27" bec="0" bev="0" fileid="273" />
                <SequencePoint vc="2" uspid="11389" ordinal="6" offset="29" sl="18" sc="13" el="18" ec="14" bec="0" bev="0" fileid="273" />
                <SequencePoint vc="2" uspid="11390" ordinal="7" offset="32" sl="20" sc="13" el="20" ec="14" bec="0" bev="0" fileid="273" />
                <SequencePoint vc="2" uspid="11391" ordinal="8" offset="33" sl="21" sc="17" el="21" ec="140" bec="0" bev="0" fileid="273" />
                <SequencePoint vc="2" uspid="11392" ordinal="9" offset="76" sl="22" sc="13" el="22" ec="14" bec="0" bev="0" fileid="273" />
                <SequencePoint vc="2" uspid="11393" ordinal="10" offset="78" sl="24" sc="9" el="24" ec="10" bec="0" bev="0" fileid="273" />
              </SequencePoints>
              <BranchPoints />
              <MethodPoint xsi:type="SequencePoint" vc="2" uspid="11383" ordinal="0" offset="0" sl="11" sc="9" el="11" ec="10" bec="0" bev="0" fileid="273" />
            </Method>
            <Method visited="true" cyclomaticComplexity="1" nPathComplexity="0" sequenceCoverage="0" branchCoverage="0" isConstructor="true" isStatic="false" isGetter="false" isSetter="false">
              <Summary numSequencePoints="0" visitedSequencePoints="0" numBranchPoints="0" visitedBranchPoints="0" sequenceCoverage="0" branchCoverage="0" maxCyclomaticComplexity="1" minCyclomaticComplexity="1" visitedClasses="0" numClasses="0" visitedMethods="0" numMethods="0" />
              <MetadataToken>100664882</MetadataToken>
              <Name>System.Void SportsWeb.Services.Cabinate.AmpLightService.Interceptors.AmpLightRequestInterceptor::.ctor()</Name>
              <SequencePoints />
              <BranchPoints />
              <MethodPoint vc="3" uspid="11394" ordinal="0" offset="0" />
            </Method>
            <Method visited="true" cyclomaticComplexity="1" nPathComplexity="0" sequenceCoverage="100" branchCoverage="100" isConstructor="true" isStatic="true" isGetter="false" isSetter="false">
              <Summary numSequencePoints="1" visitedSequencePoints="1" numBranchPoints="1" visitedBranchPoints="1" sequenceCoverage="100" branchCoverage="100" maxCyclomaticComplexity="1" minCyclomaticComplexity="1" visitedClasses="0" numClasses="0" visitedMethods="1" numMethods="1" />
              <MetadataToken>100664883</MetadataToken>
              <Name>System.Void SportsWeb.Services.Cabinate.AmpLightService.Interceptors.AmpLightRequestInterceptor::.cctor()</Name>
              <FileRef uid="273" />
              <SequencePoints>
                <SequencePoint vc="1" uspid="11395" ordinal="0" offset="0" sl="9" sc="9" el="9" ec="104" bec="0" bev="0" fileid="273" />
              </SequencePoints>
              <BranchPoints />
              <MethodPoint xsi:type="SequencePoint" vc="1" uspid="11395" ordinal="0" offset="0" sl="9" sc="9" el="9" ec="104" bec="0" bev="0" fileid="273" />
            </Method>
          </Methods>
        </Class>
        <Class>
          <Summary numSequencePoints="0" visitedSequencePoints="0" numBranchPoints="0" visitedBranchPoints="0" sequenceCoverage="0" branchCoverage="0" maxCyclomaticComplexity="1" minCyclomaticComplexity="1" visitedClasses="0" numClasses="0" visitedMethods="0" numMethods="0" />
          <FullName>SportsWeb.Services.Cabinate.AmpLightService.AmpWebApiErrorHandling.EndUserAppApiKeyConstants</FullName>
          <Methods>
            <Method visited="false" cyclomaticComplexity="1" nPathComplexity="0" sequenceCoverage="0" branchCoverage="0" isConstructor="true" isStatic="false" isGetter="false" isSetter="false">
              <Summary numSequencePoints="0" visitedSequencePoints="0" numBranchPoints="0" visitedBranchPoints="0" sequenceCoverage="0" branchCoverage="0" maxCyclomaticComplexity="1" minCyclomaticComplexity="1" visitedClasses="0" numClasses="0" visitedMethods="0" numMethods="0" />
              <MetadataToken>100664884</MetadataToken>
              <Name>System.Void SportsWeb.Services.Cabinate.AmpLightService.AmpWebApiErrorHandling.EndUserAppApiKeyConstants::.ctor()</Name>
              <SequencePoints />
              <BranchPoints />
              <MethodPoint vc="0" uspid="11396" ordinal="0" offset="0" />
            </Method>
          </Methods>
        </Class>
        <Class>
          <Summary numSequencePoints="172" visitedSequencePoints="172" numBranchPoints="44" visitedBranchPoints="44" sequenceCoverage="100" branchCoverage="100" maxCyclomaticComplexity="1" minCyclomaticComplexity="1" visitedClasses="1" numClasses="1" visitedMethods="44" numMethods="44" />
          <FullName>SportsWeb.Services.Cabinate.AmpLightService.AmpWebApiErrorHandling.ApiErrorMessageContainer</FullName>
          <Methods>
            <Method visited="true" cyclomaticComplexity="1" nPathComplexity="0" sequenceCoverage="100" branchCoverage="100" isConstructor="false" isStatic="true" isGetter="true" isSetter="false">
              <Summary numSequencePoints="1" visitedSequencePoints="1" numBranchPoints="1" visitedBranchPoints="1" sequenceCoverage="100" branchCoverage="100" maxCyclomaticComplexity="1" minCyclomaticComplexity="1" visitedClasses="0" numClasses="0" visitedMethods="1" numMethods="1" />
              <MetadataToken>100664920</MetadataToken>
              <Name>System.Collections.Generic.List`1&lt;SportsWeb.Services.Cabinate.AmpLightService.AmpWebApiErrorHandling.ApiErrorMessage&gt; SportsWeb.Services.Cabinate.AmpLightService.AmpWebApiErrorHandling.ApiErrorMessageContainer::get_ApiErrorMessages()</Name>
              <FileRef uid="281" />
              <SequencePoints>
                <SequencePoint vc="325" uspid="11397" ordinal="0" offset="0" sl="9" sc="65" el="9" ec="81" bec="0" bev="0" fileid="281" />
              </SequencePoints>
              <BranchPoints />
              <MethodPoint xsi:type="SequencePoint" vc="325" uspid="11397" ordinal="0" offset="0" sl="9" sc="65" el="9" ec="81" bec="0" bev="0" fileid="281" />
            </Method>
            <Method visited="true" cyclomaticComplexity="1" nPathComplexity="0" sequenceCoverage="100" branchCoverage="100" isConstructor="false" isStatic="true" isGetter="false" isSetter="false">
              <Summary numSequencePoints="3" visitedSequencePoints="3" numBranchPoints="1" visitedBranchPoints="1" sequenceCoverage="100" branchCoverage="100" maxCyclomaticComplexity="1" minCyclomaticComplexity="1" visitedClasses="0" numClasses="0" visitedMethods="1" numMethods="1" />
              <MetadataToken>100664885</MetadataToken>
              <Name>System.Collections.Generic.IList`1&lt;SportsWeb.Services.Cabinate.AmpLightService.AmpWebApiErrorHandling.ApiErrorMessage&gt; SportsWeb.Services.Cabinate.AmpLightService.AmpWebApiErrorHandling.ApiErrorMessageContainer::StartAutoCircuitdMessages()</Name>
              <FileRef uid="274" />
              <SequencePoints>
                <SequencePoint vc="1" uspid="11398" ordinal="0" offset="0" sl="10" sc="9" el="10" ec="10" bec="0" bev="0" fileid="274" />
                <SequencePoint vc="1" uspid="11399" ordinal="1" offset="1" sl="11" sc="13" el="37" ec="15" bec="0" bev="0" fileid="274" />
                <SequencePoint vc="1" uspid="11400" ordinal="2" offset="363" sl="38" sc="9" el="38" ec="10" bec="0" bev="0" fileid="274" />
              </SequencePoints>
              <BranchPoints />
              <MethodPoint xsi:type="SequencePoint" vc="1" uspid="11398" ordinal="0" offset="0" sl="10" sc="9" el="10" ec="10" bec="0" bev="0" fileid="274" />
            </Method>
            <Method visited="true" cyclomaticComplexity="1" nPathComplexity="0" sequenceCoverage="100" branchCoverage="100" isConstructor="false" isStatic="true" isGetter="false" isSetter="false">
              <Summary numSequencePoints="3" visitedSequencePoints="3" numBranchPoints="1" visitedBranchPoints="1" sequenceCoverage="100" branchCoverage="100" maxCyclomaticComplexity="1" minCyclomaticComplexity="1" visitedClasses="0" numClasses="0" visitedMethods="1" numMethods="1" />
              <MetadataToken>100664886</MetadataToken>
              <Name>System.Collections.Generic.IList`1&lt;SportsWeb.Services.Cabinate.AmpLightService.AmpWebApiErrorHandling.ApiErrorMessage&gt; SportsWeb.Services.Cabinate.AmpLightService.AmpWebApiErrorHandling.ApiErrorMessageContainer::GetDetectedCircuitsMessages()</Name>
              <FileRef uid="274" />
              <SequencePoints>
                <SequencePoint vc="1" uspid="11401" ordinal="0" offset="0" sl="41" sc="9" el="41" ec="10" bec="0" bev="0" fileid="274" />
                <SequencePoint vc="1" uspid="11402" ordinal="1" offset="1" sl="42" sc="13" el="65" ec="15" bec="0" bev="0" fileid="274" />
                <SequencePoint vc="1" uspid="11403" ordinal="2" offset="304" sl="66" sc="9" el="66" ec="10" bec="0" bev="0" fileid="274" />
              </SequencePoints>
              <BranchPoints />
              <MethodPoint xsi:type="SequencePoint" vc="1" uspid="11401" ordinal="0" offset="0" sl="41" sc="9" el="41" ec="10" bec="0" bev="0" fileid="274" />
            </Method>
            <Method visited="true" cyclomaticComplexity="1" nPathComplexity="0" sequenceCoverage="100" branchCoverage="100" isConstructor="false" isStatic="true" isGetter="false" isSetter="false">
              <Summary numSequencePoints="3" visitedSequencePoints="3" numBranchPoints="1" visitedBranchPoints="1" sequenceCoverage="100" branchCoverage="100" maxCyclomaticComplexity="1" minCyclomaticComplexity="1" visitedClasses="0" numClasses="0" visitedMethods="1" numMethods="1" />
              <MetadataToken>100664887</MetadataToken>
              <Name>System.Collections.Generic.IList`1&lt;SportsWeb.Services.Cabinate.AmpLightService.AmpWebApiErrorHandling.ApiErrorMessage&gt; SportsWeb.Services.Cabinate.AmpLightService.AmpWebApiErrorHandling.ApiErrorMessageContainer::GetCircuitDetectionProgressMessages()</Name>
              <FileRef uid="274" />
              <SequencePoints>
                <SequencePoint vc="1" uspid="11404" ordinal="0" offset="0" sl="69" sc="9" el="69" ec="10" bec="0" bev="0" fileid="274" />
                <SequencePoint vc="1" uspid="11405" ordinal="1" offset="1" sl="70" sc="13" el="120" ec="15" bec="0" bev="0" fileid="274" />
                <SequencePoint vc="1" uspid="11406" ordinal="2" offset="717" sl="121" sc="9" el="121" ec="10" bec="0" bev="0" fileid="274" />
              </SequencePoints>
              <BranchPoints />
              <MethodPoint xsi:type="SequencePoint" vc="1" uspid="11404" ordinal="0" offset="0" sl="69" sc="9" el="69" ec="10" bec="0" bev="0" fileid="274" />
            </Method>
            <Method visited="true" cyclomaticComplexity="1" nPathComplexity="0" sequenceCoverage="100" branchCoverage="100" isConstructor="false" isStatic="true" isGetter="false" isSetter="false">
              <Summary numSequencePoints="3" visitedSequencePoints="3" numBranchPoints="1" visitedBranchPoints="1" sequenceCoverage="100" branchCoverage="100" maxCyclomaticComplexity="1" minCyclomaticComplexity="1" visitedClasses="0" numClasses="0" visitedMethods="1" numMethods="1" />
              <MetadataToken>100664888</MetadataToken>
              <Name>System.Collections.Generic.IList`1&lt;SportsWeb.Services.Cabinate.AmpLightService.AmpWebApiErrorHandling.ApiErrorMessage&gt; SportsWeb.Services.Cabinate.AmpLightService.AmpWebApiErrorHandling.ApiErrorMessageContainer::StopAutoCircuitdMessages()</Name>
              <FileRef uid="274" />
              <SequencePoints>
                <SequencePoint vc="1" uspid="11407" ordinal="0" offset="0" sl="124" sc="9" el="124" ec="10" bec="0" bev="0" fileid="274" />
                <SequencePoint vc="1" uspid="11408" ordinal="1" offset="1" sl="125" sc="13" el="159" ec="15" bec="0" bev="0" fileid="274" />
                <SequencePoint vc="1" uspid="11409" ordinal="2" offset="481" sl="160" sc="9" el="160" ec="10" bec="0" bev="0" fileid="274" />
              </SequencePoints>
              <BranchPoints />
              <MethodPoint xsi:type="SequencePoint" vc="1" uspid="11407" ordinal="0" offset="0" sl="124" sc="9" el="124" ec="10" bec="0" bev="0" fileid="274" />
            </Method>
            <Method visited="true" cyclomaticComplexity="1" nPathComplexity="0" sequenceCoverage="100" branchCoverage="100" isConstructor="false" isStatic="true" isGetter="false" isSetter="false">
              <Summary numSequencePoints="3" visitedSequencePoints="3" numBranchPoints="1" visitedBranchPoints="1" sequenceCoverage="100" branchCoverage="100" maxCyclomaticComplexity="1" minCyclomaticComplexity="1" visitedClasses="0" numClasses="0" visitedMethods="1" numMethods="1" />
              <MetadataToken>100664889</MetadataToken>
              <Name>System.Collections.Generic.IList`1&lt;SportsWeb.Services.Cabinate.AmpLightService.AmpWebApiErrorHandling.ApiErrorMessage&gt; SportsWeb.Services.Cabinate.AmpLightService.AmpWebApiErrorHandling.ApiErrorMessageContainer::VerifyCircuitMessages()</Name>
              <FileRef uid="274" />
              <SequencePoints>
                <SequencePoint vc="1" uspid="11410" ordinal="0" offset="0" sl="163" sc="9" el="163" ec="10" bec="0" bev="0" fileid="274" />
                <SequencePoint vc="1" uspid="11411" ordinal="1" offset="1" sl="164" sc="13" el="198" ec="15" bec="0" bev="0" fileid="274" />
                <SequencePoint vc="1" uspid="11412" ordinal="2" offset="481" sl="199" sc="9" el="199" ec="10" bec="0" bev="0" fileid="274" />
              </SequencePoints>
              <BranchPoints />
              <MethodPoint xsi:type="SequencePoint" vc="1" uspid="11410" ordinal="0" offset="0" sl="163" sc="9" el="163" ec="10" bec="0" bev="0" fileid="274" />
            </Method>
            <Method visited="true" cyclomaticComplexity="1" nPathComplexity="0" sequenceCoverage="100" branchCoverage="100" isConstructor="false" isStatic="true" isGetter="false" isSetter="false">
              <Summary numSequencePoints="3" visitedSequencePoints="3" numBranchPoints="1" visitedBranchPoints="1" sequenceCoverage="100" branchCoverage="100" maxCyclomaticComplexity="1" minCyclomaticComplexity="1" visitedClasses="0" numClasses="0" visitedMethods="1" numMethods="1" />
              <MetadataToken>100664890</MetadataToken>
              <Name>System.Collections.Generic.IList`1&lt;SportsWeb.Services.Cabinate.AmpLightService.AmpWebApiErrorHandling.ApiErrorMessage&gt; SportsWeb.Services.Cabinate.AmpLightService.AmpWebApiErrorHandling.ApiErrorMessageContainer::VerifyCircuitStatusMessages()</Name>
              <FileRef uid="274" />
              <SequencePoints>
                <SequencePoint vc="1" uspid="11413" ordinal="0" offset="0" sl="202" sc="9" el="202" ec="10" bec="0" bev="0" fileid="274" />
                <SequencePoint vc="1" uspid="11414" ordinal="1" offset="1" sl="203" sc="13" el="233" ec="15" bec="0" bev="0" fileid="274" />
                <SequencePoint vc="1" uspid="11415" ordinal="2" offset="422" sl="234" sc="9" el="234" ec="10" bec="0" bev="0" fileid="274" />
              </SequencePoints>
              <BranchPoints />
              <MethodPoint xsi:type="SequencePoint" vc="1" uspid="11413" ordinal="0" offset="0" sl="202" sc="9" el="202" ec="10" bec="0" bev="0" fileid="274" />
            </Method>
            <Method visited="true" cyclomaticComplexity="1" nPathComplexity="0" sequenceCoverage="100" branchCoverage="100" isConstructor="false" isStatic="true" isGetter="false" isSetter="false">
              <Summary numSequencePoints="3" visitedSequencePoints="3" numBranchPoints="1" visitedBranchPoints="1" sequenceCoverage="100" branchCoverage="100" maxCyclomaticComplexity="1" minCyclomaticComplexity="1" visitedClasses="0" numClasses="0" visitedMethods="1" numMethods="1" />
              <MetadataToken>100664891</MetadataToken>
              <Name>System.Collections.Generic.IList`1&lt;SportsWeb.Services.Cabinate.AmpLightService.AmpWebApiErrorHandling.ApiErrorMessage&gt; SportsWeb.Services.Cabinate.AmpLightService.AmpWebApiErrorHandling.ApiErrorMessageContainer::AttachCircuitToFieldMessages()</Name>
              <FileRef uid="274" />
              <SequencePoints>
                <SequencePoint vc="1" uspid="11416" ordinal="0" offset="0" sl="237" sc="9" el="237" ec="10" bec="0" bev="0" fileid="274" />
                <SequencePoint vc="1" uspid="11417" ordinal="1" offset="1" sl="238" sc="13" el="301" ec="15" bec="0" bev="0" fileid="274" />
                <SequencePoint vc="1" uspid="11418" ordinal="2" offset="894" sl="304" sc="9" el="304" ec="10" bec="0" bev="0" fileid="274" />
              </SequencePoints>
              <BranchPoints />
              <MethodPoint xsi:type="SequencePoint" vc="1" uspid="11416" ordinal="0" offset="0" sl="237" sc="9" el="237" ec="10" bec="0" bev="0" fileid="274" />
            </Method>
            <Method visited="true" cyclomaticComplexity="1" nPathComplexity="0" sequenceCoverage="100" branchCoverage="100" isConstructor="false" isStatic="true" isGetter="false" isSetter="false">
              <Summary numSequencePoints="3" visitedSequencePoints="3" numBranchPoints="1" visitedBranchPoints="1" sequenceCoverage="100" branchCoverage="100" maxCyclomaticComplexity="1" minCyclomaticComplexity="1" visitedClasses="0" numClasses="0" visitedMethods="1" numMethods="1" />
              <MetadataToken>100664892</MetadataToken>
              <Name>System.Collections.Generic.IList`1&lt;SportsWeb.Services.Cabinate.AmpLightService.AmpWebApiErrorHandling.ApiErrorMessage&gt; SportsWeb.Services.Cabinate.AmpLightService.AmpWebApiErrorHandling.ApiErrorMessageContainer::RenameCircuitMessages()</Name>
              <FileRef uid="274" />
              <SequencePoints>
                <SequencePoint vc="1" uspid="11419" ordinal="0" offset="0" sl="307" sc="9" el="307" ec="10" bec="0" bev="0" fileid="274" />
                <SequencePoint vc="1" uspid="11420" ordinal="1" offset="1" sl="308" sc="13" el="338" ec="15" bec="0" bev="0" fileid="274" />
                <SequencePoint vc="1" uspid="11421" ordinal="2" offset="434" sl="339" sc="9" el="339" ec="10" bec="0" bev="0" fileid="274" />
              </SequencePoints>
              <BranchPoints />
              <MethodPoint xsi:type="SequencePoint" vc="1" uspid="11419" ordinal="0" offset="0" sl="307" sc="9" el="307" ec="10" bec="0" bev="0" fileid="274" />
            </Method>
            <Method visited="true" cyclomaticComplexity="1" nPathComplexity="0" sequenceCoverage="100" branchCoverage="100" isConstructor="false" isStatic="true" isGetter="false" isSetter="false">
              <Summary numSequencePoints="3" visitedSequencePoints="3" numBranchPoints="1" visitedBranchPoints="1" sequenceCoverage="100" branchCoverage="100" maxCyclomaticComplexity="1" minCyclomaticComplexity="1" visitedClasses="0" numClasses="0" visitedMethods="1" numMethods="1" />
              <MetadataToken>100664893</MetadataToken>
              <Name>System.Collections.Generic.IList`1&lt;SportsWeb.Services.Cabinate.AmpLightService.AmpWebApiErrorHandling.ApiErrorMessage&gt; SportsWeb.Services.Cabinate.AmpLightService.AmpWebApiErrorHandling.ApiErrorMessageContainer::DetachCircuitToFieldMessages()</Name>
              <FileRef uid="274" />
              <SequencePoints>
                <SequencePoint vc="1" uspid="11422" ordinal="0" offset="0" sl="342" sc="9" el="342" ec="10" bec="0" bev="0" fileid="274" />
                <SequencePoint vc="1" uspid="11423" ordinal="1" offset="1" sl="343" sc="13" el="373" ec="15" bec="0" bev="0" fileid="274" />
                <SequencePoint vc="1" uspid="11424" ordinal="2" offset="422" sl="374" sc="9" el="374" ec="10" bec="0" bev="0" fileid="274" />
              </SequencePoints>
              <BranchPoints />
              <MethodPoint xsi:type="SequencePoint" vc="1" uspid="11422" ordinal="0" offset="0" sl="342" sc="9" el="342" ec="10" bec="0" bev="0" fileid="274" />
            </Method>
            <Method visited="true" cyclomaticComplexity="1" nPathComplexity="0" sequenceCoverage="100" branchCoverage="100" isConstructor="false" isStatic="true" isGetter="false" isSetter="false">
              <Summary numSequencePoints="3" visitedSequencePoints="3" numBranchPoints="1" visitedBranchPoints="1" sequenceCoverage="100" branchCoverage="100" maxCyclomaticComplexity="1" minCyclomaticComplexity="1" visitedClasses="0" numClasses="0" visitedMethods="1" numMethods="1" />
              <MetadataToken>100664894</MetadataToken>
              <Name>System.Collections.Generic.IList`1&lt;SportsWeb.Services.Cabinate.AmpLightService.AmpWebApiErrorHandling.ApiErrorMessage&gt; SportsWeb.Services.Cabinate.AmpLightService.AmpWebApiErrorHandling.ApiErrorMessageContainer::GetAssociatedCircuitsMessages()</Name>
              <FileRef uid="274" />
              <SequencePoints>
                <SequencePoint vc="1" uspid="11425" ordinal="0" offset="0" sl="377" sc="9" el="377" ec="10" bec="0" bev="0" fileid="274" />
                <SequencePoint vc="1" uspid="11426" ordinal="1" offset="1" sl="378" sc="13" el="388" ec="15" bec="0" bev="0" fileid="274" />
                <SequencePoint vc="1" uspid="11427" ordinal="2" offset="127" sl="389" sc="9" el="389" ec="10" bec="0" bev="0" fileid="274" />
              </SequencePoints>
              <BranchPoints />
              <MethodPoint xsi:type="SequencePoint" vc="1" uspid="11425" ordinal="0" offset="0" sl="377" sc="9" el="377" ec="10" bec="0" bev="0" fileid="274" />
            </Method>
            <Method visited="true" cyclomaticComplexity="1" nPathComplexity="0" sequenceCoverage="100" branchCoverage="100" isConstructor="false" isStatic="true" isGetter="false" isSetter="false">
              <Summary numSequencePoints="3" visitedSequencePoints="3" numBranchPoints="1" visitedBranchPoints="1" sequenceCoverage="100" branchCoverage="100" maxCyclomaticComplexity="1" minCyclomaticComplexity="1" visitedClasses="0" numClasses="0" visitedMethods="1" numMethods="1" />
              <MetadataToken>100664895</MetadataToken>
              <Name>System.Collections.Generic.IList`1&lt;SportsWeb.Services.Cabinate.AmpLightService.AmpWebApiErrorHandling.ApiErrorMessage&gt; SportsWeb.Services.Cabinate.AmpLightService.AmpWebApiErrorHandling.ApiErrorMessageContainer::AddFieldErrorMessages()</Name>
              <FileRef uid="275" />
              <SequencePoints>
                <SequencePoint vc="1" uspid="11428" ordinal="0" offset="0" sl="10" sc="9" el="10" ec="10" bec="0" bev="0" fileid="275" />
                <SequencePoint vc="1" uspid="11429" ordinal="1" offset="1" sl="11" sc="13" el="28" ec="15" bec="0" bev="0" fileid="275" />
                <SequencePoint vc="1" uspid="11430" ordinal="2" offset="364" sl="29" sc="9" el="29" ec="10" bec="0" bev="0" fileid="275" />
              </SequencePoints>
              <BranchPoints />
              <MethodPoint xsi:type="SequencePoint" vc="1" uspid="11428" ordinal="0" offset="0" sl="10" sc="9" el="10" ec="10" bec="0" bev="0" fileid="275" />
            </Method>
            <Method visited="true" cyclomaticComplexity="1" nPathComplexity="0" sequenceCoverage="100" branchCoverage="100" isConstructor="false" isStatic="true" isGetter="false" isSetter="false">
              <Summary numSequencePoints="3" visitedSequencePoints="3" numBranchPoints="1" visitedBranchPoints="1" sequenceCoverage="100" branchCoverage="100" maxCyclomaticComplexity="1" minCyclomaticComplexity="1" visitedClasses="0" numClasses="0" visitedMethods="1" numMethods="1" />
              <MetadataToken>100664896</MetadataToken>
              <Name>System.Collections.Generic.IList`1&lt;SportsWeb.Services.Cabinate.AmpLightService.AmpWebApiErrorHandling.ApiErrorMessage&gt; SportsWeb.Services.Cabinate.AmpLightService.AmpWebApiErrorHandling.ApiErrorMessageContainer::DeleteFieldErrorMessages()</Name>
              <FileRef uid="275" />
              <SequencePoints>
                <SequencePoint vc="1" uspid="11431" ordinal="0" offset="0" sl="32" sc="9" el="32" ec="10" bec="0" bev="0" fileid="275" />
                <SequencePoint vc="1" uspid="11432" ordinal="1" offset="1" sl="33" sc="13" el="48" ec="19" bec="0" bev="0" fileid="275" />
                <SequencePoint vc="1" uspid="11433" ordinal="2" offset="245" sl="49" sc="9" el="49" ec="10" bec="0" bev="0" fileid="275" />
              </SequencePoints>
              <BranchPoints />
              <MethodPoint xsi:type="SequencePoint" vc="1" uspid="11431" ordinal="0" offset="0" sl="32" sc="9" el="32" ec="10" bec="0" bev="0" fileid="275" />
            </Method>
            <Method visited="true" cyclomaticComplexity="1" nPathComplexity="0" sequenceCoverage="100" branchCoverage="100" isConstructor="false" isStatic="true" isGetter="false" isSetter="false">
              <Summary numSequencePoints="3" visitedSequencePoints="3" numBranchPoints="1" visitedBranchPoints="1" sequenceCoverage="100" branchCoverage="100" maxCyclomaticComplexity="1" minCyclomaticComplexity="1" visitedClasses="0" numClasses="0" visitedMethods="1" numMethods="1" />
              <MetadataToken>100664897</MetadataToken>
              <Name>System.Collections.Generic.IList`1&lt;SportsWeb.Services.Cabinate.AmpLightService.AmpWebApiErrorHandling.ApiErrorMessage&gt; SportsWeb.Services.Cabinate.AmpLightService.AmpWebApiErrorHandling.ApiErrorMessageContainer::GetFieldMessages()</Name>
              <FileRef uid="275" />
              <SequencePoints>
                <SequencePoint vc="1" uspid="11434" ordinal="0" offset="0" sl="52" sc="9" el="52" ec="10" bec="0" bev="0" fileid="275" />
                <SequencePoint vc="1" uspid="11435" ordinal="1" offset="1" sl="53" sc="13" el="61" ec="15" bec="0" bev="0" fileid="275" />
                <SequencePoint vc="1" uspid="11436" ordinal="2" offset="127" sl="62" sc="9" el="62" ec="10" bec="0" bev="0" fileid="275" />
              </SequencePoints>
              <BranchPoints />
              <MethodPoint xsi:type="SequencePoint" vc="1" uspid="11434" ordinal="0" offset="0" sl="52" sc="9" el="52" ec="10" bec="0" bev="0" fileid="275" />
            </Method>
            <Method visited="true" cyclomaticComplexity="1" nPathComplexity="0" sequenceCoverage="100" branchCoverage="100" isConstructor="false" isStatic="true" isGetter="false" isSetter="false">
              <Summary numSequencePoints="3" visitedSequencePoints="3" numBranchPoints="1" visitedBranchPoints="1" sequenceCoverage="100" branchCoverage="100" maxCyclomaticComplexity="1" minCyclomaticComplexity="1" visitedClasses="0" numClasses="0" visitedMethods="1" numMethods="1" />
              <MetadataToken>100664898</MetadataToken>
              <Name>System.Collections.Generic.IList`1&lt;SportsWeb.Services.Cabinate.AmpLightService.AmpWebApiErrorHandling.ApiErrorMessage&gt; SportsWeb.Services.Cabinate.AmpLightService.AmpWebApiErrorHandling.ApiErrorMessageContainer::EditFieldErrorMessages()</Name>
              <FileRef uid="275" />
              <SequencePoints>
                <SequencePoint vc="1" uspid="11437" ordinal="0" offset="0" sl="65" sc="9" el="65" ec="10" bec="0" bev="0" fileid="275" />
                <SequencePoint vc="1" uspid="11438" ordinal="1" offset="1" sl="66" sc="13" el="82" ec="15" bec="0" bev="0" fileid="275" />
                <SequencePoint vc="1" uspid="11439" ordinal="2" offset="245" sl="83" sc="9" el="83" ec="10" bec="0" bev="0" fileid="275" />
              </SequencePoints>
              <BranchPoints />
              <MethodPoint xsi:type="SequencePoint" vc="1" uspid="11437" ordinal="0" offset="0" sl="65" sc="9" el="65" ec="10" bec="0" bev="0" fileid="275" />
            </Method>
            <Method visited="true" cyclomaticComplexity="1" nPathComplexity="0" sequenceCoverage="100" branchCoverage="100" isConstructor="false" isStatic="true" isGetter="false" isSetter="false">
              <Summary numSequencePoints="3" visitedSequencePoints="3" numBranchPoints="1" visitedBranchPoints="1" sequenceCoverage="100" branchCoverage="100" maxCyclomaticComplexity="1" minCyclomaticComplexity="1" visitedClasses="0" numClasses="0" visitedMethods="1" numMethods="1" />
              <MetadataToken>100664899</MetadataToken>
              <Name>System.Collections.Generic.IList`1&lt;SportsWeb.Services.Cabinate.AmpLightService.AmpWebApiErrorHandling.ApiErrorMessage&gt; SportsWeb.Services.Cabinate.AmpLightService.AmpWebApiErrorHandling.ApiErrorMessageContainer::AssociateKeypadToFieldErrorMessages()</Name>
              <FileRef uid="276" />
              <SequencePoints>
                <SequencePoint vc="1" uspid="11440" ordinal="0" offset="0" sl="10" sc="9" el="10" ec="10" bec="0" bev="0" fileid="276" />
                <SequencePoint vc="1" uspid="11441" ordinal="1" offset="1" sl="11" sc="13" el="73" ec="15" bec="0" bev="0" fileid="276" />
                <SequencePoint vc="1" uspid="11442" ordinal="2" offset="880" sl="74" sc="9" el="74" ec="10" bec="0" bev="0" fileid="276" />
              </SequencePoints>
              <BranchPoints />
              <MethodPoint xsi:type="SequencePoint" vc="1" uspid="11440" ordinal="0" offset="0" sl="10" sc="9" el="10" ec="10" bec="0" bev="0" fileid="276" />
            </Method>
            <Method visited="true" cyclomaticComplexity="1" nPathComplexity="0" sequenceCoverage="100" branchCoverage="100" isConstructor="false" isStatic="true" isGetter="false" isSetter="false">
              <Summary numSequencePoints="3" visitedSequencePoints="3" numBranchPoints="1" visitedBranchPoints="1" sequenceCoverage="100" branchCoverage="100" maxCyclomaticComplexity="1" minCyclomaticComplexity="1" visitedClasses="0" numClasses="0" visitedMethods="1" numMethods="1" />
              <MetadataToken>100664900</MetadataToken>
              <Name>System.Collections.Generic.IList`1&lt;SportsWeb.Services.Cabinate.AmpLightService.AmpWebApiErrorHandling.ApiErrorMessage&gt; SportsWeb.Services.Cabinate.AmpLightService.AmpWebApiErrorHandling.ApiErrorMessageContainer::GetDetectedKeypadsMessages()</Name>
              <FileRef uid="276" />
              <SequencePoints>
                <SequencePoint vc="1" uspid="11443" ordinal="0" offset="0" sl="79" sc="9" el="79" ec="10" bec="0" bev="0" fileid="276" />
                <SequencePoint vc="1" uspid="11444" ordinal="1" offset="1" sl="80" sc="13" el="114" ec="15" bec="0" bev="0" fileid="276" />
                <SequencePoint vc="1" uspid="11445" ordinal="2" offset="467" sl="115" sc="9" el="115" ec="10" bec="0" bev="0" fileid="276" />
              </SequencePoints>
              <BranchPoints />
              <MethodPoint xsi:type="SequencePoint" vc="1" uspid="11443" ordinal="0" offset="0" sl="79" sc="9" el="79" ec="10" bec="0" bev="0" fileid="276" />
            </Method>
            <Method visited="true" cyclomaticComplexity="1" nPathComplexity="0" sequenceCoverage="100" branchCoverage="100" isConstructor="false" isStatic="true" isGetter="false" isSetter="false">
              <Summary numSequencePoints="3" visitedSequencePoints="3" numBranchPoints="1" visitedBranchPoints="1" sequenceCoverage="100" branchCoverage="100" maxCyclomaticComplexity="1" minCyclomaticComplexity="1" visitedClasses="0" numClasses="0" visitedMethods="1" numMethods="1" />
              <MetadataToken>100664901</MetadataToken>
              <Name>System.Collections.Generic.IList`1&lt;SportsWeb.Services.Cabinate.AmpLightService.AmpWebApiErrorHandling.ApiErrorMessage&gt; SportsWeb.Services.Cabinate.AmpLightService.AmpWebApiErrorHandling.ApiErrorMessageContainer::DisassociateKeypadFromFieldErrorMessages()</Name>
              <FileRef uid="276" />
              <SequencePoints>
                <SequencePoint vc="1" uspid="11446" ordinal="0" offset="0" sl="118" sc="9" el="118" ec="10" bec="0" bev="0" fileid="276" />
                <SequencePoint vc="1" uspid="11447" ordinal="1" offset="1" sl="119" sc="13" el="168" ec="15" bec="0" bev="0" fileid="276" />
                <SequencePoint vc="1" uspid="11448" ordinal="2" offset="644" sl="169" sc="9" el="169" ec="10" bec="0" bev="0" fileid="276" />
              </SequencePoints>
              <BranchPoints />
              <MethodPoint xsi:type="SequencePoint" vc="1" uspid="11446" ordinal="0" offset="0" sl="118" sc="9" el="118" ec="10" bec="0" bev="0" fileid="276" />
            </Method>
            <Method visited="true" cyclomaticComplexity="1" nPathComplexity="0" sequenceCoverage="100" branchCoverage="100" isConstructor="false" isStatic="true" isGetter="false" isSetter="false">
              <Summary numSequencePoints="3" visitedSequencePoints="3" numBranchPoints="1" visitedBranchPoints="1" sequenceCoverage="100" branchCoverage="100" maxCyclomaticComplexity="1" minCyclomaticComplexity="1" visitedClasses="0" numClasses="0" visitedMethods="1" numMethods="1" />
              <MetadataToken>100664902</MetadataToken>
              <Name>System.Collections.Generic.IList`1&lt;SportsWeb.Services.Cabinate.AmpLightService.AmpWebApiErrorHandling.ApiErrorMessage&gt; SportsWeb.Services.Cabinate.AmpLightService.AmpWebApiErrorHandling.ApiErrorMessageContainer::AddPushButtonMessages()</Name>
              <FileRef uid="277" />
              <SequencePoints>
                <SequencePoint vc="1" uspid="11449" ordinal="0" offset="0" sl="10" sc="9" el="10" ec="10" bec="0" bev="0" fileid="277" />
                <SequencePoint vc="1" uspid="11450" ordinal="1" offset="1" sl="11" sc="13" el="57" ec="15" bec="0" bev="0" fileid="277" />
                <SequencePoint vc="1" uspid="11451" ordinal="2" offset="658" sl="58" sc="9" el="58" ec="10" bec="0" bev="0" fileid="277" />
              </SequencePoints>
              <BranchPoints />
              <MethodPoint xsi:type="SequencePoint" vc="1" uspid="11449" ordinal="0" offset="0" sl="10" sc="9" el="10" ec="10" bec="0" bev="0" fileid="277" />
            </Method>
            <Method visited="true" cyclomaticComplexity="1" nPathComplexity="0" sequenceCoverage="100" branchCoverage="100" isConstructor="false" isStatic="true" isGetter="false" isSetter="false">
              <Summary numSequencePoints="3" visitedSequencePoints="3" numBranchPoints="1" visitedBranchPoints="1" sequenceCoverage="100" branchCoverage="100" maxCyclomaticComplexity="1" minCyclomaticComplexity="1" visitedClasses="0" numClasses="0" visitedMethods="1" numMethods="1" />
              <MetadataToken>100664903</MetadataToken>
              <Name>System.Collections.Generic.IList`1&lt;SportsWeb.Services.Cabinate.AmpLightService.AmpWebApiErrorHandling.ApiErrorMessage&gt; SportsWeb.Services.Cabinate.AmpLightService.AmpWebApiErrorHandling.ApiErrorMessageContainer::AssociatePushbuttonToFieldErrorMessages()</Name>
              <FileRef uid="277" />
              <SequencePoints>
                <SequencePoint vc="1" uspid="11452" ordinal="0" offset="0" sl="61" sc="9" el="61" ec="10" bec="0" bev="0" fileid="277" />
                <SequencePoint vc="1" uspid="11453" ordinal="1" offset="1" sl="62" sc="13" el="124" ec="15" bec="0" bev="0" fileid="277" />
                <SequencePoint vc="1" uspid="11454" ordinal="2" offset="880" sl="125" sc="9" el="125" ec="10" bec="0" bev="0" fileid="277" />
              </SequencePoints>
              <BranchPoints />
              <MethodPoint xsi:type="SequencePoint" vc="1" uspid="11452" ordinal="0" offset="0" sl="61" sc="9" el="61" ec="10" bec="0" bev="0" fileid="277" />
            </Method>
            <Method visited="true" cyclomaticComplexity="1" nPathComplexity="0" sequenceCoverage="100" branchCoverage="100" isConstructor="false" isStatic="true" isGetter="false" isSetter="false">
              <Summary numSequencePoints="3" visitedSequencePoints="3" numBranchPoints="1" visitedBranchPoints="1" sequenceCoverage="100" branchCoverage="100" maxCyclomaticComplexity="1" minCyclomaticComplexity="1" visitedClasses="0" numClasses="0" visitedMethods="1" numMethods="1" />
              <MetadataToken>100664904</MetadataToken>
              <Name>System.Collections.Generic.IList`1&lt;SportsWeb.Services.Cabinate.AmpLightService.AmpWebApiErrorHandling.ApiErrorMessage&gt; SportsWeb.Services.Cabinate.AmpLightService.AmpWebApiErrorHandling.ApiErrorMessageContainer::GetAssociatedPushbuttonErrorMessages()</Name>
              <FileRef uid="277" />
              <SequencePoints>
                <SequencePoint vc="1" uspid="11455" ordinal="0" offset="0" sl="127" sc="9" el="127" ec="10" bec="0" bev="0" fileid="277" />
                <SequencePoint vc="1" uspid="11456" ordinal="1" offset="1" sl="128" sc="13" el="166" ec="15" bec="0" bev="0" fileid="277" />
                <SequencePoint vc="1" uspid="11457" ordinal="2" offset="526" sl="167" sc="9" el="167" ec="10" bec="0" bev="0" fileid="277" />
              </SequencePoints>
              <BranchPoints />
              <MethodPoint xsi:type="SequencePoint" vc="1" uspid="11455" ordinal="0" offset="0" sl="127" sc="9" el="127" ec="10" bec="0" bev="0" fileid="277" />
            </Method>
            <Method visited="true" cyclomaticComplexity="1" nPathComplexity="0" sequenceCoverage="100" branchCoverage="100" isConstructor="false" isStatic="true" isGetter="false" isSetter="false">
              <Summary numSequencePoints="3" visitedSequencePoints="3" numBranchPoints="1" visitedBranchPoints="1" sequenceCoverage="100" branchCoverage="100" maxCyclomaticComplexity="1" minCyclomaticComplexity="1" visitedClasses="0" numClasses="0" visitedMethods="1" numMethods="1" />
              <MetadataToken>100664905</MetadataToken>
              <Name>System.Collections.Generic.IList`1&lt;SportsWeb.Services.Cabinate.AmpLightService.AmpWebApiErrorHandling.ApiErrorMessage&gt; SportsWeb.Services.Cabinate.AmpLightService.AmpWebApiErrorHandling.ApiErrorMessageContainer::DisassociatePushbuttonToFieldErrorMessages()</Name>
              <FileRef uid="277" />
              <SequencePoints>
                <SequencePoint vc="1" uspid="11458" ordinal="0" offset="0" sl="169" sc="9" el="169" ec="10" bec="0" bev="0" fileid="277" />
                <SequencePoint vc="1" uspid="11459" ordinal="1" offset="1" sl="170" sc="13" el="212" ec="15" bec="0" bev="0" fileid="277" />
                <SequencePoint vc="1" uspid="11460" ordinal="2" offset="585" sl="213" sc="9" el="213" ec="10" bec="0" bev="0" fileid="277" />
              </SequencePoints>
              <BranchPoints />
              <MethodPoint xsi:type="SequencePoint" vc="1" uspid="11458" ordinal="0" offset="0" sl="169" sc="9" el="169" ec="10" bec="0" bev="0" fileid="277" />
            </Method>
            <Method visited="true" cyclomaticComplexity="1" nPathComplexity="0" sequenceCoverage="100" branchCoverage="100" isConstructor="false" isStatic="true" isGetter="false" isSetter="false">
              <Summary numSequencePoints="3" visitedSequencePoints="3" numBranchPoints="1" visitedBranchPoints="1" sequenceCoverage="100" branchCoverage="100" maxCyclomaticComplexity="1" minCyclomaticComplexity="1" visitedClasses="0" numClasses="0" visitedMethods="1" numMethods="1" />
              <MetadataToken>100664906</MetadataToken>
              <Name>System.Collections.Generic.IList`1&lt;SportsWeb.Services.Cabinate.AmpLightService.AmpWebApiErrorHandling.ApiErrorMessage&gt; SportsWeb.Services.Cabinate.AmpLightService.AmpWebApiErrorHandling.ApiErrorMessageContainer::EditPushbuttonErrorMessages()</Name>
              <FileRef uid="277" />
              <SequencePoints>
                <SequencePoint vc="1" uspid="11461" ordinal="0" offset="0" sl="216" sc="9" el="216" ec="10" bec="0" bev="0" fileid="277" />
                <SequencePoint vc="1" uspid="11462" ordinal="1" offset="1" sl="217" sc="13" el="287" ec="15" bec="0" bev="0" fileid="277" />
                <SequencePoint vc="1" uspid="11463" ordinal="2" offset="998" sl="288" sc="9" el="288" ec="10" bec="0" bev="0" fileid="277" />
              </SequencePoints>
              <BranchPoints />
              <MethodPoint xsi:type="SequencePoint" vc="1" uspid="11461" ordinal="0" offset="0" sl="216" sc="9" el="216" ec="10" bec="0" bev="0" fileid="277" />
            </Method>
            <Method visited="true" cyclomaticComplexity="1" nPathComplexity="0" sequenceCoverage="100" branchCoverage="100" isConstructor="false" isStatic="true" isGetter="false" isSetter="false">
              <Summary numSequencePoints="3" visitedSequencePoints="3" numBranchPoints="1" visitedBranchPoints="1" sequenceCoverage="100" branchCoverage="100" maxCyclomaticComplexity="1" minCyclomaticComplexity="1" visitedClasses="0" numClasses="0" visitedMethods="1" numMethods="1" />
              <MetadataToken>100664907</MetadataToken>
              <Name>System.Collections.Generic.IList`1&lt;SportsWeb.Services.Cabinate.AmpLightService.AmpWebApiErrorHandling.ApiErrorMessage&gt; SportsWeb.Services.Cabinate.AmpLightService.AmpWebApiErrorHandling.ApiErrorMessageContainer::RemovePushbuttonFromControllerErrorMessages()</Name>
              <FileRef uid="277" />
              <SequencePoints>
                <SequencePoint vc="1" uspid="11464" ordinal="0" offset="0" sl="291" sc="9" el="291" ec="10" bec="0" bev="0" fileid="277" />
                <SequencePoint vc="1" uspid="11465" ordinal="1" offset="1" sl="292" sc="13" el="334" ec="15" bec="0" bev="0" fileid="277" />
                <SequencePoint vc="1" uspid="11466" ordinal="2" offset="585" sl="335" sc="9" el="335" ec="10" bec="0" bev="0" fileid="277" />
              </SequencePoints>
              <BranchPoints />
              <MethodPoint xsi:type="SequencePoint" vc="1" uspid="11464" ordinal="0" offset="0" sl="291" sc="9" el="291" ec="10" bec="0" bev="0" fileid="277" />
            </Method>
            <Method visited="true" cyclomaticComplexity="1" nPathComplexity="0" sequenceCoverage="100" branchCoverage="100" isConstructor="false" isStatic="true" isGetter="false" isSetter="false">
              <Summary numSequencePoints="3" visitedSequencePoints="3" numBranchPoints="1" visitedBranchPoints="1" sequenceCoverage="100" branchCoverage="100" maxCyclomaticComplexity="1" minCyclomaticComplexity="1" visitedClasses="0" numClasses="0" visitedMethods="1" numMethods="1" />
              <MetadataToken>100664908</MetadataToken>
              <Name>System.Collections.Generic.IList`1&lt;SportsWeb.Services.Cabinate.AmpLightService.AmpWebApiErrorHandling.ApiErrorMessage&gt; SportsWeb.Services.Cabinate.AmpLightService.AmpWebApiErrorHandling.ApiErrorMessageContainer::EditSiteErrorMessages()</Name>
              <FileRef uid="278" />
              <SequencePoints>
                <SequencePoint vc="1" uspid="11467" ordinal="0" offset="0" sl="10" sc="9" el="10" ec="10" bec="0" bev="0" fileid="278" />
                <SequencePoint vc="1" uspid="11468" ordinal="1" offset="1" sl="11" sc="13" el="28" ec="15" bec="0" bev="0" fileid="278" />
                <SequencePoint vc="1" uspid="11469" ordinal="2" offset="328" sl="29" sc="9" el="29" ec="10" bec="0" bev="0" fileid="278" />
              </SequencePoints>
              <BranchPoints />
              <MethodPoint xsi:type="SequencePoint" vc="1" uspid="11467" ordinal="0" offset="0" sl="10" sc="9" el="10" ec="10" bec="0" bev="0" fileid="278" />
            </Method>
            <Method visited="true" cyclomaticComplexity="1" nPathComplexity="0" sequenceCoverage="100" branchCoverage="100" isConstructor="false" isStatic="true" isGetter="false" isSetter="false">
              <Summary numSequencePoints="3" visitedSequencePoints="3" numBranchPoints="1" visitedBranchPoints="1" sequenceCoverage="100" branchCoverage="100" maxCyclomaticComplexity="1" minCyclomaticComplexity="1" visitedClasses="0" numClasses="0" visitedMethods="1" numMethods="1" />
              <MetadataToken>100664909</MetadataToken>
              <Name>System.Collections.Generic.IList`1&lt;SportsWeb.Services.Cabinate.AmpLightService.AmpWebApiErrorHandling.ApiErrorMessage&gt; SportsWeb.Services.Cabinate.AmpLightService.AmpWebApiErrorHandling.ApiErrorMessageContainer::AddSiteErrorMessages()</Name>
              <FileRef uid="278" />
              <SequencePoints>
                <SequencePoint vc="1" uspid="11470" ordinal="0" offset="0" sl="32" sc="9" el="32" ec="10" bec="0" bev="0" fileid="278" />
                <SequencePoint vc="1" uspid="11471" ordinal="1" offset="1" sl="33" sc="13" el="50" ec="15" bec="0" bev="0" fileid="278" />
                <SequencePoint vc="1" uspid="11472" ordinal="2" offset="328" sl="51" sc="9" el="51" ec="10" bec="0" bev="0" fileid="278" />
              </SequencePoints>
              <BranchPoints />
              <MethodPoint xsi:type="SequencePoint" vc="1" uspid="11470" ordinal="0" offset="0" sl="32" sc="9" el="32" ec="10" bec="0" bev="0" fileid="278" />
            </Method>
            <Method visited="true" cyclomaticComplexity="1" nPathComplexity="0" sequenceCoverage="100" branchCoverage="100" isConstructor="false" isStatic="true" isGetter="false" isSetter="false">
              <Summary numSequencePoints="3" visitedSequencePoints="3" numBranchPoints="1" visitedBranchPoints="1" sequenceCoverage="100" branchCoverage="100" maxCyclomaticComplexity="1" minCyclomaticComplexity="1" visitedClasses="0" numClasses="0" visitedMethods="1" numMethods="1" />
              <MetadataToken>100664910</MetadataToken>
              <Name>System.Collections.Generic.IList`1&lt;SportsWeb.Services.Cabinate.AmpLightService.AmpWebApiErrorHandling.ApiErrorMessage&gt; SportsWeb.Services.Cabinate.AmpLightService.AmpWebApiErrorHandling.ApiErrorMessageContainer::GetSitesErrorMessages()</Name>
              <FileRef uid="278" />
              <SequencePoints>
                <SequencePoint vc="1" uspid="11473" ordinal="0" offset="0" sl="54" sc="9" el="54" ec="10" bec="0" bev="0" fileid="278" />
                <SequencePoint vc="1" uspid="11474" ordinal="1" offset="1" sl="55" sc="13" el="60" ec="15" bec="0" bev="0" fileid="278" />
                <SequencePoint vc="1" uspid="11475" ordinal="2" offset="68" sl="61" sc="9" el="61" ec="10" bec="0" bev="0" fileid="278" />
              </SequencePoints>
              <BranchPoints />
              <MethodPoint xsi:type="SequencePoint" vc="1" uspid="11473" ordinal="0" offset="0" sl="54" sc="9" el="54" ec="10" bec="0" bev="0" fileid="278" />
            </Method>
            <Method visited="true" cyclomaticComplexity="1" nPathComplexity="0" sequenceCoverage="100" branchCoverage="100" isConstructor="false" isStatic="true" isGetter="false" isSetter="false">
              <Summary numSequencePoints="3" visitedSequencePoints="3" numBranchPoints="1" visitedBranchPoints="1" sequenceCoverage="100" branchCoverage="100" maxCyclomaticComplexity="1" minCyclomaticComplexity="1" visitedClasses="0" numClasses="0" visitedMethods="1" numMethods="1" />
              <MetadataToken>100664911</MetadataToken>
              <Name>System.Collections.Generic.IList`1&lt;SportsWeb.Services.Cabinate.AmpLightService.AmpWebApiErrorHandling.ApiErrorMessage&gt; SportsWeb.Services.Cabinate.AmpLightService.AmpWebApiErrorHandling.ApiErrorMessageContainer::DeleteSiteErrorMessages()</Name>
              <FileRef uid="278" />
              <SequencePoints>
                <SequencePoint vc="1" uspid="11476" ordinal="0" offset="0" sl="64" sc="9" el="64" ec="10" bec="0" bev="0" fileid="278" />
                <SequencePoint vc="1" uspid="11477" ordinal="1" offset="1" sl="65" sc="13" el="77" ec="15" bec="0" bev="0" fileid="278" />
                <SequencePoint vc="1" uspid="11478" ordinal="2" offset="198" sl="78" sc="9" el="78" ec="10" bec="0" bev="0" fileid="278" />
              </SequencePoints>
              <BranchPoints />
              <MethodPoint xsi:type="SequencePoint" vc="1" uspid="11476" ordinal="0" offset="0" sl="64" sc="9" el="64" ec="10" bec="0" bev="0" fileid="278" />
            </Method>
            <Method visited="true" cyclomaticComplexity="1" nPathComplexity="0" sequenceCoverage="100" branchCoverage="100" isConstructor="false" isStatic="true" isGetter="false" isSetter="false">
              <Summary numSequencePoints="3" visitedSequencePoints="3" numBranchPoints="1" visitedBranchPoints="1" sequenceCoverage="100" branchCoverage="100" maxCyclomaticComplexity="1" minCyclomaticComplexity="1" visitedClasses="0" numClasses="0" visitedMethods="1" numMethods="1" />
              <MetadataToken>100664912</MetadataToken>
              <Name>System.Collections.Generic.IList`1&lt;SportsWeb.Services.Cabinate.AmpLightService.AmpWebApiErrorHandling.ApiErrorMessage&gt; SportsWeb.Services.Cabinate.AmpLightService.AmpWebApiErrorHandling.ApiErrorMessageContainer::CreateScheduleForFieldErrorMessages()</Name>
              <FileRef uid="279" />
              <SequencePoints>
                <SequencePoint vc="1" uspid="11479" ordinal="0" offset="0" sl="10" sc="9" el="10" ec="10" bec="0" bev="0" fileid="279" />
                <SequencePoint vc="1" uspid="11480" ordinal="1" offset="1" sl="11" sc="13" el="89" ec="15" bec="0" bev="0" fileid="279" />
                <SequencePoint vc="1" uspid="11481" ordinal="2" offset="1119" sl="90" sc="9" el="90" ec="10" bec="0" bev="0" fileid="279" />
              </SequencePoints>
              <BranchPoints />
              <MethodPoint xsi:type="SequencePoint" vc="1" uspid="11479" ordinal="0" offset="0" sl="10" sc="9" el="10" ec="10" bec="0" bev="0" fileid="279" />
            </Method>
            <Method visited="true" cyclomaticComplexity="1" nPathComplexity="0" sequenceCoverage="100" branchCoverage="100" isConstructor="false" isStatic="true" isGetter="false" isSetter="false">
              <Summary numSequencePoints="3" visitedSequencePoints="3" numBranchPoints="1" visitedBranchPoints="1" sequenceCoverage="100" branchCoverage="100" maxCyclomaticComplexity="1" minCyclomaticComplexity="1" visitedClasses="0" numClasses="0" visitedMethods="1" numMethods="1" />
              <MetadataToken>100664913</MetadataToken>
              <Name>System.Collections.Generic.IList`1&lt;SportsWeb.Services.Cabinate.AmpLightService.AmpWebApiErrorHandling.ApiErrorMessage&gt; SportsWeb.Services.Cabinate.AmpLightService.AmpWebApiErrorHandling.ApiErrorMessageContainer::GetScheduleForFieldErrorMessages()</Name>
              <FileRef uid="279" />
              <SequencePoints>
                <SequencePoint vc="1" uspid="11482" ordinal="0" offset="0" sl="92" sc="9" el="92" ec="10" bec="0" bev="0" fileid="279" />
                <SequencePoint vc="1" uspid="11483" ordinal="1" offset="1" sl="93" sc="13" el="115" ec="15" bec="0" bev="0" fileid="279" />
                <SequencePoint vc="1" uspid="11484" ordinal="2" offset="293" sl="116" sc="9" el="116" ec="10" bec="0" bev="0" fileid="279" />
              </SequencePoints>
              <BranchPoints />
              <MethodPoint xsi:type="SequencePoint" vc="1" uspid="11482" ordinal="0" offset="0" sl="92" sc="9" el="92" ec="10" bec="0" bev="0" fileid="279" />
            </Method>
            <Method visited="true" cyclomaticComplexity="1" nPathComplexity="0" sequenceCoverage="100" branchCoverage="100" isConstructor="false" isStatic="true" isGetter="false" isSetter="false">
              <Summary numSequencePoints="3" visitedSequencePoints="3" numBranchPoints="1" visitedBranchPoints="1" sequenceCoverage="100" branchCoverage="100" maxCyclomaticComplexity="1" minCyclomaticComplexity="1" visitedClasses="0" numClasses="0" visitedMethods="1" numMethods="1" />
              <MetadataToken>100664914</MetadataToken>
              <Name>System.Collections.Generic.IList`1&lt;SportsWeb.Services.Cabinate.AmpLightService.AmpWebApiErrorHandling.ApiErrorMessage&gt; SportsWeb.Services.Cabinate.AmpLightService.AmpWebApiErrorHandling.ApiErrorMessageContainer::RemoveScheduleFromFieldErrorMessages()</Name>
              <FileRef uid="279" />
              <SequencePoints>
                <SequencePoint vc="1" uspid="11485" ordinal="0" offset="0" sl="118" sc="9" el="118" ec="10" bec="0" bev="0" fileid="279" />
                <SequencePoint vc="1" uspid="11486" ordinal="1" offset="1" sl="119" sc="13" el="145" ec="15" bec="0" bev="0" fileid="279" />
                <SequencePoint vc="1" uspid="11487" ordinal="2" offset="352" sl="146" sc="9" el="146" ec="10" bec="0" bev="0" fileid="279" />
              </SequencePoints>
              <BranchPoints />
              <MethodPoint xsi:type="SequencePoint" vc="1" uspid="11485" ordinal="0" offset="0" sl="118" sc="9" el="118" ec="10" bec="0" bev="0" fileid="279" />
            </Method>
            <Method visited="true" cyclomaticComplexity="1" nPathComplexity="0" sequenceCoverage="100" branchCoverage="100" isConstructor="false" isStatic="true" isGetter="false" isSetter="false">
              <Summary numSequencePoints="3" visitedSequencePoints="3" numBranchPoints="1" visitedBranchPoints="1" sequenceCoverage="100" branchCoverage="100" maxCyclomaticComplexity="1" minCyclomaticComplexity="1" visitedClasses="0" numClasses="0" visitedMethods="1" numMethods="1" />
              <MetadataToken>100664915</MetadataToken>
              <Name>System.Collections.Generic.IList`1&lt;SportsWeb.Services.Cabinate.AmpLightService.AmpWebApiErrorHandling.ApiErrorMessage&gt; SportsWeb.Services.Cabinate.AmpLightService.AmpWebApiErrorHandling.ApiErrorMessageContainer::EditScheduleForFieldErrorMessages()</Name>
              <FileRef uid="279" />
              <SequencePoints>
                <SequencePoint vc="1" uspid="11488" ordinal="0" offset="0" sl="149" sc="9" el="149" ec="10" bec="0" bev="0" fileid="279" />
                <SequencePoint vc="1" uspid="11489" ordinal="1" offset="1" sl="150" sc="13" el="232" ec="15" bec="0" bev="0" fileid="279" />
                <SequencePoint vc="1" uspid="11490" ordinal="2" offset="1178" sl="233" sc="9" el="233" ec="10" bec="0" bev="0" fileid="279" />
              </SequencePoints>
              <BranchPoints />
              <MethodPoint xsi:type="SequencePoint" vc="1" uspid="11488" ordinal="0" offset="0" sl="149" sc="9" el="149" ec="10" bec="0" bev="0" fileid="279" />
            </Method>
            <Method visited="true" cyclomaticComplexity="1" nPathComplexity="0" sequenceCoverage="100" branchCoverage="100" isConstructor="false" isStatic="true" isGetter="false" isSetter="false">
              <Summary numSequencePoints="3" visitedSequencePoints="3" numBranchPoints="1" visitedBranchPoints="1" sequenceCoverage="100" branchCoverage="100" maxCyclomaticComplexity="1" minCyclomaticComplexity="1" visitedClasses="0" numClasses="0" visitedMethods="1" numMethods="1" />
              <MetadataToken>100664916</MetadataToken>
              <Name>System.Collections.Generic.IList`1&lt;SportsWeb.Services.Cabinate.AmpLightService.AmpWebApiErrorHandling.ApiErrorMessage&gt; SportsWeb.Services.Cabinate.AmpLightService.AmpWebApiErrorHandling.ApiErrorMessageContainer::CreateMasterScheduleErrorMessages()</Name>
              <FileRef uid="280" />
              <SequencePoints>
                <SequencePoint vc="1" uspid="11491" ordinal="0" offset="0" sl="10" sc="9" el="10" ec="10" bec="0" bev="0" fileid="280" />
                <SequencePoint vc="1" uspid="11492" ordinal="1" offset="1" sl="11" sc="13" el="138" ec="15" bec="0" bev="0" fileid="280" />
                <SequencePoint vc="1" uspid="11493" ordinal="2" offset="3066" sl="222" sc="9" el="222" ec="10" bec="0" bev="0" fileid="280" />
              </SequencePoints>
              <BranchPoints />
              <MethodPoint xsi:type="SequencePoint" vc="1" uspid="11491" ordinal="0" offset="0" sl="10" sc="9" el="10" ec="10" bec="0" bev="0" fileid="280" />
            </Method>
            <Method visited="true" cyclomaticComplexity="1" nPathComplexity="0" sequenceCoverage="100" branchCoverage="100" isConstructor="false" isStatic="true" isGetter="false" isSetter="false">
              <Summary numSequencePoints="3" visitedSequencePoints="3" numBranchPoints="1" visitedBranchPoints="1" sequenceCoverage="100" branchCoverage="100" maxCyclomaticComplexity="1" minCyclomaticComplexity="1" visitedClasses="0" numClasses="0" visitedMethods="1" numMethods="1" />
              <MetadataToken>100664917</MetadataToken>
              <Name>System.Collections.Generic.IList`1&lt;SportsWeb.Services.Cabinate.AmpLightService.AmpWebApiErrorHandling.ApiErrorMessage&gt; SportsWeb.Services.Cabinate.AmpLightService.AmpWebApiErrorHandling.ApiErrorMessageContainer::EditMasterScheduleErrorMessages()</Name>
              <FileRef uid="280" />
              <SequencePoints>
                <SequencePoint vc="1" uspid="11494" ordinal="0" offset="0" sl="225" sc="9" el="225" ec="10" bec="0" bev="0" fileid="280" />
                <SequencePoint vc="1" uspid="11495" ordinal="1" offset="1" sl="226" sc="13" el="353" ec="15" bec="0" bev="0" fileid="280" />
                <SequencePoint vc="1" uspid="11496" ordinal="2" offset="3066" sl="420" sc="9" el="420" ec="10" bec="0" bev="0" fileid="280" />
              </SequencePoints>
              <BranchPoints />
              <MethodPoint xsi:type="SequencePoint" vc="1" uspid="11494" ordinal="0" offset="0" sl="225" sc="9" el="225" ec="10" bec="0" bev="0" fileid="280" />
            </Method>
            <Method visited="true" cyclomaticComplexity="1" nPathComplexity="0" sequenceCoverage="100" branchCoverage="100" isConstructor="false" isStatic="true" isGetter="false" isSetter="false">
              <Summary numSequencePoints="3" visitedSequencePoints="3" numBranchPoints="1" visitedBranchPoints="1" sequenceCoverage="100" branchCoverage="100" maxCyclomaticComplexity="1" minCyclomaticComplexity="1" visitedClasses="0" numClasses="0" visitedMethods="1" numMethods="1" />
              <MetadataToken>100664918</MetadataToken>
              <Name>System.Collections.Generic.IList`1&lt;SportsWeb.Services.Cabinate.AmpLightService.AmpWebApiErrorHandling.ApiErrorMessage&gt; SportsWeb.Services.Cabinate.AmpLightService.AmpWebApiErrorHandling.ApiErrorMessageContainer::GetMasterSchedulErrorMessages()</Name>
              <FileRef uid="280" />
              <SequencePoints>
                <SequencePoint vc="1" uspid="11497" ordinal="0" offset="0" sl="423" sc="9" el="423" ec="10" bec="0" bev="0" fileid="280" />
                <SequencePoint vc="1" uspid="11498" ordinal="1" offset="1" sl="424" sc="13" el="446" ec="15" bec="0" bev="0" fileid="280" />
                <SequencePoint vc="1" uspid="11499" ordinal="2" offset="296" sl="447" sc="9" el="447" ec="10" bec="0" bev="0" fileid="280" />
              </SequencePoints>
              <BranchPoints />
              <MethodPoint xsi:type="SequencePoint" vc="1" uspid="11497" ordinal="0" offset="0" sl="423" sc="9" el="423" ec="10" bec="0" bev="0" fileid="280" />
            </Method>
            <Method visited="true" cyclomaticComplexity="1" nPathComplexity="0" sequenceCoverage="100" branchCoverage="100" isConstructor="false" isStatic="true" isGetter="false" isSetter="false">
              <Summary numSequencePoints="3" visitedSequencePoints="3" numBranchPoints="1" visitedBranchPoints="1" sequenceCoverage="100" branchCoverage="100" maxCyclomaticComplexity="1" minCyclomaticComplexity="1" visitedClasses="0" numClasses="0" visitedMethods="1" numMethods="1" />
              <MetadataToken>100664919</MetadataToken>
              <Name>System.Collections.Generic.IList`1&lt;SportsWeb.Services.Cabinate.AmpLightService.AmpWebApiErrorHandling.ApiErrorMessage&gt; SportsWeb.Services.Cabinate.AmpLightService.AmpWebApiErrorHandling.ApiErrorMessageContainer::DelteMasterSchedulErrorMessages()</Name>
              <FileRef uid="280" />
              <SequencePoints>
                <SequencePoint vc="1" uspid="11500" ordinal="0" offset="0" sl="450" sc="9" el="450" ec="10" bec="0" bev="0" fileid="280" />
                <SequencePoint vc="1" uspid="11501" ordinal="1" offset="1" sl="451" sc="13" el="476" ec="15" bec="0" bev="0" fileid="280" />
                <SequencePoint vc="1" uspid="11502" ordinal="2" offset="352" sl="477" sc="9" el="477" ec="10" bec="0" bev="0" fileid="280" />
              </SequencePoints>
              <BranchPoints />
              <MethodPoint xsi:type="SequencePoint" vc="1" uspid="11500" ordinal="0" offset="0" sl="450" sc="9" el="450" ec="10" bec="0" bev="0" fileid="280" />
            </Method>
            <Method visited="true" cyclomaticComplexity="1" nPathComplexity="0" sequenceCoverage="100" branchCoverage="100" isConstructor="true" isStatic="true" isGetter="false" isSetter="false">
              <Summary numSequencePoints="45" visitedSequencePoints="45" numBranchPoints="1" visitedBranchPoints="1" sequenceCoverage="100" branchCoverage="100" maxCyclomaticComplexity="1" minCyclomaticComplexity="1" visitedClasses="0" numClasses="0" visitedMethods="1" numMethods="1" />
              <MetadataToken>100664921</MetadataToken>
              <Name>System.Void SportsWeb.Services.Cabinate.AmpLightService.AmpWebApiErrorHandling.ApiErrorMessageContainer::.cctor()</Name>
              <FileRef uid="281" />
              <SequencePoints>
                <SequencePoint vc="1" uspid="11503" ordinal="0" offset="0" sl="13" sc="9" el="13" ec="10" bec="0" bev="0" fileid="281" />
                <SequencePoint vc="1" uspid="11504" ordinal="1" offset="1" sl="14" sc="13" el="14" ec="60" bec="0" bev="0" fileid="281" />
                <SequencePoint vc="1" uspid="11505" ordinal="2" offset="11" sl="15" sc="13" el="15" ec="67" bec="0" bev="0" fileid="281" />
                <SequencePoint vc="1" uspid="11506" ordinal="3" offset="27" sl="16" sc="13" el="16" ec="64" bec="0" bev="0" fileid="281" />
                <SequencePoint vc="1" uspid="11507" ordinal="4" offset="43" sl="17" sc="13" el="17" ec="67" bec="0" bev="0" fileid="281" />
                <SequencePoint vc="1" uspid="11508" ordinal="5" offset="59" sl="18" sc="13" el="18" ec="63" bec="0" bev="0" fileid="281" />
                <SequencePoint vc="1" uspid="11509" ordinal="6" offset="75" sl="19" sc="13" el="19" ec="64" bec="0" bev="0" fileid="281" />
                <SequencePoint vc="1" uspid="11510" ordinal="7" offset="91" sl="20" sc="13" el="20" ec="65" bec="0" bev="0" fileid="281" />
                <SequencePoint vc="1" uspid="11511" ordinal="8" offset="107" sl="21" sc="13" el="21" ec="64" bec="0" bev="0" fileid="281" />
                <SequencePoint vc="1" uspid="11512" ordinal="9" offset="123" sl="22" sc="13" el="22" ec="68" bec="0" bev="0" fileid="281" />
                <SequencePoint vc="1" uspid="11513" ordinal="10" offset="139" sl="23" sc="13" el="23" ec="70" bec="0" bev="0" fileid="281" />
                <SequencePoint vc="1" uspid="11514" ordinal="11" offset="155" sl="24" sc="13" el="24" ec="78" bec="0" bev="0" fileid="281" />
                <SequencePoint vc="1" uspid="11515" ordinal="12" offset="171" sl="25" sc="13" el="25" ec="67" bec="0" bev="0" fileid="281" />
                <SequencePoint vc="1" uspid="11516" ordinal="13" offset="187" sl="26" sc="13" el="26" ec="64" bec="0" bev="0" fileid="281" />
                <SequencePoint vc="1" uspid="11517" ordinal="14" offset="203" sl="27" sc="13" el="27" ec="59" bec="0" bev="0" fileid="281" />
                <SequencePoint vc="1" uspid="11518" ordinal="15" offset="219" sl="28" sc="13" el="28" ec="64" bec="0" bev="0" fileid="281" />
                <SequencePoint vc="1" uspid="11519" ordinal="16" offset="235" sl="29" sc="13" el="29" ec="70" bec="0" bev="0" fileid="281" />
                <SequencePoint vc="1" uspid="11520" ordinal="17" offset="251" sl="30" sc="13" el="30" ec="71" bec="0" bev="0" fileid="281" />
                <SequencePoint vc="1" uspid="11521" ordinal="18" offset="267" sl="31" sc="13" el="31" ec="72" bec="0" bev="0" fileid="281" />
                <SequencePoint vc="1" uspid="11522" ordinal="19" offset="283" sl="32" sc="13" el="32" ec="71" bec="0" bev="0" fileid="281" />
                <SequencePoint vc="1" uspid="11523" ordinal="20" offset="299" sl="33" sc="13" el="33" ec="78" bec="0" bev="0" fileid="281" />
                <SequencePoint vc="1" uspid="11524" ordinal="21" offset="315" sl="34" sc="13" el="34" ec="69" bec="0" bev="0" fileid="281" />
                <SequencePoint vc="1" uspid="11525" ordinal="22" offset="331" sl="35" sc="13" el="35" ec="82" bec="0" bev="0" fileid="281" />
                <SequencePoint vc="1" uspid="11526" ordinal="23" offset="347" sl="36" sc="13" el="36" ec="64" bec="0" bev="0" fileid="281" />
                <SequencePoint vc="1" uspid="11527" ordinal="24" offset="363" sl="37" sc="13" el="37" ec="83" bec="0" bev="0" fileid="281" />
                <SequencePoint vc="1" uspid="11528" ordinal="25" offset="379" sl="38" sc="13" el="38" ec="85" bec="0" bev="0" fileid="281" />
                <SequencePoint vc="1" uspid="11529" ordinal="26" offset="395" sl="39" sc="13" el="39" ec="79" bec="0" bev="0" fileid="281" />
                <SequencePoint vc="1" uspid="11530" ordinal="27" offset="411" sl="40" sc="13" el="40" ec="70" bec="0" bev="0" fileid="281" />
                <SequencePoint vc="1" uspid="11531" ordinal="28" offset="427" sl="41" sc="13" el="41" ec="58" bec="0" bev="0" fileid="281" />
                <SequencePoint vc="1" uspid="11532" ordinal="29" offset="443" sl="42" sc="13" el="42" ec="64" bec="0" bev="0" fileid="281" />
                <SequencePoint vc="1" uspid="11533" ordinal="30" offset="459" sl="43" sc="13" el="43" ec="86" bec="0" bev="0" fileid="281" />
                <SequencePoint vc="1" uspid="11534" ordinal="31" offset="475" sl="44" sc="13" el="44" ec="66" bec="0" bev="0" fileid="281" />
                <SequencePoint vc="1" uspid="11535" ordinal="32" offset="491" sl="45" sc="13" el="45" ec="67" bec="0" bev="0" fileid="281" />
                <SequencePoint vc="1" uspid="11536" ordinal="33" offset="507" sl="46" sc="13" el="46" ec="70" bec="0" bev="0" fileid="281" />
                <SequencePoint vc="1" uspid="11537" ordinal="34" offset="523" sl="47" sc="13" el="47" ec="65" bec="0" bev="0" fileid="281" />
                <SequencePoint vc="1" uspid="11538" ordinal="35" offset="539" sl="48" sc="13" el="48" ec="64" bec="0" bev="0" fileid="281" />
                <SequencePoint vc="1" uspid="11539" ordinal="36" offset="555" sl="49" sc="13" el="49" ec="75" bec="0" bev="0" fileid="281" />
                <SequencePoint vc="1" uspid="11540" ordinal="37" offset="571" sl="50" sc="13" el="50" ec="79" bec="0" bev="0" fileid="281" />
                <SequencePoint vc="1" uspid="11541" ordinal="38" offset="587" sl="51" sc="13" el="51" ec="78" bec="0" bev="0" fileid="281" />
                <SequencePoint vc="1" uspid="11542" ordinal="39" offset="603" sl="52" sc="13" el="52" ec="76" bec="0" bev="0" fileid="281" />
                <SequencePoint vc="1" uspid="11543" ordinal="40" offset="619" sl="53" sc="13" el="53" ec="76" bec="0" bev="0" fileid="281" />
                <SequencePoint vc="1" uspid="11544" ordinal="41" offset="635" sl="54" sc="13" el="54" ec="74" bec="0" bev="0" fileid="281" />
                <SequencePoint vc="1" uspid="11545" ordinal="42" offset="651" sl="55" sc="13" el="55" ec="72" bec="0" bev="0" fileid="281" />
                <SequencePoint vc="1" uspid="11546" ordinal="43" offset="667" sl="56" sc="13" el="56" ec="74" bec="0" bev="0" fileid="281" />
                <SequencePoint vc="1" uspid="11547" ordinal="44" offset="683" sl="57" sc="9" el="57" ec="10" bec="0" bev="0" fileid="281" />
              </SequencePoints>
              <BranchPoints />
              <MethodPoint xsi:type="SequencePoint" vc="1" uspid="11503" ordinal="0" offset="0" sl="13" sc="9" el="13" ec="10" bec="0" bev="0" fileid="281" />
            </Method>
            <Method visited="true" cyclomaticComplexity="1" nPathComplexity="0" sequenceCoverage="100" branchCoverage="100" isConstructor="false" isStatic="true" isGetter="false" isSetter="false">
              <Summary numSequencePoints="3" visitedSequencePoints="3" numBranchPoints="1" visitedBranchPoints="1" sequenceCoverage="100" branchCoverage="100" maxCyclomaticComplexity="1" minCyclomaticComplexity="1" visitedClasses="0" numClasses="0" visitedMethods="1" numMethods="1" />
              <MetadataToken>100664922</MetadataToken>
              <Name>System.Collections.Generic.IList`1&lt;SportsWeb.Services.Cabinate.AmpLightService.AmpWebApiErrorHandling.ApiErrorMessage&gt; SportsWeb.Services.Cabinate.AmpLightService.AmpWebApiErrorHandling.ApiErrorMessageContainer::SetSceneToFiled()</Name>
              <FileRef uid="281" />
              <SequencePoints>
                <SequencePoint vc="1" uspid="11548" ordinal="0" offset="0" sl="60" sc="9" el="60" ec="10" bec="0" bev="0" fileid="281" />
                <SequencePoint vc="1" uspid="11549" ordinal="1" offset="1" sl="62" sc="13" el="82" ec="15" bec="0" bev="0" fileid="281" />
                <SequencePoint vc="1" uspid="11550" ordinal="2" offset="304" sl="83" sc="9" el="83" ec="10" bec="0" bev="0" fileid="281" />
              </SequencePoints>
              <BranchPoints />
              <MethodPoint xsi:type="SequencePoint" vc="1" uspid="11548" ordinal="0" offset="0" sl="60" sc="9" el="60" ec="10" bec="0" bev="0" fileid="281" />
            </Method>
            <Method visited="true" cyclomaticComplexity="1" nPathComplexity="0" sequenceCoverage="100" branchCoverage="100" isConstructor="false" isStatic="true" isGetter="false" isSetter="false">
              <Summary numSequencePoints="3" visitedSequencePoints="3" numBranchPoints="1" visitedBranchPoints="1" sequenceCoverage="100" branchCoverage="100" maxCyclomaticComplexity="1" minCyclomaticComplexity="1" visitedClasses="0" numClasses="0" visitedMethods="1" numMethods="1" />
              <MetadataToken>100664923</MetadataToken>
              <Name>System.Collections.Generic.IList`1&lt;SportsWeb.Services.Cabinate.AmpLightService.AmpWebApiErrorHandling.ApiErrorMessage&gt; SportsWeb.Services.Cabinate.AmpLightService.AmpWebApiErrorHandling.ApiErrorMessageContainer::AddCustomerErrorMessages()</Name>
              <FileRef uid="281" />
              <SequencePoints>
                <SequencePoint vc="1" uspid="11551" ordinal="0" offset="0" sl="86" sc="9" el="86" ec="10" bec="0" bev="0" fileid="281" />
                <SequencePoint vc="1" uspid="11552" ordinal="1" offset="1" sl="87" sc="13" el="130" ec="15" bec="0" bev="0" fileid="281" />
                <SequencePoint vc="1" uspid="11553" ordinal="2" offset="777" sl="131" sc="9" el="131" ec="10" bec="0" bev="0" fileid="281" />
              </SequencePoints>
              <BranchPoints />
              <MethodPoint xsi:type="SequencePoint" vc="1" uspid="11551" ordinal="0" offset="0" sl="86" sc="9" el="86" ec="10" bec="0" bev="0" fileid="281" />
            </Method>
            <Method visited="true" cyclomaticComplexity="1" nPathComplexity="0" sequenceCoverage="100" branchCoverage="100" isConstructor="false" isStatic="true" isGetter="false" isSetter="false">
              <Summary numSequencePoints="3" visitedSequencePoints="3" numBranchPoints="1" visitedBranchPoints="1" sequenceCoverage="100" branchCoverage="100" maxCyclomaticComplexity="1" minCyclomaticComplexity="1" visitedClasses="0" numClasses="0" visitedMethods="1" numMethods="1" />
              <MetadataToken>100664924</MetadataToken>
              <Name>System.Collections.Generic.IList`1&lt;SportsWeb.Services.Cabinate.AmpLightService.AmpWebApiErrorHandling.ApiErrorMessage&gt; SportsWeb.Services.Cabinate.AmpLightService.AmpWebApiErrorHandling.ApiErrorMessageContainer::AddControllerMessages()</Name>
              <FileRef uid="281" />
              <SequencePoints>
                <SequencePoint vc="1" uspid="11554" ordinal="0" offset="0" sl="134" sc="9" el="134" ec="10" bec="0" bev="0" fileid="281" />
                <SequencePoint vc="1" uspid="11555" ordinal="1" offset="1" sl="135" sc="13" el="183" ec="15" bec="0" bev="0" fileid="281" />
                <SequencePoint vc="1" uspid="11556" ordinal="2" offset="753" sl="185" sc="9" el="185" ec="10" bec="0" bev="0" fileid="281" />
              </SequencePoints>
              <BranchPoints />
              <MethodPoint xsi:type="SequencePoint" vc="1" uspid="11554" ordinal="0" offset="0" sl="134" sc="9" el="134" ec="10" bec="0" bev="0" fileid="281" />
            </Method>
            <Method visited="true" cyclomaticComplexity="1" nPathComplexity="0" sequenceCoverage="100" branchCoverage="100" isConstructor="false" isStatic="true" isGetter="false" isSetter="false">
              <Summary numSequencePoints="3" visitedSequencePoints="3" numBranchPoints="1" visitedBranchPoints="1" sequenceCoverage="100" branchCoverage="100" maxCyclomaticComplexity="1" minCyclomaticComplexity="1" visitedClasses="0" numClasses="0" visitedMethods="1" numMethods="1" />
              <MetadataToken>100664925</MetadataToken>
              <Name>System.Collections.Generic.IList`1&lt;SportsWeb.Services.Cabinate.AmpLightService.AmpWebApiErrorHandling.ApiErrorMessage&gt; SportsWeb.Services.Cabinate.AmpLightService.AmpWebApiErrorHandling.ApiErrorMessageContainer::EditControllerMessages()</Name>
              <FileRef uid="281" />
              <SequencePoints>
                <SequencePoint vc="1" uspid="11557" ordinal="0" offset="0" sl="188" sc="9" el="188" ec="10" bec="0" bev="0" fileid="281" />
                <SequencePoint vc="1" uspid="11558" ordinal="1" offset="1" sl="189" sc="13" el="245" ec="15" bec="0" bev="0" fileid="281" />
                <SequencePoint vc="1" uspid="11559" ordinal="2" offset="871" sl="247" sc="9" el="247" ec="10" bec="0" bev="0" fileid="281" />
              </SequencePoints>
              <BranchPoints />
              <MethodPoint xsi:type="SequencePoint" vc="1" uspid="11557" ordinal="0" offset="0" sl="188" sc="9" el="188" ec="10" bec="0" bev="0" fileid="281" />
            </Method>
            <Method visited="true" cyclomaticComplexity="1" nPathComplexity="0" sequenceCoverage="100" branchCoverage="100" isConstructor="false" isStatic="true" isGetter="false" isSetter="false">
              <Summary numSequencePoints="3" visitedSequencePoints="3" numBranchPoints="1" visitedBranchPoints="1" sequenceCoverage="100" branchCoverage="100" maxCyclomaticComplexity="1" minCyclomaticComplexity="1" visitedClasses="0" numClasses="0" visitedMethods="1" numMethods="1" />
              <MetadataToken>100664926</MetadataToken>
              <Name>System.Collections.Generic.IList`1&lt;SportsWeb.Services.Cabinate.AmpLightService.AmpWebApiErrorHandling.ApiErrorMessage&gt; SportsWeb.Services.Cabinate.AmpLightService.AmpWebApiErrorHandling.ApiErrorMessageContainer::GetControllerMessages()</Name>
              <FileRef uid="281" />
              <SequencePoints>
                <SequencePoint vc="1" uspid="11560" ordinal="0" offset="0" sl="250" sc="9" el="250" ec="10" bec="0" bev="0" fileid="281" />
                <SequencePoint vc="1" uspid="11561" ordinal="1" offset="1" sl="251" sc="13" el="261" ec="15" bec="0" bev="0" fileid="281" />
                <SequencePoint vc="1" uspid="11562" ordinal="2" offset="127" sl="262" sc="9" el="262" ec="10" bec="0" bev="0" fileid="281" />
              </SequencePoints>
              <BranchPoints />
              <MethodPoint xsi:type="SequencePoint" vc="1" uspid="11560" ordinal="0" offset="0" sl="250" sc="9" el="250" ec="10" bec="0" bev="0" fileid="281" />
            </Method>
            <Method visited="true" cyclomaticComplexity="1" nPathComplexity="0" sequenceCoverage="100" branchCoverage="100" isConstructor="false" isStatic="true" isGetter="false" isSetter="false">
              <Summary numSequencePoints="3" visitedSequencePoints="3" numBranchPoints="1" visitedBranchPoints="1" sequenceCoverage="100" branchCoverage="100" maxCyclomaticComplexity="1" minCyclomaticComplexity="1" visitedClasses="0" numClasses="0" visitedMethods="1" numMethods="1" />
              <MetadataToken>100664927</MetadataToken>
              <Name>System.Collections.Generic.IList`1&lt;SportsWeb.Services.Cabinate.AmpLightService.AmpWebApiErrorHandling.ApiErrorMessage&gt; SportsWeb.Services.Cabinate.AmpLightService.AmpWebApiErrorHandling.ApiErrorMessageContainer::SetSceneSettingsMessages()</Name>
              <FileRef uid="281" />
              <SequencePoints>
                <SequencePoint vc="1" uspid="11563" ordinal="0" offset="0" sl="265" sc="9" el="265" ec="10" bec="0" bev="0" fileid="281" />
                <SequencePoint vc="1" uspid="11564" ordinal="1" offset="1" sl="267" sc="13" el="291" ec="15" bec="0" bev="0" fileid="281" />
                <SequencePoint vc="1" uspid="11565" ordinal="2" offset="363" sl="292" sc="9" el="292" ec="10" bec="0" bev="0" fileid="281" />
              </SequencePoints>
              <BranchPoints />
              <MethodPoint xsi:type="SequencePoint" vc="1" uspid="11563" ordinal="0" offset="0" sl="265" sc="9" el="265" ec="10" bec="0" bev="0" fileid="281" />
            </Method>
            <Method visited="true" cyclomaticComplexity="1" nPathComplexity="0" sequenceCoverage="100" branchCoverage="100" isConstructor="false" isStatic="true" isGetter="false" isSetter="false">
              <Summary numSequencePoints="3" visitedSequencePoints="3" numBranchPoints="1" visitedBranchPoints="1" sequenceCoverage="100" branchCoverage="100" maxCyclomaticComplexity="1" minCyclomaticComplexity="1" visitedClasses="0" numClasses="0" visitedMethods="1" numMethods="1" />
              <MetadataToken>100664928</MetadataToken>
              <Name>System.Collections.Generic.IList`1&lt;SportsWeb.Services.Cabinate.AmpLightService.AmpWebApiErrorHandling.ApiErrorMessage&gt; SportsWeb.Services.Cabinate.AmpLightService.AmpWebApiErrorHandling.ApiErrorMessageContainer::GetControllerStatusMessages()</Name>
              <FileRef uid="281" />
              <SequencePoints>
                <SequencePoint vc="1" uspid="11566" ordinal="0" offset="0" sl="295" sc="9" el="295" ec="10" bec="0" bev="0" fileid="281" />
                <SequencePoint vc="1" uspid="11567" ordinal="1" offset="1" sl="297" sc="13" el="323" ec="35" bec="0" bev="0" fileid="281" />
                <SequencePoint vc="1" uspid="11568" ordinal="2" offset="349" sl="324" sc="9" el="324" ec="10" bec="0" bev="0" fileid="281" />
              </SequencePoints>
              <BranchPoints />
              <MethodPoint xsi:type="SequencePoint" vc="1" uspid="11566" ordinal="0" offset="0" sl="295" sc="9" el="295" ec="10" bec="0" bev="0" fileid="281" />
            </Method>
          </Methods>
        </Class>
        <Class>
          <Summary numSequencePoints="0" visitedSequencePoints="0" numBranchPoints="0" visitedBranchPoints="0" sequenceCoverage="0" branchCoverage="0" maxCyclomaticComplexity="1" minCyclomaticComplexity="1" visitedClasses="0" numClasses="0" visitedMethods="0" numMethods="0" />
          <FullName>SportsWeb.Services.Cabinate.AmpLightService.AmpWebApiErrorHandling.ApiErrorMessageContainer/&lt;&gt;c</FullName>
          <Methods>
            <Method visited="false" cyclomaticComplexity="1" nPathComplexity="0" sequenceCoverage="0" branchCoverage="0" isConstructor="true" isStatic="true" isGetter="false" isSetter="false">
              <Summary numSequencePoints="0" visitedSequencePoints="0" numBranchPoints="0" visitedBranchPoints="0" sequenceCoverage="0" branchCoverage="0" maxCyclomaticComplexity="1" minCyclomaticComplexity="1" visitedClasses="0" numClasses="0" visitedMethods="0" numMethods="0" />
              <MetadataToken>100667213</MetadataToken>
              <Name>System.Void SportsWeb.Services.Cabinate.AmpLightService.AmpWebApiErrorHandling.ApiErrorMessageContainer/&lt;&gt;c::.cctor()</Name>
              <SequencePoints />
              <BranchPoints />
              <MethodPoint vc="0" uspid="11569" ordinal="0" offset="0" />
            </Method>
            <Method visited="false" cyclomaticComplexity="1" nPathComplexity="0" sequenceCoverage="0" branchCoverage="0" isConstructor="true" isStatic="false" isGetter="false" isSetter="false">
              <Summary numSequencePoints="0" visitedSequencePoints="0" numBranchPoints="0" visitedBranchPoints="0" sequenceCoverage="0" branchCoverage="0" maxCyclomaticComplexity="1" minCyclomaticComplexity="1" visitedClasses="0" numClasses="0" visitedMethods="0" numMethods="0" />
              <MetadataToken>100667214</MetadataToken>
              <Name>System.Void SportsWeb.Services.Cabinate.AmpLightService.AmpWebApiErrorHandling.ApiErrorMessageContainer/&lt;&gt;c::.ctor()</Name>
              <SequencePoints />
              <BranchPoints />
              <MethodPoint vc="0" uspid="11570" ordinal="0" offset="0" />
            </Method>
          </Methods>
        </Class>
        <Class>
          <Summary numSequencePoints="11" visitedSequencePoints="11" numBranchPoints="5" visitedBranchPoints="5" sequenceCoverage="100" branchCoverage="100" maxCyclomaticComplexity="1" minCyclomaticComplexity="1" visitedClasses="1" numClasses="1" visitedMethods="5" numMethods="5" />
          <FullName>SportsWeb.Services.Cabinate.AmpLightService.AmpWebApiErrorHandling.ApiErrorMessage</FullName>
          <Methods>
            <Method visited="true" cyclomaticComplexity="1" nPathComplexity="0" sequenceCoverage="100" branchCoverage="100" isConstructor="false" isStatic="false" isGetter="true" isSetter="false">
              <Summary numSequencePoints="1" visitedSequencePoints="1" numBranchPoints="1" visitedBranchPoints="1" sequenceCoverage="100" branchCoverage="100" maxCyclomaticComplexity="1" minCyclomaticComplexity="1" visitedClasses="0" numClasses="0" visitedMethods="1" numMethods="1" />
              <MetadataToken>100664930</MetadataToken>
              <Name>System.String SportsWeb.Services.Cabinate.AmpLightService.AmpWebApiErrorHandling.ApiErrorMessage::get_ApiKey()</Name>
              <FileRef uid="282" />
              <SequencePoints>
                <SequencePoint vc="139315" uspid="11571" ordinal="0" offset="0" sl="16" sc="32" el="16" ec="36" bec="0" bev="0" fileid="282" />
              </SequencePoints>
              <BranchPoints />
              <MethodPoint xsi:type="SequencePoint" vc="139315" uspid="11571" ordinal="0" offset="0" sl="16" sc="32" el="16" ec="36" bec="0" bev="0" fileid="282" />
            </Method>
            <Method visited="true" cyclomaticComplexity="1" nPathComplexity="0" sequenceCoverage="100" branchCoverage="100" isConstructor="false" isStatic="false" isGetter="true" isSetter="false">
              <Summary numSequencePoints="1" visitedSequencePoints="1" numBranchPoints="1" visitedBranchPoints="1" sequenceCoverage="100" branchCoverage="100" maxCyclomaticComplexity="1" minCyclomaticComplexity="1" visitedClasses="0" numClasses="0" visitedMethods="1" numMethods="1" />
              <MetadataToken>100664931</MetadataToken>
              <Name>System.Linq.Expressions.Expression`1&lt;System.Func`1&lt;System.String&gt;&gt; SportsWeb.Services.Cabinate.AmpLightService.AmpWebApiErrorHandling.ApiErrorMessage::get_MessageKey()</Name>
              <FileRef uid="282" />
              <SequencePoints>
                <SequencePoint vc="283" uspid="11572" ordinal="0" offset="0" sl="18" sc="54" el="18" ec="58" bec="0" bev="0" fileid="282" />
              </SequencePoints>
              <BranchPoints />
              <MethodPoint xsi:type="SequencePoint" vc="283" uspid="11572" ordinal="0" offset="0" sl="18" sc="54" el="18" ec="58" bec="0" bev="0" fileid="282" />
            </Method>
            <Method visited="true" cyclomaticComplexity="1" nPathComplexity="0" sequenceCoverage="100" branchCoverage="100" isConstructor="false" isStatic="false" isGetter="true" isSetter="false">
              <Summary numSequencePoints="1" visitedSequencePoints="1" numBranchPoints="1" visitedBranchPoints="1" sequenceCoverage="100" branchCoverage="100" maxCyclomaticComplexity="1" minCyclomaticComplexity="1" visitedClasses="0" numClasses="0" visitedMethods="1" numMethods="1" />
              <MetadataToken>100664932</MetadataToken>
              <Name>System.Int64 SportsWeb.Services.Cabinate.AmpLightService.AmpWebApiErrorHandling.ApiErrorMessage::get_ErrorCode()</Name>
              <FileRef uid="282" />
              <SequencePoints>
                <SequencePoint vc="3477" uspid="11573" ordinal="0" offset="0" sl="20" sc="33" el="20" ec="37" bec="0" bev="0" fileid="282" />
              </SequencePoints>
              <BranchPoints />
              <MethodPoint xsi:type="SequencePoint" vc="3477" uspid="11573" ordinal="0" offset="0" sl="20" sc="33" el="20" ec="37" bec="0" bev="0" fileid="282" />
            </Method>
            <Method visited="true" cyclomaticComplexity="1" nPathComplexity="0" sequenceCoverage="100" branchCoverage="100" isConstructor="false" isStatic="false" isGetter="true" isSetter="false">
              <Summary numSequencePoints="1" visitedSequencePoints="1" numBranchPoints="1" visitedBranchPoints="1" sequenceCoverage="100" branchCoverage="100" maxCyclomaticComplexity="1" minCyclomaticComplexity="1" visitedClasses="0" numClasses="0" visitedMethods="1" numMethods="1" />
              <MetadataToken>100664933</MetadataToken>
              <Name>System.Collections.Generic.List`1&lt;System.String&gt; SportsWeb.Services.Cabinate.AmpLightService.AmpWebApiErrorHandling.ApiErrorMessage::get_OrderedListOfParameterKeys()</Name>
              <FileRef uid="282" />
              <SequencePoints>
                <SequencePoint vc="283" uspid="11574" ordinal="0" offset="0" sl="22" sc="58" el="22" ec="62" bec="0" bev="0" fileid="282" />
              </SequencePoints>
              <BranchPoints />
              <MethodPoint xsi:type="SequencePoint" vc="283" uspid="11574" ordinal="0" offset="0" sl="22" sc="58" el="22" ec="62" bec="0" bev="0" fileid="282" />
            </Method>
            <Method visited="true" cyclomaticComplexity="1" nPathComplexity="0" sequenceCoverage="100" branchCoverage="100" isConstructor="true" isStatic="false" isGetter="false" isSetter="false">
              <Summary numSequencePoints="7" visitedSequencePoints="7" numBranchPoints="1" visitedBranchPoints="1" sequenceCoverage="100" branchCoverage="100" maxCyclomaticComplexity="1" minCyclomaticComplexity="1" visitedClasses="0" numClasses="0" visitedMethods="1" numMethods="1" />
              <MetadataToken>100664929</MetadataToken>
              <Name>System.Void SportsWeb.Services.Cabinate.AmpLightService.AmpWebApiErrorHandling.ApiErrorMessage::.ctor(System.String,System.Linq.Expressions.Expression`1&lt;System.Func`1&lt;System.String&gt;&gt;,System.Int64,System.Collections.Generic.List`1&lt;System.String&gt;)</Name>
              <FileRef uid="282" />
              <SequencePoints>
                <SequencePoint vc="435" uspid="11575" ordinal="0" offset="0" sl="9" sc="9" el="9" ec="151" bec="0" bev="0" fileid="282" />
                <SequencePoint vc="435" uspid="11576" ordinal="1" offset="7" sl="10" sc="9" el="10" ec="10" bec="0" bev="0" fileid="282" />
                <SequencePoint vc="435" uspid="11577" ordinal="2" offset="8" sl="11" sc="13" el="11" ec="29" bec="0" bev="0" fileid="282" />
                <SequencePoint vc="435" uspid="11578" ordinal="3" offset="15" sl="12" sc="13" el="12" ec="48" bec="0" bev="0" fileid="282" />
                <SequencePoint vc="435" uspid="11579" ordinal="4" offset="22" sl="13" sc="13" el="13" ec="35" bec="0" bev="0" fileid="282" />
                <SequencePoint vc="435" uspid="11580" ordinal="5" offset="29" sl="14" sc="13" el="14" ec="69" bec="0" bev="0" fileid="282" />
                <SequencePoint vc="435" uspid="11581" ordinal="6" offset="37" sl="15" sc="9" el="15" ec="10" bec="0" bev="0" fileid="282" />
              </SequencePoints>
              <BranchPoints />
              <MethodPoint xsi:type="SequencePoint" vc="435" uspid="11575" ordinal="0" offset="0" sl="9" sc="9" el="9" ec="151" bec="0" bev="0" fileid="282" />
            </Method>
          </Methods>
        </Class>
        <Class>
          <Summary numSequencePoints="0" visitedSequencePoints="0" numBranchPoints="0" visitedBranchPoints="0" sequenceCoverage="0" branchCoverage="0" maxCyclomaticComplexity="0" minCyclomaticComplexity="0" visitedClasses="0" numClasses="0" visitedMethods="0" numMethods="0" />
          <FullName>SportsWeb.Services.Cabinate.AmpLightService.AmpWebApiErrorHandling.ApiErrorMessageParameterConstants</FullName>
          <Methods />
        </Class>
        <Class>
          <Summary numSequencePoints="22" visitedSequencePoints="22" numBranchPoints="5" visitedBranchPoints="4" sequenceCoverage="100" branchCoverage="80" maxCyclomaticComplexity="4" minCyclomaticComplexity="1" visitedClasses="1" numClasses="1" visitedMethods="1" numMethods="1" />
          <FullName>SportsWeb.Services.Cabinate.AmpLightService.AmpWebApiErrorHandling.ApiErrorResolver</FullName>
          <Methods>
            <Method visited="true" cyclomaticComplexity="4" nPathComplexity="4" sequenceCoverage="100" branchCoverage="80" isConstructor="false" isStatic="false" isGetter="false" isSetter="false">
              <Summary numSequencePoints="22" visitedSequencePoints="22" numBranchPoints="5" visitedBranchPoints="4" sequenceCoverage="100" branchCoverage="80" maxCyclomaticComplexity="4" minCyclomaticComplexity="4" visitedClasses="0" numClasses="0" visitedMethods="1" numMethods="1" />
              <MetadataToken>100664934</MetadataToken>
              <Name>System.Boolean SportsWeb.Services.Cabinate.AmpLightService.AmpWebApiErrorHandling.ApiErrorResolver::TryResolveError(System.String,System.Int64,System.Collections.Generic.Dictionary`2&lt;System.String,System.String&gt;,SportsWeb.Services.Cabinate.AmpLightService.AmpWebApiErrorHandling.ApiUserExceptionEntity&amp;)</Name>
              <FileRef uid="283" />
              <SequencePoints>
                <SequencePoint vc="322" uspid="11582" ordinal="0" offset="20" sl="10" sc="9" el="10" ec="10" bec="0" bev="0" fileid="283" />
                <SequencePoint vc="322" uspid="11583" ordinal="1" offset="21" sl="11" sc="13" el="11" ec="33" bec="0" bev="0" fileid="283" />
                <SequencePoint vc="322" uspid="11584" ordinal="2" offset="23" sl="12" sc="13" el="12" ec="43" bec="0" bev="0" fileid="283" />
                <SequencePoint vc="322" uspid="11585" ordinal="3" offset="27" sl="14" sc="13" el="16" ec="89" bec="0" bev="0" fileid="283" />
                <SequencePoint vc="322" uspid="11586" ordinal="4" offset="50" sl="18" sc="13" el="18" ec="31" bec="2" bev="2" fileid="283" />
                <SequencePoint vc="283" uspid="11587" ordinal="5" offset="58" sl="19" sc="13" el="19" ec="14" bec="0" bev="0" fileid="283" />
                <SequencePoint vc="283" uspid="11588" ordinal="6" offset="59" sl="20" sc="17" el="20" ec="31" bec="0" bev="0" fileid="283" />
                <SequencePoint vc="283" uspid="11589" ordinal="7" offset="61" sl="22" sc="17" el="22" ec="71" bec="0" bev="0" fileid="283" />
                <SequencePoint vc="283" uspid="11590" ordinal="8" offset="68" sl="24" sc="17" el="24" ec="24" bec="0" bev="0" fileid="283" />
                <SequencePoint vc="283" uspid="11591" ordinal="9" offset="69" sl="24" sc="37" el="24" ec="69" bec="0" bev="0" fileid="283" />
                <SequencePoint vc="26" uspid="11592" ordinal="10" offset="84" sl="24" sc="26" el="24" ec="33" bec="0" bev="0" fileid="283" />
                <SequencePoint vc="26" uspid="11593" ordinal="11" offset="93" sl="25" sc="17" el="25" ec="18" bec="0" bev="0" fileid="283" />
                <SequencePoint vc="26" uspid="11594" ordinal="12" offset="94" sl="26" sc="21" el="26" ec="69" bec="2" bev="1" fileid="283" />
                <SequencePoint vc="26" uspid="11595" ordinal="13" offset="108" sl="27" sc="21" el="27" ec="22" bec="0" bev="0" fileid="283" />
                <SequencePoint vc="26" uspid="11596" ordinal="14" offset="109" sl="28" sc="25" el="28" ec="82" bec="0" bev="0" fileid="283" />
                <SequencePoint vc="26" uspid="11597" ordinal="15" offset="125" sl="29" sc="21" el="29" ec="22" bec="0" bev="0" fileid="283" />
                <SequencePoint vc="26" uspid="11598" ordinal="16" offset="126" sl="30" sc="17" el="30" ec="18" bec="0" bev="0" fileid="283" />
                <SequencePoint vc="309" uspid="11599" ordinal="17" offset="127" sl="24" sc="34" el="24" ec="36" bec="0" bev="0" fileid="283" />
                <SequencePoint vc="283" uspid="11600" ordinal="18" offset="153" sl="32" sc="17" el="32" ec="108" bec="0" bev="0" fileid="283" />
                <SequencePoint vc="283" uspid="11601" ordinal="19" offset="169" sl="33" sc="13" el="33" ec="14" bec="0" bev="0" fileid="283" />
                <SequencePoint vc="322" uspid="11602" ordinal="20" offset="170" sl="34" sc="13" el="34" ec="27" bec="0" bev="0" fileid="283" />
                <SequencePoint vc="322" uspid="11603" ordinal="21" offset="175" sl="35" sc="9" el="35" ec="10" bec="0" bev="0" fileid="283" />
              </SequencePoints>
              <BranchPoints>
                <BranchPoint vc="283" uspid="11604" ordinal="0" offset="56" sl="18" path="0" offsetend="58" fileid="283" />
                <BranchPoint vc="39" uspid="11605" ordinal="1" offset="56" sl="18" path="1" offsetend="170" fileid="283" />
                <BranchPoint vc="26" uspid="11606" ordinal="2" offset="106" sl="26" path="0" offsetend="108" fileid="283" />
                <BranchPoint vc="0" uspid="11607" ordinal="3" offset="106" sl="26" path="1" offsetend="126" fileid="283" />
              </BranchPoints>
              <MethodPoint vc="322" uspid="11610" ordinal="0" offset="0" />
            </Method>
            <Method visited="true" cyclomaticComplexity="1" nPathComplexity="0" sequenceCoverage="0" branchCoverage="0" isConstructor="true" isStatic="false" isGetter="false" isSetter="false">
              <Summary numSequencePoints="0" visitedSequencePoints="0" numBranchPoints="0" visitedBranchPoints="0" sequenceCoverage="0" branchCoverage="0" maxCyclomaticComplexity="1" minCyclomaticComplexity="1" visitedClasses="0" numClasses="0" visitedMethods="0" numMethods="0" />
              <MetadataToken>100664935</MetadataToken>
              <Name>System.Void SportsWeb.Services.Cabinate.AmpLightService.AmpWebApiErrorHandling.ApiErrorResolver::.ctor()</Name>
              <SequencePoints />
              <BranchPoints />
              <MethodPoint vc="322" uspid="11611" ordinal="0" offset="0" />
            </Method>
          </Methods>
        </Class>
        <Class>
          <Summary numSequencePoints="1" visitedSequencePoints="1" numBranchPoints="1" visitedBranchPoints="1" sequenceCoverage="100" branchCoverage="100" maxCyclomaticComplexity="2" minCyclomaticComplexity="1" visitedClasses="1" numClasses="1" visitedMethods="1" numMethods="1" />
          <FullName>SportsWeb.Services.Cabinate.AmpLightService.AmpWebApiErrorHandling.ApiErrorResolver/&lt;&gt;c__DisplayClass0_0</FullName>
          <Methods>
            <Method visited="true" cyclomaticComplexity="1" nPathComplexity="0" sequenceCoverage="0" branchCoverage="0" isConstructor="true" isStatic="false" isGetter="false" isSetter="false">
              <Summary numSequencePoints="0" visitedSequencePoints="0" numBranchPoints="0" visitedBranchPoints="0" sequenceCoverage="0" branchCoverage="0" maxCyclomaticComplexity="1" minCyclomaticComplexity="1" visitedClasses="0" numClasses="0" visitedMethods="0" numMethods="0" />
              <MetadataToken>100667215</MetadataToken>
              <Name>System.Void SportsWeb.Services.Cabinate.AmpLightService.AmpWebApiErrorHandling.ApiErrorResolver/&lt;&gt;c__DisplayClass0_0::.ctor()</Name>
              <SequencePoints />
              <BranchPoints />
              <MethodPoint vc="322" uspid="11612" ordinal="0" offset="0" />
            </Method>
            <Method visited="true" cyclomaticComplexity="2" nPathComplexity="0" sequenceCoverage="100" branchCoverage="100" isConstructor="false" isStatic="false" isGetter="false" isSetter="false">
              <Summary numSequencePoints="1" visitedSequencePoints="1" numBranchPoints="1" visitedBranchPoints="1" sequenceCoverage="100" branchCoverage="100" maxCyclomaticComplexity="2" minCyclomaticComplexity="2" visitedClasses="0" numClasses="0" visitedMethods="1" numMethods="1" />
              <MetadataToken>100667216</MetadataToken>
              <Name>System.Boolean SportsWeb.Services.Cabinate.AmpLightService.AmpWebApiErrorHandling.ApiErrorResolver/&lt;&gt;c__DisplayClass0_0::&lt;TryResolveError&gt;b__0(SportsWeb.Services.Cabinate.AmpLightService.AmpWebApiErrorHandling.ApiErrorMessage)</Name>
              <FileRef uid="283" />
              <SequencePoints>
                <SequencePoint vc="139315" uspid="11613" ordinal="0" offset="0" sl="16" sc="26" el="16" ec="87" bec="0" bev="0" fileid="283" />
              </SequencePoints>
              <BranchPoints />
              <MethodPoint xsi:type="SequencePoint" vc="139315" uspid="11613" ordinal="0" offset="0" sl="16" sc="26" el="16" ec="87" bec="0" bev="0" fileid="283" />
            </Method>
          </Methods>
        </Class>
        <Class>
          <Summary numSequencePoints="9" visitedSequencePoints="9" numBranchPoints="5" visitedBranchPoints="5" sequenceCoverage="100" branchCoverage="100" maxCyclomaticComplexity="1" minCyclomaticComplexity="1" visitedClasses="1" numClasses="1" visitedMethods="5" numMethods="5" />
          <FullName>SportsWeb.Services.Cabinate.AmpLightService.AmpWebApiErrorHandling.ApiUserExceptionEntity</FullName>
          <Methods>
            <Method visited="true" cyclomaticComplexity="1" nPathComplexity="0" sequenceCoverage="100" branchCoverage="100" isConstructor="false" isStatic="false" isGetter="true" isSetter="false">
              <Summary numSequencePoints="1" visitedSequencePoints="1" numBranchPoints="1" visitedBranchPoints="1" sequenceCoverage="100" branchCoverage="100" maxCyclomaticComplexity="1" minCyclomaticComplexity="1" visitedClasses="0" numClasses="0" visitedMethods="1" numMethods="1" />
              <MetadataToken>100664937</MetadataToken>
              <Name>System.Linq.Expressions.Expression`1&lt;System.Func`1&lt;System.String&gt;&gt; SportsWeb.Services.Cabinate.AmpLightService.AmpWebApiErrorHandling.ApiUserExceptionEntity::get_MessageKey()</Name>
              <FileRef uid="285" />
              <SequencePoints>
                <SequencePoint vc="283" uspid="11616" ordinal="0" offset="0" sl="15" sc="54" el="15" ec="58" bec="0" bev="0" fileid="285" />
              </SequencePoints>
              <BranchPoints />
              <MethodPoint xsi:type="SequencePoint" vc="283" uspid="11616" ordinal="0" offset="0" sl="15" sc="54" el="15" ec="58" bec="0" bev="0" fileid="285" />
            </Method>
            <Method visited="true" cyclomaticComplexity="1" nPathComplexity="0" sequenceCoverage="100" branchCoverage="100" isConstructor="false" isStatic="false" isGetter="false" isSetter="true">
              <Summary numSequencePoints="1" visitedSequencePoints="1" numBranchPoints="1" visitedBranchPoints="1" sequenceCoverage="100" branchCoverage="100" maxCyclomaticComplexity="1" minCyclomaticComplexity="1" visitedClasses="0" numClasses="0" visitedMethods="1" numMethods="1" />
              <MetadataToken>100664938</MetadataToken>
              <Name>System.Void SportsWeb.Services.Cabinate.AmpLightService.AmpWebApiErrorHandling.ApiUserExceptionEntity::set_MessageKey(System.Linq.Expressions.Expression`1&lt;System.Func`1&lt;System.String&gt;&gt;)</Name>
              <FileRef uid="285" />
              <SequencePoints>
                <SequencePoint vc="283" uspid="11617" ordinal="0" offset="0" sl="15" sc="59" el="15" ec="71" bec="0" bev="0" fileid="285" />
              </SequencePoints>
              <BranchPoints />
              <MethodPoint xsi:type="SequencePoint" vc="283" uspid="11617" ordinal="0" offset="0" sl="15" sc="59" el="15" ec="71" bec="0" bev="0" fileid="285" />
            </Method>
            <Method visited="true" cyclomaticComplexity="1" nPathComplexity="0" sequenceCoverage="100" branchCoverage="100" isConstructor="false" isStatic="false" isGetter="true" isSetter="false">
              <Summary numSequencePoints="1" visitedSequencePoints="1" numBranchPoints="1" visitedBranchPoints="1" sequenceCoverage="100" branchCoverage="100" maxCyclomaticComplexity="1" minCyclomaticComplexity="1" visitedClasses="0" numClasses="0" visitedMethods="1" numMethods="1" />
              <MetadataToken>100664939</MetadataToken>
              <Name>System.Collections.Generic.List`1&lt;System.String&gt; SportsWeb.Services.Cabinate.AmpLightService.AmpWebApiErrorHandling.ApiUserExceptionEntity::get_OrderedParameters()</Name>
              <FileRef uid="285" />
              <SequencePoints>
                <SequencePoint vc="286" uspid="11618" ordinal="0" offset="0" sl="16" sc="49" el="16" ec="53" bec="0" bev="0" fileid="285" />
              </SequencePoints>
              <BranchPoints />
              <MethodPoint xsi:type="SequencePoint" vc="286" uspid="11618" ordinal="0" offset="0" sl="16" sc="49" el="16" ec="53" bec="0" bev="0" fileid="285" />
            </Method>
            <Method visited="true" cyclomaticComplexity="1" nPathComplexity="0" sequenceCoverage="100" branchCoverage="100" isConstructor="false" isStatic="false" isGetter="false" isSetter="true">
              <Summary numSequencePoints="1" visitedSequencePoints="1" numBranchPoints="1" visitedBranchPoints="1" sequenceCoverage="100" branchCoverage="100" maxCyclomaticComplexity="1" minCyclomaticComplexity="1" visitedClasses="0" numClasses="0" visitedMethods="1" numMethods="1" />
              <MetadataToken>100664940</MetadataToken>
              <Name>System.Void SportsWeb.Services.Cabinate.AmpLightService.AmpWebApiErrorHandling.ApiUserExceptionEntity::set_OrderedParameters(System.Collections.Generic.List`1&lt;System.String&gt;)</Name>
              <FileRef uid="285" />
              <SequencePoints>
                <SequencePoint vc="283" uspid="11619" ordinal="0" offset="0" sl="16" sc="54" el="16" ec="66" bec="0" bev="0" fileid="285" />
              </SequencePoints>
              <BranchPoints />
              <MethodPoint xsi:type="SequencePoint" vc="283" uspid="11619" ordinal="0" offset="0" sl="16" sc="54" el="16" ec="66" bec="0" bev="0" fileid="285" />
            </Method>
            <Method visited="true" cyclomaticComplexity="1" nPathComplexity="0" sequenceCoverage="100" branchCoverage="100" isConstructor="true" isStatic="false" isGetter="false" isSetter="false">
              <Summary numSequencePoints="5" visitedSequencePoints="5" numBranchPoints="1" visitedBranchPoints="1" sequenceCoverage="100" branchCoverage="100" maxCyclomaticComplexity="1" minCyclomaticComplexity="1" visitedClasses="0" numClasses="0" visitedMethods="1" numMethods="1" />
              <MetadataToken>100664936</MetadataToken>
              <Name>System.Void SportsWeb.Services.Cabinate.AmpLightService.AmpWebApiErrorHandling.ApiUserExceptionEntity::.ctor(System.Linq.Expressions.Expression`1&lt;System.Func`1&lt;System.String&gt;&gt;,System.Collections.Generic.List`1&lt;System.String&gt;)</Name>
              <FileRef uid="285" />
              <SequencePoints>
                <SequencePoint vc="283" uspid="11620" ordinal="0" offset="0" sl="9" sc="9" el="9" ec="105" bec="0" bev="0" fileid="285" />
                <SequencePoint vc="283" uspid="11621" ordinal="1" offset="7" sl="10" sc="9" el="10" ec="10" bec="0" bev="0" fileid="285" />
                <SequencePoint vc="283" uspid="11622" ordinal="2" offset="8" sl="11" sc="13" el="11" ec="37" bec="0" bev="0" fileid="285" />
                <SequencePoint vc="283" uspid="11623" ordinal="3" offset="16" sl="12" sc="13" el="12" ec="49" bec="0" bev="0" fileid="285" />
                <SequencePoint vc="283" uspid="11624" ordinal="4" offset="24" sl="13" sc="9" el="13" ec="10" bec="0" bev="0" fileid="285" />
              </SequencePoints>
              <BranchPoints />
              <MethodPoint xsi:type="SequencePoint" vc="283" uspid="11620" ordinal="0" offset="0" sl="9" sc="9" el="9" ec="105" bec="0" bev="0" fileid="285" />
            </Method>
          </Methods>
        </Class>
        <Class>
          <Summary numSequencePoints="0" visitedSequencePoints="0" numBranchPoints="0" visitedBranchPoints="0" sequenceCoverage="0" branchCoverage="0" maxCyclomaticComplexity="0" minCyclomaticComplexity="0" visitedClasses="0" numClasses="0" visitedMethods="0" numMethods="0" />
          <FullName>SportsWeb.Services.Cabinate.AmpLightService.AmpWebApiErrorHandling.ApiKeyConstants</FullName>
          <Methods />
        </Class>
        <Class>
          <Summary numSequencePoints="0" visitedSequencePoints="0" numBranchPoints="0" visitedBranchPoints="0" sequenceCoverage="0" branchCoverage="0" maxCyclomaticComplexity="0" minCyclomaticComplexity="0" visitedClasses="0" numClasses="0" visitedMethods="0" numMethods="0" />
          <FullName>SportsWeb.Services.Cabinate.AmpLightService.AmpWebApiErrorHandling.ApiErrorConstants</FullName>
          <Methods />
        </Class>
        <Class>
          <Summary numSequencePoints="55" visitedSequencePoints="24" numBranchPoints="35" visitedBranchPoints="13" sequenceCoverage="43.64" branchCoverage="37.14" maxCyclomaticComplexity="6" minCyclomaticComplexity="1" visitedClasses="1" numClasses="1" visitedMethods="8" numMethods="15" />
          <FullName>SportsWeb.Services.Cabinate.AmpLightService.AmpWebApiErrorHandling.SimpleTranslator</FullName>
          <Methods>
            <Method visited="true" cyclomaticComplexity="1" nPathComplexity="0" sequenceCoverage="100" branchCoverage="100" isConstructor="false" isStatic="false" isGetter="true" isSetter="false">
              <Summary numSequencePoints="1" visitedSequencePoints="1" numBranchPoints="1" visitedBranchPoints="1" sequenceCoverage="100" branchCoverage="100" maxCyclomaticComplexity="1" minCyclomaticComplexity="1" visitedClasses="0" numClasses="0" visitedMethods="1" numMethods="1" />
              <MetadataToken>100664954</MetadataToken>
              <Name>System.Collections.Generic.Dictionary`2&lt;System.String,System.String&gt; SportsWeb.Services.Cabinate.AmpLightService.AmpWebApiErrorHandling.SimpleTranslator::get_Resources()</Name>
              <FileRef uid="286" />
              <SequencePoints>
                <SequencePoint vc="282" uspid="11625" ordinal="0" offset="0" sl="77" sc="56" el="77" ec="60" bec="0" bev="0" fileid="286" />
              </SequencePoints>
              <BranchPoints />
              <MethodPoint xsi:type="SequencePoint" vc="282" uspid="11625" ordinal="0" offset="0" sl="77" sc="56" el="77" ec="60" bec="0" bev="0" fileid="286" />
            </Method>
            <Method visited="true" cyclomaticComplexity="1" nPathComplexity="0" sequenceCoverage="100" branchCoverage="100" isConstructor="false" isStatic="false" isGetter="false" isSetter="true">
              <Summary numSequencePoints="1" visitedSequencePoints="1" numBranchPoints="1" visitedBranchPoints="1" sequenceCoverage="100" branchCoverage="100" maxCyclomaticComplexity="1" minCyclomaticComplexity="1" visitedClasses="0" numClasses="0" visitedMethods="1" numMethods="1" />
              <MetadataToken>100664955</MetadataToken>
              <Name>System.Void SportsWeb.Services.Cabinate.AmpLightService.AmpWebApiErrorHandling.SimpleTranslator::set_Resources(System.Collections.Generic.Dictionary`2&lt;System.String,System.String&gt;)</Name>
              <FileRef uid="286" />
              <SequencePoints>
                <SequencePoint vc="282" uspid="11626" ordinal="0" offset="0" sl="77" sc="61" el="77" ec="65" bec="0" bev="0" fileid="286" />
              </SequencePoints>
              <BranchPoints />
              <MethodPoint xsi:type="SequencePoint" vc="282" uspid="11626" ordinal="0" offset="0" sl="77" sc="61" el="77" ec="65" bec="0" bev="0" fileid="286" />
            </Method>
            <Method visited="false" cyclomaticComplexity="1" nPathComplexity="0" sequenceCoverage="0" branchCoverage="0" isConstructor="false" isStatic="false" isGetter="true" isSetter="false">
              <Summary numSequencePoints="1" visitedSequencePoints="0" numBranchPoints="1" visitedBranchPoints="0" sequenceCoverage="0" branchCoverage="0" maxCyclomaticComplexity="1" minCyclomaticComplexity="1" visitedClasses="0" numClasses="0" visitedMethods="0" numMethods="1" />
              <MetadataToken>100664956</MetadataToken>
              <Name>System.Globalization.CultureInfo SportsWeb.Services.Cabinate.AmpLightService.AmpWebApiErrorHandling.SimpleTranslator::get_CultureInfo()</Name>
              <FileRef uid="286" />
              <SequencePoints>
                <SequencePoint vc="0" uspid="11627" ordinal="0" offset="0" sl="81" sc="13" el="81" ec="17" bec="0" bev="0" fileid="286" />
              </SequencePoints>
              <BranchPoints />
              <MethodPoint xsi:type="SequencePoint" vc="0" uspid="11627" ordinal="0" offset="0" sl="81" sc="13" el="81" ec="17" bec="0" bev="0" fileid="286" />
            </Method>
            <Method visited="true" cyclomaticComplexity="1" nPathComplexity="0" sequenceCoverage="100" branchCoverage="100" isConstructor="false" isStatic="false" isGetter="false" isSetter="true">
              <Summary numSequencePoints="1" visitedSequencePoints="1" numBranchPoints="1" visitedBranchPoints="1" sequenceCoverage="100" branchCoverage="100" maxCyclomaticComplexity="1" minCyclomaticComplexity="1" visitedClasses="0" numClasses="0" visitedMethods="1" numMethods="1" />
              <MetadataToken>100664957</MetadataToken>
              <Name>System.Void SportsWeb.Services.Cabinate.AmpLightService.AmpWebApiErrorHandling.SimpleTranslator::set_CultureInfo(System.Globalization.CultureInfo)</Name>
              <FileRef uid="286" />
              <SequencePoints>
                <SequencePoint vc="282" uspid="11628" ordinal="0" offset="0" sl="82" sc="13" el="82" ec="25" bec="0" bev="0" fileid="286" />
              </SequencePoints>
              <BranchPoints />
              <MethodPoint xsi:type="SequencePoint" vc="282" uspid="11628" ordinal="0" offset="0" sl="82" sc="13" el="82" ec="25" bec="0" bev="0" fileid="286" />
            </Method>
            <Method visited="false" cyclomaticComplexity="1" nPathComplexity="0" sequenceCoverage="0" branchCoverage="0" isConstructor="false" isStatic="false" isGetter="true" isSetter="false">
              <Summary numSequencePoints="1" visitedSequencePoints="0" numBranchPoints="1" visitedBranchPoints="0" sequenceCoverage="0" branchCoverage="0" maxCyclomaticComplexity="1" minCyclomaticComplexity="1" visitedClasses="0" numClasses="0" visitedMethods="0" numMethods="1" />
              <MetadataToken>100664958</MetadataToken>
              <Name>System.Globalization.CultureInfo SportsWeb.Services.Cabinate.AmpLightService.AmpWebApiErrorHandling.SimpleTranslator::get_CultureInfoUs()</Name>
              <FileRef uid="286" />
              <SequencePoints>
                <SequencePoint vc="0" uspid="11629" ordinal="0" offset="0" sl="85" sc="45" el="85" ec="49" bec="0" bev="0" fileid="286" />
              </SequencePoints>
              <BranchPoints />
              <MethodPoint xsi:type="SequencePoint" vc="0" uspid="11629" ordinal="0" offset="0" sl="85" sc="45" el="85" ec="49" bec="0" bev="0" fileid="286" />
            </Method>
            <Method visited="true" cyclomaticComplexity="1" nPathComplexity="0" sequenceCoverage="100" branchCoverage="100" isConstructor="false" isStatic="false" isGetter="false" isSetter="true">
              <Summary numSequencePoints="1" visitedSequencePoints="1" numBranchPoints="1" visitedBranchPoints="1" sequenceCoverage="100" branchCoverage="100" maxCyclomaticComplexity="1" minCyclomaticComplexity="1" visitedClasses="0" numClasses="0" visitedMethods="1" numMethods="1" />
              <MetadataToken>100664959</MetadataToken>
              <Name>System.Void SportsWeb.Services.Cabinate.AmpLightService.AmpWebApiErrorHandling.SimpleTranslator::set_CultureInfoUs(System.Globalization.CultureInfo)</Name>
              <FileRef uid="286" />
              <SequencePoints>
                <SequencePoint vc="282" uspid="11630" ordinal="0" offset="0" sl="85" sc="50" el="85" ec="54" bec="0" bev="0" fileid="286" />
              </SequencePoints>
              <BranchPoints />
              <MethodPoint xsi:type="SequencePoint" vc="282" uspid="11630" ordinal="0" offset="0" sl="85" sc="50" el="85" ec="54" bec="0" bev="0" fileid="286" />
            </Method>
            <Method visited="true" cyclomaticComplexity="6" nPathComplexity="4" sequenceCoverage="80" branchCoverage="60" isConstructor="true" isStatic="false" isGetter="false" isSetter="false">
              <Summary numSequencePoints="10" visitedSequencePoints="8" numBranchPoints="5" visitedBranchPoints="3" sequenceCoverage="80" branchCoverage="60" maxCyclomaticComplexity="6" minCyclomaticComplexity="6" visitedClasses="0" numClasses="0" visitedMethods="1" numMethods="1" />
              <MetadataToken>100664952</MetadataToken>
              <Name>System.Void SportsWeb.Services.Cabinate.AmpLightService.AmpWebApiErrorHandling.SimpleTranslator::.ctor(System.Globalization.CultureInfo,System.Collections.Generic.Dictionary`2&lt;System.String,System.String&gt;)</Name>
              <FileRef uid="286" />
              <SequencePoints>
                <SequencePoint vc="282" uspid="11631" ordinal="0" offset="0" sl="54" sc="9" el="54" ec="91" bec="0" bev="0" fileid="286" />
                <SequencePoint vc="282" uspid="11632" ordinal="1" offset="7" sl="55" sc="9" el="55" ec="10" bec="0" bev="0" fileid="286" />
                <SequencePoint vc="282" uspid="11633" ordinal="2" offset="8" sl="56" sc="13" el="56" ec="33" bec="2" bev="1" fileid="286" />
                <SequencePoint vc="0" uspid="11634" ordinal="3" offset="16" sl="56" sc="34" el="56" ec="83" bec="0" bev="0" fileid="286" />
                <SequencePoint vc="282" uspid="11635" ordinal="4" offset="27" sl="57" sc="13" el="57" ec="35" bec="2" bev="1" fileid="286" />
                <SequencePoint vc="0" uspid="11636" ordinal="5" offset="35" sl="57" sc="36" el="57" ec="87" bec="0" bev="0" fileid="286" />
                <SequencePoint vc="282" uspid="11637" ordinal="6" offset="46" sl="59" sc="13" el="59" ec="35" bec="0" bev="0" fileid="286" />
                <SequencePoint vc="282" uspid="11638" ordinal="7" offset="54" sl="60" sc="13" el="60" ec="72" bec="0" bev="0" fileid="286" />
                <SequencePoint vc="282" uspid="11639" ordinal="8" offset="71" sl="62" sc="13" el="62" ec="94" bec="0" bev="0" fileid="286" />
                <SequencePoint vc="282" uspid="11640" ordinal="9" offset="182" sl="67" sc="9" el="67" ec="10" bec="0" bev="0" fileid="286" />
              </SequencePoints>
              <BranchPoints>
                <BranchPoint vc="0" uspid="11641" ordinal="0" offset="14" sl="56" path="0" offsetend="16" fileid="286" />
                <BranchPoint vc="282" uspid="11642" ordinal="1" offset="14" sl="56" path="1" offsetend="27" fileid="286" />
                <BranchPoint vc="0" uspid="11643" ordinal="2" offset="33" sl="57" path="0" offsetend="35" fileid="286" />
                <BranchPoint vc="282" uspid="11644" ordinal="3" offset="33" sl="57" path="1" offsetend="46" fileid="286" />
              </BranchPoints>
              <MethodPoint xsi:type="SequencePoint" vc="282" uspid="11631" ordinal="0" offset="0" sl="54" sc="9" el="54" ec="91" bec="0" bev="0" fileid="286" />
            </Method>
            <Method visited="false" cyclomaticComplexity="1" nPathComplexity="0" sequenceCoverage="0" branchCoverage="0" isConstructor="false" isStatic="true" isGetter="false" isSetter="false">
              <Summary numSequencePoints="3" visitedSequencePoints="0" numBranchPoints="1" visitedBranchPoints="0" sequenceCoverage="0" branchCoverage="0" maxCyclomaticComplexity="1" minCyclomaticComplexity="1" visitedClasses="0" numClasses="0" visitedMethods="0" numMethods="1" />
              <MetadataToken>100664953</MetadataToken>
              <Name>SportsWeb.Services.Cabinate.AmpLightService.AmpWebApiErrorHandling.ISimpleTranslator SportsWeb.Services.Cabinate.AmpLightService.AmpWebApiErrorHandling.SimpleTranslator::Resolve(System.Collections.Generic.Dictionary`2&lt;System.String,System.String&gt;,System.Globalization.CultureInfo)</Name>
              <FileRef uid="286" />
              <SequencePoints>
                <SequencePoint vc="0" uspid="11651" ordinal="0" offset="0" sl="70" sc="9" el="70" ec="10" bec="0" bev="0" fileid="286" />
                <SequencePoint vc="0" uspid="11652" ordinal="1" offset="1" sl="71" sc="13" el="74" ec="17" bec="0" bev="0" fileid="286" />
                <SequencePoint vc="0" uspid="11653" ordinal="2" offset="48" sl="75" sc="9" el="75" ec="10" bec="0" bev="0" fileid="286" />
              </SequencePoints>
              <BranchPoints />
              <MethodPoint xsi:type="SequencePoint" vc="0" uspid="11651" ordinal="0" offset="0" sl="70" sc="9" el="70" ec="10" bec="0" bev="0" fileid="286" />
            </Method>
            <Method visited="true" cyclomaticComplexity="6" nPathComplexity="32" sequenceCoverage="46.15" branchCoverage="27.27" isConstructor="false" isStatic="false" isGetter="false" isSetter="false">
              <Summary numSequencePoints="13" visitedSequencePoints="6" numBranchPoints="11" visitedBranchPoints="3" sequenceCoverage="46.15" branchCoverage="27.27" maxCyclomaticComplexity="6" minCyclomaticComplexity="6" visitedClasses="0" numClasses="0" visitedMethods="1" numMethods="1" />
              <MetadataToken>100664960</MetadataToken>
              <Name>System.String SportsWeb.Services.Cabinate.AmpLightService.AmpWebApiErrorHandling.SimpleTranslator::Translate(System.String,System.String,System.String,System.Int32)</Name>
              <FileRef uid="286" />
              <SequencePoints>
                <SequencePoint vc="282" uspid="11654" ordinal="0" offset="0" sl="93" sc="9" el="93" ec="10" bec="0" bev="0" fileid="286" />
                <SequencePoint vc="282" uspid="11655" ordinal="1" offset="1" sl="94" sc="13" el="94" ec="43" bec="2" bev="1" fileid="286" />
                <SequencePoint vc="0" uspid="11656" ordinal="2" offset="11" sl="95" sc="17" el="95" ec="37" bec="0" bev="0" fileid="286" />
                <SequencePoint vc="282" uspid="11657" ordinal="3" offset="22" sl="98" sc="13" el="98" ec="51" bec="0" bev="0" fileid="286" />
                <SequencePoint vc="282" uspid="11658" ordinal="4" offset="37" sl="99" sc="13" el="99" ec="31" bec="2" bev="1" fileid="286" />
                <SequencePoint vc="0" uspid="11659" ordinal="5" offset="48" sl="100" sc="13" el="100" ec="14" bec="0" bev="0" fileid="286" />
                <SequencePoint vc="0" uspid="11660" ordinal="6" offset="49" sl="101" sc="17" el="107" ec="33" bec="4" bev="0" fileid="286" />
                <SequencePoint vc="0" uspid="11661" ordinal="7" offset="116" sl="108" sc="17" el="108" ec="71" bec="2" bev="0" fileid="286" />
                <SequencePoint vc="0" uspid="11662" ordinal="8" offset="143" sl="109" sc="21" el="109" ec="36" bec="0" bev="0" fileid="286" />
                <SequencePoint vc="0" uspid="11663" ordinal="9" offset="158" sl="111" sc="21" el="111" ec="41" bec="0" bev="0" fileid="286" />
                <SequencePoint vc="0" uspid="11664" ordinal="10" offset="176" sl="112" sc="17" el="112" ec="28" bec="0" bev="0" fileid="286" />
                <SequencePoint vc="282" uspid="11665" ordinal="11" offset="180" sl="114" sc="13" el="114" ec="26" bec="0" bev="0" fileid="286" />
                <SequencePoint vc="282" uspid="11666" ordinal="12" offset="184" sl="115" sc="9" el="115" ec="10" bec="0" bev="0" fileid="286" />
              </SequencePoints>
              <BranchPoints>
                <BranchPoint vc="0" uspid="11667" ordinal="0" offset="9" sl="94" path="0" offsetend="11" fileid="286" />
                <BranchPoint vc="282" uspid="11668" ordinal="1" offset="9" sl="94" path="1" offsetend="22" fileid="286" />
                <BranchPoint vc="0" uspid="11669" ordinal="2" offset="43" sl="99" path="0" offsetend="48" fileid="286" />
                <BranchPoint vc="282" uspid="11670" ordinal="3" offset="43" sl="99" path="1" offsetend="180" fileid="286" />
                <BranchPoint vc="0" uspid="11671" ordinal="4" offset="77" sl="101" path="0" offsetend="79" fileid="286" />
                <BranchPoint vc="0" uspid="11672" ordinal="5" offset="77" sl="101" path="1" offsetend="85" fileid="286" />
                <BranchPoint vc="0" uspid="11673" ordinal="6" offset="90" sl="101" path="0" offsetend="92" fileid="286" />
                <BranchPoint vc="0" uspid="11674" ordinal="7" offset="90" sl="101" path="1" offsetend="98" fileid="286" />
                <BranchPoint vc="0" uspid="11675" ordinal="8" offset="141" sl="108" path="0" offsetend="143" fileid="286" />
                <BranchPoint vc="0" uspid="11676" ordinal="9" offset="141" sl="108" path="1" offsetend="158" fileid="286" />
              </BranchPoints>
              <MethodPoint xsi:type="SequencePoint" vc="282" uspid="11654" ordinal="0" offset="0" sl="93" sc="9" el="93" ec="10" bec="0" bev="0" fileid="286" />
            </Method>
            <Method visited="false" cyclomaticComplexity="2" nPathComplexity="2" sequenceCoverage="0" branchCoverage="0" isConstructor="false" isStatic="false" isGetter="false" isSetter="false">
              <Summary numSequencePoints="3" visitedSequencePoints="0" numBranchPoints="3" visitedBranchPoints="0" sequenceCoverage="0" branchCoverage="0" maxCyclomaticComplexity="2" minCyclomaticComplexity="2" visitedClasses="0" numClasses="0" visitedMethods="0" numMethods="1" />
              <MetadataToken>100664961</MetadataToken>
              <Name>System.String SportsWeb.Services.Cabinate.AmpLightService.AmpWebApiErrorHandling.SimpleTranslator::TranslateEntity(SportsWeb.Services.Cabinate.AmpLightService.AmpWebApiErrorHandling.ITranslatableEntity)</Name>
              <FileRef uid="286" />
              <SequencePoints>
                <SequencePoint vc="0" uspid="11677" ordinal="0" offset="0" sl="118" sc="9" el="118" ec="10" bec="0" bev="0" fileid="286" />
                <SequencePoint vc="0" uspid="11678" ordinal="1" offset="1" sl="119" sc="13" el="121" ec="48" bec="2" bev="0" fileid="286" />
                <SequencePoint vc="0" uspid="11679" ordinal="2" offset="49" sl="122" sc="9" el="122" ec="10" bec="0" bev="0" fileid="286" />
              </SequencePoints>
              <BranchPoints>
                <BranchPoint vc="0" uspid="11680" ordinal="0" offset="12" sl="119" path="0" offsetend="14" fileid="286" />
                <BranchPoint vc="0" uspid="11681" ordinal="1" offset="12" sl="119" path="1" offsetend="22" fileid="286" />
              </BranchPoints>
              <MethodPoint xsi:type="SequencePoint" vc="0" uspid="11677" ordinal="0" offset="0" sl="118" sc="9" el="118" ec="10" bec="0" bev="0" fileid="286" />
            </Method>
            <Method visited="false" cyclomaticComplexity="2" nPathComplexity="2" sequenceCoverage="0" branchCoverage="0" isConstructor="false" isStatic="false" isGetter="false" isSetter="false">
              <Summary numSequencePoints="6" visitedSequencePoints="0" numBranchPoints="3" visitedBranchPoints="0" sequenceCoverage="0" branchCoverage="0" maxCyclomaticComplexity="2" minCyclomaticComplexity="2" visitedClasses="0" numClasses="0" visitedMethods="0" numMethods="1" />
              <MetadataToken>100664962</MetadataToken>
              <Name>System.String SportsWeb.Services.Cabinate.AmpLightService.AmpWebApiErrorHandling.SimpleTranslator::TranslateWithParameters(System.String,System.Object[])</Name>
              <FileRef uid="286" />
              <SequencePoints>
                <SequencePoint vc="0" uspid="11682" ordinal="0" offset="0" sl="125" sc="9" el="125" ec="10" bec="0" bev="0" fileid="286" />
                <SequencePoint vc="0" uspid="11683" ordinal="1" offset="1" sl="126" sc="13" el="126" ec="52" bec="0" bev="0" fileid="286" />
                <SequencePoint vc="0" uspid="11684" ordinal="2" offset="21" sl="127" sc="13" el="127" ec="54" bec="2" bev="0" fileid="286" />
                <SequencePoint vc="0" uspid="11685" ordinal="3" offset="31" sl="127" sc="55" el="127" ec="75" bec="0" bev="0" fileid="286" />
                <SequencePoint vc="0" uspid="11686" ordinal="4" offset="39" sl="128" sc="13" el="128" ec="62" bec="0" bev="0" fileid="286" />
                <SequencePoint vc="0" uspid="11687" ordinal="5" offset="49" sl="129" sc="9" el="129" ec="10" bec="0" bev="0" fileid="286" />
              </SequencePoints>
              <BranchPoints>
                <BranchPoint vc="0" uspid="11688" ordinal="0" offset="29" sl="127" path="0" offsetend="31" fileid="286" />
                <BranchPoint vc="0" uspid="11689" ordinal="1" offset="29" sl="127" path="1" offsetend="39" fileid="286" />
              </BranchPoints>
              <MethodPoint xsi:type="SequencePoint" vc="0" uspid="11682" ordinal="0" offset="0" sl="125" sc="9" el="125" ec="10" bec="0" bev="0" fileid="286" />
            </Method>
            <Method visited="true" cyclomaticComplexity="2" nPathComplexity="2" sequenceCoverage="83.33" branchCoverage="66.67" isConstructor="false" isStatic="false" isGetter="false" isSetter="false">
              <Summary numSequencePoints="6" visitedSequencePoints="5" numBranchPoints="3" visitedBranchPoints="2" sequenceCoverage="83.33" branchCoverage="66.67" maxCyclomaticComplexity="2" minCyclomaticComplexity="2" visitedClasses="0" numClasses="0" visitedMethods="1" numMethods="1" />
              <MetadataToken>100664963</MetadataToken>
              <Name>System.String SportsWeb.Services.Cabinate.AmpLightService.AmpWebApiErrorHandling.SimpleTranslator::TranslateWithStringParameters(System.String,System.Collections.Generic.List`1&lt;System.String&gt;)</Name>
              <FileRef uid="286" />
              <SequencePoints>
                <SequencePoint vc="282" uspid="11690" ordinal="0" offset="0" sl="132" sc="9" el="132" ec="10" bec="0" bev="0" fileid="286" />
                <SequencePoint vc="282" uspid="11691" ordinal="1" offset="1" sl="133" sc="13" el="133" ec="52" bec="0" bev="0" fileid="286" />
                <SequencePoint vc="282" uspid="11692" ordinal="2" offset="24" sl="134" sc="13" el="134" ec="54" bec="2" bev="1" fileid="286" />
                <SequencePoint vc="0" uspid="11693" ordinal="3" offset="34" sl="134" sc="55" el="134" ec="75" bec="0" bev="0" fileid="286" />
                <SequencePoint vc="282" uspid="11694" ordinal="4" offset="42" sl="135" sc="13" el="135" ec="72" bec="0" bev="0" fileid="286" />
                <SequencePoint vc="282" uspid="11695" ordinal="5" offset="59" sl="136" sc="9" el="136" ec="10" bec="0" bev="0" fileid="286" />
              </SequencePoints>
              <BranchPoints>
                <BranchPoint vc="0" uspid="11696" ordinal="0" offset="32" sl="134" path="0" offsetend="34" fileid="286" />
                <BranchPoint vc="282" uspid="11697" ordinal="1" offset="32" sl="134" path="1" offsetend="42" fileid="286" />
              </BranchPoints>
              <MethodPoint xsi:type="SequencePoint" vc="282" uspid="11690" ordinal="0" offset="0" sl="132" sc="9" el="132" ec="10" bec="0" bev="0" fileid="286" />
            </Method>
            <Method visited="false" cyclomaticComplexity="1" nPathComplexity="0" sequenceCoverage="0" branchCoverage="0" isConstructor="false" isStatic="false" isGetter="false" isSetter="false">
              <Summary numSequencePoints="4" visitedSequencePoints="0" numBranchPoints="1" visitedBranchPoints="0" sequenceCoverage="0" branchCoverage="0" maxCyclomaticComplexity="1" minCyclomaticComplexity="1" visitedClasses="0" numClasses="0" visitedMethods="0" numMethods="1" />
              <MetadataToken>100664964</MetadataToken>
              <Name>System.String SportsWeb.Services.Cabinate.AmpLightService.AmpWebApiErrorHandling.SimpleTranslator::TranslateEnumName(System.String)</Name>
              <FileRef uid="286" />
              <SequencePoints>
                <SequencePoint vc="0" uspid="11698" ordinal="0" offset="0" sl="139" sc="9" el="139" ec="10" bec="0" bev="0" fileid="286" />
                <SequencePoint vc="0" uspid="11699" ordinal="1" offset="1" sl="140" sc="13" el="140" ec="73" bec="0" bev="0" fileid="286" />
                <SequencePoint vc="0" uspid="11700" ordinal="2" offset="24" sl="141" sc="13" el="141" ec="35" bec="0" bev="0" fileid="286" />
                <SequencePoint vc="0" uspid="11701" ordinal="3" offset="49" sl="142" sc="9" el="142" ec="10" bec="0" bev="0" fileid="286" />
              </SequencePoints>
              <BranchPoints />
              <MethodPoint xsi:type="SequencePoint" vc="0" uspid="11698" ordinal="0" offset="0" sl="139" sc="9" el="139" ec="10" bec="0" bev="0" fileid="286" />
            </Method>
            <Method visited="false" cyclomaticComplexity="1" nPathComplexity="0" sequenceCoverage="0" branchCoverage="0" isConstructor="false" isStatic="false" isGetter="false" isSetter="false">
              <Summary numSequencePoints="3" visitedSequencePoints="0" numBranchPoints="1" visitedBranchPoints="0" sequenceCoverage="0" branchCoverage="0" maxCyclomaticComplexity="1" minCyclomaticComplexity="1" visitedClasses="0" numClasses="0" visitedMethods="0" numMethods="1" />
              <MetadataToken>100664965</MetadataToken>
              <Name>System.String SportsWeb.Services.Cabinate.AmpLightService.AmpWebApiErrorHandling.SimpleTranslator::GetEnumResourceKey(System.String,System.Object)</Name>
              <FileRef uid="286" />
              <SequencePoints>
                <SequencePoint vc="0" uspid="11702" ordinal="0" offset="0" sl="145" sc="9" el="145" ec="10" bec="0" bev="0" fileid="286" />
                <SequencePoint vc="0" uspid="11703" ordinal="1" offset="1" sl="146" sc="13" el="146" ec="80" bec="0" bev="0" fileid="286" />
                <SequencePoint vc="0" uspid="11704" ordinal="2" offset="16" sl="147" sc="9" el="147" ec="10" bec="0" bev="0" fileid="286" />
              </SequencePoints>
              <BranchPoints />
              <MethodPoint xsi:type="SequencePoint" vc="0" uspid="11702" ordinal="0" offset="0" sl="145" sc="9" el="145" ec="10" bec="0" bev="0" fileid="286" />
            </Method>
            <Method visited="true" cyclomaticComplexity="1" nPathComplexity="0" sequenceCoverage="100" branchCoverage="100" isConstructor="true" isStatic="true" isGetter="false" isSetter="false">
              <Summary numSequencePoints="1" visitedSequencePoints="1" numBranchPoints="1" visitedBranchPoints="1" sequenceCoverage="100" branchCoverage="100" maxCyclomaticComplexity="1" minCyclomaticComplexity="1" visitedClasses="0" numClasses="0" visitedMethods="1" numMethods="1" />
              <MetadataToken>100664966</MetadataToken>
              <Name>System.Void SportsWeb.Services.Cabinate.AmpLightService.AmpWebApiErrorHandling.SimpleTranslator::.cctor()</Name>
              <FileRef uid="286" />
              <SequencePoints>
                <SequencePoint vc="1" uspid="11705" ordinal="0" offset="0" sl="48" sc="9" el="48" ec="91" bec="0" bev="0" fileid="286" />
              </SequencePoints>
              <BranchPoints />
              <MethodPoint xsi:type="SequencePoint" vc="1" uspid="11705" ordinal="0" offset="0" sl="48" sc="9" el="48" ec="91" bec="0" bev="0" fileid="286" />
            </Method>
          </Methods>
        </Class>
        <Class>
          <Summary numSequencePoints="3" visitedSequencePoints="3" numBranchPoints="3" visitedBranchPoints="3" sequenceCoverage="100" branchCoverage="100" maxCyclomaticComplexity="1" minCyclomaticComplexity="1" visitedClasses="1" numClasses="1" visitedMethods="3" numMethods="3" />
          <FullName>SportsWeb.Services.Cabinate.AmpLightService.AmpWebApiErrorHandling.SimpleTranslator/&lt;&gt;c</FullName>
          <Methods>
            <Method visited="true" cyclomaticComplexity="1" nPathComplexity="0" sequenceCoverage="0" branchCoverage="0" isConstructor="true" isStatic="true" isGetter="false" isSetter="false">
              <Summary numSequencePoints="0" visitedSequencePoints="0" numBranchPoints="0" visitedBranchPoints="0" sequenceCoverage="0" branchCoverage="0" maxCyclomaticComplexity="1" minCyclomaticComplexity="1" visitedClasses="0" numClasses="0" visitedMethods="0" numMethods="0" />
              <MetadataToken>100667217</MetadataToken>
              <Name>System.Void SportsWeb.Services.Cabinate.AmpLightService.AmpWebApiErrorHandling.SimpleTranslator/&lt;&gt;c::.cctor()</Name>
              <SequencePoints />
              <BranchPoints />
              <MethodPoint vc="1" uspid="11706" ordinal="0" offset="0" />
            </Method>
            <Method visited="true" cyclomaticComplexity="1" nPathComplexity="0" sequenceCoverage="0" branchCoverage="0" isConstructor="true" isStatic="false" isGetter="false" isSetter="false">
              <Summary numSequencePoints="0" visitedSequencePoints="0" numBranchPoints="0" visitedBranchPoints="0" sequenceCoverage="0" branchCoverage="0" maxCyclomaticComplexity="1" minCyclomaticComplexity="1" visitedClasses="0" numClasses="0" visitedMethods="0" numMethods="0" />
              <MetadataToken>100667218</MetadataToken>
              <Name>System.Void SportsWeb.Services.Cabinate.AmpLightService.AmpWebApiErrorHandling.SimpleTranslator/&lt;&gt;c::.ctor()</Name>
              <SequencePoints />
              <BranchPoints />
              <MethodPoint vc="1" uspid="11707" ordinal="0" offset="0" />
            </Method>
            <Method visited="true" cyclomaticComplexity="1" nPathComplexity="0" sequenceCoverage="100" branchCoverage="100" isConstructor="false" isStatic="false" isGetter="false" isSetter="false">
              <Summary numSequencePoints="1" visitedSequencePoints="1" numBranchPoints="1" visitedBranchPoints="1" sequenceCoverage="100" branchCoverage="100" maxCyclomaticComplexity="1" minCyclomaticComplexity="1" visitedClasses="0" numClasses="0" visitedMethods="1" numMethods="1" />
              <MetadataToken>100667219</MetadataToken>
              <Name>System.String SportsWeb.Services.Cabinate.AmpLightService.AmpWebApiErrorHandling.SimpleTranslator/&lt;&gt;c::&lt;.ctor&gt;b__2_0(System.Collections.Generic.KeyValuePair`2&lt;System.String,System.String&gt;)</Name>
              <FileRef uid="286" />
              <SequencePoints>
                <SequencePoint vc="128310" uspid="11708" ordinal="0" offset="0" sl="62" sc="48" el="62" ec="53" bec="0" bev="0" fileid="286" />
              </SequencePoints>
              <BranchPoints />
              <MethodPoint xsi:type="SequencePoint" vc="128310" uspid="11708" ordinal="0" offset="0" sl="62" sc="48" el="62" ec="53" bec="0" bev="0" fileid="286" />
            </Method>
            <Method visited="true" cyclomaticComplexity="1" nPathComplexity="0" sequenceCoverage="100" branchCoverage="100" isConstructor="false" isStatic="false" isGetter="false" isSetter="false">
              <Summary numSequencePoints="1" visitedSequencePoints="1" numBranchPoints="1" visitedBranchPoints="1" sequenceCoverage="100" branchCoverage="100" maxCyclomaticComplexity="1" minCyclomaticComplexity="1" visitedClasses="0" numClasses="0" visitedMethods="1" numMethods="1" />
              <MetadataToken>100667220</MetadataToken>
              <Name>System.String SportsWeb.Services.Cabinate.AmpLightService.AmpWebApiErrorHandling.SimpleTranslator/&lt;&gt;c::&lt;.ctor&gt;b__2_1(System.Collections.Generic.KeyValuePair`2&lt;System.String,System.String&gt;)</Name>
              <FileRef uid="286" />
              <SequencePoints>
                <SequencePoint vc="128310" uspid="11709" ordinal="0" offset="0" sl="62" sc="73" el="62" ec="78" bec="0" bev="0" fileid="286" />
              </SequencePoints>
              <BranchPoints />
              <MethodPoint xsi:type="SequencePoint" vc="128310" uspid="11709" ordinal="0" offset="0" sl="62" sc="73" el="62" ec="78" bec="0" bev="0" fileid="286" />
            </Method>
            <Method visited="true" cyclomaticComplexity="1" nPathComplexity="0" sequenceCoverage="100" branchCoverage="100" isConstructor="false" isStatic="false" isGetter="false" isSetter="false">
              <Summary numSequencePoints="1" visitedSequencePoints="1" numBranchPoints="1" visitedBranchPoints="1" sequenceCoverage="100" branchCoverage="100" maxCyclomaticComplexity="1" minCyclomaticComplexity="1" visitedClasses="0" numClasses="0" visitedMethods="1" numMethods="1" />
              <MetadataToken>100667221</MetadataToken>
              <Name>System.String SportsWeb.Services.Cabinate.AmpLightService.AmpWebApiErrorHandling.SimpleTranslator/&lt;&gt;c::&lt;.ctor&gt;b__2_2(System.Collections.Generic.KeyValuePair`2&lt;System.String,System.String&gt;)</Name>
              <FileRef uid="286" />
              <SequencePoints>
                <SequencePoint vc="128310" uspid="11710" ordinal="0" offset="0" sl="62" sc="85" el="62" ec="92" bec="0" bev="0" fileid="286" />
              </SequencePoints>
              <BranchPoints />
              <MethodPoint xsi:type="SequencePoint" vc="128310" uspid="11710" ordinal="0" offset="0" sl="62" sc="85" el="62" ec="92" bec="0" bev="0" fileid="286" />
            </Method>
          </Methods>
        </Class>
        <Class skippedDueTo="Filter">
          <FullName>SportsWeb.Services.Cabinate.AmpLightService.Interfaces.ControlCommandStatusInfo</FullName>
          <Methods />
        </Class>
        <Class skippedDueTo="Filter">
          <FullName>SportsWeb.Services.Cabinate.AmpLightService.Interfaces.UserInfo</FullName>
          <Methods />
        </Class>
        <Class skippedDueTo="Filter">
          <FullName>SportsWeb.Services.Cabinate.AmpLightService.Interfaces.VerifyCircuitStatusResponse</FullName>
          <Methods />
        </Class>
        <Class skippedDueTo="Filter">
          <FullName>SportsWeb.Services.Cabinate.AmpLightService.Interfaces.Status</FullName>
          <Methods />
        </Class>
        <Class skippedDueTo="Filter">
          <FullName>SportsWeb.Services.Cabinate.AmpLightService.Interfaces.VerifyCircuitStatusRequest</FullName>
          <Methods />
        </Class>
        <Class skippedDueTo="Filter">
          <FullName>SportsWeb.Services.Cabinate.AmpLightService.Interfaces.verifyStatus</FullName>
          <Methods />
        </Class>
        <Class skippedDueTo="Filter">
          <FullName>SportsWeb.Services.Cabinate.AmpLightService.Interfaces.VerifyCircuitResponse</FullName>
          <Methods />
        </Class>
        <Class skippedDueTo="Filter">
          <FullName>SportsWeb.Services.Cabinate.AmpLightService.Interfaces.VerifyCircuitRequest</FullName>
          <Methods />
        </Class>
        <Class skippedDueTo="Filter">
          <FullName>SportsWeb.Services.Cabinate.AmpLightService.Interfaces.StoptAutoCircuitDetectionResponse</FullName>
          <Methods />
        </Class>
        <Class skippedDueTo="Filter">
          <FullName>SportsWeb.Services.Cabinate.AmpLightService.Interfaces.StopAutoCircuitDetectionRequest</FullName>
          <Methods />
        </Class>
        <Class skippedDueTo="Filter">
          <FullName>SportsWeb.Services.Cabinate.AmpLightService.Interfaces.StartPartialAutoCircuitDetectionResponse</FullName>
          <Methods />
        </Class>
        <Class skippedDueTo="Filter">
          <FullName>SportsWeb.Services.Cabinate.AmpLightService.Interfaces.acdStatus</FullName>
          <Methods />
        </Class>
        <Class skippedDueTo="Filter">
          <FullName>SportsWeb.Services.Cabinate.AmpLightService.Interfaces.StartPartialAutoCircuitDetectionRequest</FullName>
          <Methods />
        </Class>
        <Class skippedDueTo="Filter">
          <FullName>SportsWeb.Services.Cabinate.AmpLightService.Interfaces.StartAutoCircuitDetectionResponse</FullName>
          <Methods />
        </Class>
        <Class skippedDueTo="Filter">
          <FullName>SportsWeb.Services.Cabinate.AmpLightService.Interfaces.StartAutoCircuitDetectionRequest</FullName>
          <Methods />
        </Class>
        <Class skippedDueTo="Filter">
          <FullName>SportsWeb.Services.Cabinate.AmpLightService.Interfaces.SceneSettingInfoResponse</FullName>
          <Methods />
        </Class>
        <Class skippedDueTo="Filter">
          <FullName>SportsWeb.Services.Cabinate.AmpLightService.Interfaces.SceneSettingInfoRequest</FullName>
          <Methods />
        </Class>
        <Class skippedDueTo="Filter">
          <FullName>SportsWeb.Services.Cabinate.AmpLightService.Interfaces.sceneSetting</FullName>
          <Methods />
        </Class>
        <Class skippedDueTo="Filter">
          <FullName>SportsWeb.Services.Cabinate.AmpLightService.Interfaces.SetSceneResponse</FullName>
          <Methods />
        </Class>
        <Class skippedDueTo="Filter">
          <FullName>SportsWeb.Services.Cabinate.AmpLightService.Interfaces.SetSceneRequest</FullName>
          <Methods />
        </Class>
        <Class skippedDueTo="Filter">
          <FullName>SportsWeb.Services.Cabinate.AmpLightService.Interfaces.SetPushButtonSettingForFieldResponse</FullName>
          <Methods />
        </Class>
        <Class skippedDueTo="Filter">
          <FullName>SportsWeb.Services.Cabinate.AmpLightService.Interfaces.PushButtonSettingInfo</FullName>
          <Methods />
        </Class>
        <Class skippedDueTo="Filter">
          <FullName>SportsWeb.Services.Cabinate.AmpLightService.Interfaces.SetPushButtonSettingForFieldRequest</FullName>
          <Methods />
        </Class>
        <Class skippedDueTo="Filter">
          <FullName>SportsWeb.Services.Cabinate.AmpLightService.Interfaces.RenameCircuitResponse</FullName>
          <Methods />
        </Class>
        <Class skippedDueTo="Filter">
          <FullName>SportsWeb.Services.Cabinate.AmpLightService.Interfaces.RenameCircuitRequest</FullName>
          <Methods />
        </Class>
        <Class skippedDueTo="Filter">
          <FullName>SportsWeb.Services.Cabinate.AmpLightService.Interfaces.RemovePushButtonSettingFromFieldResponse</FullName>
          <Methods />
        </Class>
        <Class skippedDueTo="Filter">
          <FullName>SportsWeb.Services.Cabinate.AmpLightService.Interfaces.RemovePushButtonSettingFromFieldRequest</FullName>
          <Methods />
        </Class>
        <Class skippedDueTo="Filter">
          <FullName>SportsWeb.Services.Cabinate.AmpLightService.Interfaces.RemoveCircuitResponse</FullName>
          <Methods />
        </Class>
        <Class skippedDueTo="Filter">
          <FullName>SportsWeb.Services.Cabinate.AmpLightService.Interfaces.RemoveCircuitRequest</FullName>
          <Methods />
        </Class>
        <Class skippedDueTo="Filter">
          <FullName>SportsWeb.Services.Cabinate.AmpLightService.Interfaces.GetSitesResponse</FullName>
          <Methods />
        </Class>
        <Class skippedDueTo="Filter">
          <FullName>SportsWeb.Services.Cabinate.AmpLightService.Interfaces.SiteNodeTree</FullName>
          <Methods />
        </Class>
        <Class skippedDueTo="Filter">
          <FullName>SportsWeb.Services.Cabinate.AmpLightService.Interfaces.siteNode</FullName>
          <Methods />
        </Class>
        <Class skippedDueTo="Filter">
          <FullName>SportsWeb.Services.Cabinate.AmpLightService.Interfaces.GetSitesRequest</FullName>
          <Methods />
        </Class>
        <Class skippedDueTo="Filter">
          <FullName>SportsWeb.Services.Cabinate.AmpLightService.Interfaces.perfectPlaySchedules</FullName>
          <Methods />
        </Class>
        <Class skippedDueTo="Filter">
          <FullName>SportsWeb.Services.Cabinate.AmpLightService.Interfaces.perfectPlaySchedule</FullName>
          <Methods />
        </Class>
        <Class skippedDueTo="Filter">
          <FullName>SportsWeb.Services.Cabinate.AmpLightService.Interfaces.FixedCommand</FullName>
          <Methods />
        </Class>
        <Class skippedDueTo="Filter">
          <FullName>SportsWeb.Services.Cabinate.AmpLightService.Interfaces.scheduleFrequency</FullName>
          <Methods />
        </Class>
        <Class skippedDueTo="Filter">
          <FullName>SportsWeb.Services.Cabinate.AmpLightService.Interfaces.monthlyFrequency</FullName>
          <Methods />
        </Class>
        <Class skippedDueTo="Filter">
          <FullName>SportsWeb.Services.Cabinate.AmpLightService.Interfaces.geoLocation</FullName>
          <Methods />
        </Class>
        <Class skippedDueTo="Filter">
          <FullName>SportsWeb.Services.Cabinate.AmpLightService.Interfaces.offsetTime</FullName>
          <Methods />
        </Class>
        <Class skippedDueTo="Filter">
          <FullName>SportsWeb.Services.Cabinate.AmpLightService.Interfaces.GetSchedulesResponse</FullName>
          <Methods />
        </Class>
        <Class skippedDueTo="Filter">
          <FullName>SportsWeb.Services.Cabinate.AmpLightService.Interfaces.GetSchedulesRequest</FullName>
          <Methods />
        </Class>
        <Class skippedDueTo="Filter">
          <FullName>SportsWeb.Services.Cabinate.AmpLightService.Interfaces.activeCommand</FullName>
          <Methods />
        </Class>
        <Class skippedDueTo="Filter">
          <FullName>SportsWeb.Services.Cabinate.AmpLightService.Interfaces.GetActiveSceneResponse</FullName>
          <Methods />
        </Class>
        <Class skippedDueTo="Filter">
          <FullName>SportsWeb.Services.Cabinate.AmpLightService.Interfaces.GetActiveSceneRequest</FullName>
          <Methods />
        </Class>
        <Class skippedDueTo="Filter">
          <FullName>SportsWeb.Services.Cabinate.AmpLightService.Interfaces.GetPushButtonSettingForFieldResponse</FullName>
          <Methods />
        </Class>
        <Class skippedDueTo="Filter">
          <FullName>SportsWeb.Services.Cabinate.AmpLightService.Interfaces.pushButtonList</FullName>
          <Methods />
        </Class>
        <Class skippedDueTo="Filter">
          <FullName>SportsWeb.Services.Cabinate.AmpLightService.Interfaces.pushButton</FullName>
          <Methods />
        </Class>
        <Class skippedDueTo="Filter">
          <FullName>SportsWeb.Services.Cabinate.AmpLightService.Interfaces.pushButtonSetting</FullName>
          <Methods />
        </Class>
        <Class skippedDueTo="Filter">
          <FullName>SportsWeb.Services.Cabinate.AmpLightService.Interfaces.GetPushButtonSettingForFieldRequest</FullName>
          <Methods />
        </Class>
        <Class skippedDueTo="Filter">
          <FullName>SportsWeb.Services.Cabinate.AmpLightService.Interfaces.GetPushButtonResponse</FullName>
          <Methods />
        </Class>
        <Class skippedDueTo="Filter">
          <FullName>SportsWeb.Services.Cabinate.AmpLightService.Interfaces.GetPushButtonRequest</FullName>
          <Methods />
        </Class>
        <Class skippedDueTo="Filter">
          <FullName>SportsWeb.Services.Cabinate.AmpLightService.Interfaces.perfectPlayMasterScheduleList</FullName>
          <Methods />
        </Class>
        <Class skippedDueTo="Filter">
          <FullName>SportsWeb.Services.Cabinate.AmpLightService.Interfaces.perfectPlayMasterScheduleInfo</FullName>
          <Methods />
        </Class>
        <Class skippedDueTo="Filter">
          <FullName>SportsWeb.Services.Cabinate.AmpLightService.Interfaces.perfectPlayMasterSchedule</FullName>
          <Methods />
        </Class>
        <Class skippedDueTo="Filter">
          <FullName>SportsWeb.Services.Cabinate.AmpLightService.Interfaces.timeSlot</FullName>
          <Methods />
        </Class>
        <Class skippedDueTo="Filter">
          <FullName>SportsWeb.Services.Cabinate.AmpLightService.Interfaces.scheduleTime</FullName>
          <Methods />
        </Class>
        <Class skippedDueTo="Filter">
          <FullName>SportsWeb.Services.Cabinate.AmpLightService.Interfaces.GetMasterSchedulesForSiteResponse</FullName>
          <Methods />
        </Class>
        <Class skippedDueTo="Filter">
          <FullName>SportsWeb.Services.Cabinate.AmpLightService.Interfaces.GetMasterSchedulesForSiteRequest</FullName>
          <Methods />
        </Class>
        <Class skippedDueTo="Filter">
          <FullName>SportsWeb.Services.Cabinate.AmpLightService.Interfaces.GetFieldsdResponse</FullName>
          <Methods />
        </Class>
        <Class skippedDueTo="Filter">
          <FullName>SportsWeb.Services.Cabinate.AmpLightService.Interfaces.fieldDetails</FullName>
          <Methods />
        </Class>
        <Class skippedDueTo="Filter">
          <FullName>SportsWeb.Services.Cabinate.AmpLightService.Interfaces.GetFieldsRequest</FullName>
          <Methods />
        </Class>
        <Class skippedDueTo="Filter">
          <FullName>SportsWeb.Services.Cabinate.AmpLightService.Interfaces.circuits</FullName>
          <Methods />
        </Class>
        <Class skippedDueTo="Filter">
          <FullName>SportsWeb.Services.Cabinate.AmpLightService.Interfaces.fields</FullName>
          <Methods />
        </Class>
        <Class skippedDueTo="Filter">
          <FullName>SportsWeb.Services.Cabinate.AmpLightService.Interfaces.circuitsFieldsMappingOfSite</FullName>
          <Methods />
        </Class>
        <Class skippedDueTo="Filter">
          <FullName>SportsWeb.Services.Cabinate.AmpLightService.Interfaces.controller</FullName>
          <Methods />
        </Class>
        <Class skippedDueTo="Filter">
          <FullName>SportsWeb.Services.Cabinate.AmpLightService.Interfaces.DetectedCircuit</FullName>
          <Methods />
        </Class>
        <Class skippedDueTo="Filter">
          <FullName>SportsWeb.Services.Cabinate.AmpLightService.Interfaces.detectedCircuitComponent</FullName>
          <Methods />
        </Class>
        <Class skippedDueTo="Filter">
          <FullName>SportsWeb.Services.Cabinate.AmpLightService.Interfaces.GetCircuitsFieldsOfSiteResponse</FullName>
          <Methods />
        </Class>
        <Class skippedDueTo="Filter">
          <FullName>SportsWeb.Services.Cabinate.AmpLightService.Interfaces.GetCircuitsFieldsOfSiteRequest</FullName>
          <Methods />
        </Class>
        <Class skippedDueTo="Filter">
          <FullName>SportsWeb.Services.Cabinate.AmpLightService.Interfaces.circuitList</FullName>
          <Methods />
        </Class>
        <Class skippedDueTo="Filter">
          <FullName>SportsWeb.Services.Cabinate.AmpLightService.Interfaces.GetDetectedCircuitsResponse</FullName>
          <Methods />
        </Class>
        <Class skippedDueTo="Filter">
          <FullName>SportsWeb.Services.Cabinate.AmpLightService.Interfaces.GetDetectedCircuitsRequest</FullName>
          <Methods />
        </Class>
        <Class skippedDueTo="Filter">
          <FullName>SportsWeb.Services.Cabinate.AmpLightService.Interfaces.GetControllerListResponse</FullName>
          <Methods />
        </Class>
        <Class skippedDueTo="Filter">
          <FullName>SportsWeb.Services.Cabinate.AmpLightService.Interfaces.GetControllerListRequest</FullName>
          <Methods />
        </Class>
        <Class skippedDueTo="Filter">
          <FullName>SportsWeb.Services.Cabinate.AmpLightService.Interfaces.controllerStatus</FullName>
          <Methods />
        </Class>
        <Class skippedDueTo="Filter">
          <FullName>SportsWeb.Services.Cabinate.AmpLightService.Interfaces.GetControllerStatusResponse</FullName>
          <Methods />
        </Class>
        <Class skippedDueTo="Filter">
          <FullName>SportsWeb.Services.Cabinate.AmpLightService.Interfaces.GetControllerStatusRequest</FullName>
          <Methods />
        </Class>
        <Class skippedDueTo="Filter">
          <FullName>SportsWeb.Services.Cabinate.AmpLightService.Interfaces.CircuitDetectionProgress</FullName>
          <Methods />
        </Class>
        <Class skippedDueTo="Filter">
          <FullName>SportsWeb.Services.Cabinate.AmpLightService.Interfaces.GetCircuitDetectionProgressResponse</FullName>
          <Methods />
        </Class>
        <Class skippedDueTo="Filter">
          <FullName>SportsWeb.Services.Cabinate.AmpLightService.Interfaces.GetCircuitDetectionProgressRequest</FullName>
          <Methods />
        </Class>
        <Class skippedDueTo="Filter">
          <FullName>SportsWeb.Services.Cabinate.AmpLightService.Interfaces.antumbra</FullName>
          <Methods />
        </Class>
        <Class skippedDueTo="Filter">
          <FullName>SportsWeb.Services.Cabinate.AmpLightService.Interfaces.GetAntumbrasResponse</FullName>
          <Methods />
        </Class>
        <Class skippedDueTo="Filter">
          <FullName>SportsWeb.Services.Cabinate.AmpLightService.Interfaces.GetAntumbrasRequest</FullName>
          <Methods />
        </Class>
        <Class skippedDueTo="Filter">
          <FullName>SportsWeb.Services.Cabinate.AmpLightService.Interfaces.EditSiteResponse</FullName>
          <Methods />
        </Class>
        <Class skippedDueTo="Filter">
          <FullName>SportsWeb.Services.Cabinate.AmpLightService.Interfaces.EditSiteRequest</FullName>
          <Methods />
        </Class>
        <Class skippedDueTo="Filter">
          <FullName>SportsWeb.Services.Cabinate.AmpLightService.Interfaces.EditScheduleResponse</FullName>
          <Methods />
        </Class>
        <Class skippedDueTo="Filter">
          <FullName>SportsWeb.Services.Cabinate.AmpLightService.Interfaces.EditScheduleRequest</FullName>
          <Methods />
        </Class>
        <Class skippedDueTo="Filter">
          <FullName>SportsWeb.Services.Cabinate.AmpLightService.Interfaces.EditPushButtonResponse</FullName>
          <Methods />
        </Class>
        <Class skippedDueTo="Filter">
          <FullName>SportsWeb.Services.Cabinate.AmpLightService.Interfaces.EditPushButtonRequest</FullName>
          <Methods />
        </Class>
        <Class skippedDueTo="Filter">
          <FullName>SportsWeb.Services.Cabinate.AmpLightService.Interfaces.PushButtonInfo</FullName>
          <Methods />
        </Class>
        <Class skippedDueTo="Filter">
          <FullName>SportsWeb.Services.Cabinate.AmpLightService.Interfaces.EditMasterScheduleResponse</FullName>
          <Methods />
        </Class>
        <Class skippedDueTo="Filter">
          <FullName>SportsWeb.Services.Cabinate.AmpLightService.Interfaces.EditMasterScheduleRequest</FullName>
          <Methods />
        </Class>
        <Class skippedDueTo="Filter">
          <FullName>SportsWeb.Services.Cabinate.AmpLightService.Interfaces.EditFieldResponse</FullName>
          <Methods />
        </Class>
        <Class skippedDueTo="Filter">
          <FullName>SportsWeb.Services.Cabinate.AmpLightService.Interfaces.EditFieldRequest</FullName>
          <Methods />
        </Class>
        <Class skippedDueTo="Filter">
          <FullName>SportsWeb.Services.Cabinate.AmpLightService.Interfaces.EditControllerResponse</FullName>
          <Methods />
        </Class>
        <Class skippedDueTo="Filter">
          <FullName>SportsWeb.Services.Cabinate.AmpLightService.Interfaces.EditControllerRequest</FullName>
          <Methods />
        </Class>
        <Class skippedDueTo="Filter">
          <FullName>SportsWeb.Services.Cabinate.AmpLightService.Interfaces.controllerInfo</FullName>
          <Methods />
        </Class>
        <Class skippedDueTo="Filter">
          <FullName>SportsWeb.Services.Cabinate.AmpLightService.Interfaces.DisassociateAntumbraFromFieldResponse</FullName>
          <Methods />
        </Class>
        <Class skippedDueTo="Filter">
          <FullName>SportsWeb.Services.Cabinate.AmpLightService.Interfaces.DisassociateAntumbraFromFieldRequest</FullName>
          <Methods />
        </Class>
        <Class skippedDueTo="Filter">
          <FullName>SportsWeb.Services.Cabinate.AmpLightService.Interfaces.DetachCircuitsFromFieldResponse</FullName>
          <Methods />
        </Class>
        <Class skippedDueTo="Filter">
          <FullName>SportsWeb.Services.Cabinate.AmpLightService.Interfaces.DetachCircuitsFromFieldRequest</FullName>
          <Methods />
        </Class>
        <Class skippedDueTo="Filter">
          <FullName>SportsWeb.Services.Cabinate.AmpLightService.Interfaces.DeleteSiteResponse</FullName>
          <Methods />
        </Class>
        <Class skippedDueTo="Filter">
          <FullName>SportsWeb.Services.Cabinate.AmpLightService.Interfaces.DeleteSiteRequest</FullName>
          <Methods />
        </Class>
        <Class skippedDueTo="Filter">
          <FullName>SportsWeb.Services.Cabinate.AmpLightService.Interfaces.DeleteScheduleResponse</FullName>
          <Methods />
        </Class>
        <Class skippedDueTo="Filter">
          <FullName>SportsWeb.Services.Cabinate.AmpLightService.Interfaces.DeleteScheduleRequest</FullName>
          <Methods />
        </Class>
        <Class skippedDueTo="Filter">
          <FullName>SportsWeb.Services.Cabinate.AmpLightService.Interfaces.DeletePushButtonResponse</FullName>
          <Methods />
        </Class>
        <Class skippedDueTo="Filter">
          <FullName>SportsWeb.Services.Cabinate.AmpLightService.Interfaces.DeletePushButtonRequest</FullName>
          <Methods />
        </Class>
        <Class skippedDueTo="Filter">
          <FullName>SportsWeb.Services.Cabinate.AmpLightService.Interfaces.DeleteFieldResponse</FullName>
          <Methods />
        </Class>
        <Class skippedDueTo="Filter">
          <FullName>SportsWeb.Services.Cabinate.AmpLightService.Interfaces.DeleteFieldRequest</FullName>
          <Methods />
        </Class>
        <Class skippedDueTo="Filter">
          <FullName>SportsWeb.Services.Cabinate.AmpLightService.Interfaces.DeleteControllerResponse</FullName>
          <Methods />
        </Class>
        <Class skippedDueTo="Filter">
          <FullName>SportsWeb.Services.Cabinate.AmpLightService.Interfaces.DeleteControllerRequest</FullName>
          <Methods />
        </Class>
        <Class skippedDueTo="Filter">
          <FullName>SportsWeb.Services.Cabinate.AmpLightService.Interfaces.DeactivateMasterScheduleResponse</FullName>
          <Methods />
        </Class>
        <Class skippedDueTo="Filter">
          <FullName>SportsWeb.Services.Cabinate.AmpLightService.Interfaces.DeactivateMasterScheduleRequest</FullName>
          <Methods />
        </Class>
        <Class skippedDueTo="Filter">
          <FullName>SportsWeb.Services.Cabinate.AmpLightService.Interfaces.CreateScheduleResponse</FullName>
          <Methods />
        </Class>
        <Class skippedDueTo="Filter">
          <FullName>SportsWeb.Services.Cabinate.AmpLightService.Interfaces.scheduleResult</FullName>
          <Methods />
        </Class>
        <Class skippedDueTo="Filter">
          <FullName>SportsWeb.Services.Cabinate.AmpLightService.Interfaces.CreateScheduleRequest</FullName>
          <Methods />
        </Class>
        <Class skippedDueTo="Filter">
          <FullName>SportsWeb.Services.Cabinate.AmpLightService.Interfaces.AttachCircuitsToFieldResponse</FullName>
          <Methods />
        </Class>
        <Class skippedDueTo="Filter">
          <FullName>SportsWeb.Services.Cabinate.AmpLightService.Interfaces.AttachCircuitsToFieldRequest</FullName>
          <Methods />
        </Class>
        <Class skippedDueTo="Filter">
          <FullName>SportsWeb.Services.Cabinate.AmpLightService.Interfaces.AssociateAntumbraToFieldResponse</FullName>
          <Methods />
        </Class>
        <Class skippedDueTo="Filter">
          <FullName>SportsWeb.Services.Cabinate.AmpLightService.Interfaces.antumbraSceneSetting</FullName>
          <Methods />
        </Class>
        <Class skippedDueTo="Filter">
          <FullName>SportsWeb.Services.Cabinate.AmpLightService.Interfaces.AssociateAntumbraToFieldRequest</FullName>
          <Methods />
        </Class>
        <Class skippedDueTo="Filter">
          <FullName>SportsWeb.Services.Cabinate.AmpLightService.Interfaces.siteInfo</FullName>
          <Methods />
        </Class>
        <Class skippedDueTo="Filter">
          <FullName>SportsWeb.Services.Cabinate.AmpLightService.Interfaces.AddSiteResponse</FullName>
          <Methods />
        </Class>
        <Class skippedDueTo="Filter">
          <FullName>SportsWeb.Services.Cabinate.AmpLightService.Interfaces.AddSiteRequest</FullName>
          <Methods />
        </Class>
        <Class skippedDueTo="Filter">
          <FullName>SportsWeb.Services.Cabinate.AmpLightService.Interfaces.AddPushButtonResponse</FullName>
          <Methods />
        </Class>
        <Class skippedDueTo="Filter">
          <FullName>SportsWeb.Services.Cabinate.AmpLightService.Interfaces.AddPushButtonRequest</FullName>
          <Methods />
        </Class>
        <Class skippedDueTo="Filter">
          <FullName>SportsWeb.Services.Cabinate.AmpLightService.Interfaces.AddFieldResponse</FullName>
          <Methods />
        </Class>
        <Class skippedDueTo="Filter">
          <FullName>SportsWeb.Services.Cabinate.AmpLightService.Interfaces.AddFieldRequest</FullName>
          <Methods />
        </Class>
        <Class skippedDueTo="Filter">
          <FullName>SportsWeb.Services.Cabinate.AmpLightService.Interfaces.userData</FullName>
          <Methods />
        </Class>
        <Class skippedDueTo="Filter">
          <FullName>SportsWeb.Services.Cabinate.AmpLightService.Interfaces.node</FullName>
          <Methods />
        </Class>
        <Class skippedDueTo="Filter">
          <FullName>SportsWeb.Services.Cabinate.AmpLightService.Interfaces.customer</FullName>
          <Methods />
        </Class>
        <Class skippedDueTo="Filter">
          <FullName>SportsWeb.Services.Cabinate.AmpLightService.Interfaces.CustomerResponse</FullName>
          <Methods />
        </Class>
        <Class skippedDueTo="Filter">
          <FullName>SportsWeb.Services.Cabinate.AmpLightService.Interfaces.userDataRequest</FullName>
          <Methods />
        </Class>
        <Class skippedDueTo="Filter">
          <FullName>SportsWeb.Services.Cabinate.AmpLightService.Interfaces.customerDetail</FullName>
          <Methods />
        </Class>
        <Class skippedDueTo="Filter">
          <FullName>SportsWeb.Services.Cabinate.AmpLightService.Interfaces.CustomerRequest</FullName>
          <Methods />
        </Class>
        <Class skippedDueTo="Filter">
          <FullName>SportsWeb.Services.Cabinate.AmpLightService.Interfaces.AddControllerResponse</FullName>
          <Methods />
        </Class>
        <Class skippedDueTo="Filter">
          <FullName>SportsWeb.Services.Cabinate.AmpLightService.Interfaces.AddControllerRequest</FullName>
          <Methods />
        </Class>
        <Class skippedDueTo="Filter">
          <FullName>SportsWeb.Services.Cabinate.AmpLightService.Interfaces.ActivateMasterScheduleResponse</FullName>
          <Methods />
        </Class>
        <Class skippedDueTo="Filter">
          <FullName>SportsWeb.Services.Cabinate.AmpLightService.Interfaces.ActivateMasterScheduleRequest</FullName>
          <Methods />
        </Class>
        <Class skippedDueTo="Filter">
          <FullName>SportsWeb.Services.Cabinate.AmpLightService.Interfaces.ControlCommandInfoResponse</FullName>
          <Methods />
        </Class>
        <Class skippedDueTo="Filter">
          <FullName>SportsWeb.Services.Cabinate.AmpLightService.Interfaces.ControlCommandInfo</FullName>
          <Methods />
        </Class>
        <Class skippedDueTo="Filter">
          <FullName>SportsWeb.Services.Cabinate.AmpLightService.Interfaces.commandStatus</FullName>
          <Methods />
        </Class>
        <Class skippedDueTo="Filter">
          <FullName>SportsWeb.Services.Cabinate.AmpLightService.Interfaces.ControlCommandStatusInfoResponse</FullName>
          <Methods />
        </Class>
        <Class skippedDueTo="Filter">
          <FullName>SportsWeb.Services.Cabinate.AmpLightService.Interfaces.GetControlCommandStatusRequest</FullName>
          <Methods />
        </Class>
        <Class skippedDueTo="Filter">
          <FullName>SportsWeb.Services.Cabinate.AmpLightService.Interfaces.GetControlCommandStatusResponse</FullName>
          <Methods />
        </Class>
        <Class skippedDueTo="Filter">
          <FullName>SportsWeb.Services.Cabinate.AmpLightService.Interfaces.SetControlCommandRequest</FullName>
          <Methods />
        </Class>
        <Class skippedDueTo="Filter">
          <FullName>SportsWeb.Services.Cabinate.AmpLightService.Interfaces.SetControlCommandResponse</FullName>
          <Methods />
        </Class>
        <Class skippedDueTo="Filter">
          <FullName>SportsWeb.Services.Cabinate.AmpLightService.Interfaces.activateMasterScheduleRequest1</FullName>
          <Methods />
        </Class>
        <Class skippedDueTo="Filter">
          <FullName>SportsWeb.Services.Cabinate.AmpLightService.Interfaces.activateMasterScheduleResponse1</FullName>
          <Methods />
        </Class>
        <Class skippedDueTo="Filter">
          <FullName>SportsWeb.Services.Cabinate.AmpLightService.Interfaces.addControllerRequest1</FullName>
          <Methods />
        </Class>
        <Class skippedDueTo="Filter">
          <FullName>SportsWeb.Services.Cabinate.AmpLightService.Interfaces.addControllerResponse1</FullName>
          <Methods />
        </Class>
        <Class skippedDueTo="Filter">
          <FullName>SportsWeb.Services.Cabinate.AmpLightService.Interfaces.addCustomerRequest</FullName>
          <Methods />
        </Class>
        <Class skippedDueTo="Filter">
          <FullName>SportsWeb.Services.Cabinate.AmpLightService.Interfaces.addCustomerResponse</FullName>
          <Methods />
        </Class>
        <Class skippedDueTo="Filter">
          <FullName>SportsWeb.Services.Cabinate.AmpLightService.Interfaces.addFieldRequest1</FullName>
          <Methods />
        </Class>
        <Class skippedDueTo="Filter">
          <FullName>SportsWeb.Services.Cabinate.AmpLightService.Interfaces.addFieldResponse1</FullName>
          <Methods />
        </Class>
        <Class skippedDueTo="Filter">
          <FullName>SportsWeb.Services.Cabinate.AmpLightService.Interfaces.addPushButtonForControllerRequest</FullName>
          <Methods />
        </Class>
        <Class skippedDueTo="Filter">
          <FullName>SportsWeb.Services.Cabinate.AmpLightService.Interfaces.addPushButtonForControllerResponse</FullName>
          <Methods />
        </Class>
        <Class skippedDueTo="Filter">
          <FullName>SportsWeb.Services.Cabinate.AmpLightService.Interfaces.addSiteRequest1</FullName>
          <Methods />
        </Class>
        <Class skippedDueTo="Filter">
          <FullName>SportsWeb.Services.Cabinate.AmpLightService.Interfaces.addSiteResponse1</FullName>
          <Methods />
        </Class>
        <Class skippedDueTo="Filter">
          <FullName>SportsWeb.Services.Cabinate.AmpLightService.Interfaces.associateAntumbraToFieldRequest1</FullName>
          <Methods />
        </Class>
        <Class skippedDueTo="Filter">
          <FullName>SportsWeb.Services.Cabinate.AmpLightService.Interfaces.associateAntumbraToFieldResponse1</FullName>
          <Methods />
        </Class>
        <Class skippedDueTo="Filter">
          <FullName>SportsWeb.Services.Cabinate.AmpLightService.Interfaces.attachCircuitsToFieldRequest1</FullName>
          <Methods />
        </Class>
        <Class skippedDueTo="Filter">
          <FullName>SportsWeb.Services.Cabinate.AmpLightService.Interfaces.attachCircuitsToFieldResponse1</FullName>
          <Methods />
        </Class>
        <Class skippedDueTo="Filter">
          <FullName>SportsWeb.Services.Cabinate.AmpLightService.Interfaces.createScheduleRequest1</FullName>
          <Methods />
        </Class>
        <Class skippedDueTo="Filter">
          <FullName>SportsWeb.Services.Cabinate.AmpLightService.Interfaces.createScheduleResponse1</FullName>
          <Methods />
        </Class>
        <Class skippedDueTo="Filter">
          <FullName>SportsWeb.Services.Cabinate.AmpLightService.Interfaces.deactivateMasterScheduleRequest1</FullName>
          <Methods />
        </Class>
        <Class skippedDueTo="Filter">
          <FullName>SportsWeb.Services.Cabinate.AmpLightService.Interfaces.deactivateMasterScheduleResponse1</FullName>
          <Methods />
        </Class>
        <Class skippedDueTo="Filter">
          <FullName>SportsWeb.Services.Cabinate.AmpLightService.Interfaces.deleteControllerRequest1</FullName>
          <Methods />
        </Class>
        <Class skippedDueTo="Filter">
          <FullName>SportsWeb.Services.Cabinate.AmpLightService.Interfaces.deleteControllerResponse1</FullName>
          <Methods />
        </Class>
        <Class skippedDueTo="Filter">
          <FullName>SportsWeb.Services.Cabinate.AmpLightService.Interfaces.deleteFieldRequest1</FullName>
          <Methods />
        </Class>
        <Class skippedDueTo="Filter">
          <FullName>SportsWeb.Services.Cabinate.AmpLightService.Interfaces.deleteFieldResponse1</FullName>
          <Methods />
        </Class>
        <Class skippedDueTo="Filter">
          <FullName>SportsWeb.Services.Cabinate.AmpLightService.Interfaces.deletePushButtonFromControllerRequest</FullName>
          <Methods />
        </Class>
        <Class skippedDueTo="Filter">
          <FullName>SportsWeb.Services.Cabinate.AmpLightService.Interfaces.deletePushButtonFromControllerResponse</FullName>
          <Methods />
        </Class>
        <Class skippedDueTo="Filter">
          <FullName>SportsWeb.Services.Cabinate.AmpLightService.Interfaces.deleteScheduleRequest1</FullName>
          <Methods />
        </Class>
        <Class skippedDueTo="Filter">
          <FullName>SportsWeb.Services.Cabinate.AmpLightService.Interfaces.deleteScheduleResponse1</FullName>
          <Methods />
        </Class>
        <Class skippedDueTo="Filter">
          <FullName>SportsWeb.Services.Cabinate.AmpLightService.Interfaces.deleteSiteRequest1</FullName>
          <Methods />
        </Class>
        <Class skippedDueTo="Filter">
          <FullName>SportsWeb.Services.Cabinate.AmpLightService.Interfaces.deleteSiteResponse1</FullName>
          <Methods />
        </Class>
        <Class skippedDueTo="Filter">
          <FullName>SportsWeb.Services.Cabinate.AmpLightService.Interfaces.detachCircuitsFromFieldRequest1</FullName>
          <Methods />
        </Class>
        <Class skippedDueTo="Filter">
          <FullName>SportsWeb.Services.Cabinate.AmpLightService.Interfaces.detachCircuitsFromFieldResponse1</FullName>
          <Methods />
        </Class>
        <Class skippedDueTo="Filter">
          <FullName>SportsWeb.Services.Cabinate.AmpLightService.Interfaces.disassociateAntumbraFromFieldRequest1</FullName>
          <Methods />
        </Class>
        <Class skippedDueTo="Filter">
          <FullName>SportsWeb.Services.Cabinate.AmpLightService.Interfaces.disassociateAntumbraFromFieldResponse1</FullName>
          <Methods />
        </Class>
        <Class skippedDueTo="Filter">
          <FullName>SportsWeb.Services.Cabinate.AmpLightService.Interfaces.editControllerRequest1</FullName>
          <Methods />
        </Class>
        <Class skippedDueTo="Filter">
          <FullName>SportsWeb.Services.Cabinate.AmpLightService.Interfaces.editControllerResponse1</FullName>
          <Methods />
        </Class>
        <Class skippedDueTo="Filter">
          <FullName>SportsWeb.Services.Cabinate.AmpLightService.Interfaces.editFieldRequest1</FullName>
          <Methods />
        </Class>
        <Class skippedDueTo="Filter">
          <FullName>SportsWeb.Services.Cabinate.AmpLightService.Interfaces.editFieldResponse1</FullName>
          <Methods />
        </Class>
        <Class skippedDueTo="Filter">
          <FullName>SportsWeb.Services.Cabinate.AmpLightService.Interfaces.editMasterScheduleRequest1</FullName>
          <Methods />
        </Class>
        <Class skippedDueTo="Filter">
          <FullName>SportsWeb.Services.Cabinate.AmpLightService.Interfaces.editMasterScheduleResponse1</FullName>
          <Methods />
        </Class>
        <Class skippedDueTo="Filter">
          <FullName>SportsWeb.Services.Cabinate.AmpLightService.Interfaces.editPushButtonForControllerRequest</FullName>
          <Methods />
        </Class>
        <Class skippedDueTo="Filter">
          <FullName>SportsWeb.Services.Cabinate.AmpLightService.Interfaces.editPushButtonForControllerResponse</FullName>
          <Methods />
        </Class>
        <Class skippedDueTo="Filter">
          <FullName>SportsWeb.Services.Cabinate.AmpLightService.Interfaces.editScheduleRequest1</FullName>
          <Methods />
        </Class>
        <Class skippedDueTo="Filter">
          <FullName>SportsWeb.Services.Cabinate.AmpLightService.Interfaces.editScheduleResponse1</FullName>
          <Methods />
        </Class>
        <Class skippedDueTo="Filter">
          <FullName>SportsWeb.Services.Cabinate.AmpLightService.Interfaces.editSiteRequest1</FullName>
          <Methods />
        </Class>
        <Class skippedDueTo="Filter">
          <FullName>SportsWeb.Services.Cabinate.AmpLightService.Interfaces.editSiteResponse1</FullName>
          <Methods />
        </Class>
        <Class skippedDueTo="Filter">
          <FullName>SportsWeb.Services.Cabinate.AmpLightService.Interfaces.getAntumbrasRequest1</FullName>
          <Methods />
        </Class>
        <Class skippedDueTo="Filter">
          <FullName>SportsWeb.Services.Cabinate.AmpLightService.Interfaces.getAntumbrasResponse1</FullName>
          <Methods />
        </Class>
        <Class skippedDueTo="Filter">
          <FullName>SportsWeb.Services.Cabinate.AmpLightService.Interfaces.getCircuitDetectionProgressRequest1</FullName>
          <Methods />
        </Class>
        <Class skippedDueTo="Filter">
          <FullName>SportsWeb.Services.Cabinate.AmpLightService.Interfaces.getCircuitDetectionProgressResponse1</FullName>
          <Methods />
        </Class>
        <Class skippedDueTo="Filter">
          <FullName>SportsWeb.Services.Cabinate.AmpLightService.Interfaces.getControllerStatusRequest1</FullName>
          <Methods />
        </Class>
        <Class skippedDueTo="Filter">
          <FullName>SportsWeb.Services.Cabinate.AmpLightService.Interfaces.getControllerStatusResponse1</FullName>
          <Methods />
        </Class>
        <Class skippedDueTo="Filter">
          <FullName>SportsWeb.Services.Cabinate.AmpLightService.Interfaces.getControllersRequest</FullName>
          <Methods />
        </Class>
        <Class skippedDueTo="Filter">
          <FullName>SportsWeb.Services.Cabinate.AmpLightService.Interfaces.getControllersResponse</FullName>
          <Methods />
        </Class>
        <Class skippedDueTo="Filter">
          <FullName>SportsWeb.Services.Cabinate.AmpLightService.Interfaces.getDetectedCircuitsRequest1</FullName>
          <Methods />
        </Class>
        <Class skippedDueTo="Filter">
          <FullName>SportsWeb.Services.Cabinate.AmpLightService.Interfaces.getDetectedCircuitsResponse1</FullName>
          <Methods />
        </Class>
        <Class skippedDueTo="Filter">
          <FullName>SportsWeb.Services.Cabinate.AmpLightService.Interfaces.getFieldCircuitAssociationOfSiteRequest</FullName>
          <Methods />
        </Class>
        <Class skippedDueTo="Filter">
          <FullName>SportsWeb.Services.Cabinate.AmpLightService.Interfaces.getFieldCircuitAssociationOfSiteResponse</FullName>
          <Methods />
        </Class>
        <Class skippedDueTo="Filter">
          <FullName>SportsWeb.Services.Cabinate.AmpLightService.Interfaces.getFieldsRequest1</FullName>
          <Methods />
        </Class>
        <Class skippedDueTo="Filter">
          <FullName>SportsWeb.Services.Cabinate.AmpLightService.Interfaces.getFieldsResponse</FullName>
          <Methods />
        </Class>
        <Class skippedDueTo="Filter">
          <FullName>SportsWeb.Services.Cabinate.AmpLightService.Interfaces.getMasterSchedulesForSiteRequest1</FullName>
          <Methods />
        </Class>
        <Class skippedDueTo="Filter">
          <FullName>SportsWeb.Services.Cabinate.AmpLightService.Interfaces.getMasterSchedulesForSiteResponse1</FullName>
          <Methods />
        </Class>
        <Class skippedDueTo="Filter">
          <FullName>SportsWeb.Services.Cabinate.AmpLightService.Interfaces.getPushButtonListForControllerRequest</FullName>
          <Methods />
        </Class>
        <Class skippedDueTo="Filter">
          <FullName>SportsWeb.Services.Cabinate.AmpLightService.Interfaces.getPushButtonListForControllerResponse</FullName>
          <Methods />
        </Class>
        <Class skippedDueTo="Filter">
          <FullName>SportsWeb.Services.Cabinate.AmpLightService.Interfaces.getPushButtonSettingForFieldRequest1</FullName>
          <Methods />
        </Class>
        <Class skippedDueTo="Filter">
          <FullName>SportsWeb.Services.Cabinate.AmpLightService.Interfaces.getPushButtonSettingForFieldResponse1</FullName>
          <Methods />
        </Class>
        <Class skippedDueTo="Filter">
          <FullName>SportsWeb.Services.Cabinate.AmpLightService.Interfaces.getSceneRequest</FullName>
          <Methods />
        </Class>
        <Class skippedDueTo="Filter">
          <FullName>SportsWeb.Services.Cabinate.AmpLightService.Interfaces.getSceneResponse</FullName>
          <Methods />
        </Class>
        <Class skippedDueTo="Filter">
          <FullName>SportsWeb.Services.Cabinate.AmpLightService.Interfaces.getSchedulesRequest1</FullName>
          <Methods />
        </Class>
        <Class skippedDueTo="Filter">
          <FullName>SportsWeb.Services.Cabinate.AmpLightService.Interfaces.getSchedulesResponse1</FullName>
          <Methods />
        </Class>
        <Class skippedDueTo="Filter">
          <FullName>SportsWeb.Services.Cabinate.AmpLightService.Interfaces.getSitesRequest1</FullName>
          <Methods />
        </Class>
        <Class skippedDueTo="Filter">
          <FullName>SportsWeb.Services.Cabinate.AmpLightService.Interfaces.getSitesResponse1</FullName>
          <Methods />
        </Class>
        <Class skippedDueTo="Filter">
          <FullName>SportsWeb.Services.Cabinate.AmpLightService.Interfaces.removeCircuitRequest1</FullName>
          <Methods />
        </Class>
        <Class skippedDueTo="Filter">
          <FullName>SportsWeb.Services.Cabinate.AmpLightService.Interfaces.removeCircuitResponse1</FullName>
          <Methods />
        </Class>
        <Class skippedDueTo="Filter">
          <FullName>SportsWeb.Services.Cabinate.AmpLightService.Interfaces.removePushButtonSettingFromFieldRequest1</FullName>
          <Methods />
        </Class>
        <Class skippedDueTo="Filter">
          <FullName>SportsWeb.Services.Cabinate.AmpLightService.Interfaces.removePushButtonSettingFromFieldResponse1</FullName>
          <Methods />
        </Class>
        <Class skippedDueTo="Filter">
          <FullName>SportsWeb.Services.Cabinate.AmpLightService.Interfaces.renameCircuitRequest1</FullName>
          <Methods />
        </Class>
        <Class skippedDueTo="Filter">
          <FullName>SportsWeb.Services.Cabinate.AmpLightService.Interfaces.renameCircuitResponse1</FullName>
          <Methods />
        </Class>
        <Class skippedDueTo="Filter">
          <FullName>SportsWeb.Services.Cabinate.AmpLightService.Interfaces.setPushButtonSettingForFieldRequest1</FullName>
          <Methods />
        </Class>
        <Class skippedDueTo="Filter">
          <FullName>SportsWeb.Services.Cabinate.AmpLightService.Interfaces.setPushButtonSettingForFieldResponse1</FullName>
          <Methods />
        </Class>
        <Class skippedDueTo="Filter">
          <FullName>SportsWeb.Services.Cabinate.AmpLightService.Interfaces.setSceneRequest1</FullName>
          <Methods />
        </Class>
        <Class skippedDueTo="Filter">
          <FullName>SportsWeb.Services.Cabinate.AmpLightService.Interfaces.setSceneResponse1</FullName>
          <Methods />
        </Class>
        <Class skippedDueTo="Filter">
          <FullName>SportsWeb.Services.Cabinate.AmpLightService.Interfaces.setSceneSettingForSiteRequest</FullName>
          <Methods />
        </Class>
        <Class skippedDueTo="Filter">
          <FullName>SportsWeb.Services.Cabinate.AmpLightService.Interfaces.setSceneSettingForSiteResponse</FullName>
          <Methods />
        </Class>
        <Class skippedDueTo="Filter">
          <FullName>SportsWeb.Services.Cabinate.AmpLightService.Interfaces.startAutoCircuitDetectionRequest1</FullName>
          <Methods />
        </Class>
        <Class skippedDueTo="Filter">
          <FullName>SportsWeb.Services.Cabinate.AmpLightService.Interfaces.startAutoCircuitDetectionResponse1</FullName>
          <Methods />
        </Class>
        <Class skippedDueTo="Filter">
          <FullName>SportsWeb.Services.Cabinate.AmpLightService.Interfaces.startPartialAutoCircuitDetectionRequest1</FullName>
          <Methods />
        </Class>
        <Class skippedDueTo="Filter">
          <FullName>SportsWeb.Services.Cabinate.AmpLightService.Interfaces.startPartialAutoCircuitDetectionResponse1</FullName>
          <Methods />
        </Class>
        <Class skippedDueTo="Filter">
          <FullName>SportsWeb.Services.Cabinate.AmpLightService.Interfaces.stopAutoCircuitDetectionRequest1</FullName>
          <Methods />
        </Class>
        <Class skippedDueTo="Filter">
          <FullName>SportsWeb.Services.Cabinate.AmpLightService.Interfaces.stopAutoCircuitDetectionResponse</FullName>
          <Methods />
        </Class>
        <Class skippedDueTo="Filter">
          <FullName>SportsWeb.Services.Cabinate.AmpLightService.Interfaces.verifyCircuitRequest1</FullName>
          <Methods />
        </Class>
        <Class skippedDueTo="Filter">
          <FullName>SportsWeb.Services.Cabinate.AmpLightService.Interfaces.verifyCircuitResponse1</FullName>
          <Methods />
        </Class>
        <Class skippedDueTo="Filter">
          <FullName>SportsWeb.Services.Cabinate.AmpLightService.Interfaces.verifyCircuitStatusRequest1</FullName>
          <Methods />
        </Class>
        <Class skippedDueTo="Filter">
          <FullName>SportsWeb.Services.Cabinate.AmpLightService.Interfaces.verifyCircuitStatusResponse1</FullName>
          <Methods />
        </Class>
        <Class skippedDueTo="Filter">
          <FullName>SportsWeb.Services.Cabinate.AmpLightService.Interfaces.PerfectPlayWebServiceClient</FullName>
          <Methods />
        </Class>
        <Class skippedDueTo="Filter">
          <FullName>SportsWeb.Services.Cabinate.AmpLightService.Interfaces.schemas.perfectplayapi.amplight.lighting.philips.com.ControlSystem.v2.WSException</FullName>
          <Methods />
        </Class>
        <Class>
          <Summary numSequencePoints="0" visitedSequencePoints="0" numBranchPoints="0" visitedBranchPoints="0" sequenceCoverage="0" branchCoverage="0" maxCyclomaticComplexity="0" minCyclomaticComplexity="0" visitedClasses="0" numClasses="0" visitedMethods="0" numMethods="0" />
          <FullName>System.AssemblyVersionInformation</FullName>
          <Methods />
        </Class>
      </Classes>
    </Module>
    <Module skippedDueTo="Filter" hash="08-45-EB-E4-BC-C1-C1-A6-E3-DE-3F-23-9C-97-33-D0-E6-36-D7-73">
      <ModulePath>C:\WINDOWS\Microsoft.Net\assembly\GAC_MSIL\System.Core\v4.0_4.0.0.0__b77a5c561934e089\System.Core.dll</ModulePath>
      <ModuleTime>2019-08-07T08:03:54Z</ModuleTime>
      <ModuleName>System.Core</ModuleName>
      <Classes />
    </Module>
    <Module skippedDueTo="Filter" hash="37-9D-A0-85-81-5D-C4-75-11-10-92-AB-53-C3-77-D4-E1-01-0D-3B">
      <ModulePath>C:\ProjectCode\SportsWeb\src\test\Test.SportsWeb.Services\bin\Debug\Unity.Abstractions.dll</ModulePath>
      <ModuleTime>2018-04-18T13:45:06Z</ModuleTime>
      <ModuleName>Unity.Abstractions</ModuleName>
      <Classes />
    </Module>
    <Module skippedDueTo="Filter" hash="D3-A5-89-8B-6F-20-4F-65-37-5C-A2-13-60-12-66-D5-28-AA-68-91">
      <ModulePath>C:\ProjectCode\SportsWeb\src\test\Test.SportsWeb.Services\bin\Debug\Moq.dll</ModulePath>
      <ModuleTime>2016-07-18T09:54:32Z</ModuleTime>
      <ModuleName>Moq</ModuleName>
      <Classes />
    </Module>
    <Module skippedDueTo="Filter" hash="D9-84-82-B9-38-F9-A8-11-EF-23-19-F7-39-DE-74-AA-A5-A8-9C-EE">
      <ModulePath>C:\ProjectCode\SportsWeb\src\test\Test.SportsWeb.Services\bin\Debug\Unity.Container.dll</ModulePath>
      <ModuleTime>2018-04-18T13:45:06Z</ModuleTime>
      <ModuleName>Unity.Container</ModuleName>
      <Classes />
    </Module>
    <Module skippedDueTo="Filter" hash="23-33-79-72-4F-FC-25-C3-0B-9C-9F-67-D3-F4-FF-B5-AC-71-BA-93">
      <ModulePath>C:\ProjectCode\SportsWeb\src\test\Test.SportsWeb.Services\bin\Debug\Castle.Core.dll</ModulePath>
      <ModuleTime>2014-11-05T20:44:08Z</ModuleTime>
      <ModuleName>Castle.Core</ModuleName>
      <Classes />
    </Module>
    <Module skippedDueTo="Filter" hash="">
      <ModulePath>RefEmit_InMemoryManifestModule</ModulePath>
      <ModuleTime>0001-01-01T00:00:00</ModuleTime>
      <ModuleName>DynamicProxyGenAssembly2</ModuleName>
      <Classes />
    </Module>
    <Module skippedDueTo="Filter" hash="">
      <ModulePath>RefEmit_InMemoryManifestModule</ModulePath>
      <ModuleTime>0001-01-01T00:00:00</ModuleTime>
      <ModuleName>DynamicProxyGenAssembly2</ModuleName>
      <Classes />
    </Module>
    <Module skippedDueTo="Filter" hash="">
      <ModulePath>RefEmit_InMemoryManifestModule</ModulePath>
      <ModuleTime>0001-01-01T00:00:00</ModuleTime>
      <ModuleName>Anonymously Hosted DynamicMethods Assembly</ModuleName>
      <Classes />
    </Module>
    <Module skippedDueTo="Filter" hash="92-68-3E-4F-B8-D3-C7-A5-44-DC-E2-1E-12-F2-4D-CC-8B-60-0E-9C">
      <ModulePath>C:\ProjectCode\SportsWeb\src\test\Test.SportsWeb.Services\bin\Debug\log4net.dll</ModulePath>
      <ModuleTime>2017-03-08T13:56:22Z</ModuleTime>
      <ModuleName>log4net</ModuleName>
      <Classes />
    </Module>
    <Module skippedDueTo="Filter" hash="F4-9F-50-FF-92-BA-A0-9D-6C-B7-73-F1-F1-60-D8-0A-E2-B7-96-DA">
      <ModulePath>C:\WINDOWS\Microsoft.Net\assembly\GAC_MSIL\System.Runtime.Serialization\v4.0_4.0.0.0__b77a5c561934e089\System.Runtime.Serialization.dll</ModulePath>
      <ModuleTime>2019-06-01T02:36:06Z</ModuleTime>
      <ModuleName>System.Runtime.Serialization</ModuleName>
      <Classes />
    </Module>
    <Module skippedDueTo="Filter" hash="F9-18-BD-31-5B-51-A0-63-33-11-EE-45-F5-3D-30-89-DA-2E-EB-A9">
      <ModulePath>C:\WINDOWS\Microsoft.Net\assembly\GAC_MSIL\System.ServiceModel\v4.0_4.0.0.0__b77a5c561934e089\System.ServiceModel.dll</ModulePath>
      <ModuleTime>2019-06-01T02:36:06Z</ModuleTime>
      <ModuleName>System.ServiceModel</ModuleName>
      <Classes />
    </Module>
    <Module skippedDueTo="Filter" hash="">
      <ModulePath>RefEmit_InMemoryManifestModule</ModulePath>
      <ModuleTime>0001-01-01T00:00:00</ModuleTime>
      <ModuleName>DynamicProxyGenAssembly2</ModuleName>
      <Classes />
    </Module>
    <Module skippedDueTo="Filter" hash="">
      <ModulePath>RefEmit_InMemoryManifestModule</ModulePath>
      <ModuleTime>0001-01-01T00:00:00</ModuleTime>
      <ModuleName>DynamicProxyGenAssembly2</ModuleName>
      <Classes />
    </Module>
    <Module skippedDueTo="Filter" hash="32-B5-D1-8D-9A-57-B1-99-8F-52-40-81-3A-EB-99-E5-CF-59-95-4F">
      <ModulePath>C:\WINDOWS\Microsoft.Net\assembly\GAC_MSIL\SMDiagnostics\v4.0_4.0.0.0__b77a5c561934e089\SMDiagnostics.dll</ModulePath>
      <ModuleTime>2019-06-01T02:36:06Z</ModuleTime>
      <ModuleName>SMDiagnostics</ModuleName>
      <Classes />
    </Module>
    <Module skippedDueTo="Filter" hash="C0-B1-68-87-A4-F6-F2-8E-81-CD-1F-9C-B0-60-80-66-7F-99-81-8C">
      <ModulePath>C:\WINDOWS\Microsoft.Net\assembly\GAC_MSIL\System.ServiceModel.Internals\v4.0_4.0.0.0__31bf3856ad364e35\System.ServiceModel.Internals.dll</ModulePath>
      <ModuleTime>2019-06-01T02:36:06Z</ModuleTime>
      <ModuleName>System.ServiceModel.Internals</ModuleName>
      <Classes />
    </Module>
    <Module skippedDueTo="Filter" hash="6E-80-24-8F-AA-4F-43-FC-7E-53-2A-BB-2B-8B-DD-78-D9-76-96-00">
      <ModulePath>C:\WINDOWS\Microsoft.Net\assembly\GAC_64\System.Transactions\v4.0_4.0.0.0__b77a5c561934e089\System.Transactions.dll</ModulePath>
      <ModuleTime>2019-03-19T04:46:43.9135058Z</ModuleTime>
      <ModuleName>System.Transactions</ModuleName>
      <Classes />
    </Module>
    <Module skippedDueTo="Filter" hash="4E-DC-62-0B-15-0F-5B-BA-10-32-47-DB-C6-50-93-86-5E-1A-6E-22">
      <ModulePath>C:\WINDOWS\Microsoft.Net\assembly\GAC_MSIL\System.IdentityModel\v4.0_4.0.0.0__b77a5c561934e089\System.IdentityModel.dll</ModulePath>
      <ModuleTime>2019-06-01T02:36:06Z</ModuleTime>
      <ModuleName>System.IdentityModel</ModuleName>
      <Classes />
    </Module>
    <Module skippedDueTo="Filter" hash="8A-B5-31-4C-3F-99-D2-2B-5F-46-A2-2D-C1-EC-97-23-95-4D-6E-D1">
      <ModulePath>C:\WINDOWS\Microsoft.Net\assembly\GAC_MSIL\Microsoft.VisualStudio.Diagnostics.ServiceModelSink\v4.0_4.0.0.0__b03f5f7f11d50a3a\Microsoft.VisualStudio.Diagnostics.ServiceModelSink.dll</ModulePath>
      <ModuleTime>2019-09-23T07:31:25.1065356Z</ModuleTime>
      <ModuleName>Microsoft.VisualStudio.Diagnostics.ServiceModelSink</ModuleName>
      <Classes />
    </Module>
    <Module skippedDueTo="Filter" hash="">
      <ModulePath>RefEmit_InMemoryManifestModule</ModulePath>
      <ModuleTime>0001-01-01T00:00:00</ModuleTime>
      <ModuleName>DynamicProxyGenAssembly2</ModuleName>
      <Classes />
    </Module>
    <Module skippedDueTo="Filter" hash="">
      <ModulePath>RefEmit_InMemoryManifestModule</ModulePath>
      <ModuleTime>0001-01-01T00:00:00</ModuleTime>
      <ModuleName>DynamicProxyGenAssembly2</ModuleName>
      <Classes />
    </Module>
    <Module skippedDueTo="Filter" hash="">
      <ModulePath>RefEmit_InMemoryManifestModule</ModulePath>
      <ModuleTime>0001-01-01T00:00:00</ModuleTime>
      <ModuleName>DynamicProxyGenAssembly2</ModuleName>
      <Classes />
    </Module>
    <Module skippedDueTo="Filter" hash="">
      <ModulePath>RefEmit_InMemoryManifestModule</ModulePath>
      <ModuleTime>0001-01-01T00:00:00</ModuleTime>
      <ModuleName>DynamicProxyGenAssembly2</ModuleName>
      <Classes />
    </Module>
    <Module skippedDueTo="Filter" hash="07-5C-FC-33-35-9D-5C-43-E6-7E-1C-58-95-AA-E9-90-E6-AD-DD-50">
      <ModulePath>C:\ProjectCode\SportsWeb\src\test\Test.SportsWeb.Services\bin\Debug\SportsWeb.Entities.dll</ModulePath>
      <ModuleTime>2019-10-14T10:36:48.3736886Z</ModuleTime>
      <ModuleName>SportsWeb.Entities</ModuleName>
      <Classes />
    </Module>
    <Module skippedDueTo="Filter" hash="F9-18-3E-EA-99-A2-B0-3A-33-3C-D7-F4-B4-A0-FB-C1-EE-D8-83-62">
      <ModulePath>C:\ProjectCode\SportsWeb\src\test\Test.SportsWeb.Services\bin\Debug\SportsWeb.Models.dll</ModulePath>
      <ModuleTime>2019-10-14T10:36:49.5016865Z</ModuleTime>
      <ModuleName>SportsWeb.Models</ModuleName>
      <Classes />
    </Module>
    <Module skippedDueTo="Filter" hash="71-55-6D-8F-F8-CE-7E-EB-EC-1D-55-D7-7A-B9-02-90-B9-60-EA-BB">
      <ModulePath>C:\ProjectCode\SportsWeb\src\test\Test.SportsWeb.Services\bin\Debug\NHibernate.dll</ModulePath>
      <ModuleTime>2018-05-09T12:59:46Z</ModuleTime>
      <ModuleName>NHibernate</ModuleName>
      <Classes />
    </Module>
    <Module skippedDueTo="Filter" hash="11-43-1E-28-29-71-C5-A4-D0-8A-54-82-8D-5E-52-55-92-7E-5E-6C">
      <ModulePath>C:\WINDOWS\Microsoft.Net\assembly\GAC_64\System.Data\v4.0_4.0.0.0__b77a5c561934e089\System.Data.dll</ModulePath>
      <ModuleTime>2019-03-19T04:46:46.1480625Z</ModuleTime>
      <ModuleName>System.Data</ModuleName>
      <Classes />
    </Module>
    <Module skippedDueTo="Filter" hash="69-BD-B6-4D-3A-20-F3-46-AD-F7-D9-F3-A1-03-46-1A-75-A0-A0-5F">
      <ModulePath>C:\WINDOWS\Microsoft.Net\assembly\GAC_64\System.Web\v4.0_4.0.0.0__b03f5f7f11d50a3a\System.Web.dll</ModulePath>
      <ModuleTime>2019-07-24T02:58:41.5913499Z</ModuleTime>
      <ModuleName>System.Web</ModuleName>
      <Classes />
    </Module>
    <Module skippedDueTo="Filter" hash="9C-40-18-94-15-51-F7-77-BE-24-42-DD-9C-5F-99-8F-9F-07-5F-A0">
      <ModulePath>C:\ProjectCode\SportsWeb\src\test\Test.SportsWeb.Services\bin\Debug\AWSSDK.Core.dll</ModulePath>
      <ModuleTime>2017-12-22T16:19:56Z</ModuleTime>
      <ModuleName>AWSSDK.Core</ModuleName>
      <Classes />
    </Module>
    <Module skippedDueTo="Filter" hash="C6-EC-8C-1A-56-B7-ED-CB-67-4F-D0-D2-02-07-D9-56-11-6F-04-66">
      <ModulePath>C:\ProjectCode\SportsWeb\src\test\Test.SportsWeb.Services\bin\Debug\SportsWeb.Core.Resources.dll</ModulePath>
      <ModuleTime>2019-10-14T10:36:48.3736886Z</ModuleTime>
      <ModuleName>SportsWeb.Core.Resources</ModuleName>
      <Classes />
    </Module>
    <Module skippedDueTo="Filter" hash="B0-01-FA-EA-D9-7F-09-9A-E1-0E-69-FB-A4-01-0F-04-6D-F7-A6-84">
      <ModulePath>C:\ProjectCode\SportsWeb\src\test\Test.SportsWeb.Services\bin\Debug\Microsoft.Owin.Security.Jwt.dll</ModulePath>
      <ModuleTime>2018-02-13T10:58:24Z</ModuleTime>
      <ModuleName>Microsoft.Owin.Security.Jwt</ModuleName>
      <Classes />
    </Module>
    <Module skippedDueTo="Filter" hash="C5-B0-6B-17-B0-97-BB-43-CD-C6-B7-BC-32-5C-FE-53-AC-72-D7-28">
      <ModulePath>C:\ProjectCode\SportsWeb\src\test\Test.SportsWeb.Services\bin\Debug\Microsoft.Owin.Security.dll</ModulePath>
      <ModuleTime>2018-02-13T10:58:16Z</ModuleTime>
      <ModuleName>Microsoft.Owin.Security</ModuleName>
      <Classes />
    </Module>
    <Module skippedDueTo="Filter" hash="82-B1-1E-31-CC-A3-1D-62-D0-2A-61-1B-58-4F-50-56-04-E3-D8-1D">
      <ModulePath>C:\ProjectCode\SportsWeb\src\test\Test.SportsWeb.Services\bin\Debug\Microsoft.IdentityModel.Tokens.dll</ModulePath>
      <ModuleTime>2018-10-05T14:15:40Z</ModuleTime>
      <ModuleName>Microsoft.IdentityModel.Tokens</ModuleName>
      <Classes />
    </Module>
    <Module skippedDueTo="Filter" hash="80-26-EF-AD-E4-AF-8D-E5-CB-A7-26-59-14-CA-09-D9-D9-57-BA-81">
      <ModulePath>C:\ProjectCode\SportsWeb\src\test\Test.SportsWeb.Services\bin\Debug\Newtonsoft.Json.dll</ModulePath>
      <ModuleTime>2018-02-18T04:14:54Z</ModuleTime>
      <ModuleName>Newtonsoft.Json</ModuleName>
      <Classes />
    </Module>
    <Module skippedDueTo="Filter" hash="95-38-95-FE-36-13-50-C3-4C-7B-E9-A4-69-13-03-A4-C0-D8-7F-CD">
      <ModulePath>C:\WINDOWS\Microsoft.Net\assembly\GAC_MSIL\System.Numerics\v4.0_4.0.0.0__b77a5c561934e089\System.Numerics.dll</ModulePath>
      <ModuleTime>2019-03-19T04:46:49.1482976Z</ModuleTime>
      <ModuleName>System.Numerics</ModuleName>
      <Classes />
    </Module>
    <Module skippedDueTo="Filter" hash="4A-B4-B9-E1-A6-D7-4D-D0-04-01-05-19-89-92-48-7F-D0-97-B4-25">
      <ModulePath>C:\ProjectCode\SportsWeb\src\test\Test.SportsWeb.Services\bin\Debug\Microsoft.IdentityModel.Logging.dll</ModulePath>
      <ModuleTime>2018-10-05T14:06:24Z</ModuleTime>
      <ModuleName>Microsoft.IdentityModel.Logging</ModuleName>
      <Classes />
    </Module>
    <Module skippedDueTo="Filter" hash="2E-88-B6-AB-66-06-F3-27-A5-13-FB-47-89-C9-61-6C-49-5F-75-A6">
      <ModulePath>C:\ProjectCode\SportsWeb\src\test\Test.SportsWeb.Services\bin\Debug\Microsoft.Owin.dll</ModulePath>
      <ModuleTime>2018-02-13T10:58:04Z</ModuleTime>
      <ModuleName>Microsoft.Owin</ModuleName>
      <Classes />
    </Module>
    <Module skippedDueTo="Filter" hash="D4-85-1A-66-8C-1F-2E-F7-91-CC-3F-14-7A-53-9B-D7-62-D7-5F-CF">
      <ModulePath>C:\ProjectCode\SportsWeb\src\test\Test.SportsWeb.Services\bin\Debug\PasswordGenerator.dll</ModulePath>
      <ModuleTime>2016-11-16T05:27:26Z</ModuleTime>
      <ModuleName>PasswordGenerator</ModuleName>
      <Classes />
    </Module>
    <Module skippedDueTo="Filter" hash="B8-20-94-48-0E-6D-08-B0-B7-98-B4-67-A9-45-11-CF-B5-F4-5D-47">
      <ModulePath>C:\ProjectCode\SportsWeb\src\test\Test.SportsWeb.Services\bin\Debug\log4net.ElasticSearch.dll</ModulePath>
      <ModuleTime>2017-10-17T17:07:20Z</ModuleTime>
      <ModuleName>log4net.ElasticSearch</ModuleName>
      <Classes />
    </Module>
  </Modules>
</CoverageSession>